05-14 18:37:19.813   327   955 I AudioFlinger_Threads: writing effect buffer to sink buffer(0xf3d94000) format 0x3, mNormalFrameCount(1024) * mChannelCount(2)
05-14 18:37:19.825   327   955 I AudioFlinger_Threads: writing effect buffer to sink buffer(0xf3d94000) format 0x3, mNormalFrameCount(1024) * mChannelCount(2)
05-14 18:37:19.836   327   955 I AudioFlinger_Threads: writing effect buffer to sink buffer(0xf3d94000) format 0x3, mNormalFrameCount(1024) * mChannelCount(2)
05-14 18:37:19.848   327   955 I AudioFlinger_Threads: writing effect buffer to sink buffer(0xf3d94000) format 0x3, mNormalFrameCount(1024) * mChannelCount(2)
05-14 18:37:19.859   327   955 I AudioFlinger_Threads: writing effect buffer to sink buffer(0xf3d94000) format 0x3, mNormalFrameCount(1024) * mChannelCount(2)
05-14 18:37:19.871   327   955 I AudioFlinger_Threads: writing effect buffer to sink buffer(0xf3d94000) format 0x3, mNormalFrameCount(1024) * mChannelCount(2)
05-14 18:37:19.883   327   955 I AudioFlinger_Threads: writing effect buffer to sink buffer(0xf3d94000) format 0x3, mNormalFrameCount(1024) * mChannelCount(2)
05-14 18:37:19.894   327   955 I AudioFlinger_Threads: writing effect buffer to sink buffer(0xf3d94000) format 0x3, mNormalFrameCount(1024) * mChannelCount(2)
05-14 18:37:19.906   327   955 I AudioFlinger_Threads: writing effect buffer to sink buffer(0xf3d94000) format 0x3, mNormalFrameCount(1024) * mChannelCount(2)
05-14 18:37:19.912   788  1745 I aoc     : Explicit concurrent mark sweep GC freed 57384(2MB) AllocSpace objects, 7(140KB) LOS objects, 23% free, 52MB/68MB, paused 2.515ms total 161.400ms
05-14 18:37:19.914  2676  2780 I MsfServiceSdk: meizu_m1 metal create isUseNewProxy=false randomInt=44
05-14 18:37:19.917   327   955 I AudioFlinger_Threads: writing effect buffer to sink buffer(0xf3d94000) format 0x3, mNormalFrameCount(1024) * mChannelCount(2)
05-14 18:37:19.922  2676  2780 I MSF.D.NetworkProvider: refresh currentAPN:. received networkInfo: CONNECTED :[type: WIFI[], state: CONNECTED/CONNECTED, reason: (unspecified), extra: "JD-office", roaming: false, failover: false, isAvailable: true, isConnectedToProvisioningNetwork: false]. ExtraNetInfo: null
05-14 18:37:19.929   327   955 I AudioFlinger_Threads: writing effect buffer to sink buffer(0xf3d94000) format 0x3, mNormalFrameCount(1024) * mChannelCount(2)
05-14 18:37:19.941   327   955 I AudioFlinger_Threads: writing effect buffer to sink buffer(0xf3d94000) format 0x3, mNormalFrameCount(1024) * mChannelCount(2)
05-14 18:37:19.952   327   955 I AudioFlinger_Threads: writing effect buffer to sink buffer(0xf3d94000) format 0x3, mNormalFrameCount(1024) * mChannelCount(2)
05-14 18:37:19.964   327   955 I AudioFlinger_Threads: writing effect buffer to sink buffer(0xf3d94000) format 0x3, mNormalFrameCount(1024) * mChannelCount(2)
05-14 18:37:19.976   327   955 I AudioFlinger_Threads: writing effect buffer to sink buffer(0xf3d94000) format 0x3, mNormalFrameCount(1024) * mChannelCount(2)
05-14 18:37:19.983  2676  2753 I aoc     : Explicit concurrent mark sweep GC freed 17993(1359KB) AllocSpace objects, 16(256KB) LOS objects, 24% free, 22MB/29MB, paused 927us total 51.759ms
05-14 18:37:19.986  2676  2780 I QzoneMainRuntime: QzoneMainRuntime onCreate
05-14 18:37:19.987   327   955 I AudioFlinger_Threads: writing effect buffer to sink buffer(0xf3d94000) format 0x3, mNormalFrameCount(1024) * mChannelCount(2)
05-14 18:37:19.993  2298  2317 I MSF.S.AppProcessManager: onRegisterApp process=com.tencent.mobileqq:qzone processBootName= appid=537056366 callback=17a741c
05-14 18:37:19.997  2676  2780 I mqq     : [AppRuntime]QzoneMainRuntime (*3124) onCreate,savedInstanceState=null
05-14 18:37:19.999   327   955 I AudioFlinger_Threads: writing effect buffer to sink buffer(0xf3d94000) format 0x3, mNormalFrameCount(1024) * mChannelCount(2)
05-14 18:37:20.000  2298  2437 I MSF.S.AppProcessManager: SendToApp process:com.tencent.mobileqq:qzone fromServiceMsg: FromServiceMsg msName:getAlterTickets ssoSeq:28815 serviceCmd: appSeq:1 failCode:1000 cost=3
05-14 18:37:20.002  2676  2780 E QZLog   : *createQZoneAppInterface  begin
05-14 18:37:20.004  2298  2318 I MSF.S.AppProcessManager: onRegisterApp process=com.tencent.mobileqq:qzone processBootName= appid=537056366 callback=1a2c2825
05-14 18:37:20.006  2298  2437 I MSF.S.AppProcessManager: SendToApp PUSH process:com.tencent.mobileqq:qzone fromServiceMsg: FromServiceMsg msName:pushSetConfig ssoSeq:-1 serviceCmd:cmd_pushSetConfig appSeq:-1 failCode:1000 cost=3
05-14 18:37:20.009  2298  2437 I MSF.S.AppProcessManager: SendToApp PUSH process:com.tencent.mobileqq fromServiceMsg: FromServiceMsg msName:pushSetConfig ssoSeq:-1 serviceCmd:cmd_pushSetConfig appSeq:-1 failCode:1000 cost=3
05-14 18:37:20.010   327   955 I AudioFlinger_Threads: writing effect buffer to sink buffer(0xf3d94000) format 0x3, mNormalFrameCount(1024) * mChannelCount(2)
05-14 18:37:20.022   327   955 I AudioFlinger_Threads: writing effect buffer to sink buffer(0xf3d94000) format 0x3, mNormalFrameCount(1024) * mChannelCount(2)
05-14 18:37:20.023  2298  2437 I MSF.S.AppProcessManager: SendToApp PUSH process:com.tencent.mobileqq:qzone fromServiceMsg: FromServiceMsg msName:pushSetConfig ssoSeq:-1 serviceCmd:cmd_pushSetConfig appSeq:-1 failCode:1000 cost=2
05-14 18:37:20.025  2298  2437 I MSF.S.AppProcessManager: SendToApp PUSH process:com.tencent.mobileqq fromServiceMsg: FromServiceMsg msName:pushSetConfig ssoSeq:-1 serviceCmd:cmd_pushSetConfig appSeq:-1 failCode:1000 cost=2
05-14 18:37:20.033   327   955 I AudioFlinger_Threads: writing effect buffer to sink buffer(0xf3d94000) format 0x3, mNormalFrameCount(1024) * mChannelCount(2)
05-14 18:37:20.045   327   955 I AudioFlinger_Threads: writing effect buffer to sink buffer(0xf3d94000) format 0x3, mNormalFrameCount(1024) * mChannelCount(2)
05-14 18:37:20.057   327   955 I AudioFlinger_Threads: writing effect buffer to sink buffer(0xf3d94000) format 0x3, mNormalFrameCount(1024) * mChannelCount(2)
05-14 18:37:20.068   327   955 I AudioFlinger_Threads: writing effect buffer to sink buffer(0xf3d94000) format 0x3, mNormalFrameCount(1024) * mChannelCount(2)
05-14 18:37:20.080   327   955 I AudioFlinger_Threads: writing effect buffer to sink buffer(0xf3d94000) format 0x3, mNormalFrameCount(1024) * mChannelCount(2)
05-14 18:37:20.087  2676  2780 E QZLog   : *createQZoneAppInterface  suscees
05-14 18:37:20.088  2676  2780 I QZLog   : QZoneAppInterface onCreate isFirst:true,theadid=848
05-14 18:37:20.091  2676  2780 I QZoneAppInterface: ***********??????????????**********,??????????????????????isCurrentVersionFirstLaunch???false
05-14 18:37:20.092   327   955 I AudioFlinger_Threads: writing effect buffer to sink buffer(0xf3d94000) format 0x3, mNormalFrameCount(1024) * mChannelCount(2)
05-14 18:37:20.103   327   955 I AudioFlinger_Threads: writing effect buffer to sink buffer(0xf3d94000) format 0x3, mNormalFrameCount(1024) * mChannelCount(2)
05-14 18:37:20.115   327   955 I AudioFlinger_Threads: writing effect buffer to sink buffer(0xf3d94000) format 0x3, mNormalFrameCount(1024) * mChannelCount(2)
05-14 18:37:20.126   327   955 I AudioFlinger_Threads: writing effect buffer to sink buffer(0xf3d94000) format 0x3, mNormalFrameCount(1024) * mChannelCount(2)
05-14 18:37:20.138   327   955 I AudioFlinger_Threads: writing effect buffer to sink buffer(0xf3d94000) format 0x3, mNormalFrameCount(1024) * mChannelCount(2)
05-14 18:37:20.150   327   955 I AudioFlinger_Threads: writing effect buffer to sink buffer(0xf3d94000) format 0x3, mNormalFrameCount(1024) * mChannelCount(2)
05-14 18:37:20.161  2676  2753 E QQAppInterface: laResult: 15, verifyResult: 15
05-14 18:37:20.161   327   955 I AudioFlinger_Threads: writing effect buffer to sink buffer(0xf3d94000) format 0x3, mNormalFrameCount(1024) * mChannelCount(2)
05-14 18:37:20.168   788  1806 I libPerfService: perfDumpAll
05-14 18:37:20.168   788  1806 I libPerfService: perfDumpAll - type:5, core:3, big:0, little:2, freq:1183000, freq_big:0, freq_little:1183000, gpu:-1
05-14 18:37:20.168   788  1806 I libPerfService: perfDumpAll - type:6, core:0, big:0, little:0, freq:0, freq_big:0, freq_little:0, gpu:-1
05-14 18:37:20.168   788  1806 I libPerfService: perfDumpAll - type:10, core:8, big:0, little:8, freq:1950000, freq_big:0, freq_little:1950000, gpu:0
05-14 18:37:20.168   788  1806 I libPerfService:             - pid:788, tid:933, comm:system_server
05-14 18:37:20.170   372   372 I MTK_FG  : wake up function 1
05-14 18:37:20.170   372   372 I MTK_FG  : FG_DAEMON_CMD_GET_RTC_SPARE_FG_VALUE, fg_rtc_fg_soc 100
05-14 18:37:20.171   372   372 I MTK_FG  : FG_DAEMON_CMD_IS_CHARGER_EXIST, fg_charger_exist 1
05-14 18:37:20.171   372   372 I MTK_FG  : [fg_res] FG_DAEMON_CMD_GET_SHUTDOWN_SYSTEM_VOLTAGE, shutdown_system_voltage 3400
05-14 18:37:20.172   372   372 I MTK_FG  : FG_DAEMON_CMD_GET_TEMPERTURE, fg_battery_temp 33
05-14 18:37:20.172   372   372 I MTK_FG  : 1.[FGADC_CP_50] (V0 4332,D0 0,V30 4012,D30 30,V60 3798,D60 60, V0 4332,R0 88,V30 4012,R30 97,V60 3798,R60 95, Qmax_50_0mAH 3033,Qmax_50_400mAH 2972)
05-14 18:37:20.172   372   372 I MTK_FG  : 2.[FGADC_CP_25] (V0 4330,D0 0,V30 4008,D30 30,V60 3811,D60 60, V0 4330,R0 250,V30 4008,R30 280,V60 3811,R60 270, Qmax_25_0mAH 3002,Qmax_25_400mAH 2942)
05-14 18:37:20.172   372   372 I MTK_FG  : 3.[FGADC_CP_0] (V0 4322,D0 0,V30 4096,D30 30,V60 3943,D60 60, V0 4322,R0 213,V30 4096,R30 388,V60 3943,R60 410, Qmax_0_0mAH 1593,Qmax_0_400mAH 1561)
05-14 18:37:20.172   372   372 I MTK_FG  : 4.[FGADC_CP_n10] (V0 4312,D0 0,V30 4198,D30 30,V60 4026,D60 60, V0 4312,R0 393,V30 4198,R30 420,V60 4026,R60 731, Qmax_n10_0mAH 1014,Qmax_n10_400mAH 994)
05-14 18:37:20.172   372   372 I MTK_FG  : BATTERY_METER_CMD_GET_HW_FG_CURRENT, output 1790
05-14 18:37:20.172   372   372 I MTK_FG  : BATTERY_METER_CMD_GET_HW_FG_CURRENT_SIGN, output 1
05-14 18:37:20.172   372   372 I MTK_FG  : FG_DAEMON_CMD_GET_HW_FG_CAR_ACT, output -20
05-14 18:37:20.172   372   372 I MTK_FG  : 6.[FGADC_CAR] CAR_B -14, CAR_A -20, CAR_D 6, CAR_S -1096, CAR_C -1096
05-14 18:37:20.172   372   372 I MTK_FG  : [fg_res] FG_DAEMON_CMD_GET_DURATION_TIME, duration time 10
05-14 18:37:20.172   372   372 I MTK_FG  : fg_coulomb_act_pre=-4 fg_coulomb_act=-20 duration_time=10 fg_coulomb_act_time=20 fg_coulomb_act_diff=0 fg_coulomb_act_diff_time=0 fg_coulomb_is_charging:1

05-14 18:37:20.172   372   372 I MTK_FG  : 1. [FGADC_CAL] % 92 V=4224, track =0 
05-14 18:37:20.173   372   372 I MTK_FG  : [FGADC] 1,1790,0,4224,92,100,96,3012,3012,40,0,-30,1000,0,1000,0,0,100,100,3611,98
05-14 18:37:20.173   372   372 I MTK_FG  : [fgauge_update_dod] fg_dod_1=0, fg_coulomb_act=-20, fg_dod0=0, C_0mA=3012, C_400mA=2952, C_FGCurrent=2987, fg_current_avg=1701, qmax_by: -151223426
05-14 18:37:20.173   372   372 I MTK_FG  : 1.[FGADC_IQ1](Qmax_T_0mAH 3012,Qmax_T_400mAH 2952,Qmax_T_I 2987, T 33, Tavg 33, I 1790, Iavg 1701, Loading factor 99)
05-14 18:37:20.173   372   372 I MTK_FG  : 1.[FGADC_IQ2](Vsys 3350,Rbat 223,SW cut off OCV 3611, T 33, Tavg 33, I 1790, Iavg 1701, Loading factor2 98)
05-14 18:37:20.173   372   372 I MTK_FG  : FG_DAEMON_CMD_SET_SOC, soc 100
05-14 18:37:20.173   372   372 I MTK_FG  : FG_DAEMON_CMD_SET_SWOCV, dod0 0
05-14 18:37:20.173   372   372 I MTK_FG  : FG_DAEMON_CMD_SET_SWOCV, dod1 0
05-14 18:37:20.173   372   372 I MTK_FG  : [fg_res] FG_DAEMON_CMD_GET_TRACKING_TIME, tracking time 0
05-14 18:37:20.173   372   372 I MTK_FG  : [fg_res] FG_DAEMON_CMD_GET_DIFFERENCE_VOLTAGE_UPDATE, difference_voltage_update 20
05-14 18:37:20.173   372   372 I MTK_FG  : SW fuel gauge version 150329
05-14 18:37:20.173   372   372 I MTK_FG  : 1.[FGADC_UI_FG](FG% 100,UI% 100,tracking Time 0,Qmax_T_0mAH 3012, I 1790, Iavg 1701, T 33, Tavg 33, RTC=100)
05-14 18:37:20.173   372   372 I MTK_FG  : 1.[FGADC_CP_T] (V0 4331,D0 0,V30 4009,D30 30,V60 3807,D60 60, V1 4320,R1 198,V31 4002,R31 224,V61 3803,R61 214, Qmax_T_0mAH 3012,Qmax_T_400mAH 2952,T 33,Tavg 33)
05-14 18:37:20.173   372   372 I MTK_FG  : 1.[FGADC_D0] (HW OCV 4293, HW OCV% 98, SW OCV 4278, SW OCV% 97, RTC% 96, VBAT% 92, VBAT 4228, T_avg 25, I 3092, is_charging 0, gap1 100, gap2 10, gap3 10, gap4 3, D0 4, 1:98, plugout 0)
05-14 18:37:20.173   372   372 I MTK_FG  : 1.[FGADC_AQ](FG1% 0, OCV1 0, CAR1 0, FG2% 0, OCV2 0, CAR2 0, Qmax_T_new_0mA 0, Qmax_T_0mAH 3012, T 33, Tavg 33, aging factor1 100, age temp_1 0, age temp_2 0, flag 0)
05-14 18:37:20.173   327   955 I AudioFlinger_Threads: writing effect buffer to sink buffer(0xf3d94000) format 0x3, mNormalFrameCount(1024) * mChannelCount(2)
05-14 18:37:20.173   372   372 I MTK_FG  : 2.[FGADC_AQ](CAR_S -1096, DOD0 0, aging_Q 3012, aging factor_2 100, age_temp1 0, age temp2 0 flag 0)
05-14 18:37:20.173   372   372 I MTK_FG  : 1.[FGADC_CAL] FG_R% 100, FG_V 0, UI% 100, ZCV% 0, CAL gap 20,FG_A% 0, CAR_ACT 0
05-14 18:37:20.173   372   372 I MTK_FG  : 1.[FGADC_Rbat](Rbat_ZCV 226, Rbat_SOC 198, R_b 0, R_w 0 I 0, Iavg 0, ZCV 0, Vbat 0)
05-14 18:37:20.173   372   372 I MTK_FG  : [fg_res] FG_DAEMON_CMD_GET_DURATION_TIME, duration time 10
05-14 18:37:20.174   372   372 I MTK_FG  : FG_DAEMON_CMD_IS_CHARGER_EXIST, fg_charger_exist 1
05-14 18:37:20.174   372   372 I MTK_FG  : FG_DAEMON_CMD_IS_BATTERY_FULL, is_battery_full 1
05-14 18:37:20.174   372   372 I MTK_FG  : FG_DAEMON_CMD_GET_BATTERY_VOLTAGE, fg_voltage 4329
05-14 18:37:20.174   372   372 I MTK_FG  : [fg_res] FG_DAEMON_CMD_GET_SHUTDOWN_GAUGE0, shutdown_gauge0 0
05-14 18:37:20.174   372   372 I MTK_FG  : [fg_res] FG_DAEMON_CMD_GET_SHUTDOWN_GAUGE1_XMINS, shutdown_gauge1_xmins 1
05-14 18:37:20.174   372   372 I MTK_FG  : [fg_res] FG_DAEMON_CMD_GET_SHUTDOWN_GAUGE1_MINS, shutdown_gauge1_mins 60
05-14 18:37:20.174   372   372 I MTK_FG  : [uisoc_shutdown_check] FG 1% + 0(3600) secs shutdown
05-14 18:37:20.174   372   372 I MTK_FG  : [battery_update]soc:100 uisoc:100 uisoc2:100  duraction:10 chr:1:1 batfull:1 shutdown_cond:0 
05-14 18:37:20.174   372   372 I MTK_FG  : [fg_res] FG_DAEMON_CMD_GET_CV_VALUE, cv value 4350000
05-14 18:37:20.174   372   372 I MTK_FG  : [battery_update]cv_voltage:4350 recharge_soc:90 pre_cv_voltage:4350 
05-14 18:37:20.174   372   372 I MTK_FG  : [fg_res] FG_DAEMON_CMD_GET_CV_VALUE, cv value 4350000
05-14 18:37:20.174   372   372 I MTK_FG  : FG_DAEMON_CMD_GET_BATTERY_VOLTAGE, fg_voltage 4329
05-14 18:37:20.174   372   372 I MTK_FG  : 4.[FGADC_CAL] [reset_parameter_dod_full]1 DOD0=0,DOD1=0, CV=4350000, VBAT=4329, I 1790, I avg 1701
05-14 18:37:20.174   372   372 I MTK_FG  : 4.[FGADC_CAL] [reset_parameter_dod_full]2 DOD0=0,DOD1=0
05-14 18:37:20.175   372   372 I MTK_FG  : FG_DAEMON_CMD_IS_CHARGER_EXIST, fg_charger_exist 1
05-14 18:37:20.175   372   372 I MTK_FG  : FG_DAEMON_CMD_SET_IS_CHARGING, is_charging 1
05-14 18:37:20.175   372   372 I MTK_FG  : fgauge_reset_smooth_coulomb_data chr:1

05-14 18:37:20.175   372   372 I MTK_FG  : FG_DAEMON_CMD_SET_SWOCV, dod0 0
05-14 18:37:20.175   372   372 I MTK_FG  : FG_DAEMON_CMD_SET_SWOCV, dod1 0
05-14 18:37:20.175   372   372 I MTK_FG  : [uisoc_update_uisoc2]pseudoUI=100 ,UI_SOC2=100 ,UI_SOC=100 ,pseudo1=0 pseudo100=100 
05-14 18:37:20.175   372   372 I MTK_FG  : FG_DAEMON_CMD_SET_UI_SOC, soc 100
05-14 18:37:20.175   372   372 I MTK_FG  : FG_DAEMON_CMD_SET_UI_SOC2, soc 100
05-14 18:37:20.176   372   372 I MTK_FG  : FG_DAEMON_CMD_SET_RTC, rtc 100
05-14 18:37:20.176   372   372 I MTK_FG  : shutdown_cond=0 shutdown_cnt=(0), shutdown_cnt_chr=(0),UI_SOC2=100 
05-14 18:37:20.176   372   372 I MTK_FG  : [fg_tracking]battery_tracking_time:0 left:0 type:0 
05-14 18:37:20.176   372   372 I MTK_FG  : waiting FG_DAEMON_CMD_NOTIFY_DAEMON from kernel...
05-14 18:37:20.182  1393  1825 I BatteryConsumeMonitor: init var lastPlugType : 2 lastBatteryChangedLevel : 100
05-14 18:37:20.182  1393  1825 I BatteryConsumeMonitor: init var lastPlugType : 2 lastBatteryChangedLevel : 100
05-14 18:37:20.184  1065  1065 I KeyguardUpdateMonitor: handleBatteryUpdate index=0 updateInteresting=false
05-14 18:37:20.185   327   955 I AudioFlinger_Threads: writing effect buffer to sink buffer(0xf3d94000) format 0x3, mNormalFrameCount(1024) * mChannelCount(2)
05-14 18:37:20.196   327   955 I AudioFlinger_Threads: writing effect buffer to sink buffer(0xf3d94000) format 0x3, mNormalFrameCount(1024) * mChannelCount(2)
05-14 18:37:20.208   327   955 I AudioFlinger_Threads: writing effect buffer to sink buffer(0xf3d94000) format 0x3, mNormalFrameCount(1024) * mChannelCount(2)
05-14 18:37:20.212  2676  2780 I VIDEO_LOG/FeedVideoEnv: michal9 FeedVideoEnv init! pid=2676
05-14 18:37:20.212  2676  2780 I VIDEO_LOG/FeedVideoEnv: CLOSE_HARDWARE_ACCELERATED=false
05-14 18:37:20.212  2676  2780 I VIDEO_LOG/FeedVideoEnv: h265debug cfg h265ReportKeyVersion=2
05-14 18:37:20.219   327   955 I AudioFlinger_Threads: writing effect buffer to sink buffer(0xf3d94000) format 0x3, mNormalFrameCount(1024) * mChannelCount(2)
05-14 18:37:20.231   327   955 I AudioFlinger_Threads: writing effect buffer to sink buffer(0xf3d94000) format 0x3, mNormalFrameCount(1024) * mChannelCount(2)
05-14 18:37:20.242   327   955 I AudioFlinger_Threads: writing effect buffer to sink buffer(0xf3d94000) format 0x3, mNormalFrameCount(1024) * mChannelCount(2)
05-14 18:37:20.254   327   955 I AudioFlinger_Threads: writing effect buffer to sink buffer(0xf3d94000) format 0x3, mNormalFrameCount(1024) * mChannelCount(2)
05-14 18:37:20.265  2676  2780 W ResourceType: No package identifier when getting value for resource number 0x00000000
05-14 18:37:20.265  2676  2780 W ResourceType: No package identifier when getting value for resource number 0x00000000
05-14 18:37:20.266  2676  2780 W ResourceType: No package identifier when getting value for resource number 0x00000000
05-14 18:37:20.266  2676  2780 W ResourceType: No package identifier when getting value for resource number 0x00000000
05-14 18:37:20.266   327   955 I AudioFlinger_Threads: writing effect buffer to sink buffer(0xf3d94000) format 0x3, mNormalFrameCount(1024) * mChannelCount(2)
05-14 18:37:20.277   327   955 I AudioFlinger_Threads: writing effect buffer to sink buffer(0xf3d94000) format 0x3, mNormalFrameCount(1024) * mChannelCount(2)
05-14 18:37:20.289   327   955 I AudioFlinger_Threads: writing effect buffer to sink buffer(0xf3d94000) format 0x3, mNormalFrameCount(1024) * mChannelCount(2)
05-14 18:37:20.301   327   955 I AudioFlinger_Threads: writing effect buffer to sink buffer(0xf3d94000) format 0x3, mNormalFrameCount(1024) * mChannelCount(2)
05-14 18:37:20.312   327   955 I AudioFlinger_Threads: writing effect buffer to sink buffer(0xf3d94000) format 0x3, mNormalFrameCount(1024) * mChannelCount(2)
05-14 18:37:20.314  2676  2780 W CANVASUI: Layout File from sd card:version md5:null
05-14 18:37:20.320  2676  2800 I QZLog   : runTask cmd=QzoneNewService.Feeds.getLayoutKits
05-14 18:37:20.324   327   955 I AudioFlinger_Threads: writing effect buffer to sink buffer(0xf3d94000) format 0x3, mNormalFrameCount(1024) * mChannelCount(2)
05-14 18:37:20.335   327   955 I AudioFlinger_Threads: writing effect buffer to sink buffer(0xf3d94000) format 0x3, mNormalFrameCount(1024) * mChannelCount(2)
05-14 18:37:20.342   788   996 I libPerfService: 10: set: 3
05-14 18:37:20.342   788   996 I libPerfService: 10: set freq: 1183000
05-14 18:37:20.342   788   996 I libPerfService: 10: set gpu level: 0
05-14 18:37:20.347   327   955 I AudioFlinger_Threads: writing effect buffer to sink buffer(0xf3d94000) format 0x3, mNormalFrameCount(1024) * mChannelCount(2)
05-14 18:37:20.355  1065  1065 W recents.Component: create a new LoadPlan to load thumbnail -- background
05-14 18:37:20.359   327   955 I AudioFlinger_Threads: writing effect buffer to sink buffer(0xf3d94000) format 0x3, mNormalFrameCount(1024) * mChannelCount(2)
05-14 18:37:20.359  1065  1065 W ResourceType: No package identifier when getting value for resource number 0x00000000
05-14 18:37:20.370   327   955 I AudioFlinger_Threads: writing effect buffer to sink buffer(0xf3d94000) format 0x3, mNormalFrameCount(1024) * mChannelCount(2)
05-14 18:37:20.373  2676  2800 W SettingsInterface: Setting android_id has moved from android.provider.Settings.System to android.provider.Settings.Secure, returning read-only value.
05-14 18:37:20.381  1065  1065 W PackageManager: Failure retrieving resources for com.android.settings: Resource ID #0x0
05-14 18:37:20.382   327   955 I AudioFlinger_Threads: writing effect buffer to sink buffer(0xf3d94000) format 0x3, mNormalFrameCount(1024) * mChannelCount(2)
05-14 18:37:20.393  1065  1065 I recents.TaskLoadPlan: 		 load thumbnail from system
05-14 18:37:20.393  1065  1065 W recents.Performance: preload while task Change spend : 38
05-14 18:37:20.393   327   955 I AudioFlinger_Threads: writing effect buffer to sink buffer(0xf3d94000) format 0x3, mNormalFrameCount(1024) * mChannelCount(2)
05-14 18:37:20.405   327   955 I AudioFlinger_Threads: writing effect buffer to sink buffer(0xf3d94000) format 0x3, mNormalFrameCount(1024) * mChannelCount(2)
05-14 18:37:20.417   327   955 I AudioFlinger_Threads: writing effect buffer to sink buffer(0xf3d94000) format 0x3, mNormalFrameCount(1024) * mChannelCount(2)
05-14 18:37:20.428   327   955 I AudioFlinger_Threads: writing effect buffer to sink buffer(0xf3d94000) format 0x3, mNormalFrameCount(1024) * mChannelCount(2)
05-14 18:37:20.429  2676  2780 I ImageEnvImpl: --qzone--getDrawableCacheRatio:1.0
05-14 18:37:20.430  2676  2780 I PausablePriorityBlockingQueue: PausablePriorityBlockingQueue pausable:true
05-14 18:37:20.437   788  1747 W ActivityManager: getRunningAppProcesses: caller 10095 does not hold REAL_GET_TASKS; limiting output
05-14 18:37:20.440   327   955 I AudioFlinger_Threads: writing effect buffer to sink buffer(0xf3d94000) format 0x3, mNormalFrameCount(1024) * mChannelCount(2)
05-14 18:37:20.451   327   955 I AudioFlinger_Threads: writing effect buffer to sink buffer(0xf3d94000) format 0x3, mNormalFrameCount(1024) * mChannelCount(2)
05-14 18:37:20.463   327   955 I AudioFlinger_Threads: writing effect buffer to sink buffer(0xf3d94000) format 0x3, mNormalFrameCount(1024) * mChannelCount(2)
05-14 18:37:20.475   327   955 I AudioFlinger_Threads: writing effect buffer to sink buffer(0xf3d94000) format 0x3, mNormalFrameCount(1024) * mChannelCount(2)
05-14 18:37:20.486   327   955 I AudioFlinger_Threads: writing effect buffer to sink buffer(0xf3d94000) format 0x3, mNormalFrameCount(1024) * mChannelCount(2)
05-14 18:37:20.498   327   955 I AudioFlinger_Threads: writing effect buffer to sink buffer(0xf3d94000) format 0x3, mNormalFrameCount(1024) * mChannelCount(2)
05-14 18:37:20.510   327   955 I AudioFlinger_Threads: writing effect buffer to sink buffer(0xf3d94000) format 0x3, mNormalFrameCount(1024) * mChannelCount(2)
05-14 18:37:20.521   327   955 I AudioFlinger_Threads: writing effect buffer to sink buffer(0xf3d94000) format 0x3, mNormalFrameCount(1024) * mChannelCount(2)
05-14 18:37:20.533   327   955 I AudioFlinger_Threads: writing effect buffer to sink buffer(0xf3d94000) format 0x3, mNormalFrameCount(1024) * mChannelCount(2)
05-14 18:37:20.544   327   955 I AudioFlinger_Threads: writing effect buffer to sink buffer(0xf3d94000) format 0x3, mNormalFrameCount(1024) * mChannelCount(2)
05-14 18:37:20.545   300   866 E Vold    : Failed to find mounted volume for /storage/sdcard1/Android/data/com.tianyancha.skyeye/cache/
05-14 18:37:20.546   300   866 W Vold    : Returning OperationFailed - no handler for errno 0
05-14 18:37:20.556   327   955 I AudioFlinger_Threads: writing effect buffer to sink buffer(0xf3d94000) format 0x3, mNormalFrameCount(1024) * mChannelCount(2)
05-14 18:37:20.568   327   955 I AudioFlinger_Threads: writing effect buffer to sink buffer(0xf3d94000) format 0x3, mNormalFrameCount(1024) * mChannelCount(2)
05-14 18:37:20.569   788  1807 I ActivityManager: Killing 31997:com.android.printspooler/u0a71 (adj 15): empty #17
05-14 18:37:20.572 13391 14316 I aoc     : Explicit concurrent mark sweep GC freed 7000(313KB) AllocSpace objects, 0(0B) LOS objects, 26% free, 44MB/60MB, paused 3.241ms total 108.959ms
05-14 18:37:20.579   327   955 I AudioFlinger_Threads: writing effect buffer to sink buffer(0xf3d94000) format 0x3, mNormalFrameCount(1024) * mChannelCount(2)
05-14 18:37:20.588   301 11593 I SurfaceFlinger: EventThread Client Pid (31997) disconnected by (301)
05-14 18:37:20.591   327   955 I AudioFlinger_Threads: writing effect buffer to sink buffer(0xf3d94000) format 0x3, mNormalFrameCount(1024) * mChannelCount(2)
05-14 18:37:20.601   788  1742 W BackupManagerService: dataChanged but no participant pkg='com.android.providers.settings' uid=1001
05-14 18:37:20.602   327   955 I AudioFlinger_Threads: writing effect buffer to sink buffer(0xf3d94000) format 0x3, mNormalFrameCount(1024) * mChannelCount(2)
05-14 18:37:20.609  2676  2800 I superresolution: enableSuperResolution : 1
05-14 18:37:20.612  2676  2799 I QZoneJustLocation: [QZ_LBS_MODULE] startLocation
05-14 18:37:20.613  2676  2800 I superresolution: isSuperResolutionEnvReadyForQzoneRequest ready=false
05-14 18:37:20.614   327   955 I AudioFlinger_Threads: writing effect buffer to sink buffer(0xf3d94000) format 0x3, mNormalFrameCount(1024) * mChannelCount(2)
05-14 18:37:20.626   327   955 I AudioFlinger_Threads: writing effect buffer to sink buffer(0xf3d94000) format 0x3, mNormalFrameCount(1024) * mChannelCount(2)
05-14 18:37:20.636  2676  2800 I QZLog   : onSend request cmd=getLayoutKits is correct
05-14 18:37:20.637   327   955 I AudioFlinger_Threads: writing effect buffer to sink buffer(0xf3d94000) format 0x3, mNormalFrameCount(1024) * mChannelCount(2)
05-14 18:37:20.639  2676  2800 I QZLog   : cmd=getLayoutKits, pkgId=1526294240317 submit to MSF, isLogin: true
05-14 18:37:20.649   327   955 I AudioFlinger_Threads: writing effect buffer to sink buffer(0xf3d94000) format 0x3, mNormalFrameCount(1024) * mChannelCount(2)
05-14 18:37:20.658  2720  2811 D libc-netbsd: [getaddrinfo]: hostname=api2.tianyancha.com; servname=(null); cache_mode=(null), netid=0; mark=0
05-14 18:37:20.658  2720  2811 D libc-netbsd: [getaddrinfo]: ai_addrlen=0; ai_canonname=(null); ai_flags=4; ai_family=0
05-14 18:37:20.658  2720  2811 D libc-netbsd: [getaddrinfo]: hostname=api2.tianyancha.com; servname=(null); cache_mode=(null), netid=0; mark=0
05-14 18:37:20.658  2720  2811 D libc-netbsd: [getaddrinfo]: ai_addrlen=0; ai_canonname=(null); ai_flags=1024; ai_family=0
05-14 18:37:20.659   321  2821 D libc-netbsd: [getaddrinfo]: hostname=api2.tianyancha.com; servname=(null); cache_mode=local, netid=100; mark=917604
05-14 18:37:20.659   321  2821 D libc-netbsd: [getaddrinfo]: ai_addrlen=0; ai_canonname=(null); ai_flags=1024; ai_family=0
05-14 18:37:20.659   321  2821 D libc-netbsd: default dns: query_ipv6=0, query_ipv4=1
05-14 18:37:20.659   321  2821 D libc-netbsd: res_queryN name = api2.tianyancha.com, class = 1, type = 1
05-14 18:37:20.659   321  2821 D libc-netbsd: res_queryN name = api2.tianyancha.com succeed
05-14 18:37:20.659  2720  2811 D libc-netbsd: getaddrinfo: api2.tianyancha.com get result from proxy >>
05-14 18:37:20.660   327   955 I AudioFlinger_Threads: writing effect buffer to sink buffer(0xf3d94000) format 0x3, mNormalFrameCount(1024) * mChannelCount(2)
05-14 18:37:20.662  2720  2811 E Posix   : [Posix_connect Debug]Process com.tianyancha.skyeye :443 
05-14 18:37:20.664  2298  2437 I MSF.S.AppProcessManager: SendToApp process:com.tencent.mobileqq:qzone fromServiceMsg: FromServiceMsg msName:unknown ssoSeq:28819 serviceCmd:SQQzoneSvc.getLayoutKits appSeq:2 failCode:1000 cost=2
05-14 18:37:20.672   327   955 I AudioFlinger_Threads: writing effect buffer to sink buffer(0xf3d94000) format 0x3, mNormalFrameCount(1024) * mChannelCount(2)
05-14 18:37:20.684   327   955 I AudioFlinger_Threads: writing effect buffer to sink buffer(0xf3d94000) format 0x3, mNormalFrameCount(1024) * mChannelCount(2)
05-14 18:37:20.686  2676  2745 I VIDEO_LOG/QZoneVideoLoader: configVideoSDK
05-14 18:37:20.688  2676  2788 I QZLog   : cmd=getLayoutKits, appSeq:2, pkgId:1526294240317
05-14 18:37:20.688  2676  2800 I QZLog   : completeTask resultCode:0, cmd=QzoneNewService.Feeds.getLayoutKits
05-14 18:37:20.688  2676  2800 I FeedUpdate: CanvasUI???????? succ. ??????????:0
05-14 18:37:20.695   327   955 I AudioFlinger_Threads: writing effect buffer to sink buffer(0xf3d94000) format 0x3, mNormalFrameCount(1024) * mChannelCount(2)
05-14 18:37:20.698  2720  2813 D libc-netbsd: [getaddrinfo]: hostname=t.gdt.qq.com; servname=(null); cache_mode=(null), netid=0; mark=0
05-14 18:37:20.698  2720  2813 D libc-netbsd: [getaddrinfo]: ai_addrlen=0; ai_canonname=(null); ai_flags=4; ai_family=0
05-14 18:37:20.698  2720  2813 D libc-netbsd: [getaddrinfo]: hostname=t.gdt.qq.com; servname=(null); cache_mode=(null), netid=0; mark=0
05-14 18:37:20.698  2720  2813 D libc-netbsd: [getaddrinfo]: ai_addrlen=0; ai_canonname=(null); ai_flags=1024; ai_family=0
05-14 18:37:20.699   321  2834 D libc-netbsd: [getaddrinfo]: hostname=t.gdt.qq.com; servname=(null); cache_mode=local, netid=100; mark=917604
05-14 18:37:20.699   321  2834 D libc-netbsd: [getaddrinfo]: ai_addrlen=0; ai_canonname=(null); ai_flags=1024; ai_family=0
05-14 18:37:20.699   321  2834 D libc-netbsd: default dns: query_ipv6=0, query_ipv4=1
05-14 18:37:20.699   321  2834 D libc-netbsd: res_queryN name = t.gdt.qq.com, class = 1, type = 1
05-14 18:37:20.699   321  2834 D libc-netbsd: res_queryN name = t.gdt.qq.com succeed
05-14 18:37:20.699  2720  2813 D libc-netbsd: getaddrinfo: t.gdt.qq.com get result from proxy >>
05-14 18:37:20.703  2720  2813 E Posix   : [Posix_connect Debug]Process com.tianyancha.skyeye :80 
05-14 18:37:20.705  2720  2811 D libc-netbsd: [getaddrinfo]: hostname=api2.tianyancha.com; servname=(null); cache_mode=(null), netid=0; mark=0
05-14 18:37:20.705  2720  2811 D libc-netbsd: [getaddrinfo]: ai_addrlen=0; ai_canonname=(null); ai_flags=4; ai_family=0
05-14 18:37:20.707   327   955 I AudioFlinger_Threads: writing effect buffer to sink buffer(0xf3d94000) format 0x3, mNormalFrameCount(1024) * mChannelCount(2)
05-14 18:37:20.719   327   955 I AudioFlinger_Threads: writing effect buffer to sink buffer(0xf3d94000) format 0x3, mNormalFrameCount(1024) * mChannelCount(2)
05-14 18:37:20.721  2676  2822 I TMAssistantBaseCallYYB: packagename not found???
05-14 18:37:20.723   788   808 W ActivityManager: getRunningAppProcesses: caller 10095 does not hold REAL_GET_TASKS; limiting output
05-14 18:37:20.730   327   955 I AudioFlinger_Threads: writing effect buffer to sink buffer(0xf3d94000) format 0x3, mNormalFrameCount(1024) * mChannelCount(2)
05-14 18:37:20.733  2720  2843 E umengsocial: ----sdkversion:6.4.5---
05-14 18:37:20.733  2720  2843 E umengsocial:  ??????????????????????????debug?????:???????????????APPID??????????????????????Config.DEBUG = true
05-14 18:37:20.733  2720  2843 E umengsocial: ???????????????????????????????????????????????https://at.umeng.com/0fqeCy?cid=476
05-14 18:37:20.741  2720  2811 E NativeCrypto: ssl=0xee848800 cert_verify_callback x509_store_ctx=0xdc6fac00 arg=0x0
05-14 18:37:20.741  2720  2811 E NativeCrypto: ssl=0xee848800 cert_verify_callback calling verifyCertificateChain authMethod=ECDHE_RSA
05-14 18:37:20.742   327   955 I AudioFlinger_Threads: writing effect buffer to sink buffer(0xf3d94000) format 0x3, mNormalFrameCount(1024) * mChannelCount(2)
05-14 18:37:20.748   788  1758 W ActivityManager: getRunningAppProcesses: caller 10174 does not hold REAL_GET_TASKS; limiting output
05-14 18:37:20.754   327   955 I AudioFlinger_Threads: writing effect buffer to sink buffer(0xf3d94000) format 0x3, mNormalFrameCount(1024) * mChannelCount(2)
05-14 18:37:20.760  2720  2844 D libc-netbsd: [getaddrinfo]: hostname=stats.umsns.com; servname=(null); cache_mode=(null), netid=0; mark=0
05-14 18:37:20.760  2720  2844 D libc-netbsd: [getaddrinfo]: ai_addrlen=0; ai_canonname=(null); ai_flags=4; ai_family=0
05-14 18:37:20.761  2720  2844 D libc-netbsd: [getaddrinfo]: hostname=stats.umsns.com; servname=(null); cache_mode=(null), netid=0; mark=0
05-14 18:37:20.761  2720  2844 D libc-netbsd: [getaddrinfo]: ai_addrlen=0; ai_canonname=(null); ai_flags=1024; ai_family=0
05-14 18:37:20.761   321  2849 D libc-netbsd: [getaddrinfo]: hostname=stats.umsns.com; servname=(null); cache_mode=local, netid=100; mark=917604
05-14 18:37:20.761   321  2849 D libc-netbsd: [getaddrinfo]: ai_addrlen=0; ai_canonname=(null); ai_flags=1024; ai_family=0
05-14 18:37:20.761   321  2849 D libc-netbsd: default dns: query_ipv6=0, query_ipv4=1
05-14 18:37:20.761   321  2849 D libc-netbsd: res_queryN name = stats.umsns.com, class = 1, type = 1
05-14 18:37:20.761   321  2849 D libc-netbsd: netid=100, dns0:202.106.0.20
05-14 18:37:20.761   321  2849 D libc-netbsd: netid=100, dns1:114.114.114.114
05-14 18:37:20.761   321  2849 D libc-netbsd: netid=100, dns2:8.8.8.8
05-14 18:37:20.762   321  2849 D libc-netbsd: res_queryN name = stats.umsns.com., class = 1, type = 1
05-14 18:37:20.762  2720  2844 D libc-netbsd: getaddrinfo: stats.umsns.com NO result from proxy 
05-14 18:37:20.762  2720  2844 E UClient : java.net.UnknownHostException: Unable to resolve host "stats.umsns.com": No address associated with hostname:  [Caught Exception in httpGetRequest()]
05-14 18:37:20.762  2720  2844 E UClient :         at	 java.net.InetAddress.lookupHostByName(InetAddress.java:479)
05-14 18:37:20.762  2720  2844 E UClient :         at	 java.net.InetAddress.getAllByNameImpl(InetAddress.java:259)
05-14 18:37:20.763  2720  2844 E UClient :         at	 java.net.InetAddress.getAllByName(InetAddress.java:221)
05-14 18:37:20.763  2720  2844 E UClient :         at	 com.android.okhttp.HostResolver$1.getAllByName(HostResolver.java:29)
05-14 18:37:20.763  2720  2844 E UClient :         at	 com.android.okhttp.internal.http.RouteSelector.resetNextInetSocketAddress(RouteSelector.java:232)
05-14 18:37:20.763  2720  2844 E UClient :         at	 com.android.okhttp.internal.http.RouteSelector.next(RouteSelector.java:124)
05-14 18:37:20.763  2720  2844 E UClient :         at	 com.android.okhttp.internal.http.HttpEngine.connect(HttpEngine.java:278)
05-14 18:37:20.763  2720  2844 E UClient :         at	 com.android.okhttp.internal.http.HttpEngine.sendRequest(HttpEngine.java:216)
05-14 18:37:20.763  2720  2844 E UClient :         at	 com.android.okhttp.internal.http.HttpURLConnectionImpl.execute(HttpURLConnectionImpl.java:391)
05-14 18:37:20.763  2720  2844 E UClient :         at	 com.android.okhttp.internal.http.HttpURLConnectionImpl.getResponse(HttpURLConnectionImpl.java:341)
05-14 18:37:20.763  2720  2844 E UClient :         at	 com.android.okhttp.internal.http.HttpURLConnectionImpl.getResponseCode(HttpURLConnectionImpl.java:509)
05-14 18:37:20.763  2720  2844 E UClient :         at	 com.android.okhttp.internal.http.DelegatingHttpsURLConnection.getResponseCode(DelegatingHttpsURLConnection.java:105)
05-14 18:37:20.763  2720  2844 E UClient :         at	 com.android.okhttp.internal.http.HttpsURLConnectionImpl.getResponseCode(HttpsURLConnectionImpl.java:25)
05-14 18:37:20.763  2720  2844 E UClient :         at	 com.umeng.socialize.net.utils.UClient.httpGetRequest(UClient.java:216)
05-14 18:37:20.763  2720  2844 E UClient :         at	 com.umeng.socialize.net.utils.UClient.execute(UClient.java:72)
05-14 18:37:20.763  2720  2844 E UClient :         at	 com.umeng.socialize.net.base.SocializeClient.execute(SocializeClient.java:33)
05-14 18:37:20.763  2720  2844 E UClient :         at	 com.umeng.socialize.net.stats.StatsAPIs.dauStats(StatsAPIs.java:124)
05-14 18:37:20.763  2720  2844 E UClient :         at	 com.umeng.socialize.net.analytics.SocialAnalytics$8.run(SocialAnalytics.java:238)
05-14 18:37:20.763  2720  2844 E UClient :         at	 java.util.concurrent.Executors$RunnableAdapter.call(Executors.java:422)
05-14 18:37:20.763  2720  2844 E UClient :         at	 java.util.concurrent.FutureTask.run(FutureTask.java:237)
05-14 18:37:20.763  2720  2844 E UClient :         at	 java.util.concurrent.ThreadPoolExecutor.runWorker(ThreadPoolExecutor.java:1112)
05-14 18:37:20.763  2720  2844 E UClient :         at	 java.util.concurrent.ThreadPoolExecutor$Worker.run(ThreadPoolExecutor.java:587)
05-14 18:37:20.763  2720  2844 E UClient :         at	 java.lang.Thread.run(Thread.java:818)
05-14 18:37:20.766   327   955 I AudioFlinger_Threads: writing effect buffer to sink buffer(0xf3d94000) format 0x3, mNormalFrameCount(1024) * mChannelCount(2)
05-14 18:37:20.777   327   955 I AudioFlinger_Threads: writing effect buffer to sink buffer(0xf3d94000) format 0x3, mNormalFrameCount(1024) * mChannelCount(2)
05-14 18:37:20.779   300   866 E Vold    : Failed to find mounted volume for /storage/sdcard1/Android/data/com.tianyancha.skyeye/files/tnetlogs/
05-14 18:37:20.779   300   866 W Vold    : Returning OperationFailed - no handler for errno 0
05-14 18:37:20.788   327   955 I AudioFlinger_Threads: writing effect buffer to sink buffer(0xf3d94000) format 0x3, mNormalFrameCount(1024) * mChannelCount(2)
05-14 18:37:20.800   327   955 I AudioFlinger_Threads: writing effect buffer to sink buffer(0xf3d94000) format 0x3, mNormalFrameCount(1024) * mChannelCount(2)
05-14 18:37:20.812   327   955 I AudioFlinger_Threads: writing effect buffer to sink buffer(0xf3d94000) format 0x3, mNormalFrameCount(1024) * mChannelCount(2)
05-14 18:37:20.816  2676  2710 W aoc     : Suspending all threads took: 79.417ms
05-14 18:37:20.823   327   955 I AudioFlinger_Threads: writing effect buffer to sink buffer(0xf3d94000) format 0x3, mNormalFrameCount(1024) * mChannelCount(2)
05-14 18:37:20.827   788   808 W ActivityManager: getRunningAppProcesses: caller 10174 does not hold REAL_GET_TASKS; limiting output
05-14 18:37:20.835   327   955 I AudioFlinger_Threads: writing effect buffer to sink buffer(0xf3d94000) format 0x3, mNormalFrameCount(1024) * mChannelCount(2)
05-14 18:37:20.838  2676  2745 I AdManager: init
05-14 18:37:20.839  2676  2745 I AdCookie: initCookie
05-14 18:37:20.840  2676  2822 I TMAssistantCallYYB_V2: context = com.tencent.common.app.BaseApplicationImpl@22a7ceea
05-14 18:37:20.846   327   955 I AudioFlinger_Threads: writing effect buffer to sink buffer(0xf3d94000) format 0x3, mNormalFrameCount(1024) * mChannelCount(2)
05-14 18:37:20.848   788  1745 W ActivityManager: getRunningAppProcesses: caller 10174 does not hold REAL_GET_TASKS; limiting output
05-14 18:37:20.852  2676  2822 I TMAssistantCallYYB_V2: init processor....... 
05-14 18:37:20.856  2676  2822 I DSDK_ProcessUtils: current process:com.tencent.mobileqq:qzone,is remote op process:false
05-14 18:37:20.858   327   955 I AudioFlinger_Threads: writing effect buffer to sink buffer(0xf3d94000) format 0x3, mNormalFrameCount(1024) * mChannelCount(2)
05-14 18:37:20.859  2676  2822 I BaseIPCClient: initTMAssistantDownloadSDK,clientKey:com.tencent.tmdownloader.RemoteOpProxy,mServiceInterface:null,threadId:868
05-14 18:37:20.861   300   866 E Vold    : Failed to find mounted volume for /storage/sdcard1/Android/data/com.tianyancha.skyeye/files/
05-14 18:37:20.861   300   866 W Vold    : Returning OperationFailed - no handler for errno 0
05-14 18:37:20.868  2676  2822 I BaseIPCClient: initTMAssistantDownloadSDK bindResult:true
05-14 18:37:20.869  2676  2822 I TMAssistantDownloadSDKManager: <getDownloadOpenSDKClient> clientKey = 64b13d0c-bacb-4d0c-b135-23619f058fb9,process Name:com.tencent.mobileqq:qzone
05-14 18:37:20.869 13391 13391 I DSDK_ProcessUtils: remote op process is:com.tencent.mobileqq
05-14 18:37:20.869   327   955 I AudioFlinger_Threads: writing effect buffer to sink buffer(0xf3d94000) format 0x3, mNormalFrameCount(1024) * mChannelCount(2)
05-14 18:37:20.870  2720  2853 W aoc     : Attempt to remove local handle scope entry from IRT, ignoring
05-14 18:37:20.870 13391 13908 I DSDK_ProcessUtils: current process:com.tencent.mobileqq,is remote op process:true
05-14 18:37:20.870 13391 13908 I ProtocolPackage: enter
05-14 18:37:20.870 13391 13908 I ProtocolPackage: enter
05-14 18:37:20.877  2676  2822 I BaseIPCClient: initTMAssistantDownloadSDK,clientKey:64b13d0c-bacb-4d0c-b135-23619f058fb9,mServiceInterface:null,threadId:868
05-14 18:37:20.878 13391 13908 I SelfUpdateSDK: getQQDownloaderAPILevel
05-14 18:37:20.879  2676  2861 I BaseIPCClient: onServiceConnected,clientKey:com.tencent.tmdownloader.RemoteOpProxy,mServiceInterface:com.tencent.tmdownloader.internal.remote.c@3b6f1389,IBinder:android.os.BinderProxy@b353f8e,threadId:873
05-14 18:37:20.879 13391 13908 I ProtocolPackage: exit
05-14 18:37:20.879 13391 13908 I ProtocolPackage: exit
05-14 18:37:20.879 13391 13908 I ProtocolPackage: enter
05-14 18:37:20.879 13391 13908 I ProtocolPackage: encrypt process
05-14 18:37:20.879 13391 13908 I ProtocolPackage: exit
05-14 18:37:20.879 13391 13908 I GetConfigEngine: <request> begin...
05-14 18:37:20.881 13391  2864 I BaseHttpRequest: halleyTest serverUrl=http://masdk.3g.qq.com/
05-14 18:37:20.881   327   955 I AudioFlinger_Threads: writing effect buffer to sink buffer(0xf3d94000) format 0x3, mNormalFrameCount(1024) * mChannelCount(2)
05-14 18:37:20.884 13391  2864 I System.out: isEmailSend:POST
05-14 18:37:20.884 13391  2864 I System.out: getAllHeaders:POST
05-14 18:37:20.884 13391  2864 I System.out: test:User-Agent:AssistantDownloader
05-14 18:37:20.884 13391  2864 I System.out: httpHeader:null
05-14 18:37:20.884 13391  2864 I System.out: this.mCheckHandler:android.net.Proxy$DefaultHttpRequestCheckHandler@6337586
05-14 18:37:20.884 13391  2864 D libc-netbsd: [getaddrinfo]: hostname=masdk.3g.qq.com; servname=(null); cache_mode=(null), netid=0; mark=0
05-14 18:37:20.884 13391  2864 D libc-netbsd: [getaddrinfo]: ai_addrlen=0; ai_canonname=(null); ai_flags=4; ai_family=0
05-14 18:37:20.884 13391  2864 D libc-netbsd: [getaddrinfo]: hostname=masdk.3g.qq.com; servname=(null); cache_mode=(null), netid=0; mark=0
05-14 18:37:20.884 13391  2864 D libc-netbsd: [getaddrinfo]: ai_addrlen=0; ai_canonname=(null); ai_flags=1024; ai_family=0
05-14 18:37:20.886   321  2867 D libc-netbsd: [getaddrinfo]: hostname=masdk.3g.qq.com; servname=(null); cache_mode=local, netid=100; mark=917604
05-14 18:37:20.886   321  2867 D libc-netbsd: [getaddrinfo]: ai_addrlen=0; ai_canonname=(null); ai_flags=1024; ai_family=0
05-14 18:37:20.886   321  2867 D libc-netbsd: default dns: query_ipv6=0, query_ipv4=1
05-14 18:37:20.886   321  2867 D libc-netbsd: res_queryN name = masdk.3g.qq.com, class = 1, type = 1
05-14 18:37:20.886   321  2867 D libc-netbsd: res_queryN name = masdk.3g.qq.com succeed
05-14 18:37:20.887 13391  2864 D libc-netbsd: getaddrinfo: masdk.3g.qq.com get result from proxy >>
05-14 18:37:20.887 13391  2864 I System.out: propertyValue:false
05-14 18:37:20.887 13391  2864 I System.out: openConnection:1
05-14 18:37:20.887 13391  2864 D libc-netbsd: [getaddrinfo]: hostname=140.207.179.177; servname=(null); cache_mode=(null), netid=0; mark=0
05-14 18:37:20.887 13391  2864 D libc-netbsd: [getaddrinfo]: ai_addrlen=0; ai_canonname=(null); ai_flags=4; ai_family=0
05-14 18:37:20.887 13391  2864 I System.out: [CDS]connect[/140.207.179.177:80] tm:30
05-14 18:37:20.888 13391  2864 E Posix   : [Posix_connect Debug]Process com.tencent.mobileqq :80 
05-14 18:37:20.888   788  1750 W ActivityManager: Unable to start service Intent { act=com.tencent.android.qqdownloader.SDKService cmp=com.tencent.android.qqdownloader/com.tencent.assistant.sdk.SDKSupportService } U=0: not found
05-14 18:37:20.893   327   955 I AudioFlinger_Threads: writing effect buffer to sink buffer(0xf3d94000) format 0x3, mNormalFrameCount(1024) * mChannelCount(2)
05-14 18:37:20.895  2676  2822 I BaseIPCClient: initTMAssistantDownloadSDK bindResult:false
05-14 18:37:20.895  2676  2822 I d       : listener = com.tencent.tmassistantsdk.TMAssistantCallYYB_V2@298b2fa8
05-14 18:37:20.896  2676  2822 I QQDownloaderInstalled: context = com.tencent.common.app.BaseApplicationImpl@22a7ceea
05-14 18:37:20.896  2676  2822 I QQDownloaderInstalled: registeReceiver   contextcom.tencent.common.app.BaseApplicationImpl@22a7ceea  receiver:com.tencent.tmassistantsdk.internal.openSDK.QQDownloader.QQDownloaderInstalled@1cb8aac1
05-14 18:37:20.899  2676  2822 I QQDownloaderInstalled: null
05-14 18:37:20.900  2676  2822 I QQDownloaderInstalled: listener = com.tencent.tmassistantsdk.TMAssistantCallYYB_V2@298b2fa8
05-14 18:37:20.900  2676  2822 I NetworkMonitorReceiver: registerReceiver enter
05-14 18:37:20.902  2676  2676 I NetworkMonitorReceiver: network changed!
05-14 18:37:20.903  2676  2822 I NetworkMonitorReceiver: registerReceiver isRegisterReceiver = true
05-14 18:37:20.903  2676  2822 I NetworkMonitorReceiver: registerReceiver exit
05-14 18:37:20.904  2676  2822 I BaseReportManager: enter
05-14 18:37:20.904   327   955 I AudioFlinger_Threads: writing effect buffer to sink buffer(0xf3d94000) format 0x3, mNormalFrameCount(1024) * mChannelCount(2)
05-14 18:37:20.909  2676  2753 W System.err: java.lang.NoSuchMethodException: getSubscriberIdGemini [int]
05-14 18:37:20.910  2676  2822 I BaseReportManager:  request:com.tencent.tmassistantsdk.internal.logreport.d@fbdd2d8 reportManager:com.tencent.tmassistantsdk.internal.logreport.b
05-14 18:37:20.911  2676  2780 W ResourceType: No package identifier when getting value for resource number 0x00000000
05-14 18:37:20.912  2676  2753 W System.err: 	at java.lang.Class.getMethod(Class.java:664)
05-14 18:37:20.912  2676  2753 W System.err: 	at java.lang.Class.getDeclaredMethod(Class.java:626)
05-14 18:37:20.912  2676  2753 W System.err: 	at cooperation.qzone.sim.DeviceInfoUtil.a(ProGuard:105)
05-14 18:37:20.912  2676  2753 W System.err: 	at cooperation.qzone.sim.SimManager.b(ProGuard:191)
05-14 18:37:20.912  2676  2753 W System.err: 	at cooperation.qzone.sim.SimManager.a(ProGuard:258)
05-14 18:37:20.912  2676  2753 W System.err: 	at com.qzone.proxy.feedcomponent.manager.UniKingCardHelper.<init>(ProGuard:76)
05-14 18:37:20.912  2676  2753 W System.err: 	at com.qzone.proxy.feedcomponent.manager.UniKingCardHelper.<clinit>(ProGuard:45)
05-14 18:37:20.912  2676  2753 W System.err: 	at com.qzone.proxy.feedcomponent.manager.UniKingCardHelper.getInstance(ProGuard:65)
05-14 18:37:20.912  2676  2753 W System.err: 	at hxs.run(ProGuard:312)
05-14 18:37:20.912  2676  2753 W System.err: 	at com.tencent.mobileqq.app.Job.run(ProGuard:158)
05-14 18:37:20.912  2676  2753 W System.err: 	at java.util.concurrent.ThreadPoolExecutor.runWorker(ThreadPoolExecutor.java:1112)
05-14 18:37:20.912  2676  2753 W System.err: 	at java.util.concurrent.ThreadPoolExecutor$Worker.run(ThreadPoolExecutor.java:587)
05-14 18:37:20.912  2676  2753 W System.err: 	at java.lang.Thread.run(Thread.java:818)
05-14 18:37:20.913  2676  2753 E UniKingCardHelper/DeviceInfoUtil: get MTK imsi error:getSubscriberIdGemini [int]
05-14 18:37:20.914  2676  2780 W ResourceType: No package identifier when getting value for resource number 0x00000000
05-14 18:37:20.915  2676  2780 W ResourceType: No package identifier when getting value for resource number 0x00000000
05-14 18:37:20.916   327   955 I AudioFlinger_Threads: writing effect buffer to sink buffer(0xf3d94000) format 0x3, mNormalFrameCount(1024) * mChannelCount(2)
05-14 18:37:20.916 13391  2864 I System.out: snd buffer size:4096
05-14 18:37:20.916 13391  2864 I System.out: >doSendRequest
05-14 18:37:20.917 13391  2864 I System.out: <doSendRequest
05-14 18:37:20.919  2676  2780 W ResourceType: No package identifier when getting value for resource number 0x00000000
05-14 18:37:20.919  2676  2780 W ResourceType: No package identifier when getting value for resource number 0x00000000
05-14 18:37:20.920  2676  2780 W ResourceType: No package identifier when getting value for resource number 0x00000000
05-14 18:37:20.921  2676  2869 W database: dbOptiSync=1
05-14 18:37:20.928   327   955 I AudioFlinger_Threads: writing effect buffer to sink buffer(0xf3d94000) format 0x3, mNormalFrameCount(1024) * mChannelCount(2)
05-14 18:37:20.930   788  1756 W ActivityManager: getRunningAppProcesses: caller 10095 does not hold REAL_GET_TASKS; limiting output
05-14 18:37:20.936  2676  2753 W System.err: java.lang.NoSuchMethodException: getServiceName [class java.lang.String, int]
05-14 18:37:20.936  2676  2753 W System.err: 	at java.lang.Class.getMethod(Class.java:664)
05-14 18:37:20.936  2676  2753 W System.err: 	at java.lang.Class.getMethod(Class.java:643)
05-14 18:37:20.936  2676  2753 W System.err: 	at cooperation.qzone.sim.DeviceInfoUtil.a(ProGuard:120)
05-14 18:37:20.936  2676  2753 W System.err: 	at cooperation.qzone.sim.SimManager.b(ProGuard:191)
05-14 18:37:20.936  2676  2753 W System.err: 	at cooperation.qzone.sim.SimManager.a(ProGuard:258)
05-14 18:37:20.936  2676  2753 W System.err: 	at com.qzone.proxy.feedcomponent.manager.UniKingCardHelper.<init>(ProGuard:76)
05-14 18:37:20.936  2676  2753 W System.err: 	at com.qzone.proxy.feedcomponent.manager.UniKingCardHelper.<clinit>(ProGuard:45)
05-14 18:37:20.936  2676  2753 W System.err: 	at com.qzone.proxy.feedcomponent.manager.UniKingCardHelper.getInstance(ProGuard:65)
05-14 18:37:20.936  2676  2753 W System.err: 	at hxs.run(ProGuard:312)
05-14 18:37:20.936  2676  2753 W System.err: 	at com.tencent.mobileqq.app.Job.run(ProGuard:158)
05-14 18:37:20.937  2676  2753 W System.err: 	at java.util.concurrent.ThreadPoolExecutor.runWorker(ThreadPoolExecutor.java:1112)
05-14 18:37:20.937  2676  2753 W System.err: 	at java.util.concurrent.ThreadPoolExecutor$Worker.run(ThreadPoolExecutor.java:587)
05-14 18:37:20.937  2676  2753 W System.err: 	at java.lang.Thread.run(Thread.java:818)
05-14 18:37:20.937  2676  2753 E UniKingCardHelper/DeviceInfoUtil: get Zhanxun imsi error:getServiceName [class java.lang.String, int]
05-14 18:37:20.939   327   955 I AudioFlinger_Threads: writing effect buffer to sink buffer(0xf3d94000) format 0x3, mNormalFrameCount(1024) * mChannelCount(2)
05-14 18:37:20.943  2676  2869 I DbCacheDatabase: [DB]42bb442b1916c46e80bc4458ce32124e  attach sessionId:1045867040mAttachCount:1
05-14 18:37:20.943  1696  3039 E PhoneInterfaceManager: [PhoneIntfMgr] getIccId: ICC ID is null or empty.
