05-14 18:15:35.559   367   367 I thermal_repeater: oh, queryMdThermalInfo (0)Bad file number
05-14 18:15:35.583   367   367 I thermal_repeater: [recvMdThermalInfo] ret=25, strLen=127,  1, 32767,,, -1, 32767, 2
05-14 18:15:40.589   367   367 I thermal_repeater: oh, queryMdThermalInfo (0)Bad file number
05-14 18:15:40.628   367   367 I thermal_repeater: [recvMdThermalInfo] ret=25, strLen=127,  1, 32767,,, -1, 32767, 2
05-14 18:15:43.031   788  1387 W Watchdog: SWT Watchdog after wait current time:16081201
05-14 18:15:43.032   788  1387 W Watchdog: **Get SF Time **1
05-14 18:15:43.032   788  1387 W Watchdog: SWT Watchdog before synchronized:16081202
05-14 18:15:43.032   788  1387 W Watchdog: SWT Watchdog after synchronized:16081202
05-14 18:15:43.032   788  1387 W Watchdog: SWT Watchdog before wait timeout:30000
05-14 18:15:43.032   788  1387 W Watchdog: SWT Watchdog before wait current time:16081202
05-14 18:15:43.032   788  1387 W Watchdog: SWT Watchdog before wait start:16081202
05-14 18:15:43.032   788  1387 W Watchdog: SWT Watchdog before wait CHECK_INTERVAL:30000
05-14 18:15:45.631   367   367 I thermal_repeater: oh, queryMdThermalInfo (0)Bad file number
05-14 18:15:45.642   367   367 I thermal_repeater: [recvMdThermalInfo] ret=25, strLen=127,  1, 32767,,, -1, 32767, 2
05-14 18:15:50.648   367   367 I thermal_repeater: oh, queryMdThermalInfo (0)Bad file number
05-14 18:15:50.659   367   367 I thermal_repeater: [recvMdThermalInfo] ret=25, strLen=127,  1, 32767,,, -1, 32767, 2
05-14 18:15:54.091   788   931 W ActivityManager: getRunningAppProcesses: caller 10095 does not hold REAL_GET_TASKS; limiting output
05-14 18:15:55.661   367   367 I thermal_repeater: oh, queryMdThermalInfo (0)Bad file number
05-14 18:15:55.672   367   367 I thermal_repeater: [recvMdThermalInfo] ret=25, strLen=127,  1, 32767,,, -1, 32767, 2
05-14 18:16:00.678   367   367 I thermal_repeater: oh, queryMdThermalInfo (0)Bad file number
05-14 18:16:00.689   367   367 I thermal_repeater: [recvMdThermalInfo] ret=25, strLen=127,  1, 32767,,, -1, 32767, 2
05-14 18:16:05.690   367   367 I thermal_repeater: oh, queryMdThermalInfo (0)Bad file number
05-14 18:16:05.701   367   367 I thermal_repeater: [recvMdThermalInfo] ret=25, strLen=127,  1, 32767,,, -1, 32767, 2
05-14 18:16:10.708   367   367 I thermal_repeater: oh, queryMdThermalInfo (0)Bad file number
05-14 18:16:10.739   367   367 I thermal_repeater: [recvMdThermalInfo] ret=25, strLen=127,  1, 32767,,, -1, 32767, 2
05-14 18:16:13.032   788  1387 W Watchdog: SWT Watchdog after wait current time:16111202
05-14 18:16:13.032   788  1387 W Watchdog: **Get SF Time **1
05-14 18:16:13.033   788  1387 W Watchdog: SWT Watchdog before synchronized:16111203
05-14 18:16:13.033   788  1387 W Watchdog: SWT Watchdog after synchronized:16111203
05-14 18:16:13.033   788  1387 W Watchdog: SWT Watchdog before wait timeout:30000
05-14 18:16:13.033   788  1387 W Watchdog: SWT Watchdog before wait current time:16111203
05-14 18:16:13.033   788  1387 W Watchdog: SWT Watchdog before wait start:16111203
05-14 18:16:13.033   788  1387 W Watchdog: SWT Watchdog before wait CHECK_INTERVAL:30000
05-14 18:16:15.740   367   367 I thermal_repeater: oh, queryMdThermalInfo (0)Bad file number
05-14 18:16:15.779   367   367 I thermal_repeater: [recvMdThermalInfo] ret=25, strLen=127,  1, 32767,,, -1, 32767, 2
05-14 18:16:20.785   367   367 I thermal_repeater: oh, queryMdThermalInfo (0)Bad file number
05-14 18:16:20.824   367   367 I thermal_repeater: [recvMdThermalInfo] ret=25, strLen=127,  1, 32767,,, -1, 32767, 2
05-14 18:16:22.884   788   808 W ActivityManager: getTasks: caller 10095 does not hold REAL_GET_TASKS; limiting output
05-14 18:16:24.096   788  1789 W ActivityManager: getRunningAppProcesses: caller 10095 does not hold REAL_GET_TASKS; limiting output
05-14 18:16:25.830   367   367 I thermal_repeater: oh, queryMdThermalInfo (0)Bad file number
05-14 18:16:25.841   367   367 I thermal_repeater: [recvMdThermalInfo] ret=25, strLen=127,  1, 32767,,, -1, 32767, 2
05-14 18:16:30.848   367   367 I thermal_repeater: oh, queryMdThermalInfo (0)Bad file number
05-14 18:16:30.872   367   367 I thermal_repeater: [recvMdThermalInfo] ret=25, strLen=127,  1, 32767,,, -1, 32767, 2
05-14 18:16:35.878   367   367 I thermal_repeater: oh, queryMdThermalInfo (0)Bad file number
05-14 18:16:35.917   367   367 I thermal_repeater: [recvMdThermalInfo] ret=25, strLen=127,  1, 32767,,, -1, 32767, 2
05-14 18:16:40.921   367   367 I thermal_repeater: oh, queryMdThermalInfo (0)Bad file number
05-14 18:16:40.959   367   367 I thermal_repeater: [recvMdThermalInfo] ret=25, strLen=127,  1, 32767,,, -1, 32767, 2
05-14 18:16:43.033   788  1387 W Watchdog: SWT Watchdog after wait current time:16141203
05-14 18:16:43.033   788  1387 W Watchdog: **Get SF Time **1
05-14 18:16:43.033   788  1387 W Watchdog: SWT Watchdog before synchronized:16141203
05-14 18:16:43.033   788  1387 W Watchdog: SWT Watchdog after synchronized:16141203
05-14 18:16:43.034   788  1387 W Watchdog: SWT Watchdog before wait timeout:30000
05-14 18:16:43.034   788  1387 W Watchdog: SWT Watchdog before wait current time:16141204
05-14 18:16:43.034   788  1387 W Watchdog: SWT Watchdog before wait start:16141204
05-14 18:16:43.034   788  1387 W Watchdog: SWT Watchdog before wait CHECK_INTERVAL:30000
05-14 18:16:45.966   367   367 I thermal_repeater: oh, queryMdThermalInfo (0)Bad file number
05-14 18:16:46.007   367   367 I thermal_repeater: [recvMdThermalInfo] ret=25, strLen=127,  1, 32767,,, -1, 32767, 2
05-14 18:16:51.010   367   367 I thermal_repeater: oh, queryMdThermalInfo (0)Bad file number
05-14 18:16:51.022   367   367 I thermal_repeater: [recvMdThermalInfo] ret=25, strLen=127,  1, 32767,,, -1, 32767, 2
05-14 18:16:54.096   788  1750 W ActivityManager: getRunningAppProcesses: caller 10095 does not hold REAL_GET_TASKS; limiting output
05-14 18:16:56.028   367   367 I thermal_repeater: oh, queryMdThermalInfo (0)Bad file number
05-14 18:16:56.067   367   367 I thermal_repeater: [recvMdThermalInfo] ret=25, strLen=127,  1, 32767,,, -1, 32767, 2
05-14 18:17:01.073   367   367 I thermal_repeater: oh, queryMdThermalInfo (0)Bad file number
05-14 18:17:01.077   367   367 I thermal_repeater: [recvMdThermalInfo] ret=25, strLen=127,  1, 32767,,, -1, 32767, 2
05-14 18:17:06.084   367   367 I thermal_repeater: oh, queryMdThermalInfo (0)Bad file number
05-14 18:17:06.122   367   367 I thermal_repeater: [recvMdThermalInfo] ret=25, strLen=127,  1, 32767,,, -1, 32767, 2
05-14 18:17:11.129   367   367 I thermal_repeater: oh, queryMdThermalInfo (0)Bad file number
05-14 18:17:11.168   367   367 I thermal_repeater: [recvMdThermalInfo] ret=25, strLen=127,  1, 32767,,, -1, 32767, 2
05-14 18:17:13.034   788  1387 W Watchdog: SWT Watchdog after wait current time:16171204
05-14 18:17:13.034   788  1387 W Watchdog: **Get SF Time **1
05-14 18:17:13.034   788  1387 W Watchdog: SWT Watchdog before synchronized:16171204
05-14 18:17:13.034   788  1387 W Watchdog: SWT Watchdog after synchronized:16171204
05-14 18:17:13.034   788  1387 W Watchdog: SWT Watchdog before wait timeout:30000
05-14 18:17:13.034   788  1387 W Watchdog: SWT Watchdog before wait current time:16171204
05-14 18:17:13.035   788  1387 W Watchdog: SWT Watchdog before wait start:16171204
05-14 18:17:13.035   788  1387 W Watchdog: SWT Watchdog before wait CHECK_INTERVAL:30000
05-14 18:17:16.171   367   367 I thermal_repeater: oh, queryMdThermalInfo (0)Bad file number
05-14 18:17:16.206   367   367 I thermal_repeater: [recvMdThermalInfo] ret=25, strLen=127,  1, 32767,,, -1, 32767, 2
05-14 18:17:21.212   367   367 I thermal_repeater: oh, queryMdThermalInfo (0)Bad file number
05-14 18:17:21.251   367   367 I thermal_repeater: [recvMdThermalInfo] ret=25, strLen=127,  1, 32767,,, -1, 32767, 2
05-14 18:17:24.090   788  1750 W ActivityManager: getRunningAppProcesses: caller 10095 does not hold REAL_GET_TASKS; limiting output
05-14 18:17:26.258   367   367 I thermal_repeater: oh, queryMdThermalInfo (0)Bad file number
05-14 18:17:26.269   367   367 I thermal_repeater: [recvMdThermalInfo] ret=25, strLen=127,  1, 32767,,, -1, 32767, 2
05-14 18:17:29.187   788  1320 W JobServiceContext: verifyCallingUid.807..:[ComponentInfo{com.meizu.experiencedatasync/com.meizu.experiencedatasync.service.PerformanceMonitorService},jId=2,u0,R=(-05:05,-00:05),N=0,C=false,I=false,F=0,P=true(READY)]
05-14 18:17:29.187   788  1320 W JobServiceContext: verifyCallingUid. END
05-14 18:17:29.187   788  1755 W JobServiceContext: verifyCallingUid.807..:[ComponentInfo{com.meizu.experiencedatasync/com.meizu.experiencedatasync.service.PerformanceMonitorService},jId=2,u0,R=(-05:05,-00:05),N=0,C=false,I=false,F=0,P=true(READY)]
05-14 18:17:29.187   788  1755 W JobServiceContext: verifyCallingUid. END
05-14 18:17:29.192   788   788 W JobServiceContext: closeAndCleanupJobH.807..:[ComponentInfo{com.meizu.experiencedatasync/com.meizu.experiencedatasync.service.PerformanceMonitorService},jId=2,u0,R=(-05:05,-00:05),N=0,C=false,I=false,F=0,P=true(READY)]
05-14 18:17:31.270   367   367 I thermal_repeater: oh, queryMdThermalInfo (0)Bad file number
05-14 18:17:31.281   367   367 I thermal_repeater: [recvMdThermalInfo] ret=25, strLen=127,  1, 32767,,, -1, 32767, 2
05-14 18:17:36.288   367   367 I thermal_repeater: oh, queryMdThermalInfo (0)Bad file number
05-14 18:17:36.299   367   367 I thermal_repeater: [recvMdThermalInfo] ret=25, strLen=127,  1, 32767,,, -1, 32767, 2
05-14 18:17:41.305   367   367 I thermal_repeater: oh, queryMdThermalInfo (0)Bad file number
05-14 18:17:41.344   367   367 I thermal_repeater: [recvMdThermalInfo] ret=25, strLen=127,  1, 32767,,, -1, 32767, 2
05-14 18:17:43.035   788  1387 W Watchdog: SWT Watchdog after wait current time:16201205
05-14 18:17:43.035   788  1387 W Watchdog: **Get SF Time **1
05-14 18:17:43.035   788  1387 W Watchdog: SWT Watchdog before synchronized:16201205
05-14 18:17:43.035   788  1387 W Watchdog: SWT Watchdog after synchronized:16201205
05-14 18:17:43.035   788  1387 W Watchdog: SWT Watchdog before wait timeout:30000
05-14 18:17:43.035   788  1387 W Watchdog: SWT Watchdog before wait current time:16201205
05-14 18:17:43.035   788  1387 W Watchdog: SWT Watchdog before wait start:16201205
05-14 18:17:43.035   788  1387 W Watchdog: SWT Watchdog before wait CHECK_INTERVAL:30000
05-14 18:17:46.350   367   367 I thermal_repeater: oh, queryMdThermalInfo (0)Bad file number
05-14 18:17:46.361   367   367 I thermal_repeater: [recvMdThermalInfo] ret=25, strLen=127,  1, 32767,,, -1, 32767, 2
05-14 18:17:51.368   367   367 I thermal_repeater: oh, queryMdThermalInfo (0)Bad file number
05-14 18:17:51.408   367   367 I thermal_repeater: [recvMdThermalInfo] ret=25, strLen=127,  1, 32767,,, -1, 32767, 2
05-14 18:17:54.096   788  1320 W ActivityManager: getRunningAppProcesses: caller 10095 does not hold REAL_GET_TASKS; limiting output
05-14 18:17:56.415   367   367 I thermal_repeater: oh, queryMdThermalInfo (0)Bad file number
05-14 18:17:56.454   367   367 I thermal_repeater: [recvMdThermalInfo] ret=25, strLen=127,  1, 32767,,, -1, 32767, 2
05-14 18:18:01.460   367   367 I thermal_repeater: oh, queryMdThermalInfo (0)Bad file number
05-14 18:18:01.471   367   367 I thermal_repeater: [recvMdThermalInfo] ret=25, strLen=127,  1, 32767,,, -1, 32767, 2
05-14 18:18:06.477   367   367 I thermal_repeater: oh, queryMdThermalInfo (0)Bad file number
05-14 18:18:06.512   367   367 I thermal_repeater: [recvMdThermalInfo] ret=25, strLen=127,  1, 32767,,, -1, 32767, 2
05-14 18:18:11.518   367   367 I thermal_repeater: oh, queryMdThermalInfo (0)Bad file number
05-14 18:18:11.530   367   367 I thermal_repeater: [recvMdThermalInfo] ret=25, strLen=127,  1, 32767,,, -1, 32767, 2
05-14 18:18:13.036   788  1387 W Watchdog: SWT Watchdog after wait current time:16231206
05-14 18:18:13.036   788  1387 W Watchdog: **Get SF Time **1
05-14 18:18:13.036   788  1387 W Watchdog: SWT Watchdog before synchronized:16231206
05-14 18:18:13.036   788  1387 W Watchdog: SWT Watchdog after synchronized:16231206
05-14 18:18:13.036   788  1387 W Watchdog: SWT Watchdog before wait timeout:30000
05-14 18:18:13.036   788  1387 W Watchdog: SWT Watchdog before wait current time:16231206
05-14 18:18:13.036   788  1387 W Watchdog: SWT Watchdog before wait start:16231206
05-14 18:18:13.036   788  1387 W Watchdog: SWT Watchdog before wait CHECK_INTERVAL:30000
05-14 18:18:16.537   367   367 I thermal_repeater: oh, queryMdThermalInfo (0)Bad file number
05-14 18:18:16.572   367   367 I thermal_repeater: [recvMdThermalInfo] ret=25, strLen=127,  1, 32767,,, -1, 32767, 2
05-14 18:18:21.574   367   367 I thermal_repeater: oh, queryMdThermalInfo (0)Bad file number
05-14 18:18:21.577   367   367 I thermal_repeater: [recvMdThermalInfo] ret=25, strLen=127,  1, 32767,,, -1, 32767, 2
05-14 18:18:24.074   788  1806 W ActivityManager: getRunningAppProcesses: caller 10095 does not hold REAL_GET_TASKS; limiting output
05-14 18:18:26.580   367   367 I thermal_repeater: oh, queryMdThermalInfo (0)Bad file number
05-14 18:18:26.619   367   367 I thermal_repeater: [recvMdThermalInfo] ret=25, strLen=127,  1, 32767,,, -1, 32767, 2
05-14 18:18:31.620   367   367 I thermal_repeater: oh, queryMdThermalInfo (0)Bad file number
05-14 18:18:31.632   367   367 I thermal_repeater: [recvMdThermalInfo] ret=25, strLen=127,  1, 32767,,, -1, 32767, 2
05-14 18:18:36.638   367   367 I thermal_repeater: oh, queryMdThermalInfo (0)Bad file number
05-14 18:18:36.643   367   367 I thermal_repeater: [recvMdThermalInfo] ret=25, strLen=127,  1, 32767,,, -1, 32767, 2
05-14 18:18:41.649   367   367 I thermal_repeater: oh, queryMdThermalInfo (0)Bad file number
05-14 18:18:41.688   367   367 I thermal_repeater: [recvMdThermalInfo] ret=25, strLen=127,  1, 32767,,, -1, 32767, 2
05-14 18:18:43.037   788  1387 W Watchdog: SWT Watchdog after wait current time:16261206
05-14 18:18:43.037   788  1387 W Watchdog: **Get SF Time **1
05-14 18:18:43.037   788  1387 W Watchdog: SWT Watchdog before synchronized:16261207
05-14 18:18:43.037   788  1387 W Watchdog: SWT Watchdog after synchronized:16261207
05-14 18:18:43.037   788  1387 W Watchdog: SWT Watchdog before wait timeout:30000
05-14 18:18:43.037   788  1387 W Watchdog: SWT Watchdog before wait current time:16261207
05-14 18:18:43.037   788  1387 W Watchdog: SWT Watchdog before wait start:16261207
05-14 18:18:43.037   788  1387 W Watchdog: SWT Watchdog before wait CHECK_INTERVAL:30000
05-14 18:18:46.694   367   367 I thermal_repeater: oh, queryMdThermalInfo (0)Bad file number
05-14 18:18:46.705   367   367 I thermal_repeater: [recvMdThermalInfo] ret=25, strLen=127,  1, 32767,,, -1, 32767, 2
05-14 18:18:51.711   367   367 I thermal_repeater: oh, queryMdThermalInfo (0)Bad file number
05-14 18:18:51.751   367   367 I thermal_repeater: [recvMdThermalInfo] ret=25, strLen=127,  1, 32767,,, -1, 32767, 2
05-14 18:18:54.091   788  1789 W ActivityManager: getRunningAppProcesses: caller 10095 does not hold REAL_GET_TASKS; limiting output
05-14 18:18:56.757   367   367 I thermal_repeater: oh, queryMdThermalInfo (0)Bad file number
05-14 18:18:56.768   367   367 I thermal_repeater: [recvMdThermalInfo] ret=25, strLen=127,  1, 32767,,, -1, 32767, 2
05-14 18:19:00.011   788   933 I ProcessStatsService: Prepared write state in 3ms
05-14 18:19:00.013   788   933 I ProcessStatsService: Prepared write state in 2ms
05-14 18:19:01.775   367   367 I thermal_repeater: oh, queryMdThermalInfo (0)Bad file number
05-14 18:19:01.810   367   367 I thermal_repeater: [recvMdThermalInfo] ret=25, strLen=127,  1, 32767,,, -1, 32767, 2
05-14 18:19:06.816   367   367 I thermal_repeater: oh, queryMdThermalInfo (0)Bad file number
05-14 18:19:06.851   367   367 I thermal_repeater: [recvMdThermalInfo] ret=25, strLen=127,  1, 32767,,, -1, 32767, 2
05-14 18:19:11.857   367   367 I thermal_repeater: oh, queryMdThermalInfo (0)Bad file number
05-14 18:19:11.892   367   367 I thermal_repeater: [recvMdThermalInfo] ret=25, strLen=127,  1, 32767,,, -1, 32767, 2
05-14 18:19:13.037   788  1387 W Watchdog: SWT Watchdog after wait current time:16291207
05-14 18:19:13.038   788  1387 W Watchdog: **Get SF Time **1
05-14 18:19:13.038   788  1387 W Watchdog: SWT Watchdog before synchronized:16291208
05-14 18:19:13.038   788  1387 W Watchdog: SWT Watchdog after synchronized:16291208
05-14 18:19:13.038   788  1387 W Watchdog: SWT Watchdog before wait timeout:30000
05-14 18:19:13.038   788  1387 W Watchdog: SWT Watchdog before wait current time:16291208
05-14 18:19:13.038   788  1387 W Watchdog: SWT Watchdog before wait start:16291208
05-14 18:19:13.038   788  1387 W Watchdog: SWT Watchdog before wait CHECK_INTERVAL:30000
05-14 18:19:16.898   367   367 I thermal_repeater: oh, queryMdThermalInfo (0)Bad file number
05-14 18:19:16.909   367   367 I thermal_repeater: [recvMdThermalInfo] ret=25, strLen=127,  1, 32767,,, -1, 32767, 2
05-14 18:19:21.912   367   367 I thermal_repeater: oh, queryMdThermalInfo (0)Bad file number
05-14 18:19:21.923   367   367 I thermal_repeater: [recvMdThermalInfo] ret=25, strLen=127,  1, 32767,,, -1, 32767, 2
05-14 18:19:24.091   788  1806 W ActivityManager: getRunningAppProcesses: caller 10095 does not hold REAL_GET_TASKS; limiting output
05-14 18:19:26.929   367   367 I thermal_repeater: oh, queryMdThermalInfo (0)Bad file number
05-14 18:19:26.967   367   367 I thermal_repeater: [recvMdThermalInfo] ret=25, strLen=127,  1, 32767,,, -1, 32767, 2
05-14 18:19:29.216   788  1758 W JobServiceContext: verifyCallingUid.100..:[ComponentInfo{com.meizu.experiencedatasync/com.meizu.experiencedatasync.service.PerformanceMonitorService},jId=2,u0,R=(-02:00,02:59),N=0,C=false,I=false,F=0,P=true(READY)]
05-14 18:19:29.216   788  1758 W JobServiceContext: verifyCallingUid. END
05-14 18:19:29.217   788  1742 W JobServiceContext: verifyCallingUid.100..:[ComponentInfo{com.meizu.experiencedatasync/com.meizu.experiencedatasync.service.PerformanceMonitorService},jId=2,u0,R=(-02:00,02:59),N=0,C=false,I=false,F=0,P=true(READY)]
05-14 18:19:29.217   788  1742 W JobServiceContext: verifyCallingUid. END
05-14 18:19:29.221   788   788 W JobServiceContext: closeAndCleanupJobH.100..:[ComponentInfo{com.meizu.experiencedatasync/com.meizu.experiencedatasync.service.PerformanceMonitorService},jId=2,u0,R=(-02:00,02:59),N=0,C=false,I=false,F=0,P=true(READY)]
05-14 18:19:31.970   367   367 I thermal_repeater: oh, queryMdThermalInfo (0)Bad file number
05-14 18:19:31.982   367   367 I thermal_repeater: [recvMdThermalInfo] ret=25, strLen=127,  1, 32767,,, -1, 32767, 2
05-14 18:19:36.988   367   367 I thermal_repeater: oh, queryMdThermalInfo (0)Bad file number
05-14 18:19:37.027   367   367 I thermal_repeater: [recvMdThermalInfo] ret=25, strLen=127,  1, 32767,,, -1, 32767, 2
05-14 18:19:42.033   367   367 I thermal_repeater: oh, queryMdThermalInfo (0)Bad file number
05-14 18:19:42.073   367   367 I thermal_repeater: [recvMdThermalInfo] ret=25, strLen=127,  1, 32767,,, -1, 32767, 2
05-14 18:19:43.038   788  1387 W Watchdog: SWT Watchdog after wait current time:16321208
05-14 18:19:43.038   788  1387 W Watchdog: **Get SF Time **1
05-14 18:19:43.039   788  1387 W Watchdog: SWT Watchdog before synchronized:16321209
05-14 18:19:43.039   788  1387 W Watchdog: SWT Watchdog after synchronized:16321209
05-14 18:19:43.039   788  1387 W Watchdog: SWT Watchdog before wait timeout:30000
05-14 18:19:43.039   788  1387 W Watchdog: SWT Watchdog before wait current time:16321209
05-14 18:19:43.039   788  1387 W Watchdog: SWT Watchdog before wait start:16321209
05-14 18:19:43.039   788  1387 W Watchdog: SWT Watchdog before wait CHECK_INTERVAL:30000
05-14 18:19:47.079   367   367 I thermal_repeater: oh, queryMdThermalInfo (0)Bad file number
05-14 18:19:47.090   367   367 I thermal_repeater: [recvMdThermalInfo] ret=25, strLen=127,  1, 32767,,, -1, 32767, 2
05-14 18:19:52.097   367   367 I thermal_repeater: oh, queryMdThermalInfo (0)Bad file number
05-14 18:19:52.131   367   367 I thermal_repeater: [recvMdThermalInfo] ret=25, strLen=127,  1, 32767,,, -1, 32767, 2
05-14 18:19:54.077   788  1747 W ActivityManager: getRunningAppProcesses: caller 10095 does not hold REAL_GET_TASKS; limiting output
05-14 18:19:57.138   367   367 I thermal_repeater: oh, queryMdThermalInfo (0)Bad file number
05-14 18:19:57.142   367   367 I thermal_repeater: [recvMdThermalInfo] ret=25, strLen=127,  1, 32767,,, -1, 32767, 2
05-14 18:20:02.149   367   367 I thermal_repeater: oh, queryMdThermalInfo (0)Bad file number
05-14 18:20:02.193   367   367 I thermal_repeater: [recvMdThermalInfo] ret=25, strLen=127,  1, 32767,,, -1, 32767, 2
05-14 18:20:07.200   367   367 I thermal_repeater: oh, queryMdThermalInfo (0)Bad file number
05-14 18:20:07.234   367   367 I thermal_repeater: [recvMdThermalInfo] ret=25, strLen=127,  1, 32767,,, -1, 32767, 2
05-14 18:20:12.240   367   367 I thermal_repeater: oh, queryMdThermalInfo (0)Bad file number
05-14 18:20:12.252   367   367 I thermal_repeater: [recvMdThermalInfo] ret=25, strLen=127,  1, 32767,,, -1, 32767, 2
05-14 18:20:13.039   788  1387 W Watchdog: SWT Watchdog after wait current time:16351209
05-14 18:20:13.039   788  1387 W Watchdog: **Get SF Time **1
05-14 18:20:13.039   788  1387 W Watchdog: SWT Watchdog before synchronized:16351209
05-14 18:20:13.039   788  1387 W Watchdog: SWT Watchdog after synchronized:16351209
05-14 18:20:13.040   788  1387 W Watchdog: SWT Watchdog before wait timeout:30000
05-14 18:20:13.040   788  1387 W Watchdog: SWT Watchdog before wait current time:16351210
05-14 18:20:13.040   788  1387 W Watchdog: SWT Watchdog before wait start:16351210
05-14 18:20:13.040   788  1387 W Watchdog: SWT Watchdog before wait CHECK_INTERVAL:30000
05-14 18:20:17.258   367   367 I thermal_repeater: oh, queryMdThermalInfo (0)Bad file number
05-14 18:20:17.269   367   367 I thermal_repeater: [recvMdThermalInfo] ret=25, strLen=127,  1, 32767,,, -1, 32767, 2
05-14 18:20:22.276   367   367 I thermal_repeater: oh, queryMdThermalInfo (0)Bad file number
05-14 18:20:22.287   367   367 I thermal_repeater: [recvMdThermalInfo] ret=25, strLen=127,  1, 32767,,, -1, 32767, 2
05-14 18:20:24.096   788  1755 W ActivityManager: getRunningAppProcesses: caller 10095 does not hold REAL_GET_TASKS; limiting output
05-14 18:20:27.293   367   367 I thermal_repeater: oh, queryMdThermalInfo (0)Bad file number
05-14 18:20:27.304   367   367 I thermal_repeater: [recvMdThermalInfo] ret=25, strLen=127,  1, 32767,,, -1, 32767, 2
05-14 18:20:32.311   367   367 I thermal_repeater: oh, queryMdThermalInfo (0)Bad file number
05-14 18:20:32.322   367   367 I thermal_repeater: [recvMdThermalInfo] ret=25, strLen=127,  1, 32767,,, -1, 32767, 2
05-14 18:20:37.328   367   367 I thermal_repeater: oh, queryMdThermalInfo (0)Bad file number
05-14 18:20:37.352   367   367 I thermal_repeater: [recvMdThermalInfo] ret=25, strLen=127,  1, 32767,,, -1, 32767, 2
05-14 18:20:42.358   367   367 I thermal_repeater: oh, queryMdThermalInfo (0)Bad file number
05-14 18:20:42.409   367   367 I thermal_repeater: [recvMdThermalInfo] ret=25, strLen=127,  1, 32767,,, -1, 32767, 2
05-14 18:20:43.040   788  1387 W Watchdog: SWT Watchdog after wait current time:16381210
05-14 18:20:43.040   788  1387 W Watchdog: **Get SF Time **1
05-14 18:20:43.040   788  1387 W Watchdog: SWT Watchdog before synchronized:16381210
05-14 18:20:43.040   788  1387 W Watchdog: SWT Watchdog after synchronized:16381210
05-14 18:20:43.040   788  1387 W Watchdog: SWT Watchdog before wait timeout:30000
05-14 18:20:43.041   788  1387 W Watchdog: SWT Watchdog before wait current time:16381210
05-14 18:20:43.041   788  1387 W Watchdog: SWT Watchdog before wait start:16381210
05-14 18:20:43.041   788  1387 W Watchdog: SWT Watchdog before wait CHECK_INTERVAL:30000
05-14 18:20:47.416   367   367 I thermal_repeater: oh, queryMdThermalInfo (0)Bad file number
05-14 18:20:47.455   367   367 I thermal_repeater: [recvMdThermalInfo] ret=25, strLen=127,  1, 32767,,, -1, 32767, 2
05-14 18:20:52.461   367   367 I thermal_repeater: oh, queryMdThermalInfo (0)Bad file number
05-14 18:20:52.499   367   367 I thermal_repeater: [recvMdThermalInfo] ret=25, strLen=127,  1, 32767,,, -1, 32767, 2
05-14 18:20:54.096   788  1232 W ActivityManager: getRunningAppProcesses: caller 10095 does not hold REAL_GET_TASKS; limiting output
05-14 18:20:57.505   367   367 I thermal_repeater: oh, queryMdThermalInfo (0)Bad file number
05-14 18:20:57.516   367   367 I thermal_repeater: [recvMdThermalInfo] ret=25, strLen=127,  1, 32767,,, -1, 32767, 2
05-14 18:21:02.523   367   367 I thermal_repeater: oh, queryMdThermalInfo (0)Bad file number
05-14 18:21:02.557   367   367 I thermal_repeater: [recvMdThermalInfo] ret=25, strLen=127,  1, 32767,,, -1, 32767, 2
05-14 18:21:06.272   788  1320 W ActivityManager: getRunningAppProcesses: caller 10095 does not hold REAL_GET_TASKS; limiting output
05-14 18:21:07.564   367   367 I thermal_repeater: oh, queryMdThermalInfo (0)Bad file number
05-14 18:21:07.575   367   367 I thermal_repeater: [recvMdThermalInfo] ret=25, strLen=127,  1, 32767,,, -1, 32767, 2
05-14 18:21:09.951   788  1742 W ActivityManager: getTasks: caller 10095 does not hold REAL_GET_TASKS; limiting output
05-14 18:21:12.581   367   367 I thermal_repeater: oh, queryMdThermalInfo (0)Bad file number
05-14 18:21:12.592   367   367 I thermal_repeater: [recvMdThermalInfo] ret=29, strLen=127,  1, 32767,,, -3473, 32767, -1
05-14 18:21:13.041   788  1387 W Watchdog: SWT Watchdog after wait current time:16411211
05-14 18:21:13.041   788  1387 W Watchdog: **Get SF Time **1
05-14 18:21:13.041   788  1387 W Watchdog: SWT Watchdog before synchronized:16411211
05-14 18:21:13.041   788  1387 W Watchdog: SWT Watchdog after synchronized:16411211
05-14 18:21:13.041   788  1387 W Watchdog: SWT Watchdog before wait timeout:30000
05-14 18:21:13.041   788  1387 W Watchdog: SWT Watchdog before wait current time:16411211
05-14 18:21:13.041   788  1387 W Watchdog: SWT Watchdog before wait start:16411211
05-14 18:21:13.042   788  1387 W Watchdog: SWT Watchdog before wait CHECK_INTERVAL:30000
05-14 18:21:17.598   367   367 I thermal_repeater: oh, queryMdThermalInfo (0)Bad file number
05-14 18:21:17.622   367   367 I thermal_repeater: [recvMdThermalInfo] ret=25, strLen=127,  1, 32767,,, -1, 32767, 2
05-14 18:21:22.629   367   367 I thermal_repeater: oh, queryMdThermalInfo (0)Bad file number
05-14 18:21:22.633   367   367 I thermal_repeater: [recvMdThermalInfo] ret=25, strLen=127,  1, 32767,,, -1, 32767, 2
05-14 18:21:24.096   788  1745 W ActivityManager: getRunningAppProcesses: caller 10095 does not hold REAL_GET_TASKS; limiting output
05-14 18:21:27.639   367   367 I thermal_repeater: oh, queryMdThermalInfo (0)Bad file number
05-14 18:21:27.674   367   367 I thermal_repeater: [recvMdThermalInfo] ret=25, strLen=127,  1, 32767,,, -1, 32767, 2
05-14 18:21:32.681   367   367 I thermal_repeater: oh, queryMdThermalInfo (0)Bad file number
05-14 18:21:32.705   367   367 I thermal_repeater: [recvMdThermalInfo] ret=25, strLen=127,  1, 32767,,, -1, 32767, 2
05-14 18:21:36.339   788  1806 W ActivityManager: getTasks: caller 10095 does not hold REAL_GET_TASKS; limiting output
05-14 18:21:37.711   367   367 I thermal_repeater: oh, queryMdThermalInfo (0)Bad file number
05-14 18:21:37.722   367   367 I thermal_repeater: [recvMdThermalInfo] ret=25, strLen=127,  1, 32767,,, -1, 32767, 2
05-14 18:21:42.729   367   367 I thermal_repeater: oh, queryMdThermalInfo (0)Bad file number
05-14 18:21:42.767   367   367 I thermal_repeater: [recvMdThermalInfo] ret=25, strLen=127,  1, 32767,,, -1, 32767, 2
05-14 18:21:43.042   788  1387 W Watchdog: SWT Watchdog after wait current time:16441212
05-14 18:21:43.042   788  1387 W Watchdog: **Get SF Time **1
05-14 18:21:43.042   788  1387 W Watchdog: SWT Watchdog before synchronized:16441212
05-14 18:21:43.042   788  1387 W Watchdog: SWT Watchdog after synchronized:16441212
05-14 18:21:43.042   788  1387 W Watchdog: SWT Watchdog before wait timeout:30000
05-14 18:21:43.042   788  1387 W Watchdog: SWT Watchdog before wait current time:16441212
05-14 18:21:43.042   788  1387 W Watchdog: SWT Watchdog before wait start:16441212
05-14 18:21:43.042   788  1387 W Watchdog: SWT Watchdog before wait CHECK_INTERVAL:30000
05-14 18:21:47.774   367   367 I thermal_repeater: oh, queryMdThermalInfo (0)Bad file number
05-14 18:21:47.778   367   367 I thermal_repeater: [recvMdThermalInfo] ret=25, strLen=127,  1, 32767,,, -1, 32767, 2
05-14 18:21:52.785   367   367 I thermal_repeater: oh, queryMdThermalInfo (0)Bad file number
05-14 18:21:52.819   367   367 I thermal_repeater: [recvMdThermalInfo] ret=25, strLen=127,  1, 32767,,, -1, 32767, 2
05-14 18:21:54.096   788  1789 W ActivityManager: getRunningAppProcesses: caller 10095 does not hold REAL_GET_TASKS; limiting output
05-14 18:21:57.826   367   367 I thermal_repeater: oh, queryMdThermalInfo (0)Bad file number
05-14 18:21:57.837   367   367 I thermal_repeater: [recvMdThermalInfo] ret=29, strLen=127,  1, 32767,,, -3473, 32767, -1
05-14 18:22:02.841   367   367 I thermal_repeater: oh, queryMdThermalInfo (0)Bad file number
05-14 18:22:02.845   367   367 I thermal_repeater: [recvMdThermalInfo] ret=25, strLen=127,  1, 32767,,, -1, 32767, 2
05-14 18:22:07.851   367   367 I thermal_repeater: oh, queryMdThermalInfo (0)Bad file number
05-14 18:22:07.890   367   367 I thermal_repeater: [recvMdThermalInfo] ret=25, strLen=127,  1, 32767,,, -1, 32767, 2
05-14 18:22:12.896   367   367 I thermal_repeater: oh, queryMdThermalInfo (0)Bad file number
05-14 18:22:12.930   367   367 I thermal_repeater: [recvMdThermalInfo] ret=25, strLen=127,  1, 32767,,, -1, 32767, 2
05-14 18:22:13.043   788  1387 W Watchdog: SWT Watchdog after wait current time:16471212
05-14 18:22:13.043   788  1387 W Watchdog: **Get SF Time **1
05-14 18:22:13.043   788  1387 W Watchdog: SWT Watchdog before synchronized:16471213
05-14 18:22:13.043   788  1387 W Watchdog: SWT Watchdog after synchronized:16471213
05-14 18:22:13.043   788  1387 W Watchdog: SWT Watchdog before wait timeout:30000
05-14 18:22:13.043   788  1387 W Watchdog: SWT Watchdog before wait current time:16471213
05-14 18:22:13.043   788  1387 W Watchdog: SWT Watchdog before wait start:16471213
05-14 18:22:13.043   788  1387 W Watchdog: SWT Watchdog before wait CHECK_INTERVAL:30000
05-14 18:22:17.936   367   367 I thermal_repeater: oh, queryMdThermalInfo (0)Bad file number
05-14 18:22:17.975   367   367 I thermal_repeater: [recvMdThermalInfo] ret=25, strLen=127,  1, 32767,,, -1, 32767, 2
05-14 18:22:22.981   367   367 I thermal_repeater: oh, queryMdThermalInfo (0)Bad file number
05-14 18:22:22.992   367   367 I thermal_repeater: [recvMdThermalInfo] ret=25, strLen=127,  1, 32767,,, -1, 32767, 2
05-14 18:22:24.096   788  1232 W ActivityManager: getRunningAppProcesses: caller 10095 does not hold REAL_GET_TASKS; limiting output
05-14 18:22:27.998   367   367 I thermal_repeater: oh, queryMdThermalInfo (0)Bad file number
05-14 18:22:28.037   367   367 I thermal_repeater: [recvMdThermalInfo] ret=25, strLen=127,  1, 32767,,, -1, 32767, 2
05-14 18:22:33.040   367   367 I thermal_repeater: oh, queryMdThermalInfo (0)Bad file number
05-14 18:22:33.044   367   367 I thermal_repeater: [recvMdThermalInfo] ret=25, strLen=127,  1, 32767,,, -1, 32767, 2
05-14 18:22:38.050   367   367 I thermal_repeater: oh, queryMdThermalInfo (0)Bad file number
05-14 18:22:38.062   367   367 I thermal_repeater: [recvMdThermalInfo] ret=25, strLen=127,  1, 32767,,, -1, 32767, 2
05-14 18:22:43.043   788  1387 W Watchdog: SWT Watchdog after wait current time:16501213
05-14 18:22:43.044   788  1387 W Watchdog: **Get SF Time **1
05-14 18:22:43.044   788  1387 W Watchdog: SWT Watchdog before synchronized:16501214
05-14 18:22:43.044   788  1387 W Watchdog: SWT Watchdog after synchronized:16501214
05-14 18:22:43.044   788  1387 W Watchdog: SWT Watchdog before wait timeout:30000
05-14 18:22:43.044   788  1387 W Watchdog: SWT Watchdog before wait current time:16501214
05-14 18:22:43.044   788  1387 W Watchdog: SWT Watchdog before wait start:16501214
05-14 18:22:43.044   788  1387 W Watchdog: SWT Watchdog before wait CHECK_INTERVAL:30000
05-14 18:22:43.068   367   367 I thermal_repeater: oh, queryMdThermalInfo (0)Bad file number
05-14 18:22:43.106   367   367 I thermal_repeater: [recvMdThermalInfo] ret=25, strLen=127,  1, 32767,,, -1, 32767, 2
05-14 18:22:48.111   367   367 I thermal_repeater: oh, queryMdThermalInfo (0)Bad file number
05-14 18:22:48.138   367   367 I thermal_repeater: [recvMdThermalInfo] ret=26, strLen=127,  1, 32767,,, -1, 32767, -1
05-14 18:22:53.140   367   367 I thermal_repeater: oh, queryMdThermalInfo (0)Bad file number
05-14 18:22:53.151   367   367 I thermal_repeater: [recvMdThermalInfo] ret=25, strLen=127,  1, 32767,,, -1, 32767, 2
05-14 18:22:54.096   788  1750 W ActivityManager: getRunningAppProcesses: caller 10095 does not hold REAL_GET_TASKS; limiting output
05-14 18:22:58.158   367   367 I thermal_repeater: oh, queryMdThermalInfo (0)Bad file number
05-14 18:22:58.193   367   367 I thermal_repeater: [recvMdThermalInfo] ret=25, strLen=127,  1, 32767,,, -1, 32767, 2
05-14 18:23:03.199   367   367 I thermal_repeater: oh, queryMdThermalInfo (0)Bad file number
05-14 18:23:03.211   367   367 I thermal_repeater: [recvMdThermalInfo] ret=25, strLen=127,  1, 32767,,, -1, 32767, 2
05-14 18:23:08.218   367   367 I thermal_repeater: oh, queryMdThermalInfo (0)Bad file number
05-14 18:23:08.229   367   367 I thermal_repeater: [recvMdThermalInfo] ret=25, strLen=127,  1, 32767,,, -1, 32767, 2
05-14 18:23:13.044   788  1387 W Watchdog: SWT Watchdog after wait current time:16531214
05-14 18:23:13.044   788  1387 W Watchdog: **Get SF Time **1
05-14 18:23:13.045   788  1387 W Watchdog: SWT Watchdog before synchronized:16531215
05-14 18:23:13.045   788  1387 W Watchdog: SWT Watchdog after synchronized:16531215
05-14 18:23:13.045   788  1387 W Watchdog: SWT Watchdog before wait timeout:30000
05-14 18:23:13.045   788  1387 W Watchdog: SWT Watchdog before wait current time:16531215
05-14 18:23:13.045   788  1387 W Watchdog: SWT Watchdog before wait start:16531215
05-14 18:23:13.045   788  1387 W Watchdog: SWT Watchdog before wait CHECK_INTERVAL:30000
05-14 18:23:13.235   367   367 I thermal_repeater: oh, queryMdThermalInfo (0)Bad file number
05-14 18:23:13.274   367   367 I thermal_repeater: [recvMdThermalInfo] ret=25, strLen=127,  1, 32767,,, -1, 32767, 2
05-14 18:23:18.280   367   367 I thermal_repeater: oh, queryMdThermalInfo (0)Bad file number
05-14 18:23:18.291   367   367 I thermal_repeater: [recvMdThermalInfo] ret=25, strLen=127,  1, 32767,,, -1, 32767, 2
05-14 18:23:23.298   367   367 I thermal_repeater: oh, queryMdThermalInfo (0)Bad file number
05-14 18:23:23.332   367   367 I thermal_repeater: [recvMdThermalInfo] ret=25, strLen=127,  1, 32767,,, -1, 32767, 2
05-14 18:23:24.095   788  1750 W ActivityManager: getRunningAppProcesses: caller 10095 does not hold REAL_GET_TASKS; limiting output
05-14 18:23:28.338   367   367 I thermal_repeater: oh, queryMdThermalInfo (0)Bad file number
05-14 18:23:28.381   367   367 I thermal_repeater: [recvMdThermalInfo] ret=25, strLen=127,  1, 32767,,, -1, 32767, 2
05-14 18:23:33.387   367   367 I thermal_repeater: oh, queryMdThermalInfo (0)Bad file number
05-14 18:23:33.412   367   367 I thermal_repeater: [recvMdThermalInfo] ret=25, strLen=127,  1, 32767,,, -1, 32767, 2
05-14 18:23:38.416   367   367 I thermal_repeater: oh, queryMdThermalInfo (0)Bad file number
05-14 18:23:38.427   367   367 I thermal_repeater: [recvMdThermalInfo] ret=25, strLen=127,  1, 32767,,, -1, 32767, 2
05-14 18:23:43.045   788  1387 W Watchdog: SWT Watchdog after wait current time:16561215
05-14 18:23:43.045   788  1387 W Watchdog: **Get SF Time **1
05-14 18:23:43.045   788  1387 W Watchdog: SWT Watchdog before synchronized:16561215
05-14 18:23:43.045   788  1387 W Watchdog: SWT Watchdog after synchronized:16561215
05-14 18:23:43.046   788  1387 W Watchdog: SWT Watchdog before wait timeout:30000
05-14 18:23:43.046   788  1387 W Watchdog: SWT Watchdog before wait current time:16561216
05-14 18:23:43.046   788  1387 W Watchdog: SWT Watchdog before wait start:16561216
05-14 18:23:43.046   788  1387 W Watchdog: SWT Watchdog before wait CHECK_INTERVAL:30000
05-14 18:23:43.433   367   367 I thermal_repeater: oh, queryMdThermalInfo (0)Bad file number
05-14 18:23:43.468   367   367 I thermal_repeater: [recvMdThermalInfo] ret=25, strLen=127,  1, 32767,,, -1, 32767, 2
05-14 18:23:48.470   367   367 I thermal_repeater: oh, queryMdThermalInfo (0)Bad file number
05-14 18:23:48.493   367   367 I thermal_repeater: [recvMdThermalInfo] ret=25, strLen=127,  1, 32767,,, -1, 32767, 2
05-14 18:23:53.499   367   367 I thermal_repeater: oh, queryMdThermalInfo (0)Bad file number
05-14 18:23:53.538   367   367 I thermal_repeater: [recvMdThermalInfo] ret=25, strLen=127,  1, 32767,,, -1, 32767, 2
05-14 18:23:54.102   788  1755 W ActivityManager: getRunningAppProcesses: caller 10095 does not hold REAL_GET_TASKS; limiting output
05-14 18:23:58.541   367   367 I thermal_repeater: oh, queryMdThermalInfo (0)Bad file number
05-14 18:23:58.552   367   367 I thermal_repeater: [recvMdThermalInfo] ret=25, strLen=127,  1, 32767,,, -1, 32767, 2
05-14 18:24:03.558   367   367 I thermal_repeater: oh, queryMdThermalInfo (0)Bad file number
05-14 18:24:03.593   367   367 I thermal_repeater: [recvMdThermalInfo] ret=25, strLen=127,  1, 32767,,, -1, 32767, 2
05-14 18:24:08.596   367   367 I thermal_repeater: oh, queryMdThermalInfo (0)Bad file number
05-14 18:24:08.635   367   367 I thermal_repeater: [recvMdThermalInfo] ret=25, strLen=127,  1, 32767,,, -1, 32767, 2
05-14 18:24:13.046   788  1387 W Watchdog: SWT Watchdog after wait current time:16591216
05-14 18:24:13.046   788  1387 W Watchdog: **Get SF Time **1
05-14 18:24:13.046   788  1387 W Watchdog: SWT Watchdog before synchronized:16591216
05-14 18:24:13.046   788  1387 W Watchdog: SWT Watchdog after synchronized:16591216
05-14 18:24:13.046   788  1387 W Watchdog: SWT Watchdog before wait timeout:30000
05-14 18:24:13.047   788  1387 W Watchdog: SWT Watchdog before wait current time:16591216
05-14 18:24:13.047   788  1387 W Watchdog: SWT Watchdog before wait start:16591216
05-14 18:24:13.047   788  1387 W Watchdog: SWT Watchdog before wait CHECK_INTERVAL:30000
05-14 18:24:13.640   367   367 I thermal_repeater: oh, queryMdThermalInfo (0)Bad file number
05-14 18:24:13.652   367   367 I thermal_repeater: [recvMdThermalInfo] ret=25, strLen=127,  1, 32767,,, -1, 32767, 2
05-14 18:24:18.658   367   367 I thermal_repeater: oh, queryMdThermalInfo (0)Bad file number
05-14 18:24:18.697   367   367 I thermal_repeater: [recvMdThermalInfo] ret=25, strLen=127,  1, 32767,,, -1, 32767, 2
05-14 18:24:23.703   367   367 I thermal_repeater: oh, queryMdThermalInfo (0)Bad file number
05-14 18:24:23.741   367   367 I thermal_repeater: [recvMdThermalInfo] ret=25, strLen=127,  1, 32767,,, -1, 32767, 2
05-14 18:24:24.096   788  1750 W ActivityManager: getRunningAppProcesses: caller 10095 does not hold REAL_GET_TASKS; limiting output
05-14 18:24:28.747   367   367 I thermal_repeater: oh, queryMdThermalInfo (0)Bad file number
05-14 18:24:28.778   367   367 I thermal_repeater: [recvMdThermalInfo] ret=25, strLen=127,  1, 32767,,, -1, 32767, 2
05-14 18:24:33.784   367   367 I thermal_repeater: oh, queryMdThermalInfo (0)Bad file number
05-14 18:24:33.819   367   367 I thermal_repeater: [recvMdThermalInfo] ret=25, strLen=127,  1, 32767,,, -1, 32767, 2
05-14 18:24:38.825   367   367 I thermal_repeater: oh, queryMdThermalInfo (0)Bad file number
05-14 18:24:38.863   367   367 I thermal_repeater: [recvMdThermalInfo] ret=25, strLen=127,  1, 32767,,, -1, 32767, 2
05-14 18:24:43.047   788  1387 W Watchdog: SWT Watchdog after wait current time:16621217
05-14 18:24:43.047   788  1387 W Watchdog: **Get SF Time **1
05-14 18:24:43.047   788  1387 W Watchdog: SWT Watchdog before synchronized:16621217
05-14 18:24:43.047   788  1387 W Watchdog: SWT Watchdog after synchronized:16621217
05-14 18:24:43.047   788  1387 W Watchdog: SWT Watchdog before wait timeout:30000
05-14 18:24:43.047   788  1387 W Watchdog: SWT Watchdog before wait current time:16621217
05-14 18:24:43.047   788  1387 W Watchdog: SWT Watchdog before wait start:16621217
05-14 18:24:43.047   788  1387 W Watchdog: SWT Watchdog before wait CHECK_INTERVAL:30000
05-14 18:24:43.870   367   367 I thermal_repeater: oh, queryMdThermalInfo (0)Bad file number
05-14 18:24:43.908   367   367 I thermal_repeater: [recvMdThermalInfo] ret=25, strLen=127,  1, 32767,,, -1, 32767, 2
05-14 18:24:48.914   367   367 I thermal_repeater: oh, queryMdThermalInfo (0)Bad file number
05-14 18:24:48.949   367   367 I thermal_repeater: [recvMdThermalInfo] ret=25, strLen=127,  1, 32767,,, -1, 32767, 2
05-14 18:24:53.955   367   367 I thermal_repeater: oh, queryMdThermalInfo (0)Bad file number
05-14 18:24:54.000   367   367 I thermal_repeater: [recvMdThermalInfo] ret=25, strLen=127,  1, 32767,,, -1, 32767, 2
05-14 18:24:54.096   788  1755 W ActivityManager: getRunningAppProcesses: caller 10095 does not hold REAL_GET_TASKS; limiting output
05-14 18:24:59.001   367   367 I thermal_repeater: oh, queryMdThermalInfo (0)Bad file number
05-14 18:24:59.036   367   367 I thermal_repeater: [recvMdThermalInfo] ret=25, strLen=127,  1, 32767,,, -1, 32767, 2
05-14 18:25:02.728   788  1750 I ActivityManager: START u0 {flg=0x10000000 cmp=com.tianyancha.skyeye/.MainActivity} from uid 2000 on display 0 from pid 30484
05-14 18:25:02.747   788  1750 I ActivityManager: Start proc 30502:com.tianyancha.skyeye/u0a174 for activity com.tianyancha.skyeye/.MainActivity
05-14 18:25:02.836   300   866 E Vold    : Failed to find mounted volume for /storage/sdcard1/Android/data/com.tianyancha.skyeye/cache/
05-14 18:25:02.836   300   866 W Vold    : Returning OperationFailed - no handler for errno 0
05-14 18:25:02.984   788  1806 W ActivityManager: getRunningAppProcesses: caller 10174 does not hold REAL_GET_TASKS; limiting output
05-14 18:25:03.044   300   866 E Vold    : Failed to find mounted volume for /storage/sdcard1/Android/data/com.tianyancha.skyeye/files/tnetlogs/
05-14 18:25:03.044   300   866 W Vold    : Returning OperationFailed - no handler for errno 0
05-14 18:25:03.086   788  1758 W ActivityManager: getRunningAppProcesses: caller 10174 does not hold REAL_GET_TASKS; limiting output
05-14 18:25:03.101   788  1755 W ActivityManager: getRunningAppProcesses: caller 10174 does not hold REAL_GET_TASKS; limiting output
05-14 18:25:03.106   300   866 E Vold    : Failed to find mounted volume for /storage/sdcard1/Android/data/com.tianyancha.skyeye/files/
05-14 18:25:03.106   300   866 W Vold    : Returning OperationFailed - no handler for errno 0
05-14 18:25:03.181   788  1756 W ActivityManager: getRunningAppProcesses: caller 10174 does not hold REAL_GET_TASKS; limiting output
05-14 18:25:03.268   788   933 W ActivityManager: Activity pause timeout for ActivityRecord{2673275c u0 com.tianyancha.skyeye/.MainActivity t458}
05-14 18:25:03.278   788   807 W ActivityManager: Unable to start service Intent { cmp=com.tianyancha.skyeye/com.iflytek.common.LaunchService } U=0: not found
05-14 18:25:03.303   788  1758 W ActivityManager: getRecentTasks: caller 10174 does not hold REAL_GET_TASKS; limiting output
05-14 18:25:03.313   788  1747 W ActivityManager: getRunningAppProcesses: caller 10174 does not hold REAL_GET_TASKS; limiting output
05-14 18:25:03.316   788  1232 W ActivityManager: getRunningAppProcesses: caller 10174 does not hold REAL_GET_TASKS; limiting output
05-14 18:25:03.317   788   808 W ActivityManager: getRunningAppProcesses: caller 10174 does not hold REAL_GET_TASKS; limiting output
05-14 18:25:03.318   788  1758 W ActivityManager: getRunningAppProcesses: caller 10174 does not hold REAL_GET_TASKS; limiting output
05-14 18:25:03.318   788  1756 W ActivityManager: getRunningAppProcesses: caller 10174 does not hold REAL_GET_TASKS; limiting output
05-14 18:25:03.556   788  1754 W ActivityManager: getRunningAppProcesses: caller 10174 does not hold REAL_GET_TASKS; limiting output
05-14 18:25:03.558   788  1745 W ActivityManager: getRunningAppProcesses: caller 10174 does not hold REAL_GET_TASKS; limiting output
05-14 18:25:04.040   367   367 I thermal_repeater: oh, queryMdThermalInfo (0)Bad file number
05-14 18:25:04.058   367   367 I thermal_repeater: [recvMdThermalInfo] ret=25, strLen=127,  1, 32767,,, -1, 32767, 2
05-14 18:25:04.706   788  1806 W ActivityManager: getRunningAppProcesses: caller 10174 does not hold REAL_GET_TASKS; limiting output
05-14 18:25:04.822   788  1758 W ActivityManager: getRunningAppProcesses: caller 10174 does not hold REAL_GET_TASKS; limiting output
05-14 18:25:05.286   788  1747 I ActivityManager: Force stopping com.tianyancha.skyeye appid=10174 user=0: from pid 30641
05-14 18:25:05.286   788  1747 I ActivityManager: Killing 30502:com.tianyancha.skyeye/u0a174 (adj 0): stop com.tianyancha.skyeye
05-14 18:25:05.288   788  1747 W ActivityManager: Scheduling restart of crashed service com.tianyancha.skyeye/com.taobao.accs.data.MsgDistributeService in 1000ms
05-14 18:25:05.289   788  1747 W ActivityManager: Force removing ActivityRecord{2673275c u0 com.tianyancha.skyeye/.MainActivity t458}: app died, no saved state
05-14 18:25:05.299   788  1747 I ActivityManager:   Force stopping service ServiceRecord{c592266 u0 com.tianyancha.skyeye/com.taobao.accs.data.MsgDistributeService}
05-14 18:25:09.067   367   367 I thermal_repeater: oh, queryMdThermalInfo (0)Bad file number
05-14 18:25:09.072   367   367 I thermal_repeater: [recvMdThermalInfo] ret=25, strLen=127,  1, 32767,,, -1, 32767, 2
05-14 18:25:14.078   367   367 I thermal_repeater: oh, queryMdThermalInfo (0)Bad file number
05-14 18:25:14.116   367   367 I thermal_repeater: [recvMdThermalInfo] ret=25, strLen=127,  1, 32767,,, -1, 32767, 2
05-14 18:25:16.260   788  1387 W Watchdog: SWT Watchdog after wait current time:16654430
05-14 18:25:16.260   788  1387 W Watchdog: **Get SF Time **1
05-14 18:25:16.260   788  1387 W Watchdog: SWT Watchdog before synchronized:16654430
05-14 18:25:16.260   788  1387 W Watchdog: SWT Watchdog after synchronized:16654430
05-14 18:25:16.260   788  1387 W Watchdog: SWT Watchdog before wait timeout:30000
05-14 18:25:16.260   788  1387 W Watchdog: SWT Watchdog before wait current time:16654430
05-14 18:25:16.260   788  1387 W Watchdog: SWT Watchdog before wait start:16654430
05-14 18:25:16.260   788  1387 W Watchdog: SWT Watchdog before wait CHECK_INTERVAL:30000
05-14 18:25:16.588   788   969 I PowerManagerService: Waking up from sleep (uid 1000)...reason:101
05-14 18:25:16.588   788   788 I ActivityManager: onWakefulnessChanged: 1
05-14 18:25:16.589   788   941 I DisplayPowerController: Blocking screen on until initial contents have been drawn.
05-14 18:25:16.593   788   808 W ContextImpl: Calling a method in the system process without a qualified user: android.app.ContextImpl.sendBroadcast:1489 com.android.server.statusbar.StatusBarManagerService.onPanelRevealed:531 com.android.internal.statusbar.IStatusBarService$Stub.onTransact:185 android.os.Binder.execTransact:454 <bottom of call stack> 
05-14 18:25:16.622   788   788 W InputMethodManagerService: Got RemoteException sending setActive(false) notification to pid 16429 uid 10174
05-14 18:25:16.761   788   938 I DisplayManagerService: Display device changed: DisplayDeviceInfo{"???????????": uniqueId="local:0", 1080 x 1920, 60.450005 fps, supportedRefreshRates [60.450005], density 480, 415.636 x 443.345 dpi, appVsyncOff -8000000, presDeadline 25542596, touch INTERNAL, rotation 0, type BUILT_IN, state ON, subtype 0, FLAG_DEFAULT_DISPLAY, FLAG_ROTATES_WITH_CONTENT, FLAG_SECURE, FLAG_SUPPORTS_PROTECTED_BUFFERS}
05-14 18:25:16.830   788   941 I DisplayPowerController: Unblocked screen on after 242 ms
05-14 18:25:17.242  1290  1290 W ContextImpl: Calling a method in the system process without a qualified user: android.app.ContextImpl.startService:1878 android.content.ContextWrapper.startService:516 com.meizu.networkmanager.k.k.a:97 com.meizu.networkmanager.k.k.a:46 com.meizu.networkmanager.k.k.a:50 
05-14 18:25:17.527   788  1754 W ActivityManager: getTasks: caller 10095 does not hold REAL_GET_TASKS; limiting output
05-14 18:25:17.528   788  1756 W ActivityManager: getTasks: caller 10095 does not hold REAL_GET_TASKS; limiting output
05-14 18:25:17.531   788  1806 W ContextImpl: Calling a method in the system process without a qualified user: android.app.ContextImpl.sendBroadcast:1489 com.android.server.statusbar.StatusBarManagerService.onPanelHidden:555 com.android.internal.statusbar.IStatusBarService$Stub.onTransact:192 android.os.Binder.execTransact:454 <bottom of call stack> 
05-14 18:25:17.566   788  1742 I StatusBarManagerService: disable by pkg=com.android.systemui
05-14 18:25:17.583   788   933 I ActivityManager: Start proc 30712:com.yunos.lifecard/u0a1 for broadcast com.yunos.lifecard/com.yunos.alimobilesearch.ExternalEventReceiver
05-14 18:25:17.602   788  1742 W InputMethodManagerService: Got RemoteException sending setActive(false) notification to pid 16429 uid 10174
05-14 18:25:17.605   788  1807 W ActivityManager: Skip forceProcessStateUpTo() to newState 8
05-14 18:25:17.617 30712 30712 W ResourcesManager: Asset path '/system/framework/android.test.runner.jar' does not exist or contains no resources.
05-14 18:25:17.618 30712 30712 W ResourcesManager: Asset path '/system/framework/WeblightsdkShared.jar' does not exist or contains no resources.
05-14 18:25:17.649   788  1807 W ActivityManager: getRunningAppProcesses: caller 10001 is using old GET_TASKS but privileged; allowing
05-14 18:25:17.734   788  1789 W ActivityManager: getTasks: caller 10095 does not hold REAL_GET_TASKS; limiting output
05-14 18:25:17.735   788   808 W ActivityManager: getTasks: caller 10095 does not hold REAL_GET_TASKS; limiting output
