05-14 18:05:49.843   788  1807 W ActivityManager: Unable to start service Intent { cmp=com.tianyancha.skyeye/com.iflytek.common.LaunchService } U=0: not found
05-14 18:05:49.854   788  1755 W ActivityManager: getRecentTasks: caller 10174 does not hold REAL_GET_TASKS; limiting output
05-14 18:05:49.878   788  1745 W ActivityManager: getRunningAppProcesses: caller 10174 does not hold REAL_GET_TASKS; limiting output
05-14 18:05:49.882   788   807 W ActivityManager: getRunningAppProcesses: caller 10174 does not hold REAL_GET_TASKS; limiting output
05-14 18:05:49.882   788   808 W ActivityManager: getRunningAppProcesses: caller 10174 does not hold REAL_GET_TASKS; limiting output
05-14 18:05:49.883   788  1806 W ActivityManager: getRunningAppProcesses: caller 10174 does not hold REAL_GET_TASKS; limiting output
05-14 18:05:49.884   788  1232 W ActivityManager: getRunningAppProcesses: caller 10174 does not hold REAL_GET_TASKS; limiting output
05-14 18:05:50.107   788  1320 W ActivityManager: getRunningAppProcesses: caller 10174 does not hold REAL_GET_TASKS; limiting output
05-14 18:05:50.109   788  1742 W ActivityManager: getRunningAppProcesses: caller 10174 does not hold REAL_GET_TASKS; limiting output
05-14 18:05:51.514   788   931 W ActivityManager: getRunningAppProcesses: caller 10174 does not hold REAL_GET_TASKS; limiting output
05-14 18:05:51.639   788  1756 W ActivityManager: getRunningAppProcesses: caller 10174 does not hold REAL_GET_TASKS; limiting output
05-14 18:05:51.814   788  1758 I ActivityManager: Force stopping com.tianyancha.skyeye appid=10174 user=0: from pid 29003
05-14 18:05:51.814   788  1758 I ActivityManager: Killing 28862:com.tianyancha.skyeye/u0a174 (adj 0): stop com.tianyancha.skyeye
05-14 18:05:51.815   788  1758 W ActivityManager: Scheduling restart of crashed service com.tianyancha.skyeye/com.taobao.accs.data.MsgDistributeService in 1000ms
05-14 18:05:51.816   788  1758 W ActivityManager: Force removing ActivityRecord{770ee1a u0 com.tianyancha.skyeye/.MainActivity t456}: app died, no saved state
05-14 18:05:51.834   788  1758 I ActivityManager:   Force stopping service ServiceRecord{c068234 u0 com.tianyancha.skyeye/com.taobao.accs.data.MsgDistributeService}
05-14 18:05:51.981   367   367 I thermal_repeater: oh, queryMdThermalInfo (0)Bad file number
05-14 18:05:51.998   367   367 I thermal_repeater: [recvMdThermalInfo] ret=25, strLen=127,  1, 32767,,, -1, 32767, 2
05-14 18:05:54.078   788  1320 W ActivityManager: getRunningAppProcesses: caller 10095 does not hold REAL_GET_TASKS; limiting output
05-14 18:05:57.005   367   367 I thermal_repeater: oh, queryMdThermalInfo (0)Bad file number
05-14 18:05:57.029   367   367 I thermal_repeater: [recvMdThermalInfo] ret=25, strLen=127,  1, 32767,,, -1, 32767, 2
05-14 18:06:02.036   367   367 I thermal_repeater: oh, queryMdThermalInfo (0)Bad file number
05-14 18:06:02.071   367   367 I thermal_repeater: [recvMdThermalInfo] ret=25, strLen=127,  1, 32767,,, -1, 32767, 2
05-14 18:06:07.077   367   367 I thermal_repeater: oh, queryMdThermalInfo (0)Bad file number
05-14 18:06:07.115   367   367 I thermal_repeater: [recvMdThermalInfo] ret=25, strLen=127,  1, 32767,,, -1, 32767, 2
05-14 18:06:12.120   367   367 I thermal_repeater: oh, queryMdThermalInfo (0)Bad file number
05-14 18:06:12.155   367   367 I thermal_repeater: [recvMdThermalInfo] ret=25, strLen=127,  1, 32767,,, -1, 32767, 2
05-14 18:06:13.015   788  1387 W Watchdog: SWT Watchdog after wait current time:15511184
05-14 18:06:13.015   788  1387 W Watchdog: **Get SF Time **1
05-14 18:06:13.015   788  1387 W Watchdog: SWT Watchdog before synchronized:15511185
05-14 18:06:13.015   788  1387 W Watchdog: SWT Watchdog after synchronized:15511185
05-14 18:06:13.015   788  1387 W Watchdog: SWT Watchdog before wait timeout:30000
05-14 18:06:13.015   788  1387 W Watchdog: SWT Watchdog before wait current time:15511185
05-14 18:06:13.015   788  1387 W Watchdog: SWT Watchdog before wait start:15511185
05-14 18:06:13.015   788  1387 W Watchdog: SWT Watchdog before wait CHECK_INTERVAL:30000
05-14 18:06:17.160   367   367 I thermal_repeater: oh, queryMdThermalInfo (0)Bad file number
05-14 18:06:17.172   367   367 I thermal_repeater: [recvMdThermalInfo] ret=25, strLen=127,  1, 32767,,, -1, 32767, 2
05-14 18:06:22.178   367   367 I thermal_repeater: oh, queryMdThermalInfo (0)Bad file number
05-14 18:06:22.217   367   367 I thermal_repeater: [recvMdThermalInfo] ret=25, strLen=127,  1, 32767,,, -1, 32767, 2
05-14 18:06:24.096   788  1320 W ActivityManager: getRunningAppProcesses: caller 10095 does not hold REAL_GET_TASKS; limiting output
05-14 18:06:27.223   367   367 I thermal_repeater: oh, queryMdThermalInfo (0)Bad file number
05-14 18:06:27.247   367   367 I thermal_repeater: [recvMdThermalInfo] ret=25, strLen=127,  1, 32767,,, -1, 32767, 2
05-14 18:06:32.250   367   367 I thermal_repeater: oh, queryMdThermalInfo (0)Bad file number
05-14 18:06:32.263   367   367 I thermal_repeater: [recvMdThermalInfo] ret=25, strLen=127,  1, 32767,,, -1, 32767, 2
05-14 18:06:37.269   367   367 I thermal_repeater: oh, queryMdThermalInfo (0)Bad file number
05-14 18:06:37.282   367   367 I thermal_repeater: [recvMdThermalInfo] ret=25, strLen=127,  1, 32767,,, -1, 32767, 2
05-14 18:06:37.614   788   940 W ProcessCpuTracker: Skipping unknown process pid 29092
05-14 18:06:42.288   367   367 I thermal_repeater: oh, queryMdThermalInfo (0)Bad file number
05-14 18:06:42.327   367   367 I thermal_repeater: [recvMdThermalInfo] ret=25, strLen=127,  1, 32767,,, -1, 32767, 2
05-14 18:06:43.015   788  1387 W Watchdog: SWT Watchdog after wait current time:15541185
05-14 18:06:43.016   788  1387 W Watchdog: **Get SF Time **1
05-14 18:06:43.016   788  1387 W Watchdog: SWT Watchdog before synchronized:15541186
05-14 18:06:43.016   788  1387 W Watchdog: SWT Watchdog after synchronized:15541186
05-14 18:06:43.016   788  1387 W Watchdog: SWT Watchdog before wait timeout:30000
05-14 18:06:43.016   788  1387 W Watchdog: SWT Watchdog before wait current time:15541186
05-14 18:06:43.016   788  1387 W Watchdog: SWT Watchdog before wait start:15541186
05-14 18:06:43.016   788  1387 W Watchdog: SWT Watchdog before wait CHECK_INTERVAL:30000
05-14 18:06:47.333   367   367 I thermal_repeater: oh, queryMdThermalInfo (0)Bad file number
05-14 18:06:47.372   367   367 I thermal_repeater: [recvMdThermalInfo] ret=25, strLen=127,  1, 32767,,, -1, 32767, 2
05-14 18:06:52.378   367   367 I thermal_repeater: oh, queryMdThermalInfo (0)Bad file number
05-14 18:06:52.382   367   367 I thermal_repeater: [recvMdThermalInfo] ret=25, strLen=127,  1, 32767,,, -1, 32767, 2
05-14 18:06:54.096   788  1747 W ActivityManager: getRunningAppProcesses: caller 10095 does not hold REAL_GET_TASKS; limiting output
05-14 18:06:57.389   367   367 I thermal_repeater: oh, queryMdThermalInfo (0)Bad file number
05-14 18:06:57.401   367   367 I thermal_repeater: [recvMdThermalInfo] ret=25, strLen=127,  1, 32767,,, -1, 32767, 2
05-14 18:07:01.105   788   979 W NetworkStatsRecorder: unknown interfaces [lo, p2p0], ignoring those stats
05-14 18:07:01.105   788   979 W NetworkStatsRecorder: unknown interfaces [lo, p2p0], ignoring those stats
05-14 18:07:01.106   788   979 W NetworkStatsRecorder: unknown interfaces [lo, p2p0], ignoring those stats
05-14 18:07:01.106   788   979 W NetworkStatsRecorder: unknown interfaces [lo, p2p0], ignoring those stats
05-14 18:07:02.407   367   367 I thermal_repeater: oh, queryMdThermalInfo (0)Bad file number
05-14 18:07:02.446   367   367 I thermal_repeater: [recvMdThermalInfo] ret=25, strLen=127,  1, 32767,,, -1, 32767, 2
05-14 18:07:07.451   367   367 I thermal_repeater: oh, queryMdThermalInfo (0)Bad file number
05-14 18:07:07.463   367   367 I thermal_repeater: [recvMdThermalInfo] ret=25, strLen=127,  1, 32767,,, -1, 32767, 2
05-14 18:07:12.469   367   367 I thermal_repeater: oh, queryMdThermalInfo (0)Bad file number
05-14 18:07:12.480   367   367 I thermal_repeater: [recvMdThermalInfo] ret=25, strLen=127,  1, 32767,,, -1, 32767, 2
05-14 18:07:13.016   788  1387 W Watchdog: SWT Watchdog after wait current time:15571186
05-14 18:07:13.017   788  1387 W Watchdog: **Get SF Time **1
05-14 18:07:13.017   788  1387 W Watchdog: SWT Watchdog before synchronized:15571187
05-14 18:07:13.017   788  1387 W Watchdog: SWT Watchdog after synchronized:15571187
05-14 18:07:13.017   788  1387 W Watchdog: SWT Watchdog before wait timeout:30000
05-14 18:07:13.017   788  1387 W Watchdog: SWT Watchdog before wait current time:15571187
05-14 18:07:13.017   788  1387 W Watchdog: SWT Watchdog before wait start:15571187
05-14 18:07:13.017   788  1387 W Watchdog: SWT Watchdog before wait CHECK_INTERVAL:30000
05-14 18:07:16.011   788  1320 W JobServiceContext: verifyCallingUid.979..:[ComponentInfo{com.meizu.mstore/com.meizu.cloud.app.jobscheduler.JobSchedulerService},jId=101,u0,R=(-00:00,59:59),N=2,C=false,I=false,F=0,P=true(READY)]
05-14 18:07:16.011   788  1320 W JobServiceContext: verifyCallingUid. END
05-14 18:07:16.013   788   788 W JobServiceContext: closeAndCleanupJobH.979..:[ComponentInfo{com.meizu.mstore/com.meizu.cloud.app.jobscheduler.JobSchedulerService},jId=101,u0,R=(-00:00,59:59),N=2,C=false,I=false,F=0,P=true(READY)]
05-14 18:07:16.052   788   808 W JobServiceContext: verifyCallingUid.984..:[ComponentInfo{com.meizu.experiencedatasync/com.meizu.experiencedatasync.service.PerformanceMonitorService},jId=2,u0,R=(-04:51,00:08),N=0,C=false,I=false,F=0,P=true(READY)]
05-14 18:07:16.052   788   808 W JobServiceContext: verifyCallingUid. END
05-14 18:07:16.053   788  1806 W JobServiceContext: verifyCallingUid.984..:[ComponentInfo{com.meizu.experiencedatasync/com.meizu.experiencedatasync.service.PerformanceMonitorService},jId=2,u0,R=(-04:51,00:08),N=0,C=false,I=false,F=0,P=true(READY)]
05-14 18:07:16.053   788  1806 W JobServiceContext: verifyCallingUid. END
05-14 18:07:16.054   788   788 W JobServiceContext: closeAndCleanupJobH.984..:[ComponentInfo{com.meizu.experiencedatasync/com.meizu.experiencedatasync.service.PerformanceMonitorService},jId=2,u0,R=(-04:51,00:08),N=0,C=false,I=false,F=0,P=true(READY)]
05-14 18:07:17.482   367   367 I thermal_repeater: oh, queryMdThermalInfo (0)Bad file number
05-14 18:07:17.494   367   367 I thermal_repeater: [recvMdThermalInfo] ret=25, strLen=127,  1, 32767,,, -1, 32767, 2
05-14 18:07:22.500   367   367 I thermal_repeater: oh, queryMdThermalInfo (0)Bad file number
05-14 18:07:22.505   367   367 I thermal_repeater: [recvMdThermalInfo] ret=25, strLen=127,  1, 32767,,, -1, 32767, 2
05-14 18:07:24.096   788  1789 W ActivityManager: getRunningAppProcesses: caller 10095 does not hold REAL_GET_TASKS; limiting output
05-14 18:07:27.511   367   367 I thermal_repeater: oh, queryMdThermalInfo (0)Bad file number
05-14 18:07:27.550   367   367 I thermal_repeater: [recvMdThermalInfo] ret=25, strLen=127,  1, 32767,,, -1, 32767, 2
05-14 18:07:32.556   367   367 I thermal_repeater: oh, queryMdThermalInfo (0)Bad file number
05-14 18:07:32.591   367   367 I thermal_repeater: [recvMdThermalInfo] ret=25, strLen=127,  1, 32767,,, -1, 32767, 2
05-14 18:07:37.597   367   367 I thermal_repeater: oh, queryMdThermalInfo (0)Bad file number
05-14 18:07:37.636   367   367 I thermal_repeater: [recvMdThermalInfo] ret=25, strLen=127,  1, 32767,,, -1, 32767, 2
05-14 18:07:42.640   367   367 I thermal_repeater: oh, queryMdThermalInfo (0)Bad file number
05-14 18:07:42.675   367   367 I thermal_repeater: [recvMdThermalInfo] ret=25, strLen=127,  1, 32767,,, -1, 32767, 2
05-14 18:07:43.017   788  1387 W Watchdog: SWT Watchdog after wait current time:15601187
05-14 18:07:43.018   788  1387 W Watchdog: **Get SF Time **1
05-14 18:07:43.018   788  1387 W Watchdog: SWT Watchdog before synchronized:15601188
05-14 18:07:43.018   788  1387 W Watchdog: SWT Watchdog after synchronized:15601188
05-14 18:07:43.018   788  1387 W Watchdog: SWT Watchdog before wait timeout:30000
05-14 18:07:43.018   788  1387 W Watchdog: SWT Watchdog before wait current time:15601188
05-14 18:07:43.018   788  1387 W Watchdog: SWT Watchdog before wait start:15601188
05-14 18:07:43.018   788  1387 W Watchdog: SWT Watchdog before wait CHECK_INTERVAL:30000
05-14 18:07:45.727   788   933 W ProcessCpuTracker: Skipping unknown process pid 29163
05-14 18:07:47.681   367   367 I thermal_repeater: oh, queryMdThermalInfo (0)Bad file number
05-14 18:07:47.692   367   367 I thermal_repeater: [recvMdThermalInfo] ret=25, strLen=127,  1, 32767,,, -1, 32767, 2
05-14 18:07:52.699   367   367 I thermal_repeater: oh, queryMdThermalInfo (0)Bad file number
05-14 18:07:52.710   367   367 I thermal_repeater: [recvMdThermalInfo] ret=25, strLen=127,  1, 32767,,, -1, 32767, 2
05-14 18:07:54.081   788  1320 W ActivityManager: getRunningAppProcesses: caller 10095 does not hold REAL_GET_TASKS; limiting output
05-14 18:07:57.717   367   367 I thermal_repeater: oh, queryMdThermalInfo (0)Bad file number
05-14 18:07:57.768   367   367 I thermal_repeater: [recvMdThermalInfo] ret=25, strLen=127,  1, 32767,,, -1, 32767, 2
05-14 18:08:02.772   367   367 I thermal_repeater: oh, queryMdThermalInfo (0)Bad file number
05-14 18:08:02.807   367   367 I thermal_repeater: [recvMdThermalInfo] ret=25, strLen=127,  1, 32767,,, -1, 32767, 2
05-14 18:08:07.813   367   367 I thermal_repeater: oh, queryMdThermalInfo (0)Bad file number
05-14 18:08:07.852   367   367 I thermal_repeater: [recvMdThermalInfo] ret=25, strLen=127,  1, 32767,,, -1, 32767, 2
05-14 18:08:12.858   367   367 I thermal_repeater: oh, queryMdThermalInfo (0)Bad file number
05-14 18:08:12.869   367   367 I thermal_repeater: [recvMdThermalInfo] ret=25, strLen=127,  1, 32767,,, -1, 32767, 2
05-14 18:08:13.018   788  1387 W Watchdog: SWT Watchdog after wait current time:15631188
05-14 18:08:13.018   788  1387 W Watchdog: **Get SF Time **1
05-14 18:08:13.019   788  1387 W Watchdog: SWT Watchdog before synchronized:15631188
05-14 18:08:13.019   788  1387 W Watchdog: SWT Watchdog after synchronized:15631188
05-14 18:08:13.019   788  1387 W Watchdog: SWT Watchdog before wait timeout:30000
05-14 18:08:13.019   788  1387 W Watchdog: SWT Watchdog before wait current time:15631189
05-14 18:08:13.019   788  1387 W Watchdog: SWT Watchdog before wait start:15631189
05-14 18:08:13.019   788  1387 W Watchdog: SWT Watchdog before wait CHECK_INTERVAL:30000
05-14 18:08:17.875   367   367 I thermal_repeater: oh, queryMdThermalInfo (0)Bad file number
05-14 18:08:17.885   367   367 I thermal_repeater: [recvMdThermalInfo] ret=25, strLen=127,  1, 32767,,, -1, 32767, 2
05-14 18:08:22.892   367   367 I thermal_repeater: oh, queryMdThermalInfo (0)Bad file number
05-14 18:08:22.930   367   367 I thermal_repeater: [recvMdThermalInfo] ret=25, strLen=127,  1, 32767,,, -1, 32767, 2
05-14 18:08:24.096   788  1742 W ActivityManager: getRunningAppProcesses: caller 10095 does not hold REAL_GET_TASKS; limiting output
05-14 18:08:27.937   367   367 I thermal_repeater: oh, queryMdThermalInfo (0)Bad file number
05-14 18:08:27.941   367   367 I thermal_repeater: [recvMdThermalInfo] ret=25, strLen=127,  1, 32767,,, -1, 32767, 2
05-14 18:08:32.947   367   367 I thermal_repeater: oh, queryMdThermalInfo (0)Bad file number
05-14 18:08:32.958   367   367 I thermal_repeater: [recvMdThermalInfo] ret=25, strLen=127,  1, 32767,,, -1, 32767, 2
05-14 18:08:37.960   367   367 I thermal_repeater: oh, queryMdThermalInfo (0)Bad file number
05-14 18:08:37.971   367   367 I thermal_repeater: [recvMdThermalInfo] ret=25, strLen=127,  1, 32767,,, -1, 32767, 2
05-14 18:08:42.978   367   367 I thermal_repeater: oh, queryMdThermalInfo (0)Bad file number
05-14 18:08:42.989   367   367 I thermal_repeater: [recvMdThermalInfo] ret=25, strLen=127,  1, 32767,,, -1, 32767, 2
05-14 18:08:43.019   788  1387 W Watchdog: SWT Watchdog after wait current time:15661189
05-14 18:08:43.019   788  1387 W Watchdog: **Get SF Time **1
05-14 18:08:43.019   788  1387 W Watchdog: SWT Watchdog before synchronized:15661189
05-14 18:08:43.019   788  1387 W Watchdog: SWT Watchdog after synchronized:15661189
05-14 18:08:43.019   788  1387 W Watchdog: SWT Watchdog before wait timeout:30000
05-14 18:08:43.019   788  1387 W Watchdog: SWT Watchdog before wait current time:15661189
05-14 18:08:43.019   788  1387 W Watchdog: SWT Watchdog before wait start:15661189
05-14 18:08:43.019   788  1387 W Watchdog: SWT Watchdog before wait CHECK_INTERVAL:30000
05-14 18:08:47.995   367   367 I thermal_repeater: oh, queryMdThermalInfo (0)Bad file number
05-14 18:08:48.006   367   367 I thermal_repeater: [recvMdThermalInfo] ret=25, strLen=127,  1, 32767,,, -1, 32767, 2
05-14 18:08:53.013   367   367 I thermal_repeater: oh, queryMdThermalInfo (0)Bad file number
05-14 18:08:53.051   367   367 I thermal_repeater: [recvMdThermalInfo] ret=25, strLen=127,  1, 32767,,, -1, 32767, 2
05-14 18:08:54.095   788  1756 W ActivityManager: getRunningAppProcesses: caller 10095 does not hold REAL_GET_TASKS; limiting output
05-14 18:08:58.058   367   367 I thermal_repeater: oh, queryMdThermalInfo (0)Bad file number
05-14 18:08:58.066   367   367 I thermal_repeater: [recvMdThermalInfo] ret=25, strLen=127,  1, 32767,,, -1, 32767, 2
05-14 18:09:03.072   367   367 I thermal_repeater: oh, queryMdThermalInfo (0)Bad file number
05-14 18:09:03.083   367   367 I thermal_repeater: [recvMdThermalInfo] ret=25, strLen=127,  1, 32767,,, -1, 32767, 2
05-14 18:09:08.089   367   367 I thermal_repeater: oh, queryMdThermalInfo (0)Bad file number
05-14 18:09:08.124   367   367 I thermal_repeater: [recvMdThermalInfo] ret=25, strLen=127,  1, 32767,,, -1, 32767, 2
05-14 18:09:13.020   788  1387 W Watchdog: SWT Watchdog after wait current time:15691190
05-14 18:09:13.020   788  1387 W Watchdog: **Get SF Time **1
05-14 18:09:13.020   788  1387 W Watchdog: SWT Watchdog before synchronized:15691190
05-14 18:09:13.020   788  1387 W Watchdog: SWT Watchdog after synchronized:15691190
05-14 18:09:13.020   788  1387 W Watchdog: SWT Watchdog before wait timeout:30000
05-14 18:09:13.020   788  1387 W Watchdog: SWT Watchdog before wait current time:15691190
05-14 18:09:13.020   788  1387 W Watchdog: SWT Watchdog before wait start:15691190
05-14 18:09:13.020   788  1387 W Watchdog: SWT Watchdog before wait CHECK_INTERVAL:30000
05-14 18:09:13.131   367   367 I thermal_repeater: oh, queryMdThermalInfo (0)Bad file number
05-14 18:09:13.134   367   367 I thermal_repeater: [recvMdThermalInfo] ret=25, strLen=127,  1, 32767,,, -1, 32767, 2
05-14 18:09:14.525   788  1750 I ActivityManager: Start proc 29254:com.meizu.media.video/u0a31 for service com.meizu.media.video/com.meizu.cloud.pushsdk.NotificationService
05-14 18:09:14.525   788  1750 I ActivityManager: [Background Service Priority Adjustment] Process.setProcessGroup to Process.THREAD_GROUP_BG_NONINTERACTIVE, app.pid: 29254
05-14 18:09:14.651   300   866 E Vold    : Failed to find mounted volume for /storage/sdcard1/Android/data/com.meizu.media.video/cache/
05-14 18:09:14.651   300   866 W Vold    : Returning OperationFailed - no handler for errno 0
05-14 18:09:14.656   300   866 E Vold    : Failed to find mounted volume for /storage/sdcard1/Android/data/com.meizu.media.video/files/
05-14 18:09:14.656   300   866 W Vold    : Returning OperationFailed - no handler for errno 0
05-14 18:09:16.069   788  1747 W JobServiceContext: verifyCallingUid.827..:[ComponentInfo{com.meizu.experiencedatasync/com.meizu.experiencedatasync.service.PerformanceMonitorService},jId=2,u0,R=(-01:51,03:08),N=0,C=false,I=false,F=0,P=true(READY)]
05-14 18:09:16.069   788  1747 W JobServiceContext: verifyCallingUid. END
05-14 18:09:16.069   788  1320 W JobServiceContext: verifyCallingUid.827..:[ComponentInfo{com.meizu.experiencedatasync/com.meizu.experiencedatasync.service.PerformanceMonitorService},jId=2,u0,R=(-01:51,03:08),N=0,C=false,I=false,F=0,P=true(READY)]
05-14 18:09:16.069   788  1320 W JobServiceContext: verifyCallingUid. END
05-14 18:09:16.070   788   788 W JobServiceContext: closeAndCleanupJobH.827..:[ComponentInfo{com.meizu.experiencedatasync/com.meizu.experiencedatasync.service.PerformanceMonitorService},jId=2,u0,R=(-01:51,03:08),N=0,C=false,I=false,F=0,P=true(READY)]
05-14 18:09:18.141   367   367 I thermal_repeater: oh, queryMdThermalInfo (0)Bad file number
05-14 18:09:18.182   367   367 I thermal_repeater: [recvMdThermalInfo] ret=25, strLen=127,  1, 32767,,, -1, 32767, 2
05-14 18:09:23.188   367   367 I thermal_repeater: oh, queryMdThermalInfo (0)Bad file number
05-14 18:09:23.223   367   367 I thermal_repeater: [recvMdThermalInfo] ret=25, strLen=127,  1, 32767,,, -1, 32767, 2
05-14 18:09:24.096   788   808 W ActivityManager: getRunningAppProcesses: caller 10095 does not hold REAL_GET_TASKS; limiting output
05-14 18:09:28.229   367   367 I thermal_repeater: oh, queryMdThermalInfo (0)Bad file number
05-14 18:09:28.241   367   367 I thermal_repeater: [recvMdThermalInfo] ret=25, strLen=127,  1, 32767,,, -1, 32767, 2
05-14 18:09:33.247   367   367 I thermal_repeater: oh, queryMdThermalInfo (0)Bad file number
05-14 18:09:33.282   367   367 I thermal_repeater: [recvMdThermalInfo] ret=25, strLen=127,  1, 32767,,, -1, 32767, 2
05-14 18:09:38.288   367   367 I thermal_repeater: oh, queryMdThermalInfo (0)Bad file number
05-14 18:09:38.328   367   367 I thermal_repeater: [recvMdThermalInfo] ret=25, strLen=127,  1, 32767,,, -1, 32767, 2
05-14 18:09:43.021   788  1387 W Watchdog: SWT Watchdog after wait current time:15721190
05-14 18:09:43.021   788  1387 W Watchdog: **Get SF Time **1
05-14 18:09:43.021   788  1387 W Watchdog: SWT Watchdog before synchronized:15721191
05-14 18:09:43.021   788  1387 W Watchdog: SWT Watchdog after synchronized:15721191
05-14 18:09:43.021   788  1387 W Watchdog: SWT Watchdog before wait timeout:30000
05-14 18:09:43.021   788  1387 W Watchdog: SWT Watchdog before wait current time:15721191
05-14 18:09:43.021   788  1387 W Watchdog: SWT Watchdog before wait start:15721191
05-14 18:09:43.021   788  1387 W Watchdog: SWT Watchdog before wait CHECK_INTERVAL:30000
05-14 18:09:43.334   367   367 I thermal_repeater: oh, queryMdThermalInfo (0)Bad file number
05-14 18:09:43.369   367   367 I thermal_repeater: [recvMdThermalInfo] ret=25, strLen=127,  1, 32767,,, -1, 32767, 2
05-14 18:09:48.371   367   367 I thermal_repeater: oh, queryMdThermalInfo (0)Bad file number
05-14 18:09:48.411   367   367 I thermal_repeater: [recvMdThermalInfo] ret=25, strLen=127,  1, 32767,,, -1, 32767, 2
05-14 18:09:53.417   367   367 I thermal_repeater: oh, queryMdThermalInfo (0)Bad file number
05-14 18:09:53.456   367   367 I thermal_repeater: [recvMdThermalInfo] ret=25, strLen=127,  1, 32767,,, -1, 32767, 2
05-14 18:09:54.091   788  1320 W ActivityManager: getRunningAppProcesses: caller 10095 does not hold REAL_GET_TASKS; limiting output
05-14 18:09:58.460   367   367 I thermal_repeater: oh, queryMdThermalInfo (0)Bad file number
05-14 18:09:58.471   367   367 I thermal_repeater: [recvMdThermalInfo] ret=25, strLen=127,  1, 32767,,, -1, 32767, 2
05-14 18:10:03.478   367   367 I thermal_repeater: oh, queryMdThermalInfo (0)Bad file number
05-14 18:10:03.502   367   367 I thermal_repeater: [recvMdThermalInfo] ret=25, strLen=127,  1, 32767,,, -1, 32767, 2
05-14 18:10:08.509   367   367 I thermal_repeater: oh, queryMdThermalInfo (0)Bad file number
05-14 18:10:08.547   367   367 I thermal_repeater: [recvMdThermalInfo] ret=25, strLen=127,  1, 32767,,, -1, 32767, 2
05-14 18:10:13.022   788  1387 W Watchdog: SWT Watchdog after wait current time:15751191
05-14 18:10:13.022   788  1387 W Watchdog: **Get SF Time **1
05-14 18:10:13.022   788  1387 W Watchdog: SWT Watchdog before synchronized:15751192
05-14 18:10:13.022   788  1387 W Watchdog: SWT Watchdog after synchronized:15751192
05-14 18:10:13.022   788  1387 W Watchdog: SWT Watchdog before wait timeout:30000
05-14 18:10:13.022   788  1387 W Watchdog: SWT Watchdog before wait current time:15751192
05-14 18:10:13.022   788  1387 W Watchdog: SWT Watchdog before wait start:15751192
05-14 18:10:13.022   788  1387 W Watchdog: SWT Watchdog before wait CHECK_INTERVAL:30000
05-14 18:10:13.554   367   367 I thermal_repeater: oh, queryMdThermalInfo (0)Bad file number
05-14 18:10:13.592   367   367 I thermal_repeater: [recvMdThermalInfo] ret=25, strLen=127,  1, 32767,,, -1, 32767, 2
05-14 18:10:18.599   367   367 I thermal_repeater: oh, queryMdThermalInfo (0)Bad file number
05-14 18:10:18.603   367   367 I thermal_repeater: [recvMdThermalInfo] ret=25, strLen=127,  1, 32767,,, -1, 32767, 2
05-14 18:10:23.609   367   367 I thermal_repeater: oh, queryMdThermalInfo (0)Bad file number
05-14 18:10:23.644   367   367 I thermal_repeater: [recvMdThermalInfo] ret=25, strLen=127,  1, 32767,,, -1, 32767, 2
05-14 18:10:24.096   788   808 W ActivityManager: getRunningAppProcesses: caller 10095 does not hold REAL_GET_TASKS; limiting output
05-14 18:10:28.650   367   367 I thermal_repeater: oh, queryMdThermalInfo (0)Bad file number
05-14 18:10:28.661   367   367 I thermal_repeater: [recvMdThermalInfo] ret=25, strLen=127,  1, 32767,,, -1, 32767, 2
05-14 18:10:33.668   367   367 I thermal_repeater: oh, queryMdThermalInfo (0)Bad file number
05-14 18:10:33.713   367   367 I thermal_repeater: [recvMdThermalInfo] ret=25, strLen=127,  1, 32767,,, -1, 32767, 2
05-14 18:10:33.799   788  1806 I ActivityManager: START u0 {flg=0x10000000 cmp=com.tianyancha.skyeye/.MainActivity} from uid 2000 on display 0 from pid 29372
05-14 18:10:33.820   788  1806 I ActivityManager: Start proc 29390:com.tianyancha.skyeye/u0a174 for activity com.tianyancha.skyeye/.MainActivity
05-14 18:10:33.910   300   866 E Vold    : Failed to find mounted volume for /storage/sdcard1/Android/data/com.tianyancha.skyeye/cache/
05-14 18:10:33.910   300   866 W Vold    : Returning OperationFailed - no handler for errno 0
05-14 18:10:34.057   788  1747 W ActivityManager: getRunningAppProcesses: caller 10174 does not hold REAL_GET_TASKS; limiting output
05-14 18:10:34.118   300   866 E Vold    : Failed to find mounted volume for /storage/sdcard1/Android/data/com.tianyancha.skyeye/files/tnetlogs/
05-14 18:10:34.118   300   866 W Vold    : Returning OperationFailed - no handler for errno 0
05-14 18:10:34.161   788  1745 W ActivityManager: getRunningAppProcesses: caller 10174 does not hold REAL_GET_TASKS; limiting output
05-14 18:10:34.177   788  1755 W ActivityManager: getRunningAppProcesses: caller 10174 does not hold REAL_GET_TASKS; limiting output
05-14 18:10:34.182   300   866 E Vold    : Failed to find mounted volume for /storage/sdcard1/Android/data/com.tianyancha.skyeye/files/
05-14 18:10:34.182   300   866 W Vold    : Returning OperationFailed - no handler for errno 0
05-14 18:10:34.261   788  1758 W ActivityManager: getRunningAppProcesses: caller 10174 does not hold REAL_GET_TASKS; limiting output
05-14 18:10:34.341   788   933 W ActivityManager: Activity pause timeout for ActivityRecord{2fae4642 u0 com.tianyancha.skyeye/.MainActivity t457}
05-14 18:10:34.355   788  1806 W ActivityManager: Unable to start service Intent { cmp=com.tianyancha.skyeye/com.iflytek.common.LaunchService } U=0: not found
05-14 18:10:34.389   788   808 W ActivityManager: getRunningAppProcesses: caller 10174 does not hold REAL_GET_TASKS; limiting output
05-14 18:10:34.393   788  1806 W ActivityManager: getRunningAppProcesses: caller 10174 does not hold REAL_GET_TASKS; limiting output
05-14 18:10:34.394   788   807 W ActivityManager: getRunningAppProcesses: caller 10174 does not hold REAL_GET_TASKS; limiting output
05-14 18:10:34.395   788  1750 W ActivityManager: getRunningAppProcesses: caller 10174 does not hold REAL_GET_TASKS; limiting output
05-14 18:10:34.396   788   931 W ActivityManager: getRunningAppProcesses: caller 10174 does not hold REAL_GET_TASKS; limiting output
05-14 18:10:34.635   788  1747 W ActivityManager: getRunningAppProcesses: caller 10174 does not hold REAL_GET_TASKS; limiting output
05-14 18:10:34.637   788  1756 W ActivityManager: getRunningAppProcesses: caller 10174 does not hold REAL_GET_TASKS; limiting output
05-14 18:10:35.760   788  1755 W ActivityManager: getRunningAppProcesses: caller 10174 does not hold REAL_GET_TASKS; limiting output
05-14 18:10:35.876   788  1742 W ActivityManager: getRunningAppProcesses: caller 10174 does not hold REAL_GET_TASKS; limiting output
05-14 18:10:36.309   300   866 E Vold    : Failed to find mounted volume for /storage/sdcard1/Android/data/com.tianyancha.skyeye/cache/
05-14 18:10:36.309   300   866 W Vold    : Returning OperationFailed - no handler for errno 0
05-14 18:10:36.355   788  1789 I ActivityManager: Force stopping com.tianyancha.skyeye appid=10174 user=0: from pid 29528
05-14 18:10:36.355   788  1789 I ActivityManager: Killing 29390:com.tianyancha.skyeye/u0a174 (adj 0): stop com.tianyancha.skyeye
05-14 18:10:36.357   788  1789 W ActivityManager: Scheduling restart of crashed service com.tianyancha.skyeye/com.taobao.accs.data.MsgDistributeService in 1000ms
05-14 18:10:36.357   788  1789 W ActivityManager: Force removing ActivityRecord{2fae4642 u0 com.tianyancha.skyeye/.MainActivity t457}: app died, no saved state
05-14 18:10:36.364   788  1789 I ActivityManager:   Force stopping service ServiceRecord{1fac6d1c u0 com.tianyancha.skyeye/com.taobao.accs.data.MsgDistributeService}
05-14 18:10:38.719   367   367 I thermal_repeater: oh, queryMdThermalInfo (0)Bad file number
05-14 18:10:38.731   367   367 I thermal_repeater: [recvMdThermalInfo] ret=25, strLen=127,  1, 32767,,, -1, 32767, 2
05-14 18:10:40.958   321 29541 W SocketClient: write error (Broken pipe)
05-14 18:10:43.023   788  1387 W Watchdog: SWT Watchdog after wait current time:15781192
05-14 18:10:43.023   788  1387 W Watchdog: **Get SF Time **1
05-14 18:10:43.023   788  1387 W Watchdog: SWT Watchdog before synchronized:15781193
05-14 18:10:43.023   788  1387 W Watchdog: SWT Watchdog after synchronized:15781193
05-14 18:10:43.023   788  1387 W Watchdog: SWT Watchdog before wait timeout:30000
05-14 18:10:43.023   788  1387 W Watchdog: SWT Watchdog before wait current time:15781193
05-14 18:10:43.023   788  1387 W Watchdog: SWT Watchdog before wait start:15781193
05-14 18:10:43.023   788  1387 W Watchdog: SWT Watchdog before wait CHECK_INTERVAL:30000
05-14 18:10:43.737   367   367 I thermal_repeater: oh, queryMdThermalInfo (0)Bad file number
05-14 18:10:43.772   367   367 I thermal_repeater: [recvMdThermalInfo] ret=25, strLen=127,  1, 32767,,, -1, 32767, 2
05-14 18:10:48.778   367   367 I thermal_repeater: oh, queryMdThermalInfo (0)Bad file number
05-14 18:10:48.789   367   367 I thermal_repeater: [recvMdThermalInfo] ret=25, strLen=127,  1, 32767,,, -1, 32767, 2
05-14 18:10:53.796   367   367 I thermal_repeater: oh, queryMdThermalInfo (0)Bad file number
05-14 18:10:53.831   367   367 I thermal_repeater: [recvMdThermalInfo] ret=25, strLen=127,  1, 32767,,, -1, 32767, 2
05-14 18:10:54.092   788  3778 W ActivityManager: getRunningAppProcesses: caller 10095 does not hold REAL_GET_TASKS; limiting output
05-14 18:10:58.837   367   367 I thermal_repeater: oh, queryMdThermalInfo (0)Bad file number
05-14 18:10:58.848   367   367 I thermal_repeater: [recvMdThermalInfo] ret=25, strLen=127,  1, 32767,,, -1, 32767, 2
05-14 18:11:03.854   367   367 I thermal_repeater: oh, queryMdThermalInfo (0)Bad file number
05-14 18:11:03.893   367   367 I thermal_repeater: [recvMdThermalInfo] ret=25, strLen=127,  1, 32767,,, -1, 32767, 2
05-14 18:11:08.899   367   367 I thermal_repeater: oh, queryMdThermalInfo (0)Bad file number
05-14 18:11:08.911   367   367 I thermal_repeater: [recvMdThermalInfo] ret=25, strLen=127,  1, 32767,,, -1, 32767, 2
05-14 18:11:13.023   788  1387 W Watchdog: SWT Watchdog after wait current time:15811193
05-14 18:11:13.024   788  1387 W Watchdog: **Get SF Time **1
05-14 18:11:13.024   788  1387 W Watchdog: SWT Watchdog before synchronized:15811194
05-14 18:11:13.024   788  1387 W Watchdog: SWT Watchdog after synchronized:15811194
05-14 18:11:13.024   788  1387 W Watchdog: SWT Watchdog before wait timeout:30000
05-14 18:11:13.024   788  1387 W Watchdog: SWT Watchdog before wait current time:15811194
05-14 18:11:13.024   788  1387 W Watchdog: SWT Watchdog before wait start:15811194
05-14 18:11:13.024   788  1387 W Watchdog: SWT Watchdog before wait CHECK_INTERVAL:30000
05-14 18:11:13.917   367   367 I thermal_repeater: oh, queryMdThermalInfo (0)Bad file number
05-14 18:11:13.953   367   367 I thermal_repeater: [recvMdThermalInfo] ret=25, strLen=127,  1, 32767,,, -1, 32767, 2
05-14 18:11:18.959   367   367 I thermal_repeater: oh, queryMdThermalInfo (0)Bad file number
05-14 18:11:19.007   367   367 I thermal_repeater: [recvMdThermalInfo] ret=25, strLen=127,  1, 32767,,, -1, 32767, 2
05-14 18:11:24.013   367   367 I thermal_repeater: oh, queryMdThermalInfo (0)Bad file number
05-14 18:11:24.024   367   367 I thermal_repeater: [recvMdThermalInfo] ret=25, strLen=127,  1, 32767,,, -1, 32767, 2
05-14 18:11:24.096   788   808 W ActivityManager: getRunningAppProcesses: caller 10095 does not hold REAL_GET_TASKS; limiting output
05-14 18:11:29.030   367   367 I thermal_repeater: oh, queryMdThermalInfo (0)Bad file number
05-14 18:11:29.069   367   367 I thermal_repeater: [recvMdThermalInfo] ret=25, strLen=127,  1, 32767,,, -1, 32767, 2
05-14 18:11:34.075   367   367 I thermal_repeater: oh, queryMdThermalInfo (0)Bad file number
05-14 18:11:34.079   367   367 I thermal_repeater: [recvMdThermalInfo] ret=25, strLen=127,  1, 32767,,, -1, 32767, 2
05-14 18:11:39.085   367   367 I thermal_repeater: oh, queryMdThermalInfo (0)Bad file number
05-14 18:11:39.096   367   367 I thermal_repeater: [recvMdThermalInfo] ret=25, strLen=127,  1, 32767,,, -1, 32767, 2
05-14 18:11:43.024   788  1387 W Watchdog: SWT Watchdog after wait current time:15841194
05-14 18:11:43.024   788  1387 W Watchdog: **Get SF Time **1
05-14 18:11:43.025   788  1387 W Watchdog: SWT Watchdog before synchronized:15841195
05-14 18:11:43.025   788  1387 W Watchdog: SWT Watchdog after synchronized:15841195
05-14 18:11:43.025   788  1387 W Watchdog: SWT Watchdog before wait timeout:30000
05-14 18:11:43.025   788  1387 W Watchdog: SWT Watchdog before wait current time:15841195
05-14 18:11:43.025   788  1387 W Watchdog: SWT Watchdog before wait start:15841195
05-14 18:11:43.025   788  1387 W Watchdog: SWT Watchdog before wait CHECK_INTERVAL:30000
05-14 18:11:44.103   367   367 I thermal_repeater: oh, queryMdThermalInfo (0)Bad file number
05-14 18:11:44.141   367   367 I thermal_repeater: [recvMdThermalInfo] ret=25, strLen=127,  1, 32767,,, -1, 32767, 2
05-14 18:11:49.146   367   367 I thermal_repeater: oh, queryMdThermalInfo (0)Bad file number
05-14 18:11:49.157   367   367 I thermal_repeater: [recvMdThermalInfo] ret=25, strLen=127,  1, 32767,,, -1, 32767, 2
05-14 18:11:54.091   788  1758 W ActivityManager: getRunningAppProcesses: caller 10095 does not hold REAL_GET_TASKS; limiting output
05-14 18:11:54.160   367   367 I thermal_repeater: oh, queryMdThermalInfo (0)Bad file number
05-14 18:11:54.172   367   367 I thermal_repeater: [recvMdThermalInfo] ret=25, strLen=127,  1, 32767,,, -1, 32767, 2
05-14 18:11:59.178   367   367 I thermal_repeater: oh, queryMdThermalInfo (0)Bad file number
05-14 18:11:59.221   367   367 I thermal_repeater: [recvMdThermalInfo] ret=25, strLen=127,  1, 32767,,, -1, 32767, 2
05-14 18:12:04.227   367   367 I thermal_repeater: oh, queryMdThermalInfo (0)Bad file number
05-14 18:12:04.266   367   367 I thermal_repeater: [recvMdThermalInfo] ret=25, strLen=127,  1, 32767,,, -1, 32767, 2
05-14 18:12:09.272   367   367 I thermal_repeater: oh, queryMdThermalInfo (0)Bad file number
05-14 18:12:09.283   367   367 I thermal_repeater: [recvMdThermalInfo] ret=25, strLen=127,  1, 32767,,, -1, 32767, 2
05-14 18:12:13.025   788  1387 W Watchdog: SWT Watchdog after wait current time:15871195
05-14 18:12:13.025   788  1387 W Watchdog: **Get SF Time **1
05-14 18:12:13.025   788  1387 W Watchdog: SWT Watchdog before synchronized:15871195
05-14 18:12:13.025   788  1387 W Watchdog: SWT Watchdog after synchronized:15871195
05-14 18:12:13.026   788  1387 W Watchdog: SWT Watchdog before wait timeout:30000
05-14 18:12:13.026   788  1387 W Watchdog: SWT Watchdog before wait current time:15871196
05-14 18:12:13.026   788  1387 W Watchdog: SWT Watchdog before wait start:15871196
05-14 18:12:13.026   788  1387 W Watchdog: SWT Watchdog before wait CHECK_INTERVAL:30000
05-14 18:12:14.290   367   367 I thermal_repeater: oh, queryMdThermalInfo (0)Bad file number
05-14 18:12:14.320   367   367 I thermal_repeater: [recvMdThermalInfo] ret=25, strLen=127,  1, 32767,,, -1, 32767, 2
05-14 18:12:19.327   367   367 I thermal_repeater: oh, queryMdThermalInfo (0)Bad file number
05-14 18:12:19.365   367   367 I thermal_repeater: [recvMdThermalInfo] ret=25, strLen=127,  1, 32767,,, -1, 32767, 2
05-14 18:12:24.096   788  1320 W ActivityManager: getRunningAppProcesses: caller 10095 does not hold REAL_GET_TASKS; limiting output
05-14 18:12:24.372   367   367 I thermal_repeater: oh, queryMdThermalInfo (0)Bad file number
05-14 18:12:24.411   367   367 I thermal_repeater: [recvMdThermalInfo] ret=25, strLen=127,  1, 32767,,, -1, 32767, 2
05-14 18:12:29.417   367   367 I thermal_repeater: oh, queryMdThermalInfo (0)Bad file number
05-14 18:12:29.428   367   367 I thermal_repeater: [recvMdThermalInfo] ret=25, strLen=127,  1, 32767,,, -1, 32767, 2
05-14 18:12:34.431   367   367 I thermal_repeater: oh, queryMdThermalInfo (0)Bad file number
05-14 18:12:34.442   367   367 I thermal_repeater: [recvMdThermalInfo] ret=25, strLen=127,  1, 32767,,, -1, 32767, 2
05-14 18:12:39.448   367   367 I thermal_repeater: oh, queryMdThermalInfo (0)Bad file number
05-14 18:12:39.487   367   367 I thermal_repeater: [recvMdThermalInfo] ret=25, strLen=127,  1, 32767,,, -1, 32767, 2
05-14 18:12:43.026   788  1387 W Watchdog: SWT Watchdog after wait current time:15901196
05-14 18:12:43.026   788  1387 W Watchdog: **Get SF Time **1
05-14 18:12:43.026   788  1387 W Watchdog: SWT Watchdog before synchronized:15901196
05-14 18:12:43.026   788  1387 W Watchdog: SWT Watchdog after synchronized:15901196
05-14 18:12:43.027   788  1387 W Watchdog: SWT Watchdog before wait timeout:30000
05-14 18:12:43.027   788  1387 W Watchdog: SWT Watchdog before wait current time:15901196
05-14 18:12:43.027   788  1387 W Watchdog: SWT Watchdog before wait start:15901196
05-14 18:12:43.027   788  1387 W Watchdog: SWT Watchdog before wait CHECK_INTERVAL:30000
05-14 18:12:44.490   367   367 I thermal_repeater: oh, queryMdThermalInfo (0)Bad file number
05-14 18:12:44.502   367   367 I thermal_repeater: [recvMdThermalInfo] ret=25, strLen=127,  1, 32767,,, -1, 32767, 2
05-14 18:12:45.722   788   933 W ProcessCpuTracker: Skipping unknown process pid 29711
05-14 18:12:49.508   367   367 I thermal_repeater: oh, queryMdThermalInfo (0)Bad file number
05-14 18:12:49.519   367   367 I thermal_repeater: [recvMdThermalInfo] ret=25, strLen=127,  1, 32767,,, -1, 32767, 2
05-14 18:12:54.096   788   808 W ActivityManager: getRunningAppProcesses: caller 10095 does not hold REAL_GET_TASKS; limiting output
05-14 18:12:54.526   367   367 I thermal_repeater: oh, queryMdThermalInfo (0)Bad file number
05-14 18:12:54.550   367   367 I thermal_repeater: [recvMdThermalInfo] ret=25, strLen=127,  1, 32767,,, -1, 32767, 2
05-14 18:12:59.556   367   367 I thermal_repeater: oh, queryMdThermalInfo (0)Bad file number
05-14 18:12:59.568   367   367 I thermal_repeater: [recvMdThermalInfo] ret=25, strLen=127,  1, 32767,,, -1, 32767, 2
05-14 18:13:04.574   367   367 I thermal_repeater: oh, queryMdThermalInfo (0)Bad file number
05-14 18:13:04.585   367   367 I thermal_repeater: [recvMdThermalInfo] ret=25, strLen=127,  1, 32767,,, -1, 32767, 2
05-14 18:13:09.592   367   367 I thermal_repeater: oh, queryMdThermalInfo (0)Bad file number
05-14 18:13:09.626   367   367 I thermal_repeater: [recvMdThermalInfo] ret=25, strLen=127,  1, 32767,,, -1, 32767, 2
05-14 18:13:13.027   788  1387 W Watchdog: SWT Watchdog after wait current time:15931197
05-14 18:13:13.027   788  1387 W Watchdog: **Get SF Time **1
05-14 18:13:13.027   788  1387 W Watchdog: SWT Watchdog before synchronized:15931197
05-14 18:13:13.027   788  1387 W Watchdog: SWT Watchdog after synchronized:15931197
05-14 18:13:13.027   788  1387 W Watchdog: SWT Watchdog before wait timeout:30000
05-14 18:13:13.027   788  1387 W Watchdog: SWT Watchdog before wait current time:15931197
05-14 18:13:13.027   788  1387 W Watchdog: SWT Watchdog before wait start:15931197
05-14 18:13:13.027   788  1387 W Watchdog: SWT Watchdog before wait CHECK_INTERVAL:30000
05-14 18:13:14.633   367   367 I thermal_repeater: oh, queryMdThermalInfo (0)Bad file number
05-14 18:13:14.637   367   367 I thermal_repeater: [recvMdThermalInfo] ret=25, strLen=127,  1, 32767,,, -1, 32767, 2
05-14 18:13:19.640   367   367 I thermal_repeater: oh, queryMdThermalInfo (0)Bad file number
05-14 18:13:19.651   367   367 I thermal_repeater: [recvMdThermalInfo] ret=25, strLen=127,  1, 32767,,, -1, 32767, 2
05-14 18:13:24.090   788  1320 W ActivityManager: getRunningAppProcesses: caller 10095 does not hold REAL_GET_TASKS; limiting output
05-14 18:13:24.658   367   367 I thermal_repeater: oh, queryMdThermalInfo (0)Bad file number
05-14 18:13:24.701   367   367 I thermal_repeater: [recvMdThermalInfo] ret=25, strLen=127,  1, 32767,,, -1, 32767, 2
05-14 18:13:29.707   367   367 I thermal_repeater: oh, queryMdThermalInfo (0)Bad file number
05-14 18:13:29.743   367   367 I thermal_repeater: [recvMdThermalInfo] ret=25, strLen=127,  1, 32767,,, -1, 32767, 2
05-14 18:13:34.749   367   367 I thermal_repeater: oh, queryMdThermalInfo (0)Bad file number
05-14 18:13:34.784   367   367 I thermal_repeater: [recvMdThermalInfo] ret=25, strLen=127,  1, 32767,,, -1, 32767, 2
05-14 18:13:39.790   367   367 I thermal_repeater: oh, queryMdThermalInfo (0)Bad file number
05-14 18:13:39.802   367   367 I thermal_repeater: [recvMdThermalInfo] ret=25, strLen=127,  1, 32767,,, -1, 32767, 2
05-14 18:13:41.763   788  1320 W ActivityManager: getTasks: caller 10095 does not hold REAL_GET_TASKS; limiting output
05-14 18:13:43.028   788  1387 W Watchdog: SWT Watchdog after wait current time:15961198
05-14 18:13:43.028   788  1387 W Watchdog: **Get SF Time **1
05-14 18:13:43.028   788  1387 W Watchdog: SWT Watchdog before synchronized:15961198
05-14 18:13:43.028   788  1387 W Watchdog: SWT Watchdog after synchronized:15961198
05-14 18:13:43.028   788  1387 W Watchdog: SWT Watchdog before wait timeout:30000
05-14 18:13:43.028   788  1387 W Watchdog: SWT Watchdog before wait current time:15961198
05-14 18:13:43.028   788  1387 W Watchdog: SWT Watchdog before wait start:15961198
05-14 18:13:43.028   788  1387 W Watchdog: SWT Watchdog before wait CHECK_INTERVAL:30000
05-14 18:13:44.808   367   367 I thermal_repeater: oh, queryMdThermalInfo (0)Bad file number
05-14 18:13:44.843   367   367 I thermal_repeater: [recvMdThermalInfo] ret=25, strLen=127,  1, 32767,,, -1, 32767, 2
05-14 18:13:49.849   367   367 I thermal_repeater: oh, queryMdThermalInfo (0)Bad file number
05-14 18:13:49.888   367   367 I thermal_repeater: [recvMdThermalInfo] ret=25, strLen=127,  1, 32767,,, -1, 32767, 2
05-14 18:13:54.081   788  1789 W ActivityManager: getRunningAppProcesses: caller 10095 does not hold REAL_GET_TASKS; limiting output
05-14 18:13:54.894   367   367 I thermal_repeater: oh, queryMdThermalInfo (0)Bad file number
05-14 18:13:54.933   367   367 I thermal_repeater: [recvMdThermalInfo] ret=25, strLen=127,  1, 32767,,, -1, 32767, 2
05-14 18:13:57.814   788   933 W ProcessCpuTracker: Skipping unknown process pid 29789
05-14 18:13:59.939   367   367 I thermal_repeater: oh, queryMdThermalInfo (0)Bad file number
05-14 18:13:59.951   367   367 I thermal_repeater: [recvMdThermalInfo] ret=25, strLen=127,  1, 32767,,, -1, 32767, 2
05-14 18:14:04.957   367   367 I thermal_repeater: oh, queryMdThermalInfo (0)Bad file number
05-14 18:14:04.992   367   367 I thermal_repeater: [recvMdThermalInfo] ret=25, strLen=127,  1, 32767,,, -1, 32767, 2
05-14 18:14:09.998   367   367 I thermal_repeater: oh, queryMdThermalInfo (0)Bad file number
05-14 18:14:10.047   367   367 I thermal_repeater: [recvMdThermalInfo] ret=25, strLen=127,  1, 32767,,, -1, 32767, 2
05-14 18:14:13.029   788  1387 W Watchdog: SWT Watchdog after wait current time:15991198
05-14 18:14:13.029   788  1387 W Watchdog: **Get SF Time **1
05-14 18:14:13.029   788  1387 W Watchdog: SWT Watchdog before synchronized:15991199
05-14 18:14:13.029   788  1387 W Watchdog: SWT Watchdog after synchronized:15991199
05-14 18:14:13.029   788  1387 W Watchdog: SWT Watchdog before wait timeout:30000
05-14 18:14:13.029   788  1387 W Watchdog: SWT Watchdog before wait current time:15991199
05-14 18:14:13.029   788  1387 W Watchdog: SWT Watchdog before wait start:15991199
05-14 18:14:13.029   788  1387 W Watchdog: SWT Watchdog before wait CHECK_INTERVAL:30000
05-14 18:14:15.054   367   367 I thermal_repeater: oh, queryMdThermalInfo (0)Bad file number
05-14 18:14:15.092   367   367 I thermal_repeater: [recvMdThermalInfo] ret=25, strLen=127,  1, 32767,,, -1, 32767, 2
05-14 18:14:20.099   367   367 I thermal_repeater: oh, queryMdThermalInfo (0)Bad file number
05-14 18:14:20.133   367   367 I thermal_repeater: [recvMdThermalInfo] ret=25, strLen=127,  1, 32767,,, -1, 32767, 2
05-14 18:14:24.096   788  1756 W ActivityManager: getRunningAppProcesses: caller 10095 does not hold REAL_GET_TASKS; limiting output
05-14 18:14:25.140   367   367 I thermal_repeater: oh, queryMdThermalInfo (0)Bad file number
05-14 18:14:25.178   367   367 I thermal_repeater: [recvMdThermalInfo] ret=25, strLen=127,  1, 32767,,, -1, 32767, 2
05-14 18:14:30.183   367   367 I thermal_repeater: oh, queryMdThermalInfo (0)Bad file number
05-14 18:14:30.228   367   367 I thermal_repeater: [recvMdThermalInfo] ret=25, strLen=127,  1, 32767,,, -1, 32767, 2
05-14 18:14:35.231   367   367 I thermal_repeater: oh, queryMdThermalInfo (0)Bad file number
05-14 18:14:35.242   367   367 I thermal_repeater: [recvMdThermalInfo] ret=25, strLen=127,  1, 32767,,, -1, 32767, 2
05-14 18:14:40.248   367   367 I thermal_repeater: oh, queryMdThermalInfo (0)Bad file number
05-14 18:14:40.259   367   367 I thermal_repeater: [recvMdThermalInfo] ret=25, strLen=127,  1, 32767,,, -1, 32767, 2
05-14 18:14:43.029   788  1387 W Watchdog: SWT Watchdog after wait current time:16021199
05-14 18:14:43.030   788  1387 W Watchdog: **Get SF Time **1
05-14 18:14:43.030   788  1387 W Watchdog: SWT Watchdog before synchronized:16021200
05-14 18:14:43.030   788  1387 W Watchdog: SWT Watchdog after synchronized:16021200
05-14 18:14:43.030   788  1387 W Watchdog: SWT Watchdog before wait timeout:30000
05-14 18:14:43.030   788  1387 W Watchdog: SWT Watchdog before wait current time:16021200
05-14 18:14:43.030   788  1387 W Watchdog: SWT Watchdog before wait start:16021200
05-14 18:14:43.030   788  1387 W Watchdog: SWT Watchdog before wait CHECK_INTERVAL:30000
05-14 18:14:45.265   367   367 I thermal_repeater: oh, queryMdThermalInfo (0)Bad file number
05-14 18:14:45.304   367   367 I thermal_repeater: [recvMdThermalInfo] ret=25, strLen=127,  1, 32767,,, -1, 32767, 2
05-14 18:14:50.310   367   367 I thermal_repeater: oh, queryMdThermalInfo (0)Bad file number
05-14 18:14:50.334   367   367 I thermal_repeater: [recvMdThermalInfo] ret=25, strLen=127,  1, 32767,,, -1, 32767, 2
05-14 18:14:54.091   788  1742 W ActivityManager: getRunningAppProcesses: caller 10095 does not hold REAL_GET_TASKS; limiting output
05-14 18:14:55.340   367   367 I thermal_repeater: oh, queryMdThermalInfo (0)Bad file number
05-14 18:14:55.367   367   367 I thermal_repeater: [recvMdThermalInfo] ret=25, strLen=127,  1, 32767,,, -1, 32767, 2
05-14 18:15:00.373   367   367 I thermal_repeater: oh, queryMdThermalInfo (0)Bad file number
05-14 18:15:00.412   367   367 I thermal_repeater: [recvMdThermalInfo] ret=25, strLen=127,  1, 32767,,, -1, 32767, 2
05-14 18:15:05.418   367   367 I thermal_repeater: oh, queryMdThermalInfo (0)Bad file number
05-14 18:15:05.457   367   367 I thermal_repeater: [recvMdThermalInfo] ret=25, strLen=127,  1, 32767,,, -1, 32767, 2
05-14 18:15:10.463   367   367 I thermal_repeater: oh, queryMdThermalInfo (0)Bad file number
05-14 18:15:10.468   367   367 I thermal_repeater: [recvMdThermalInfo] ret=25, strLen=127,  1, 32767,,, -1, 32767, 2
05-14 18:15:13.031   788  1387 W Watchdog: SWT Watchdog after wait current time:16051200
05-14 18:15:13.031   788  1387 W Watchdog: **Get SF Time **1
05-14 18:15:13.031   788  1387 W Watchdog: SWT Watchdog before synchronized:16051201
05-14 18:15:13.031   788  1387 W Watchdog: SWT Watchdog after synchronized:16051201
05-14 18:15:13.031   788  1387 W Watchdog: SWT Watchdog before wait timeout:30000
05-14 18:15:13.031   788  1387 W Watchdog: SWT Watchdog before wait current time:16051201
05-14 18:15:13.031   788  1387 W Watchdog: SWT Watchdog before wait start:16051201
05-14 18:15:13.031   788  1387 W Watchdog: SWT Watchdog before wait CHECK_INTERVAL:30000
05-14 18:15:15.470   367   367 I thermal_repeater: oh, queryMdThermalInfo (0)Bad file number
05-14 18:15:15.481   367   367 I thermal_repeater: [recvMdThermalInfo] ret=25, strLen=127,  1, 32767,,, -1, 32767, 2
05-14 18:15:20.488   367   367 I thermal_repeater: oh, queryMdThermalInfo (0)Bad file number
05-14 18:15:20.499   367   367 I thermal_repeater: [recvMdThermalInfo] ret=25, strLen=127,  1, 32767,,, -1, 32767, 2
05-14 18:15:24.091   788  1806 W ActivityManager: getRunningAppProcesses: caller 10095 does not hold REAL_GET_TASKS; limiting output
05-14 18:15:25.504   367   367 I thermal_repeater: oh, queryMdThermalInfo (0)Bad file number
05-14 18:15:25.508   367   367 I thermal_repeater: [recvMdThermalInfo] ret=25, strLen=127,  1, 32767,,, -1, 32767, 2
05-14 18:15:30.514   367   367 I thermal_repeater: oh, queryMdThermalInfo (0)Bad file number
05-14 18:15:30.553   367   367 I thermal_repeater: [recvMdThermalInfo] ret=25, strLen=127,  1, 32767,,, -1, 32767, 2
