--------- beginning of system
05-14 17:54:38.188   367   367 I thermal_repeater: oh, queryMdThermalInfo (0)Bad file number
05-14 17:54:38.227   367   367 I thermal_repeater: [recvMdThermalInfo] ret=25, strLen=127,  1, 32767,,, -1, 32767, 2
05-14 17:54:42.995   788  1387 W Watchdog: SWT Watchdog after wait current time:14821165
05-14 17:54:42.995   788  1387 W Watchdog: **Get SF Time **1
05-14 17:54:42.995   788  1387 W Watchdog: SWT Watchdog before synchronized:14821165
05-14 17:54:42.995   788  1387 W Watchdog: SWT Watchdog after synchronized:14821165
05-14 17:54:42.995   788  1387 W Watchdog: SWT Watchdog before wait timeout:30000
05-14 17:54:42.996   788  1387 W Watchdog: SWT Watchdog before wait current time:14821165
05-14 17:54:42.996   788  1387 W Watchdog: SWT Watchdog before wait start:14821165
05-14 17:54:42.996   788  1387 W Watchdog: SWT Watchdog before wait CHECK_INTERVAL:30000
05-14 17:54:43.233   367   367 I thermal_repeater: oh, queryMdThermalInfo (0)Bad file number
05-14 17:54:43.265   367   367 I thermal_repeater: [recvMdThermalInfo] ret=29, strLen=127,  1, 32767,,, -3473, 32767, -1
05-14 17:54:48.271   367   367 I thermal_repeater: oh, queryMdThermalInfo (0)Bad file number
05-14 17:54:48.322   367   367 I thermal_repeater: [recvMdThermalInfo] ret=25, strLen=127,  1, 32767,,, -1, 32767, 2
05-14 17:54:53.328   367   367 I thermal_repeater: oh, queryMdThermalInfo (0)Bad file number
05-14 17:54:53.367   367   367 I thermal_repeater: [recvMdThermalInfo] ret=25, strLen=127,  1, 32767,,, -1, 32767, 2
05-14 17:54:54.096   788  1756 W ActivityManager: getRunningAppProcesses: caller 10095 does not hold REAL_GET_TASKS; limiting output
05-14 17:54:58.374   367   367 I thermal_repeater: oh, queryMdThermalInfo (0)Bad file number
05-14 17:54:58.413   367   367 I thermal_repeater: [recvMdThermalInfo] ret=25, strLen=127,  1, 32767,,, -1, 32767, 2
05-14 17:55:03.419   367   367 I thermal_repeater: oh, queryMdThermalInfo (0)Bad file number
05-14 17:55:03.431   367   367 I thermal_repeater: [recvMdThermalInfo] ret=25, strLen=127,  1, 32767,,, -1, 32767, 2
05-14 17:55:08.437   367   367 I thermal_repeater: oh, queryMdThermalInfo (0)Bad file number
05-14 17:55:08.448   367   367 I thermal_repeater: [recvMdThermalInfo] ret=25, strLen=127,  1, 32767,,, -1, 32767, 2
05-14 17:55:12.996   788  1387 W Watchdog: SWT Watchdog after wait current time:14851166
05-14 17:55:12.996   788  1387 W Watchdog: **Get SF Time **1
05-14 17:55:12.996   788  1387 W Watchdog: SWT Watchdog before synchronized:14851166
05-14 17:55:12.996   788  1387 W Watchdog: SWT Watchdog after synchronized:14851166
05-14 17:55:12.996   788  1387 W Watchdog: SWT Watchdog before wait timeout:30000
05-14 17:55:12.996   788  1387 W Watchdog: SWT Watchdog before wait current time:14851166
05-14 17:55:12.996   788  1387 W Watchdog: SWT Watchdog before wait start:14851166
05-14 17:55:12.996   788  1387 W Watchdog: SWT Watchdog before wait CHECK_INTERVAL:30000
05-14 17:55:13.450   367   367 I thermal_repeater: oh, queryMdThermalInfo (0)Bad file number
05-14 17:55:13.461   367   367 I thermal_repeater: [recvMdThermalInfo] ret=25, strLen=127,  1, 32767,,, -1, 32767, 2
05-14 17:55:18.468   367   367 I thermal_repeater: oh, queryMdThermalInfo (0)Bad file number
05-14 17:55:18.507   367   367 I thermal_repeater: [recvMdThermalInfo] ret=25, strLen=127,  1, 32767,,, -1, 32767, 2
05-14 17:55:23.512   367   367 I thermal_repeater: oh, queryMdThermalInfo (0)Bad file number
05-14 17:55:23.524   367   367 I thermal_repeater: [recvMdThermalInfo] ret=25, strLen=127,  1, 32767,,, -1, 32767, 2
05-14 17:55:24.096   788   931 W ActivityManager: getRunningAppProcesses: caller 10095 does not hold REAL_GET_TASKS; limiting output
05-14 17:55:28.530   367   367 I thermal_repeater: oh, queryMdThermalInfo (0)Bad file number
05-14 17:55:28.564   367   367 I thermal_repeater: [recvMdThermalInfo] ret=25, strLen=127,  1, 32767,,, -1, 32767, 2
05-14 17:55:33.571   367   367 I thermal_repeater: oh, queryMdThermalInfo (0)Bad file number
05-14 17:55:33.575   367   367 I thermal_repeater: [recvMdThermalInfo] ret=25, strLen=127,  1, 32767,,, -1, 32767, 2
05-14 17:55:38.581   367   367 I thermal_repeater: oh, queryMdThermalInfo (0)Bad file number
05-14 17:55:38.620   367   367 I thermal_repeater: [recvMdThermalInfo] ret=25, strLen=127,  1, 32767,,, -1, 32767, 2
05-14 17:55:42.997   788  1387 W Watchdog: SWT Watchdog after wait current time:14881166
05-14 17:55:42.997   788  1387 W Watchdog: **Get SF Time **1
05-14 17:55:42.997   788  1387 W Watchdog: SWT Watchdog before synchronized:14881167
05-14 17:55:42.997   788  1387 W Watchdog: SWT Watchdog after synchronized:14881167
05-14 17:55:42.997   788  1387 W Watchdog: SWT Watchdog before wait timeout:30000
05-14 17:55:42.997   788  1387 W Watchdog: SWT Watchdog before wait current time:14881167
05-14 17:55:42.997   788  1387 W Watchdog: SWT Watchdog before wait start:14881167
05-14 17:55:42.997   788  1387 W Watchdog: SWT Watchdog before wait CHECK_INTERVAL:30000
05-14 17:55:43.627   367   367 I thermal_repeater: oh, queryMdThermalInfo (0)Bad file number
05-14 17:55:43.651   367   367 I thermal_repeater: [recvMdThermalInfo] ret=25, strLen=127,  1, 32767,,, -1, 32767, 2
05-14 17:55:48.657   367   367 I thermal_repeater: oh, queryMdThermalInfo (0)Bad file number
05-14 17:55:48.668   367   367 I thermal_repeater: [recvMdThermalInfo] ret=25, strLen=127,  1, 32767,,, -1, 32767, 2
05-14 17:55:53.674   367   367 I thermal_repeater: oh, queryMdThermalInfo (0)Bad file number
05-14 17:55:53.685   367   367 I thermal_repeater: [recvMdThermalInfo] ret=25, strLen=127,  1, 32767,,, -1, 32767, 2
05-14 17:55:54.073   788  1750 W ActivityManager: getRunningAppProcesses: caller 10095 does not hold REAL_GET_TASKS; limiting output
05-14 17:55:58.692   367   367 I thermal_repeater: oh, queryMdThermalInfo (0)Bad file number
05-14 17:55:58.729   367   367 I thermal_repeater: [recvMdThermalInfo] ret=25, strLen=127,  1, 32767,,, -1, 32767, 2
05-14 17:56:03.735   367   367 I thermal_repeater: oh, queryMdThermalInfo (0)Bad file number
05-14 17:56:03.770   367   367 I thermal_repeater: [recvMdThermalInfo] ret=25, strLen=127,  1, 32767,,, -1, 32767, 2
05-14 17:56:08.777   367   367 I thermal_repeater: oh, queryMdThermalInfo (0)Bad file number
05-14 17:56:08.788   367   367 I thermal_repeater: [recvMdThermalInfo] ret=25, strLen=127,  1, 32767,,, -1, 32767, 2
05-14 17:56:12.997   788  1387 W Watchdog: SWT Watchdog after wait current time:14911167
05-14 17:56:12.997   788  1387 W Watchdog: **Get SF Time **1
05-14 17:56:12.998   788  1387 W Watchdog: SWT Watchdog before synchronized:14911168
05-14 17:56:12.998   788  1387 W Watchdog: SWT Watchdog after synchronized:14911168
05-14 17:56:12.998   788  1387 W Watchdog: SWT Watchdog before wait timeout:30000
05-14 17:56:12.998   788  1387 W Watchdog: SWT Watchdog before wait current time:14911168
05-14 17:56:12.998   788  1387 W Watchdog: SWT Watchdog before wait start:14911168
05-14 17:56:12.998   788  1387 W Watchdog: SWT Watchdog before wait CHECK_INTERVAL:30000
05-14 17:56:13.790   367   367 I thermal_repeater: oh, queryMdThermalInfo (0)Bad file number
05-14 17:56:13.801   367   367 I thermal_repeater: [recvMdThermalInfo] ret=25, strLen=127,  1, 32767,,, -1, 32767, 2
05-14 17:56:18.807   367   367 I thermal_repeater: oh, queryMdThermalInfo (0)Bad file number
05-14 17:56:18.841   367   367 I thermal_repeater: [recvMdThermalInfo] ret=25, strLen=127,  1, 32767,,, -1, 32767, 2
05-14 17:56:23.847   367   367 I thermal_repeater: oh, queryMdThermalInfo (0)Bad file number
05-14 17:56:23.858   367   367 I thermal_repeater: [recvMdThermalInfo] ret=25, strLen=127,  1, 32767,,, -1, 32767, 2
05-14 17:56:24.090   788  1320 W ActivityManager: getRunningAppProcesses: caller 10095 does not hold REAL_GET_TASKS; limiting output
05-14 17:56:28.862   367   367 I thermal_repeater: oh, queryMdThermalInfo (0)Bad file number
05-14 17:56:28.895   367   367 I thermal_repeater: [recvMdThermalInfo] ret=25, strLen=127,  1, 32767,,, -1, 32767, 2
05-14 17:56:33.901   367   367 I thermal_repeater: oh, queryMdThermalInfo (0)Bad file number
05-14 17:56:33.912   367   367 I thermal_repeater: [recvMdThermalInfo] ret=25, strLen=127,  1, 32767,,, -1, 32767, 2
05-14 17:56:38.918   367   367 I thermal_repeater: oh, queryMdThermalInfo (0)Bad file number
05-14 17:56:38.953   367   367 I thermal_repeater: [recvMdThermalInfo] ret=25, strLen=127,  1, 32767,,, -1, 32767, 2
05-14 17:56:42.998   788  1387 W Watchdog: SWT Watchdog after wait current time:14941168
05-14 17:56:42.998   788  1387 W Watchdog: **Get SF Time **1
05-14 17:56:42.998   788  1387 W Watchdog: SWT Watchdog before synchronized:14941168
05-14 17:56:42.998   788  1387 W Watchdog: SWT Watchdog after synchronized:14941168
05-14 17:56:42.998   788  1387 W Watchdog: SWT Watchdog before wait timeout:30000
05-14 17:56:42.998   788  1387 W Watchdog: SWT Watchdog before wait current time:14941168
05-14 17:56:42.998   788  1387 W Watchdog: SWT Watchdog before wait start:14941168
05-14 17:56:42.999   788  1387 W Watchdog: SWT Watchdog before wait CHECK_INTERVAL:30000
05-14 17:56:43.959   367   367 I thermal_repeater: oh, queryMdThermalInfo (0)Bad file number
05-14 17:56:43.970   367   367 I thermal_repeater: [recvMdThermalInfo] ret=25, strLen=127,  1, 32767,,, -1, 32767, 2
05-14 17:56:48.976   367   367 I thermal_repeater: oh, queryMdThermalInfo (0)Bad file number
05-14 17:56:48.999   367   367 I thermal_repeater: [recvMdThermalInfo] ret=29, strLen=127,  1, 32767,,, -3473, 32767, -1
05-14 17:56:54.005   367   367 I thermal_repeater: oh, queryMdThermalInfo (0)Bad file number
05-14 17:56:54.020   367   367 I thermal_repeater: [recvMdThermalInfo] ret=25, strLen=127,  1, 32767,,, -1, 32767, 2
05-14 17:56:54.096   788  1755 W ActivityManager: getRunningAppProcesses: caller 10095 does not hold REAL_GET_TASKS; limiting output
05-14 17:56:59.026   367   367 I thermal_repeater: oh, queryMdThermalInfo (0)Bad file number
05-14 17:56:59.037   367   367 I thermal_repeater: [recvMdThermalInfo] ret=25, strLen=127,  1, 32767,,, -1, 32767, 2
05-14 17:57:04.040   367   367 I thermal_repeater: oh, queryMdThermalInfo (0)Bad file number
05-14 17:57:04.052   367   367 I thermal_repeater: [recvMdThermalInfo] ret=25, strLen=127,  1, 32767,,, -1, 32767, 2
05-14 17:57:09.058   367   367 I thermal_repeater: oh, queryMdThermalInfo (0)Bad file number
05-14 17:57:09.069   367   367 I thermal_repeater: [recvMdThermalInfo] ret=25, strLen=127,  1, 32767,,, -1, 32767, 2
05-14 17:57:12.999   788  1387 W Watchdog: SWT Watchdog after wait current time:14971169
05-14 17:57:12.999   788  1387 W Watchdog: **Get SF Time **1
05-14 17:57:12.999   788  1387 W Watchdog: SWT Watchdog before synchronized:14971169
05-14 17:57:12.999   788  1387 W Watchdog: SWT Watchdog after synchronized:14971169
05-14 17:57:12.999   788  1387 W Watchdog: SWT Watchdog before wait timeout:30000
05-14 17:57:12.999   788  1387 W Watchdog: SWT Watchdog before wait current time:14971169
05-14 17:57:12.999   788  1387 W Watchdog: SWT Watchdog before wait start:14971169
05-14 17:57:12.999   788  1387 W Watchdog: SWT Watchdog before wait CHECK_INTERVAL:30000
05-14 17:57:14.076   367   367 I thermal_repeater: oh, queryMdThermalInfo (0)Bad file number
05-14 17:57:14.087   367   367 I thermal_repeater: [recvMdThermalInfo] ret=25, strLen=127,  1, 32767,,, -1, 32767, 2
05-14 17:57:19.090   367   367 I thermal_repeater: oh, queryMdThermalInfo (0)Bad file number
05-14 17:57:19.129   367   367 I thermal_repeater: [recvMdThermalInfo] ret=25, strLen=127,  1, 32767,,, -1, 32767, 2
05-14 17:57:24.091   788  1750 W ActivityManager: getRunningAppProcesses: caller 10095 does not hold REAL_GET_TASKS; limiting output
05-14 17:57:24.136   367   367 I thermal_repeater: oh, queryMdThermalInfo (0)Bad file number
05-14 17:57:24.147   788  1742 W JobServiceContext: verifyCallingUid.928..:[ComponentInfo{com.meizu.experiencedatasync/com.meizu.experiencedatasync.service.PerformanceMonitorService},jId=2,u0,R=(-05:00,-00:00),N=0,C=false,I=false,F=0,P=true(READY)]
05-14 17:57:24.147   788  1742 W JobServiceContext: verifyCallingUid. END
05-14 17:57:24.148   788  1755 W JobServiceContext: verifyCallingUid.928..:[ComponentInfo{com.meizu.experiencedatasync/com.meizu.experiencedatasync.service.PerformanceMonitorService},jId=2,u0,R=(-05:00,-00:00),N=0,C=false,I=false,F=0,P=true(READY)]
05-14 17:57:24.148   788  1755 W JobServiceContext: verifyCallingUid. END
05-14 17:57:24.152   788   788 W JobServiceContext: closeAndCleanupJobH.928..:[ComponentInfo{com.meizu.experiencedatasync/com.meizu.experiencedatasync.service.PerformanceMonitorService},jId=2,u0,R=(-05:00,-00:00),N=0,C=false,I=false,F=0,P=true(READY)]
05-14 17:57:24.154   367   367 I thermal_repeater: [recvMdThermalInfo] ret=25, strLen=127,  1, 32767,,, -1, 32767, 2
05-14 17:57:29.160   367   367 I thermal_repeater: oh, queryMdThermalInfo (0)Bad file number
05-14 17:57:29.171   367   367 I thermal_repeater: [recvMdThermalInfo] ret=25, strLen=127,  1, 32767,,, -1, 32767, 2
05-14 17:57:34.177   367   367 I thermal_repeater: oh, queryMdThermalInfo (0)Bad file number
05-14 17:57:34.207   367   367 I thermal_repeater: [recvMdThermalInfo] ret=25, strLen=127,  1, 32767,,, -1, 32767, 2
05-14 17:57:39.213   367   367 I thermal_repeater: oh, queryMdThermalInfo (0)Bad file number
05-14 17:57:39.217   367   367 I thermal_repeater: [recvMdThermalInfo] ret=25, strLen=127,  1, 32767,,, -1, 32767, 2
05-14 17:57:43.000   788  1387 W Watchdog: SWT Watchdog after wait current time:15001170
05-14 17:57:43.000   788  1387 W Watchdog: **Get SF Time **1
05-14 17:57:43.000   788  1387 W Watchdog: SWT Watchdog before synchronized:15001170
05-14 17:57:43.000   788  1387 W Watchdog: SWT Watchdog after synchronized:15001170
05-14 17:57:43.000   788  1387 W Watchdog: SWT Watchdog before wait timeout:30000
05-14 17:57:43.000   788  1387 W Watchdog: SWT Watchdog before wait current time:15001170
05-14 17:57:43.000   788  1387 W Watchdog: SWT Watchdog before wait start:15001170
05-14 17:57:43.000   788  1387 W Watchdog: SWT Watchdog before wait CHECK_INTERVAL:30000
05-14 17:57:44.224   367   367 I thermal_repeater: oh, queryMdThermalInfo (0)Bad file number
05-14 17:57:44.235   367   367 I thermal_repeater: [recvMdThermalInfo] ret=25, strLen=127,  1, 32767,,, -1, 32767, 2
05-14 17:57:49.240   367   367 I thermal_repeater: oh, queryMdThermalInfo (0)Bad file number
05-14 17:57:49.252   367   367 I thermal_repeater: [recvMdThermalInfo] ret=25, strLen=127,  1, 32767,,, -1, 32767, 2
05-14 17:57:54.091   788  1789 W ActivityManager: getRunningAppProcesses: caller 10095 does not hold REAL_GET_TASKS; limiting output
05-14 17:57:54.258   367   367 I thermal_repeater: oh, queryMdThermalInfo (0)Bad file number
05-14 17:57:54.281   367   367 I thermal_repeater: [recvMdThermalInfo] ret=25, strLen=127,  1, 32767,,, -1, 32767, 2
05-14 17:57:59.287   367   367 I thermal_repeater: oh, queryMdThermalInfo (0)Bad file number
05-14 17:57:59.322   367   367 I thermal_repeater: [recvMdThermalInfo] ret=25, strLen=127,  1, 32767,,, -1, 32767, 2
05-14 17:58:04.328   367   367 I thermal_repeater: oh, queryMdThermalInfo (0)Bad file number
05-14 17:58:04.339   367   367 I thermal_repeater: [recvMdThermalInfo] ret=25, strLen=127,  1, 32767,,, -1, 32767, 2
05-14 17:58:09.346   367   367 I thermal_repeater: oh, queryMdThermalInfo (0)Bad file number
05-14 17:58:09.350   367   367 I thermal_repeater: [recvMdThermalInfo] ret=25, strLen=127,  1, 32767,,, -1, 32767, 2
05-14 17:58:13.001   788  1387 W Watchdog: SWT Watchdog after wait current time:15031171
05-14 17:58:13.001   788  1387 W Watchdog: **Get SF Time **1
05-14 17:58:13.001   788  1387 W Watchdog: SWT Watchdog before synchronized:15031171
05-14 17:58:13.001   788  1387 W Watchdog: SWT Watchdog after synchronized:15031171
05-14 17:58:13.001   788  1387 W Watchdog: SWT Watchdog before wait timeout:30000
05-14 17:58:13.001   788  1387 W Watchdog: SWT Watchdog before wait current time:15031171
05-14 17:58:13.001   788  1387 W Watchdog: SWT Watchdog before wait start:15031171
05-14 17:58:13.001   788  1387 W Watchdog: SWT Watchdog before wait CHECK_INTERVAL:30000
05-14 17:58:14.356   367   367 I thermal_repeater: oh, queryMdThermalInfo (0)Bad file number
05-14 17:58:14.409   367   367 I thermal_repeater: [recvMdThermalInfo] ret=25, strLen=127,  1, 32767,,, -1, 32767, 2
05-14 17:58:19.416   367   367 I thermal_repeater: oh, queryMdThermalInfo (0)Bad file number
05-14 17:58:19.454   367   367 I thermal_repeater: [recvMdThermalInfo] ret=25, strLen=127,  1, 32767,,, -1, 32767, 2
05-14 17:58:24.064   788  1742 W ActivityManager: getRunningAppProcesses: caller 10095 does not hold REAL_GET_TASKS; limiting output
05-14 17:58:24.461   367   367 I thermal_repeater: oh, queryMdThermalInfo (0)Bad file number
05-14 17:58:24.472   367   367 I thermal_repeater: [recvMdThermalInfo] ret=25, strLen=127,  1, 32767,,, -1, 32767, 2
05-14 17:58:29.478   367   367 I thermal_repeater: oh, queryMdThermalInfo (0)Bad file number
05-14 17:58:29.517   367   367 I thermal_repeater: [recvMdThermalInfo] ret=25, strLen=127,  1, 32767,,, -1, 32767, 2
05-14 17:58:34.523   367   367 I thermal_repeater: oh, queryMdThermalInfo (0)Bad file number
05-14 17:58:34.533   367   367 I thermal_repeater: [recvMdThermalInfo] ret=25, strLen=127,  1, 32767,,, -1, 32767, 2
05-14 17:58:39.540   367   367 I thermal_repeater: oh, queryMdThermalInfo (0)Bad file number
05-14 17:58:39.551   367   367 I thermal_repeater: [recvMdThermalInfo] ret=25, strLen=127,  1, 32767,,, -1, 32767, 2
05-14 17:58:43.002   788  1387 W Watchdog: SWT Watchdog after wait current time:15061171
05-14 17:58:43.002   788  1387 W Watchdog: **Get SF Time **1
05-14 17:58:43.002   788  1387 W Watchdog: SWT Watchdog before synchronized:15061172
05-14 17:58:43.002   788  1387 W Watchdog: SWT Watchdog after synchronized:15061172
05-14 17:58:43.002   788  1387 W Watchdog: SWT Watchdog before wait timeout:30000
05-14 17:58:43.002   788  1387 W Watchdog: SWT Watchdog before wait current time:15061172
05-14 17:58:43.002   788  1387 W Watchdog: SWT Watchdog before wait start:15061172
05-14 17:58:43.002   788  1387 W Watchdog: SWT Watchdog before wait CHECK_INTERVAL:30000
05-14 17:58:44.553   367   367 I thermal_repeater: oh, queryMdThermalInfo (0)Bad file number
05-14 17:58:44.591   367   367 I thermal_repeater: [recvMdThermalInfo] ret=25, strLen=127,  1, 32767,,, -1, 32767, 2
05-14 17:58:49.597   367   367 I thermal_repeater: oh, queryMdThermalInfo (0)Bad file number
05-14 17:58:49.633   367   367 I thermal_repeater: [recvMdThermalInfo] ret=25, strLen=127,  1, 32767,,, -1, 32767, 2
05-14 17:58:54.081   788  1747 W ActivityManager: getRunningAppProcesses: caller 10095 does not hold REAL_GET_TASKS; limiting output
05-14 17:58:54.639   367   367 I thermal_repeater: oh, queryMdThermalInfo (0)Bad file number
05-14 17:58:54.674   367   367 I thermal_repeater: [recvMdThermalInfo] ret=25, strLen=127,  1, 32767,,, -1, 32767, 2
05-14 17:58:59.680   367   367 I thermal_repeater: oh, queryMdThermalInfo (0)Bad file number
05-14 17:58:59.691   367   367 I thermal_repeater: [recvMdThermalInfo] ret=25, strLen=127,  1, 32767,,, -1, 32767, 2
05-14 17:59:04.697   367   367 I thermal_repeater: oh, queryMdThermalInfo (0)Bad file number
05-14 17:59:04.736   367   367 I thermal_repeater: [recvMdThermalInfo] ret=25, strLen=127,  1, 32767,,, -1, 32767, 2
05-14 17:59:09.740   367   367 I thermal_repeater: oh, queryMdThermalInfo (0)Bad file number
05-14 17:59:09.752   367   367 I thermal_repeater: [recvMdThermalInfo] ret=25, strLen=127,  1, 32767,,, -1, 32767, 2
05-14 17:59:13.002   788  1387 W Watchdog: SWT Watchdog after wait current time:15091172
05-14 17:59:13.003   788  1387 W Watchdog: **Get SF Time **1
05-14 17:59:13.003   788  1387 W Watchdog: SWT Watchdog before synchronized:15091173
05-14 17:59:13.003   788  1387 W Watchdog: SWT Watchdog after synchronized:15091173
05-14 17:59:13.003   788  1387 W Watchdog: SWT Watchdog before wait timeout:30000
05-14 17:59:13.003   788  1387 W Watchdog: SWT Watchdog before wait current time:15091173
05-14 17:59:13.003   788  1387 W Watchdog: SWT Watchdog before wait start:15091173
05-14 17:59:13.003   788  1387 W Watchdog: SWT Watchdog before wait CHECK_INTERVAL:30000
05-14 17:59:14.758   367   367 I thermal_repeater: oh, queryMdThermalInfo (0)Bad file number
05-14 17:59:14.782   367   367 I thermal_repeater: [recvMdThermalInfo] ret=25, strLen=127,  1, 32767,,, -1, 32767, 2
05-14 17:59:19.789   367   367 I thermal_repeater: oh, queryMdThermalInfo (0)Bad file number
05-14 17:59:19.801   367   367 I thermal_repeater: [recvMdThermalInfo] ret=25, strLen=127,  1, 32767,,, -1, 32767, 2
05-14 17:59:24.076   788  1742 W ActivityManager: getRunningAppProcesses: caller 10095 does not hold REAL_GET_TASKS; limiting output
05-14 17:59:24.178   788  1747 W JobServiceContext: verifyCallingUid.711..:[ComponentInfo{com.meizu.experiencedatasync/com.meizu.experiencedatasync.service.PerformanceMonitorService},jId=2,u0,R=(-02:00,02:59),N=0,C=false,I=false,F=0,P=true(READY)]
05-14 17:59:24.178   788  1747 W JobServiceContext: verifyCallingUid. END
05-14 17:59:24.179   788  1758 W JobServiceContext: verifyCallingUid.711..:[ComponentInfo{com.meizu.experiencedatasync/com.meizu.experiencedatasync.service.PerformanceMonitorService},jId=2,u0,R=(-02:00,02:59),N=0,C=false,I=false,F=0,P=true(READY)]
05-14 17:59:24.179   788  1758 W JobServiceContext: verifyCallingUid. END
05-14 17:59:24.183   788   788 W JobServiceContext: closeAndCleanupJobH.711..:[ComponentInfo{com.meizu.experiencedatasync/com.meizu.experiencedatasync.service.PerformanceMonitorService},jId=2,u0,R=(-02:00,02:59),N=0,C=false,I=false,F=0,P=true(READY)]
05-14 17:59:24.807   367   367 I thermal_repeater: oh, queryMdThermalInfo (0)Bad file number
05-14 17:59:24.846   367   367 I thermal_repeater: [recvMdThermalInfo] ret=25, strLen=127,  1, 32767,,, -1, 32767, 2
05-14 17:59:29.850   367   367 I thermal_repeater: oh, queryMdThermalInfo (0)Bad file number
05-14 17:59:29.854   367   367 I thermal_repeater: [recvMdThermalInfo] ret=25, strLen=127,  1, 32767,,, -1, 32767, 2
05-14 17:59:34.860   367   367 I thermal_repeater: oh, queryMdThermalInfo (0)Bad file number
05-14 17:59:34.871   367   367 I thermal_repeater: [recvMdThermalInfo] ret=25, strLen=127,  1, 32767,,, -1, 32767, 2
05-14 17:59:39.878   367   367 I thermal_repeater: oh, queryMdThermalInfo (0)Bad file number
05-14 17:59:39.889   367   367 I thermal_repeater: [recvMdThermalInfo] ret=25, strLen=127,  1, 32767,,, -1, 32767, 2
05-14 17:59:43.003   788  1387 W Watchdog: SWT Watchdog after wait current time:15121173
05-14 17:59:43.003   788  1387 W Watchdog: **Get SF Time **1
05-14 17:59:43.004   788  1387 W Watchdog: SWT Watchdog before synchronized:15121173
05-14 17:59:43.004   788  1387 W Watchdog: SWT Watchdog after synchronized:15121173
05-14 17:59:43.004   788  1387 W Watchdog: SWT Watchdog before wait timeout:30000
05-14 17:59:43.004   788  1387 W Watchdog: SWT Watchdog before wait current time:15121174
05-14 17:59:43.004   788  1387 W Watchdog: SWT Watchdog before wait start:15121174
05-14 17:59:43.004   788  1387 W Watchdog: SWT Watchdog before wait CHECK_INTERVAL:30000
05-14 17:59:44.895   367   367 I thermal_repeater: oh, queryMdThermalInfo (0)Bad file number
05-14 17:59:44.906   367   367 I thermal_repeater: [recvMdThermalInfo] ret=25, strLen=127,  1, 32767,,, -1, 32767, 2
05-14 17:59:49.913   367   367 I thermal_repeater: oh, queryMdThermalInfo (0)Bad file number
05-14 17:59:49.924   367   367 I thermal_repeater: [recvMdThermalInfo] ret=25, strLen=127,  1, 32767,,, -1, 32767, 2
05-14 17:59:54.084   788  1750 W ActivityManager: getRunningAppProcesses: caller 10095 does not hold REAL_GET_TASKS; limiting output
05-14 17:59:54.930   367   367 I thermal_repeater: oh, queryMdThermalInfo (0)Bad file number
05-14 17:59:54.941   367   367 I thermal_repeater: [recvMdThermalInfo] ret=25, strLen=127,  1, 32767,,, -1, 32767, 2
05-14 17:59:59.948   367   367 I thermal_repeater: oh, queryMdThermalInfo (0)Bad file number
05-14 17:59:59.978   367   367 I thermal_repeater: [recvMdThermalInfo] ret=25, strLen=127,  1, 32767,,, -1, 32767, 2
05-14 18:00:04.984   367   367 I thermal_repeater: oh, queryMdThermalInfo (0)Bad file number
05-14 18:00:04.995   367   367 I thermal_repeater: [recvMdThermalInfo] ret=25, strLen=127,  1, 32767,,, -1, 32767, 2
05-14 18:00:10.002   367   367 I thermal_repeater: oh, queryMdThermalInfo (0)Bad file number
05-14 18:00:10.036   367   367 I thermal_repeater: [recvMdThermalInfo] ret=25, strLen=127,  1, 32767,,, -1, 32767, 2
05-14 18:00:13.004   788  1387 W Watchdog: SWT Watchdog after wait current time:15151174
05-14 18:00:13.004   788  1387 W Watchdog: **Get SF Time **1
05-14 18:00:13.004   788  1387 W Watchdog: SWT Watchdog before synchronized:15151174
05-14 18:00:13.004   788  1387 W Watchdog: SWT Watchdog after synchronized:15151174
05-14 18:00:13.005   788  1387 W Watchdog: SWT Watchdog before wait timeout:30000
05-14 18:00:13.005   788  1387 W Watchdog: SWT Watchdog before wait current time:15151175
05-14 18:00:13.005   788  1387 W Watchdog: SWT Watchdog before wait start:15151174
05-14 18:00:13.005   788  1387 W Watchdog: SWT Watchdog before wait CHECK_INTERVAL:30000
05-14 18:00:15.040   367   367 I thermal_repeater: oh, queryMdThermalInfo (0)Bad file number
05-14 18:00:15.045   367   367 I thermal_repeater: [recvMdThermalInfo] ret=25, strLen=127,  1, 32767,,, -1, 32767, 2
05-14 18:00:20.051   367   367 I thermal_repeater: oh, queryMdThermalInfo (0)Bad file number
05-14 18:00:20.092   367   367 I thermal_repeater: [recvMdThermalInfo] ret=25, strLen=127,  1, 32767,,, -1, 32767, 2
05-14 18:00:24.081   788  3778 W ActivityManager: getRunningAppProcesses: caller 10095 does not hold REAL_GET_TASKS; limiting output
05-14 18:00:25.099   367   367 I thermal_repeater: oh, queryMdThermalInfo (0)Bad file number
05-14 18:00:25.110   367   367 I thermal_repeater: [recvMdThermalInfo] ret=25, strLen=127,  1, 32767,,, -1, 32767, 2
05-14 18:00:30.117   367   367 I thermal_repeater: oh, queryMdThermalInfo (0)Bad file number
05-14 18:00:30.121   367   367 I thermal_repeater: [recvMdThermalInfo] ret=25, strLen=127,  1, 32767,,, -1, 32767, 2
05-14 18:00:35.127   367   367 I thermal_repeater: oh, queryMdThermalInfo (0)Bad file number
05-14 18:00:35.166   367   367 I thermal_repeater: [recvMdThermalInfo] ret=25, strLen=127,  1, 32767,,, -1, 32767, 2
05-14 18:00:40.171   367   367 I thermal_repeater: oh, queryMdThermalInfo (0)Bad file number
05-14 18:00:40.182   367   367 I thermal_repeater: [recvMdThermalInfo] ret=25, strLen=127,  1, 32767,,, -1, 32767, 2
05-14 18:00:43.005   788  1387 W Watchdog: SWT Watchdog after wait current time:15181175
05-14 18:00:43.005   788  1387 W Watchdog: **Get SF Time **1
05-14 18:00:43.005   788  1387 W Watchdog: SWT Watchdog before synchronized:15181175
05-14 18:00:43.005   788  1387 W Watchdog: SWT Watchdog after synchronized:15181175
05-14 18:00:43.005   788  1387 W Watchdog: SWT Watchdog before wait timeout:30000
05-14 18:00:43.005   788  1387 W Watchdog: SWT Watchdog before wait current time:15181175
05-14 18:00:43.005   788  1387 W Watchdog: SWT Watchdog before wait start:15181175
05-14 18:00:43.005   788  1387 W Watchdog: SWT Watchdog before wait CHECK_INTERVAL:30000
05-14 18:00:45.188   367   367 I thermal_repeater: oh, queryMdThermalInfo (0)Bad file number
05-14 18:00:45.199   367   367 I thermal_repeater: [recvMdThermalInfo] ret=25, strLen=127,  1, 32767,,, -1, 32767, 2
05-14 18:00:50.200   367   367 I thermal_repeater: oh, queryMdThermalInfo (0)Bad file number
05-14 18:00:50.235   367   367 I thermal_repeater: [recvMdThermalInfo] ret=25, strLen=127,  1, 32767,,, -1, 32767, 2
05-14 18:00:54.096   788  1756 W ActivityManager: getRunningAppProcesses: caller 10095 does not hold REAL_GET_TASKS; limiting output
05-14 18:00:55.241   367   367 I thermal_repeater: oh, queryMdThermalInfo (0)Bad file number
05-14 18:00:55.252   367   367 I thermal_repeater: [recvMdThermalInfo] ret=25, strLen=127,  1, 32767,,, -1, 32767, 2
05-14 18:01:00.258   367   367 I thermal_repeater: oh, queryMdThermalInfo (0)Bad file number
05-14 18:01:00.293   367   367 I thermal_repeater: [recvMdThermalInfo] ret=25, strLen=127,  1, 32767,,, -1, 32767, 2
05-14 18:01:05.299   367   367 I thermal_repeater: oh, queryMdThermalInfo (0)Bad file number
05-14 18:01:05.311   367   367 I thermal_repeater: [recvMdThermalInfo] ret=25, strLen=127,  1, 32767,,, -1, 32767, 2
05-14 18:01:10.317   367   367 I thermal_repeater: oh, queryMdThermalInfo (0)Bad file number
05-14 18:01:10.352   367   367 I thermal_repeater: [recvMdThermalInfo] ret=25, strLen=127,  1, 32767,,, -1, 32767, 2
05-14 18:01:13.006   788  1387 W Watchdog: SWT Watchdog after wait current time:15211176
05-14 18:01:13.006   788  1387 W Watchdog: **Get SF Time **1
05-14 18:01:13.006   788  1387 W Watchdog: SWT Watchdog before synchronized:15211176
05-14 18:01:13.006   788  1387 W Watchdog: SWT Watchdog after synchronized:15211176
05-14 18:01:13.006   788  1387 W Watchdog: SWT Watchdog before wait timeout:30000
05-14 18:01:13.006   788  1387 W Watchdog: SWT Watchdog before wait current time:15211176
05-14 18:01:13.006   788  1387 W Watchdog: SWT Watchdog before wait start:15211176
05-14 18:01:13.006   788  1387 W Watchdog: SWT Watchdog before wait CHECK_INTERVAL:30000
05-14 18:01:15.358   367   367 I thermal_repeater: oh, queryMdThermalInfo (0)Bad file number
05-14 18:01:15.397   367   367 I thermal_repeater: [recvMdThermalInfo] ret=25, strLen=127,  1, 32767,,, -1, 32767, 2
05-14 18:01:20.404   367   367 I thermal_repeater: oh, queryMdThermalInfo (0)Bad file number
05-14 18:01:20.415   367   367 I thermal_repeater: [recvMdThermalInfo] ret=25, strLen=127,  1, 32767,,, -1, 32767, 2
05-14 18:01:24.096   788   931 W ActivityManager: getRunningAppProcesses: caller 10095 does not hold REAL_GET_TASKS; limiting output
05-14 18:01:25.421   367   367 I thermal_repeater: oh, queryMdThermalInfo (0)Bad file number
05-14 18:01:25.454   367   367 I thermal_repeater: [recvMdThermalInfo] ret=25, strLen=127,  1, 32767,,, -1, 32767, 2
05-14 18:01:29.226   788   933 W ProcessCpuTracker: Skipping unknown process pid 28565
05-14 18:01:30.461   367   367 I thermal_repeater: oh, queryMdThermalInfo (0)Bad file number
05-14 18:01:30.472   367   367 I thermal_repeater: [recvMdThermalInfo] ret=25, strLen=127,  1, 32767,,, -1, 32767, 2
05-14 18:01:35.478   367   367 I thermal_repeater: oh, queryMdThermalInfo (0)Bad file number
05-14 18:01:35.517   367   367 I thermal_repeater: [recvMdThermalInfo] ret=25, strLen=127,  1, 32767,,, -1, 32767, 2
05-14 18:01:40.521   367   367 I thermal_repeater: oh, queryMdThermalInfo (0)Bad file number
05-14 18:01:40.556   367   367 I thermal_repeater: [recvMdThermalInfo] ret=25, strLen=127,  1, 32767,,, -1, 32767, 2
05-14 18:01:43.007   788  1387 W Watchdog: SWT Watchdog after wait current time:15241176
05-14 18:01:43.007   788  1387 W Watchdog: **Get SF Time **1
05-14 18:01:43.007   788  1387 W Watchdog: SWT Watchdog before synchronized:15241177
05-14 18:01:43.007   788  1387 W Watchdog: SWT Watchdog after synchronized:15241177
05-14 18:01:43.007   788  1387 W Watchdog: SWT Watchdog before wait timeout:30000
05-14 18:01:43.007   788  1387 W Watchdog: SWT Watchdog before wait current time:15241177
05-14 18:01:43.007   788  1387 W Watchdog: SWT Watchdog before wait start:15241177
05-14 18:01:43.007   788  1387 W Watchdog: SWT Watchdog before wait CHECK_INTERVAL:30000
05-14 18:01:45.562   367   367 I thermal_repeater: oh, queryMdThermalInfo (0)Bad file number
05-14 18:01:45.600   367   367 I thermal_repeater: [recvMdThermalInfo] ret=25, strLen=127,  1, 32767,,, -1, 32767, 2
05-14 18:01:50.607   367   367 I thermal_repeater: oh, queryMdThermalInfo (0)Bad file number
05-14 18:01:50.611   367   367 I thermal_repeater: [recvMdThermalInfo] ret=25, strLen=127,  1, 32767,,, -1, 32767, 2
05-14 18:01:54.096   788  1758 W ActivityManager: getRunningAppProcesses: caller 10095 does not hold REAL_GET_TASKS; limiting output
05-14 18:01:54.248   788   940 W ProcessCpuTracker: Skipping unknown process pid 28591
05-14 18:01:55.618   367   367 I thermal_repeater: oh, queryMdThermalInfo (0)Bad file number
05-14 18:01:55.652   367   367 I thermal_repeater: [recvMdThermalInfo] ret=25, strLen=127,  1, 32767,,, -1, 32767, 2
05-14 18:02:00.659   367   367 I thermal_repeater: oh, queryMdThermalInfo (0)Bad file number
05-14 18:02:00.694   367   367 I thermal_repeater: [recvMdThermalInfo] ret=25, strLen=127,  1, 32767,,, -1, 32767, 2
05-14 18:02:05.700   367   367 I thermal_repeater: oh, queryMdThermalInfo (0)Bad file number
05-14 18:02:05.711   367   367 I thermal_repeater: [recvMdThermalInfo] ret=25, strLen=127,  1, 32767,,, -1, 32767, 2
05-14 18:02:10.718   367   367 I thermal_repeater: oh, queryMdThermalInfo (0)Bad file number
05-14 18:02:10.752   367   367 I thermal_repeater: [recvMdThermalInfo] ret=25, strLen=127,  1, 32767,,, -1, 32767, 2
05-14 18:02:13.007   788  1387 W Watchdog: SWT Watchdog after wait current time:15271177
05-14 18:02:13.008   788  1387 W Watchdog: **Get SF Time **1
05-14 18:02:13.008   788  1387 W Watchdog: SWT Watchdog before synchronized:15271178
05-14 18:02:13.008   788  1387 W Watchdog: SWT Watchdog after synchronized:15271178
05-14 18:02:13.008   788  1387 W Watchdog: SWT Watchdog before wait timeout:30000
05-14 18:02:13.008   788  1387 W Watchdog: SWT Watchdog before wait current time:15271178
05-14 18:02:13.008   788  1387 W Watchdog: SWT Watchdog before wait start:15271178
05-14 18:02:13.008   788  1387 W Watchdog: SWT Watchdog before wait CHECK_INTERVAL:30000
05-14 18:02:15.755   367   367 I thermal_repeater: oh, queryMdThermalInfo (0)Bad file number
05-14 18:02:15.780   367   367 I thermal_repeater: [recvMdThermalInfo] ret=25, strLen=127,  1, 32767,,, -1, 32767, 2
05-14 18:02:20.786   367   367 I thermal_repeater: oh, queryMdThermalInfo (0)Bad file number
05-14 18:02:20.797   367   367 I thermal_repeater: [recvMdThermalInfo] ret=25, strLen=127,  1, 32767,,, -1, 32767, 2
05-14 18:02:24.062   788  1758 W ActivityManager: getRunningAppProcesses: caller 10095 does not hold REAL_GET_TASKS; limiting output
05-14 18:02:25.801   367   367 I thermal_repeater: oh, queryMdThermalInfo (0)Bad file number
05-14 18:02:25.839   367   367 I thermal_repeater: [recvMdThermalInfo] ret=25, strLen=127,  1, 32767,,, -1, 32767, 2
05-14 18:02:30.846   367   367 I thermal_repeater: oh, queryMdThermalInfo (0)Bad file number
05-14 18:02:30.881   367   367 I thermal_repeater: [recvMdThermalInfo] ret=25, strLen=127,  1, 32767,,, -1, 32767, 2
05-14 18:02:35.887   367   367 I thermal_repeater: oh, queryMdThermalInfo (0)Bad file number
05-14 18:02:35.922   367   367 I thermal_repeater: [recvMdThermalInfo] ret=25, strLen=127,  1, 32767,,, -1, 32767, 2
05-14 18:02:40.928   367   367 I thermal_repeater: oh, queryMdThermalInfo (0)Bad file number
05-14 18:02:40.940   367   367 I thermal_repeater: [recvMdThermalInfo] ret=25, strLen=127,  1, 32767,,, -1, 32767, 2
05-14 18:02:43.008   788  1387 W Watchdog: SWT Watchdog after wait current time:15301178
05-14 18:02:43.008   788  1387 W Watchdog: **Get SF Time **1
05-14 18:02:43.009   788  1387 W Watchdog: SWT Watchdog before synchronized:15301179
05-14 18:02:43.009   788  1387 W Watchdog: SWT Watchdog after synchronized:15301179
05-14 18:02:43.009   788  1387 W Watchdog: SWT Watchdog before wait timeout:30000
05-14 18:02:43.009   788  1387 W Watchdog: SWT Watchdog before wait current time:15301179
05-14 18:02:43.009   788  1387 W Watchdog: SWT Watchdog before wait start:15301179
05-14 18:02:43.009   788  1387 W Watchdog: SWT Watchdog before wait CHECK_INTERVAL:30000
05-14 18:02:45.946   367   367 I thermal_repeater: oh, queryMdThermalInfo (0)Bad file number
05-14 18:02:45.981   367   367 I thermal_repeater: [recvMdThermalInfo] ret=25, strLen=127,  1, 32767,,, -1, 32767, 2
05-14 18:02:50.987   367   367 I thermal_repeater: oh, queryMdThermalInfo (0)Bad file number
05-14 18:02:51.026   367   367 I thermal_repeater: [recvMdThermalInfo] ret=25, strLen=127,  1, 32767,,, -1, 32767, 2
05-14 18:02:54.096   788  1750 W ActivityManager: getRunningAppProcesses: caller 10095 does not hold REAL_GET_TASKS; limiting output
05-14 18:02:56.032   367   367 I thermal_repeater: oh, queryMdThermalInfo (0)Bad file number
05-14 18:02:56.044   367   367 I thermal_repeater: [recvMdThermalInfo] ret=25, strLen=127,  1, 32767,,, -1, 32767, 2
05-14 18:03:01.050   367   367 I thermal_repeater: oh, queryMdThermalInfo (0)Bad file number
05-14 18:03:01.061   367   367 I thermal_repeater: [recvMdThermalInfo] ret=25, strLen=127,  1, 32767,,, -1, 32767, 2
05-14 18:03:06.068   367   367 I thermal_repeater: oh, queryMdThermalInfo (0)Bad file number
05-14 18:03:06.107   367   367 I thermal_repeater: [recvMdThermalInfo] ret=25, strLen=127,  1, 32767,,, -1, 32767, 2
05-14 18:03:11.111   367   367 I thermal_repeater: oh, queryMdThermalInfo (0)Bad file number
05-14 18:03:11.115   367   367 I thermal_repeater: [recvMdThermalInfo] ret=25, strLen=127,  1, 32767,,, -1, 32767, 2
05-14 18:03:13.009   788  1387 W Watchdog: SWT Watchdog after wait current time:15331179
05-14 18:03:13.009   788  1387 W Watchdog: **Get SF Time **1
05-14 18:03:13.009   788  1387 W Watchdog: SWT Watchdog before synchronized:15331179
05-14 18:03:13.010   788  1387 W Watchdog: SWT Watchdog after synchronized:15331179
05-14 18:03:13.010   788  1387 W Watchdog: SWT Watchdog before wait timeout:30000
05-14 18:03:13.010   788  1387 W Watchdog: SWT Watchdog before wait current time:15331180
05-14 18:03:13.010   788  1387 W Watchdog: SWT Watchdog before wait start:15331180
05-14 18:03:13.010   788  1387 W Watchdog: SWT Watchdog before wait CHECK_INTERVAL:30000
05-14 18:03:16.120   367   367 I thermal_repeater: oh, queryMdThermalInfo (0)Bad file number
05-14 18:03:16.132   367   367 I thermal_repeater: [recvMdThermalInfo] ret=25, strLen=127,  1, 32767,,, -1, 32767, 2
05-14 18:03:21.138   367   367 I thermal_repeater: oh, queryMdThermalInfo (0)Bad file number
05-14 18:03:21.177   367   367 I thermal_repeater: [recvMdThermalInfo] ret=25, strLen=127,  1, 32767,,, -1, 32767, 2
05-14 18:03:24.081   788   808 W ActivityManager: getRunningAppProcesses: caller 10095 does not hold REAL_GET_TASKS; limiting output
05-14 18:03:26.180   367   367 I thermal_repeater: oh, queryMdThermalInfo (0)Bad file number
05-14 18:03:26.219   367   367 I thermal_repeater: [recvMdThermalInfo] ret=25, strLen=127,  1, 32767,,, -1, 32767, 2
05-14 18:03:31.226   367   367 I thermal_repeater: oh, queryMdThermalInfo (0)Bad file number
05-14 18:03:31.259   367   367 I thermal_repeater: [recvMdThermalInfo] ret=25, strLen=127,  1, 32767,,, -1, 32767, 2
05-14 18:03:36.260   367   367 I thermal_repeater: oh, queryMdThermalInfo (0)Bad file number
05-14 18:03:36.295   367   367 I thermal_repeater: [recvMdThermalInfo] ret=25, strLen=127,  1, 32767,,, -1, 32767, 2
05-14 18:03:41.302   367   367 I thermal_repeater: oh, queryMdThermalInfo (0)Bad file number
05-14 18:03:41.340   367   367 I thermal_repeater: [recvMdThermalInfo] ret=25, strLen=127,  1, 32767,,, -1, 32767, 2
05-14 18:03:43.010   788  1387 W Watchdog: SWT Watchdog after wait current time:15361180
05-14 18:03:43.010   788  1387 W Watchdog: **Get SF Time **1
05-14 18:03:43.010   788  1387 W Watchdog: SWT Watchdog before synchronized:15361180
05-14 18:03:43.010   788  1387 W Watchdog: SWT Watchdog after synchronized:15361180
05-14 18:03:43.010   788  1387 W Watchdog: SWT Watchdog before wait timeout:30000
05-14 18:03:43.011   788  1387 W Watchdog: SWT Watchdog before wait current time:15361180
05-14 18:03:43.011   788  1387 W Watchdog: SWT Watchdog before wait start:15361180
05-14 18:03:43.011   788  1387 W Watchdog: SWT Watchdog before wait CHECK_INTERVAL:30000
05-14 18:03:46.347   367   367 I thermal_repeater: oh, queryMdThermalInfo (0)Bad file number
05-14 18:03:46.358   367   367 I thermal_repeater: [recvMdThermalInfo] ret=25, strLen=127,  1, 32767,,, -1, 32767, 2
05-14 18:03:51.360   367   367 I thermal_repeater: oh, queryMdThermalInfo (0)Bad file number
05-14 18:03:51.403   367   367 I thermal_repeater: [recvMdThermalInfo] ret=25, strLen=127,  1, 32767,,, -1, 32767, 2
05-14 18:03:54.096   788  1750 W ActivityManager: getRunningAppProcesses: caller 10095 does not hold REAL_GET_TASKS; limiting output
05-14 18:03:56.409   367   367 I thermal_repeater: oh, queryMdThermalInfo (0)Bad file number
05-14 18:03:56.420   367   367 I thermal_repeater: [recvMdThermalInfo] ret=25, strLen=127,  1, 32767,,, -1, 32767, 2
05-14 18:04:01.427   367   367 I thermal_repeater: oh, queryMdThermalInfo (0)Bad file number
05-14 18:04:01.465   367   367 I thermal_repeater: [recvMdThermalInfo] ret=25, strLen=127,  1, 32767,,, -1, 32767, 2
05-14 18:04:06.472   367   367 I thermal_repeater: oh, queryMdThermalInfo (0)Bad file number
05-14 18:04:06.510   367   367 I thermal_repeater: [recvMdThermalInfo] ret=25, strLen=127,  1, 32767,,, -1, 32767, 2
05-14 18:04:11.516   367   367 I thermal_repeater: oh, queryMdThermalInfo (0)Bad file number
05-14 18:04:11.521   367   367 I thermal_repeater: [recvMdThermalInfo] ret=25, strLen=127,  1, 32767,,, -1, 32767, 2
05-14 18:04:13.011   788  1387 W Watchdog: SWT Watchdog after wait current time:15391181
05-14 18:04:13.011   788  1387 W Watchdog: **Get SF Time **1
05-14 18:04:13.011   788  1387 W Watchdog: SWT Watchdog before synchronized:15391181
05-14 18:04:13.011   788  1387 W Watchdog: SWT Watchdog after synchronized:15391181
05-14 18:04:13.011   788  1387 W Watchdog: SWT Watchdog before wait timeout:30000
05-14 18:04:13.011   788  1387 W Watchdog: SWT Watchdog before wait current time:15391181
05-14 18:04:13.011   788  1387 W Watchdog: SWT Watchdog before wait start:15391181
05-14 18:04:13.011   788  1387 W Watchdog: SWT Watchdog before wait CHECK_INTERVAL:30000
05-14 18:04:16.527   367   367 I thermal_repeater: oh, queryMdThermalInfo (0)Bad file number
05-14 18:04:16.531   367   367 I thermal_repeater: [recvMdThermalInfo] ret=25, strLen=127,  1, 32767,,, -1, 32767, 2
05-14 18:04:21.537   367   367 I thermal_repeater: oh, queryMdThermalInfo (0)Bad file number
05-14 18:04:21.576   367   367 I thermal_repeater: [recvMdThermalInfo] ret=25, strLen=127,  1, 32767,,, -1, 32767, 2
05-14 18:04:24.085   788  3778 W ActivityManager: getRunningAppProcesses: caller 10095 does not hold REAL_GET_TASKS; limiting output
05-14 18:04:26.581   367   367 I thermal_repeater: oh, queryMdThermalInfo (0)Bad file number
05-14 18:04:26.608   367   367 I thermal_repeater: [recvMdThermalInfo] ret=25, strLen=127,  1, 32767,,, -1, 32767, 2
05-14 18:04:31.610   367   367 I thermal_repeater: oh, queryMdThermalInfo (0)Bad file number
05-14 18:04:31.615   367   367 I thermal_repeater: [recvMdThermalInfo] ret=25, strLen=127,  1, 32767,,, -1, 32767, 2
05-14 18:04:36.621   367   367 I thermal_repeater: oh, queryMdThermalInfo (0)Bad file number
05-14 18:04:36.634   367   367 I thermal_repeater: [recvMdThermalInfo] ret=25, strLen=127,  1, 32767,,, -1, 32767, 2
05-14 18:04:41.640   367   367 I thermal_repeater: oh, queryMdThermalInfo (0)Bad file number
05-14 18:04:41.651   367   367 I thermal_repeater: [recvMdThermalInfo] ret=25, strLen=127,  1, 32767,,, -1, 32767, 2
05-14 18:04:43.012   788  1387 W Watchdog: SWT Watchdog after wait current time:15421182
05-14 18:04:43.012   788  1387 W Watchdog: **Get SF Time **1
05-14 18:04:43.012   788  1387 W Watchdog: SWT Watchdog before synchronized:15421182
05-14 18:04:43.012   788  1387 W Watchdog: SWT Watchdog after synchronized:15421182
05-14 18:04:43.012   788  1387 W Watchdog: SWT Watchdog before wait timeout:30000
05-14 18:04:43.012   788  1387 W Watchdog: SWT Watchdog before wait current time:15421182
05-14 18:04:43.012   788  1387 W Watchdog: SWT Watchdog before wait start:15421182
05-14 18:04:43.012   788  1387 W Watchdog: SWT Watchdog before wait CHECK_INTERVAL:30000
05-14 18:04:46.658   367   367 I thermal_repeater: oh, queryMdThermalInfo (0)Bad file number
05-14 18:04:46.675   367   367 I thermal_repeater: [recvMdThermalInfo] ret=25, strLen=127,  1, 32767,,, -1, 32767, 2
05-14 18:04:51.681   367   367 I thermal_repeater: oh, queryMdThermalInfo (0)Bad file number
05-14 18:04:51.692   367   367 I thermal_repeater: [recvMdThermalInfo] ret=25, strLen=127,  1, 32767,,, -1, 32767, 2
05-14 18:04:54.096   788  1742 W ActivityManager: getRunningAppProcesses: caller 10095 does not hold REAL_GET_TASKS; limiting output
05-14 18:04:56.698   367   367 I thermal_repeater: oh, queryMdThermalInfo (0)Bad file number
05-14 18:04:56.733   367   367 I thermal_repeater: [recvMdThermalInfo] ret=25, strLen=127,  1, 32767,,, -1, 32767, 2
05-14 18:05:01.739   367   367 I thermal_repeater: oh, queryMdThermalInfo (0)Bad file number
05-14 18:05:01.744   367   367 I thermal_repeater: [recvMdThermalInfo] ret=25, strLen=127,  1, 32767,,, -1, 32767, 2
05-14 18:05:06.750   367   367 I thermal_repeater: oh, queryMdThermalInfo (0)Bad file number
05-14 18:05:06.761   367   367 I thermal_repeater: [recvMdThermalInfo] ret=25, strLen=127,  1, 32767,,, -1, 32767, 2
05-14 18:05:11.767   367   367 I thermal_repeater: oh, queryMdThermalInfo (0)Bad file number
05-14 18:05:11.794   367   367 I thermal_repeater: [recvMdThermalInfo] ret=25, strLen=127,  1, 32767,,, -1, 32767, 2
05-14 18:05:13.013   788  1387 W Watchdog: SWT Watchdog after wait current time:15451183
05-14 18:05:13.013   788  1387 W Watchdog: **Get SF Time **1
05-14 18:05:13.013   788  1387 W Watchdog: SWT Watchdog before synchronized:15451183
05-14 18:05:13.013   788  1387 W Watchdog: SWT Watchdog after synchronized:15451183
05-14 18:05:13.013   788  1387 W Watchdog: SWT Watchdog before wait timeout:30000
05-14 18:05:13.013   788  1387 W Watchdog: SWT Watchdog before wait current time:15451183
05-14 18:05:13.013   788  1387 W Watchdog: SWT Watchdog before wait start:15451183
05-14 18:05:13.013   788  1387 W Watchdog: SWT Watchdog before wait CHECK_INTERVAL:30000
05-14 18:05:16.801   367   367 I thermal_repeater: oh, queryMdThermalInfo (0)Bad file number
05-14 18:05:16.805   367   367 I thermal_repeater: [recvMdThermalInfo] ret=25, strLen=127,  1, 32767,,, -1, 32767, 2
05-14 18:05:21.811   367   367 I thermal_repeater: oh, queryMdThermalInfo (0)Bad file number
05-14 18:05:21.850   367   367 I thermal_repeater: [recvMdThermalInfo] ret=25, strLen=127,  1, 32767,,, -1, 32767, 2
05-14 18:05:24.093   788  1320 W ActivityManager: getRunningAppProcesses: caller 10095 does not hold REAL_GET_TASKS; limiting output
05-14 18:05:26.856   367   367 I thermal_repeater: oh, queryMdThermalInfo (0)Bad file number
05-14 18:05:26.895   367   367 I thermal_repeater: [recvMdThermalInfo] ret=25, strLen=127,  1, 32767,,, -1, 32767, 2
05-14 18:05:31.901   367   367 I thermal_repeater: oh, queryMdThermalInfo (0)Bad file number
05-14 18:05:31.906   367   367 I thermal_repeater: [recvMdThermalInfo] ret=25, strLen=127,  1, 32767,,, -1, 32767, 2
05-14 18:05:36.910   367   367 I thermal_repeater: oh, queryMdThermalInfo (0)Bad file number
05-14 18:05:36.922   367   367 I thermal_repeater: [recvMdThermalInfo] ret=25, strLen=127,  1, 32767,,, -1, 32767, 2
05-14 18:05:41.928   367   367 I thermal_repeater: oh, queryMdThermalInfo (0)Bad file number
05-14 18:05:41.939   367   367 I thermal_repeater: [recvMdThermalInfo] ret=25, strLen=127,  1, 32767,,, -1, 32767, 2
05-14 18:05:43.014   788  1387 W Watchdog: SWT Watchdog after wait current time:15481183
05-14 18:05:43.014   788  1387 W Watchdog: **Get SF Time **1
05-14 18:05:43.014   788  1387 W Watchdog: SWT Watchdog before synchronized:15481184
05-14 18:05:43.014   788  1387 W Watchdog: SWT Watchdog after synchronized:15481184
05-14 18:05:43.014   788  1387 W Watchdog: SWT Watchdog before wait timeout:30000
05-14 18:05:43.014   788  1387 W Watchdog: SWT Watchdog before wait current time:15481184
05-14 18:05:43.014   788  1387 W Watchdog: SWT Watchdog before wait start:15481184
05-14 18:05:43.014   788  1387 W Watchdog: SWT Watchdog before wait CHECK_INTERVAL:30000
05-14 18:05:46.940   367   367 I thermal_repeater: oh, queryMdThermalInfo (0)Bad file number
05-14 18:05:46.975   367   367 I thermal_repeater: [recvMdThermalInfo] ret=25, strLen=127,  1, 32767,,, -1, 32767, 2
05-14 18:05:49.272   788  1807 I ActivityManager: START u0 {flg=0x10000000 cmp=com.tianyancha.skyeye/.MainActivity} from uid 2000 on display 0 from pid 28844
05-14 18:05:49.292   788  1807 I ActivityManager: Start proc 28862:com.tianyancha.skyeye/u0a174 for activity com.tianyancha.skyeye/.MainActivity
05-14 18:05:49.383   300   866 E Vold    : Failed to find mounted volume for /storage/sdcard1/Android/data/com.tianyancha.skyeye/cache/
05-14 18:05:49.383   300   866 W Vold    : Returning OperationFailed - no handler for errno 0
05-14 18:05:49.536   788   931 W ActivityManager: getRunningAppProcesses: caller 10174 does not hold REAL_GET_TASKS; limiting output
05-14 18:05:49.601   300   866 E Vold    : Failed to find mounted volume for /storage/sdcard1/Android/data/com.tianyancha.skyeye/files/tnetlogs/
05-14 18:05:49.601   300   866 W Vold    : Returning OperationFailed - no handler for errno 0
05-14 18:05:49.645   788  1232 W ActivityManager: getRunningAppProcesses: caller 10174 does not hold REAL_GET_TASKS; limiting output
05-14 18:05:49.661   788  1747 W ActivityManager: getRunningAppProcesses: caller 10174 does not hold REAL_GET_TASKS; limiting output
05-14 18:05:49.666   300   866 E Vold    : Failed to find mounted volume for /storage/sdcard1/Android/data/com.tianyancha.skyeye/files/
05-14 18:05:49.666   300   866 W Vold    : Returning OperationFailed - no handler for errno 0
05-14 18:05:49.744   788  3778 W ActivityManager: getRunningAppProcesses: caller 10174 does not hold REAL_GET_TASKS; limiting output
05-14 18:05:49.814   788   933 W ActivityManager: Activity pause timeout for ActivityRecord{770ee1a u0 com.tianyancha.skyeye/.MainActivity t456}
