05-14 14:28:23.239  1065  1065 I sysui_status_bar_state: [0,0,0,0,0,1]
05-14 14:28:23.241   788  1742 I am_resume_activity: [0,63173557,449,com.tianyancha.skyeye/.detail.company.FirmDetailActivity]
05-14 14:28:23.243   788  1742 I am_home_stack_moved: [0,0,1,1,completeResume setFocusedActivity]
05-14 14:28:23.243   788  1742 I am_focused_activity: [0,com.tianyancha.skyeye/.detail.company.FirmDetailActivity]
05-14 14:28:23.259   788   933 I am_proc_start: [0,12238,10001,com.yunos.lifecard,broadcast,com.yunos.lifecard/com.yunos.alimobilesearch.ExternalEventReceiver]
05-14 14:28:23.259 11555 11555 I am_on_resume_called: [0,com.tianyancha.skyeye.detail.company.FirmDetailActivity]
05-14 14:28:23.275   788   808 I am_proc_bound: [0,12238,com.yunos.lifecard]
05-14 14:28:23.906   788  1742 I netstats_mobile_sample: [0,0,0,0,0,0,0,0,0,0,0,0,-1]
05-14 14:28:23.906   788  1742 I netstats_wifi_sample: [46517268,51628,2855073,32984,45571656,44055,2384813,32395,45568116,44014,2415181,32985,-1]
05-14 14:28:25.067   788   936 I am_home_stack_moved: [0,1,0,0,intentActivityFound]
05-14 14:28:25.068   788   936 I wm_task_moved: [447,1,0]
05-14 14:28:25.071   788   936 I am_home_stack_moved: [0,1,0,0,bringingFoundTaskToFront]
05-14 14:28:25.071   788   936 I wm_task_moved: [447,1,0]
05-14 14:28:25.090   788   936 I am_pause_activity: [0,63173557,com.tianyancha.skyeye/.detail.company.FirmDetailActivity]
05-14 14:28:25.091   788   936 I am_task_to_front: [0,447]
05-14 14:28:25.091   788   936 I am_new_intent: [0,555962442,447,com.meizu.flyme.launcher/.Launcher,android.intent.action.MAIN,NULL,NULL,274726912]
05-14 14:28:25.092 11555 11555 I am_on_paused_called: [0,com.tianyancha.skyeye.detail.company.FirmDetailActivity]
05-14 14:28:25.095   788  1789 I am_resume_activity: [0,1336315,447,com.meizu.flyme.launcher/.Launcher]
05-14 14:28:25.096   788  1789 I am_home_stack_moved: [0,1,0,0,completeResume setFocusedActivity]
05-14 14:28:25.096   788  1789 I am_focused_activity: [0,com.meizu.flyme.launcher/.Launcher]
05-14 14:28:25.133  1760  1760 I am_on_resume_called: [0,com.meizu.flyme.launcher.Launcher]
05-14 14:28:25.679   301   301 I sf_frame_dur: [com.tianyancha.skyeye/com.tianyancha.skyeye.detail.company.FirmDetailActivity,0,0,0,0,0,0,3]
05-14 14:28:54.433   788  1754 I am_proc_died: [0,12238,com.yunos.lifecard]
05-14 14:29:38.584   788   807 I battery_status: [4,2,1,0,Li-ion]
05-14 14:29:40.966   788   807 I battery_status: [2,2,1,2,Li-ion]
05-14 14:31:10.937   788  1747 I battery_level: [95,4347,300]
05-14 14:34:41.077   788   941 I power_sleep_requested: 0
05-14 14:34:41.078   788   788 I power_screen_state: [0,3,0,0]
05-14 14:34:41.078   788   788 I screen_toggled: 0
05-14 14:34:41.153   788   788 I power_screen_broadcast_send: 1
05-14 14:34:41.313  1065  1065 I sysui_heads_up_status: [,0]
05-14 14:34:41.344   788   788 I power_screen_broadcast_done: [0,191,1]
05-14 14:34:41.803   788   788 I am_pause_activity: [0,1336315,com.meizu.flyme.launcher/.Launcher]
05-14 14:34:41.805  1760  1760 I am_on_paused_called: [0,com.meizu.flyme.launcher.Launcher]
05-14 14:34:41.846   788   933 I am_home_stack_moved: [0,1,0,0,stopActivity adjustTopFocus setFocusedActivity]
05-14 14:34:41.847   788   933 I am_focused_activity: [0,com.meizu.flyme.launcher/.Launcher]
05-14 14:34:46.335  1065  1065 I sysui_status_bar_state: [1,1,0,0,0,1]
05-14 14:34:50.932   788  1756 I battery_level: [96,4352,310]
05-14 14:37:01.106   788   979 I netstats_mobile_sample: [0,0,0,0,0,0,0,0,0,0,0,0,-1]
05-14 14:37:01.107   788   979 I netstats_wifi_sample: [46880318,54516,2872413,33130,45881348,46497,2399913,32534,45877808,46456,2433061,33188,-1]
05-14 14:38:28.060   788   962 I am_kill : [11555,com.tianyancha.skyeye,7,197699,by shrinker for lowmemory]
05-14 14:38:28.063   788   962 I am_kill : [11801,com.tianyancha.skyeye:channel,5,0,by shrinker for lowmemory]
05-14 14:38:28.143   788  1789 I am_proc_died: [0,11801,com.tianyancha.skyeye:channel]
05-14 14:38:28.143   788  1789 I am_schedule_service_restart: [0,com.tianyancha.skyeye/com.taobao.accs.ChannelService,1000]
05-14 14:38:28.148   788  1789 I am_kill : [0,11057,com.meizu.customizecenter,15,empty for 1802s]
05-14 14:38:28.149   788  1789 I am_kill : [0,6722,android.process.acore,15,empty for 1802s]
05-14 14:38:28.226   788  1758 I am_proc_died: [0,11057,com.meizu.customizecenter]
05-14 14:38:28.239   788  3778 I am_proc_died: [0,11555,com.tianyancha.skyeye]
05-14 14:38:28.239   788  3778 I am_schedule_service_restart: [0,com.tianyancha.skyeye/com.taobao.accs.data.MsgDistributeService,10905]
05-14 14:38:28.239   788  3778 I am_schedule_service_restart: [0,com.tianyancha.skyeye/org.android.agoo.accs.AgooService,10904]
05-14 14:38:28.257   788  1745 I am_proc_died: [0,6722,android.process.acore]
05-14 14:38:29.164   788   933 I am_proc_start: [0,12366,10173,com.tianyancha.skyeye:channel,service,com.tianyancha.skyeye/com.taobao.accs.ChannelService]
05-14 14:38:29.181   788  1807 I am_proc_bound: [0,12366,com.tianyancha.skyeye:channel]
05-14 14:38:30.496   788   807 I am_proc_start: [0,12403,10173,com.tianyancha.skyeye,content provider,com.tianyancha.skyeye/com.umeng.message.provider.MessageProvider]
05-14 14:38:30.517   788  1745 I am_proc_bound: [0,12403,com.tianyancha.skyeye]
05-14 14:38:31.836   788  1755 I am_kill : [0,10986,com.android.defcontainer,15,empty for 1800s]
05-14 14:38:31.932   788  1745 I am_proc_died: [0,10986,com.android.defcontainer]
05-14 14:39:00.932   788  1789 I battery_level: [97,4352,310]
05-14 14:44:00.939   788  1320 I battery_level: [98,4352,310]
05-14 14:44:22.378   788   788 I power_screen_state: [1,0,0,0]
05-14 14:44:22.378   788   788 I screen_toggled: 1
05-14 14:44:22.378   788   788 I power_screen_broadcast_send: 1
05-14 14:44:22.382   788  1745 I notification_panel_revealed: []
05-14 14:44:22.563   788  1750 I notification_visibility_changed: [0|com.android.browser|270634138|null|10004;0|com.meizu.media.reader|269447348|null|10072;0|com.meizu.mstore|5000|null|10038,]
05-14 14:44:22.634   301   301 I sf_frame_dur: [ColorFade,24,3,1,0,0,0,0]
05-14 14:44:22.663   788   788 I notification_cancel: [1001,1696,com.android.phone,6,0,-1,0,64,8,NULL]
05-14 14:44:22.677   788   788 I notification_cancel: [10088,3440,com.sina.weibo,2131427505,NULL,0,0,64,8,NULL]
05-14 14:44:22.693   788   788 I power_screen_broadcast_done: [1,314,1]
05-14 14:44:24.993  1065  1065 I sysui_lockscreen_gesture: [1,167,5046]
05-14 14:44:25.083   788  1745 I notification_visibility_changed: [,0|com.meizu.media.reader|269447348|null|10072;0|com.meizu.mstore|5000|null|10038;0|com.android.browser|270634138|null|10004]
05-14 14:44:25.083   788   807 I notification_panel_hidden: []
05-14 14:44:25.085  1065  1065 I screen_toggled: 2
05-14 14:44:25.107  1065  1065 I sysui_status_bar_state: [0,0,0,0,0,1]
05-14 14:44:25.109   788  1742 I am_resume_activity: [0,1336315,447,com.meizu.flyme.launcher/.Launcher]
05-14 14:44:25.111   788  1742 I am_home_stack_moved: [0,1,0,0,completeResume setFocusedActivity]
05-14 14:44:25.111   788  1742 I am_focused_activity: [0,com.meizu.flyme.launcher/.Launcher]
05-14 14:44:25.118  1760  1760 I am_on_resume_called: [0,com.meizu.flyme.launcher.Launcher]
05-14 14:44:25.125   788   933 I am_proc_start: [0,12535,10001,com.yunos.lifecard,broadcast,com.yunos.lifecard/com.yunos.alimobilesearch.ExternalEventReceiver]
05-14 14:44:25.135   788  1807 I am_proc_bound: [0,12535,com.yunos.lifecard]
05-14 14:44:25.785   788  1745 I netstats_mobile_sample: [0,0,0,0,0,0,0,0,0,0,0,0,-1]
05-14 14:44:25.786   788  1745 I netstats_wifi_sample: [46900561,54615,2890036,33251,45899765,46585,2415618,32647,45896225,46544,2449270,33307,-1]
05-14 14:44:35.275   788   788 I force_gc: Binder
05-14 14:44:56.333   788  1758 I am_proc_died: [0,12535,com.yunos.lifecard]
05-14 14:47:29.177   788   808 I am_home_stack_moved: [0,0,1,1,intentActivityFound]
05-14 14:47:29.177   788   808 I wm_task_moved: [449,1,0]
05-14 14:47:29.179   788   808 I am_home_stack_moved: [0,0,1,1,bringingFoundTaskToFront]
05-14 14:47:29.179   788   808 I wm_task_moved: [449,1,0]
05-14 14:47:29.180   788   808 I am_pause_activity: [0,1336315,com.meizu.flyme.launcher/.Launcher]
05-14 14:47:29.182   788   808 I am_task_to_front: [0,449]
05-14 14:47:29.188  1760  1760 I am_on_paused_called: [0,com.meizu.flyme.launcher.Launcher]
05-14 14:47:29.192   788  1742 I am_restart_activity: [0,63173557,449,com.tianyancha.skyeye/.detail.company.FirmDetailActivity]
05-14 14:47:29.196   788  1742 I am_home_stack_moved: [0,0,1,1,completeResume setFocusedActivity]
05-14 14:47:29.196   788  1742 I am_focused_activity: [0,com.tianyancha.skyeye/.detail.company.FirmDetailActivity]
05-14 14:47:29.681   301   301 I sf_frame_dur: [com.meizu.flyme.launcher/com.meizu.flyme.launcher.Launcher,36,2,0,0,1,1,4]
05-14 14:47:29.830 12403 12403 I am_on_resume_called: [0,com.tianyancha.skyeye.detail.company.FirmDetailActivity]
05-14 14:47:31.099   788   938 I am_activity_launch_time: [0,63173557,com.tianyancha.skyeye/.detail.company.FirmDetailActivity,1909,1909]
05-14 14:47:31.666   301   301 I sf_frame_dur: [com.tianyancha.skyeye/com.tianyancha.skyeye.detail.company.FirmDetailActivity,0,0,0,0,0,0,1]
05-14 14:49:30.938   788  3778 I battery_level: [99,4351,310]
05-14 14:52:05.397   788  1806 I am_finish_activity: [0,63173557,449,com.tianyancha.skyeye/.detail.company.FirmDetailActivity,app-request]
05-14 14:52:05.397   788  1806 I am_home_stack_moved: [0,0,1,1,finishActivity adjustTopFocus setFocusedActivity]
05-14 14:52:05.397   788  1806 I am_focused_activity: [0,com.tianyancha.skyeye/.search.SearchCompanyActivity]
05-14 14:52:05.397   788  1806 I am_pause_activity: [0,63173557,com.tianyancha.skyeye/.detail.company.FirmDetailActivity]
05-14 14:52:05.400 12403 12403 I am_on_paused_called: [0,com.tianyancha.skyeye.detail.company.FirmDetailActivity]
05-14 14:52:05.405   788  1755 I am_restart_activity: [0,1048994114,449,com.tianyancha.skyeye/.search.SearchCompanyActivity]
05-14 14:52:05.409   788  1755 I am_home_stack_moved: [0,0,1,1,completeResume setFocusedActivity]
05-14 14:52:05.424   788  1755 I am_focused_activity: [0,com.tianyancha.skyeye/.search.SearchCompanyActivity]
05-14 14:52:05.751 12403 12403 I am_on_resume_called: [0,com.tianyancha.skyeye.search.SearchCompanyActivity]
05-14 14:52:05.852   301   301 I sf_frame_dur: [com.tianyancha.skyeye/com.tianyancha.skyeye.detail.company.FirmDetailActivity,27,21,2701,46,2,0,0]
05-14 14:52:05.868   788   938 I am_activity_launch_time: [0,1048994114,com.tianyancha.skyeye/.search.SearchCompanyActivity,467,467]
05-14 14:52:06.716   788  1742 I am_destroy_activity: [0,63173557,449,com.tianyancha.skyeye/.detail.company.FirmDetailActivity,finish-imm]
05-14 14:52:09.257   788  1755 I am_finish_activity: [0,1048994114,449,com.tianyancha.skyeye/.search.SearchCompanyActivity,app-request]
05-14 14:52:09.257   788  1755 I am_home_stack_moved: [0,0,1,1,finishActivity adjustTopFocus setFocusedActivity]
05-14 14:52:09.257   788  1755 I am_focused_activity: [0,com.tianyancha.skyeye/.MainActivity]
05-14 14:52:09.257   788  1755 I am_pause_activity: [0,1048994114,com.tianyancha.skyeye/.search.SearchCompanyActivity]
05-14 14:52:09.260 12403 12403 I am_on_paused_called: [0,com.tianyancha.skyeye.search.SearchCompanyActivity]
05-14 14:52:09.274   788  1747 I am_restart_activity: [0,934829225,449,com.tianyancha.skyeye/.MainActivity]
05-14 14:52:09.285   788  1747 I am_home_stack_moved: [0,0,1,1,completeResume setFocusedActivity]
05-14 14:52:09.285   788  1747 I am_focused_activity: [0,com.tianyancha.skyeye/.MainActivity]
05-14 14:52:10.138 12403 12403 I am_on_resume_called: [0,com.tianyancha.skyeye.MainActivity]
05-14 14:52:10.252   301   301 I sf_frame_dur: [com.tianyancha.skyeye/com.tianyancha.skyeye.search.SearchCompanyActivity,35,2,0,1,0,0,0]
05-14 14:52:11.194   788   938 I am_activity_launch_time: [0,934829225,com.tianyancha.skyeye/.MainActivity,1932,1932]
05-14 14:52:11.610   788  1232 I am_destroy_activity: [0,1048994114,449,com.tianyancha.skyeye/.search.SearchCompanyActivity,finish-imm]
05-14 14:52:13.212   788   936 I am_home_stack_moved: [0,1,0,0,intentActivityFound]
05-14 14:52:13.212   788   936 I wm_task_moved: [447,1,0]
05-14 14:52:13.214   788   936 I am_home_stack_moved: [0,1,0,0,bringingFoundTaskToFront]
05-14 14:52:13.214   788   936 I wm_task_moved: [447,1,0]
05-14 14:52:13.226   788   936 I am_pause_activity: [0,934829225,com.tianyancha.skyeye/.MainActivity]
05-14 14:52:13.227   788   936 I am_task_to_front: [0,447]
05-14 14:52:13.227   788   936 I am_new_intent: [0,741589369,447,com.meizu.flyme.launcher/.Launcher,android.intent.action.MAIN,NULL,NULL,274726912]
05-14 14:52:13.228 12403 12403 I am_on_paused_called: [0,com.tianyancha.skyeye.MainActivity]
05-14 14:52:13.231   788  1806 I am_resume_activity: [0,1336315,447,com.meizu.flyme.launcher/.Launcher]
05-14 14:52:13.232   788  1806 I am_home_stack_moved: [0,1,0,0,completeResume setFocusedActivity]
05-14 14:52:13.232   788  1806 I am_focused_activity: [0,com.meizu.flyme.launcher/.Launcher]
05-14 14:52:13.236  1760  1760 I am_on_resume_called: [0,com.meizu.flyme.launcher.Launcher]
05-14 14:52:13.743   301   301 I sf_frame_dur: [com.tianyancha.skyeye/com.tianyancha.skyeye.MainActivity,32,1,1,1,2,1,0]
05-14 14:52:14.149  1065  1065 I sysui_panelholder_touch: [0,903,31]
05-14 14:52:14.219   788  1806 I notification_panel_revealed: []
05-14 14:52:14.423   788  1756 I notification_visibility_changed: [0|com.android.browser|270634138|null|10004;0|com.meizu.media.reader|269447348|null|10072;0|com.meizu.mstore|5000|null|10038;0|com.android.settings|2131627339|null|1000,]
05-14 14:52:17.567   788   788 I notification_cancel: [10030,1065,com.android.browser,270634138,NULL,0,0,66,2,NULL]
05-14 14:52:17.569   788   788 I notification_canceled: [0|com.android.browser|270634138|null|10004,2]
05-14 14:52:17.575   788   931 I notification_expansion: [0|com.meizu.media.reader|269447348|null|10072,0,1]
05-14 14:52:18.028   788  1758 I notification_visibility_changed: [,0|com.android.browser|270634138|null|10004]
05-14 14:52:20.478   788   788 I notification_cancel: [10030,1065,com.meizu.mstore,5000,NULL,0,0,66,3,NULL]
05-14 14:52:20.479   788   788 I notification_canceled: [0|com.meizu.mstore|5000|null|10038,3]
05-14 14:52:20.479   788   788 I notification_cancel: [10030,1065,com.meizu.media.reader,269447348,NULL,0,0,66,3,NULL]
05-14 14:52:20.481   788   788 I notification_canceled: [0|com.meizu.media.reader|269447348|null|10072,3]
05-14 14:52:20.488   788  1232 I notification_expansion: [0|com.sina.weibo|6617|null|10088,0,1]
05-14 14:52:20.492   788  1755 I notification_visibility_changed: [,0|com.meizu.media.reader|269447348|null|10072;0|com.meizu.mstore|5000|null|10038;0|com.android.settings|2131627339|null|1000]
05-14 14:52:20.493   788  1747 I notification_panel_hidden: []
05-14 14:52:46.798   788  1745 I battery_status: [4,2,1,0,Li-ion]
05-14 14:52:48.168   788  3778 I battery_status: [2,2,1,2,Li-ion]
05-14 14:52:53.087   788  1806 I am_home_stack_moved: [0,0,1,1,startingNewTask]
05-14 14:52:53.087   788  1806 I wm_task_moved: [449,1,0]
05-14 14:52:53.089   788  1806 I am_create_task: [0,450]
05-14 14:52:53.089   788  1806 I am_create_activity: [0,566240286,450,com.android.settings/.Settings,android.intent.action.MAIN,NULL,NULL,270532608]
05-14 14:52:53.089   788  1806 I wm_task_created: [450,1]
05-14 14:52:53.089   788  1806 I wm_task_moved: [450,1,1]
05-14 14:52:53.089   788  1806 I am_pause_activity: [0,1336315,com.meizu.flyme.launcher/.Launcher]
05-14 14:52:53.090   788  1806 I am_home_stack_moved: [0,0,1,1,startedActivity setFocusedActivity]
05-14 14:52:53.090   788  1806 I am_focused_activity: [0,com.android.settings/.Settings]
05-14 14:52:53.096  1760  1760 I am_on_paused_called: [0,com.meizu.flyme.launcher.Launcher]
05-14 14:52:53.100   788  1232 I am_restart_activity: [0,566240286,450,com.android.settings/.Settings]
05-14 14:52:53.113   788  1232 I am_home_stack_moved: [0,0,1,1,completeResume setFocusedActivity]
05-14 14:52:53.113   788  1232 I am_focused_activity: [0,com.android.settings/.Settings]
05-14 14:52:53.439  4714  4714 I am_on_resume_called: [0,com.android.settings.Settings]
05-14 14:52:53.574   301   301 I sf_frame_dur: [com.meizu.flyme.launcher/com.meizu.flyme.launcher.Launcher,21,2,0,0,1,1,2]
05-14 14:52:53.761   788   938 I am_activity_launch_time: [0,566240286,com.android.settings/.Settings,664,664]
05-14 14:52:54.918   788   807 I am_proc_start: [0,12827,1000,com.meizu.flyme.update,service,com.meizu.flyme.update/.download.QueryUpdateService]
05-14 14:52:54.929   788   931 I am_proc_bound: [0,12827,com.meizu.flyme.update]
05-14 14:53:08.310   788   808 I am_home_stack_moved: [0,0,1,1,sourceStackToFront]
05-14 14:53:08.310   788   808 I wm_task_moved: [450,1,1]
05-14 14:53:08.312   788   808 I am_create_activity: [0,728357778,450,com.android.settings/.SubSettings,android.intent.action.MAIN,NULL,NULL,0]
05-14 14:53:08.312   788   808 I am_pause_activity: [0,566240286,com.android.settings/.Settings]
05-14 14:53:08.313   788   808 I am_home_stack_moved: [0,0,1,1,startedActivity setFocusedActivity]
05-14 14:53:08.314   788   808 I am_focused_activity: [0,com.android.settings/.SubSettings]
05-14 14:53:08.327  4714  4714 I am_on_paused_called: [0,com.android.settings.Settings]
05-14 14:53:08.328   788  1758 I am_restart_activity: [0,728357778,450,com.android.settings/.SubSettings]
05-14 14:53:08.330   788  1758 I am_home_stack_moved: [0,0,1,1,completeResume setFocusedActivity]
05-14 14:53:08.330   788  1758 I am_focused_activity: [0,com.android.settings/.SubSettings]
05-14 14:53:08.411  4714  4714 I am_on_resume_called: [0,com.android.settings.SubSettings]
05-14 14:53:08.541   788   938 I am_activity_launch_time: [0,728357778,com.android.settings/.SubSettings,213,213]
05-14 14:53:08.808   301   301 I sf_frame_dur: [com.android.settings/com.android.settings.Settings,49,2,0,2,1,1,2]
05-14 14:53:10.573   788  1807 I am_finish_activity: [0,728357778,450,com.android.settings/.SubSettings,app-request]
05-14 14:53:10.573   788  1807 I am_home_stack_moved: [0,0,1,1,finishActivity adjustTopFocus setFocusedActivity]
05-14 14:53:10.573   788  1807 I am_focused_activity: [0,com.android.settings/.Settings]
05-14 14:53:10.574   788  1807 I am_pause_activity: [0,728357778,com.android.settings/.SubSettings]
05-14 14:53:10.575  4714  4714 I am_on_paused_called: [0,com.android.settings.SubSettings]
05-14 14:53:10.578   788   808 I am_resume_activity: [0,566240286,450,com.android.settings/.Settings]
05-14 14:53:10.580   788   808 I am_home_stack_moved: [0,0,1,1,completeResume setFocusedActivity]
05-14 14:53:10.580   788   808 I am_focused_activity: [0,com.android.settings/.Settings]
05-14 14:53:10.588  4714  4714 I am_on_resume_called: [0,com.android.settings.Settings]
05-14 14:53:10.877   788   933 I am_destroy_activity: [0,728357778,450,com.android.settings/.SubSettings,finish-imm]
05-14 14:53:22.181   788   931 I am_home_stack_moved: [0,0,1,1,sourceStackToFront]
05-14 14:53:22.182   788   931 I wm_task_moved: [450,1,1]
05-14 14:53:22.184   788   931 I am_create_activity: [0,115365569,450,com.android.settings/.SubSettings,android.intent.action.MAIN,NULL,NULL,0]
05-14 14:53:22.184   788   931 I am_pause_activity: [0,566240286,com.android.settings/.Settings]
05-14 14:53:22.185   788   931 I am_home_stack_moved: [0,0,1,1,startedActivity setFocusedActivity]
05-14 14:53:22.186   788   931 I am_focused_activity: [0,com.android.settings/.SubSettings]
05-14 14:53:22.194  4714  4714 I am_on_paused_called: [0,com.android.settings.Settings]
05-14 14:53:22.195   788  1742 I am_restart_activity: [0,115365569,450,com.android.settings/.SubSettings]
05-14 14:53:22.197   788  1742 I am_home_stack_moved: [0,0,1,1,completeResume setFocusedActivity]
05-14 14:53:22.197   788  1742 I am_focused_activity: [0,com.android.settings/.SubSettings]
05-14 14:53:22.257  4714  4714 I am_on_resume_called: [0,com.android.settings.SubSettings]
05-14 14:53:22.402   788   938 I am_activity_launch_time: [0,115365569,com.android.settings/.SubSettings,207,207]
05-14 14:53:22.670   301   301 I sf_frame_dur: [com.android.settings/com.android.settings.Settings,496,1,3,4,2,0,1]
05-14 14:53:26.859   788  1755 I am_home_stack_moved: [0,0,1,1,sourceStackToFront]
05-14 14:53:26.859   788  1755 I wm_task_moved: [450,1,1]
05-14 14:53:26.860   788  1755 I am_create_activity: [0,42461627,450,com.android.settings/.SubSettings,android.intent.action.MAIN,NULL,NULL,0]
05-14 14:53:26.861   788  1755 I am_pause_activity: [0,115365569,com.android.settings/.SubSettings]
05-14 14:53:26.862   788  1755 I am_home_stack_moved: [0,0,1,1,startedActivity setFocusedActivity]
05-14 14:53:26.863   788  1755 I am_focused_activity: [0,com.android.settings/.SubSettings]
05-14 14:53:26.875  4714  4714 I am_on_paused_called: [0,com.android.settings.SubSettings]
05-14 14:53:26.876   788   931 I am_restart_activity: [0,42461627,450,com.android.settings/.SubSettings]
05-14 14:53:26.877   788   931 I am_home_stack_moved: [0,0,1,1,completeResume setFocusedActivity]
05-14 14:53:26.877   788   931 I am_focused_activity: [0,com.android.settings/.SubSettings]
05-14 14:53:26.984  4714  4714 I am_on_resume_called: [0,com.android.settings.SubSettings]
05-14 14:53:27.136   788   938 I am_activity_launch_time: [0,42461627,com.android.settings/.SubSettings,261,261]
05-14 14:53:27.384   301   301 I sf_frame_dur: [com.android.settings/com.android.settings.SubSettings,169,5,0,3,2,0,0]
05-14 14:53:27.878   788  1003 I backup_data_changed: com.android.providers.settings
05-14 14:53:30.878   788  1003 I backup_data_changed: com.android.providers.settings
05-14 14:53:31.106   301   301 I sf_frame_dur: [com.android.settings/com.android.settings.SubSettings,3,1,1,0,2,0,0]
05-14 14:53:45.625  1065  1065 I sysui_panelholder_touch: [0,838,9]
05-14 14:53:45.741   788  1806 I notification_panel_revealed: []
05-14 14:53:45.777   788   931 I notification_visibility_changed: [0|com.android.settings|2131627339|null|1000,]
05-14 14:53:48.326   788  1806 I notification_visibility_changed: [,0|com.android.settings|2131627339|null|1000]
05-14 14:53:48.326   788  1742 I notification_panel_hidden: []
05-14 14:54:13.829   788   788 I notification_cancel: [10088,3440,com.sina.weibo,9347,NULL,0,0,64,8,NULL]
05-14 14:54:13.830   788   788 I notification_canceled: [0|com.sina.weibo|9347|null|10088,8]
05-14 14:54:13.887   788   788 I notification_enqueue: [10088,3440,com.sina.weibo,5414,NULL,0,Notification(pri=0 contentView=com.sina.weibo/0xa030052 headsUpContentView=/0xa030056 bigContentView=/0xa03005a vibrate=null sound=null defaults=0x0 flags=0x10 color=0x00000000 vis=PRIVATE),0]
05-14 14:54:13.987   788  1807 I notification_expansion: [0|com.sina.weibo|5414|null|10088,0,1]
05-14 14:54:13.987   788  1806 I notification_expansion: [0|com.sina.weibo|6617|null|10088,0,0]
05-14 14:54:49.893   788  1747 I am_finish_activity: [0,42461627,450,com.android.settings/.SubSettings,app-request]
05-14 14:54:49.893   788  1747 I am_home_stack_moved: [0,0,1,1,finishActivity adjustTopFocus setFocusedActivity]
05-14 14:54:49.893   788  1747 I am_focused_activity: [0,com.android.settings/.SubSettings]
05-14 14:54:49.893   788  1747 I am_pause_activity: [0,42461627,com.android.settings/.SubSettings]
05-14 14:54:49.896  4714  4714 I am_on_paused_called: [0,com.android.settings.SubSettings]
05-14 14:54:49.900   788  1755 I am_resume_activity: [0,115365569,450,com.android.settings/.SubSettings]
05-14 14:54:49.902   788  1755 I am_home_stack_moved: [0,0,1,1,completeResume setFocusedActivity]
05-14 14:54:49.902   788  1755 I am_focused_activity: [0,com.android.settings/.SubSettings]
05-14 14:54:49.908  4714  4714 I am_on_resume_called: [0,com.android.settings.SubSettings]
05-14 14:54:50.190   788   933 I am_destroy_activity: [0,42461627,450,com.android.settings/.SubSettings,finish-imm]
05-14 14:54:50.206   301   301 I sf_frame_dur: [com.android.settings/com.android.settings.SubSettings,59,0,5,1,1,1,5]
05-14 14:54:51.349   788  1320 I am_finish_activity: [0,115365569,450,com.android.settings/.SubSettings,app-request]
05-14 14:54:51.349   788  1320 I am_home_stack_moved: [0,0,1,1,finishActivity adjustTopFocus setFocusedActivity]
05-14 14:54:51.350   788  1320 I am_focused_activity: [0,com.android.settings/.Settings]
05-14 14:54:51.350   788  1320 I am_pause_activity: [0,115365569,com.android.settings/.SubSettings]
05-14 14:54:51.366  4714  4714 I am_on_paused_called: [0,com.android.settings.SubSettings]
05-14 14:54:51.370   788   931 I am_resume_activity: [0,566240286,450,com.android.settings/.Settings]
05-14 14:54:51.373   788   931 I am_home_stack_moved: [0,0,1,1,completeResume setFocusedActivity]
05-14 14:54:51.373   788   931 I am_focused_activity: [0,com.android.settings/.Settings]
05-14 14:54:51.386  4714  4714 I am_on_resume_called: [0,com.android.settings.Settings]
05-14 14:54:51.678   788   933 I am_destroy_activity: [0,115365569,450,com.android.settings/.SubSettings,finish-imm]
05-14 14:54:51.694   301   301 I sf_frame_dur: [com.android.settings/com.android.settings.SubSettings,57,2,0,1,1,0,0]
05-14 14:54:54.245   788   936 I am_home_stack_moved: [0,1,0,0,intentActivityFound]
05-14 14:54:54.245   788   936 I wm_task_moved: [447,1,0]
05-14 14:54:54.246   788   936 I am_home_stack_moved: [0,1,0,0,bringingFoundTaskToFront]
05-14 14:54:54.246   788   936 I wm_task_moved: [447,1,0]
05-14 14:54:54.262   788   936 I am_pause_activity: [0,566240286,com.android.settings/.Settings]
05-14 14:54:54.264   788   936 I am_task_to_front: [0,447]
05-14 14:54:54.264   788   936 I am_new_intent: [0,932789507,447,com.meizu.flyme.launcher/.Launcher,android.intent.action.MAIN,NULL,NULL,274726912]
05-14 14:54:54.265  4714  4714 I am_on_paused_called: [0,com.android.settings.Settings]
05-14 14:54:54.268   788  1750 I am_resume_activity: [0,1336315,447,com.meizu.flyme.launcher/.Launcher]
05-14 14:54:54.270   788  1750 I am_home_stack_moved: [0,1,0,0,completeResume setFocusedActivity]
05-14 14:54:54.270   788  1750 I am_focused_activity: [0,com.meizu.flyme.launcher/.Launcher]
05-14 14:54:54.279  1760  1760 I am_on_resume_called: [0,com.meizu.flyme.launcher.Launcher]
05-14 14:54:54.771   301   301 I sf_frame_dur: [com.android.settings/com.android.settings.Settings,61,0,1,0,1,0,0]
05-14 14:55:00.440   788  1320 I battery_status: [4,2,1,0,Li-ion]
05-14 14:55:37.187   788  1789 I battery_status: [2,2,1,2,Li-ion]
05-14 14:56:21.193   788  1745 I am_home_stack_moved: [0,0,1,1,intentActivityFound]
05-14 14:56:21.193   788  1745 I wm_task_moved: [450,1,1]
05-14 14:56:21.195   788  1745 I am_home_stack_moved: [0,0,1,1,bringingFoundTaskToFront]
05-14 14:56:21.195   788  1745 I wm_task_moved: [450,1,1]
05-14 14:56:21.197   788  1745 I am_pause_activity: [0,1336315,com.meizu.flyme.launcher/.Launcher]
05-14 14:56:21.198   788  1745 I am_task_to_front: [0,450]
05-14 14:56:21.198   788  1745 I am_new_intent: [0,749593935,450,com.android.settings/.Settings,android.intent.action.MAIN,NULL,NULL,274726912]
05-14 14:56:21.204  1760  1760 I am_on_paused_called: [0,com.meizu.flyme.launcher.Launcher]
05-14 14:56:21.208   788  1758 I am_resume_activity: [0,566240286,450,com.android.settings/.Settings]
05-14 14:56:21.209   788  1758 I am_home_stack_moved: [0,0,1,1,completeResume setFocusedActivity]
05-14 14:56:21.209   788  1758 I am_focused_activity: [0,com.android.settings/.Settings]
05-14 14:56:21.226  4714  4714 I am_on_resume_called: [0,com.android.settings.Settings]
05-14 14:56:21.711   301   301 I sf_frame_dur: [com.meizu.flyme.launcher/com.meizu.flyme.launcher.Launcher,1,0,0,0,1,0,2]
05-14 14:56:24.733   788  1747 I am_home_stack_moved: [0,0,1,1,sourceStackToFront]
05-14 14:56:24.733   788  1747 I wm_task_moved: [450,1,1]
05-14 14:56:24.735   788  1747 I am_create_activity: [0,713013522,450,com.android.settings/.SubSettings,android.intent.action.MAIN,NULL,NULL,0]
05-14 14:56:24.735   788  1747 I am_pause_activity: [0,566240286,com.android.settings/.Settings]
05-14 14:56:24.736   788  1747 I am_home_stack_moved: [0,0,1,1,startedActivity setFocusedActivity]
05-14 14:56:24.737   788  1747 I am_focused_activity: [0,com.android.settings/.SubSettings]
05-14 14:56:24.742  4714  4714 I am_on_paused_called: [0,com.android.settings.Settings]
05-14 14:56:24.743   788   808 I am_restart_activity: [0,713013522,450,com.android.settings/.SubSettings]
05-14 14:56:24.745   788   808 I am_home_stack_moved: [0,0,1,1,completeResume setFocusedActivity]
05-14 14:56:24.745   788   808 I am_focused_activity: [0,com.android.settings/.SubSettings]
05-14 14:56:24.795  4714  4714 I am_on_resume_called: [0,com.android.settings.SubSettings]
05-14 14:56:24.862   788   938 I am_activity_launch_time: [0,713013522,com.android.settings/.SubSettings,120,120]
05-14 14:56:25.135   301   301 I sf_frame_dur: [com.android.settings/com.android.settings.Settings,132,3,0,0,2,1,0]
05-14 14:56:27.768   788  1756 I am_home_stack_moved: [0,0,1,1,sourceStackToFront]
05-14 14:56:27.768   788  1756 I wm_task_moved: [450,1,1]
05-14 14:56:27.770   788  1756 I am_create_activity: [0,726016420,450,com.android.settings/.deviceinfo.Status,android.intent.action.MAIN,NULL,NULL,0]
05-14 14:56:27.771   788  1756 I am_pause_activity: [0,713013522,com.android.settings/.SubSettings]
05-14 14:56:27.772   788  1756 I am_home_stack_moved: [0,0,1,1,startedActivity setFocusedActivity]
05-14 14:56:27.772   788  1756 I am_focused_activity: [0,com.android.settings/.deviceinfo.Status]
05-14 14:56:27.785  4714  4714 I am_on_paused_called: [0,com.android.settings.SubSettings]
05-14 14:56:27.786   788  1806 I am_restart_activity: [0,726016420,450,com.android.settings/.deviceinfo.Status]
05-14 14:56:27.788   788  1806 I am_home_stack_moved: [0,0,1,1,completeResume setFocusedActivity]
05-14 14:56:27.788   788  1806 I am_focused_activity: [0,com.android.settings/.deviceinfo.Status]
05-14 14:56:27.839  4714  4714 I am_on_resume_called: [0,com.android.settings.deviceinfo.Status]
05-14 14:56:27.939   788   938 I am_activity_launch_time: [0,726016420,com.android.settings/.deviceinfo.Status,153,153]
05-14 14:56:28.212   301   301 I sf_frame_dur: [com.android.settings/com.android.settings.SubSettings,12,1,0,0,1,0,1]
05-14 14:58:06.076   788   979 I netstats_mobile_sample: [0,0,0,0,0,0,0,0,0,0,0,0,-1]
05-14 14:58:06.077   788   979 I netstats_wifi_sample: [49034928,63734,3023411,34280,47846861,53625,2534447,33671,47841119,53556,2573199,34453,-1]
05-14 14:58:32.609   788   936 I am_home_stack_moved: [0,1,0,0,intentActivityFound]
05-14 14:58:32.609   788   936 I wm_task_moved: [447,1,0]
05-14 14:58:32.610   788   936 I am_home_stack_moved: [0,1,0,0,bringingFoundTaskToFront]
05-14 14:58:32.610   788   936 I wm_task_moved: [447,1,0]
05-14 14:58:32.624   788   936 I am_pause_activity: [0,726016420,com.android.settings/.deviceinfo.Status]
05-14 14:58:32.625   788   936 I am_task_to_front: [0,447]
05-14 14:58:32.625   788   936 I am_new_intent: [0,77283844,447,com.meizu.flyme.launcher/.Launcher,android.intent.action.MAIN,NULL,NULL,274726912]
05-14 14:58:32.626  4714  4714 I am_on_paused_called: [0,com.android.settings.deviceinfo.Status]
05-14 14:58:32.628   788  1320 I am_resume_activity: [0,1336315,447,com.meizu.flyme.launcher/.Launcher]
05-14 14:58:32.630   788  1320 I am_home_stack_moved: [0,1,0,0,completeResume setFocusedActivity]
05-14 14:58:32.630   788  1320 I am_focused_activity: [0,com.meizu.flyme.launcher/.Launcher]
05-14 14:58:32.643  1760  1760 I am_on_resume_called: [0,com.meizu.flyme.launcher.Launcher]
05-14 14:58:33.148   301   301 I sf_frame_dur: [com.android.settings/com.android.settings.deviceinfo.Status,0,0,0,1,12,174,12]
05-14 14:58:56.465   788   808 I am_home_stack_moved: [0,0,1,1,intentActivityFound]
05-14 14:58:56.465   788   808 I wm_task_moved: [450,1,1]
05-14 14:58:56.467   788   808 I am_home_stack_moved: [0,0,1,1,bringingFoundTaskToFront]
05-14 14:58:56.467   788   808 I wm_task_moved: [449,1,1]
05-14 14:58:56.469   788   808 I am_pause_activity: [0,1336315,com.meizu.flyme.launcher/.Launcher]
05-14 14:58:56.470   788   808 I am_task_to_front: [0,449]
05-14 14:58:56.476  1760  1760 I am_on_paused_called: [0,com.meizu.flyme.launcher.Launcher]
05-14 14:58:56.480   788  1755 I am_resume_activity: [0,934829225,449,com.tianyancha.skyeye/.MainActivity]
05-14 14:58:56.482   788  1755 I am_home_stack_moved: [0,0,1,1,completeResume setFocusedActivity]
05-14 14:58:56.482   788  1755 I am_focused_activity: [0,com.tianyancha.skyeye/.MainActivity]
05-14 14:58:56.513 12403 12403 I am_on_resume_called: [0,com.tianyancha.skyeye.MainActivity]
05-14 14:58:57.017   301   301 I sf_frame_dur: [com.meizu.flyme.launcher/com.meizu.flyme.launcher.Launcher,21,2,1,0,1,1,1]
05-14 14:58:58.446   788   936 I am_home_stack_moved: [0,1,0,0,intentActivityFound]
05-14 14:58:58.446   788   936 I wm_task_moved: [447,1,0]
05-14 14:58:58.447   788   936 I am_home_stack_moved: [0,1,0,0,bringingFoundTaskToFront]
05-14 14:58:58.447   788   936 I wm_task_moved: [447,1,0]
05-14 14:58:58.459   788   936 I am_pause_activity: [0,934829225,com.tianyancha.skyeye/.MainActivity]
05-14 14:58:58.460   788   936 I am_task_to_front: [0,447]
05-14 14:58:58.460   788   936 I am_new_intent: [0,939738021,447,com.meizu.flyme.launcher/.Launcher,android.intent.action.MAIN,NULL,NULL,274726912]
05-14 14:58:58.461 12403 12403 I am_on_paused_called: [0,com.tianyancha.skyeye.MainActivity]
05-14 14:58:58.463   788  1789 I am_resume_activity: [0,1336315,447,com.meizu.flyme.launcher/.Launcher]
05-14 14:58:58.464   788  1789 I am_home_stack_moved: [0,1,0,0,completeResume setFocusedActivity]
05-14 14:58:58.464   788  1789 I am_focused_activity: [0,com.meizu.flyme.launcher/.Launcher]
05-14 14:58:58.477  1760  1760 I am_on_resume_called: [0,com.meizu.flyme.launcher.Launcher]
05-14 14:58:58.985   301   301 I sf_frame_dur: [com.tianyancha.skyeye/com.tianyancha.skyeye.MainActivity,1,0,0,0,2,0,0]
05-14 14:59:47.172   788   808 I battery_status: [5,2,1,2,Li-ion]
05-14 14:59:47.172   788   808 I battery_level: [100,4342,310]
05-14 15:02:32.884   788   946 I am_proc_start: [0,13046,10008,com.android.defcontainer,service,com.android.defcontainer/.DefaultContainerService]
05-14 15:02:32.892   788   808 I am_proc_bound: [0,13046,com.android.defcontainer]
05-14 15:02:33.955   788   933 I am_kill : [0,12366,com.tianyancha.skyeye:channel,5,stop com.tianyancha.skyeye]
05-14 15:02:33.956   788   933 I am_schedule_service_restart: [0,com.tianyancha.skyeye/com.taobao.accs.ChannelService,1000]
05-14 15:02:33.956   788   933 I am_kill : [0,12403,com.tianyancha.skyeye,7,stop com.tianyancha.skyeye]
05-14 15:02:33.957   788   933 I am_schedule_service_restart: [0,com.tianyancha.skyeye/com.taobao.accs.data.MsgDistributeService,10999]
05-14 15:02:33.959   788   933 I am_finish_activity: [0,934829225,449,com.tianyancha.skyeye/.MainActivity,force-stop]
05-14 15:02:33.960   788   933 I am_destroy_activity: [0,934829225,449,com.tianyancha.skyeye/.MainActivity,finish-idle]
05-14 15:02:33.967   788   933 I wm_task_removed: [449,removeAppToken: last token]
05-14 15:02:33.968   788   933 I wm_task_removed: [449,removeTask]
05-14 15:02:34.311  1760  1760 I force_gc: bg
05-14 15:02:34.311  1290  1290 I force_gc: bg
05-14 15:02:34.312  1393  1393 I force_gc: bg
05-14 15:02:34.315 11510 11510 I force_gc: bg
05-14 15:02:34.316  6870  6870 I force_gc: bg
05-14 15:02:34.319  1065  1065 I force_gc: bg
05-14 15:02:34.319   788   788 I force_gc: bg
05-14 15:02:34.778   788   979 I netstats_mobile_sample: [0,0,0,0,0,0,0,0,0,0,0,0,-1]
05-14 15:02:34.778   788   979 I netstats_wifi_sample: [49333409,66605,3043239,34386,48080118,55610,2552763,33776,48074376,55541,2591595,34560,-1]
05-14 15:02:34.937   788   788 I notification_cancel_all: [1000,788,com.tianyancha.skyeye,0,0,0,5,NULL]
05-14 15:02:35.016   788   788 I am_proc_start: [0,13080,10006,android.process.acore,broadcast,com.android.providers.contacts/.PackageIntentReceiver]
05-14 15:02:35.030   788  1232 I am_proc_bound: [0,13080,android.process.acore]
05-14 15:02:35.232   788   808 I am_proc_start: [0,13110,10020,com.android.musicfx,broadcast,com.android.musicfx/.Compatibility$Receiver]
05-14 15:02:35.241   788  1232 I am_proc_bound: [0,13110,com.android.musicfx]
05-14 15:02:35.287   788   808 I am_proc_start: [0,13134,10047,com.meizu.filemanager,broadcast,com.meizu.filemanager/com.meizu.flyme.filemanager.PackageInstallReceiver]
05-14 15:02:35.325   788  1807 I am_proc_bound: [0,13134,com.meizu.filemanager]
05-14 15:02:35.386   788  1755 I am_proc_start: [0,13157,1000,com.android.keychain,broadcast,com.android.keychain/.KeyChainBroadcastReceiver]
05-14 15:02:35.393   788  1745 I am_proc_bound: [0,13157,com.android.keychain]
05-14 15:02:35.455   788  1755 I am_proc_start: [0,13180,1000,com.android.packageinstaller,broadcast,com.android.packageinstaller/.AppFirstLaunchReceiver]
05-14 15:02:35.462   788  1758 I am_proc_bound: [0,13180,com.android.packageinstaller]
05-14 15:02:35.568   788   788 I am_proc_start: [0,13206,1000,com.meizu.documentsui,broadcast,com.meizu.documentsui/com.android.documentsui.PackageReceiver]
05-14 15:02:35.574   788  1232 I am_proc_bound: [0,13206,com.meizu.documentsui]
05-14 15:02:35.671   788   808 I am_proc_start: [0,13229,10013,com.android.externalstorage,content provider,com.android.externalstorage/.ExternalStorageProvider]
05-14 15:02:35.678   788  1742 I am_proc_bound: [0,13229,com.android.externalstorage]
05-14 15:02:35.716   788  1003 I backup_data_changed: com.android.providers.settings
05-14 15:02:35.726   788  1003 I backup_data_changed: com.android.providers.settings
05-14 15:02:35.748   788  1003 I backup_data_changed: com.android.providers.settings
05-14 15:02:35.772   788  1003 I backup_data_changed: com.android.providers.settings
05-14 15:02:35.787   788  1003 I backup_data_changed: com.android.providers.settings
05-14 15:02:35.809   788  1003 I backup_data_changed: com.android.providers.settings
05-14 15:02:35.827   788  1003 I backup_data_changed: com.android.providers.settings
05-14 15:02:35.866   788  1003 I backup_data_changed: com.android.providers.settings
05-14 15:02:39.983   788   962 I am_kill : [10656,com.meizu.media.reader,13,0,by shrinker for size limited]
05-14 15:02:39.985   788   962 I am_kill : [11229,com.android.browser,13,0,by shrinker for size limited]
05-14 15:02:39.987   788   962 I am_kill : [11510,com.meizu.net.search,15,0,by shrinker for size limited]
05-14 15:02:39.988   788   962 I am_kill : [11471,com.yunos.alimobilesearch,15,0,by shrinker for size limited]
05-14 15:02:40.085   788  1789 I am_proc_died: [0,11471,com.yunos.alimobilesearch]
05-14 15:02:40.088   788  1232 I am_proc_died: [0,11510,com.meizu.net.search]
05-14 15:02:40.094   788  1750 I am_proc_died: [0,10656,com.meizu.media.reader]
05-14 15:02:40.103   788  1756 I am_proc_died: [0,11229,com.android.browser]
05-14 15:02:47.736   788   788 I free_storage_changed: 5067554816
05-14 15:03:13.521   788  1754 I battery_status: [4,2,1,0,Li-ion]
05-14 15:03:15.259   788  1745 I battery_status: [5,2,1,2,Li-ion]
05-14 15:04:09.060   788  1755 I am_home_stack_moved: [0,0,1,1,intentActivityFound]
05-14 15:04:09.060   788  1755 I wm_task_moved: [450,1,0]
05-14 15:04:09.062   788  1755 I am_home_stack_moved: [0,0,1,1,bringingFoundTaskToFront]
05-14 15:04:09.062   788  1755 I wm_task_moved: [450,1,0]
05-14 15:04:09.065   788  1755 I am_pause_activity: [0,1336315,com.meizu.flyme.launcher/.Launcher]
05-14 15:04:09.066   788  1755 I am_task_to_front: [0,450]
05-14 15:04:09.068   788  1755 I am_finish_activity: [0,713013522,450,com.android.settings/.SubSettings,clear]
05-14 15:04:09.069   788  1755 I am_destroy_activity: [0,713013522,450,com.android.settings/.SubSettings,finish-imm]
05-14 15:04:09.070   788  1755 I am_finish_activity: [0,726016420,450,com.android.settings/.deviceinfo.Status,clear]
05-14 15:04:09.071   788  1755 I am_destroy_activity: [0,726016420,450,com.android.settings/.deviceinfo.Status,finish-imm]
05-14 15:04:09.071   788  1755 I am_new_intent: [0,356805417,450,com.android.settings/.Settings,android.intent.action.MAIN,NULL,NULL,274726912]
05-14 15:04:09.076  1760  1760 I am_on_paused_called: [0,com.meizu.flyme.launcher.Launcher]
05-14 15:04:09.081   788  1758 I am_resume_activity: [0,566240286,450,com.android.settings/.Settings]
05-14 15:04:09.082   788  1758 I am_home_stack_moved: [0,0,1,1,completeResume setFocusedActivity]
05-14 15:04:09.084   788  1758 I am_focused_activity: [0,com.android.settings/.Settings]
05-14 15:04:09.093  4714  4714 I am_on_resume_called: [0,com.android.settings.Settings]
05-14 15:04:09.579   301   301 I sf_frame_dur: [com.meizu.flyme.launcher/com.meizu.flyme.launcher.Launcher,147,3,3,0,6,0,4]
05-14 15:04:12.152   788  1747 I am_home_stack_moved: [0,0,1,1,sourceStackToFront]
05-14 15:04:12.152   788  1747 I wm_task_moved: [450,1,0]
05-14 15:04:12.154   788  1747 I am_create_activity: [0,190740084,450,com.android.settings/.SubSettings,android.intent.action.MAIN,NULL,NULL,0]
05-14 15:04:12.154   788  1747 I am_pause_activity: [0,566240286,com.android.settings/.Settings]
05-14 15:04:12.155   788  1747 I am_home_stack_moved: [0,0,1,1,startedActivity setFocusedActivity]
05-14 15:04:12.156   788  1747 I am_focused_activity: [0,com.android.settings/.SubSettings]
05-14 15:04:12.162  4714  4714 I am_on_paused_called: [0,com.android.settings.Settings]
05-14 15:04:12.163   788   807 I am_restart_activity: [0,190740084,450,com.android.settings/.SubSettings]
05-14 15:04:12.165   788   807 I am_home_stack_moved: [0,0,1,1,completeResume setFocusedActivity]
05-14 15:04:12.165   788   807 I am_focused_activity: [0,com.android.settings/.SubSettings]
05-14 15:04:12.211  4714  4714 I am_on_resume_called: [0,com.android.settings.SubSettings]
05-14 15:04:12.313   788   938 I am_activity_launch_time: [0,190740084,com.android.settings/.SubSettings,150,150]
05-14 15:04:12.589   301   301 I sf_frame_dur: [com.android.settings/com.android.settings.Settings,93,1,0,1,1,0,1]
05-14 15:04:14.705   788  1807 I am_finish_activity: [0,190740084,450,com.android.settings/.SubSettings,app-request]
05-14 15:04:14.705   788  1807 I am_home_stack_moved: [0,0,1,1,finishActivity adjustTopFocus setFocusedActivity]
05-14 15:04:14.705   788  1807 I am_focused_activity: [0,com.android.settings/.Settings]
05-14 15:04:14.705   788  1807 I am_pause_activity: [0,190740084,com.android.settings/.SubSettings]
05-14 15:04:14.707  4714  4714 I am_on_paused_called: [0,com.android.settings.SubSettings]
05-14 15:04:14.711   788  1758 I am_resume_activity: [0,566240286,450,com.android.settings/.Settings]
05-14 15:04:14.714   788  1758 I am_home_stack_moved: [0,0,1,1,completeResume setFocusedActivity]
05-14 15:04:14.714   788  1758 I am_focused_activity: [0,com.android.settings/.Settings]
05-14 15:04:14.721  4714  4714 I am_on_resume_called: [0,com.android.settings.Settings]
05-14 15:04:15.005   788   933 I am_destroy_activity: [0,190740084,450,com.android.settings/.SubSettings,finish-imm]
05-14 15:04:15.021   301   301 I sf_frame_dur: [com.android.settings/com.android.settings.SubSettings,0,1,0,0,1,0,0]
05-14 15:04:26.185   788  1807 I am_home_stack_moved: [0,0,1,1,sourceStackToFront]
05-14 15:04:26.185   788  1807 I wm_task_moved: [450,1,0]
05-14 15:04:26.186   788  1807 I am_create_activity: [0,971672346,450,com.android.settings/.SubSettings,android.intent.action.MAIN,NULL,NULL,0]
05-14 15:04:26.187   788  1807 I am_pause_activity: [0,566240286,com.android.settings/.Settings]
05-14 15:04:26.188   788  1807 I am_home_stack_moved: [0,0,1,1,startedActivity setFocusedActivity]
05-14 15:04:26.188   788  1807 I am_focused_activity: [0,com.android.settings/.SubSettings]
05-14 15:04:26.193  4714  4714 I am_on_paused_called: [0,com.android.settings.Settings]
05-14 15:04:26.194   788  1320 I am_restart_activity: [0,971672346,450,com.android.settings/.SubSettings]
05-14 15:04:26.196   788  1320 I am_home_stack_moved: [0,0,1,1,completeResume setFocusedActivity]
05-14 15:04:26.196   788  1320 I am_focused_activity: [0,com.android.settings/.SubSettings]
05-14 15:04:26.239  4714  4714 I am_on_resume_called: [0,com.android.settings.SubSettings]
05-14 15:04:26.357   788   938 I am_activity_launch_time: [0,971672346,com.android.settings/.SubSettings,164,164]
05-14 15:04:26.633   301   301 I sf_frame_dur: [com.android.settings/com.android.settings.Settings,399,1,3,3,2,1,1]
05-14 15:04:30.756   788  1754 I am_home_stack_moved: [0,0,1,1,sourceStackToFront]
05-14 15:04:30.756   788  1754 I wm_task_moved: [450,1,0]
05-14 15:04:30.758   788  1754 I am_create_activity: [0,797086828,450,com.android.settings/.SubSettings,android.intent.action.MAIN,NULL,NULL,0]
05-14 15:04:30.758   788  1754 I am_pause_activity: [0,971672346,com.android.settings/.SubSettings]
05-14 15:04:30.759   788  1754 I am_home_stack_moved: [0,0,1,1,startedActivity setFocusedActivity]
05-14 15:04:30.760   788  1754 I am_focused_activity: [0,com.android.settings/.SubSettings]
05-14 15:04:30.771  4714  4714 I am_on_paused_called: [0,com.android.settings.SubSettings]
05-14 15:04:30.772   788  1756 I am_restart_activity: [0,797086828,450,com.android.settings/.SubSettings]
05-14 15:04:30.774   788  1756 I am_home_stack_moved: [0,0,1,1,completeResume setFocusedActivity]
05-14 15:04:30.774   788  1756 I am_focused_activity: [0,com.android.settings/.SubSettings]
05-14 15:04:30.828  4714  4714 I am_on_resume_called: [0,com.android.settings.SubSettings]
05-14 15:04:30.911   788   938 I am_activity_launch_time: [0,797086828,com.android.settings/.SubSettings,139,139]
05-14 15:04:31.182   301   301 I sf_frame_dur: [com.android.settings/com.android.settings.SubSettings,123,1,1,1,2,2,0]
05-14 15:05:00.003   788   788 I am_kill : [0,11983,com.android.calendar:remote,15,empty for 1818s]
05-14 15:05:00.062   788  1789 I am_proc_died: [0,11983,com.android.calendar:remote]
05-14 15:05:05.855   788  1003 I backup_data_changed: com.android.providers.settings
05-14 15:05:07.720   788  1003 I backup_data_changed: com.android.providers.settings
05-14 15:05:07.936   301   301 I sf_frame_dur: [com.android.settings/com.android.settings.SubSettings,11,0,0,0,1,0,1]
05-14 15:05:09.607   301   301 I sf_frame_dur: [com.android.settings/com.android.settings.SubSettings,2,1,0,0,0,2,0]
05-14 15:05:11.019   788  1003 I backup_data_changed: com.android.providers.settings
05-14 15:05:14.110   788  1003 I backup_data_changed: com.android.providers.settings
05-14 15:05:14.321   301   301 I sf_frame_dur: [com.android.settings/com.android.settings.SubSettings,6,0,0,0,1,1,0]
05-14 15:05:17.414   301   301 I sf_frame_dur: [com.android.settings/com.android.settings.SubSettings,1,0,0,0,0,0,0]
05-14 15:05:20.193   301   301 I sf_frame_dur: [com.android.settings/com.android.settings.SubSettings,1,0,0,0,0,0,1]
05-14 15:07:01.111   788   979 I netstats_mobile_sample: [0,0,0,0,0,0,0,0,0,0,0,0,-1]
05-14 15:07:01.112   788   979 I netstats_wifi_sample: [49601766,68982,3052749,34503,48295341,57282,2560579,33891,48289599,57213,2602315,34741,-1]
05-14 15:08:04.888   788   936 I am_home_stack_moved: [0,1,0,0,intentActivityFound]
05-14 15:08:04.888   788   936 I wm_task_moved: [447,1,0]
05-14 15:08:04.889   788   936 I am_home_stack_moved: [0,1,0,0,bringingFoundTaskToFront]
05-14 15:08:04.889   788   936 I wm_task_moved: [447,1,0]
05-14 15:08:04.906   788   936 I am_pause_activity: [0,797086828,com.android.settings/.SubSettings]
05-14 15:08:04.907   788   936 I am_task_to_front: [0,447]
05-14 15:08:04.907   788   936 I am_new_intent: [0,21855545,447,com.meizu.flyme.launcher/.Launcher,android.intent.action.MAIN,NULL,NULL,274726912]
05-14 15:08:04.908  4714  4714 I am_on_paused_called: [0,com.android.settings.SubSettings]
05-14 15:08:04.910   788  1807 I am_resume_activity: [0,1336315,447,com.meizu.flyme.launcher/.Launcher]
05-14 15:08:04.912   788  1807 I am_home_stack_moved: [0,1,0,0,completeResume setFocusedActivity]
05-14 15:08:04.912   788  1807 I am_focused_activity: [0,com.meizu.flyme.launcher/.Launcher]
05-14 15:08:04.917  1760  1760 I am_on_resume_called: [0,com.meizu.flyme.launcher.Launcher]
05-14 15:08:05.423   301   301 I sf_frame_dur: [com.android.settings/com.android.settings.SubSettings,1411,22,10,9,17,3,11]
05-14 15:08:30.864   788  1742 I am_home_stack_moved: [0,0,1,1,intentActivityFound]
05-14 15:08:30.864   788  1742 I wm_task_moved: [450,1,0]
05-14 15:08:30.866   788  1742 I am_home_stack_moved: [0,0,1,1,bringingFoundTaskToFront]
05-14 15:08:30.866   788  1742 I wm_task_moved: [450,1,0]
05-14 15:08:30.867   788  1742 I am_pause_activity: [0,1336315,com.meizu.flyme.launcher/.Launcher]
05-14 15:08:30.869   788  1742 I am_task_to_front: [0,450]
05-14 15:08:30.869   788  1742 I am_finish_activity: [0,971672346,450,com.android.settings/.SubSettings,clear]
05-14 15:08:30.869   788  1742 I am_destroy_activity: [0,971672346,450,com.android.settings/.SubSettings,finish-imm]
05-14 15:08:30.870   788  1742 I am_finish_activity: [0,797086828,450,com.android.settings/.SubSettings,clear]
05-14 15:08:30.871   788  1742 I am_destroy_activity: [0,797086828,450,com.android.settings/.SubSettings,finish-imm]
05-14 15:08:30.872   788  1742 I am_new_intent: [0,345460760,450,com.android.settings/.Settings,android.intent.action.MAIN,NULL,NULL,274726912]
05-14 15:08:30.878  1760  1760 I am_on_paused_called: [0,com.meizu.flyme.launcher.Launcher]
05-14 15:08:30.884   788  1745 I am_resume_activity: [0,566240286,450,com.android.settings/.Settings]
05-14 15:08:30.885   788  1745 I am_home_stack_moved: [0,0,1,1,completeResume setFocusedActivity]
05-14 15:08:30.886   788  1745 I am_focused_activity: [0,com.android.settings/.Settings]
05-14 15:08:30.902  4714  4714 I am_on_resume_called: [0,com.android.settings.Settings]
05-14 15:08:31.392   301   301 I sf_frame_dur: [com.meizu.flyme.launcher/com.meizu.flyme.launcher.Launcher,36,3,0,0,1,1,3]
05-14 15:08:32.491   788   936 I am_home_stack_moved: [0,1,0,0,intentActivityFound]
