05-14 15:24:29.981  1065  1065 I sysui_heads_up_status: [,0]
05-14 15:24:30.273   301   301 I sf_frame_dur: [Heads Up,5,1,0,0,0,0,0]
05-14 15:24:34.969  1065  1065 I sysui_heads_up_status: [,0]
05-14 15:25:04.674   788   788 I notification_cancel: [10095,13391,com.tencent.mobileqq,10103,NULL,0,0,64,8,NULL]
05-14 15:25:04.692   788   788 I notification_enqueue: [10095,13391,com.tencent.mobileqq,10103,NULL,0,Notification(pri=0 contentView=com.tencent.mobileqq/0xa030052 headsUpContentView=/0xa030056 bigContentView=null vibrate=null sound=null defaults=0x0 flags=0x10 color=0x00000000 vis=PRIVATE),0]
05-14 15:25:04.808   788  1807 I notification_expansion: [0|com.tencent.mobileqq|10103|null|10095,0,1]
05-14 15:25:04.814  1065  1065 I sysui_heads_up_status: [0|com.tencent.mobileqq|10103|null|10095,1]
05-14 15:25:09.793   788   788 I notification_cancel: [10095,13391,com.tencent.mobileqq,10103,NULL,0,0,64,8,NULL]
05-14 15:25:09.794   788   788 I notification_canceled: [0|com.tencent.mobileqq|10103|null|10095,8]
05-14 15:25:09.802  1065  1065 I sysui_heads_up_status: [,0]
05-14 15:25:10.087   301   301 I sf_frame_dur: [Heads Up,6,0,0,0,0,0,0]
05-14 15:25:14.811  1065  1065 I sysui_heads_up_status: [,0]
05-14 15:25:20.216   788   788 I notification_cancel: [10095,13391,com.tencent.mobileqq,10103,NULL,0,0,64,8,NULL]
05-14 15:25:20.234   788   788 I notification_enqueue: [10095,13391,com.tencent.mobileqq,10103,NULL,0,Notification(pri=0 contentView=com.tencent.mobileqq/0xa030052 headsUpContentView=/0xa030056 bigContentView=null vibrate=null sound=null defaults=0x0 flags=0x10 color=0x00000000 vis=PRIVATE),0]
05-14 15:25:20.379   788  1745 I notification_expansion: [0|com.tencent.mobileqq|10103|null|10095,0,1]
05-14 15:25:20.396  1065  1065 I sysui_heads_up_status: [0|com.tencent.mobileqq|10103|null|10095,1]
05-14 15:25:25.402   788   788 I notification_cancel: [10095,13391,com.tencent.mobileqq,10103,NULL,0,0,64,8,NULL]
05-14 15:25:25.402   788   788 I notification_canceled: [0|com.tencent.mobileqq|10103|null|10095,8]
05-14 15:25:25.411  1065  1065 I sysui_heads_up_status: [,0]
05-14 15:25:25.701   301   301 I sf_frame_dur: [Heads Up,5,0,0,0,0,0,0]
05-14 15:25:30.384  1065  1065 I sysui_heads_up_status: [,0]
05-14 15:25:35.442   788   788 I notification_cancel: [10095,13391,com.tencent.mobileqq,10103,NULL,0,0,64,8,NULL]
05-14 15:25:35.461   788   788 I notification_enqueue: [10095,13391,com.tencent.mobileqq,10103,NULL,0,Notification(pri=0 contentView=com.tencent.mobileqq/0xa030052 headsUpContentView=/0xa030056 bigContentView=null vibrate=null sound=null defaults=0x0 flags=0x10 color=0x00000000 vis=PRIVATE),0]
05-14 15:25:35.609   788  1750 I notification_expansion: [0|com.tencent.mobileqq|10103|null|10095,0,1]
05-14 15:25:35.615  1065  1065 I sysui_heads_up_status: [0|com.tencent.mobileqq|10103|null|10095,1]
05-14 15:25:40.645   788   788 I notification_cancel: [10095,13391,com.tencent.mobileqq,10103,NULL,0,0,64,8,NULL]
05-14 15:25:40.646   788   788 I notification_canceled: [0|com.tencent.mobileqq|10103|null|10095,8]
05-14 15:25:40.653  1065  1065 I sysui_heads_up_status: [,0]
05-14 15:25:40.954   301   301 I sf_frame_dur: [Heads Up,6,0,0,0,0,0,0]
05-14 15:25:45.615  1065  1065 I sysui_heads_up_status: [,0]
05-14 15:25:50.937   788   788 I notification_cancel: [10095,13391,com.tencent.mobileqq,10103,NULL,0,0,64,8,NULL]
05-14 15:25:50.956   788   788 I notification_enqueue: [10095,13391,com.tencent.mobileqq,10103,NULL,0,Notification(pri=0 contentView=com.tencent.mobileqq/0xa030052 headsUpContentView=/0xa030056 bigContentView=null vibrate=null sound=null defaults=0x0 flags=0x10 color=0x00000000 vis=PRIVATE),0]
05-14 15:25:51.067   788  1756 I notification_expansion: [0|com.tencent.mobileqq|10103|null|10095,0,1]
05-14 15:25:51.080  1065  1065 I sysui_heads_up_status: [0|com.tencent.mobileqq|10103|null|10095,1]
05-14 15:25:56.062   788   788 I notification_cancel: [10095,13391,com.tencent.mobileqq,10103,NULL,0,0,64,8,NULL]
05-14 15:25:56.063   788   788 I notification_canceled: [0|com.tencent.mobileqq|10103|null|10095,8]
05-14 15:25:56.072  1065  1065 I sysui_heads_up_status: [,0]
05-14 15:25:56.371   301   301 I sf_frame_dur: [Heads Up,6,0,0,0,0,0,0]
05-14 15:26:01.068  1065  1065 I sysui_heads_up_status: [,0]
05-14 15:28:12.004   788   941 I power_sleep_requested: 0
05-14 15:28:12.005   788   788 I power_screen_state: [0,3,0,0]
05-14 15:28:12.005   788   788 I screen_toggled: 0
05-14 15:28:12.098   788   788 I power_screen_broadcast_send: 1
05-14 15:28:12.257  1065  1065 I sysui_heads_up_status: [,0]
05-14 15:28:12.313   788   788 I power_screen_broadcast_done: [0,215,1]
05-14 15:28:12.732   788   788 I am_pause_activity: [0,1336315,com.meizu.flyme.launcher/.Launcher]
05-14 15:28:12.738  1760  1760 I am_on_paused_called: [0,com.meizu.flyme.launcher.Launcher]
05-14 15:28:12.779   788   933 I am_home_stack_moved: [0,1,0,0,stopActivity adjustTopFocus setFocusedActivity]
05-14 15:28:12.779   788   933 I am_focused_activity: [0,com.meizu.flyme.launcher/.Launcher]
05-14 15:28:17.222  1065  1065 I sysui_status_bar_state: [1,1,0,0,0,1]
05-14 15:29:10.537   788   788 I power_screen_state: [1,0,0,0]
05-14 15:29:10.537   788   788 I screen_toggled: 1
05-14 15:29:10.538   788   788 I power_screen_broadcast_send: 1
05-14 15:29:10.572   788  1747 I notification_panel_revealed: []
05-14 15:29:10.804   301   301 I sf_frame_dur: [ColorFade,29,1,0,0,0,0,0]
05-14 15:29:10.834   788   788 I notification_cancel: [1001,1696,com.android.phone,6,0,-1,0,64,8,NULL]
05-14 15:29:10.846   788   788 I notification_cancel: [10088,3440,com.sina.weibo,2131427505,NULL,0,0,64,8,NULL]
05-14 15:29:10.878   788   788 I power_screen_broadcast_done: [1,340,1]
05-14 15:29:11.333  1065  1065 I sysui_lockscreen_gesture: [1,299,7321]
05-14 15:29:11.337   788   807 I notification_panel_hidden: []
05-14 15:29:11.338  1065  1065 I screen_toggled: 2
05-14 15:29:11.367  1065  1065 I sysui_status_bar_state: [0,0,0,0,0,1]
05-14 15:29:11.369   788  1755 I am_resume_activity: [0,1336315,447,com.meizu.flyme.launcher/.Launcher]
05-14 15:29:11.371   788  1755 I am_home_stack_moved: [0,1,0,0,completeResume setFocusedActivity]
05-14 15:29:11.371   788  1755 I am_focused_activity: [0,com.meizu.flyme.launcher/.Launcher]
05-14 15:29:11.385  1760  1760 I am_on_resume_called: [0,com.meizu.flyme.launcher.Launcher]
05-14 15:29:11.386   788   933 I am_proc_start: [0,15355,10001,com.yunos.lifecard,broadcast,com.yunos.lifecard/com.yunos.alimobilesearch.ExternalEventReceiver]
05-14 15:29:11.395   788  1758 I am_proc_bound: [0,15355,com.yunos.lifecard]
05-14 15:29:12.107   788  1807 I am_proc_start: [0,15433,10079,com.meizu.flyme.weather,broadcast,com.meizu.flyme.weather/.WeatherWidgetProvider]
05-14 15:29:12.114   788  1754 I am_proc_bound: [0,15433,com.meizu.flyme.weather]
05-14 15:29:12.125   788  1747 I netstats_mobile_sample: [0,0,0,0,0,0,0,0,0,0,0,0,-1]
05-14 15:29:12.125   788  1747 I netstats_wifi_sample: [51533458,81735,3276169,36025,49940485,66254,2762271,35398,49934743,66185,2812431,36442,-1]
05-14 15:29:15.271   788   962 I am_kill : [13229,com.android.externalstorage,15,0,by shrinker for size limited]
05-14 15:29:15.271   788   962 I am_kill : [13134,com.meizu.filemanager,15,0,by shrinker for size limited]
05-14 15:29:15.331   788  1755 I am_proc_died: [0,13229,com.android.externalstorage]
05-14 15:29:15.350   788  1758 I am_proc_died: [0,13134,com.meizu.filemanager]
05-14 15:29:16.917   788   808 I am_home_stack_moved: [0,0,1,1,intentActivityFound]
05-14 15:29:16.917   788   808 I wm_task_moved: [450,1,1]
05-14 15:29:16.919   788   808 I am_home_stack_moved: [0,0,1,1,bringingFoundTaskToFront]
05-14 15:29:16.919   788   808 I wm_task_moved: [450,1,1]
05-14 15:29:16.923   788   808 I am_pause_activity: [0,1336315,com.meizu.flyme.launcher/.Launcher]
05-14 15:29:16.924   788   808 I am_task_to_front: [0,450]
05-14 15:29:16.924   788   808 I am_finish_activity: [0,288946442,450,com.android.settings/.SubSettings,clear]
05-14 15:29:16.926   788   808 I am_destroy_activity: [0,288946442,450,com.android.settings/.SubSettings,finish-imm]
05-14 15:29:16.927   788   808 I am_finish_activity: [0,964417539,450,com.android.settings/.SubSettings,clear]
05-14 15:29:16.927   788   808 I am_destroy_activity: [0,964417539,450,com.android.settings/.SubSettings,finish-imm]
05-14 15:29:16.927   788   808 I am_new_intent: [0,553202556,450,com.android.settings/.Settings,android.intent.action.MAIN,NULL,NULL,274726912]
05-14 15:29:16.934  1760  1760 I am_on_paused_called: [0,com.meizu.flyme.launcher.Launcher]
05-14 15:29:16.939   788  1745 I am_resume_activity: [0,566240286,450,com.android.settings/.Settings]
05-14 15:29:16.941   788  1745 I am_home_stack_moved: [0,0,1,1,completeResume setFocusedActivity]
05-14 15:29:16.942   788  1745 I am_focused_activity: [0,com.android.settings/.Settings]
05-14 15:29:16.981  4714  4714 I am_on_resume_called: [0,com.android.settings.Settings]
05-14 15:29:17.453   301   301 I sf_frame_dur: [com.meizu.flyme.launcher/com.meizu.flyme.launcher.Launcher,136,10,2,0,4,4,4]
05-14 15:29:21.430   788  1750 I am_home_stack_moved: [0,0,1,1,sourceStackToFront]
05-14 15:29:21.430   788  1750 I wm_task_moved: [450,1,1]
05-14 15:29:21.432   788  1750 I am_create_activity: [0,953963523,450,com.android.settings/.SubSettings,android.intent.action.MAIN,NULL,NULL,0]
05-14 15:29:21.433   788  1750 I am_pause_activity: [0,566240286,com.android.settings/.Settings]
05-14 15:29:21.434   788  1750 I am_home_stack_moved: [0,0,1,1,startedActivity setFocusedActivity]
05-14 15:29:21.434   788  1750 I am_focused_activity: [0,com.android.settings/.SubSettings]
05-14 15:29:21.448  4714  4714 I am_on_paused_called: [0,com.android.settings.Settings]
05-14 15:29:21.449   788  1807 I am_restart_activity: [0,953963523,450,com.android.settings/.SubSettings]
05-14 15:29:21.451   788  1807 I am_home_stack_moved: [0,0,1,1,completeResume setFocusedActivity]
05-14 15:29:21.451   788  1807 I am_focused_activity: [0,com.android.settings/.SubSettings]
05-14 15:29:21.511  4714  4714 I am_on_resume_called: [0,com.android.settings.SubSettings]
05-14 15:29:21.607   788   938 I am_activity_launch_time: [0,953963523,com.android.settings/.SubSettings,158,158]
05-14 15:29:21.869   301   301 I sf_frame_dur: [com.android.settings/com.android.settings.Settings,52,2,0,0,2,0,1]
05-14 15:29:23.228   788  1758 I am_home_stack_moved: [0,0,1,1,sourceStackToFront]
05-14 15:29:23.228   788  1758 I wm_task_moved: [450,1,1]
05-14 15:29:23.230   788  1758 I am_create_activity: [0,49652013,450,com.android.settings/.deviceinfo.Status,android.intent.action.MAIN,NULL,NULL,0]
05-14 15:29:23.231   788  1758 I am_pause_activity: [0,953963523,com.android.settings/.SubSettings]
05-14 15:29:23.232   788  1758 I am_home_stack_moved: [0,0,1,1,startedActivity setFocusedActivity]
05-14 15:29:23.232   788  1758 I am_focused_activity: [0,com.android.settings/.deviceinfo.Status]
05-14 15:29:23.245  4714  4714 I am_on_paused_called: [0,com.android.settings.SubSettings]
05-14 15:29:23.246   788  1806 I am_restart_activity: [0,49652013,450,com.android.settings/.deviceinfo.Status]
05-14 15:29:23.248   788  1806 I am_home_stack_moved: [0,0,1,1,completeResume setFocusedActivity]
05-14 15:29:23.248   788  1806 I am_focused_activity: [0,com.android.settings/.deviceinfo.Status]
05-14 15:29:23.295  4714  4714 I am_on_resume_called: [0,com.android.settings.deviceinfo.Status]
05-14 15:29:23.398   788   938 I am_activity_launch_time: [0,49652013,com.android.settings/.deviceinfo.Status,153,153]
05-14 15:29:23.672   301   301 I sf_frame_dur: [com.android.settings/com.android.settings.SubSettings,11,1,1,1,0,0,1]
05-14 15:29:42.631   788  1320 I am_proc_died: [0,15355,com.yunos.lifecard]
05-14 15:32:22.571   788   936 I am_home_stack_moved: [0,1,0,0,intentActivityFound]
05-14 15:32:22.571   788   936 I wm_task_moved: [447,1,0]
05-14 15:32:22.572   788   936 I am_home_stack_moved: [0,1,0,0,bringingFoundTaskToFront]
05-14 15:32:22.572   788   936 I wm_task_moved: [447,1,0]
05-14 15:32:22.594   788   936 I am_pause_activity: [0,49652013,com.android.settings/.deviceinfo.Status]
05-14 15:32:22.595   788   936 I am_task_to_front: [0,447]
05-14 15:32:22.595   788   936 I am_new_intent: [0,940730889,447,com.meizu.flyme.launcher/.Launcher,android.intent.action.MAIN,NULL,NULL,274726912]
05-14 15:32:22.595  4714  4714 I am_on_paused_called: [0,com.android.settings.deviceinfo.Status]
05-14 15:32:22.598   788   808 I am_resume_activity: [0,1336315,447,com.meizu.flyme.launcher/.Launcher]
05-14 15:32:22.600   788   808 I am_home_stack_moved: [0,1,0,0,completeResume setFocusedActivity]
05-14 15:32:22.600   788   808 I am_focused_activity: [0,com.meizu.flyme.launcher/.Launcher]
05-14 15:32:22.608  1760  1760 I am_on_resume_called: [0,com.meizu.flyme.launcher.Launcher]
05-14 15:32:23.111   301   301 I sf_frame_dur: [com.android.settings/com.android.settings.deviceinfo.Status,1,0,0,0,11,188,19]
05-14 15:32:40.811   788   788 I free_storage_changed: 5063401472
05-14 15:32:43.984   788  1003 I backup_data_changed: com.android.providers.settings
05-14 15:32:45.165   788  1003 I backup_data_changed: com.android.providers.settings
05-14 15:32:45.376   301   301 I sf_frame_dur: [,1,0,0,0,1,1,0]
05-14 15:32:58.628   788   946 I unknown_sources_enabled: 1
05-14 15:32:58.646   788   933 I am_kill : [0,13180,com.android.packageinstaller,15,empty for 1800s]
05-14 15:32:58.730   788  1742 I am_proc_died: [0,13180,com.android.packageinstaller]
05-14 15:32:59.027   788   788 I notification_cancel_all: [1000,788,com.tianyancha.skyeye,0,0,0,5,NULL]
05-14 15:32:59.175   788   788 I am_proc_start: [0,15822,10006,android.process.acore,broadcast,com.android.providers.contacts/.PackageIntentReceiver]
05-14 15:32:59.186   788  1320 I am_proc_bound: [0,15822,android.process.acore]
05-14 15:32:59.430   788  1742 I am_proc_start: [0,15852,10007,com.meizu.customizecenter,broadcast,com.meizu.customizecenter/com.meizu.advertise.api.AppDownloadAndInstallReceiver]
05-14 15:32:59.446   788   807 I am_proc_bound: [0,15852,com.meizu.customizecenter]
05-14 15:32:59.719   788   807 I am_proc_start: [0,15893,10015,com.meizu.media.gallery,broadcast,com.meizu.media.gallery/com.meizu.advertise.api.AppDownloadAndInstallReceiver]
05-14 15:32:59.732   788   788 I notification_cancel: [10007,15852,com.meizu.customizecenter,4000,NULL,0,0,64,8,NULL]
05-14 15:32:59.761   788  1807 I am_proc_bound: [0,15893,com.meizu.media.gallery]
05-14 15:33:00.105   788  1756 I am_proc_start: [0,15947,10020,com.android.musicfx,broadcast,com.android.musicfx/.Compatibility$Receiver]
05-14 15:33:00.122   788  1758 I am_proc_bound: [0,15947,com.android.musicfx]
05-14 15:33:00.174   788  1755 I am_proc_start: [0,15971,10047,com.meizu.filemanager,broadcast,com.meizu.filemanager/com.meizu.flyme.filemanager.PackageInstallReceiver]
05-14 15:33:00.220   788  1754 I am_proc_bound: [0,15971,com.meizu.filemanager]
05-14 15:33:00.344   788  1003 I backup_data_changed: com.android.providers.settings
05-14 15:33:00.353   788  1758 I am_proc_start: [0,15998,10070,com.svox.pico,broadcast,com.svox.pico/.VoiceDataInstallerReceiver]
05-14 15:33:00.370   788  1003 I backup_data_changed: com.android.providers.settings
05-14 15:33:00.392   788  1232 I am_proc_bound: [0,15998,com.svox.pico]
05-14 15:33:00.406   788  1003 I backup_data_changed: com.android.providers.settings
05-14 15:33:00.427   788  1003 I backup_data_changed: com.android.providers.settings
05-14 15:33:00.444   788  1003 I backup_data_changed: com.android.providers.settings
05-14 15:33:00.464   788  1003 I backup_data_changed: com.android.providers.settings
05-14 15:33:02.654   788  3778 I am_home_stack_moved: [0,0,1,1,startingNewTask]
05-14 15:33:02.654   788  3778 I wm_task_moved: [450,1,1]
05-14 15:33:02.656   788  3778 I am_create_task: [0,453]
05-14 15:33:02.656   788  3778 I am_create_activity: [0,446688,453,com.tianyancha.skyeye/.SplashPage,android.intent.action.MAIN,NULL,NULL,270532608]
05-14 15:33:02.656   788  3778 I wm_task_created: [453,1]
05-14 15:33:02.656   788  3778 I wm_task_moved: [453,1,2]
05-14 15:33:02.657   788  3778 I am_pause_activity: [0,1336315,com.meizu.flyme.launcher/.Launcher]
05-14 15:33:02.659   788  3778 I am_home_stack_moved: [0,0,1,1,startedActivity setFocusedActivity]
05-14 15:33:02.659   788  3778 I am_focused_activity: [0,com.tianyancha.skyeye/.SplashPage]
05-14 15:33:02.683  1760  1760 I am_on_paused_called: [0,com.meizu.flyme.launcher.Launcher]
05-14 15:33:02.702   788  1742 I am_proc_start: [0,16028,10174,com.tianyancha.skyeye,activity,com.tianyancha.skyeye/.SplashPage]
05-14 15:33:02.716   788   933 I am_proc_start: [0,16048,1000,com.android.packageinstaller,broadcast,com.android.packageinstaller/.AppFirstLaunchReceiver]
05-14 15:33:02.734   788   807 I am_proc_bound: [0,16048,com.android.packageinstaller]
05-14 15:33:02.737   788   931 I am_proc_bound: [0,16028,com.tianyancha.skyeye]
05-14 15:33:02.741   788   931 I am_restart_activity: [0,446688,453,com.tianyancha.skyeye/.SplashPage]
05-14 15:33:02.743   788   931 I am_home_stack_moved: [0,0,1,1,completeResume setFocusedActivity]
05-14 15:33:02.743   788   931 I am_focused_activity: [0,com.tianyancha.skyeye/.SplashPage]
05-14 15:33:02.807   788  1750 I am_kill : [0,14131,com.meizu.perfui,15,empty #17]
05-14 15:33:02.871   788  3778 I am_proc_died: [0,14131,com.meizu.perfui]
05-14 15:33:03.240   301   301 I sf_frame_dur: [com.meizu.flyme.launcher/com.meizu.flyme.launcher.Launcher,45,3,0,2,2,0,3]
05-14 15:33:04.250   788   788 I notification_cancel: [10038,5417,com.meizu.mstore,5000,NULL,0,0,64,8,NULL]
05-14 15:33:04.300   788   788 I notification_enqueue: [10038,5417,com.meizu.mstore,5000,NULL,0,Notification(pri=0 contentView=com.meizu.mstore/0xa030052 headsUpContentView=/0xa030056 bigContentView=/0xa03005a vibrate=null sound=null defaults=0x0 flags=0x10 color=0x00000000 vis=PRIVATE),0]
05-14 15:33:04.408   788  1806 I notification_expansion: [0|com.meizu.mstore|5000|null|10038,0,1]
05-14 15:33:04.408   788  1756 I notification_expansion: [0|com.sina.weibo|9738|null|10088,0,0]
05-14 15:33:05.572   788   962 I am_kill : [14342,com.android.calendar:remote,15,0,by shrinker for size limited]
05-14 15:33:05.572   788   962 I am_kill : [14455,com.meizu.media.music,15,0,by shrinker for size limited]
05-14 15:33:05.572   788   962 I am_kill : [14800,com.meizu.media.reader,13,0,by shrinker for size limited]
05-14 15:33:05.643   788   807 I am_proc_died: [0,14800,com.meizu.media.reader]
05-14 15:33:05.715   788   931 I am_proc_died: [0,14342,com.android.calendar:remote]
05-14 15:33:05.725   788  1806 I am_proc_died: [0,14455,com.meizu.media.music]
05-14 15:33:10.812   788   788 I free_storage_changed: 4991643648
05-14 15:33:13.464   788  1747 I am_proc_start: [0,16136,10174,com.tianyancha.skyeye:channel,service,com.tianyancha.skyeye/com.taobao.accs.ChannelService]
05-14 15:33:13.479   788  1742 I am_proc_bound: [0,16136,com.tianyancha.skyeye:channel]
05-14 15:33:13.867   788   979 I netstats_mobile_sample: [0,0,0,0,0,0,0,0,0,0,0,0,-1]
05-14 15:33:13.867   788   979 I netstats_wifi_sample: [51853367,85382,3311116,36215,50161208,68191,2794418,35583,50155466,68122,2845198,36637,-1]
05-14 15:33:23.801   788   933 I am_anr  : [0,16028,com.tianyancha.skyeye,12074564,executing service com.tianyancha.skyeye/com.taobao.accs.data.MsgDistributeService]
05-14 15:33:24.027   788  1003 I backup_data_changed: com.android.providers.settings
05-14 15:33:28.701   301   301 I sf_frame_dur: [,1,0,0,0,0,0,0]
05-14 15:33:28.708   788  1003 I backup_data_changed: com.android.providers.settings
05-14 15:33:30.145   788  1758 I am_home_stack_moved: [0,0,1,1,sourceStackToFront]
05-14 15:33:30.145   788  1758 I wm_task_moved: [453,1,2]
05-14 15:33:30.147   788  1758 I am_create_activity: [0,311373642,453,com.tianyancha.skyeye/.activity.LaunchActivity,NULL,NULL,NULL,0]
05-14 15:33:30.149   788  1758 I am_pause_activity: [0,446688,com.tianyancha.skyeye/.SplashPage]
05-14 15:33:30.151   788  1758 I am_home_stack_moved: [0,0,1,1,startedActivity setFocusedActivity]
05-14 15:33:30.151   788  1758 I am_focused_activity: [0,com.tianyancha.skyeye/.activity.LaunchActivity]
05-14 15:33:30.151   788  1789 I am_finish_activity: [0,446688,453,com.tianyancha.skyeye/.SplashPage,app-request]
05-14 15:33:30.227   788  1747 I am_restart_activity: [0,311373642,453,com.tianyancha.skyeye/.activity.LaunchActivity]
05-14 15:33:30.230   788  1747 I am_home_stack_moved: [0,0,1,1,completeResume setFocusedActivity]
05-14 15:33:30.230   788  1747 I am_focused_activity: [0,com.tianyancha.skyeye/.activity.LaunchActivity]
05-14 15:33:30.475 16028 16028 I am_on_resume_called: [0,com.tianyancha.skyeye.activity.LaunchActivity]
05-14 15:33:31.415   788  1745 I am_home_stack_moved: [0,0,1,1,intentActivityFound]
05-14 15:33:31.415   788  1745 I wm_task_moved: [453,1,2]
05-14 15:33:31.417   788  1745 I am_new_intent: [0,311373642,453,com.tianyancha.skyeye/.activity.LaunchActivity,NULL,NULL,NULL,0]
05-14 15:33:31.612   788  1747 I am_destroy_activity: [0,446688,453,com.tianyancha.skyeye/.SplashPage,finish-idle]
05-14 15:33:31.614   788   938 I am_activity_launch_time: [0,311373642,com.tianyancha.skyeye/.activity.LaunchActivity,1389,28923]
05-14 15:33:53.073   788  1320 I am_home_stack_moved: [0,0,1,1,intentActivityFound]
05-14 15:33:53.073   788  1320 I wm_task_moved: [453,1,2]
05-14 15:33:53.074   788  1320 I am_home_stack_moved: [0,0,1,1,sourceStackToFront]
05-14 15:33:53.074   788  1320 I wm_task_moved: [453,1,2]
05-14 15:33:53.075   788  1320 I am_create_activity: [0,570573976,453,com.tianyancha.skyeye/.MainActivity,NULL,NULL,NULL,268435456]
05-14 15:33:53.076   788  1320 I am_pause_activity: [0,311373642,com.tianyancha.skyeye/.activity.LaunchActivity]
05-14 15:33:53.077 16028 16028 I am_on_paused_called: [0,com.tianyancha.skyeye.activity.LaunchActivity]
05-14 15:33:53.077   788  1320 I am_home_stack_moved: [0,0,1,1,startedActivity setFocusedActivity]
05-14 15:33:53.077   788  1320 I am_focused_activity: [0,com.tianyancha.skyeye/.MainActivity]
05-14 15:33:53.079   788  1754 I am_restart_activity: [0,570573976,453,com.tianyancha.skyeye/.MainActivity]
05-14 15:33:53.081   788  1754 I am_home_stack_moved: [0,0,1,1,completeResume setFocusedActivity]
05-14 15:33:53.081   788  1754 I am_focused_activity: [0,com.tianyancha.skyeye/.MainActivity]
05-14 15:33:54.266 16028 16028 I am_on_resume_called: [0,com.tianyancha.skyeye.MainActivity]
05-14 15:33:55.456   788   938 I am_activity_launch_time: [0,570573976,com.tianyancha.skyeye/.MainActivity,2379,2379]
05-14 15:33:57.122   788   979 I netstats_mobile_sample: [0,0,0,0,0,0,0,0,0,0,0,0,-1]
05-14 15:33:57.123   788   979 I netstats_wifi_sample: [53866161,87345,3444988,37533,52143246,70048,2909838,36901,52137504,69979,2960698,37957,-1]
05-14 15:33:58.457   788   933 I am_finish_activity: [0,570573976,453,com.tianyancha.skyeye/.MainActivity,crashed]
05-14 15:33:58.458   788   933 I am_home_stack_moved: [0,0,1,1,finishActivity adjustTopFocus setFocusedActivity]
05-14 15:33:58.458   788   933 I am_focused_activity: [0,com.tianyancha.skyeye/.activity.LaunchActivity]
05-14 15:33:58.458   788   933 I am_pause_activity: [0,570573976,com.tianyancha.skyeye/.MainActivity]
05-14 15:33:58.459   788   933 I am_kill : [0,16028,com.tianyancha.skyeye,0,user request after error]
05-14 15:33:58.583   788  1742 I am_proc_died: [0,16028,com.tianyancha.skyeye]
05-14 15:33:58.583   788  1742 I am_schedule_service_restart: [0,com.tianyancha.skyeye/org.android.agoo.accs.AgooService,1000]
05-14 15:33:58.583   788  1742 I am_schedule_service_restart: [0,com.tianyancha.skyeye/com.taobao.accs.data.MsgDistributeService,1000]
05-14 15:33:58.626   788  1742 I am_proc_start: [0,16429,10174,com.tianyancha.skyeye,activity,com.tianyancha.skyeye/.activity.LaunchActivity]
05-14 15:33:58.644   788  1320 I am_proc_bound: [0,16429,com.tianyancha.skyeye]
05-14 15:33:58.646   788  1320 I am_restart_activity: [0,311373642,453,com.tianyancha.skyeye/.activity.LaunchActivity]
05-14 15:33:58.648   788  1320 I am_home_stack_moved: [0,0,1,1,completeResume setFocusedActivity]
05-14 15:33:58.648   788  1320 I am_focused_activity: [0,com.tianyancha.skyeye/.activity.LaunchActivity]
05-14 15:33:58.670   301   301 I sf_frame_dur: [Application Not Responding: com.tianyancha.skyeye,1,1,0,0,2,0,1]
05-14 15:33:58.703   301   301 I sf_frame_dur: [com.tianyancha.skyeye/com.tianyancha.skyeye.MainActivity,61,2,1,3,3,0,0]
05-14 15:34:00.118   788  1003 I backup_data_changed: com.android.providers.settings
05-14 15:34:00.324   301   301 I sf_frame_dur: [,2,1,0,0,0,0,0]
05-14 15:34:00.442   788  3778 I force_gc: Binder
05-14 15:34:00.862 16429 16429 I am_on_resume_called: [0,com.tianyancha.skyeye.activity.LaunchActivity]
05-14 15:34:00.977   788   938 I am_activity_launch_time: [0,311373642,com.tianyancha.skyeye/.activity.LaunchActivity,2362,2362]
05-14 15:34:03.917   788  3778 I am_home_stack_moved: [0,0,1,1,intentActivityFound]
05-14 15:34:03.917   788  3778 I wm_task_moved: [453,1,2]
05-14 15:34:03.919   788  3778 I am_home_stack_moved: [0,0,1,1,sourceStackToFront]
05-14 15:34:03.919   788  3778 I wm_task_moved: [453,1,2]
05-14 15:34:03.920   788  3778 I am_create_activity: [0,547050753,453,com.tianyancha.skyeye/.MainActivity,NULL,NULL,NULL,268435456]
05-14 15:34:03.920   788  3778 I am_pause_activity: [0,311373642,com.tianyancha.skyeye/.activity.LaunchActivity]
05-14 15:34:03.922   788  3778 I am_home_stack_moved: [0,0,1,1,startedActivity setFocusedActivity]
05-14 15:34:03.922   788  3778 I am_focused_activity: [0,com.tianyancha.skyeye/.MainActivity]
05-14 15:34:03.925   788  1758 I am_finish_activity: [0,311373642,453,com.tianyancha.skyeye/.activity.LaunchActivity,app-request]
05-14 15:34:03.925 16429 16429 I am_on_paused_called: [0,com.tianyancha.skyeye.activity.LaunchActivity]
05-14 15:34:03.927   788   931 I am_restart_activity: [0,547050753,453,com.tianyancha.skyeye/.MainActivity]
05-14 15:34:03.929   788   931 I am_home_stack_moved: [0,0,1,1,completeResume setFocusedActivity]
05-14 15:34:03.929   788   931 I am_focused_activity: [0,com.tianyancha.skyeye/.MainActivity]
05-14 15:34:04.860 16429 16429 I am_on_resume_called: [0,com.tianyancha.skyeye.MainActivity]
05-14 15:34:05.761   788   938 I am_activity_launch_time: [0,547050753,com.tianyancha.skyeye/.MainActivity,1835,1835]
05-14 15:34:05.898   301   301 I sf_frame_dur: [com.tianyancha.skyeye/com.tianyancha.skyeye.activity.LaunchActivity,93,2,1,1,0,1,0]
05-14 15:34:06.115   788   808 I am_destroy_activity: [0,311373642,453,com.tianyancha.skyeye/.activity.LaunchActivity,finish-imm]
05-14 15:34:06.154   788   979 I netstats_mobile_sample: [0,0,0,0,0,0,0,0,0,0,0,0,-1]
05-14 15:34:06.154   788   979 I netstats_wifi_sample: [55912822,88912,3565239,38830,54167366,71602,3011931,38198,54160573,71532,3064651,39301,-1]
05-14 15:34:10.155   788   979 I netstats_mobile_sample: [0,0,0,0,0,0,0,0,0,0,0,0,-1]
05-14 15:34:10.156   788   979 I netstats_wifi_sample: [57951063,90387,3696303,40241,56182935,73061,3123181,39608,56172693,72989,3175805,40709,-1]
05-14 15:34:10.814   788   788 I free_storage_changed: 4986859520
05-14 15:34:20.501   788  1232 I am_home_stack_moved: [0,0,1,1,intentActivityFound]
05-14 15:34:20.501   788  1232 I wm_task_moved: [453,1,2]
05-14 15:34:20.503   788  1232 I am_new_intent: [0,105080801,453,com.tianyancha.skyeye/.MainActivity,NULL,NULL,NULL,268435456]
05-14 15:37:01.133   788   979 I netstats_mobile_sample: [0,0,0,0,0,0,0,0,0,0,0,0,-1]
05-14 15:37:01.133   788   979 I netstats_wifi_sample: [58527928,92909,3714443,40516,56705404,74858,3137475,39882,56699662,74789,3191107,41004,-1]
05-14 15:39:05.400   788   941 I power_sleep_requested: 0
05-14 15:39:05.401   788   788 I power_screen_state: [0,3,0,0]
05-14 15:39:05.401   788   788 I screen_toggled: 0
05-14 15:39:05.522   788   933 I am_proc_start: [0,16974,10041,com.android.calendar:remote,broadcast,com.android.calendar/com.meizu.flyme.calendar.widget.CalendarCardProvider]
05-14 15:39:05.524   788   788 I power_screen_broadcast_send: 1
05-14 15:39:05.672   788  1745 I am_proc_bound: [0,16974,com.android.calendar:remote]
05-14 15:39:05.789  1065  1065 I sysui_heads_up_status: [,0]
05-14 15:39:05.999   788   788 I power_screen_broadcast_done: [0,475,1]
05-14 15:39:06.177   788   788 I am_pause_activity: [0,547050753,com.tianyancha.skyeye/.MainActivity]
05-14 15:39:06.178 16429 16429 I am_on_paused_called: [0,com.tianyancha.skyeye.MainActivity]
05-14 15:39:06.194   788   933 I am_home_stack_moved: [0,0,1,1,stopActivity adjustTopFocus setFocusedActivity]
05-14 15:39:06.194   788   933 I am_focused_activity: [0,com.tianyancha.skyeye/.MainActivity]
05-14 15:39:10.777  1065  1065 I sysui_status_bar_state: [1,1,0,0,0,1]
05-14 15:40:06.272   788   788 I notification_enqueue: [10038,5417,com.meizu.mstore,-2147483648,NULL,0,Notification(pri=0 contentView=com.meizu.mstore/0xa030052 headsUpContentView=null bigContentView=null vibrate=null sound=null defaults=0x0 flags=0x40 color=0x00000000 vis=PRIVATE),0]
05-14 15:40:09.654   788   979 I netstats_mobile_sample: [0,0,0,0,0,0,0,0,0,0,0,0,-1]
05-14 15:40:09.654   788   979 I netstats_wifi_sample: [60594937,95650,3810448,41739,58726457,77332,3216218,41100,58720715,77263,3270142,42226,-1]
05-14 15:40:10.855   788   788 I free_storage_changed: 4984385536
05-14 15:40:13.623   788   979 I netstats_mobile_sample: [0,0,0,0,0,0,0,0,0,0,0,0,-1]
05-14 15:40:13.625   788   979 I netstats_wifi_sample: [62710037,97048,3914838,43052,60821957,78729,3302198,42412,60816215,78660,3356122,43538,-1]
05-14 15:40:17.753   788   979 I netstats_mobile_sample: [0,0,0,0,0,0,0,0,0,0,0,0,-1]
05-14 15:40:17.753   788   979 I netstats_wifi_sample: [64838721,98454,4020972,44363,62930957,80135,3389978,43723,62922215,80064,3443902,44849,-1]
05-14 15:40:21.763   788   979 I netstats_mobile_sample: [0,0,0,0,0,0,0,0,0,0,0,0,-1]
05-14 15:40:21.764   788   979 I netstats_wifi_sample: [66920625,99831,4120478,45622,64992077,81511,3471806,44981,64983335,81440,3525650,46105,-1]
05-14 15:40:25.755   788   979 I netstats_mobile_sample: [0,0,0,0,0,0,0,0,0,0,0,0,-1]
05-14 15:40:25.756   788   979 I netstats_wifi_sample: [68979665,101191,4215830,46826,67033577,82872,3550354,46186,67027835,82803,3604278,47312,-1]
05-14 15:40:29.763   788   979 I netstats_mobile_sample: [0,0,0,0,0,0,0,0,0,0,0,0,-1]
05-14 15:40:29.764   788   979 I netstats_wifi_sample: [71041149,102553,4311010,48070,69075993,84234,3628118,47430,69068751,84164,3682042,48556,-1]
05-14 15:40:33.864   788   979 I netstats_mobile_sample: [0,0,0,0,0,0,0,0,0,0,0,0,-1]
05-14 15:40:33.865   788   979 I netstats_wifi_sample: [73124413,103929,4413212,49375,71139993,85610,3712050,48735,71129751,85538,3765818,49858,-1]
05-14 15:40:37.865   788   979 I netstats_mobile_sample: [0,0,0,0,0,0,0,0,0,0,0,0,-1]
05-14 15:40:37.865   788   979 I netstats_wifi_sample: [75240985,105327,4511964,50591,73236993,87008,3793778,49951,73201251,86919,3847702,51077,-1]
05-14 15:40:40.880   788   788 I free_storage_changed: 4969844736
05-14 15:40:41.853   788   979 I netstats_mobile_sample: [0,0,0,0,0,0,0,0,0,0,0,0,-1]
05-14 15:40:41.853   788   979 I netstats_wifi_sample: [77306163,106692,4625320,51911,75283061,88373,3888654,51271,75256319,88290,3942578,52397,-1]
05-14 15:40:45.833   788   979 I netstats_mobile_sample: [0,0,0,0,0,0,0,0,0,0,0,0,-1]
05-14 15:40:45.833   788   979 I netstats_wifi_sample: [79357705,108048,4729908,53208,77314119,89728,3975008,52567,77303877,89656,4028704,53690,-1]
05-14 15:40:49.864   788   979 I netstats_mobile_sample: [0,0,0,0,0,0,0,0,0,0,0,0,-1]
05-14 15:40:49.865   788   979 I netstats_wifi_sample: [81425923,109415,4816678,54481,79364699,91096,4044032,53841,79352957,91023,4097796,54963,-1]
05-14 15:40:53.853   788   979 I netstats_mobile_sample: [0,0,0,0,0,0,0,0,0,0,0,0,-1]
05-14 15:40:53.853   788   979 I netstats_wifi_sample: [83492533,110780,4894216,55710,81412199,92461,4104364,55070,81397457,92386,4158128,56192,-1]
05-14 15:40:57.860   788   979 I netstats_mobile_sample: [0,0,0,0,0,0,0,0,0,0,0,0,-1]
05-14 15:40:57.860   788   979 I netstats_wifi_sample: [85568227,112151,4974512,56964,83468699,93832,4167104,56324,83459957,93761,4220908,57448,-1]
05-14 15:41:01.848   788   979 I netstats_mobile_sample: [0,0,0,0,0,0,0,0,0,0,0,0,-1]
05-14 15:41:01.848   788   979 I netstats_wifi_sample: [87633323,113515,5055822,58257,85514699,95196,4230312,57617,85508957,95127,4284236,58743,-1]
05-14 15:41:05.924   788   979 I netstats_mobile_sample: [0,0,0,0,0,0,0,0,0,0,0,0,-1]
05-14 15:41:05.924   788   979 I netstats_wifi_sample: [89704475,114883,5134932,59516,87566699,96564,4291796,58876,87551957,96489,4345720,60002,-1]
05-14 15:41:09.913   788   979 I netstats_mobile_sample: [0,0,0,0,0,0,0,0,0,0,0,0,-1]
05-14 15:41:09.914   788   979 I netstats_wifi_sample: [91806402,116278,5215146,60793,89649072,97959,4354132,60153,89640330,97888,4407976,61277,-1]
05-14 15:41:10.836   788   788 I notification_cancel: [10038,5417,com.meizu.mstore,12000,NULL,0,0,64,8,NULL]
05-14 15:41:10.836   788   788 I notification_cancel: [10038,5417,com.meizu.mstore,8000,NULL,0,0,64,8,NULL]
05-14 15:41:10.881   788   788 I free_storage_changed: 4955529216
05-14 15:41:13.847   788   788 I notification_cancel: [1000,788,com.meizu.mstore,-2147483648,NULL,0,0,0,8,NULL]
05-14 15:41:13.848   788   788 I notification_canceled: [0|com.meizu.mstore|-2147483648|null|10038,8]
05-14 15:41:39.821   788   962 I am_kill : [14705,com.yunos.alimobilesearch,15,0,by shrinker for size limited]
05-14 15:41:39.873   788  1320 I am_proc_died: [0,14705,com.yunos.alimobilesearch]
05-14 15:41:49.442   788  1755 I am_home_stack_moved: [0,0,1,1,intentActivityFound]
05-14 15:41:49.442   788  1755 I wm_task_moved: [453,1,2]
05-14 15:41:49.444   788  1755 I am_new_intent: [0,56723497,453,com.tianyancha.skyeye/.MainActivity,NULL,NULL,NULL,268435456]
05-14 15:41:49.445   788  1755 I am_resume_activity: [0,547050753,453,com.tianyancha.skyeye/.MainActivity]
05-14 15:41:49.446   788  1755 I am_pause_activity: [0,547050753,com.tianyancha.skyeye/.MainActivity]
05-14 15:41:49.452   788  1755 I am_home_stack_moved: [0,0,1,1,completeResume setFocusedActivity]
05-14 15:41:49.452   788  1755 I am_focused_activity: [0,com.tianyancha.skyeye/.MainActivity]
05-14 15:41:49.475 16429 16429 I am_on_resume_called: [0,com.tianyancha.skyeye.MainActivity]
05-14 15:41:49.485 16429 16429 I am_on_paused_called: [0,com.tianyancha.skyeye.MainActivity]
05-14 15:41:49.486   788   933 I am_home_stack_moved: [0,0,1,1,stopActivity adjustTopFocus setFocusedActivity]
05-14 15:41:49.487   788   933 I am_focused_activity: [0,com.tianyancha.skyeye/.MainActivity]
05-14 15:42:41.741   788  1320 I am_home_stack_moved: [0,0,1,1,intentActivityFound]
05-14 15:42:41.741   788  1320 I wm_task_moved: [453,1,2]
05-14 15:42:41.745   788  1320 I am_new_intent: [0,120475330,453,com.tianyancha.skyeye/.MainActivity,NULL,NULL,NULL,268435456]
05-14 15:42:41.747   788  1320 I am_resume_activity: [0,547050753,453,com.tianyancha.skyeye/.MainActivity]
05-14 15:42:41.751   788  1320 I am_pause_activity: [0,547050753,com.tianyancha.skyeye/.MainActivity]
05-14 15:42:41.756   788  1320 I am_home_stack_moved: [0,0,1,1,completeResume setFocusedActivity]
05-14 15:42:41.756   788  1320 I am_focused_activity: [0,com.tianyancha.skyeye/.MainActivity]
05-14 15:42:41.781 16429 16429 I am_on_resume_called: [0,com.tianyancha.skyeye.MainActivity]
05-14 15:42:41.794 16429 16429 I am_on_paused_called: [0,com.tianyancha.skyeye.MainActivity]
05-14 15:42:41.795   788   933 I am_home_stack_moved: [0,0,1,1,stopActivity adjustTopFocus setFocusedActivity]
05-14 15:42:41.795   788   933 I am_focused_activity: [0,com.tianyancha.skyeye/.MainActivity]
05-14 15:44:07.342   788  1745 I am_proc_died: [0,14618,com.tencent.mobileqq:qzone]
05-14 15:44:16.424   788  1747 I am_home_stack_moved: [0,0,1,1,intentActivityFound]
05-14 15:44:16.424   788  1747 I wm_task_moved: [453,1,2]
05-14 15:44:16.428   788  1747 I am_new_intent: [0,602093747,453,com.tianyancha.skyeye/.MainActivity,NULL,NULL,NULL,268435456]
05-14 15:44:16.434   788  1747 I am_resume_activity: [0,547050753,453,com.tianyancha.skyeye/.MainActivity]
05-14 15:44:16.435   788  1747 I am_pause_activity: [0,547050753,com.tianyancha.skyeye/.MainActivity]
05-14 15:44:16.441   788  1747 I am_home_stack_moved: [0,0,1,1,completeResume setFocusedActivity]
05-14 15:44:16.441   788  1747 I am_focused_activity: [0,com.tianyancha.skyeye/.MainActivity]
05-14 15:44:16.466 16429 16429 I am_on_resume_called: [0,com.tianyancha.skyeye.MainActivity]
05-14 15:44:16.480 16429 16429 I am_on_paused_called: [0,com.tianyancha.skyeye.MainActivity]
05-14 15:44:16.481   788   933 I am_home_stack_moved: [0,0,1,1,stopActivity adjustTopFocus setFocusedActivity]
05-14 15:44:16.481   788   933 I am_focused_activity: [0,com.tianyancha.skyeye/.MainActivity]
05-14 15:45:11.440   788  1807 I am_home_stack_moved: [0,0,1,1,intentActivityFound]
05-14 15:45:11.441   788  1807 I wm_task_moved: [453,1,2]
05-14 15:45:11.444   788  1807 I am_new_intent: [0,802073871,453,com.tianyancha.skyeye/.MainActivity,NULL,NULL,NULL,268435456]
05-14 15:45:11.446   788  1807 I am_resume_activity: [0,547050753,453,com.tianyancha.skyeye/.MainActivity]
05-14 15:45:11.450   788  1807 I am_pause_activity: [0,547050753,com.tianyancha.skyeye/.MainActivity]
05-14 15:45:11.455   788  1807 I am_home_stack_moved: [0,0,1,1,completeResume setFocusedActivity]
05-14 15:45:11.455   788  1807 I am_focused_activity: [0,com.tianyancha.skyeye/.MainActivity]
05-14 15:45:11.480 16429 16429 I am_on_resume_called: [0,com.tianyancha.skyeye.MainActivity]
05-14 15:45:11.492 16429 16429 I am_on_paused_called: [0,com.tianyancha.skyeye.MainActivity]
05-14 15:45:11.493   788   933 I am_home_stack_moved: [0,0,1,1,stopActivity adjustTopFocus setFocusedActivity]
05-14 15:45:11.493   788   933 I am_focused_activity: [0,com.tianyancha.skyeye/.MainActivity]
05-14 15:45:44.218   788  1232 I am_home_stack_moved: [0,0,1,1,intentActivityFound]
05-14 15:45:44.218   788  1232 I wm_task_moved: [453,1,2]
05-14 15:45:44.222   788  1232 I am_new_intent: [0,999196538,453,com.tianyancha.skyeye/.MainActivity,NULL,NULL,NULL,268435456]
05-14 15:45:44.223   788  1232 I am_resume_activity: [0,547050753,453,com.tianyancha.skyeye/.MainActivity]
05-14 15:45:44.225   788  1232 I am_pause_activity: [0,547050753,com.tianyancha.skyeye/.MainActivity]
05-14 15:45:44.232   788  1232 I am_home_stack_moved: [0,0,1,1,completeResume setFocusedActivity]
05-14 15:45:44.232   788  1232 I am_focused_activity: [0,com.tianyancha.skyeye/.MainActivity]
05-14 15:45:44.258 16429 16429 I am_on_resume_called: [0,com.tianyancha.skyeye.MainActivity]
05-14 15:45:44.260 16429 16429 I am_on_paused_called: [0,com.tianyancha.skyeye.MainActivity]
05-14 15:45:44.261   788   933 I am_home_stack_moved: [0,0,1,1,stopActivity adjustTopFocus setFocusedActivity]
05-14 15:45:44.261   788   933 I am_focused_activity: [0,com.tianyancha.skyeye/.MainActivity]
05-14 15:46:42.503   788   808 I am_home_stack_moved: [0,0,1,1,intentActivityFound]
05-14 15:46:42.503   788   808 I wm_task_moved: [453,1,2]
05-14 15:46:42.506   788   808 I am_new_intent: [0,1020431314,453,com.tianyancha.skyeye/.MainActivity,NULL,NULL,NULL,268435456]
05-14 15:46:42.508   788   808 I am_resume_activity: [0,547050753,453,com.tianyancha.skyeye/.MainActivity]
05-14 15:46:42.510   788   808 I am_pause_activity: [0,547050753,com.tianyancha.skyeye/.MainActivity]
05-14 15:46:42.517   788   808 I am_home_stack_moved: [0,0,1,1,completeResume setFocusedActivity]
05-14 15:46:42.517   788   808 I am_focused_activity: [0,com.tianyancha.skyeye/.MainActivity]
05-14 15:46:42.541 16429 16429 I am_on_resume_called: [0,com.tianyancha.skyeye.MainActivity]
05-14 15:46:42.542 16429 16429 I am_on_paused_called: [0,com.tianyancha.skyeye.MainActivity]
05-14 15:46:42.543   788   933 I am_home_stack_moved: [0,0,1,1,stopActivity adjustTopFocus setFocusedActivity]
05-14 15:46:42.544   788   933 I am_focused_activity: [0,com.tianyancha.skyeye/.MainActivity]
05-14 15:47:10.997   788  3778 I am_home_stack_moved: [0,0,1,1,intentActivityFound]
05-14 15:47:10.997   788  3778 I wm_task_moved: [453,1,2]
05-14 15:47:11.001   788  3778 I am_new_intent: [0,924236205,453,com.tianyancha.skyeye/.MainActivity,NULL,NULL,NULL,268435456]
05-14 15:47:11.002   788  3778 I am_resume_activity: [0,547050753,453,com.tianyancha.skyeye/.MainActivity]
05-14 15:47:11.004   788  3778 I am_pause_activity: [0,547050753,com.tianyancha.skyeye/.MainActivity]
05-14 15:47:11.011   788  3778 I am_home_stack_moved: [0,0,1,1,completeResume setFocusedActivity]
05-14 15:47:11.011   788  3778 I am_focused_activity: [0,com.tianyancha.skyeye/.MainActivity]
05-14 15:47:11.036 16429 16429 I am_on_resume_called: [0,com.tianyancha.skyeye.MainActivity]
05-14 15:47:11.038 16429 16429 I am_on_paused_called: [0,com.tianyancha.skyeye.MainActivity]
05-14 15:47:11.039   788   933 I am_home_stack_moved: [0,0,1,1,stopActivity adjustTopFocus setFocusedActivity]
05-14 15:47:11.039   788   933 I am_focused_activity: [0,com.tianyancha.skyeye/.MainActivity]
05-14 15:50:07.324   788   788 I power_screen_state: [1,0,0,0]
05-14 15:50:07.324   788   788 I screen_toggled: 1
05-14 15:50:07.324   788   788 I power_screen_broadcast_send: 1
05-14 15:50:07.369   788  1232 I notification_panel_revealed: []
05-14 15:50:07.679   788  3778 I notification_visibility_changed: [0|com.meizu.mstore|5000|null|10038,]
05-14 15:50:07.681   788   788 I notification_cancel: [1001,1696,com.android.phone,6,0,-1,0,64,8,NULL]
05-14 15:50:07.739   788   788 I notification_cancel: [1001,1696,com.android.phone,6,0,-1,0,64,8,NULL]
05-14 15:50:07.760   301   301 I sf_frame_dur: [ColorFade,27,0,0,1,0,0,0]
05-14 15:50:07.814   788   788 I notification_cancel: [10088,3440,com.sina.weibo,2131427505,NULL,0,0,64,8,NULL]
05-14 15:50:07.848   788   788 I power_screen_broadcast_done: [1,523,1]
05-14 15:50:08.352  1065  1065 I sysui_lockscreen_gesture: [1,189,5415]
05-14 15:50:08.408   788  1750 I notification_visibility_changed: [,0|com.meizu.mstore|5000|null|10038]
05-14 15:50:08.409   788  1745 I notification_panel_hidden: []
05-14 15:50:08.412  1065  1065 I screen_toggled: 2
05-14 15:50:08.448  1065  1065 I sysui_status_bar_state: [0,0,0,0,0,1]
05-14 15:50:08.450   788  1754 I am_resume_activity: [0,547050753,453,com.tianyancha.skyeye/.MainActivity]
05-14 15:50:08.454   788  1754 I am_home_stack_moved: [0,0,1,1,completeResume setFocusedActivity]
05-14 15:50:08.455   788  1754 I am_focused_activity: [0,com.tianyancha.skyeye/.MainActivity]
05-14 15:50:08.485 16429 16429 I am_on_resume_called: [0,com.tianyancha.skyeye.MainActivity]
05-14 15:50:08.508   788   933 I am_proc_start: [0,17997,10001,com.yunos.lifecard,broadcast,com.yunos.lifecard/com.yunos.alimobilesearch.ExternalEventReceiver]
05-14 15:50:08.545   788  1750 I am_proc_bound: [0,17997,com.yunos.lifecard]
05-14 15:50:09.074   788  1807 I am_proc_start: [0,18036,10095,com.tencent.mobileqq:qzone,service,com.tencent.mobileqq/cooperation.qzone.QzonePluginProxyService]
05-14 15:50:09.100   788  1755 I am_proc_bound: [0,18036,com.tencent.mobileqq:qzone]
05-14 15:50:09.514 13391 14316 I force_gc: Binder
05-14 15:50:09.719 18036 18068 I force_gc: Binder
05-14 15:50:09.811   788  1755 I am_proc_start: [0,18112,10002,com.yunos.alimobilesearch,broadcast,com.yunos.alimobilesearch/.UserPresentReceiver]
05-14 15:50:09.831   788  1807 I am_proc_bound: [0,18112,com.yunos.alimobilesearch]
05-14 15:50:09.892 13391 13701 I force_gc: Binder
05-14 15:50:10.171   788  1807 I netstats_mobile_sample: [0,0,0,0,0,0,0,0,0,0,0,0,-1]
05-14 15:50:10.171   788  1807 I netstats_wifi_sample: [92417942,116850,5299338,61457,90252010,98522,4428888,60812,90246268,98453,4483104,61942,-1]
05-14 15:50:10.234   788  1807 I am_proc_start: [0,18154,10072,com.meizu.media.reader,broadcast,com.meizu.media.reader/.module.appwidget.ReaderAppWidgetProvider]
05-14 15:50:10.260   788  1756 I am_proc_bound: [0,18154,com.meizu.media.reader]
05-14 15:50:10.791   788   962 I am_kill : [14745,com.meizu.net.search,9,76996,by shrinker for size limited]
05-14 15:50:10.791   788   962 I am_kill : [14853,com.alipay.android.app,9,0,by shrinker for size limited]
05-14 15:50:10.871   788  1807 I am_proc_died: [0,14745,com.meizu.net.search]
05-14 15:50:10.872   788  1758 I am_proc_died: [0,14853,com.alipay.android.app]
05-14 15:50:20.812   788   962 I am_kill : [15433,com.meizu.flyme.weather,9,0,by shrinker for size limited]
05-14 15:50:20.921   788   931 I am_proc_died: [0,15433,com.meizu.flyme.weather]
05-14 15:50:25.926   788  1747 I force_gc: Binder
05-14 15:50:40.381   788  1750 I am_proc_died: [0,17997,com.yunos.lifecard]
05-14 15:55:08.410   788   941 I power_sleep_requested: 0
05-14 15:55:08.412   788   788 I power_screen_state: [0,3,0,0]
05-14 15:55:08.412   788   788 I screen_toggled: 0
05-14 15:55:08.495   788   788 I power_screen_broadcast_send: 1
05-14 15:55:08.661  1065  1065 I sysui_heads_up_status: [,0]
05-14 15:55:08.731   788   788 I power_screen_broadcast_done: [0,236,1]
05-14 15:55:09.210   788   788 I am_pause_activity: [0,547050753,com.tianyancha.skyeye/.MainActivity]
05-14 15:55:09.212 16429 16429 I am_on_paused_called: [0,com.tianyancha.skyeye.MainActivity]
05-14 15:55:09.213   788   933 I am_home_stack_moved: [0,0,1,1,stopActivity adjustTopFocus setFocusedActivity]
05-14 15:55:09.213   788   933 I am_focused_activity: [0,com.tianyancha.skyeye/.MainActivity]
05-14 15:55:13.668  1065  1065 I sysui_status_bar_state: [1,1,0,0,0,1]
05-14 15:56:08.994   788   788 I notification_cancel: [10038,5417,com.meizu.mstore,12000,NULL,0,0,64,8,NULL]
05-14 15:56:08.995   788   788 I notification_cancel: [10038,5417,com.meizu.mstore,8000,NULL,0,0,64,8,NULL]
05-14 16:00:09.933   788  1789 I am_proc_died: [0,18036,com.tencent.mobileqq:qzone]
05-14 16:03:00.005   788   788 I am_kill : [0,13046,com.android.defcontainer,15,empty for 1801s]
05-14 16:03:00.071   788  1747 I am_proc_died: [0,13046,com.android.defcontainer]
05-14 16:03:00.166   788  1742 I am_kill : [0,15947,com.android.musicfx,15,empty for 1800s]
05-14 16:03:00.222   788  1750 I am_proc_died: [0,15947,com.android.musicfx]
05-14 16:03:00.224   788  1750 I am_kill : [0,15971,com.meizu.filemanager,15,empty for 1800s]
05-14 16:03:00.271   788  1232 I am_proc_died: [0,15971,com.meizu.filemanager]
05-14 16:04:50.215   788   788 I power_screen_state: [1,0,0,0]
05-14 16:04:50.215   788   788 I screen_toggled: 1
05-14 16:04:50.216   788   788 I power_screen_broadcast_send: 1
05-14 16:04:50.235   788  1320 I notification_panel_revealed: []
05-14 16:04:50.467   788   788 I notification_cancel: [1001,1696,com.android.phone,6,0,-1,0,64,8,NULL]
05-14 16:04:50.534   788  1750 I notification_visibility_changed: [0|com.meizu.mstore|5000|null|10038,]
05-14 16:04:50.574   788   788 I notification_cancel: [1001,1696,com.android.phone,6,0,-1,0,64,8,NULL]
05-14 16:04:50.590   301   301 I sf_frame_dur: [ColorFade,28,1,0,0,0,0,0]
05-14 16:04:50.614   788   788 I notification_cancel: [10088,3440,com.sina.weibo,2131427505,NULL,0,0,64,8,NULL]
05-14 16:04:50.641   788   788 I power_screen_broadcast_done: [1,426,1]
05-14 16:04:51.188  1065  1065 I sysui_lockscreen_gesture: [1,210,9713]
05-14 16:04:51.236   788  1807 I notification_visibility_changed: [,0|com.meizu.mstore|5000|null|10038]
05-14 16:04:51.236   788  1745 I notification_panel_hidden: []
05-14 16:04:51.238  1065  1065 I screen_toggled: 2
05-14 16:04:51.261  1065  1065 I sysui_status_bar_state: [0,0,0,0,0,1]
05-14 16:04:51.264   788   808 I am_resume_activity: [0,547050753,453,com.tianyancha.skyeye/.MainActivity]
05-14 16:04:51.266   788   808 I am_home_stack_moved: [0,0,1,1,completeResume setFocusedActivity]
05-14 16:04:51.266   788   808 I am_focused_activity: [0,com.tianyancha.skyeye/.MainActivity]
05-14 16:04:51.283   788   933 I am_proc_start: [0,19302,10001,com.yunos.lifecard,broadcast,com.yunos.lifecard/com.yunos.alimobilesearch.ExternalEventReceiver]
05-14 16:04:51.294 16429 16429 I am_on_resume_called: [0,com.tianyancha.skyeye.MainActivity]
05-14 16:04:51.306   788  3778 I am_proc_bound: [0,19302,com.yunos.lifecard]
05-14 16:04:51.472   788  1320 I am_proc_start: [0,19341,10095,com.tencent.mobileqq:qzone,service,com.tencent.mobileqq/cooperation.qzone.QzonePluginProxyService]
05-14 16:04:51.500   788  1745 I am_proc_bound: [0,19341,com.tencent.mobileqq:qzone]
05-14 16:04:51.752 13391 13425 I force_gc: Binder
05-14 16:04:51.982 19341 19372 I force_gc: Binder
05-14 16:04:52.109 13391 13411 I force_gc: Binder
05-14 16:04:52.125   788  1750 I am_kill : [0,15893,com.meizu.media.gallery,15,empty for 1911s]
05-14 16:04:52.145   788  3778 I am_proc_start: [0,19423,10079,com.meizu.flyme.weather,broadcast,com.meizu.flyme.weather/.WeatherWidgetProvider]
05-14 16:04:52.158   788  1754 I am_proc_bound: [0,19423,com.meizu.flyme.weather]
05-14 16:04:52.162   788  1232 I netstats_mobile_sample: [0,0,0,0,0,0,0,0,0,0,0,0,-1]
05-14 16:04:52.162   788  1320 I force_gc: Binder
05-14 16:04:52.163   788  1232 I netstats_wifi_sample: [92799183,120173,5343909,61761,90560884,100949,4468908,61108,90555142,100880,4523836,62248,-1]
05-14 16:04:52.211   788  1806 I am_proc_died: [0,15893,com.meizu.media.gallery]
05-14 16:04:52.605 19341 19369 I force_gc: Binder
05-14 16:04:52.694   788  1789 I am_proc_start: [0,19491,10075,com.meizu.net.search,broadcast,com.meizu.net.search/.hotword.HotWordReceiver]
05-14 16:04:52.700   788   931 I am_proc_bound: [0,19491,com.meizu.net.search]
05-14 16:04:53.005   788  1742 I am_proc_start: [0,19539,10037,com.alipay.android.app,broadcast,com.alipay.android.app/com.alipay.notify.BroadcastActionReceiver]
05-14 16:04:53.022   788  1755 I am_proc_bound: [0,19539,com.alipay.android.app]
05-14 16:04:53.121   788  1750 I am_kill : [0,15998,com.svox.pico,15,empty for 1912s]
05-14 16:04:53.200   788  1745 I am_proc_died: [0,15998,com.svox.pico]
