05-14 18:25:17.787   788   788 I notification_enqueue: [10095,13391,com.tencent.mobileqq,537056366,NULL,0,Notification(pri=0 contentView=com.tencent.mobileqq/0xa030052 headsUpContentView=/0xa030056 bigContentView=null vibrate=null sound=null defaults=0x0 flags=0x40 color=0x00000000 vis=PRIVATE),1]
05-14 18:25:17.790   788   788 I force_gc: Binder
05-14 18:25:17.839   788   931 I notification_expansion: [0|com.tencent.mobileqq|537056366|null|10095,0,1]
05-14 18:25:17.847  1065  1065 I sysui_heads_up_status: [0|com.tencent.mobileqq|537056366|null|10095,1]
05-14 18:25:17.984   788   788 I notification_cancel: [1000,788,com.tencent.mobileqq,537056366,NULL,0,0,0,8,NULL]
05-14 18:25:17.984   788   788 I notification_canceled: [0|com.tencent.mobileqq|537056366|null|10095,8]
05-14 18:25:18.038   788  1758 I am_proc_start: [0,30758,10095,com.tencent.mobileqq:qzone,service,com.tencent.mobileqq/cooperation.qzone.QzonePluginProxyService]
05-14 18:25:18.050   788  1755 I am_proc_bound: [0,30758,com.tencent.mobileqq:qzone]
05-14 18:25:18.055   788  1745 I notification_expansion: [0|com.tencent.mobileqq|537056366|null|10095,0,1]
05-14 18:25:18.121  1065  1065 I sysui_heads_up_status: [NULL,1]
05-14 18:25:18.121  1065  1065 I sysui_heads_up_status: [,0]
05-14 18:25:18.322 13391 13411 I force_gc: Binder
05-14 18:25:18.389   301   301 I sf_frame_dur: [Heads Up,4,2,0,0,0,0,0]
05-14 18:25:18.491 30758 30787 I force_gc: Binder
05-14 18:25:18.577   788   808 I am_kill : [0,15822,android.process.acore,15,empty for 10325s]
05-14 18:25:18.604   788  1232 I netstats_mobile_sample: [0,0,0,0,0,0,0,0,0,0,0,0,-1]
05-14 18:25:18.604   788  1232 I netstats_wifi_sample: [96554089,144778,5725912,64444,93716675,116653,4811109,63711,93710933,116584,4875965,64977,-1]
05-14 18:25:18.660   788  1747 I am_proc_died: [0,15822,android.process.acore]
05-14 18:25:18.931 13391 13425 I force_gc: Binder
05-14 18:25:28.061  1065  1065 I sysui_heads_up_status: [,0]
05-14 18:25:37.366   788  1232 I am_home_stack_moved: [0,0,1,1,startingNewTask]
05-14 18:25:37.366   788  1232 I wm_task_moved: [450,1,1]
05-14 18:25:37.369   788  1232 I am_create_task: [0,459]
05-14 18:25:37.369   788  1232 I am_create_activity: [0,329239739,459,com.tianyancha.skyeye/.MainActivity,NULL,NULL,NULL,268435456]
05-14 18:25:37.369   788  1232 I wm_task_created: [459,1]
05-14 18:25:37.369   788  1232 I wm_task_moved: [459,1,2]
05-14 18:25:37.370   788  1232 I am_pause_activity: [0,1336315,com.meizu.flyme.launcher/.Launcher]
05-14 18:25:37.373   788  1232 I am_home_stack_moved: [0,0,1,1,startedActivity setFocusedActivity]
05-14 18:25:37.374   788  1232 I am_focused_activity: [0,com.tianyancha.skyeye/.MainActivity]
05-14 18:25:37.401  1760  1760 I am_on_paused_called: [0,com.meizu.flyme.launcher.Launcher]
05-14 18:25:37.413   788  1807 I am_proc_start: [0,31124,10174,com.tianyancha.skyeye,activity,com.tianyancha.skyeye/.MainActivity]
05-14 18:25:37.423   788  1320 I am_proc_bound: [0,31124,com.tianyancha.skyeye]
05-14 18:25:37.426   788  1320 I am_restart_activity: [0,329239739,459,com.tianyancha.skyeye/.MainActivity]
05-14 18:25:37.428   788  1320 I am_home_stack_moved: [0,0,1,1,completeResume setFocusedActivity]
05-14 18:25:37.428   788  1320 I am_focused_activity: [0,com.tianyancha.skyeye/.MainActivity]
05-14 18:25:37.463   301   301 I sf_frame_dur: [com.meizu.flyme.launcher/com.meizu.flyme.launcher.Launcher,1,0,0,0,0,1,1]
05-14 18:25:37.945   788  1320 I force_gc: Binder
05-14 18:25:39.220 31124 31124 I am_on_resume_called: [0,com.tianyancha.skyeye.MainActivity]
05-14 18:25:39.704   788  1756 I am_kill : [0,31124,com.tianyancha.skyeye,0,stop com.tianyancha.skyeye]
05-14 18:25:39.705   788  1756 I am_schedule_service_restart: [0,com.tianyancha.skyeye/com.taobao.accs.data.MsgDistributeService,1000]
05-14 18:25:39.705   788  1756 I am_finish_activity: [0,329239739,459,com.tianyancha.skyeye/.MainActivity,proc died without state saved]
05-14 18:25:39.709   788  1756 I wm_task_removed: [459,removeAppToken: last token]
05-14 18:25:39.709   788  1756 I am_home_stack_moved: [0,1,0,0,appDied]
05-14 18:25:39.709   788  1756 I wm_task_moved: [447,1,0]
05-14 18:25:39.710   788  1756 I wm_task_removed: [459,removeTask]
05-14 18:25:39.728   788  1756 I am_resume_activity: [0,1336315,447,com.meizu.flyme.launcher/.Launcher]
05-14 18:25:39.731   788  1756 I am_home_stack_moved: [0,1,0,0,completeResume setFocusedActivity]
05-14 18:25:39.731   788  1756 I am_focused_activity: [0,com.meizu.flyme.launcher/.Launcher]
05-14 18:25:39.733  1760  1760 I am_on_resume_called: [0,com.meizu.flyme.launcher.Launcher]
05-14 18:25:39.733   788   788 I notification_cancel_all: [1000,788,com.tianyancha.skyeye,0,0,0,5,NULL]
05-14 18:25:49.151   788  3778 I am_proc_died: [0,30712,com.yunos.lifecard]
05-14 18:25:58.014   788  1806 I am_home_stack_moved: [0,0,1,1,startingNewTask]
05-14 18:25:58.014   788  1806 I wm_task_moved: [450,1,1]
05-14 18:25:58.015   788  1806 I am_create_task: [0,460]
05-14 18:25:58.015   788  1806 I am_create_activity: [0,581486660,460,com.tianyancha.skyeye/.SplashPage,android.intent.action.MAIN,NULL,NULL,270532608]
05-14 18:25:58.016   788  1806 I wm_task_created: [460,1]
05-14 18:25:58.016   788  1806 I wm_task_moved: [460,1,2]
05-14 18:25:58.017   788  1806 I am_pause_activity: [0,1336315,com.meizu.flyme.launcher/.Launcher]
05-14 18:25:58.018   788  1806 I am_home_stack_moved: [0,0,1,1,startedActivity setFocusedActivity]
05-14 18:25:58.019   788  1806 I am_focused_activity: [0,com.tianyancha.skyeye/.SplashPage]
05-14 18:25:58.035  1760  1760 I am_on_paused_called: [0,com.meizu.flyme.launcher.Launcher]
05-14 18:25:58.046   788  1320 I am_proc_start: [0,31525,10174,com.tianyancha.skyeye,activity,com.tianyancha.skyeye/.SplashPage]
05-14 18:25:58.068   788   808 I am_proc_bound: [0,31525,com.tianyancha.skyeye]
05-14 18:25:58.075   788   808 I am_restart_activity: [0,581486660,460,com.tianyancha.skyeye/.SplashPage]
05-14 18:25:58.077   788   808 I am_home_stack_moved: [0,0,1,1,completeResume setFocusedActivity]
05-14 18:25:58.077   788   808 I am_focused_activity: [0,com.tianyancha.skyeye/.SplashPage]
05-14 18:25:58.584   301   301 I sf_frame_dur: [com.meizu.flyme.launcher/com.meizu.flyme.launcher.Launcher,0,0,1,0,1,0,2]
05-14 18:25:58.907 31525 31525 I am_on_resume_called: [0,com.tianyancha.skyeye.SplashPage]
05-14 18:25:58.988   788   938 I am_activity_launch_time: [0,581486660,com.tianyancha.skyeye/.SplashPage,953,2467496]
05-14 18:25:59.403   788  1807 I am_home_stack_moved: [0,0,1,1,sourceStackToFront]
05-14 18:25:59.403   788  1807 I wm_task_moved: [460,1,2]
05-14 18:25:59.404   788  1807 I am_create_activity: [0,289331377,460,com.tianyancha.skyeye/.AdvertActivity,NULL,NULL,NULL,0]
05-14 18:25:59.404   788  1807 I am_pause_activity: [0,581486660,com.tianyancha.skyeye/.SplashPage]
05-14 18:25:59.405   788  1807 I am_home_stack_moved: [0,0,1,1,startedActivity setFocusedActivity]
05-14 18:25:59.406   788  1807 I am_focused_activity: [0,com.tianyancha.skyeye/.AdvertActivity]
05-14 18:25:59.407   788  1750 I am_finish_activity: [0,581486660,460,com.tianyancha.skyeye/.SplashPage,app-request]
05-14 18:25:59.409 31525 31525 I am_on_paused_called: [0,com.tianyancha.skyeye.SplashPage]
05-14 18:25:59.410   788   931 I am_restart_activity: [0,289331377,460,com.tianyancha.skyeye/.AdvertActivity]
05-14 18:25:59.412   788   931 I am_home_stack_moved: [0,0,1,1,completeResume setFocusedActivity]
05-14 18:25:59.412   788   931 I am_focused_activity: [0,com.tianyancha.skyeye/.AdvertActivity]
05-14 18:25:59.445   788  1756 I am_home_stack_moved: [0,0,1,1,intentActivityFound]
05-14 18:25:59.445   788  1756 I wm_task_moved: [460,1,2]
05-14 18:25:59.446   788  1756 I am_home_stack_moved: [0,0,1,1,sourceStackToFront]
05-14 18:25:59.446   788  1756 I wm_task_moved: [460,1,2]
05-14 18:25:59.447   788  1756 I am_create_activity: [0,417792290,460,com.tianyancha.skyeye/.MainActivity,NULL,NULL,NULL,268435456]
05-14 18:25:59.447   788  1756 I am_pause_activity: [0,289331377,com.tianyancha.skyeye/.AdvertActivity]
05-14 18:25:59.448   788  1756 I am_home_stack_moved: [0,0,1,1,startedActivity setFocusedActivity]
05-14 18:25:59.448   788  1756 I am_focused_activity: [0,com.tianyancha.skyeye/.MainActivity]
05-14 18:25:59.448   788  3778 I am_finish_activity: [0,289331377,460,com.tianyancha.skyeye/.AdvertActivity,app-request]
05-14 18:25:59.451   788  1742 I am_restart_activity: [0,417792290,460,com.tianyancha.skyeye/.MainActivity]
05-14 18:25:59.452   788  1742 I am_home_stack_moved: [0,0,1,1,completeResume setFocusedActivity]
05-14 18:25:59.453   788  1742 I am_focused_activity: [0,com.tianyancha.skyeye/.MainActivity]
05-14 18:25:59.541   788  1758 I force_gc: Binder
05-14 18:26:00.477 31525 31525 I am_on_resume_called: [0,com.tianyancha.skyeye.MainActivity]
05-14 18:26:00.834   788   979 I netstats_mobile_sample: [0,0,0,0,0,0,0,0,0,0,0,0,-1]
05-14 18:26:00.834   788   979 I netstats_wifi_sample: [98024892,146185,5815234,65117,95165880,118004,4891009,64384,95160138,117935,4956425,65664,-1]
05-14 18:26:01.632   788   938 I am_activity_launch_time: [0,417792290,com.tianyancha.skyeye/.MainActivity,2182,2222]
05-14 18:26:01.752   788  1745 I am_destroy_activity: [0,289331377,460,com.tianyancha.skyeye/.AdvertActivity,finish-idle]
05-14 18:26:02.158   788   933 I am_destroy_activity: [0,581486660,460,com.tianyancha.skyeye/.SplashPage,finish-imm]
05-14 18:26:08.432   788  1789 I am_proc_start: [0,31729,10174,com.tianyancha.skyeye:channel,service,com.tianyancha.skyeye/com.taobao.accs.ChannelService]
05-14 18:26:08.445   788   807 I am_proc_bound: [0,31729,com.tianyancha.skyeye:channel]
05-14 18:26:11.367   788  1789 I am_home_stack_moved: [0,0,1,1,intentActivityFound]
05-14 18:26:11.367   788  1789 I wm_task_moved: [460,1,2]
05-14 18:26:11.368   788  1789 I am_new_intent: [0,973305254,460,com.tianyancha.skyeye/.MainActivity,NULL,NULL,NULL,268435456]
05-14 18:26:16.259   788   788 I free_storage_changed: 4953010176
05-14 18:26:33.521   788  1750 I am_proc_start: [0,31997,10071,com.android.printspooler,service,com.android.printspooler/.model.PrintSpoolerService]
05-14 18:26:33.545   788  1742 I am_proc_bound: [0,31997,com.android.printspooler]
05-14 18:26:43.613   788  1806 I am_home_stack_moved: [0,0,1,1,intentActivityFound]
05-14 18:26:43.613   788  1806 I wm_task_moved: [460,1,2]
05-14 18:26:43.615   788  1806 I am_new_intent: [0,796008786,460,com.tianyancha.skyeye/.MainActivity,NULL,NULL,NULL,268435456]
05-14 18:26:45.943   788  1745 I am_kill : [0,31729,com.tianyancha.skyeye:channel,5,stop com.tianyancha.skyeye]
05-14 18:26:45.944   788  1745 I am_schedule_service_restart: [0,com.tianyancha.skyeye/com.taobao.accs.ChannelService,1000]
05-14 18:26:45.944   788  1745 I am_kill : [0,31525,com.tianyancha.skyeye,0,stop com.tianyancha.skyeye]
05-14 18:26:45.945   788  1745 I am_schedule_service_restart: [0,com.tianyancha.skyeye/com.taobao.accs.data.MsgDistributeService,10999]
05-14 18:26:45.945   788  1745 I am_schedule_service_restart: [0,com.tianyancha.skyeye/org.android.agoo.accs.AgooService,10999]
05-14 18:26:45.946   788  1745 I am_finish_activity: [0,417792290,460,com.tianyancha.skyeye/.MainActivity,proc died without state saved]
05-14 18:26:45.949   788  1745 I wm_task_removed: [460,removeAppToken: last token]
05-14 18:26:45.949   788  1745 I am_home_stack_moved: [0,1,0,0,appDied]
05-14 18:26:45.949   788  1745 I wm_task_moved: [447,1,0]
05-14 18:26:45.951   788  1745 I wm_task_removed: [460,removeTask]
05-14 18:26:45.957   788  1745 I am_resume_activity: [0,1336315,447,com.meizu.flyme.launcher/.Launcher]
05-14 18:26:45.959   301   301 I sf_frame_dur: [com.tianyancha.skyeye/com.tianyancha.skyeye.MainActivity,97,6,1,2,4,6,16]
05-14 18:26:45.963   788  1745 I am_home_stack_moved: [0,1,0,0,completeResume setFocusedActivity]
05-14 18:26:45.964   788  1745 I am_focused_activity: [0,com.meizu.flyme.launcher/.Launcher]
05-14 18:26:45.968  1760  1760 I am_on_resume_called: [0,com.meizu.flyme.launcher.Launcher]
05-14 18:26:45.969   788   788 I notification_cancel_all: [1000,788,com.tianyancha.skyeye,0,0,0,5,NULL]
05-14 18:27:36.637   788  1742 I am_home_stack_moved: [0,0,1,1,startingNewTask]
05-14 18:27:36.637   788  1742 I wm_task_moved: [450,1,1]
05-14 18:27:36.639   788  1742 I am_create_task: [0,461]
05-14 18:27:36.639   788  1742 I am_create_activity: [0,901865071,461,com.tianyancha.skyeye/.MainActivity,NULL,NULL,NULL,268435456]
05-14 18:27:36.639   788  1742 I wm_task_created: [461,1]
05-14 18:27:36.639   788  1742 I wm_task_moved: [461,1,2]
05-14 18:27:36.639   788  1742 I am_pause_activity: [0,1336315,com.meizu.flyme.launcher/.Launcher]
05-14 18:27:36.640   788  1742 I am_home_stack_moved: [0,0,1,1,startedActivity setFocusedActivity]
05-14 18:27:36.641  1760  1760 I am_on_paused_called: [0,com.meizu.flyme.launcher.Launcher]
05-14 18:27:36.642   788  1742 I am_focused_activity: [0,com.tianyancha.skyeye/.MainActivity]
05-14 18:27:36.657   788   807 I am_proc_start: [0,32320,10174,com.tianyancha.skyeye,activity,com.tianyancha.skyeye/.MainActivity]
05-14 18:27:36.665   788   808 I am_proc_bound: [0,32320,com.tianyancha.skyeye]
05-14 18:27:36.669   788   808 I am_restart_activity: [0,901865071,461,com.tianyancha.skyeye/.MainActivity]
05-14 18:27:36.673   788   808 I am_home_stack_moved: [0,0,1,1,completeResume setFocusedActivity]
05-14 18:27:36.673   788   808 I am_focused_activity: [0,com.tianyancha.skyeye/.MainActivity]
05-14 18:27:36.691   301   301 I sf_frame_dur: [com.meizu.flyme.launcher/com.meizu.flyme.launcher.Launcher,0,0,0,0,1,0,0]
05-14 18:27:38.169 32320 32320 I am_on_resume_called: [0,com.tianyancha.skyeye.MainActivity]
05-14 18:27:38.871   788  1758 I am_kill : [0,32320,com.tianyancha.skyeye,0,stop com.tianyancha.skyeye]
05-14 18:27:38.871   788  1758 I am_schedule_service_restart: [0,com.tianyancha.skyeye/com.taobao.accs.data.MsgDistributeService,1186]
05-14 18:27:38.872   788  1758 I am_finish_activity: [0,901865071,461,com.tianyancha.skyeye/.MainActivity,proc died without state saved]
05-14 18:27:38.877   788  1758 I wm_task_removed: [461,removeAppToken: last token]
05-14 18:27:38.877   788  1758 I am_home_stack_moved: [0,1,0,0,appDied]
05-14 18:27:38.877   788  1758 I wm_task_moved: [447,1,0]
05-14 18:27:38.878   788  1758 I wm_task_removed: [461,removeTask]
05-14 18:27:38.882   788  1758 I am_resume_activity: [0,1336315,447,com.meizu.flyme.launcher/.Launcher]
05-14 18:27:38.884   788  1758 I am_home_stack_moved: [0,1,0,0,completeResume setFocusedActivity]
05-14 18:27:38.884   788  1758 I am_focused_activity: [0,com.meizu.flyme.launcher/.Launcher]
05-14 18:27:38.886   788   788 I notification_cancel_all: [1000,788,com.tianyancha.skyeye,0,0,0,5,NULL]
05-14 18:27:38.897  1760  1760 I am_on_resume_called: [0,com.meizu.flyme.launcher.Launcher]
05-14 18:30:57.840   788   941 I power_sleep_requested: 0
05-14 18:30:57.842   788   788 I power_screen_state: [0,3,0,0]
05-14 18:30:57.842   788   788 I screen_toggled: 0
05-14 18:30:57.934   788   788 I power_screen_broadcast_send: 1
05-14 18:30:58.134  1065  1065 I sysui_heads_up_status: [,0]
05-14 18:30:58.205   788   788 I power_screen_broadcast_done: [0,271,1]
05-14 18:30:58.575   788   788 I am_pause_activity: [0,1336315,com.meizu.flyme.launcher/.Launcher]
05-14 18:30:58.582  1760  1760 I am_on_paused_called: [0,com.meizu.flyme.launcher.Launcher]
05-14 18:30:58.610   788   933 I am_home_stack_moved: [0,1,0,0,stopActivity adjustTopFocus setFocusedActivity]
05-14 18:30:58.610   788   933 I am_focused_activity: [0,com.meizu.flyme.launcher/.Launcher]
05-14 18:31:03.021  1065  1065 I sysui_status_bar_state: [1,1,0,0,0,1]
05-14 18:31:58.813   788   788 I notification_enqueue: [10038,5417,com.meizu.mstore,-2147483648,NULL,0,Notification(pri=0 contentView=com.meizu.mstore/0xa030052 headsUpContentView=null bigContentView=null vibrate=null sound=null defaults=0x0 flags=0x40 color=0x00000000 vis=PRIVATE),0]
05-14 18:32:01.321   788   946 I am_proc_start: [0,1242,10008,com.android.defcontainer,service,com.android.defcontainer/.DefaultContainerService]
05-14 18:32:01.332   788  1755 I am_proc_bound: [0,1242,com.android.defcontainer]
05-14 18:32:03.058  6870  6870 I force_gc: bg
05-14 18:32:03.059  1065  1065 I force_gc: bg
05-14 18:32:03.059  1760  1760 I force_gc: bg
05-14 18:32:03.063   788   788 I notification_cancel_all: [1000,788,com.tianyancha.skyeye,0,0,0,5,NULL]
05-14 18:32:03.066  1290  1290 I force_gc: bg
05-14 18:32:03.082   788   946 I unknown_sources_enabled: 1
05-14 18:32:03.212 19491 19491 I force_gc: bg
05-14 18:32:03.410   788   788 I notification_cancel_all: [1000,788,com.tianyancha.skyeye,0,0,0,5,NULL]
05-14 18:32:03.576   788   788 I am_proc_start: [0,1288,10006,android.process.acore,broadcast,com.android.providers.contacts/.PackageIntentReceiver]
05-14 18:32:03.577   788   788 I notification_cancel: [10038,5417,com.meizu.mstore,12000,NULL,0,0,64,8,NULL]
05-14 18:32:03.582   788   788 I notification_cancel: [10038,5417,com.meizu.mstore,12000,NULL,0,0,64,8,NULL]
05-14 18:32:03.582   788   788 I notification_cancel: [10038,5417,com.meizu.mstore,8000,NULL,0,0,64,8,NULL]
05-14 18:32:03.588   788  3778 I am_proc_bound: [0,1288,android.process.acore]
05-14 18:32:03.829   788  1789 I am_proc_start: [0,1335,10020,com.android.musicfx,broadcast,com.android.musicfx/.Compatibility$Receiver]
05-14 18:32:03.843   788  1758 I am_proc_bound: [0,1335,com.android.musicfx]
05-14 18:32:03.956   788  1807 I am_proc_start: [0,1360,10047,com.meizu.filemanager,broadcast,com.meizu.filemanager/com.meizu.flyme.filemanager.PackageInstallReceiver]
05-14 18:32:03.973   788   931 I am_proc_bound: [0,1360,com.meizu.filemanager]
05-14 18:32:04.054   788   808 I am_proc_start: [0,1383,1000,com.android.keychain,broadcast,com.android.keychain/.KeyChainBroadcastReceiver]
05-14 18:32:04.065   788  1758 I am_proc_bound: [0,1383,com.android.keychain]
05-14 18:32:04.135   788  1807 I am_proc_start: [0,1407,1000,com.android.packageinstaller,broadcast,com.android.packageinstaller/.AppFirstLaunchReceiver]
05-14 18:32:04.147   788   808 I am_proc_bound: [0,1407,com.android.packageinstaller]
05-14 18:32:04.301   788  1807 I am_proc_start: [0,1434,10007,com.meizu.customizecenter,broadcast,com.meizu.customizecenter/com.meizu.advertise.api.AppDownloadAndInstallReceiver]
05-14 18:32:04.325   788   808 I am_proc_bound: [0,1434,com.meizu.customizecenter]
05-14 18:32:04.696   788  1232 I am_proc_start: [0,1488,10015,com.meizu.media.gallery,broadcast,com.meizu.media.gallery/com.meizu.advertise.api.AppDownloadAndInstallReceiver]
05-14 18:32:04.696   788   788 I notification_cancel: [10007,1434,com.meizu.customizecenter,4000,NULL,0,0,64,8,NULL]
05-14 18:32:04.723   788  1747 I am_proc_bound: [0,1488,com.meizu.media.gallery]
05-14 18:32:05.204   788  1745 I am_proc_start: [0,1599,10070,com.svox.pico,broadcast,com.svox.pico/.VoiceDataInstallerReceiver]
05-14 18:32:05.240   788  1747 I am_proc_bound: [0,1599,com.svox.pico]
05-14 18:32:06.168   788  1742 I am_kill : [0,29254,com.meizu.media.video,15,empty #17]
05-14 18:32:06.169   788   788 I notification_cancel: [1000,788,com.meizu.mstore,-2147483648,NULL,0,0,0,8,NULL]
05-14 18:32:06.169   788   788 I notification_canceled: [0|com.meizu.mstore|-2147483648|null|10038,8]
05-14 18:32:06.241   788  1750 I am_proc_died: [0,29254,com.meizu.media.video]
05-14 18:32:08.042   788   962 I am_kill : [16974,com.android.calendar:remote,13,0,by shrinker for size limited]
05-14 18:32:08.043   788   962 I am_kill : [18112,com.yunos.alimobilesearch,15,0,by shrinker for size limited]
05-14 18:32:08.045   788   962 I am_kill : [18154,com.meizu.media.reader,15,0,by shrinker for size limited]
05-14 18:32:08.046   788   962 I am_kill : [19539,com.alipay.android.app,13,0,by shrinker for size limited]
05-14 18:32:08.103   788  1747 I am_proc_died: [0,19539,com.alipay.android.app]
05-14 18:32:08.166   788  1756 I am_proc_died: [0,18154,com.meizu.media.reader]
05-14 18:32:08.181   788  1750 I am_proc_died: [0,18112,com.yunos.alimobilesearch]
05-14 18:32:08.183   788  1806 I am_proc_died: [0,16974,com.android.calendar:remote]
05-14 18:32:17.800   788   788 I free_storage_changed: 5019795456
05-14 18:35:50.212   788  1754 I force_gc: Binder
05-14 18:35:59.522   788  1320 I am_proc_died: [0,30758,com.tencent.mobileqq:qzone]
05-14 18:36:58.440   788  1807 I am_home_stack_moved: [0,0,1,1,startingNewTask]
05-14 18:36:58.440   788  1807 I wm_task_moved: [450,1,1]
05-14 18:36:58.442   788  1807 I am_create_task: [0,462]
05-14 18:36:58.442   788  1807 I am_create_activity: [0,885910020,462,com.tianyancha.skyeye/.MainActivity,NULL,NULL,NULL,268435456]
05-14 18:36:58.442   788  1807 I wm_task_created: [462,1]
05-14 18:36:58.442   788  1807 I wm_task_moved: [462,1,2]
05-14 18:36:58.457   788  1807 I am_proc_start: [0,2186,10174,com.tianyancha.skyeye,activity,com.tianyancha.skyeye/.MainActivity]
05-14 18:36:58.458   788  1807 I am_home_stack_moved: [0,0,1,1,startedActivity setFocusedActivity]
05-14 18:36:58.458   788  1807 I am_focused_activity: [0,com.tianyancha.skyeye/.MainActivity]
05-14 18:36:58.472   788   931 I am_proc_bound: [0,2186,com.tianyancha.skyeye]
05-14 18:36:58.479   788   931 I am_restart_activity: [0,885910020,462,com.tianyancha.skyeye/.MainActivity]
05-14 18:36:58.482   788   931 I am_home_stack_moved: [0,0,1,1,completeResume setFocusedActivity]
05-14 18:36:58.482   788   931 I am_focused_activity: [0,com.tianyancha.skyeye/.MainActivity]
05-14 18:36:58.483   788   931 I am_pause_activity: [0,885910020,com.tianyancha.skyeye/.MainActivity]
05-14 18:36:58.526   301   301 I sf_frame_dur: [com.meizu.flyme.launcher/com.meizu.flyme.launcher.Launcher,0,0,0,0,1,0,0]
05-14 18:36:58.985   788   933 I am_home_stack_moved: [0,0,1,1,stopActivity adjustTopFocus setFocusedActivity]
05-14 18:36:58.985   788   933 I am_focused_activity: [0,com.tianyancha.skyeye/.MainActivity]
05-14 18:37:00.835   788  1750 I am_kill : [0,2186,com.tianyancha.skyeye,0,stop com.tianyancha.skyeye]
05-14 18:37:00.836   788  1750 I am_schedule_service_restart: [0,com.tianyancha.skyeye/com.umeng.message.UmengMessageCallbackHandlerService,1154]
05-14 18:37:00.837   788  1750 I am_schedule_service_restart: [0,com.tianyancha.skyeye/com.taobao.accs.data.MsgDistributeService,11154]
05-14 18:37:00.838   788  1750 I am_finish_activity: [0,885910020,462,com.tianyancha.skyeye/.MainActivity,force-stop]
05-14 18:37:00.846   788  1750 I am_resume_activity: [0,49652013,450,com.android.settings/.deviceinfo.Status]
05-14 18:37:00.846   788  1750 I am_pause_activity: [0,49652013,com.android.settings/.deviceinfo.Status]
05-14 18:37:00.851   788  1750 I am_home_stack_moved: [0,0,1,1,completeResume setFocusedActivity]
05-14 18:37:00.851   788  1750 I am_focused_activity: [0,com.android.settings/.deviceinfo.Status]
05-14 18:37:00.853   788   933 I am_destroy_activity: [0,885910020,462,com.tianyancha.skyeye/.MainActivity,finish-idle]
05-14 18:37:00.853   788   933 I wm_task_removed: [462,removeAppToken: last token]
05-14 18:37:00.854   788   933 I am_home_stack_moved: [0,1,0,0,finish-idle hadNoApp]
05-14 18:37:00.854   788   933 I wm_task_moved: [447,1,0]
05-14 18:37:00.855   788   933 I wm_task_removed: [462,removeTask]
05-14 18:37:00.858   788   788 I notification_cancel_all: [1000,788,com.tianyancha.skyeye,0,0,0,5,NULL]
05-14 18:37:00.872  4714  4714 I am_on_resume_called: [0,com.android.settings.deviceinfo.Status]
05-14 18:37:00.874  4714  4714 I am_on_paused_called: [0,com.android.settings.deviceinfo.Status]
05-14 18:37:01.124   788   979 I netstats_mobile_sample: [0,0,0,0,0,0,0,0,0,0,0,0,-1]
05-14 18:37:01.124   788   979 I netstats_wifi_sample: [99628787,150494,5924079,66085,96678499,121224,4986218,65349,96672757,121155,5052514,66651,-1]
05-14 18:37:15.161   788   788 I power_screen_state: [1,0,0,0]
05-14 18:37:15.161   788   788 I screen_toggled: 1
05-14 18:37:15.162   788   788 I power_screen_broadcast_send: 1
05-14 18:37:15.163   788  1320 I notification_panel_revealed: []
05-14 18:37:15.338   788   931 I notification_visibility_changed: [0|com.meizu.media.video|292303320|null|10031;0|com.meizu.mstore|5000|null|10038,]
05-14 18:37:15.420   301   301 I sf_frame_dur: [ColorFade,25,1,2,0,0,0,0]
05-14 18:37:15.486   788   788 I notification_cancel: [1001,1696,com.android.phone,6,0,-1,0,64,8,NULL]
05-14 18:37:15.772   788   788 I notification_cancel: [10088,3440,com.sina.weibo,2131427505,NULL,0,0,64,8,NULL]
05-14 18:37:15.976  1065  1065 I sysui_lockscreen_gesture: [1,144,5244]
05-14 18:37:16.067   788  1232 I notification_visibility_changed: [,0|com.meizu.media.video|292303320|null|10031;0|com.meizu.mstore|5000|null|10038]
05-14 18:37:16.069   788  1750 I notification_panel_hidden: []
05-14 18:37:16.070  1065  1065 I screen_toggled: 2
05-14 18:37:16.093  1065  1065 I sysui_status_bar_state: [0,0,0,0,0,1]
05-14 18:37:16.094   788  1789 I am_resume_activity: [0,1336315,447,com.meizu.flyme.launcher/.Launcher]
05-14 18:37:16.098   788  1789 I am_home_stack_moved: [0,1,0,0,completeResume setFocusedActivity]
05-14 18:37:16.098   788  1789 I am_focused_activity: [0,com.meizu.flyme.launcher/.Launcher]
05-14 18:37:16.108  1760  1760 I am_on_resume_called: [0,com.meizu.flyme.launcher.Launcher]
05-14 18:37:16.114   788   933 I am_proc_start: [0,2422,10001,com.yunos.lifecard,broadcast,com.yunos.lifecard/com.yunos.alimobilesearch.ExternalEventReceiver]
05-14 18:37:16.125   788   931 I am_proc_bound: [0,2422,com.yunos.lifecard]
05-14 18:37:17.014   788  1758 I am_proc_start: [0,2499,10002,com.yunos.alimobilesearch,broadcast,com.yunos.alimobilesearch/.UserPresentReceiver]
05-14 18:37:17.021   788  1750 I am_proc_bound: [0,2499,com.yunos.alimobilesearch]
05-14 18:37:17.176   788  1747 I netstats_mobile_sample: [0,0,0,0,0,0,0,0,0,0,0,0,-1]
05-14 18:37:17.176   788  1747 I netstats_wifi_sample: [99631309,150535,5924241,66088,96679747,121240,4986338,65352,96674005,121171,5052634,66654,-1]
05-14 18:37:17.229   788  1320 I am_proc_start: [0,2535,10072,com.meizu.media.reader,broadcast,com.meizu.media.reader/.module.appwidget.ReaderAppWidgetProvider]
05-14 18:37:17.238   788  1232 I am_proc_bound: [0,2535,com.meizu.media.reader]
05-14 18:37:17.514   788   931 I am_proc_start: [0,2570,10037,com.alipay.android.app,broadcast,com.alipay.android.app/com.alipay.notify.BroadcastActionReceiver]
05-14 18:37:17.580   788  1320 I am_proc_bound: [0,2570,com.alipay.android.app]
05-14 18:37:18.978   788   788 I power_screen_broadcast_done: [1,3816,1]
05-14 18:37:19.162   788  1758 I am_proc_start: [0,2676,10095,com.tencent.mobileqq:qzone,service,com.tencent.mobileqq/cooperation.qzone.QzonePluginProxyService]
05-14 18:37:19.190   788  1747 I am_proc_bound: [0,2676,com.tencent.mobileqq:qzone]
05-14 18:37:19.328   788  1745 I am_home_stack_moved: [0,0,1,1,startingNewTask]
05-14 18:37:19.329   788  1745 I wm_task_moved: [450,1,1]
05-14 18:37:19.331   788  1745 I am_create_task: [0,463]
05-14 18:37:19.331   788  1745 I am_create_activity: [0,722053263,463,com.tianyancha.skyeye/.SplashPage,android.intent.action.MAIN,NULL,NULL,270532608]
05-14 18:37:19.331   788  1745 I wm_task_created: [463,1]
05-14 18:37:19.331   788  1745 I wm_task_moved: [463,1,2]
05-14 18:37:19.332   788  1745 I am_pause_activity: [0,1336315,com.meizu.flyme.launcher/.Launcher]
05-14 18:37:19.333   788  1745 I am_home_stack_moved: [0,0,1,1,startedActivity setFocusedActivity]
05-14 18:37:19.334   788  1745 I am_focused_activity: [0,com.tianyancha.skyeye/.SplashPage]
05-14 18:37:19.339  1760  1760 I am_on_paused_called: [0,com.meizu.flyme.launcher.Launcher]
05-14 18:37:19.353   788  1806 I am_proc_start: [0,2720,10174,com.tianyancha.skyeye,activity,com.tianyancha.skyeye/.SplashPage]
05-14 18:37:19.414   788  1754 I am_proc_bound: [0,2720,com.tianyancha.skyeye]
05-14 18:37:19.418   788  1754 I am_restart_activity: [0,722053263,463,com.tianyancha.skyeye/.SplashPage]
05-14 18:37:19.428   788  1754 I am_home_stack_moved: [0,0,1,1,completeResume setFocusedActivity]
05-14 18:37:19.429   788  1754 I am_focused_activity: [0,com.tianyancha.skyeye/.SplashPage]
05-14 18:37:19.616 13391 20686 I force_gc: Binder
05-14 18:37:19.750   788  1745 I force_gc: Binder
05-14 18:37:19.869   301   301 I sf_frame_dur: [com.meizu.flyme.launcher/com.meizu.flyme.launcher.Launcher,35,2,3,0,0,2,1]
05-14 18:37:19.931  2676  2753 I force_gc: Binder
05-14 18:37:20.463 13391 14316 I force_gc: Binder
05-14 18:37:20.569   788  1807 I am_kill : [0,31997,com.android.printspooler,15,empty #17]
05-14 18:37:20.587   788  1754 I am_proc_died: [0,31997,com.android.printspooler]
05-14 18:37:21.669  2720  2720 I am_on_resume_called: [0,com.tianyancha.skyeye.SplashPage]
05-14 18:37:21.820   788   938 I am_activity_launch_time: [0,722053263,com.tianyancha.skyeye/.SplashPage,2479,585175]
05-14 18:37:22.141   788   962 I am_kill : [19491,com.meizu.net.search,9,70953,by shrinker for size limited]
05-14 18:37:22.141   788   962 I am_kill : [19423,com.meizu.flyme.weather,9,0,by shrinker for size limited]
05-14 18:37:22.142   788   962 I am_kill : [1383,com.android.keychain,15,0,by shrinker for size limited]
05-14 18:37:22.166   788  1232 I am_home_stack_moved: [0,0,1,1,sourceStackToFront]
05-14 18:37:22.166   788  1232 I wm_task_moved: [463,1,2]
05-14 18:37:22.167   788  1232 I am_create_activity: [0,959166862,463,com.tianyancha.skyeye/.AdvertActivity,NULL,NULL,NULL,0]
05-14 18:37:22.168   788  1232 I am_pause_activity: [0,722053263,com.tianyancha.skyeye/.SplashPage]
05-14 18:37:22.169   788  1232 I am_home_stack_moved: [0,0,1,1,startedActivity setFocusedActivity]
05-14 18:37:22.170   788  1232 I am_focused_activity: [0,com.tianyancha.skyeye/.AdvertActivity]
05-14 18:37:22.171   788  1758 I am_finish_activity: [0,722053263,463,com.tianyancha.skyeye/.SplashPage,app-request]
05-14 18:37:22.174  2720  2720 I am_on_paused_called: [0,com.tianyancha.skyeye.SplashPage]
05-14 18:37:22.176   788  1807 I am_restart_activity: [0,959166862,463,com.tianyancha.skyeye/.AdvertActivity]
05-14 18:37:22.178   788  1807 I am_home_stack_moved: [0,0,1,1,completeResume setFocusedActivity]
05-14 18:37:22.178   788  1807 I am_focused_activity: [0,com.tianyancha.skyeye/.AdvertActivity]
05-14 18:37:22.211   788  1742 I am_proc_died: [0,19491,com.meizu.net.search]
05-14 18:37:22.214   788  1758 I am_proc_died: [0,19423,com.meizu.flyme.weather]
05-14 18:37:22.221   788  1806 I am_proc_died: [0,1383,com.android.keychain]
05-14 18:37:22.235   788  3778 I am_home_stack_moved: [0,0,1,1,intentActivityFound]
05-14 18:37:22.235   788  3778 I wm_task_moved: [463,1,2]
05-14 18:37:22.236   788  3778 I am_home_stack_moved: [0,0,1,1,sourceStackToFront]
05-14 18:37:22.236   788  3778 I wm_task_moved: [463,1,2]
05-14 18:37:22.237   788  3778 I am_create_activity: [0,968743336,463,com.tianyancha.skyeye/.MainActivity,NULL,NULL,NULL,268435456]
05-14 18:37:22.237   788  3778 I am_pause_activity: [0,959166862,com.tianyancha.skyeye/.AdvertActivity]
05-14 18:37:22.238   788  3778 I am_home_stack_moved: [0,0,1,1,startedActivity setFocusedActivity]
05-14 18:37:22.238   788  3778 I am_focused_activity: [0,com.tianyancha.skyeye/.MainActivity]
05-14 18:37:22.238   788   931 I am_finish_activity: [0,959166862,463,com.tianyancha.skyeye/.AdvertActivity,app-request]
05-14 18:37:22.242   788  1756 I am_restart_activity: [0,968743336,463,com.tianyancha.skyeye/.MainActivity]
05-14 18:37:22.243   788  1756 I am_home_stack_moved: [0,0,1,1,completeResume setFocusedActivity]
05-14 18:37:22.243   788  1756 I am_focused_activity: [0,com.tianyancha.skyeye/.MainActivity]
05-14 18:37:22.380   788  1232 I force_gc: Binder
05-14 18:37:23.861  2720  2720 I am_on_resume_called: [0,com.tianyancha.skyeye.MainActivity]
05-14 18:37:25.359   788   938 I am_activity_launch_time: [0,968743336,com.tianyancha.skyeye/.MainActivity,3118,3184]
05-14 18:37:25.526   788  1807 I am_destroy_activity: [0,959166862,463,com.tianyancha.skyeye/.AdvertActivity,finish-idle]
05-14 18:37:25.891   788   933 I am_destroy_activity: [0,722053263,463,com.tianyancha.skyeye/.SplashPage,finish-imm]
05-14 18:37:30.827   788   936 I am_home_stack_moved: [0,1,0,0,intentActivityFound]
05-14 18:37:30.827   788   936 I wm_task_moved: [447,1,0]
05-14 18:37:30.828   788   936 I am_home_stack_moved: [0,1,0,0,bringingFoundTaskToFront]
05-14 18:37:30.828   788   936 I wm_task_moved: [447,1,0]
05-14 18:37:30.864   788   936 I am_pause_activity: [0,968743336,com.tianyancha.skyeye/.MainActivity]
05-14 18:37:30.865  2720  2720 I am_on_paused_called: [0,com.tianyancha.skyeye.MainActivity]
05-14 18:37:30.879   788   936 I am_task_to_front: [0,447]
05-14 18:37:30.879   788   936 I am_new_intent: [0,757712696,447,com.meizu.flyme.launcher/.Launcher,android.intent.action.MAIN,NULL,NULL,274726912]
05-14 18:37:30.882   788  1742 I am_resume_activity: [0,1336315,447,com.meizu.flyme.launcher/.Launcher]
05-14 18:37:30.883   788  1742 I am_home_stack_moved: [0,1,0,0,completeResume setFocusedActivity]
05-14 18:37:30.884   788  1742 I am_focused_activity: [0,com.meizu.flyme.launcher/.Launcher]
05-14 18:37:30.920  1760  1760 I am_on_resume_called: [0,com.meizu.flyme.launcher.Launcher]
05-14 18:37:31.004   788  1789 I am_proc_start: [0,3186,10174,com.tianyancha.skyeye:channel,service,com.tianyancha.skyeye/com.taobao.accs.ChannelService]
05-14 18:37:31.020   788  1754 I am_proc_bound: [0,3186,com.tianyancha.skyeye:channel]
05-14 18:37:31.448   301   301 I sf_frame_dur: [com.tianyancha.skyeye/com.tianyancha.skyeye.MainActivity,7,1,1,1,6,0,0]
05-14 18:37:47.591   788  1754 I am_proc_died: [0,2422,com.yunos.lifecard]
05-14 18:37:47.896   788   788 I free_storage_changed: 5016428544
[logcat: 0.201s elapsed]

