05-14 15:08:32.491   788   936 I wm_task_moved: [447,1,0]
05-14 15:08:32.492   788   936 I am_home_stack_moved: [0,1,0,0,bringingFoundTaskToFront]
05-14 15:08:32.492   788   936 I wm_task_moved: [447,1,0]
05-14 15:08:32.504   788   936 I am_pause_activity: [0,566240286,com.android.settings/.Settings]
05-14 15:08:32.505   788   936 I am_task_to_front: [0,447]
05-14 15:08:32.505   788   936 I am_new_intent: [0,779065692,447,com.meizu.flyme.launcher/.Launcher,android.intent.action.MAIN,NULL,NULL,274726912]
05-14 15:08:32.506  4714  4714 I am_on_paused_called: [0,com.android.settings.Settings]
05-14 15:08:32.508   788  1756 I am_resume_activity: [0,1336315,447,com.meizu.flyme.launcher/.Launcher]
05-14 15:08:32.509   788  1756 I am_home_stack_moved: [0,1,0,0,completeResume setFocusedActivity]
05-14 15:08:32.510   788  1756 I am_focused_activity: [0,com.meizu.flyme.launcher/.Launcher]
05-14 15:08:32.521  1760  1760 I am_on_resume_called: [0,com.meizu.flyme.launcher.Launcher]
05-14 15:08:33.013   301   301 I sf_frame_dur: [com.android.settings/com.android.settings.Settings,23,1,0,0,0,0,0]
05-14 15:08:34.410   788  1742 I am_home_stack_moved: [0,0,1,1,startingNewTask]
05-14 15:08:34.410   788  1742 I wm_task_moved: [450,1,0]
05-14 15:08:34.412   788  1742 I am_create_task: [0,451]
05-14 15:08:34.412   788  1742 I am_create_activity: [0,309798379,451,com.tencent.mobileqq/.activity.SplashActivity,android.intent.action.MAIN,NULL,NULL,270532608]
05-14 15:08:34.412   788  1742 I wm_task_created: [451,1]
05-14 15:08:34.412   788  1742 I wm_task_moved: [451,1,1]
05-14 15:08:34.413   788  1742 I am_pause_activity: [0,1336315,com.meizu.flyme.launcher/.Launcher]
05-14 15:08:34.414   788  1742 I am_home_stack_moved: [0,0,1,1,startedActivity setFocusedActivity]
05-14 15:08:34.414   788  1742 I am_focused_activity: [0,com.tencent.mobileqq/.activity.SplashActivity]
05-14 15:08:34.420  1760  1760 I am_on_paused_called: [0,com.meizu.flyme.launcher.Launcher]
05-14 15:08:34.433   788  1789 I am_proc_start: [0,13391,10095,com.tencent.mobileqq,activity,com.tencent.mobileqq/.activity.SplashActivity]
05-14 15:08:34.442   788  1320 I am_proc_bound: [0,13391,com.tencent.mobileqq]
05-14 15:08:34.446   788  1320 I am_restart_activity: [0,309798379,451,com.tencent.mobileqq/.activity.SplashActivity]
05-14 15:08:34.448   788  1320 I am_home_stack_moved: [0,0,1,1,completeResume setFocusedActivity]
05-14 15:08:34.448   788  1320 I am_focused_activity: [0,com.tencent.mobileqq/.activity.SplashActivity]
05-14 15:08:35.587 13391 13391 I am_on_resume_called: [0,com.tencent.mobileqq.activity.SplashActivity]
05-14 15:08:35.693   788   938 I am_activity_launch_time: [0,309798379,com.tencent.mobileqq/.activity.SplashActivity,1272,1272]
05-14 15:08:36.139   301   301 I sf_frame_dur: [com.meizu.flyme.launcher/com.meizu.flyme.launcher.Launcher,20,0,3,1,1,1,0]
05-14 15:08:37.015   788   788 I notification_cancel: [10095,13391,com.tencent.mobileqq,121,NULL,0,0,64,8,NULL]
05-14 15:08:37.015   788   788 I notification_cancel: [10095,13391,com.tencent.mobileqq,122,NULL,0,0,64,8,NULL]
05-14 15:08:37.015   788   788 I notification_cancel: [10095,13391,com.tencent.mobileqq,123,NULL,0,0,64,8,NULL]
05-14 15:08:37.015   788   788 I notification_cancel: [10095,13391,com.tencent.mobileqq,129,NULL,0,0,64,8,NULL]
05-14 15:08:37.015   788   788 I notification_cancel: [10095,13391,com.tencent.mobileqq,135,NULL,0,0,64,8,NULL]
05-14 15:08:37.016   788   788 I notification_cancel: [10095,13391,com.tencent.mobileqq,140,NULL,0,0,64,8,NULL]
05-14 15:08:37.016   788   788 I notification_cancel: [10095,13391,com.tencent.mobileqq,144,NULL,0,0,64,8,NULL]
05-14 15:08:37.016   788   788 I notification_cancel: [10095,13391,com.tencent.mobileqq,193,NULL,0,0,64,8,NULL]
05-14 15:08:37.016   788   788 I notification_cancel: [10095,13391,com.tencent.mobileqq,211,NULL,0,0,64,8,NULL]
05-14 15:08:37.033   788   788 I notification_cancel: [10095,13391,com.tencent.mobileqq,119,NULL,0,0,64,8,NULL]
05-14 15:08:37.409   788   788 I notification_enqueue: [10095,13391,com.tencent.mobileqq,537056366,NULL,0,Notification(pri=0 contentView=com.tencent.mobileqq/0x7f04029c headsUpContentView=null bigContentView=null vibrate=null sound=null defaults=0x0 flags=0x40 color=0x00000000 vis=PRIVATE),0]
05-14 15:08:37.429   788   788 I notification_enqueue: [10095,13391,com.tencent.mobileqq,537056366,NULL,0,Notification(pri=0 contentView=com.tencent.mobileqq/0xa030052 headsUpContentView=/0xa030056 bigContentView=null vibrate=null sound=null defaults=0x0 flags=0x40 color=0x00000000 vis=PRIVATE),1]
05-14 15:08:37.430   788   788 I notification_cancel: [1000,788,com.tencent.mobileqq,537056366,NULL,0,0,0,8,NULL]
05-14 15:08:37.431   788   788 I notification_canceled: [0|com.tencent.mobileqq|537056366|null|10095,8]
05-14 15:08:37.439   788  1758 I notification_expansion: [0|com.tencent.mobileqq|537056366|null|10095,0,1]
05-14 15:08:37.490   788   788 I notification_cancel: [10095,2298,com.tencent.mobileqq,10101,NULL,0,0,64,8,NULL]
05-14 15:08:37.490   788   788 I notification_cancel: [10095,2298,com.tencent.mobileqq,10102,NULL,0,0,64,8,NULL]
05-14 15:08:37.504   788  1742 I notification_expansion: [0|com.tencent.mobileqq|537056366|null|10095,0,1]
05-14 15:08:37.511  1065  1065 I sysui_heads_up_status: [NULL,1]
05-14 15:08:37.511  1065  1065 I sysui_heads_up_status: [,0]
05-14 15:08:37.691   788   788 I notification_cancel: [10095,13391,com.tencent.mobileqq,120,NULL,0,0,64,8,NULL]
05-14 15:08:37.694   788   788 I notification_cancel: [10095,13391,com.tencent.mobileqq,121,NULL,0,0,64,8,NULL]
05-14 15:08:37.694   788   788 I notification_cancel: [10095,13391,com.tencent.mobileqq,122,NULL,0,0,64,8,NULL]
05-14 15:08:37.694   788   788 I notification_cancel: [10095,13391,com.tencent.mobileqq,123,NULL,0,0,64,8,NULL]
05-14 15:08:37.695   788   788 I notification_cancel: [10095,13391,com.tencent.mobileqq,129,NULL,0,0,64,8,NULL]
05-14 15:08:37.695   788   788 I notification_cancel: [10095,13391,com.tencent.mobileqq,144,NULL,0,0,64,8,NULL]
05-14 15:08:37.695   788   788 I notification_cancel: [10095,13391,com.tencent.mobileqq,193,NULL,0,0,64,8,NULL]
05-14 15:08:37.695   788   788 I notification_cancel: [10095,13391,com.tencent.mobileqq,194,NULL,0,0,64,8,NULL]
05-14 15:08:37.696   788   788 I notification_cancel: [10095,13391,com.tencent.mobileqq,211,NULL,0,0,64,8,NULL]
05-14 15:08:41.266   788   788 I notification_cancel: [10088,3440,com.sina.weibo,7751,NULL,0,0,64,8,NULL]
05-14 15:08:41.266   788   788 I notification_canceled: [0|com.sina.weibo|7751|null|10088,8]
05-14 15:08:41.297   788   788 I notification_enqueue: [10088,3440,com.sina.weibo,9738,NULL,0,Notification(pri=0 contentView=com.sina.weibo/0xa030052 headsUpContentView=/0xa030056 bigContentView=/0xa03005a vibrate=null sound=null defaults=0x0 flags=0x10 color=0x00000000 vis=PRIVATE),0]
05-14 15:08:41.403   788  3778 I notification_expansion: [0|com.sina.weibo|9738|null|10088,0,1]
05-14 15:08:41.403   788  1747 I notification_expansion: [0|com.sina.weibo|5414|null|10088,0,0]
05-14 15:08:42.038   788   931 I am_proc_start: [0,13814,10095,com.tencent.mobileqq:qzone,service,com.tencent.mobileqq/cooperation.qzone.QzonePluginProxyService]
05-14 15:08:42.054   788  1320 I am_proc_bound: [0,13814,com.tencent.mobileqq:qzone]
05-14 15:08:42.531 13814 13850 I force_gc: Binder
05-14 15:08:42.907   788  3778 I force_gc: Binder
05-14 15:08:42.929   788  1806 I battery_status: [4,2,1,0,Li-ion]
05-14 15:08:43.248 13814 13898 I force_gc: Binder
05-14 15:08:44.717 13391 13425 I force_gc: Binder
05-14 15:08:45.226   788  1758 I battery_status: [5,2,1,2,Li-ion]
05-14 15:08:47.506  1065  1065 I sysui_heads_up_status: [,0]
05-14 15:08:49.057   788  1320 I battery_status: [4,2,1,0,Li-ion]
05-14 15:08:53.393   788  1745 I battery_status: [5,2,1,2,Li-ion]
05-14 15:08:58.342   788   936 I am_home_stack_moved: [0,1,0,0,intentActivityFound]
05-14 15:08:58.342   788   936 I wm_task_moved: [447,1,0]
05-14 15:08:58.344   788   936 I am_home_stack_moved: [0,1,0,0,bringingFoundTaskToFront]
05-14 15:08:58.344   788   936 I wm_task_moved: [447,1,0]
05-14 15:08:58.359   788   936 I am_pause_activity: [0,309798379,com.tencent.mobileqq/.activity.SplashActivity]
05-14 15:08:58.360   788   936 I am_task_to_front: [0,447]
05-14 15:08:58.360   788   936 I am_new_intent: [0,887529481,447,com.meizu.flyme.launcher/.Launcher,android.intent.action.MAIN,NULL,NULL,274726912]
05-14 15:08:58.362 13391 13391 I am_on_paused_called: [0,com.tencent.mobileqq.activity.SplashActivity]
05-14 15:08:58.364   788  1807 I am_resume_activity: [0,1336315,447,com.meizu.flyme.launcher/.Launcher]
05-14 15:08:58.366   788  1807 I am_home_stack_moved: [0,1,0,0,completeResume setFocusedActivity]
05-14 15:08:58.366   788  1807 I am_focused_activity: [0,com.meizu.flyme.launcher/.Launcher]
05-14 15:08:58.378  1760  1760 I am_on_resume_called: [0,com.meizu.flyme.launcher.Launcher]
05-14 15:08:58.892   301   301 I sf_frame_dur: [com.tencent.mobileqq/com.tencent.mobileqq.activity.SplashActivity,6,2,7,3,8,3,1]
05-14 15:11:09.683   788  1789 I am_home_stack_moved: [0,0,1,1,intentActivityFound]
05-14 15:11:09.683   788  1789 I wm_task_moved: [451,1,1]
05-14 15:11:09.685   788  1789 I am_home_stack_moved: [0,0,1,1,bringingFoundTaskToFront]
05-14 15:11:09.685   788  1789 I wm_task_moved: [450,1,1]
05-14 15:11:09.687   788  1789 I am_pause_activity: [0,1336315,com.meizu.flyme.launcher/.Launcher]
05-14 15:11:09.689   788  1789 I am_task_to_front: [0,450]
05-14 15:11:09.689   788  1789 I am_new_intent: [0,418608927,450,com.android.settings/.Settings,android.intent.action.MAIN,NULL,NULL,274726912]
05-14 15:11:09.694  1760  1760 I am_on_paused_called: [0,com.meizu.flyme.launcher.Launcher]
05-14 15:11:09.698   788  1758 I am_resume_activity: [0,566240286,450,com.android.settings/.Settings]
05-14 15:11:09.700   788  1758 I am_home_stack_moved: [0,0,1,1,completeResume setFocusedActivity]
05-14 15:11:09.700   788  1758 I am_focused_activity: [0,com.android.settings/.Settings]
05-14 15:11:09.717  4714  4714 I am_on_resume_called: [0,com.android.settings.Settings]
05-14 15:11:10.204   301   301 I sf_frame_dur: [com.meizu.flyme.launcher/com.meizu.flyme.launcher.Launcher,20,2,0,0,2,0,2]
05-14 15:11:19.272   788  1755 I am_home_stack_moved: [0,0,1,1,sourceStackToFront]
05-14 15:11:19.272   788  1755 I wm_task_moved: [450,1,1]
05-14 15:11:19.273   788  1755 I am_create_activity: [0,972391202,450,com.android.settings/.SubSettings,android.intent.action.MAIN,NULL,NULL,0]
05-14 15:11:19.274   788  1755 I am_pause_activity: [0,566240286,com.android.settings/.Settings]
05-14 15:11:19.275   788  1755 I am_home_stack_moved: [0,0,1,1,startedActivity setFocusedActivity]
05-14 15:11:19.276   788  1755 I am_focused_activity: [0,com.android.settings/.SubSettings]
05-14 15:11:19.288  4714  4714 I am_on_paused_called: [0,com.android.settings.Settings]
05-14 15:11:19.290   788  1750 I am_restart_activity: [0,972391202,450,com.android.settings/.SubSettings]
05-14 15:11:19.291   788  1750 I am_home_stack_moved: [0,0,1,1,completeResume setFocusedActivity]
05-14 15:11:19.291   788  1750 I am_focused_activity: [0,com.android.settings/.SubSettings]
05-14 15:11:19.393  4714  4714 I am_on_resume_called: [0,com.android.settings.SubSettings]
05-14 15:11:19.501   788   938 I am_activity_launch_time: [0,972391202,com.android.settings/.SubSettings,212,212]
05-14 15:11:19.765   301   301 I sf_frame_dur: [com.android.settings/com.android.settings.Settings,386,12,3,3,3,0,1]
05-14 15:11:20.857   788   808 I am_finish_activity: [0,972391202,450,com.android.settings/.SubSettings,app-request]
05-14 15:11:20.857   788   808 I am_home_stack_moved: [0,0,1,1,finishActivity adjustTopFocus setFocusedActivity]
05-14 15:11:20.857   788   808 I am_focused_activity: [0,com.android.settings/.Settings]
05-14 15:11:20.857   788   808 I am_pause_activity: [0,972391202,com.android.settings/.SubSettings]
05-14 15:11:20.859  4714  4714 I am_on_paused_called: [0,com.android.settings.SubSettings]
05-14 15:11:20.863   788   931 I am_resume_activity: [0,566240286,450,com.android.settings/.Settings]
05-14 15:11:20.864   788   931 I am_home_stack_moved: [0,0,1,1,completeResume setFocusedActivity]
05-14 15:11:20.864   788   931 I am_focused_activity: [0,com.android.settings/.Settings]
05-14 15:11:20.869  4714  4714 I am_on_resume_called: [0,com.android.settings.Settings]
05-14 15:11:21.155   788   933 I am_destroy_activity: [0,972391202,450,com.android.settings/.SubSettings,finish-imm]
05-14 15:11:21.171   301   301 I sf_frame_dur: [com.android.settings/com.android.settings.SubSettings,1,1,0,2,0,0,0]
05-14 15:11:22.815   788  1747 I am_home_stack_moved: [0,0,1,1,sourceStackToFront]
05-14 15:11:22.815   788  1747 I wm_task_moved: [450,1,1]
05-14 15:11:22.817   788  1747 I am_create_activity: [0,288946442,450,com.android.settings/.SubSettings,android.intent.action.MAIN,NULL,NULL,0]
05-14 15:11:22.818   788  1747 I am_pause_activity: [0,566240286,com.android.settings/.Settings]
05-14 15:11:22.819   788  1747 I am_home_stack_moved: [0,0,1,1,startedActivity setFocusedActivity]
05-14 15:11:22.819   788  1747 I am_focused_activity: [0,com.android.settings/.SubSettings]
05-14 15:11:22.829  4714  4714 I am_on_paused_called: [0,com.android.settings.Settings]
05-14 15:11:22.830   788  1232 I am_restart_activity: [0,288946442,450,com.android.settings/.SubSettings]
05-14 15:11:22.832   788  1232 I am_home_stack_moved: [0,0,1,1,completeResume setFocusedActivity]
05-14 15:11:22.832   788  1232 I am_focused_activity: [0,com.android.settings/.SubSettings]
05-14 15:11:22.873  4714  4714 I am_on_resume_called: [0,com.android.settings.SubSettings]
05-14 15:11:22.964   788   938 I am_activity_launch_time: [0,288946442,com.android.settings/.SubSettings,135,135]
05-14 15:11:23.239   301   301 I sf_frame_dur: [com.android.settings/com.android.settings.Settings,90,1,0,2,1,0,0]
05-14 15:11:27.939   788  1754 I am_home_stack_moved: [0,0,1,1,sourceStackToFront]
05-14 15:11:27.939   788  1754 I wm_task_moved: [450,1,1]
05-14 15:11:27.941   788  1754 I am_create_activity: [0,149647580,450,com.android.settings/.SubSettings,android.intent.action.MAIN,NULL,NULL,0]
05-14 15:11:27.941   788  1754 I am_pause_activity: [0,288946442,com.android.settings/.SubSettings]
05-14 15:11:27.943   788  1754 I am_home_stack_moved: [0,0,1,1,startedActivity setFocusedActivity]
05-14 15:11:27.943   788  1754 I am_focused_activity: [0,com.android.settings/.SubSettings]
05-14 15:11:27.956  4714  4714 I am_on_paused_called: [0,com.android.settings.SubSettings]
05-14 15:11:27.958   788  3778 I am_restart_activity: [0,149647580,450,com.android.settings/.SubSettings]
05-14 15:11:27.960   788  3778 I am_home_stack_moved: [0,0,1,1,completeResume setFocusedActivity]
05-14 15:11:27.960   788  3778 I am_focused_activity: [0,com.android.settings/.SubSettings]
05-14 15:11:28.005  4714  4714 I am_on_resume_called: [0,com.android.settings.SubSettings]
05-14 15:11:28.130   788   938 I am_activity_launch_time: [0,149647580,com.android.settings/.SubSettings,173,173]
05-14 15:11:28.399   301   301 I sf_frame_dur: [com.android.settings/com.android.settings.SubSettings,174,5,0,1,3,0,1]
05-14 15:11:28.987   788  1003 I backup_data_changed: com.android.providers.settings
05-14 15:11:30.287   788   807 I am_finish_activity: [0,149647580,450,com.android.settings/.SubSettings,app-request]
05-14 15:11:30.288   788   807 I am_home_stack_moved: [0,0,1,1,finishActivity adjustTopFocus setFocusedActivity]
05-14 15:11:30.288   788   807 I am_focused_activity: [0,com.android.settings/.SubSettings]
05-14 15:11:30.288   788   807 I am_pause_activity: [0,149647580,com.android.settings/.SubSettings]
05-14 15:11:30.289  4714  4714 I am_on_paused_called: [0,com.android.settings.SubSettings]
05-14 15:11:30.293   788  1758 I am_resume_activity: [0,288946442,450,com.android.settings/.SubSettings]
05-14 15:11:30.294   788  1758 I am_home_stack_moved: [0,0,1,1,completeResume setFocusedActivity]
05-14 15:11:30.294   788  1758 I am_focused_activity: [0,com.android.settings/.SubSettings]
05-14 15:11:30.301  4714  4714 I am_on_resume_called: [0,com.android.settings.SubSettings]
05-14 15:11:30.584   788   933 I am_destroy_activity: [0,149647580,450,com.android.settings/.SubSettings,finish-imm]
05-14 15:11:30.600   301   301 I sf_frame_dur: [com.android.settings/com.android.settings.SubSettings,16,2,0,0,1,1,0]
05-14 15:11:34.821   788  1789 I am_home_stack_moved: [0,0,1,1,sourceStackToFront]
05-14 15:11:34.821   788  1789 I wm_task_moved: [450,1,1]
05-14 15:11:34.823   788  1789 I am_create_activity: [0,1005677048,450,com.android.settings/.SubSettings,android.intent.action.MAIN,NULL,NULL,0]
05-14 15:11:34.823   788  1789 I am_pause_activity: [0,288946442,com.android.settings/.SubSettings]
05-14 15:11:34.824   788  1789 I am_home_stack_moved: [0,0,1,1,startedActivity setFocusedActivity]
05-14 15:11:34.825   788  1789 I am_focused_activity: [0,com.android.settings/.SubSettings]
05-14 15:11:34.837  4714  4714 I am_on_paused_called: [0,com.android.settings.SubSettings]
05-14 15:11:34.838   788  1756 I am_restart_activity: [0,1005677048,450,com.android.settings/.SubSettings]
05-14 15:11:34.840   788  1756 I am_home_stack_moved: [0,0,1,1,completeResume setFocusedActivity]
05-14 15:11:34.840   788  1756 I am_focused_activity: [0,com.android.settings/.SubSettings]
05-14 15:11:34.893  4714  4714 I am_on_resume_called: [0,com.android.settings.SubSettings]
05-14 15:11:34.989   788   938 I am_activity_launch_time: [0,1005677048,com.android.settings/.SubSettings,151,151]
05-14 15:11:35.264   301   301 I sf_frame_dur: [com.android.settings/com.android.settings.SubSettings,195,6,1,3,2,0,0]
05-14 15:12:14.798   788  1003 I backup_data_changed: com.android.providers.settings
05-14 15:12:23.658   788  1003 I backup_data_changed: com.android.providers.settings
05-14 15:12:24.307   788  1003 I backup_data_changed: com.android.providers.settings
05-14 15:12:24.778   788  1003 I backup_data_changed: com.android.providers.settings
05-14 15:12:24.900  4714  4714 I am_on_resume_called: [0,com.android.settings.SubSettings]
05-14 15:12:24.956 13391 13391 I am_on_resume_called: [0,com.tencent.mobileqq.activity.SplashActivity]
05-14 15:12:24.969  4714  4714 I am_on_resume_called: [0,com.android.settings.Settings]
05-14 15:12:24.983  4714  4714 I am_on_paused_called: [0,com.android.settings.SubSettings]
05-14 15:12:25.097  4714  4714 I am_on_resume_called: [0,com.android.settings.SubSettings]
05-14 15:12:25.119   301   301 I sf_frame_dur: [com.android.settings/com.android.settings.SubSettings,1063,15,12,10,13,2,7]
05-14 15:12:25.206   788   788 I notification_cancel: [10014,1760,com.meizu.flyme.launcher,101,NULL,0,0,64,8,NULL]
05-14 15:12:25.208  1760  1760 I am_on_resume_called: [0,com.meizu.flyme.launcher.Launcher]
05-14 15:12:25.274   788   788 I notification_cancel: [10014,1760,com.meizu.flyme.launcher,101,NULL,0,0,64,8,NULL]
05-14 15:12:25.447   788   807 I netstats_mobile_sample: [0,0,0,0,0,0,0,0,0,0,0,0,-1]
05-14 15:12:25.447   788   807 I netstats_wifi_sample: [50412407,73482,3166689,35241,49003464,60408,2664075,34625,48997722,60339,2711243,35603,-1]
05-14 15:12:25.870   788   788 I notification_cancel: [10095,13391,com.tencent.mobileqq,120,NULL,0,0,64,8,NULL]
05-14 15:12:25.870   788   788 I notification_cancel: [10095,13391,com.tencent.mobileqq,121,NULL,0,0,64,8,NULL]
05-14 15:12:25.871   788   788 I notification_cancel: [10095,13391,com.tencent.mobileqq,122,NULL,0,0,64,8,NULL]
05-14 15:12:25.871   788   788 I notification_cancel: [10095,13391,com.tencent.mobileqq,123,NULL,0,0,64,8,NULL]
05-14 15:12:25.871   788   788 I notification_cancel: [10095,13391,com.tencent.mobileqq,129,NULL,0,0,64,8,NULL]
05-14 15:12:25.871   788   788 I notification_cancel: [10095,13391,com.tencent.mobileqq,144,NULL,0,0,64,8,NULL]
05-14 15:12:25.871   788   788 I notification_cancel: [10095,13391,com.tencent.mobileqq,193,NULL,0,0,64,8,NULL]
05-14 15:12:25.872   788   788 I notification_cancel: [10095,13391,com.tencent.mobileqq,194,NULL,0,0,64,8,NULL]
05-14 15:12:25.872   788   788 I notification_cancel: [10095,13391,com.tencent.mobileqq,211,NULL,0,0,64,8,NULL]
05-14 15:12:47.718   788  1003 I backup_data_changed: com.android.providers.settings
05-14 15:12:53.444   788  1232 I am_home_stack_moved: [0,0,1,1,sourceStackToFront]
05-14 15:12:53.444   788  1232 I wm_task_moved: [450,1,1]
05-14 15:12:53.445   788  1232 I am_create_activity: [0,596804402,450,com.meizu.perfui/.settings.SettingsActivity,android.intent.action.MAIN,NULL,NULL,0]
05-14 15:12:53.446   788  1232 I am_pause_activity: [0,1005677048,com.android.settings/.SubSettings]
05-14 15:12:53.447   788  1232 I am_home_stack_moved: [0,0,1,1,startedActivity setFocusedActivity]
05-14 15:12:53.447   788  1232 I am_focused_activity: [0,com.meizu.perfui/.settings.SettingsActivity]
05-14 15:12:53.452  4714  4714 I am_on_paused_called: [0,com.android.settings.SubSettings]
05-14 15:12:53.482   788  1758 I am_proc_start: [0,14131,1000,com.meizu.perfui,activity,com.meizu.perfui/.settings.SettingsActivity]
05-14 15:12:53.495   788  1789 I am_proc_bound: [0,14131,com.meizu.perfui]
05-14 15:12:53.498   788  1789 I am_restart_activity: [0,596804402,450,com.meizu.perfui/.settings.SettingsActivity]
05-14 15:12:53.501   788  1789 I am_home_stack_moved: [0,0,1,1,completeResume setFocusedActivity]
05-14 15:12:53.501   788  1789 I am_focused_activity: [0,com.meizu.perfui/.settings.SettingsActivity]
05-14 15:12:53.683 14131 14131 I am_on_resume_called: [0,com.meizu.perfui.settings.SettingsActivity]
05-14 15:12:53.785   301   301 I sf_frame_dur: [com.android.settings/com.android.settings.SubSettings,757,37,11,13,10,5,4]
05-14 15:12:53.905   788   938 I am_activity_launch_time: [0,596804402,com.meizu.perfui/.settings.SettingsActivity,452,452]
05-14 15:12:55.515   788  1745 I am_finish_activity: [0,596804402,450,com.meizu.perfui/.settings.SettingsActivity,app-request]
05-14 15:12:55.516   788  1745 I am_home_stack_moved: [0,0,1,1,finishActivity adjustTopFocus setFocusedActivity]
05-14 15:12:55.516   788  1745 I am_focused_activity: [0,com.android.settings/.SubSettings]
05-14 15:12:55.516   788  1745 I am_pause_activity: [0,596804402,com.meizu.perfui/.settings.SettingsActivity]
05-14 15:12:55.517 14131 14131 I am_on_paused_called: [0,com.meizu.perfui.settings.SettingsActivity]
05-14 15:12:55.522   788   808 I am_resume_activity: [0,1005677048,450,com.android.settings/.SubSettings]
05-14 15:12:55.523   788   808 I am_home_stack_moved: [0,0,1,1,completeResume setFocusedActivity]
05-14 15:12:55.525   788   808 I am_focused_activity: [0,com.android.settings/.SubSettings]
05-14 15:12:55.533  4714  4714 I am_on_resume_called: [0,com.android.settings.SubSettings]
05-14 15:12:55.820   788   933 I am_destroy_activity: [0,596804402,450,com.meizu.perfui/.settings.SettingsActivity,finish-imm]
05-14 15:12:55.836   301   301 I sf_frame_dur: [com.meizu.perfui/com.meizu.perfui.settings.SettingsActivity,1,1,0,0,0,0,0]
05-14 15:13:11.766   301   301 I sf_frame_dur: [com.android.settings/com.android.settings.SubSettings,2,1,0,0,1,0,0]
05-14 15:13:14.519   788  1003 I backup_data_changed: com.android.providers.settings
05-14 15:13:14.541   788  1003 I backup_data_changed: com.android.providers.settings
05-14 15:13:18.208   788  1003 I backup_data_changed: com.android.providers.settings
05-14 15:13:18.573   788  1003 I backup_data_changed: com.android.providers.settings
05-14 15:13:18.647 13391 13391 I am_on_resume_called: [0,com.tencent.mobileqq.activity.SplashActivity]
05-14 15:13:18.673  4714  4714 I am_on_resume_called: [0,com.android.settings.SubSettings]
05-14 15:13:18.719  4714  4714 I am_on_resume_called: [0,com.android.settings.Settings]
05-14 15:13:18.730  4714  4714 I am_on_paused_called: [0,com.android.settings.SubSettings]
05-14 15:13:18.795  4714  4714 I am_on_resume_called: [0,com.android.settings.SubSettings]
05-14 15:13:18.812   301   301 I sf_frame_dur: [com.android.settings/com.android.settings.SubSettings,266,9,3,1,2,2,3]
05-14 15:13:19.199   788   788 I notification_cancel: [10014,1760,com.meizu.flyme.launcher,101,NULL,0,0,64,8,NULL]
05-14 15:13:19.200  1760  1760 I am_on_resume_called: [0,com.meizu.flyme.launcher.Launcher]
05-14 15:13:19.249   788   788 I notification_cancel: [10014,1760,com.meizu.flyme.launcher,101,NULL,0,0,64,8,NULL]
05-14 15:13:19.326   788  1758 I netstats_mobile_sample: [0,0,0,0,0,0,0,0,0,0,0,0,-1]
05-14 15:13:19.326   788  1758 I netstats_wifi_sample: [50464666,73999,3169182,35261,49045773,60832,2666288,34645,49040031,60763,2713456,35623,-1]
05-14 15:13:19.596   788   788 I notification_cancel: [10095,13391,com.tencent.mobileqq,120,NULL,0,0,64,8,NULL]
05-14 15:13:19.596   788   788 I notification_cancel: [10095,13391,com.tencent.mobileqq,121,NULL,0,0,64,8,NULL]
05-14 15:13:19.597   788   788 I notification_cancel: [10095,13391,com.tencent.mobileqq,122,NULL,0,0,64,8,NULL]
05-14 15:13:19.597   788   788 I notification_cancel: [10095,13391,com.tencent.mobileqq,123,NULL,0,0,64,8,NULL]
05-14 15:13:19.597   788   788 I notification_cancel: [10095,13391,com.tencent.mobileqq,129,NULL,0,0,64,8,NULL]
05-14 15:13:19.597   788   788 I notification_cancel: [10095,13391,com.tencent.mobileqq,144,NULL,0,0,64,8,NULL]
05-14 15:13:19.597   788   788 I notification_cancel: [10095,13391,com.tencent.mobileqq,193,NULL,0,0,64,8,NULL]
05-14 15:13:19.598   788   788 I notification_cancel: [10095,13391,com.tencent.mobileqq,194,NULL,0,0,64,8,NULL]
05-14 15:13:19.598   788   788 I notification_cancel: [10095,13391,com.tencent.mobileqq,211,NULL,0,0,64,8,NULL]
05-14 15:13:20.672   788  1747 I am_home_stack_moved: [0,0,1,1,sourceStackToFront]
05-14 15:13:20.672   788  1747 I wm_task_moved: [450,1,1]
05-14 15:13:20.674   788  1747 I am_create_activity: [0,148863146,450,com.android.settings/.AppPicker,NULL,NULL,NULL,0]
05-14 15:13:20.674   788  1747 I am_pause_activity: [0,1005677048,com.android.settings/.SubSettings]
05-14 15:13:20.675   788  1747 I am_home_stack_moved: [0,0,1,1,startedActivity setFocusedActivity]
05-14 15:13:20.676   788  1747 I am_focused_activity: [0,com.android.settings/.AppPicker]
05-14 15:13:20.684  4714  4714 I am_on_paused_called: [0,com.android.settings.SubSettings]
05-14 15:13:20.686   788  1758 I am_restart_activity: [0,148863146,450,com.android.settings/.AppPicker]
05-14 15:13:20.687   788  1758 I am_home_stack_moved: [0,0,1,1,completeResume setFocusedActivity]
05-14 15:13:20.687   788  1758 I am_focused_activity: [0,com.android.settings/.AppPicker]
05-14 15:13:20.725  4714  4714 I am_on_resume_called: [0,com.android.settings.AppPicker]
05-14 15:13:20.860   788   938 I am_activity_launch_time: [0,148863146,com.android.settings/.AppPicker,175,175]
05-14 15:13:21.703   788  1742 I am_finish_activity: [0,148863146,450,com.android.settings/.AppPicker,app-request]
05-14 15:13:21.704   788  1742 I am_home_stack_moved: [0,0,1,1,finishActivity adjustTopFocus setFocusedActivity]
05-14 15:13:21.704   788  1742 I am_focused_activity: [0,com.android.settings/.SubSettings]
05-14 15:13:21.711   788  1742 I am_pause_activity: [0,148863146,com.android.settings/.AppPicker]
05-14 15:13:21.715  4714  4714 I am_on_paused_called: [0,com.android.settings.AppPicker]
05-14 15:13:21.719   788  1756 I am_resume_activity: [0,1005677048,450,com.android.settings/.SubSettings]
05-14 15:13:21.722   788  1756 I am_home_stack_moved: [0,0,1,1,completeResume setFocusedActivity]
05-14 15:13:21.722   788  1756 I am_focused_activity: [0,com.android.settings/.SubSettings]
05-14 15:13:21.753   788  1003 I backup_data_changed: com.android.providers.settings
05-14 15:13:21.759   788  1003 I backup_data_changed: com.android.providers.settings
05-14 15:13:21.769  4714  4714 I am_on_resume_called: [0,com.android.settings.SubSettings]
05-14 15:13:21.805   788  1742 I am_destroy_activity: [0,148863146,450,com.android.settings/.AppPicker,finish-imm]
05-14 15:13:21.922   301   301 I sf_frame_dur: [com.android.settings/com.android.settings.AppPicker,8,0,0,0,3,0,0]
05-14 15:13:30.218   788  1742 I am_finish_activity: [0,1005677048,450,com.android.settings/.SubSettings,app-request]
05-14 15:13:30.218   788  1742 I am_home_stack_moved: [0,0,1,1,finishActivity adjustTopFocus setFocusedActivity]
05-14 15:13:30.219   788  1742 I am_focused_activity: [0,com.android.settings/.SubSettings]
05-14 15:13:30.219   788  1742 I am_pause_activity: [0,1005677048,com.android.settings/.SubSettings]
05-14 15:13:30.227  4714  4714 I am_on_paused_called: [0,com.android.settings.SubSettings]
05-14 15:13:30.233   788   931 I am_resume_activity: [0,288946442,450,com.android.settings/.SubSettings]
05-14 15:13:30.234   788   931 I am_home_stack_moved: [0,0,1,1,completeResume setFocusedActivity]
05-14 15:13:30.235   788   931 I am_focused_activity: [0,com.android.settings/.SubSettings]
05-14 15:13:30.240  4714  4714 I am_on_resume_called: [0,com.android.settings.SubSettings]
05-14 15:13:30.524   788   933 I am_destroy_activity: [0,1005677048,450,com.android.settings/.SubSettings,finish-imm]
05-14 15:13:30.540   301   301 I sf_frame_dur: [com.android.settings/com.android.settings.SubSettings,358,7,3,3,8,2,0]
05-14 15:13:32.673   788  1745 I am_home_stack_moved: [0,0,1,1,sourceStackToFront]
05-14 15:13:32.673   788  1745 I wm_task_moved: [450,1,1]
05-14 15:13:32.675   788  1745 I am_create_activity: [0,964417539,450,com.android.settings/.SubSettings,android.intent.action.MAIN,NULL,NULL,0]
05-14 15:13:32.675   788  1745 I am_pause_activity: [0,288946442,com.android.settings/.SubSettings]
05-14 15:13:32.676   788  1745 I am_home_stack_moved: [0,0,1,1,startedActivity setFocusedActivity]
05-14 15:13:32.676   788  1745 I am_focused_activity: [0,com.android.settings/.SubSettings]
05-14 15:13:32.681  4714  4714 I am_on_paused_called: [0,com.android.settings.SubSettings]
05-14 15:13:32.683   788  1754 I am_restart_activity: [0,964417539,450,com.android.settings/.SubSettings]
05-14 15:13:32.685   788  1754 I am_home_stack_moved: [0,0,1,1,completeResume setFocusedActivity]
05-14 15:13:32.685   788  1754 I am_focused_activity: [0,com.android.settings/.SubSettings]
05-14 15:13:32.740  4714  4714 I am_on_resume_called: [0,com.android.settings.SubSettings]
05-14 15:13:32.846   788   938 I am_activity_launch_time: [0,964417539,com.android.settings/.SubSettings,164,164]
05-14 15:13:33.120   301   301 I sf_frame_dur: [com.android.settings/com.android.settings.SubSettings,17,0,0,1,0,0,1]
05-14 15:13:35.348   788  1003 I backup_data_changed: com.android.providers.settings
05-14 15:13:35.568   301   301 I sf_frame_dur: [com.android.settings/com.android.settings.SubSettings,7,0,0,0,1,1,0]
05-14 15:13:40.668   788  1745 I am_proc_start: [0,14245,10095,com.tencent.mobileqq:TMAssistantDownloadSDKService,service,com.tencent.mobileqq/com.tencent.tmdownloader.TMAssistantDownloadService]
05-14 15:13:40.674   788  3778 I am_proc_bound: [0,14245,com.tencent.mobileqq:TMAssistantDownloadSDKService]
05-14 15:13:41.056 14245 14287 I force_gc: Binder
05-14 15:13:41.107 13391 13411 I force_gc: Binder
05-14 15:13:46.383   788   936 I am_home_stack_moved: [0,1,0,0,intentActivityFound]
05-14 15:13:46.384   788   936 I wm_task_moved: [447,1,0]
05-14 15:13:46.385   788   936 I am_home_stack_moved: [0,1,0,0,bringingFoundTaskToFront]
05-14 15:13:46.385   788   936 I wm_task_moved: [447,1,0]
05-14 15:13:46.399   788   936 I am_pause_activity: [0,964417539,com.android.settings/.SubSettings]
05-14 15:13:46.400   788   936 I am_task_to_front: [0,447]
05-14 15:13:46.400   788   936 I am_new_intent: [0,922237768,447,com.meizu.flyme.launcher/.Launcher,android.intent.action.MAIN,NULL,NULL,274726912]
05-14 15:13:46.401  4714  4714 I am_on_paused_called: [0,com.android.settings.SubSettings]
05-14 15:13:46.407   788  1742 I am_resume_activity: [0,1336315,447,com.meizu.flyme.launcher/.Launcher]
05-14 15:13:46.408   788  1742 I am_home_stack_moved: [0,1,0,0,completeResume setFocusedActivity]
05-14 15:13:46.408   788  1742 I am_focused_activity: [0,com.meizu.flyme.launcher/.Launcher]
05-14 15:13:46.483  1760  1760 I am_on_resume_called: [0,com.meizu.flyme.launcher.Launcher]
05-14 15:13:46.683   788  1806 I am_proc_died: [0,14245,com.tencent.mobileqq:TMAssistantDownloadSDKService]
05-14 15:13:46.982   301   301 I sf_frame_dur: [com.android.settings/com.android.settings.SubSettings,241,3,3,3,4,3,2]
05-14 15:14:37.911   788   933 I am_kill : [0,11546,com.alipay.android.app,15,empty for 1812s]
05-14 15:14:37.954   788  1758 I am_proc_died: [0,11546,com.alipay.android.app]
05-14 15:16:18.957   788  3778 I am_proc_died: [0,13814,com.tencent.mobileqq:qzone]
05-14 15:18:48.102   788   941 I power_sleep_requested: 0
05-14 15:18:48.105   788   788 I power_screen_state: [0,3,0,0]
05-14 15:18:48.105   788   788 I screen_toggled: 0
05-14 15:18:48.189   788   788 I power_screen_broadcast_send: 1
05-14 15:18:48.211   788   933 I am_proc_start: [0,14342,10041,com.android.calendar:remote,broadcast,com.android.calendar/com.meizu.flyme.calendar.widget.CalendarCardProvider]
05-14 15:18:48.249   788  1756 I am_proc_bound: [0,14342,com.android.calendar:remote]
05-14 15:18:48.275  1065  1065 I sysui_heads_up_status: [,0]
05-14 15:18:48.389   788   788 I power_screen_broadcast_done: [0,200,1]
05-14 15:18:48.782   788   788 I am_pause_activity: [0,1336315,com.meizu.flyme.launcher/.Launcher]
05-14 15:18:48.783  1760  1760 I am_on_paused_called: [0,com.meizu.flyme.launcher.Launcher]
05-14 15:18:48.801   788   933 I am_home_stack_moved: [0,1,0,0,stopActivity adjustTopFocus setFocusedActivity]
05-14 15:18:48.801   788   933 I am_focused_activity: [0,com.meizu.flyme.launcher/.Launcher]
05-14 15:18:53.328  1065  1065 I sysui_status_bar_state: [1,1,0,0,0,1]
05-14 15:19:46.177   788  1750 I battery_status: [4,2,1,0,Li-ion]
05-14 15:19:46.208   788   788 I power_screen_state: [1,0,0,0]
05-14 15:19:46.208   788   788 I screen_toggled: 1
05-14 15:19:46.208   788   788 I power_screen_broadcast_send: 1
05-14 15:19:46.238   788  1789 I notification_panel_revealed: []
05-14 15:19:46.559   301   301 I sf_frame_dur: [ColorFade,27,1,2,0,0,0,0]
05-14 15:19:46.617   788   788 I notification_cancel: [1001,1696,com.android.phone,6,0,-1,0,64,8,NULL]
05-14 15:19:46.657   788   788 I notification_cancel: [10088,3440,com.sina.weibo,2131427505,NULL,0,0,64,8,NULL]
05-14 15:19:46.690   788   788 I power_screen_broadcast_done: [1,482,1]
05-14 15:19:56.207   788   941 I power_sleep_requested: 0
05-14 15:19:56.208   788   788 I power_screen_state: [0,3,0,0]
05-14 15:19:56.208   788   788 I screen_toggled: 0
05-14 15:19:56.242   788  1789 I notification_panel_hidden: []
05-14 15:19:56.252   788   788 I power_screen_broadcast_send: 1
05-14 15:19:56.363  1065  1065 I sysui_heads_up_status: [,0]
05-14 15:19:56.418   788   788 I power_screen_broadcast_done: [0,166,1]
05-14 15:20:23.659   788  1747 I battery_status: [5,2,1,2,Li-ion]
05-14 15:20:23.803   788   788 I power_screen_state: [1,0,0,0]
05-14 15:20:23.803   788   788 I screen_toggled: 1
05-14 15:20:23.828   788   788 I power_screen_broadcast_send: 1
05-14 15:20:23.974   788  1789 I notification_panel_revealed: []
05-14 15:20:24.100   788   788 I notification_cancel: [1001,1696,com.android.phone,6,0,-1,0,64,8,NULL]
05-14 15:20:24.230   301   301 I sf_frame_dur: [ColorFade,28,0,0,1,0,0,0]
05-14 15:20:24.246   788   788 I notification_cancel: [1001,1696,com.android.phone,6,0,-1,0,64,8,NULL]
05-14 15:20:24.265   788   788 I notification_cancel: [10088,3440,com.sina.weibo,2131427505,NULL,0,0,64,8,NULL]
05-14 15:20:24.287   788   788 I power_screen_broadcast_done: [1,459,1]
05-14 15:20:33.732   788   941 I power_sleep_requested: 0
05-14 15:20:33.733   788   788 I power_screen_state: [0,3,0,0]
05-14 15:20:33.733   788   788 I screen_toggled: 0
05-14 15:20:33.766   788  3778 I notification_panel_hidden: []
05-14 15:20:33.783   788   788 I power_screen_broadcast_send: 1
05-14 15:20:33.866  1065  1065 I sysui_heads_up_status: [,0]
05-14 15:20:33.921   788   788 I power_screen_broadcast_done: [0,138,1]
05-14 15:21:21.292   788   788 I notification_enqueue: [1000,788,android,17040655,NULL,-1,Notification(pri=0 contentView=android/0xa030052 headsUpContentView=/0xa030056 bigContentView=null vibrate=null sound=null defaults=0x0 flags=0x2 color=0xff607d8b vis=PUBLIC),0]
05-14 15:21:21.322   788   788 I notification_enqueue: [1000,788,android,17040663,NULL,-1,Notification(pri=0 contentView=android/0xa030052 headsUpContentView=/0xa030056 bigContentView=null vibrate=null sound=null defaults=0x0 flags=0x2 color=0xff607d8b vis=PUBLIC),0]
05-14 15:21:21.365   788   933 I am_proc_start: [0,14431,10056,com.mediatek.mtklogger,broadcast,com.mediatek.mtklogger/.framework.LogReceiver]
05-14 15:21:21.389   788   808 I am_proc_bound: [0,14431,com.mediatek.mtklogger]
05-14 15:21:21.483   788  1747 I am_proc_start: [0,14455,10019,com.meizu.media.music,broadcast,com.meizu.media.music/.feature.recent_add_notify.UsbAndSdcardReceiver]
05-14 15:21:21.497   788  1756 I am_proc_bound: [0,14455,com.meizu.media.music]
05-14 15:21:29.619   788  1755 I force_gc: Binder
05-14 15:21:31.532   788  1754 I am_proc_died: [0,14431,com.mediatek.mtklogger]
05-14 15:21:39.209   788   933 I am_proc_start: [0,14527,10056,com.mediatek.mtklogger,broadcast,com.mediatek.mtklogger/.framework.LogReceiver]
05-14 15:21:39.233   788  1745 I am_proc_bound: [0,14527,com.mediatek.mtklogger]
05-14 15:21:49.311   788  1758 I am_proc_died: [0,14527,com.mediatek.mtklogger]
05-14 15:22:40.138   788   788 I notification_cancel: [10095,13391,com.tencent.mobileqq,10103,NULL,0,0,64,8,NULL]
05-14 15:22:40.252   788   788 I notification_enqueue: [10095,13391,com.tencent.mobileqq,10103,NULL,0,Notification(pri=0 contentView=com.tencent.mobileqq/0xa030052 headsUpContentView=/0xa030056 bigContentView=null vibrate=null sound=null defaults=0x0 flags=0x10 color=0x00000000 vis=PRIVATE),0]
05-14 15:22:45.431   788   788 I notification_cancel: [10095,13391,com.tencent.mobileqq,10103,NULL,0,0,64,8,NULL]
05-14 15:22:45.432   788   788 I notification_canceled: [0|com.tencent.mobileqq|10103|null|10095,8]
05-14 15:22:58.492   788   788 I notification_cancel: [10095,13391,com.tencent.mobileqq,10103,NULL,0,0,64,8,NULL]
05-14 15:22:58.523   788   788 I notification_enqueue: [10095,13391,com.tencent.mobileqq,10103,NULL,0,Notification(pri=0 contentView=com.tencent.mobileqq/0xa030052 headsUpContentView=/0xa030056 bigContentView=null vibrate=null sound=null defaults=0x0 flags=0x10 color=0x00000000 vis=PRIVATE),0]
05-14 15:23:02.661   788   788 I power_screen_state: [1,0,0,0]
05-14 15:23:02.661   788   788 I screen_toggled: 1
05-14 15:23:02.661   788   788 I power_screen_broadcast_send: 1
05-14 15:23:02.665   788  1807 I notification_panel_revealed: []
05-14 15:23:02.853   788  1789 I notification_visibility_changed: [0|com.tencent.mobileqq|10103|null|10095,]
05-14 15:23:02.934   301   301 I sf_frame_dur: [ColorFade,31,0,0,0,0,1,0]
05-14 15:23:02.937   788   788 I notification_cancel: [1001,1696,com.android.phone,6,0,-1,0,64,8,NULL]
05-14 15:23:02.954   788   788 I notification_cancel: [10088,3440,com.sina.weibo,2131427505,NULL,0,0,64,8,NULL]
05-14 15:23:02.975   788   788 I power_screen_broadcast_done: [1,314,1]
05-14 15:23:03.505  1065  1065 I sysui_lockscreen_gesture: [1,164,4876]
05-14 15:23:03.563   788  1232 I notification_visibility_changed: [,0|com.tencent.mobileqq|10103|null|10095]
05-14 15:23:03.564   788  1756 I notification_panel_hidden: []
05-14 15:23:03.566  1065  1065 I screen_toggled: 2
05-14 15:23:03.589  1065  1065 I sysui_status_bar_state: [0,0,0,0,0,1]
05-14 15:23:03.591   788  1742 I am_resume_activity: [0,1336315,447,com.meizu.flyme.launcher/.Launcher]
05-14 15:23:03.593   788  1742 I am_home_stack_moved: [0,1,0,0,completeResume setFocusedActivity]
05-14 15:23:03.593   788  1742 I am_focused_activity: [0,com.meizu.flyme.launcher/.Launcher]
05-14 15:23:03.599  1760  1760 I am_on_resume_called: [0,com.meizu.flyme.launcher.Launcher]
05-14 15:23:03.609   788   933 I am_proc_start: [0,14577,10001,com.yunos.lifecard,broadcast,com.yunos.lifecard/com.yunos.alimobilesearch.ExternalEventReceiver]
05-14 15:23:03.623   788  1747 I am_proc_bound: [0,14577,com.yunos.lifecard]
05-14 15:23:03.690   788   788 I notification_cancel: [10095,13391,com.tencent.mobileqq,10103,NULL,0,0,64,8,NULL]
05-14 15:23:03.691   788   788 I notification_canceled: [0|com.tencent.mobileqq|10103|null|10095,8]
05-14 15:23:03.815   788  1754 I am_proc_start: [0,14618,10095,com.tencent.mobileqq:qzone,service,com.tencent.mobileqq/cooperation.qzone.QzonePluginProxyService]
05-14 15:23:03.840   788  1232 I am_proc_bound: [0,14618,com.tencent.mobileqq:qzone]
05-14 15:23:04.052 13391 13425 I force_gc: Binder
05-14 15:23:04.344 14618 14671 I force_gc: Binder
05-14 15:23:04.404   788  1754 I force_gc: Binder
05-14 15:23:04.580 13391 13412 I force_gc: Binder
05-14 15:23:04.782   788  1806 I am_proc_start: [0,14705,10002,com.yunos.alimobilesearch,broadcast,com.yunos.alimobilesearch/.UserPresentReceiver]
05-14 15:23:04.794   788  1747 I am_proc_bound: [0,14705,com.yunos.alimobilesearch]
05-14 15:23:05.023   788  1747 I netstats_mobile_sample: [0,0,0,0,0,0,0,0,0,0,0,0,-1]
05-14 15:23:05.023   788  1747 I netstats_wifi_sample: [50961534,77491,3209658,35561,49472237,63574,2702424,34940,49466495,63505,2751992,35978,-1]
05-14 15:23:05.036   788  1742 I am_proc_start: [0,14745,10075,com.meizu.net.search,broadcast,com.meizu.net.search/.hotword.HotWordReceiver]
05-14 15:23:05.052   788  1320 I am_proc_bound: [0,14745,com.meizu.net.search]
05-14 15:23:05.423   788   807 I am_proc_start: [0,14800,10072,com.meizu.media.reader,broadcast,com.meizu.media.reader/.module.appwidget.ReaderAppWidgetProvider]
05-14 15:23:05.425 14618 14742 I force_gc: Binder
05-14 15:23:05.441   788  1758 I am_proc_bound: [0,14800,com.meizu.media.reader]
05-14 15:23:05.846   788  1806 I am_proc_start: [0,14853,10037,com.alipay.android.app,broadcast,com.alipay.android.app/com.alipay.notify.BroadcastActionReceiver]
05-14 15:23:05.975   788  1745 I am_proc_bound: [0,14853,com.alipay.android.app]
05-14 15:23:06.770   788  1320 I am_kill : [0,13080,android.process.acore,15,empty #17]
05-14 15:23:06.890   788  1742 I am_proc_died: [0,13080,android.process.acore]
05-14 15:23:08.034 13391 13412 I force_gc: Binder
05-14 15:23:08.900   788  1755 I am_kill : [0,13110,com.android.musicfx,15,empty #17]
05-14 15:23:08.970   788  1745 I am_proc_died: [0,13110,com.android.musicfx]
05-14 15:23:08.987   788   935 I am_home_stack_moved: [0,0,1,1,startingNewTask]
05-14 15:23:08.987   788   935 I wm_task_moved: [450,1,1]
05-14 15:23:08.990   788   935 I am_create_task: [0,452]
05-14 15:23:08.990   788   935 I am_create_activity: [0,28980483,452,com.android.systemui/.usb.UsbDebuggingActivity,NULL,NULL,NULL,276824064]
05-14 15:23:08.991   788   935 I wm_task_created: [452,1]
05-14 15:23:08.991   788   935 I wm_task_moved: [452,1,2]
05-14 15:23:08.992   788   935 I am_pause_activity: [0,1336315,com.meizu.flyme.launcher/.Launcher]
05-14 15:23:08.993   788   935 I am_home_stack_moved: [0,0,1,1,startedActivity setFocusedActivity]
05-14 15:23:08.994   788   935 I am_focused_activity: [0,com.android.systemui/.usb.UsbDebuggingActivity]
05-14 15:23:08.994  1760  1760 I am_on_paused_called: [0,com.meizu.flyme.launcher.Launcher]
05-14 15:23:08.997   788  1750 I am_restart_activity: [0,28980483,452,com.android.systemui/.usb.UsbDebuggingActivity]
05-14 15:23:08.999   788  1750 I am_home_stack_moved: [0,0,1,1,completeResume setFocusedActivity]
05-14 15:23:08.999   788  1750 I am_focused_activity: [0,com.android.systemui/.usb.UsbDebuggingActivity]
05-14 15:23:09.223  1065  1065 I am_on_resume_called: [0,com.android.systemui.usb.UsbDebuggingActivity]
05-14 15:23:09.440   788   938 I am_activity_launch_time: [0,28980483,com.android.systemui/.usb.UsbDebuggingActivity,445,445]
05-14 15:23:12.119   788  1806 I am_finish_activity: [0,28980483,452,com.android.systemui/.usb.UsbDebuggingActivity,app-request]
05-14 15:23:12.120   788  1806 I am_home_stack_moved: [0,1,0,0,finishActivity adjustFocus]
05-14 15:23:12.120   788  1806 I wm_task_moved: [447,1,0]
05-14 15:23:12.123   788  1806 I am_home_stack_moved: [0,1,0,0,finishActivity adjustTopFocus setFocusedActivity]
05-14 15:23:12.123   788  1806 I am_focused_activity: [0,com.meizu.flyme.launcher/.Launcher]
05-14 15:23:12.124   788  1806 I am_pause_activity: [0,28980483,com.android.systemui/.usb.UsbDebuggingActivity]
05-14 15:23:12.126  1065  1065 I am_on_paused_called: [0,com.android.systemui.usb.UsbDebuggingActivity]
05-14 15:23:12.129   788  3778 I am_resume_activity: [0,1336315,447,com.meizu.flyme.launcher/.Launcher]
05-14 15:23:12.134   788  3778 I am_home_stack_moved: [0,1,0,0,completeResume setFocusedActivity]
05-14 15:23:12.135   788  3778 I am_focused_activity: [0,com.meizu.flyme.launcher/.Launcher]
05-14 15:23:12.138  1760  1760 I am_on_resume_called: [0,com.meizu.flyme.launcher.Launcher]
05-14 15:23:12.140   788  1755 I am_destroy_activity: [0,28980483,452,com.android.systemui/.usb.UsbDebuggingActivity,finish-imm]
05-14 15:23:12.314   788   938 I wm_task_removed: [452,removeAppToken: last token]
05-14 15:23:12.314   788   938 I wm_task_removed: [452,removeTask]
05-14 15:23:12.329   301   301 I sf_frame_dur: [com.android.systemui/com.android.systemui.usb.UsbDebuggingActivity,5,1,0,1,1,1,1]
05-14 15:23:14.383   788   962 I am_kill : [12022,com.meizu.flyme.weather,9,0,by shrinker for size limited]
05-14 15:23:14.572   788  1807 I am_proc_died: [0,12022,com.meizu.flyme.weather]
05-14 15:23:35.381   788  1742 I am_proc_died: [0,14577,com.yunos.lifecard]
05-14 15:23:38.308   788   788 I notification_cancel: [10095,13391,com.tencent.mobileqq,10103,NULL,0,0,64,8,NULL]
05-14 15:23:38.352   788   788 I notification_enqueue: [10095,13391,com.tencent.mobileqq,10103,NULL,0,Notification(pri=0 contentView=com.tencent.mobileqq/0xa030052 headsUpContentView=/0xa030056 bigContentView=null vibrate=null sound=null defaults=0x0 flags=0x10 color=0x00000000 vis=PRIVATE),0]
05-14 15:23:38.356   788   788 I force_gc: Binder
05-14 15:23:38.654   788   807 I notification_expansion: [0|com.tencent.mobileqq|10103|null|10095,0,1]
05-14 15:23:38.674  1065  1065 I sysui_heads_up_status: [0|com.tencent.mobileqq|10103|null|10095,1]
05-14 15:23:43.412   788   788 I notification_cancel: [10095,13391,com.tencent.mobileqq,10103,NULL,0,0,64,8,NULL]
05-14 15:23:43.413   788   788 I notification_canceled: [0|com.tencent.mobileqq|10103|null|10095,8]
05-14 15:23:43.424  1065  1065 I sysui_heads_up_status: [,0]
05-14 15:23:43.709   301   301 I sf_frame_dur: [Heads Up,6,1,0,0,0,0,0]
05-14 15:23:44.603   788   962 I am_kill : [13206,com.meizu.documentsui,15,0,by shrinker for size limited]
05-14 15:23:44.605   788   962 I am_kill : [13157,com.android.keychain,15,0,by shrinker for size limited]
05-14 15:23:44.651   788  1754 I am_proc_died: [0,13157,com.android.keychain]
05-14 15:23:44.681   788  1755 I am_proc_died: [0,13206,com.meizu.documentsui]
05-14 15:23:48.657  1065  1065 I sysui_heads_up_status: [,0]
05-14 15:23:53.773   788   788 I notification_cancel: [10095,13391,com.tencent.mobileqq,10103,NULL,0,0,64,8,NULL]
05-14 15:23:53.794   788   788 I notification_enqueue: [10095,13391,com.tencent.mobileqq,10103,NULL,0,Notification(pri=0 contentView=com.tencent.mobileqq/0xa030052 headsUpContentView=/0xa030056 bigContentView=null vibrate=null sound=null defaults=0x0 flags=0x10 color=0x00000000 vis=PRIVATE),0]
05-14 15:23:53.856   788  1754 I notification_expansion: [0|com.tencent.mobileqq|10103|null|10095,0,1]
05-14 15:23:53.870  1065  1065 I sysui_heads_up_status: [0|com.tencent.mobileqq|10103|null|10095,1]
05-14 15:23:58.811   788   788 I notification_cancel: [10095,13391,com.tencent.mobileqq,10103,NULL,0,0,64,8,NULL]
05-14 15:23:58.812   788   788 I notification_canceled: [0|com.tencent.mobileqq|10103|null|10095,8]
05-14 15:23:58.819  1065  1065 I sysui_heads_up_status: [,0]
05-14 15:23:59.111   301   301 I sf_frame_dur: [Heads Up,7,0,0,0,0,0,0]
05-14 15:24:03.858  1065  1065 I sysui_heads_up_status: [,0]
05-14 15:24:09.224   788   788 I notification_cancel: [10095,13391,com.tencent.mobileqq,10103,NULL,0,0,64,8,NULL]
05-14 15:24:09.251   788   788 I notification_enqueue: [10095,13391,com.tencent.mobileqq,10103,NULL,0,Notification(pri=0 contentView=com.tencent.mobileqq/0xa030052 headsUpContentView=/0xa030056 bigContentView=null vibrate=null sound=null defaults=0x0 flags=0x10 color=0x00000000 vis=PRIVATE),0]
05-14 15:24:09.349   788   931 I notification_expansion: [0|com.tencent.mobileqq|10103|null|10095,0,1]
05-14 15:24:09.368  1065  1065 I sysui_heads_up_status: [0|com.tencent.mobileqq|10103|null|10095,1]
05-14 15:24:14.356   788   788 I notification_cancel: [10095,13391,com.tencent.mobileqq,10103,NULL,0,0,64,8,NULL]
05-14 15:24:14.357   788   788 I notification_canceled: [0|com.tencent.mobileqq|10103|null|10095,8]
05-14 15:24:14.365  1065  1065 I sysui_heads_up_status: [,0]
05-14 15:24:14.659   301   301 I sf_frame_dur: [Heads Up,5,1,0,0,0,0,0]
05-14 15:24:19.350  1065  1065 I sysui_heads_up_status: [,0]
05-14 15:24:24.831   788   788 I notification_cancel: [10095,13391,com.tencent.mobileqq,10103,NULL,0,0,64,8,NULL]
05-14 15:24:24.856   788   788 I notification_enqueue: [10095,13391,com.tencent.mobileqq,10103,NULL,0,Notification(pri=0 contentView=com.tencent.mobileqq/0xa030052 headsUpContentView=/0xa030056 bigContentView=null vibrate=null sound=null defaults=0x0 flags=0x10 color=0x00000000 vis=PRIVATE),0]
05-14 15:24:24.964   788  1320 I notification_expansion: [0|com.tencent.mobileqq|10103|null|10095,0,1]
05-14 15:24:24.982  1065  1065 I sysui_heads_up_status: [0|com.tencent.mobileqq|10103|null|10095,1]
05-14 15:24:29.972   788   788 I notification_cancel: [10095,13391,com.tencent.mobileqq,10103,NULL,0,0,64,8,NULL]
05-14 15:24:29.972   788   788 I notification_canceled: [0|com.tencent.mobileqq|10103|null|10095,8]
