05-14 18:37:13.461   838   839 I RILC-MTK: RIL_URC_PROXY sleep
05-14 18:37:13.461   838   850 I RILC-MTK: RIL_ATCI2_PROXY wakeup
05-14 18:37:13.461   838   850 I RILC-MTK: RIL_ATCI2_PROXY sleep
05-14 18:37:13.461   838   842 I RILC-MTK: RIL_CMD_PROXY_1 wakeup
05-14 18:37:13.461   838   842 I AT      : AT write start
05-14 18:37:13.461   785   830 I use-Rlog/RLOG-RILMUXD: [gsm0710muxd] 3572:poll_thread(): poll_thread select found
05-14 18:37:13.461   785   830 I use-Rlog/RLOG-RILMUXD: [gsm0710muxd] 1013:pseudo_device_read(): Enter, LackofAtciChannel=0
05-14 18:37:13.462   785   830 I use-Rlog/RLOG-RILMUXD: [gsm0710muxd] 628:write_frame(): Sending frame to channel 5
05-14 18:37:13.476   785   830 I use-Rlog/RLOG-RILMUXD: [gsm0710muxd] 734:write_frame(): Write a frame on channel 5 with length 12
05-14 18:37:13.477   785   824 I use-Rlog/RLOG-RILMUXD: [gsm0710muxd] 1611:gsm0710_base_buffer_get_frame(): Get a complete frame. ch:5, ctrl:239, len:39
05-14 18:37:13.477   785   824 I use-Rlog/RLOG-RILMUXD: [gsm0710muxd] 2351:extract_frames(): Writing 39 byte frame received on channel 5 to /dev/pts/4
05-14 18:37:13.477   785   824 I use-Rlog/RLOG-RILMUXD: [gsm0710muxd] 2370:extract_frames(): write() returned. Written 39/39 bytes of frame to /dev/pts/4
05-14 18:37:13.478   785   824 I use-Rlog/RLOG-RILMUXD: [gsm0710muxd] 1611:gsm0710_base_buffer_get_frame(): Get a complete frame. ch:5, ctrl:239, len:6
05-14 18:37:13.478   785   824 I use-Rlog/RLOG-RILMUXD: [gsm0710muxd] 2351:extract_frames(): Writing 6 byte frame received on channel 5 to /dev/pts/4
05-14 18:37:13.478   838   857 I AT      : AT read end: 39:Success
05-14 18:37:13.478   785   824 I use-Rlog/RLOG-RILMUXD: [gsm0710muxd] 2370:extract_frames(): write() returned. Written 6/6 bytes of frame to /dev/pts/4
05-14 18:37:13.478   838   857 I AT      : AT read start
05-14 18:37:13.478   838   857 I AT      : AT read end: 6:Success
05-14 18:37:13.478   838   857 I AT      : AT read start
05-14 18:37:13.478   838   842 I RILC-MTK: RIL_CMD_PROXY_1 sleep
05-14 18:37:15.334   838   851 I RILC-MTK: create request 61: pRequest=0x7f7a41a5a0, pRI=0x7f7a41b280, p=0x7f7a44ae60, pUCI=0x0
05-14 18:37:15.334   838   842 I RILC-MTK: RIL_CMD_PROXY_1 wakeup
05-14 18:37:15.334   838   842 I RILC-MTK: RIL_CMD_PROXY_1 sleep
05-14 18:37:15.334   838   850 I RILC-MTK: RIL_ATCI2_PROXY wakeup
05-14 18:37:15.334   838   850 I RILC-MTK: RIL_ATCI2_PROXY sleep
05-14 18:37:15.334   838   839 I RILC-MTK: RIL_URC_PROXY wakeup
05-14 18:37:15.334   838   839 I RILC-MTK: RIL_URC_PROXY sleep
05-14 18:37:15.334   838   848 I RILC-MTK: RIL_CMD2_PROXY_1 wakeup
05-14 18:37:15.334   838   844 I RILC-MTK: RIL_ATCI_PROXY wakeup
05-14 18:37:15.334   838   848 I RILC-MTK: RIL_CMD2_PROXY_1 sleep
05-14 18:37:15.334   838   849 I RILC-MTK: RIL_CMD2_PROXY_4 wakeup
05-14 18:37:15.334   838   849 I RILC-MTK: RIL_CMD2_PROXY_4 sleep
05-14 18:37:15.334   838   841 I RILC-MTK: RIL_CMD_PROXY_2 wakeup
05-14 18:37:15.334   838   841 I RILC-MTK: RIL_CMD_PROXY_2 sleep
05-14 18:37:15.334   838   845 I RILC-MTK: RIL_URC2_PROXY wakeup
05-14 18:37:15.334   838   846 I RILC-MTK: RIL_CMD2_PROXY_3 wakeup
05-14 18:37:15.334   838   845 I RILC-MTK: RIL_URC2_PROXY sleep
05-14 18:37:15.334   838   840 I RILC-MTK: RIL_CMD_PROXY_3 wakeup
05-14 18:37:15.334   838   843 I RILC-MTK: RIL_CMD_PROXY_4 wakeup
05-14 18:37:15.334   838   843 I RILC-MTK: RIL_CMD_PROXY_4 sleep
05-14 18:37:15.335   838   840 I AT      : AT write start
05-14 18:37:15.335   838   847 I RILC-MTK: RIL_CMD2_PROXY_2 wakeup
05-14 18:37:15.335   785   828 I use-Rlog/RLOG-RILMUXD: [gsm0710muxd] 3572:poll_thread(): poll_thread select found
05-14 18:37:15.335   838   847 I RILC-MTK: RIL_CMD2_PROXY_2 sleep
05-14 18:37:15.335   838   846 I RILC-MTK: RIL_CMD2_PROXY_3 sleep
05-14 18:37:15.335   785   828 I use-Rlog/RLOG-RILMUXD: [gsm0710muxd] 1013:pseudo_device_read(): Enter, LackofAtciChannel=0
05-14 18:37:15.335   785   828 I use-Rlog/RLOG-RILMUXD: [gsm0710muxd] 628:write_frame(): Sending frame to channel 3
05-14 18:37:15.335   838   844 I RILC-MTK: RIL_ATCI_PROXY sleep
05-14 18:37:15.336   838   851 I RILC-MTK: create request 61: pRequest=0x7f7a41a660, pRI=0x7f7a41b400, p=0x7f7a44a380, pUCI=0x0
05-14 18:37:15.337   838   841 I RILC-MTK: RIL_CMD_PROXY_2 wakeup
05-14 18:37:15.337   838   849 I RILC-MTK: RIL_CMD2_PROXY_4 wakeup
05-14 18:37:15.337   838   841 I RILC-MTK: RIL_CMD_PROXY_2 sleep
05-14 18:37:15.337   838   843 I RILC-MTK: RIL_CMD_PROXY_4 wakeup
05-14 18:37:15.337   838   843 I RILC-MTK: RIL_CMD_PROXY_4 sleep
05-14 18:37:15.337   838   845 I RILC-MTK: RIL_URC2_PROXY wakeup
05-14 18:37:15.337   838   845 I RILC-MTK: RIL_URC2_PROXY sleep
05-14 18:37:15.337   838   848 I RILC-MTK: RIL_CMD2_PROXY_1 wakeup
05-14 18:37:15.337   838   844 I RILC-MTK: RIL_ATCI_PROXY wakeup
05-14 18:37:15.337   838   848 I RILC-MTK: RIL_CMD2_PROXY_1 sleep
05-14 18:37:15.337   838   847 I RILC-MTK: RIL_CMD2_PROXY_2 wakeup
05-14 18:37:15.337   838   847 I RILC-MTK: RIL_CMD2_PROXY_2 sleep
05-14 18:37:15.337   838   839 I RILC-MTK: RIL_URC_PROXY wakeup
05-14 18:37:15.337   838   839 I RILC-MTK: RIL_URC_PROXY sleep
05-14 18:37:15.337   838   846 I RILC-MTK: RIL_CMD2_PROXY_3 wakeup
05-14 18:37:15.337   838   846 I AT      : AT write start
05-14 18:37:15.337   785   834 I use-Rlog/RLOG-RILMUXD: [gsm0710muxd] 3572:poll_thread(): poll_thread select found
05-14 18:37:15.337   785   834 I use-Rlog/RLOG-RILMUXD: [gsm0710muxd] 1013:pseudo_device_read(): Enter, LackofAtciChannel=0
05-14 18:37:15.337   838   842 I RILC-MTK: RIL_CMD_PROXY_1 wakeup
05-14 18:37:15.337   838   842 I RILC-MTK: RIL_CMD_PROXY_1 sleep
05-14 18:37:15.337   838   850 I RILC-MTK: RIL_ATCI2_PROXY wakeup
05-14 18:37:15.337   838   850 I RILC-MTK: RIL_ATCI2_PROXY sleep
05-14 18:37:15.337   838   849 I RILC-MTK: RIL_CMD2_PROXY_4 sleep
05-14 18:37:15.337   838   844 I RILC-MTK: RIL_ATCI_PROXY sleep
05-14 18:37:15.348   838   851 I RILC-MTK: create request 22: pRequest=0x7f7a41a760, pRI=0x7f7a41b520, p=0x7f7a44a620, pUCI=0x0
05-14 18:37:15.348   838   844 I RILC-MTK: RIL_ATCI_PROXY wakeup
05-14 18:37:15.348   838   844 I RILC-MTK: RIL_ATCI_PROXY sleep
05-14 18:37:15.348   838   841 I RILC-MTK: RIL_CMD_PROXY_2 wakeup
05-14 18:37:15.348   838   841 I RILC-MTK: RIL_CMD_PROXY_2 sleep
05-14 18:37:15.348   838   843 I RILC-MTK: RIL_CMD_PROXY_4 wakeup
05-14 18:37:15.348   838   843 I RILC-MTK: RIL_CMD_PROXY_4 sleep
05-14 18:37:15.348   838   845 I RILC-MTK: RIL_URC2_PROXY wakeup
05-14 18:37:15.348   838   845 I RILC-MTK: RIL_URC2_PROXY sleep
05-14 18:37:15.348   838   848 I RILC-MTK: RIL_CMD2_PROXY_1 wakeup
05-14 18:37:15.348   838   848 I RILC-MTK: RIL_CMD2_PROXY_1 sleep
05-14 18:37:15.348   838   847 I RILC-MTK: RIL_CMD2_PROXY_2 wakeup
05-14 18:37:15.348   838   847 I RILC-MTK: RIL_CMD2_PROXY_2 sleep
05-14 18:37:15.348   838   839 I RILC-MTK: RIL_URC_PROXY wakeup
05-14 18:37:15.348   838   839 I RILC-MTK: RIL_URC_PROXY sleep
05-14 18:37:15.348   838   842 I RILC-MTK: RIL_CMD_PROXY_1 wakeup
05-14 18:37:15.348   838   842 I RILC-MTK: RIL_CMD_PROXY_1 sleep
05-14 18:37:15.348   838   850 I RILC-MTK: RIL_ATCI2_PROXY wakeup
05-14 18:37:15.348   838   850 I RILC-MTK: RIL_ATCI2_PROXY sleep
05-14 18:37:15.348   838   849 I RILC-MTK: RIL_CMD2_PROXY_4 wakeup
05-14 18:37:15.348   838   849 I RILC-MTK: RIL_CMD2_PROXY_4 sleep
05-14 18:37:15.348   838   851 I RILC-MTK: create request 21: pRequest=0x7f7a41a2e0, pRI=0x7f7a41b5b0, p=0x7f7a44ace0, pUCI=0x0
05-14 18:37:15.348   838   851 I RILC-MTK: create request 20: pRequest=0x7f7a41a4e0, pRI=0x7f7a41b850, p=0x7f7a44af80, pUCI=0x0
05-14 18:37:15.349   785   828 I use-Rlog/RLOG-RILMUXD: [gsm0710muxd] 734:write_frame(): Write a frame on channel 3 with length 10
05-14 18:37:15.349   838   851 I RILC-MTK: create request 45: pRequest=0x7f7a41a620, pRI=0x7f7a41b880, p=0x7f7a44afe0, pUCI=0x0
05-14 18:37:15.350   785   834 I use-Rlog/RLOG-RILMUXD: [gsm0710muxd] 628:write_frame(): Sending frame to channel 8
05-14 18:37:15.350   785   834 I use-Rlog/RLOG-RILMUXD: [gsm0710muxd] 734:write_frame(): Write a frame on channel 8 with length 10
05-14 18:37:15.351   785   824 I use-Rlog/RLOG-RILMUXD: [gsm0710muxd] 1611:gsm0710_base_buffer_get_frame(): Get a complete frame. ch:2, ctrl:239, len:36
05-14 18:37:15.351   785   824 I use-Rlog/RLOG-RILMUXD: [gsm0710muxd] 2351:extract_frames(): Writing 36 byte frame received on channel 2 to /dev/pts/1
05-14 18:37:15.351   785   824 I use-Rlog/RLOG-RILMUXD: [gsm0710muxd] 2370:extract_frames(): write() returned. Written 36/36 bytes of frame to /dev/pts/1
05-14 18:37:15.351   838   854 I AT      : AT read end: 36:Bad file number
05-14 18:37:15.351   838   854 I RILC    : RIL_SOCKET_1 UNSOLICITED: UNSOL_RESPONSE_VOICE_NETWORK_STATE_CHANGED length:68
05-14 18:37:15.351   838   854 E RILC    : Send Response to RIL_SOCKET_1
05-14 18:37:15.351   838   854 I AT      : AT read start
05-14 18:37:15.351   785   824 I use-Rlog/RLOG-RILMUXD: [gsm0710muxd] 1611:gsm0710_base_buffer_get_frame(): Get a complete frame. ch:3, ctrl:239, len:6
05-14 18:37:15.351   785   824 I use-Rlog/RLOG-RILMUXD: [gsm0710muxd] 2351:extract_frames(): Writing 6 byte frame received on channel 3 to /dev/pts/2
05-14 18:37:15.351   785   824 I use-Rlog/RLOG-RILMUXD: [gsm0710muxd] 2370:extract_frames(): write() returned. Written 6/6 bytes of frame to /dev/pts/2
05-14 18:37:15.351   838   855 I AT      : AT read end: 6:Success
05-14 18:37:15.351   838   855 I AT      : AT read start
05-14 18:37:15.352   838   840 I AT      : AT write start
05-14 18:37:15.352   785   828 I use-Rlog/RLOG-RILMUXD: [gsm0710muxd] 3572:poll_thread(): poll_thread select found
05-14 18:37:15.352   785   828 I use-Rlog/RLOG-RILMUXD: [gsm0710muxd] 1013:pseudo_device_read(): Enter, LackofAtciChannel=0
05-14 18:37:15.352   785   828 I use-Rlog/RLOG-RILMUXD: [gsm0710muxd] 628:write_frame(): Sending frame to channel 3
05-14 18:37:15.352   785   828 I use-Rlog/RLOG-RILMUXD: [gsm0710muxd] 734:write_frame(): Write a frame on channel 3 with length 11
05-14 18:37:15.352   785   824 I use-Rlog/RLOG-RILMUXD: [gsm0710muxd] 1611:gsm0710_base_buffer_get_frame(): Get a complete frame. ch:7, ctrl:239, len:36
05-14 18:37:15.352   785   824 I use-Rlog/RLOG-RILMUXD: [gsm0710muxd] 2351:extract_frames(): Writing 36 byte frame received on channel 7 to /dev/pts/7
05-14 18:37:15.352   785   824 I use-Rlog/RLOG-RILMUXD: [gsm0710muxd] 2370:extract_frames(): write() returned. Written 36/36 bytes of frame to /dev/pts/7
05-14 18:37:15.352   785   824 I use-Rlog/RLOG-RILMUXD: [gsm0710muxd] 1611:gsm0710_base_buffer_get_frame(): Get a complete frame. ch:8, ctrl:239, len:6
05-14 18:37:15.352   785   824 I use-Rlog/RLOG-RILMUXD: [gsm0710muxd] 2351:extract_frames(): Writing 6 byte frame received on channel 8 to /dev/pts/8
05-14 18:37:15.352   785   824 I use-Rlog/RLOG-RILMUXD: [gsm0710muxd] 2370:extract_frames(): write() returned. Written 6/6 bytes of frame to /dev/pts/8
05-14 18:37:15.352   838   860 I AT      : AT read end: 36:Bad file number
05-14 18:37:15.353   838   861 I AT      : AT read end: 6:Success
05-14 18:37:15.353   838   861 I AT      : AT read start
05-14 18:37:15.353   838   846 I AT      : AT write start
05-14 18:37:15.353   838   860 I RILC    : RIL_SOCKET_2 UNSOLICITED: UNSOL_RESPONSE_VOICE_NETWORK_STATE_CHANGED length:64
05-14 18:37:15.353   838   860 E RILC    : Send Response to RIL_SOCKET_2
05-14 18:37:15.353   838   860 I AT      : AT read start
05-14 18:37:15.353   785   824 I use-Rlog/RLOG-RILMUXD: [gsm0710muxd] 1611:gsm0710_base_buffer_get_frame(): Get a complete frame. ch:3, ctrl:239, len:6
05-14 18:37:15.353   785   834 I use-Rlog/RLOG-RILMUXD: [gsm0710muxd] 3572:poll_thread(): poll_thread select found
05-14 18:37:15.353   785   834 I use-Rlog/RLOG-RILMUXD: [gsm0710muxd] 1013:pseudo_device_read(): Enter, LackofAtciChannel=0
05-14 18:37:15.353   785   824 I use-Rlog/RLOG-RILMUXD: [gsm0710muxd] 2351:extract_frames(): Writing 6 byte frame received on channel 3 to /dev/pts/2
05-14 18:37:15.353   785   834 I use-Rlog/RLOG-RILMUXD: [gsm0710muxd] 628:write_frame(): Sending frame to channel 8
05-14 18:37:15.353   785   824 I use-Rlog/RLOG-RILMUXD: [gsm0710muxd] 2370:extract_frames(): write() returned. Written 6/6 bytes of frame to /dev/pts/2
05-14 18:37:15.353   838   855 I AT      : AT read end: 6:Success
05-14 18:37:15.353   838   855 I AT      : AT read start
05-14 18:37:15.353   838   840 I AT      : AT write start
05-14 18:37:15.353   785   828 I use-Rlog/RLOG-RILMUXD: [gsm0710muxd] 3572:poll_thread(): poll_thread select found
05-14 18:37:15.353   785   828 I use-Rlog/RLOG-RILMUXD: [gsm0710muxd] 1013:pseudo_device_read(): Enter, LackofAtciChannel=0
05-14 18:37:15.354   785   834 I use-Rlog/RLOG-RILMUXD: [gsm0710muxd] 734:write_frame(): Write a frame on channel 8 with length 11
05-14 18:37:15.354   785   828 I use-Rlog/RLOG-RILMUXD: [gsm0710muxd] 628:write_frame(): Sending frame to channel 3
05-14 18:37:15.354   785   828 I use-Rlog/RLOG-RILMUXD: [gsm0710muxd] 734:write_frame(): Write a frame on channel 3 with length 10
05-14 18:37:15.355  1696  1696 I use-Rlog/RLOG-GSM: clear dontUpdateNetworkStateFlag
05-14 18:37:15.356   785   824 I use-Rlog/RLOG-RILMUXD: [gsm0710muxd] 1611:gsm0710_base_buffer_get_frame(): Get a complete frame. ch:8, ctrl:239, len:6
05-14 18:37:15.356   785   824 I use-Rlog/RLOG-RILMUXD: [gsm0710muxd] 2351:extract_frames(): Writing 6 byte frame received on channel 8 to /dev/pts/8
05-14 18:37:15.356   785   824 I use-Rlog/RLOG-RILMUXD: [gsm0710muxd] 2370:extract_frames(): write() returned. Written 6/6 bytes of frame to /dev/pts/8
05-14 18:37:15.356   838   861 I AT      : AT read end: 6:Success
05-14 18:37:15.356   838   861 I AT      : AT read start
05-14 18:37:15.356   785   824 I use-Rlog/RLOG-RILMUXD: [gsm0710muxd] 1611:gsm0710_base_buffer_get_frame(): Get a complete frame. ch:3, ctrl:239, len:6
05-14 18:37:15.356   785   824 I use-Rlog/RLOG-RILMUXD: [gsm0710muxd] 2351:extract_frames(): Writing 6 byte frame received on channel 3 to /dev/pts/2
05-14 18:37:15.356   785   824 I use-Rlog/RLOG-RILMUXD: [gsm0710muxd] 2370:extract_frames(): write() returned. Written 6/6 bytes of frame to /dev/pts/2
05-14 18:37:15.356   838   846 I AT      : AT write start
05-14 18:37:15.357   838   851 I RILC-MTK: create request 22: pRequest=0x7f7a41a7c0, pRI=0x7f7a41b8b0, p=0x7f7a44b040, pUCI=0x0
05-14 18:37:15.357   838   855 I AT      : AT read end: 6:Success
05-14 18:37:15.357   838   855 I AT      : AT read start
05-14 18:37:15.357   785   834 I use-Rlog/RLOG-RILMUXD: [gsm0710muxd] 3572:poll_thread(): poll_thread select found
05-14 18:37:15.357   785   834 I use-Rlog/RLOG-RILMUXD: [gsm0710muxd] 1013:pseudo_device_read(): Enter, LackofAtciChannel=0
05-14 18:37:15.357   785   834 I use-Rlog/RLOG-RILMUXD: [gsm0710muxd] 628:write_frame(): Sending frame to channel 8
05-14 18:37:15.357   838   840 I AT      : AT write start
05-14 18:37:15.357   838   851 I RILC-MTK: create request 21: pRequest=0x7f7a41a900, pRI=0x7f7a41b910, p=0x7f7a44b0a0, pUCI=0x0
05-14 18:37:15.357   785   828 I use-Rlog/RLOG-RILMUXD: [gsm0710muxd] 3572:poll_thread(): poll_thread select found
05-14 18:37:15.357   785   828 I use-Rlog/RLOG-RILMUXD: [gsm0710muxd] 1013:pseudo_device_read(): Enter, LackofAtciChannel=0
05-14 18:37:15.357   785   834 I use-Rlog/RLOG-RILMUXD: [gsm0710muxd] 734:write_frame(): Write a frame on channel 8 with length 10
05-14 18:37:15.357   785   828 I use-Rlog/RLOG-RILMUXD: [gsm0710muxd] 628:write_frame(): Sending frame to channel 3
05-14 18:37:15.357   785   828 I use-Rlog/RLOG-RILMUXD: [gsm0710muxd] 734:write_frame(): Write a frame on channel 3 with length 8
05-14 18:37:15.359  1696  1696 I use-Rlog/RLOG-GSM: clear dontUpdateNetworkStateFlag
05-14 18:37:15.359   785   824 I use-Rlog/RLOG-RILMUXD: [gsm0710muxd] 1611:gsm0710_base_buffer_get_frame(): Get a complete frame. ch:8, ctrl:239, len:6
05-14 18:37:15.359   785   824 I use-Rlog/RLOG-RILMUXD: [gsm0710muxd] 2351:extract_frames(): Writing 6 byte frame received on channel 8 to /dev/pts/8
05-14 18:37:15.359   785   824 I use-Rlog/RLOG-RILMUXD: [gsm0710muxd] 2370:extract_frames(): write() returned. Written 6/6 bytes of frame to /dev/pts/8
05-14 18:37:15.359   838   851 I RILC-MTK: create request 20: pRequest=0x7f7a41a920, pRI=0x7f7a41b940, p=0x7f7a44b100, pUCI=0x0
05-14 18:37:15.359   838   861 I AT      : AT read end: 6:Success
05-14 18:37:15.359   838   851 I RILC-MTK: create request 45: pRequest=0x7f7a41a940, pRI=0x7f7a41b9a0, p=0x7f7a44b220, pUCI=0x0
05-14 18:37:15.359   838   861 I AT      : AT read start
05-14 18:37:15.359   838   846 I AT      : AT write start
05-14 18:37:15.359   785   824 I use-Rlog/RLOG-RILMUXD: [gsm0710muxd] 1611:gsm0710_base_buffer_get_frame(): Get a complete frame. ch:3, ctrl:239, len:31
05-14 18:37:15.359   785   824 I use-Rlog/RLOG-RILMUXD: [gsm0710muxd] 2351:extract_frames(): Writing 31 byte frame received on channel 3 to /dev/pts/2
05-14 18:37:15.359   785   824 I use-Rlog/RLOG-RILMUXD: [gsm0710muxd] 2370:extract_frames(): write() returned. Written 31/31 bytes of frame to /dev/pts/2
05-14 18:37:15.359   785   824 I use-Rlog/RLOG-RILMUXD: [gsm0710muxd] 1611:gsm0710_base_buffer_get_frame(): Get a complete frame. ch:3, ctrl:239, len:6
05-14 18:37:15.359   785   824 I use-Rlog/RLOG-RILMUXD: [gsm0710muxd] 2351:extract_frames(): Writing 6 byte frame received on channel 3 to /dev/pts/2
05-14 18:37:15.360   785   824 I use-Rlog/RLOG-RILMUXD: [gsm0710muxd] 2370:extract_frames(): write() returned. Written 6/6 bytes of frame to /dev/pts/2
05-14 18:37:15.360   785   834 I use-Rlog/RLOG-RILMUXD: [gsm0710muxd] 3572:poll_thread(): poll_thread select found
05-14 18:37:15.360   785   834 I use-Rlog/RLOG-RILMUXD: [gsm0710muxd] 1013:pseudo_device_read(): Enter, LackofAtciChannel=0
05-14 18:37:15.360   785   834 I use-Rlog/RLOG-RILMUXD: [gsm0710muxd] 628:write_frame(): Sending frame to channel 8
05-14 18:37:15.360   785   834 I use-Rlog/RLOG-RILMUXD: [gsm0710muxd] 734:write_frame(): Write a frame on channel 8 with length 8
05-14 18:37:15.361   838   855 I AT      : AT read end: 37:Success
05-14 18:37:15.361   838   855 I AT      : AT read start
05-14 18:37:15.361   838   840 I RILC    : RIL_SOCKET_1 UNSOLICITED: UNSOL_SIGNAL_STRENGTH length:72
05-14 18:37:15.361   838   840 E RILC    : Send Response to RIL_SOCKET_1
05-14 18:37:15.361   785   824 I use-Rlog/RLOG-RILMUXD: [gsm0710muxd] 1611:gsm0710_base_buffer_get_frame(): Get a complete frame. ch:8, ctrl:239, len:30
05-14 18:37:15.362   785   824 I use-Rlog/RLOG-RILMUXD: [gsm0710muxd] 2351:extract_frames(): Writing 30 byte frame received on channel 8 to /dev/pts/8
05-14 18:37:15.362   785   824 I use-Rlog/RLOG-RILMUXD: [gsm0710muxd] 2370:extract_frames(): write() returned. Written 30/30 bytes of frame to /dev/pts/8
05-14 18:37:15.362   838   861 I AT      : AT read end: 30:Success
05-14 18:37:15.362   838   861 I AT      : AT read start
05-14 18:37:15.362   785   824 I use-Rlog/RLOG-RILMUXD: [gsm0710muxd] 1611:gsm0710_base_buffer_get_frame(): Get a complete frame. ch:8, ctrl:239, len:6
05-14 18:37:15.362   785   824 I use-Rlog/RLOG-RILMUXD: [gsm0710muxd] 2351:extract_frames(): Writing 6 byte frame received on channel 8 to /dev/pts/8
05-14 18:37:15.362   785   824 I use-Rlog/RLOG-RILMUXD: [gsm0710muxd] 2370:extract_frames(): write() returned. Written 6/6 bytes of frame to /dev/pts/8
05-14 18:37:15.362   838   840 I AT      : AT write start
05-14 18:37:15.363   785   828 I use-Rlog/RLOG-RILMUXD: [gsm0710muxd] 3572:poll_thread(): poll_thread select found
05-14 18:37:15.363   785   828 I use-Rlog/RLOG-RILMUXD: [gsm0710muxd] 1013:pseudo_device_read(): Enter, LackofAtciChannel=0
05-14 18:37:15.363   785   828 I use-Rlog/RLOG-RILMUXD: [gsm0710muxd] 628:write_frame(): Sending frame to channel 3
05-14 18:37:15.363   838   861 I AT      : AT read end: 6:Success
05-14 18:37:15.363   785   828 I use-Rlog/RLOG-RILMUXD: [gsm0710muxd] 734:write_frame(): Write a frame on channel 3 with length 14
05-14 18:37:15.363   838   861 I AT      : AT read start
05-14 18:37:15.364   838   846 E RIL     : Recevice an invalid value from modem for <rxlevel>
05-14 18:37:15.364   838   846 E RIL     : updateSignalStrength ERROR: -1
05-14 18:37:15.364   838   846 I AT      : AT write start
05-14 18:37:15.364   785   834 I use-Rlog/RLOG-RILMUXD: [gsm0710muxd] 3572:poll_thread(): poll_thread select found
05-14 18:37:15.364   785   834 I use-Rlog/RLOG-RILMUXD: [gsm0710muxd] 1013:pseudo_device_read(): Enter, LackofAtciChannel=0
05-14 18:37:15.364   785   834 I use-Rlog/RLOG-RILMUXD: [gsm0710muxd] 628:write_frame(): Sending frame to channel 8
05-14 18:37:15.364   785   834 I use-Rlog/RLOG-RILMUXD: [gsm0710muxd] 734:write_frame(): Write a frame on channel 8 with length 14
05-14 18:37:15.365   785   824 I use-Rlog/RLOG-RILMUXD: [gsm0710muxd] 1611:gsm0710_base_buffer_get_frame(): Get a complete frame. ch:3, ctrl:239, len:6
05-14 18:37:15.365   785   824 I use-Rlog/RLOG-RILMUXD: [gsm0710muxd] 2351:extract_frames(): Writing 6 byte frame received on channel 3 to /dev/pts/2
05-14 18:37:15.365   785   824 I use-Rlog/RLOG-RILMUXD: [gsm0710muxd] 2370:extract_frames(): write() returned. Written 6/6 bytes of frame to /dev/pts/2
05-14 18:37:15.365   838   855 I AT      : AT read end: 6:Success
05-14 18:37:15.365   838   855 I AT      : AT read start
05-14 18:37:15.365   838   840 I AT      : AT write start
05-14 18:37:15.365   785   828 I use-Rlog/RLOG-RILMUXD: [gsm0710muxd] 3572:poll_thread(): poll_thread select found
05-14 18:37:15.365   785   828 I use-Rlog/RLOG-RILMUXD: [gsm0710muxd] 1013:pseudo_device_read(): Enter, LackofAtciChannel=0
05-14 18:37:15.365   785   828 I use-Rlog/RLOG-RILMUXD: [gsm0710muxd] 628:write_frame(): Sending frame to channel 3
05-14 18:37:15.365   785   828 I use-Rlog/RLOG-RILMUXD: [gsm0710muxd] 734:write_frame(): Write a frame on channel 3 with length 11
05-14 18:37:15.365   785   824 I use-Rlog/RLOG-RILMUXD: [gsm0710muxd] 1611:gsm0710_base_buffer_get_frame(): Get a complete frame. ch:8, ctrl:239, len:6
05-14 18:37:15.365   785   824 I use-Rlog/RLOG-RILMUXD: [gsm0710muxd] 2351:extract_frames(): Writing 6 byte frame received on channel 8 to /dev/pts/8
05-14 18:37:15.366   785   824 I use-Rlog/RLOG-RILMUXD: [gsm0710muxd] 2370:extract_frames(): write() returned. Written 6/6 bytes of frame to /dev/pts/8
05-14 18:37:15.366   838   861 I AT      : AT read end: 6:Success
05-14 18:37:15.366   838   861 I AT      : AT read start
05-14 18:37:15.366   838   846 I AT      : AT write start
05-14 18:37:15.367   785   834 I use-Rlog/RLOG-RILMUXD: [gsm0710muxd] 3572:poll_thread(): poll_thread select found
05-14 18:37:15.367   785   834 I use-Rlog/RLOG-RILMUXD: [gsm0710muxd] 1013:pseudo_device_read(): Enter, LackofAtciChannel=0
05-14 18:37:15.368   785   834 I use-Rlog/RLOG-RILMUXD: [gsm0710muxd] 628:write_frame(): Sending frame to channel 8
05-14 18:37:15.368   785   834 I use-Rlog/RLOG-RILMUXD: [gsm0710muxd] 734:write_frame(): Write a frame on channel 8 with length 11
05-14 18:37:15.368   785   824 I use-Rlog/RLOG-RILMUXD: [gsm0710muxd] 1611:gsm0710_base_buffer_get_frame(): Get a complete frame. ch:3, ctrl:239, len:6
05-14 18:37:15.368   785   824 I use-Rlog/RLOG-RILMUXD: [gsm0710muxd] 2351:extract_frames(): Writing 6 byte frame received on channel 3 to /dev/pts/2
05-14 18:37:15.368   785   824 I use-Rlog/RLOG-RILMUXD: [gsm0710muxd] 2370:extract_frames(): write() returned. Written 6/6 bytes of frame to /dev/pts/2
05-14 18:37:15.368   838   855 I AT      : AT read end: 6:Success
05-14 18:37:15.368   838   855 I AT      : AT read start
05-14 18:37:15.368   838   840 E RILC    : Send Response to RIL_SOCKET_1
05-14 18:37:15.368   838   840 I AT      : AT write start
05-14 18:37:15.369   785   824 I use-Rlog/RLOG-RILMUXD: [gsm0710muxd] 1611:gsm0710_base_buffer_get_frame(): Get a complete frame. ch:8, ctrl:239, len:6
05-14 18:37:15.369   785   824 I use-Rlog/RLOG-RILMUXD: [gsm0710muxd] 2351:extract_frames(): Writing 6 byte frame received on channel 8 to /dev/pts/8
05-14 18:37:15.369   785   824 I use-Rlog/RLOG-RILMUXD: [gsm0710muxd] 2370:extract_frames(): write() returned. Written 6/6 bytes of frame to /dev/pts/8
05-14 18:37:15.369   785   828 I use-Rlog/RLOG-RILMUXD: [gsm0710muxd] 3572:poll_thread(): poll_thread select found
05-14 18:37:15.369   785   828 I use-Rlog/RLOG-RILMUXD: [gsm0710muxd] 1013:pseudo_device_read(): Enter, LackofAtciChannel=0
05-14 18:37:15.369   838   861 I AT      : AT read end: 6:Success
05-14 18:37:15.369   785   828 I use-Rlog/RLOG-RILMUXD: [gsm0710muxd] 628:write_frame(): Sending frame to channel 3
05-14 18:37:15.369   838   861 I AT      : AT read start
05-14 18:37:15.369   838   846 E RILC    : Send Response to RIL_SOCKET_2
05-14 18:37:15.369   785   828 I use-Rlog/RLOG-RILMUXD: [gsm0710muxd] 734:write_frame(): Write a frame on channel 3 with length 9
05-14 18:37:15.369   838   846 I RILC-MTK: RIL_CMD2_PROXY_3 sleep
05-14 18:37:15.371   785   824 I use-Rlog/RLOG-RILMUXD: [gsm0710muxd] 1611:gsm0710_base_buffer_get_frame(): Get a complete frame. ch:3, ctrl:239, len:12
05-14 18:37:15.371   785   824 I use-Rlog/RLOG-RILMUXD: [gsm0710muxd] 2351:extract_frames(): Writing 12 byte frame received on channel 3 to /dev/pts/2
05-14 18:37:15.371   785   824 I use-Rlog/RLOG-RILMUXD: [gsm0710muxd] 2370:extract_frames(): write() returned. Written 12/12 bytes of frame to /dev/pts/2
05-14 18:37:15.371   838   855 I AT      : AT read end: 12:Success
05-14 18:37:15.371   838   855 I AT      : AT read start
05-14 18:37:15.371   785   824 I use-Rlog/RLOG-RILMUXD: [gsm0710muxd] 1611:gsm0710_base_buffer_get_frame(): Get a complete frame. ch:3, ctrl:239, len:6
05-14 18:37:15.371   785   824 I use-Rlog/RLOG-RILMUXD: [gsm0710muxd] 2351:extract_frames(): Writing 6 byte frame received on channel 3 to /dev/pts/2
05-14 18:37:15.371   785   824 I use-Rlog/RLOG-RILMUXD: [gsm0710muxd] 2370:extract_frames(): write() returned. Written 6/6 bytes of frame to /dev/pts/2
05-14 18:37:15.371   838   855 I AT      : AT read end: 6:Success
05-14 18:37:15.372   838   855 I AT      : AT read start
05-14 18:37:15.372   838   840 I AT      : AT write start
05-14 18:37:15.372  1696  1696 W SignalStrength: SignalStrength get plugin
05-14 18:37:15.372  1696  1696 I use-Rlog/RLOG-GSM: getLTELevel - rsrp:2147483647 snr:2147483647 rsrpIconLevel:-1 snrIconLevel:-1
05-14 18:37:15.372  1696  1696 I use-Rlog/RLOG-GSM: getLTELevel - rssi:99 rssiIconLevel:0
05-14 18:37:15.372   785   828 I use-Rlog/RLOG-RILMUXD: [gsm0710muxd] 3572:poll_thread(): poll_thread select found
05-14 18:37:15.372  1696  1696 W SignalStrength: SignalStrength get plugin
05-14 18:37:15.372   785   828 I use-Rlog/RLOG-RILMUXD: [gsm0710muxd] 1013:pseudo_device_read(): Enter, LackofAtciChannel=0
05-14 18:37:15.372  1696  1696 I use-Rlog/RLOG-GSM: getGsmLevel - asu:28 level:5
05-14 18:37:15.372   785   828 I use-Rlog/RLOG-RILMUXD: [gsm0710muxd] 628:write_frame(): Sending frame to channel 3
05-14 18:37:15.372   785   828 I use-Rlog/RLOG-RILMUXD: [gsm0710muxd] 734:write_frame(): Write a frame on channel 3 with length 9
05-14 18:37:15.373   785   824 I use-Rlog/RLOG-RILMUXD: [gsm0710muxd] 1611:gsm0710_base_buffer_get_frame(): Get a complete frame. ch:3, ctrl:239, len:24
05-14 18:37:15.373   785   824 I use-Rlog/RLOG-RILMUXD: [gsm0710muxd] 2351:extract_frames(): Writing 24 byte frame received on channel 3 to /dev/pts/2
05-14 18:37:15.373   785   824 I use-Rlog/RLOG-RILMUXD: [gsm0710muxd] 2370:extract_frames(): write() returned. Written 24/24 bytes of frame to /dev/pts/2
05-14 18:37:15.373   838   855 I AT      : AT read end: 24:Success
05-14 18:37:15.373   838   855 I AT      : AT read start
05-14 18:37:15.373   785   824 I use-Rlog/RLOG-RILMUXD: [gsm0710muxd] 1611:gsm0710_base_buffer_get_frame(): Get a complete frame. ch:3, ctrl:239, len:6
05-14 18:37:15.373   785   824 I use-Rlog/RLOG-RILMUXD: [gsm0710muxd] 2351:extract_frames(): Writing 6 byte frame received on channel 3 to /dev/pts/2
05-14 18:37:15.373   785   824 I use-Rlog/RLOG-RILMUXD: [gsm0710muxd] 2370:extract_frames(): write() returned. Written 6/6 bytes of frame to /dev/pts/2
05-14 18:37:15.374   838   855 I AT      : AT read end: 6:Success
05-14 18:37:15.374   838   855 I AT      : AT read start
05-14 18:37:15.374   838   840 E RILC    : Send Response to RIL_SOCKET_1
05-14 18:37:15.374   838   840 I AT      : AT write start
05-14 18:37:15.374   785   828 I use-Rlog/RLOG-RILMUXD: [gsm0710muxd] 3572:poll_thread(): poll_thread select found
05-14 18:37:15.374   785   828 I use-Rlog/RLOG-RILMUXD: [gsm0710muxd] 1013:pseudo_device_read(): Enter, LackofAtciChannel=0
05-14 18:37:15.374   785   828 I use-Rlog/RLOG-RILMUXD: [gsm0710muxd] 628:write_frame(): Sending frame to channel 3
05-14 18:37:15.374   785   828 I use-Rlog/RLOG-RILMUXD: [gsm0710muxd] 734:write_frame(): Write a frame on channel 3 with length 10
05-14 18:37:15.375   785   824 I use-Rlog/RLOG-RILMUXD: [gsm0710muxd] 1611:gsm0710_base_buffer_get_frame(): Get a complete frame. ch:3, ctrl:239, len:15
05-14 18:37:15.375   785   824 I use-Rlog/RLOG-RILMUXD: [gsm0710muxd] 2351:extract_frames(): Writing 15 byte frame received on channel 3 to /dev/pts/2
05-14 18:37:15.375   785   824 I use-Rlog/RLOG-RILMUXD: [gsm0710muxd] 2370:extract_frames(): write() returned. Written 15/15 bytes of frame to /dev/pts/2
05-14 18:37:15.375   838   855 I AT      : AT read end: 15:Success
05-14 18:37:15.375   838   855 I AT      : AT read start
05-14 18:37:15.375   785   824 I use-Rlog/RLOG-RILMUXD: [gsm0710muxd] 1611:gsm0710_base_buffer_get_frame(): Get a complete frame. ch:3, ctrl:239, len:6
05-14 18:37:15.375   785   824 I use-Rlog/RLOG-RILMUXD: [gsm0710muxd] 2351:extract_frames(): Writing 6 byte frame received on channel 3 to /dev/pts/2
05-14 18:37:15.375   785   824 I use-Rlog/RLOG-RILMUXD: [gsm0710muxd] 2370:extract_frames(): write() returned. Written 6/6 bytes of frame to /dev/pts/2
05-14 18:37:15.376   838   855 I AT      : AT read end: 6:Success
05-14 18:37:15.376   838   855 I AT      : AT read start
05-14 18:37:15.376   838   840 E RIL     : it is short CREG CGREG
05-14 18:37:15.376   838   840 E RIL     : rid: 0
05-14 18:37:15.376   838   840 E RILC    : Send Response to RIL_SOCKET_1
05-14 18:37:15.376   838   840 I AT      : AT write start
05-14 18:37:15.376   785   828 I use-Rlog/RLOG-RILMUXD: [gsm0710muxd] 3572:poll_thread(): poll_thread select found
05-14 18:37:15.376   785   828 I use-Rlog/RLOG-RILMUXD: [gsm0710muxd] 1013:pseudo_device_read(): Enter, LackofAtciChannel=0
05-14 18:37:15.376   785   828 I use-Rlog/RLOG-RILMUXD: [gsm0710muxd] 628:write_frame(): Sending frame to channel 3
05-14 18:37:15.376   785   828 I use-Rlog/RLOG-RILMUXD: [gsm0710muxd] 734:write_frame(): Write a frame on channel 3 with length 9
05-14 18:37:15.377   785   824 I use-Rlog/RLOG-RILMUXD: [gsm0710muxd] 1611:gsm0710_base_buffer_get_frame(): Get a complete frame. ch:3, ctrl:239, len:38
05-14 18:37:15.377   785   824 I use-Rlog/RLOG-RILMUXD: [gsm0710muxd] 2351:extract_frames(): Writing 38 byte frame received on channel 3 to /dev/pts/2
05-14 18:37:15.377   785   824 I use-Rlog/RLOG-RILMUXD: [gsm0710muxd] 2370:extract_frames(): write() returned. Written 38/38 bytes of frame to /dev/pts/2
05-14 18:37:15.377   838   855 I AT      : AT read end: 38:Success
05-14 18:37:15.377   838   855 I AT      : AT read start
05-14 18:37:15.377   785   824 I use-Rlog/RLOG-RILMUXD: [gsm0710muxd] 1611:gsm0710_base_buffer_get_frame(): Get a complete frame. ch:3, ctrl:239, len:6
05-14 18:37:15.378   785   824 I use-Rlog/RLOG-RILMUXD: [gsm0710muxd] 2351:extract_frames(): Writing 6 byte frame received on channel 3 to /dev/pts/2
05-14 18:37:15.378   785   824 I use-Rlog/RLOG-RILMUXD: [gsm0710muxd] 2370:extract_frames(): write() returned. Written 6/6 bytes of frame to /dev/pts/2
05-14 18:37:15.378   838   855 I AT      : AT read end: 6:Success
05-14 18:37:15.378   838   855 I AT      : AT read start
05-14 18:37:15.378   838   840 E RIL     : it is short CREG CGREG
05-14 18:37:15.378   838   840 E RIL     : rid: 0
05-14 18:37:15.378   838   840 E RILC    : Send Response to RIL_SOCKET_1
05-14 18:37:15.378   838   840 I AT      : AT write start
05-14 18:37:15.378   785   828 I use-Rlog/RLOG-RILMUXD: [gsm0710muxd] 3572:poll_thread(): poll_thread select found
05-14 18:37:15.378   785   828 I use-Rlog/RLOG-RILMUXD: [gsm0710muxd] 1013:pseudo_device_read(): Enter, LackofAtciChannel=0
05-14 18:37:15.378   785   828 I use-Rlog/RLOG-RILMUXD: [gsm0710muxd] 628:write_frame(): Sending frame to channel 3
05-14 18:37:15.378   785   828 I use-Rlog/RLOG-RILMUXD: [gsm0710muxd] 734:write_frame(): Write a frame on channel 3 with length 9
05-14 18:37:15.379   785   824 I use-Rlog/RLOG-RILMUXD: [gsm0710muxd] 1611:gsm0710_base_buffer_get_frame(): Get a complete frame. ch:3, ctrl:239, len:12
05-14 18:37:15.379   785   824 I use-Rlog/RLOG-RILMUXD: [gsm0710muxd] 2351:extract_frames(): Writing 12 byte frame received on channel 3 to /dev/pts/2
05-14 18:37:15.379   785   824 I use-Rlog/RLOG-RILMUXD: [gsm0710muxd] 2370:extract_frames(): write() returned. Written 12/12 bytes of frame to /dev/pts/2
05-14 18:37:15.379   838   855 I AT      : AT read end: 12:Success
05-14 18:37:15.379   838   855 I AT      : AT read start
05-14 18:37:15.380   785   824 I use-Rlog/RLOG-RILMUXD: [gsm0710muxd] 1611:gsm0710_base_buffer_get_frame(): Get a complete frame. ch:3, ctrl:239, len:6
05-14 18:37:15.380   785   824 I use-Rlog/RLOG-RILMUXD: [gsm0710muxd] 2351:extract_frames(): Writing 6 byte frame received on channel 3 to /dev/pts/2
05-14 18:37:15.380   785   824 I use-Rlog/RLOG-RILMUXD: [gsm0710muxd] 2370:extract_frames(): write() returned. Written 6/6 bytes of frame to /dev/pts/2
05-14 18:37:15.380   838   855 I AT      : AT read end: 6:Success
05-14 18:37:15.380   838   855 I AT      : AT read start
05-14 18:37:15.380   838   840 E RILC    : Send Response to RIL_SOCKET_1
05-14 18:37:15.380   838   840 I AT      : AT write start
05-14 18:37:15.380   785   828 I use-Rlog/RLOG-RILMUXD: [gsm0710muxd] 3572:poll_thread(): poll_thread select found
05-14 18:37:15.380   785   828 I use-Rlog/RLOG-RILMUXD: [gsm0710muxd] 1013:pseudo_device_read(): Enter, LackofAtciChannel=0
05-14 18:37:15.380   785   828 I use-Rlog/RLOG-RILMUXD: [gsm0710muxd] 628:write_frame(): Sending frame to channel 3
05-14 18:37:15.380   785   828 I use-Rlog/RLOG-RILMUXD: [gsm0710muxd] 734:write_frame(): Write a frame on channel 3 with length 9
05-14 18:37:15.381   785   824 I use-Rlog/RLOG-RILMUXD: [gsm0710muxd] 1611:gsm0710_base_buffer_get_frame(): Get a complete frame. ch:3, ctrl:239, len:12
05-14 18:37:15.381   785   824 I use-Rlog/RLOG-RILMUXD: [gsm0710muxd] 2351:extract_frames(): Writing 12 byte frame received on channel 3 to /dev/pts/2
05-14 18:37:15.381   785   824 I use-Rlog/RLOG-RILMUXD: [gsm0710muxd] 2370:extract_frames(): write() returned. Written 12/12 bytes of frame to /dev/pts/2
05-14 18:37:15.381   838   855 I AT      : AT read end: 12:Success
05-14 18:37:15.381   838   855 I AT      : AT read start
05-14 18:37:15.382   785   824 I use-Rlog/RLOG-RILMUXD: [gsm0710muxd] 1611:gsm0710_base_buffer_get_frame(): Get a complete frame. ch:3, ctrl:239, len:6
05-14 18:37:15.382   785   824 I use-Rlog/RLOG-RILMUXD: [gsm0710muxd] 2351:extract_frames(): Writing 6 byte frame received on channel 3 to /dev/pts/2
05-14 18:37:15.382   785   824 I use-Rlog/RLOG-RILMUXD: [gsm0710muxd] 2370:extract_frames(): write() returned. Written 6/6 bytes of frame to /dev/pts/2
05-14 18:37:15.382   838   855 I AT      : AT read end: 6:Success
05-14 18:37:15.382   838   855 I AT      : AT read start
05-14 18:37:15.382   838   840 I AT      : AT write start
05-14 18:37:15.382   785   828 I use-Rlog/RLOG-RILMUXD: [gsm0710muxd] 3572:poll_thread(): poll_thread select found
05-14 18:37:15.382   785   828 I use-Rlog/RLOG-RILMUXD: [gsm0710muxd] 1013:pseudo_device_read(): Enter, LackofAtciChannel=0
05-14 18:37:15.382   785   828 I use-Rlog/RLOG-RILMUXD: [gsm0710muxd] 628:write_frame(): Sending frame to channel 3
05-14 18:37:15.382   785   828 I use-Rlog/RLOG-RILMUXD: [gsm0710muxd] 734:write_frame(): Write a frame on channel 3 with length 9
05-14 18:37:15.383   785   824 I use-Rlog/RLOG-RILMUXD: [gsm0710muxd] 1611:gsm0710_base_buffer_get_frame(): Get a complete frame. ch:3, ctrl:239, len:24
05-14 18:37:15.383   785   824 I use-Rlog/RLOG-RILMUXD: [gsm0710muxd] 2351:extract_frames(): Writing 24 byte frame received on channel 3 to /dev/pts/2
05-14 18:37:15.383   785   824 I use-Rlog/RLOG-RILMUXD: [gsm0710muxd] 2370:extract_frames(): write() returned. Written 24/24 bytes of frame to /dev/pts/2
05-14 18:37:15.383   838   855 I AT      : AT read end: 24:Success
05-14 18:37:15.383   838   855 I AT      : AT read start
05-14 18:37:15.384   785   824 I use-Rlog/RLOG-RILMUXD: [gsm0710muxd] 1611:gsm0710_base_buffer_get_frame(): Get a complete frame. ch:3, ctrl:239, len:6
05-14 18:37:15.384   785   824 I use-Rlog/RLOG-RILMUXD: [gsm0710muxd] 2351:extract_frames(): Writing 6 byte frame received on channel 3 to /dev/pts/2
05-14 18:37:15.384   785   824 I use-Rlog/RLOG-RILMUXD: [gsm0710muxd] 2370:extract_frames(): write() returned. Written 6/6 bytes of frame to /dev/pts/2
05-14 18:37:15.384   838   855 I AT      : AT read end: 6:Success
05-14 18:37:15.384   838   855 I AT      : AT read start
05-14 18:37:15.384   838   840 E RILC    : Send Response to RIL_SOCKET_1
05-14 18:37:15.384   838   840 I AT      : AT write start
05-14 18:37:15.384   785   828 I use-Rlog/RLOG-RILMUXD: [gsm0710muxd] 3572:poll_thread(): poll_thread select found
05-14 18:37:15.384   785   828 I use-Rlog/RLOG-RILMUXD: [gsm0710muxd] 1013:pseudo_device_read(): Enter, LackofAtciChannel=0
05-14 18:37:15.384   785   828 I use-Rlog/RLOG-RILMUXD: [gsm0710muxd] 628:write_frame(): Sending frame to channel 3
05-14 18:37:15.384   785   828 I use-Rlog/RLOG-RILMUXD: [gsm0710muxd] 734:write_frame(): Write a frame on channel 3 with length 10
05-14 18:37:15.385   785   824 I use-Rlog/RLOG-RILMUXD: [gsm0710muxd] 1611:gsm0710_base_buffer_get_frame(): Get a complete frame. ch:3, ctrl:239, len:15
05-14 18:37:15.385   785   824 I use-Rlog/RLOG-RILMUXD: [gsm0710muxd] 2351:extract_frames(): Writing 15 byte frame received on channel 3 to /dev/pts/2
05-14 18:37:15.385   785   824 I use-Rlog/RLOG-RILMUXD: [gsm0710muxd] 2370:extract_frames(): write() returned. Written 15/15 bytes of frame to /dev/pts/2
05-14 18:37:15.385   838   855 I AT      : AT read end: 15:Success
05-14 18:37:15.385   838   855 I AT      : AT read start
05-14 18:37:15.386   785   824 I use-Rlog/RLOG-RILMUXD: [gsm0710muxd] 1611:gsm0710_base_buffer_get_frame(): Get a complete frame. ch:3, ctrl:239, len:6
05-14 18:37:15.386   785   824 I use-Rlog/RLOG-RILMUXD: [gsm0710muxd] 2351:extract_frames(): Writing 6 byte frame received on channel 3 to /dev/pts/2
05-14 18:37:15.386   785   824 I use-Rlog/RLOG-RILMUXD: [gsm0710muxd] 2370:extract_frames(): write() returned. Written 6/6 bytes of frame to /dev/pts/2
05-14 18:37:15.386   838   855 I AT      : AT read end: 6:Success
05-14 18:37:15.386   838   855 I AT      : AT read start
05-14 18:37:15.387   838   840 E RIL     : it is short CREG CGREG
05-14 18:37:15.387   838   840 E RIL     : rid: 0
05-14 18:37:15.387   838   840 E RILC    : Send Response to RIL_SOCKET_1
05-14 18:37:15.387   838   840 I AT      : AT write start
05-14 18:37:15.387   785   828 I use-Rlog/RLOG-RILMUXD: [gsm0710muxd] 3572:poll_thread(): poll_thread select found
05-14 18:37:15.387   785   828 I use-Rlog/RLOG-RILMUXD: [gsm0710muxd] 1013:pseudo_device_read(): Enter, LackofAtciChannel=0
05-14 18:37:15.387   785   828 I use-Rlog/RLOG-RILMUXD: [gsm0710muxd] 628:write_frame(): Sending frame to channel 3
05-14 18:37:15.387   785   828 I use-Rlog/RLOG-RILMUXD: [gsm0710muxd] 734:write_frame(): Write a frame on channel 3 with length 9
05-14 18:37:15.388   788   807 W SignalStrength: SignalStrength get plugin
05-14 18:37:15.388   788   807 I use-Rlog/RLOG-GSM: getLTELevel - rsrp:2147483647 snr:2147483647 rsrpIconLevel:-1 snrIconLevel:-1
05-14 18:37:15.388   788   807 I use-Rlog/RLOG-GSM: getLTELevel - rssi:99 rssiIconLevel:0
05-14 18:37:15.388   788   807 W SignalStrength: SignalStrength get plugin
05-14 18:37:15.388   788   807 I use-Rlog/RLOG-GSM: getGsmLevel - asu:28 level:5
05-14 18:37:15.388   785   824 I use-Rlog/RLOG-RILMUXD: [gsm0710muxd] 1611:gsm0710_base_buffer_get_frame(): Get a complete frame. ch:3, ctrl:239, len:38
05-14 18:37:15.388   785   824 I use-Rlog/RLOG-RILMUXD: [gsm0710muxd] 2351:extract_frames(): Writing 38 byte frame received on channel 3 to /dev/pts/2
05-14 18:37:15.388   785   824 I use-Rlog/RLOG-RILMUXD: [gsm0710muxd] 2370:extract_frames(): write() returned. Written 38/38 bytes of frame to /dev/pts/2
05-14 18:37:15.388   838   855 I AT      : AT read end: 38:Success
05-14 18:37:15.388   838   855 I AT      : AT read start
05-14 18:37:15.389   785   824 I use-Rlog/RLOG-RILMUXD: [gsm0710muxd] 1611:gsm0710_base_buffer_get_frame(): Get a complete frame. ch:3, ctrl:239, len:6
05-14 18:37:15.389   785   824 I use-Rlog/RLOG-RILMUXD: [gsm0710muxd] 2351:extract_frames(): Writing 6 byte frame received on channel 3 to /dev/pts/2
05-14 18:37:15.389   785   824 I use-Rlog/RLOG-RILMUXD: [gsm0710muxd] 2370:extract_frames(): write() returned. Written 6/6 bytes of frame to /dev/pts/2
05-14 18:37:15.389   838   855 I AT      : AT read end: 6:Success
05-14 18:37:15.389   838   855 I AT      : AT read start
05-14 18:37:15.389   838   840 E RIL     : it is short CREG CGREG
05-14 18:37:15.389   838   840 E RIL     : rid: 0
05-14 18:37:15.389   838   840 E RILC    : Send Response to RIL_SOCKET_1
05-14 18:37:15.389   838   840 I AT      : AT write start
05-14 18:37:15.389   785   828 I use-Rlog/RLOG-RILMUXD: [gsm0710muxd] 3572:poll_thread(): poll_thread select found
05-14 18:37:15.389   785   828 I use-Rlog/RLOG-RILMUXD: [gsm0710muxd] 1013:pseudo_device_read(): Enter, LackofAtciChannel=0
05-14 18:37:15.389   785   828 I use-Rlog/RLOG-RILMUXD: [gsm0710muxd] 628:write_frame(): Sending frame to channel 3
05-14 18:37:15.389   785   828 I use-Rlog/RLOG-RILMUXD: [gsm0710muxd] 734:write_frame(): Write a frame on channel 3 with length 9
05-14 18:37:15.391   785   824 I use-Rlog/RLOG-RILMUXD: [gsm0710muxd] 1611:gsm0710_base_buffer_get_frame(): Get a complete frame. ch:3, ctrl:239, len:12
05-14 18:37:15.391   785   824 I use-Rlog/RLOG-RILMUXD: [gsm0710muxd] 2351:extract_frames(): Writing 12 byte frame received on channel 3 to /dev/pts/2
05-14 18:37:15.391   785   824 I use-Rlog/RLOG-RILMUXD: [gsm0710muxd] 2370:extract_frames(): write() returned. Written 12/12 bytes of frame to /dev/pts/2
05-14 18:37:15.391   838   855 I AT      : AT read end: 12:Success
05-14 18:37:15.391   838   855 I AT      : AT read start
05-14 18:37:15.391   785   824 I use-Rlog/RLOG-RILMUXD: [gsm0710muxd] 1611:gsm0710_base_buffer_get_frame(): Get a complete frame. ch:3, ctrl:239, len:6
05-14 18:37:15.391   785   824 I use-Rlog/RLOG-RILMUXD: [gsm0710muxd] 2351:extract_frames(): Writing 6 byte frame received on channel 3 to /dev/pts/2
05-14 18:37:15.391   785   824 I use-Rlog/RLOG-RILMUXD: [gsm0710muxd] 2370:extract_frames(): write() returned. Written 6/6 bytes of frame to /dev/pts/2
05-14 18:37:15.391   838   855 I AT      : AT read end: 6:Success
05-14 18:37:15.391   838   855 I AT      : AT read start
05-14 18:37:15.391   838   840 E RILC    : Send Response to RIL_SOCKET_1
05-14 18:37:15.392   838   840 I RILC-MTK: RIL_CMD_PROXY_3 sleep
05-14 18:37:15.392  1696  1696 E PhoneBase: Error! unregisterForCallWaiting() in PhoneBase should not be called, CDMAPhone inactive.
05-14 18:37:15.476  1696  1696 E PhoneBase: Error! registerForCallWaiting() in PhoneBase should not be called, CDMAPhone inactive.
05-14 18:37:15.476  1696  1696 E PhoneBase: registerForVoiceCallIncomingIndication
05-14 18:37:15.478  1696  1696 E GsmSST  : [GsmSST0] handlePollStateResult return due to (ar.userObj != mPollingContext)
05-14 18:37:15.478  1696  1696 E GsmSST  : [GsmSST0] handlePollStateResult return due to (ar.userObj != mPollingContext)
05-14 18:37:15.478  1696  1696 E GsmSST  : [GsmSST0] handlePollStateResult return due to (ar.userObj != mPollingContext)
05-14 18:37:15.478  1696  1696 E GsmSST  : [GsmSST0] handlePollStateResult return due to (ar.userObj != mPollingContext)
05-14 18:37:15.478  1696  1696 E PHONE   : [ServiceState] setState deprecated use setVoiceRegState()
05-14 18:37:15.513   785   785 I use-Rlog/RLOG-RILMUXD: [gsm0710muxd] 3855:main(): Frames received/dropped: 8923/0
05-14 18:37:18.017   785   824 I use-Rlog/RLOG-RILMUXD: [gsm0710muxd] 1611:gsm0710_base_buffer_get_frame(): Get a complete frame. ch:2, ctrl:239, len:31
05-14 18:37:18.017   785   824 I use-Rlog/RLOG-RILMUXD: [gsm0710muxd] 2351:extract_frames(): Writing 31 byte frame received on channel 2 to /dev/pts/1
05-14 18:37:18.017   785   824 I use-Rlog/RLOG-RILMUXD: [gsm0710muxd] 2370:extract_frames(): write() returned. Written 31/31 bytes of frame to /dev/pts/1
05-14 18:37:18.017   838   854 I AT      : AT read end: 31:Bad file number
05-14 18:37:18.017   838   854 I RILC    : RIL_SOCKET_1 UNSOLICITED: UNSOL_SIGNAL_STRENGTH length:72
05-14 18:37:18.017   838   854 E RILC    : Send Response to RIL_SOCKET_1
05-14 18:37:18.017   838   854 I AT      : AT read start
05-14 18:37:18.017  1696  1696 W SignalStrength: SignalStrength get plugin
05-14 18:37:18.017  1696  1696 I use-Rlog/RLOG-GSM: getLTELevel - rsrp:2147483647 snr:2147483647 rsrpIconLevel:-1 snrIconLevel:-1
05-14 18:37:18.017  1696  1696 I use-Rlog/RLOG-GSM: getLTELevel - rssi:99 rssiIconLevel:0
05-14 18:37:18.017  1696  1696 W SignalStrength: SignalStrength get plugin
05-14 18:37:18.017  1696  1696 I use-Rlog/RLOG-GSM: getGsmLevel - asu:27 level:5
05-14 18:37:18.023   788  1789 W SignalStrength: SignalStrength get plugin
05-14 18:37:18.023   788  1789 I use-Rlog/RLOG-GSM: getLTELevel - rsrp:2147483647 snr:2147483647 rsrpIconLevel:-1 snrIconLevel:-1
05-14 18:37:18.023   788  1789 I use-Rlog/RLOG-GSM: getLTELevel - rssi:99 rssiIconLevel:0
05-14 18:37:18.023   788  1789 W SignalStrength: SignalStrength get plugin
05-14 18:37:18.023   788  1789 I use-Rlog/RLOG-GSM: getGsmLevel - asu:27 level:5
05-14 18:37:18.480   838   851 I RILC    : NUMBER:1
05-14 18:37:18.480   838   851 I RILC    : arg len:14
05-14 18:37:18.480   838   851 I RILC    : ARGS[0]:THERMAL,0,-1
05-14 18:37:18.480   838   846 I RILC-MTK: RIL_CMD2_PROXY_3 wakeup
05-14 18:37:18.480   838   850 I RILC-MTK: RIL_ATCI2_PROXY wakeup
05-14 18:37:18.480   838   844 I RILC-MTK: RIL_ATCI_PROXY wakeup
05-14 18:37:18.480   838   846 I RILC-MTK: RIL_CMD2_PROXY_3 sleep
05-14 18:37:18.480   838   844 I RILC-MTK: RIL_ATCI_PROXY sleep
05-14 18:37:18.480   838   840 I RILC-MTK: RIL_CMD_PROXY_3 wakeup
05-14 18:37:18.480   838   840 I RILC-MTK: RIL_CMD_PROXY_3 sleep
05-14 18:37:18.480   838   845 I RILC-MTK: RIL_URC2_PROXY wakeup
05-14 18:37:18.480   838   845 I RILC-MTK: RIL_URC2_PROXY sleep
05-14 18:37:18.480   838   848 I RILC-MTK: RIL_CMD2_PROXY_1 wakeup
05-14 18:37:18.480   838   848 I RILC-MTK: RIL_CMD2_PROXY_1 sleep
05-14 18:37:18.480   838   839 I RILC-MTK: RIL_URC_PROXY wakeup
05-14 18:37:18.480   838   839 I RILC-MTK: RIL_URC_PROXY sleep
05-14 18:37:18.480   838   849 I RILC-MTK: RIL_CMD2_PROXY_4 wakeup
05-14 18:37:18.480   838   849 I RILC-MTK: RIL_CMD2_PROXY_4 sleep
05-14 18:37:18.480   838   847 I RILC-MTK: RIL_CMD2_PROXY_2 wakeup
05-14 18:37:18.480   838   847 I RILC-MTK: RIL_CMD2_PROXY_2 sleep
05-14 18:37:18.480   838   843 I RILC-MTK: RIL_CMD_PROXY_4 wakeup
05-14 18:37:18.480   838   843 I RILC-MTK: RIL_CMD_PROXY_4 sleep
05-14 18:37:18.480   838   842 I RILC-MTK: RIL_CMD_PROXY_1 wakeup
05-14 18:37:18.480   838   850 I RILC-MTK: RIL_ATCI2_PROXY sleep
05-14 18:37:18.481   838   841 I RILC-MTK: RIL_CMD_PROXY_2 wakeup
05-14 18:37:18.481   838   841 I RILC-MTK: RIL_CMD_PROXY_2 sleep
05-14 18:37:18.481   838   842 I AT      : AT write start
05-14 18:37:18.481   785   830 I use-Rlog/RLOG-RILMUXD: [gsm0710muxd] 3572:poll_thread(): poll_thread select found
05-14 18:37:18.481   785   830 I use-Rlog/RLOG-RILMUXD: [gsm0710muxd] 1013:pseudo_device_read(): Enter, LackofAtciChannel=0
05-14 18:37:18.481   785   830 I use-Rlog/RLOG-RILMUXD: [gsm0710muxd] 628:write_frame(): Sending frame to channel 5
05-14 18:37:18.481   785   830 I use-Rlog/RLOG-RILMUXD: [gsm0710muxd] 734:write_frame(): Write a frame on channel 5 with length 12
05-14 18:37:18.482   785   824 I use-Rlog/RLOG-RILMUXD: [gsm0710muxd] 1611:gsm0710_base_buffer_get_frame(): Get a complete frame. ch:5, ctrl:239, len:39
05-14 18:37:18.482   785   824 I use-Rlog/RLOG-RILMUXD: [gsm0710muxd] 2351:extract_frames(): Writing 39 byte frame received on channel 5 to /dev/pts/4
05-14 18:37:18.482   785   824 I use-Rlog/RLOG-RILMUXD: [gsm0710muxd] 2370:extract_frames(): write() returned. Written 39/39 bytes of frame to /dev/pts/4
05-14 18:37:18.482   838   857 I AT      : AT read end: 39:Success
05-14 18:37:18.482   838   857 I AT      : AT read start
05-14 18:37:18.482   785   824 I use-Rlog/RLOG-RILMUXD: [gsm0710muxd] 1611:gsm0710_base_buffer_get_frame(): Get a complete frame. ch:5, ctrl:239, len:6
05-14 18:37:18.482   785   824 I use-Rlog/RLOG-RILMUXD: [gsm0710muxd] 2351:extract_frames(): Writing 6 byte frame received on channel 5 to /dev/pts/4
05-14 18:37:18.482   785   824 I use-Rlog/RLOG-RILMUXD: [gsm0710muxd] 2370:extract_frames(): write() returned. Written 6/6 bytes of frame to /dev/pts/4
05-14 18:37:18.482   838   857 I AT      : AT read end: 6:Success
05-14 18:37:18.483   838   857 I AT      : AT read start
05-14 18:37:18.483   838   842 I RILC-MTK: RIL_CMD_PROXY_1 sleep
05-14 18:37:20.499   838   851 I RILC-MTK: create request 109: pRequest=0x7f7a41a320, pRI=0x7f7a41ba00, p=0x7f7841d740, pUCI=0x0
05-14 18:37:20.499   838   849 I RILC-MTK: RIL_CMD2_PROXY_4 wakeup
05-14 18:37:20.499   838   850 I RILC-MTK: RIL_ATCI2_PROXY wakeup
05-14 18:37:20.499   838   849 I RILC-MTK: RIL_CMD2_PROXY_4 sleep
05-14 18:37:20.499   838   841 I RILC-MTK: RIL_CMD_PROXY_2 wakeup
05-14 18:37:20.499   838   841 I AT      : AT write start
05-14 18:37:20.499   838   842 I RILC-MTK: RIL_CMD_PROXY_1 wakeup
