05-14 18:36:02.902   838   844 I RILC-MTK: RIL_ATCI_PROXY wakeup
05-14 18:36:02.902   838   844 I RILC-MTK: RIL_ATCI_PROXY sleep
05-14 18:36:02.902   838   849 I RILC-MTK: RIL_CMD2_PROXY_4 wakeup
05-14 18:36:02.902   838   849 I RILC-MTK: RIL_CMD2_PROXY_4 sleep
05-14 18:36:02.902   838   845 I RILC-MTK: RIL_URC2_PROXY wakeup
05-14 18:36:02.902   838   845 I RILC-MTK: RIL_URC2_PROXY sleep
05-14 18:36:02.902   838   843 I RILC-MTK: RIL_CMD_PROXY_4 wakeup
05-14 18:36:02.902   838   843 I RILC-MTK: RIL_CMD_PROXY_4 sleep
05-14 18:36:02.902   838   840 I RILC-MTK: RIL_CMD_PROXY_3 wakeup
05-14 18:36:02.902   838   840 I RILC-MTK: RIL_CMD_PROXY_3 sleep
05-14 18:36:02.902   838   846 I RILC-MTK: RIL_CMD2_PROXY_3 wakeup
05-14 18:36:02.902   838   846 I RILC-MTK: RIL_CMD2_PROXY_3 sleep
05-14 18:36:02.902   838   841 I RILC-MTK: RIL_CMD_PROXY_2 wakeup
05-14 18:36:02.902   838   841 I RILC-MTK: RIL_CMD_PROXY_2 sleep
05-14 18:36:02.902   838   847 I RILC-MTK: RIL_CMD2_PROXY_2 wakeup
05-14 18:36:02.902   838   847 I RILC-MTK: RIL_CMD2_PROXY_2 sleep
05-14 18:36:02.902   838   848 I RILC-MTK: RIL_CMD2_PROXY_1 wakeup
05-14 18:36:02.902   838   848 I RILC-MTK: RIL_CMD2_PROXY_1 sleep
05-14 18:36:02.902   838   839 I RILC-MTK: RIL_URC_PROXY wakeup
05-14 18:36:02.902   838   839 I RILC-MTK: RIL_URC_PROXY sleep
05-14 18:36:02.902   838   850 I RILC-MTK: RIL_ATCI2_PROXY wakeup
05-14 18:36:02.902   838   850 I RILC-MTK: RIL_ATCI2_PROXY sleep
05-14 18:36:02.902   838   842 I RILC-MTK: RIL_CMD_PROXY_1 wakeup
05-14 18:36:02.902   838   842 I AT      : AT write start
05-14 18:36:02.903   785   830 I use-Rlog/RLOG-RILMUXD: [gsm0710muxd] 3572:poll_thread(): poll_thread select found
05-14 18:36:02.903   785   830 I use-Rlog/RLOG-RILMUXD: [gsm0710muxd] 1013:pseudo_device_read(): Enter, LackofAtciChannel=0
05-14 18:36:02.903   785   830 I use-Rlog/RLOG-RILMUXD: [gsm0710muxd] 628:write_frame(): Sending frame to channel 5
05-14 18:36:02.939   785   824 I use-Rlog/RLOG-RILMUXD: [gsm0710muxd] 1611:gsm0710_base_buffer_get_frame(): Get a complete frame. ch:5, ctrl:239, len:39
05-14 18:36:02.939   785   824 I use-Rlog/RLOG-RILMUXD: [gsm0710muxd] 2351:extract_frames(): Writing 39 byte frame received on channel 5 to /dev/pts/4
05-14 18:36:02.940   785   824 I use-Rlog/RLOG-RILMUXD: [gsm0710muxd] 2370:extract_frames(): write() returned. Written 39/39 bytes of frame to /dev/pts/4
05-14 18:36:02.940   838   857 I AT      : AT read end: 39:Success
05-14 18:36:02.940   838   857 I AT      : AT read start
05-14 18:36:02.940   785   824 I use-Rlog/RLOG-RILMUXD: [gsm0710muxd] 1611:gsm0710_base_buffer_get_frame(): Get a complete frame. ch:5, ctrl:239, len:6
05-14 18:36:02.940   785   824 I use-Rlog/RLOG-RILMUXD: [gsm0710muxd] 2351:extract_frames(): Writing 6 byte frame received on channel 5 to /dev/pts/4
05-14 18:36:02.940   785   824 I use-Rlog/RLOG-RILMUXD: [gsm0710muxd] 2370:extract_frames(): write() returned. Written 6/6 bytes of frame to /dev/pts/4
05-14 18:36:02.940   838   857 I AT      : AT read end: 6:Success
05-14 18:36:02.940   838   857 I AT      : AT read start
05-14 18:36:02.940   838   842 I RILC-MTK: RIL_CMD_PROXY_1 sleep
05-14 18:36:02.941   785   830 I use-Rlog/RLOG-RILMUXD: [gsm0710muxd] 734:write_frame(): Write a frame on channel 5 with length 12
05-14 18:36:05.511   785   785 I use-Rlog/RLOG-RILMUXD: [gsm0710muxd] 3855:main(): Frames received/dropped: 8859/0
05-14 18:36:07.947   838   851 I RILC    : NUMBER:1
05-14 18:36:07.947   838   851 I RILC    : arg len:14
05-14 18:36:07.947   838   851 I RILC    : ARGS[0]:THERMAL,0,-1
05-14 18:36:07.947   838   844 I RILC-MTK: RIL_ATCI_PROXY wakeup
05-14 18:36:07.947   838   844 I RILC-MTK: RIL_ATCI_PROXY sleep
05-14 18:36:07.947   838   849 I RILC-MTK: RIL_CMD2_PROXY_4 wakeup
05-14 18:36:07.947   838   849 I RILC-MTK: RIL_CMD2_PROXY_4 sleep
05-14 18:36:07.947   838   845 I RILC-MTK: RIL_URC2_PROXY wakeup
05-14 18:36:07.947   838   845 I RILC-MTK: RIL_URC2_PROXY sleep
05-14 18:36:07.947   838   843 I RILC-MTK: RIL_CMD_PROXY_4 wakeup
05-14 18:36:07.947   838   843 I RILC-MTK: RIL_CMD_PROXY_4 sleep
05-14 18:36:07.947   838   840 I RILC-MTK: RIL_CMD_PROXY_3 wakeup
05-14 18:36:07.947   838   840 I RILC-MTK: RIL_CMD_PROXY_3 sleep
05-14 18:36:07.947   838   846 I RILC-MTK: RIL_CMD2_PROXY_3 wakeup
05-14 18:36:07.947   838   846 I RILC-MTK: RIL_CMD2_PROXY_3 sleep
05-14 18:36:07.947   838   841 I RILC-MTK: RIL_CMD_PROXY_2 wakeup
05-14 18:36:07.947   838   841 I RILC-MTK: RIL_CMD_PROXY_2 sleep
05-14 18:36:07.947   838   847 I RILC-MTK: RIL_CMD2_PROXY_2 wakeup
05-14 18:36:07.947   838   847 I RILC-MTK: RIL_CMD2_PROXY_2 sleep
05-14 18:36:07.947   838   848 I RILC-MTK: RIL_CMD2_PROXY_1 wakeup
05-14 18:36:07.947   838   848 I RILC-MTK: RIL_CMD2_PROXY_1 sleep
05-14 18:36:07.947   838   839 I RILC-MTK: RIL_URC_PROXY wakeup
05-14 18:36:07.947   838   839 I RILC-MTK: RIL_URC_PROXY sleep
05-14 18:36:07.947   838   850 I RILC-MTK: RIL_ATCI2_PROXY wakeup
05-14 18:36:07.947   838   850 I RILC-MTK: RIL_ATCI2_PROXY sleep
05-14 18:36:07.947   838   842 I RILC-MTK: RIL_CMD_PROXY_1 wakeup
05-14 18:36:07.948   838   842 I AT      : AT write start
05-14 18:36:07.948   785   830 I use-Rlog/RLOG-RILMUXD: [gsm0710muxd] 3572:poll_thread(): poll_thread select found
05-14 18:36:07.948   785   830 I use-Rlog/RLOG-RILMUXD: [gsm0710muxd] 1013:pseudo_device_read(): Enter, LackofAtciChannel=0
05-14 18:36:07.948   785   830 I use-Rlog/RLOG-RILMUXD: [gsm0710muxd] 628:write_frame(): Sending frame to channel 5
05-14 18:36:07.969   785   830 I use-Rlog/RLOG-RILMUXD: [gsm0710muxd] 734:write_frame(): Write a frame on channel 5 with length 12
05-14 18:36:07.970   785   824 I use-Rlog/RLOG-RILMUXD: [gsm0710muxd] 1611:gsm0710_base_buffer_get_frame(): Get a complete frame. ch:5, ctrl:239, len:39
05-14 18:36:07.970   785   824 I use-Rlog/RLOG-RILMUXD: [gsm0710muxd] 2351:extract_frames(): Writing 39 byte frame received on channel 5 to /dev/pts/4
05-14 18:36:07.970   785   824 I use-Rlog/RLOG-RILMUXD: [gsm0710muxd] 2370:extract_frames(): write() returned. Written 39/39 bytes of frame to /dev/pts/4
05-14 18:36:07.970   838   857 I AT      : AT read end: 39:Success
05-14 18:36:07.970   838   857 I AT      : AT read start
05-14 18:36:07.970   785   824 I use-Rlog/RLOG-RILMUXD: [gsm0710muxd] 1611:gsm0710_base_buffer_get_frame(): Get a complete frame. ch:5, ctrl:239, len:6
05-14 18:36:07.971   785   824 I use-Rlog/RLOG-RILMUXD: [gsm0710muxd] 2351:extract_frames(): Writing 6 byte frame received on channel 5 to /dev/pts/4
05-14 18:36:07.971   785   824 I use-Rlog/RLOG-RILMUXD: [gsm0710muxd] 2370:extract_frames(): write() returned. Written 6/6 bytes of frame to /dev/pts/4
05-14 18:36:07.971   838   857 I AT      : AT read end: 6:Success
05-14 18:36:07.971   838   857 I AT      : AT read start
05-14 18:36:07.971   838   842 I RILC-MTK: RIL_CMD_PROXY_1 sleep
05-14 18:36:10.511   785   785 I use-Rlog/RLOG-RILMUXD: [gsm0710muxd] 3855:main(): Frames received/dropped: 8861/0
05-14 18:36:12.978   838   851 I RILC    : NUMBER:1
05-14 18:36:12.978   838   851 I RILC    : arg len:14
05-14 18:36:12.978   838   851 I RILC    : ARGS[0]:THERMAL,0,-1
05-14 18:36:12.978   838   844 I RILC-MTK: RIL_ATCI_PROXY wakeup
05-14 18:36:12.978   838   844 I RILC-MTK: RIL_ATCI_PROXY sleep
05-14 18:36:12.978   838   849 I RILC-MTK: RIL_CMD2_PROXY_4 wakeup
05-14 18:36:12.978   838   849 I RILC-MTK: RIL_CMD2_PROXY_4 sleep
05-14 18:36:12.978   838   845 I RILC-MTK: RIL_URC2_PROXY wakeup
05-14 18:36:12.978   838   845 I RILC-MTK: RIL_URC2_PROXY sleep
05-14 18:36:12.978   838   843 I RILC-MTK: RIL_CMD_PROXY_4 wakeup
05-14 18:36:12.978   838   843 I RILC-MTK: RIL_CMD_PROXY_4 sleep
05-14 18:36:12.978   838   840 I RILC-MTK: RIL_CMD_PROXY_3 wakeup
05-14 18:36:12.978   838   840 I RILC-MTK: RIL_CMD_PROXY_3 sleep
05-14 18:36:12.978   838   846 I RILC-MTK: RIL_CMD2_PROXY_3 wakeup
05-14 18:36:12.978   838   846 I RILC-MTK: RIL_CMD2_PROXY_3 sleep
05-14 18:36:12.978   838   841 I RILC-MTK: RIL_CMD_PROXY_2 wakeup
05-14 18:36:12.978   838   841 I RILC-MTK: RIL_CMD_PROXY_2 sleep
05-14 18:36:12.978   838   847 I RILC-MTK: RIL_CMD2_PROXY_2 wakeup
05-14 18:36:12.978   838   847 I RILC-MTK: RIL_CMD2_PROXY_2 sleep
05-14 18:36:12.978   838   848 I RILC-MTK: RIL_CMD2_PROXY_1 wakeup
05-14 18:36:12.978   838   848 I RILC-MTK: RIL_CMD2_PROXY_1 sleep
05-14 18:36:12.978   838   839 I RILC-MTK: RIL_URC_PROXY wakeup
05-14 18:36:12.978   838   839 I RILC-MTK: RIL_URC_PROXY sleep
05-14 18:36:12.978   838   850 I RILC-MTK: RIL_ATCI2_PROXY wakeup
05-14 18:36:12.978   838   850 I RILC-MTK: RIL_ATCI2_PROXY sleep
05-14 18:36:12.978   838   842 I RILC-MTK: RIL_CMD_PROXY_1 wakeup
05-14 18:36:12.978   838   842 I AT      : AT write start
05-14 18:36:12.979   785   830 I use-Rlog/RLOG-RILMUXD: [gsm0710muxd] 3572:poll_thread(): poll_thread select found
05-14 18:36:12.979   785   830 I use-Rlog/RLOG-RILMUXD: [gsm0710muxd] 1013:pseudo_device_read(): Enter, LackofAtciChannel=0
05-14 18:36:12.979   785   830 I use-Rlog/RLOG-RILMUXD: [gsm0710muxd] 628:write_frame(): Sending frame to channel 5
05-14 18:36:13.017   785   824 I use-Rlog/RLOG-RILMUXD: [gsm0710muxd] 1611:gsm0710_base_buffer_get_frame(): Get a complete frame. ch:5, ctrl:239, len:39
05-14 18:36:13.017   785   824 I use-Rlog/RLOG-RILMUXD: [gsm0710muxd] 2351:extract_frames(): Writing 39 byte frame received on channel 5 to /dev/pts/4
05-14 18:36:13.017   785   824 I use-Rlog/RLOG-RILMUXD: [gsm0710muxd] 2370:extract_frames(): write() returned. Written 39/39 bytes of frame to /dev/pts/4
05-14 18:36:13.017   785   824 I use-Rlog/RLOG-RILMUXD: [gsm0710muxd] 1611:gsm0710_base_buffer_get_frame(): Get a complete frame. ch:5, ctrl:239, len:6
05-14 18:36:13.017   785   824 I use-Rlog/RLOG-RILMUXD: [gsm0710muxd] 2351:extract_frames(): Writing 6 byte frame received on channel 5 to /dev/pts/4
05-14 18:36:13.017   785   824 I use-Rlog/RLOG-RILMUXD: [gsm0710muxd] 2370:extract_frames(): write() returned. Written 6/6 bytes of frame to /dev/pts/4
05-14 18:36:13.017   838   857 I AT      : AT read end: 45:Success
05-14 18:36:13.017   838   857 I AT      : AT read start
05-14 18:36:13.017   838   842 I RILC-MTK: RIL_CMD_PROXY_1 sleep
05-14 18:36:13.018   785   830 I use-Rlog/RLOG-RILMUXD: [gsm0710muxd] 734:write_frame(): Write a frame on channel 5 with length 12
05-14 18:36:15.511   785   785 I use-Rlog/RLOG-RILMUXD: [gsm0710muxd] 3855:main(): Frames received/dropped: 8863/0
05-14 18:36:18.022   838   851 I RILC    : NUMBER:1
05-14 18:36:18.022   838   851 I RILC    : arg len:14
05-14 18:36:18.022   838   851 I RILC    : ARGS[0]:THERMAL,0,-1
05-14 18:36:18.022   838   844 I RILC-MTK: RIL_ATCI_PROXY wakeup
05-14 18:36:18.022   838   844 I RILC-MTK: RIL_ATCI_PROXY sleep
05-14 18:36:18.022   838   849 I RILC-MTK: RIL_CMD2_PROXY_4 wakeup
05-14 18:36:18.022   838   849 I RILC-MTK: RIL_CMD2_PROXY_4 sleep
05-14 18:36:18.022   838   845 I RILC-MTK: RIL_URC2_PROXY wakeup
05-14 18:36:18.022   838   845 I RILC-MTK: RIL_URC2_PROXY sleep
05-14 18:36:18.022   838   843 I RILC-MTK: RIL_CMD_PROXY_4 wakeup
05-14 18:36:18.022   838   843 I RILC-MTK: RIL_CMD_PROXY_4 sleep
05-14 18:36:18.022   838   840 I RILC-MTK: RIL_CMD_PROXY_3 wakeup
05-14 18:36:18.022   838   840 I RILC-MTK: RIL_CMD_PROXY_3 sleep
05-14 18:36:18.022   838   846 I RILC-MTK: RIL_CMD2_PROXY_3 wakeup
05-14 18:36:18.022   838   846 I RILC-MTK: RIL_CMD2_PROXY_3 sleep
05-14 18:36:18.022   838   841 I RILC-MTK: RIL_CMD_PROXY_2 wakeup
05-14 18:36:18.022   838   841 I RILC-MTK: RIL_CMD_PROXY_2 sleep
05-14 18:36:18.022   838   847 I RILC-MTK: RIL_CMD2_PROXY_2 wakeup
05-14 18:36:18.022   838   847 I RILC-MTK: RIL_CMD2_PROXY_2 sleep
05-14 18:36:18.022   838   848 I RILC-MTK: RIL_CMD2_PROXY_1 wakeup
05-14 18:36:18.022   838   848 I RILC-MTK: RIL_CMD2_PROXY_1 sleep
05-14 18:36:18.022   838   839 I RILC-MTK: RIL_URC_PROXY wakeup
05-14 18:36:18.022   838   839 I RILC-MTK: RIL_URC_PROXY sleep
05-14 18:36:18.023   838   850 I RILC-MTK: RIL_ATCI2_PROXY wakeup
05-14 18:36:18.023   838   850 I RILC-MTK: RIL_ATCI2_PROXY sleep
05-14 18:36:18.023   838   842 I RILC-MTK: RIL_CMD_PROXY_1 wakeup
05-14 18:36:18.023   838   842 I AT      : AT write start
05-14 18:36:18.023   785   830 I use-Rlog/RLOG-RILMUXD: [gsm0710muxd] 3572:poll_thread(): poll_thread select found
05-14 18:36:18.023   785   830 I use-Rlog/RLOG-RILMUXD: [gsm0710muxd] 1013:pseudo_device_read(): Enter, LackofAtciChannel=0
05-14 18:36:18.023   785   830 I use-Rlog/RLOG-RILMUXD: [gsm0710muxd] 628:write_frame(): Sending frame to channel 5
05-14 18:36:18.061   785   824 I use-Rlog/RLOG-RILMUXD: [gsm0710muxd] 1611:gsm0710_base_buffer_get_frame(): Get a complete frame. ch:5, ctrl:239, len:39
05-14 18:36:18.061   785   824 I use-Rlog/RLOG-RILMUXD: [gsm0710muxd] 2351:extract_frames(): Writing 39 byte frame received on channel 5 to /dev/pts/4
05-14 18:36:18.061   785   824 I use-Rlog/RLOG-RILMUXD: [gsm0710muxd] 2370:extract_frames(): write() returned. Written 39/39 bytes of frame to /dev/pts/4
05-14 18:36:18.061   785   824 I use-Rlog/RLOG-RILMUXD: [gsm0710muxd] 1611:gsm0710_base_buffer_get_frame(): Get a complete frame. ch:5, ctrl:239, len:6
05-14 18:36:18.061   785   824 I use-Rlog/RLOG-RILMUXD: [gsm0710muxd] 2351:extract_frames(): Writing 6 byte frame received on channel 5 to /dev/pts/4
05-14 18:36:18.061   785   824 I use-Rlog/RLOG-RILMUXD: [gsm0710muxd] 2370:extract_frames(): write() returned. Written 6/6 bytes of frame to /dev/pts/4
05-14 18:36:18.061   838   857 I AT      : AT read end: 45:Success
05-14 18:36:18.061   838   857 I AT      : AT read start
05-14 18:36:18.061   838   842 I RILC-MTK: RIL_CMD_PROXY_1 sleep
05-14 18:36:18.062   785   830 I use-Rlog/RLOG-RILMUXD: [gsm0710muxd] 734:write_frame(): Write a frame on channel 5 with length 12
05-14 18:36:20.511   785   785 I use-Rlog/RLOG-RILMUXD: [gsm0710muxd] 3855:main(): Frames received/dropped: 8865/0
05-14 18:36:23.068   838   851 I RILC    : NUMBER:1
05-14 18:36:23.068   838   851 I RILC    : arg len:14
05-14 18:36:23.068   838   851 I RILC    : ARGS[0]:THERMAL,0,-1
05-14 18:36:23.069   838   844 I RILC-MTK: RIL_ATCI_PROXY wakeup
05-14 18:36:23.069   838   844 I RILC-MTK: RIL_ATCI_PROXY sleep
05-14 18:36:23.069   838   849 I RILC-MTK: RIL_CMD2_PROXY_4 wakeup
05-14 18:36:23.069   838   849 I RILC-MTK: RIL_CMD2_PROXY_4 sleep
05-14 18:36:23.069   838   845 I RILC-MTK: RIL_URC2_PROXY wakeup
05-14 18:36:23.069   838   845 I RILC-MTK: RIL_URC2_PROXY sleep
05-14 18:36:23.069   838   843 I RILC-MTK: RIL_CMD_PROXY_4 wakeup
05-14 18:36:23.069   838   843 I RILC-MTK: RIL_CMD_PROXY_4 sleep
05-14 18:36:23.069   838   840 I RILC-MTK: RIL_CMD_PROXY_3 wakeup
05-14 18:36:23.069   838   840 I RILC-MTK: RIL_CMD_PROXY_3 sleep
05-14 18:36:23.069   838   846 I RILC-MTK: RIL_CMD2_PROXY_3 wakeup
05-14 18:36:23.069   838   846 I RILC-MTK: RIL_CMD2_PROXY_3 sleep
05-14 18:36:23.069   838   841 I RILC-MTK: RIL_CMD_PROXY_2 wakeup
05-14 18:36:23.069   838   841 I RILC-MTK: RIL_CMD_PROXY_2 sleep
05-14 18:36:23.069   838   847 I RILC-MTK: RIL_CMD2_PROXY_2 wakeup
05-14 18:36:23.069   838   847 I RILC-MTK: RIL_CMD2_PROXY_2 sleep
05-14 18:36:23.069   838   848 I RILC-MTK: RIL_CMD2_PROXY_1 wakeup
05-14 18:36:23.069   838   848 I RILC-MTK: RIL_CMD2_PROXY_1 sleep
05-14 18:36:23.069   838   839 I RILC-MTK: RIL_URC_PROXY wakeup
05-14 18:36:23.069   838   839 I RILC-MTK: RIL_URC_PROXY sleep
05-14 18:36:23.069   838   850 I RILC-MTK: RIL_ATCI2_PROXY wakeup
05-14 18:36:23.069   838   850 I RILC-MTK: RIL_ATCI2_PROXY sleep
05-14 18:36:23.069   838   842 I RILC-MTK: RIL_CMD_PROXY_1 wakeup
05-14 18:36:23.069   838   842 I AT      : AT write start
05-14 18:36:23.069   785   830 I use-Rlog/RLOG-RILMUXD: [gsm0710muxd] 3572:poll_thread(): poll_thread select found
05-14 18:36:23.069   785   830 I use-Rlog/RLOG-RILMUXD: [gsm0710muxd] 1013:pseudo_device_read(): Enter, LackofAtciChannel=0
05-14 18:36:23.069   785   830 I use-Rlog/RLOG-RILMUXD: [gsm0710muxd] 628:write_frame(): Sending frame to channel 5
05-14 18:36:23.120   785   824 I use-Rlog/RLOG-RILMUXD: [gsm0710muxd] 1611:gsm0710_base_buffer_get_frame(): Get a complete frame. ch:5, ctrl:239, len:39
05-14 18:36:23.120   785   824 I use-Rlog/RLOG-RILMUXD: [gsm0710muxd] 2351:extract_frames(): Writing 39 byte frame received on channel 5 to /dev/pts/4
05-14 18:36:23.120   785   824 I use-Rlog/RLOG-RILMUXD: [gsm0710muxd] 2370:extract_frames(): write() returned. Written 39/39 bytes of frame to /dev/pts/4
05-14 18:36:23.120   785   824 I use-Rlog/RLOG-RILMUXD: [gsm0710muxd] 1611:gsm0710_base_buffer_get_frame(): Get a complete frame. ch:5, ctrl:239, len:6
05-14 18:36:23.120   785   824 I use-Rlog/RLOG-RILMUXD: [gsm0710muxd] 2351:extract_frames(): Writing 6 byte frame received on channel 5 to /dev/pts/4
05-14 18:36:23.120   785   824 I use-Rlog/RLOG-RILMUXD: [gsm0710muxd] 2370:extract_frames(): write() returned. Written 6/6 bytes of frame to /dev/pts/4
05-14 18:36:23.120   838   857 I AT      : AT read end: 45:Success
05-14 18:36:23.120   838   857 I AT      : AT read start
05-14 18:36:23.121   838   842 I RILC-MTK: RIL_CMD_PROXY_1 sleep
05-14 18:36:23.130   785   830 I use-Rlog/RLOG-RILMUXD: [gsm0710muxd] 734:write_frame(): Write a frame on channel 5 with length 12
05-14 18:36:25.512   785   785 I use-Rlog/RLOG-RILMUXD: [gsm0710muxd] 3855:main(): Frames received/dropped: 8867/0
05-14 18:36:28.127   838   851 I RILC    : NUMBER:1
05-14 18:36:28.127   838   851 I RILC    : arg len:14
05-14 18:36:28.127   838   851 I RILC    : ARGS[0]:THERMAL,0,-1
05-14 18:36:28.128   838   844 I RILC-MTK: RIL_ATCI_PROXY wakeup
05-14 18:36:28.128   838   844 I RILC-MTK: RIL_ATCI_PROXY sleep
05-14 18:36:28.128   838   849 I RILC-MTK: RIL_CMD2_PROXY_4 wakeup
05-14 18:36:28.128   838   849 I RILC-MTK: RIL_CMD2_PROXY_4 sleep
05-14 18:36:28.128   838   845 I RILC-MTK: RIL_URC2_PROXY wakeup
05-14 18:36:28.128   838   845 I RILC-MTK: RIL_URC2_PROXY sleep
05-14 18:36:28.128   838   843 I RILC-MTK: RIL_CMD_PROXY_4 wakeup
05-14 18:36:28.128   838   843 I RILC-MTK: RIL_CMD_PROXY_4 sleep
05-14 18:36:28.128   838   840 I RILC-MTK: RIL_CMD_PROXY_3 wakeup
05-14 18:36:28.128   838   840 I RILC-MTK: RIL_CMD_PROXY_3 sleep
05-14 18:36:28.128   838   846 I RILC-MTK: RIL_CMD2_PROXY_3 wakeup
05-14 18:36:28.128   838   846 I RILC-MTK: RIL_CMD2_PROXY_3 sleep
05-14 18:36:28.128   838   841 I RILC-MTK: RIL_CMD_PROXY_2 wakeup
05-14 18:36:28.128   838   841 I RILC-MTK: RIL_CMD_PROXY_2 sleep
05-14 18:36:28.128   838   847 I RILC-MTK: RIL_CMD2_PROXY_2 wakeup
05-14 18:36:28.128   838   847 I RILC-MTK: RIL_CMD2_PROXY_2 sleep
05-14 18:36:28.128   838   848 I RILC-MTK: RIL_CMD2_PROXY_1 wakeup
05-14 18:36:28.128   838   848 I RILC-MTK: RIL_CMD2_PROXY_1 sleep
05-14 18:36:28.128   838   839 I RILC-MTK: RIL_URC_PROXY wakeup
05-14 18:36:28.128   838   839 I RILC-MTK: RIL_URC_PROXY sleep
05-14 18:36:28.128   838   850 I RILC-MTK: RIL_ATCI2_PROXY wakeup
05-14 18:36:28.128   838   850 I RILC-MTK: RIL_ATCI2_PROXY sleep
05-14 18:36:28.128   838   842 I RILC-MTK: RIL_CMD_PROXY_1 wakeup
05-14 18:36:28.128   838   842 I AT      : AT write start
05-14 18:36:28.128   785   830 I use-Rlog/RLOG-RILMUXD: [gsm0710muxd] 3572:poll_thread(): poll_thread select found
05-14 18:36:28.128   785   830 I use-Rlog/RLOG-RILMUXD: [gsm0710muxd] 1013:pseudo_device_read(): Enter, LackofAtciChannel=0
05-14 18:36:28.128   785   830 I use-Rlog/RLOG-RILMUXD: [gsm0710muxd] 628:write_frame(): Sending frame to channel 5
05-14 18:36:28.161   785   824 I use-Rlog/RLOG-RILMUXD: [gsm0710muxd] 1611:gsm0710_base_buffer_get_frame(): Get a complete frame. ch:5, ctrl:239, len:39
05-14 18:36:28.161   785   824 I use-Rlog/RLOG-RILMUXD: [gsm0710muxd] 2351:extract_frames(): Writing 39 byte frame received on channel 5 to /dev/pts/4
05-14 18:36:28.161   785   824 I use-Rlog/RLOG-RILMUXD: [gsm0710muxd] 2370:extract_frames(): write() returned. Written 39/39 bytes of frame to /dev/pts/4
05-14 18:36:28.161   785   824 I use-Rlog/RLOG-RILMUXD: [gsm0710muxd] 1611:gsm0710_base_buffer_get_frame(): Get a complete frame. ch:5, ctrl:239, len:6
05-14 18:36:28.161   785   824 I use-Rlog/RLOG-RILMUXD: [gsm0710muxd] 2351:extract_frames(): Writing 6 byte frame received on channel 5 to /dev/pts/4
05-14 18:36:28.161   785   824 I use-Rlog/RLOG-RILMUXD: [gsm0710muxd] 2370:extract_frames(): write() returned. Written 6/6 bytes of frame to /dev/pts/4
05-14 18:36:28.161   838   857 I AT      : AT read end: 45:Success
05-14 18:36:28.161   838   857 I AT      : AT read start
05-14 18:36:28.162   838   842 I RILC-MTK: RIL_CMD_PROXY_1 sleep
05-14 18:36:28.162   785   830 I use-Rlog/RLOG-RILMUXD: [gsm0710muxd] 734:write_frame(): Write a frame on channel 5 with length 12
05-14 18:36:30.512   785   785 I use-Rlog/RLOG-RILMUXD: [gsm0710muxd] 3855:main(): Frames received/dropped: 8869/0
05-14 18:36:33.168   838   851 I RILC    : NUMBER:1
05-14 18:36:33.168   838   851 I RILC    : arg len:14
05-14 18:36:33.168   838   851 I RILC    : ARGS[0]:THERMAL,0,-1
05-14 18:36:33.169   838   844 I RILC-MTK: RIL_ATCI_PROXY wakeup
05-14 18:36:33.169   838   844 I RILC-MTK: RIL_ATCI_PROXY sleep
05-14 18:36:33.169   838   849 I RILC-MTK: RIL_CMD2_PROXY_4 wakeup
05-14 18:36:33.169   838   849 I RILC-MTK: RIL_CMD2_PROXY_4 sleep
05-14 18:36:33.169   838   845 I RILC-MTK: RIL_URC2_PROXY wakeup
05-14 18:36:33.169   838   845 I RILC-MTK: RIL_URC2_PROXY sleep
05-14 18:36:33.169   838   843 I RILC-MTK: RIL_CMD_PROXY_4 wakeup
05-14 18:36:33.169   838   843 I RILC-MTK: RIL_CMD_PROXY_4 sleep
05-14 18:36:33.169   838   840 I RILC-MTK: RIL_CMD_PROXY_3 wakeup
05-14 18:36:33.169   838   840 I RILC-MTK: RIL_CMD_PROXY_3 sleep
05-14 18:36:33.169   838   846 I RILC-MTK: RIL_CMD2_PROXY_3 wakeup
05-14 18:36:33.169   838   846 I RILC-MTK: RIL_CMD2_PROXY_3 sleep
05-14 18:36:33.169   838   841 I RILC-MTK: RIL_CMD_PROXY_2 wakeup
05-14 18:36:33.169   838   841 I RILC-MTK: RIL_CMD_PROXY_2 sleep
05-14 18:36:33.169   838   847 I RILC-MTK: RIL_CMD2_PROXY_2 wakeup
05-14 18:36:33.169   838   847 I RILC-MTK: RIL_CMD2_PROXY_2 sleep
05-14 18:36:33.169   838   848 I RILC-MTK: RIL_CMD2_PROXY_1 wakeup
05-14 18:36:33.169   838   848 I RILC-MTK: RIL_CMD2_PROXY_1 sleep
05-14 18:36:33.169   838   839 I RILC-MTK: RIL_URC_PROXY wakeup
05-14 18:36:33.169   838   839 I RILC-MTK: RIL_URC_PROXY sleep
05-14 18:36:33.169   838   850 I RILC-MTK: RIL_ATCI2_PROXY wakeup
05-14 18:36:33.169   838   850 I RILC-MTK: RIL_ATCI2_PROXY sleep
05-14 18:36:33.169   838   842 I RILC-MTK: RIL_CMD_PROXY_1 wakeup
05-14 18:36:33.169   838   842 I AT      : AT write start
05-14 18:36:33.169   785   830 I use-Rlog/RLOG-RILMUXD: [gsm0710muxd] 3572:poll_thread(): poll_thread select found
05-14 18:36:33.169   785   830 I use-Rlog/RLOG-RILMUXD: [gsm0710muxd] 1013:pseudo_device_read(): Enter, LackofAtciChannel=0
05-14 18:36:33.169   785   830 I use-Rlog/RLOG-RILMUXD: [gsm0710muxd] 628:write_frame(): Sending frame to channel 5
05-14 18:36:33.200   785   824 I use-Rlog/RLOG-RILMUXD: [gsm0710muxd] 1611:gsm0710_base_buffer_get_frame(): Get a complete frame. ch:5, ctrl:239, len:43
05-14 18:36:33.200   785   824 I use-Rlog/RLOG-RILMUXD: [gsm0710muxd] 2351:extract_frames(): Writing 43 byte frame received on channel 5 to /dev/pts/4
05-14 18:36:33.200   785   824 I use-Rlog/RLOG-RILMUXD: [gsm0710muxd] 2370:extract_frames(): write() returned. Written 43/43 bytes of frame to /dev/pts/4
05-14 18:36:33.200   785   824 I use-Rlog/RLOG-RILMUXD: [gsm0710muxd] 1611:gsm0710_base_buffer_get_frame(): Get a complete frame. ch:5, ctrl:239, len:6
05-14 18:36:33.200   785   824 I use-Rlog/RLOG-RILMUXD: [gsm0710muxd] 2351:extract_frames(): Writing 6 byte frame received on channel 5 to /dev/pts/4
05-14 18:36:33.200   785   824 I use-Rlog/RLOG-RILMUXD: [gsm0710muxd] 2370:extract_frames(): write() returned. Written 6/6 bytes of frame to /dev/pts/4
05-14 18:36:33.200   838   857 I AT      : AT read end: 49:Success
05-14 18:36:33.200   838   857 I AT      : AT read start
05-14 18:36:33.200   838   842 I RILC-MTK: RIL_CMD_PROXY_1 sleep
05-14 18:36:33.209   785   830 I use-Rlog/RLOG-RILMUXD: [gsm0710muxd] 734:write_frame(): Write a frame on channel 5 with length 12
05-14 18:36:35.512   785   785 I use-Rlog/RLOG-RILMUXD: [gsm0710muxd] 3855:main(): Frames received/dropped: 8871/0
05-14 18:36:38.207   838   851 I RILC    : NUMBER:1
05-14 18:36:38.207   838   851 I RILC    : arg len:14
05-14 18:36:38.207   838   851 I RILC    : ARGS[0]:THERMAL,0,-1
05-14 18:36:38.207   838   844 I RILC-MTK: RIL_ATCI_PROXY wakeup
05-14 18:36:38.207   838   844 I RILC-MTK: RIL_ATCI_PROXY sleep
05-14 18:36:38.208   838   849 I RILC-MTK: RIL_CMD2_PROXY_4 wakeup
05-14 18:36:38.208   838   849 I RILC-MTK: RIL_CMD2_PROXY_4 sleep
05-14 18:36:38.208   838   845 I RILC-MTK: RIL_URC2_PROXY wakeup
05-14 18:36:38.208   838   845 I RILC-MTK: RIL_URC2_PROXY sleep
05-14 18:36:38.208   838   843 I RILC-MTK: RIL_CMD_PROXY_4 wakeup
05-14 18:36:38.208   838   843 I RILC-MTK: RIL_CMD_PROXY_4 sleep
05-14 18:36:38.208   838   840 I RILC-MTK: RIL_CMD_PROXY_3 wakeup
05-14 18:36:38.208   838   840 I RILC-MTK: RIL_CMD_PROXY_3 sleep
05-14 18:36:38.208   838   846 I RILC-MTK: RIL_CMD2_PROXY_3 wakeup
05-14 18:36:38.208   838   846 I RILC-MTK: RIL_CMD2_PROXY_3 sleep
05-14 18:36:38.208   838   841 I RILC-MTK: RIL_CMD_PROXY_2 wakeup
05-14 18:36:38.208   838   841 I RILC-MTK: RIL_CMD_PROXY_2 sleep
05-14 18:36:38.208   838   847 I RILC-MTK: RIL_CMD2_PROXY_2 wakeup
05-14 18:36:38.208   838   847 I RILC-MTK: RIL_CMD2_PROXY_2 sleep
05-14 18:36:38.208   838   848 I RILC-MTK: RIL_CMD2_PROXY_1 wakeup
05-14 18:36:38.208   838   848 I RILC-MTK: RIL_CMD2_PROXY_1 sleep
05-14 18:36:38.208   838   839 I RILC-MTK: RIL_URC_PROXY wakeup
05-14 18:36:38.208   838   839 I RILC-MTK: RIL_URC_PROXY sleep
05-14 18:36:38.208   838   850 I RILC-MTK: RIL_ATCI2_PROXY wakeup
05-14 18:36:38.208   838   850 I RILC-MTK: RIL_ATCI2_PROXY sleep
05-14 18:36:38.208   838   842 I RILC-MTK: RIL_CMD_PROXY_1 wakeup
05-14 18:36:38.208   838   842 I AT      : AT write start
05-14 18:36:38.208   785   830 I use-Rlog/RLOG-RILMUXD: [gsm0710muxd] 3572:poll_thread(): poll_thread select found
05-14 18:36:38.208   785   830 I use-Rlog/RLOG-RILMUXD: [gsm0710muxd] 1013:pseudo_device_read(): Enter, LackofAtciChannel=0
05-14 18:36:38.208   785   830 I use-Rlog/RLOG-RILMUXD: [gsm0710muxd] 628:write_frame(): Sending frame to channel 5
05-14 18:36:38.241   785   824 I use-Rlog/RLOG-RILMUXD: [gsm0710muxd] 1611:gsm0710_base_buffer_get_frame(): Get a complete frame. ch:5, ctrl:239, len:39
05-14 18:36:38.241   785   824 I use-Rlog/RLOG-RILMUXD: [gsm0710muxd] 2351:extract_frames(): Writing 39 byte frame received on channel 5 to /dev/pts/4
05-14 18:36:38.241   785   824 I use-Rlog/RLOG-RILMUXD: [gsm0710muxd] 2370:extract_frames(): write() returned. Written 39/39 bytes of frame to /dev/pts/4
05-14 18:36:38.241   785   824 I use-Rlog/RLOG-RILMUXD: [gsm0710muxd] 1611:gsm0710_base_buffer_get_frame(): Get a complete frame. ch:5, ctrl:239, len:6
05-14 18:36:38.241   785   824 I use-Rlog/RLOG-RILMUXD: [gsm0710muxd] 2351:extract_frames(): Writing 6 byte frame received on channel 5 to /dev/pts/4
05-14 18:36:38.241   785   824 I use-Rlog/RLOG-RILMUXD: [gsm0710muxd] 2370:extract_frames(): write() returned. Written 6/6 bytes of frame to /dev/pts/4
05-14 18:36:38.241   838   857 I AT      : AT read end: 45:Success
05-14 18:36:38.241   838   857 I AT      : AT read start
05-14 18:36:38.241   838   842 I RILC-MTK: RIL_CMD_PROXY_1 sleep
05-14 18:36:38.242   785   830 I use-Rlog/RLOG-RILMUXD: [gsm0710muxd] 734:write_frame(): Write a frame on channel 5 with length 12
05-14 18:36:40.512   785   785 I use-Rlog/RLOG-RILMUXD: [gsm0710muxd] 3855:main(): Frames received/dropped: 8873/0
05-14 18:36:43.248   838   851 I RILC    : NUMBER:1
05-14 18:36:43.248   838   851 I RILC    : arg len:14
05-14 18:36:43.248   838   851 I RILC    : ARGS[0]:THERMAL,0,-1
05-14 18:36:43.248   838   844 I RILC-MTK: RIL_ATCI_PROXY wakeup
05-14 18:36:43.248   838   844 I RILC-MTK: RIL_ATCI_PROXY sleep
05-14 18:36:43.248   838   849 I RILC-MTK: RIL_CMD2_PROXY_4 wakeup
05-14 18:36:43.248   838   849 I RILC-MTK: RIL_CMD2_PROXY_4 sleep
05-14 18:36:43.248   838   845 I RILC-MTK: RIL_URC2_PROXY wakeup
05-14 18:36:43.248   838   845 I RILC-MTK: RIL_URC2_PROXY sleep
05-14 18:36:43.248   838   843 I RILC-MTK: RIL_CMD_PROXY_4 wakeup
05-14 18:36:43.248   838   843 I RILC-MTK: RIL_CMD_PROXY_4 sleep
05-14 18:36:43.248   838   840 I RILC-MTK: RIL_CMD_PROXY_3 wakeup
05-14 18:36:43.248   838   840 I RILC-MTK: RIL_CMD_PROXY_3 sleep
05-14 18:36:43.248   838   846 I RILC-MTK: RIL_CMD2_PROXY_3 wakeup
05-14 18:36:43.248   838   846 I RILC-MTK: RIL_CMD2_PROXY_3 sleep
05-14 18:36:43.248   838   841 I RILC-MTK: RIL_CMD_PROXY_2 wakeup
05-14 18:36:43.248   838   841 I RILC-MTK: RIL_CMD_PROXY_2 sleep
05-14 18:36:43.248   838   847 I RILC-MTK: RIL_CMD2_PROXY_2 wakeup
05-14 18:36:43.248   838   847 I RILC-MTK: RIL_CMD2_PROXY_2 sleep
05-14 18:36:43.249   838   848 I RILC-MTK: RIL_CMD2_PROXY_1 wakeup
05-14 18:36:43.249   838   848 I RILC-MTK: RIL_CMD2_PROXY_1 sleep
05-14 18:36:43.249   838   839 I RILC-MTK: RIL_URC_PROXY wakeup
05-14 18:36:43.249   838   839 I RILC-MTK: RIL_URC_PROXY sleep
05-14 18:36:43.249   838   850 I RILC-MTK: RIL_ATCI2_PROXY wakeup
05-14 18:36:43.249   838   850 I RILC-MTK: RIL_ATCI2_PROXY sleep
05-14 18:36:43.249   838   842 I RILC-MTK: RIL_CMD_PROXY_1 wakeup
05-14 18:36:43.249   838   842 I AT      : AT write start
05-14 18:36:43.249   785   830 I use-Rlog/RLOG-RILMUXD: [gsm0710muxd] 3572:poll_thread(): poll_thread select found
05-14 18:36:43.249   785   830 I use-Rlog/RLOG-RILMUXD: [gsm0710muxd] 1013:pseudo_device_read(): Enter, LackofAtciChannel=0
05-14 18:36:43.249   785   830 I use-Rlog/RLOG-RILMUXD: [gsm0710muxd] 628:write_frame(): Sending frame to channel 5
05-14 18:36:43.288   785   824 I use-Rlog/RLOG-RILMUXD: [gsm0710muxd] 1611:gsm0710_base_buffer_get_frame(): Get a complete frame. ch:5, ctrl:239, len:39
05-14 18:36:43.288   785   824 I use-Rlog/RLOG-RILMUXD: [gsm0710muxd] 2351:extract_frames(): Writing 39 byte frame received on channel 5 to /dev/pts/4
05-14 18:36:43.288   785   824 I use-Rlog/RLOG-RILMUXD: [gsm0710muxd] 2370:extract_frames(): write() returned. Written 39/39 bytes of frame to /dev/pts/4
05-14 18:36:43.288   785   824 I use-Rlog/RLOG-RILMUXD: [gsm0710muxd] 1611:gsm0710_base_buffer_get_frame(): Get a complete frame. ch:5, ctrl:239, len:6
05-14 18:36:43.288   785   824 I use-Rlog/RLOG-RILMUXD: [gsm0710muxd] 2351:extract_frames(): Writing 6 byte frame received on channel 5 to /dev/pts/4
05-14 18:36:43.288   785   824 I use-Rlog/RLOG-RILMUXD: [gsm0710muxd] 2370:extract_frames(): write() returned. Written 6/6 bytes of frame to /dev/pts/4
05-14 18:36:43.289   838   857 I AT      : AT read end: 45:Success
05-14 18:36:43.289   838   857 I AT      : AT read start
05-14 18:36:43.289   838   842 I RILC-MTK: RIL_CMD_PROXY_1 sleep
05-14 18:36:43.289   785   830 I use-Rlog/RLOG-RILMUXD: [gsm0710muxd] 734:write_frame(): Write a frame on channel 5 with length 12
05-14 18:36:45.512   785   785 I use-Rlog/RLOG-RILMUXD: [gsm0710muxd] 3855:main(): Frames received/dropped: 8875/0
05-14 18:36:48.295   838   851 I RILC    : NUMBER:1
05-14 18:36:48.295   838   851 I RILC    : arg len:14
05-14 18:36:48.295   838   851 I RILC    : ARGS[0]:THERMAL,0,-1
05-14 18:36:48.296   838   844 I RILC-MTK: RIL_ATCI_PROXY wakeup
05-14 18:36:48.296   838   844 I RILC-MTK: RIL_ATCI_PROXY sleep
05-14 18:36:48.296   838   849 I RILC-MTK: RIL_CMD2_PROXY_4 wakeup
05-14 18:36:48.296   838   849 I RILC-MTK: RIL_CMD2_PROXY_4 sleep
05-14 18:36:48.296   838   845 I RILC-MTK: RIL_URC2_PROXY wakeup
05-14 18:36:48.296   838   845 I RILC-MTK: RIL_URC2_PROXY sleep
05-14 18:36:48.296   838   843 I RILC-MTK: RIL_CMD_PROXY_4 wakeup
05-14 18:36:48.296   838   843 I RILC-MTK: RIL_CMD_PROXY_4 sleep
05-14 18:36:48.296   838   840 I RILC-MTK: RIL_CMD_PROXY_3 wakeup
05-14 18:36:48.296   838   840 I RILC-MTK: RIL_CMD_PROXY_3 sleep
05-14 18:36:48.296   838   846 I RILC-MTK: RIL_CMD2_PROXY_3 wakeup
05-14 18:36:48.296   838   846 I RILC-MTK: RIL_CMD2_PROXY_3 sleep
05-14 18:36:48.296   838   841 I RILC-MTK: RIL_CMD_PROXY_2 wakeup
05-14 18:36:48.296   838   841 I RILC-MTK: RIL_CMD_PROXY_2 sleep
05-14 18:36:48.296   838   847 I RILC-MTK: RIL_CMD2_PROXY_2 wakeup
05-14 18:36:48.296   838   847 I RILC-MTK: RIL_CMD2_PROXY_2 sleep
05-14 18:36:48.296   838   848 I RILC-MTK: RIL_CMD2_PROXY_1 wakeup
05-14 18:36:48.296   838   848 I RILC-MTK: RIL_CMD2_PROXY_1 sleep
05-14 18:36:48.296   838   839 I RILC-MTK: RIL_URC_PROXY wakeup
05-14 18:36:48.296   838   839 I RILC-MTK: RIL_URC_PROXY sleep
05-14 18:36:48.296   838   850 I RILC-MTK: RIL_ATCI2_PROXY wakeup
05-14 18:36:48.296   838   850 I RILC-MTK: RIL_ATCI2_PROXY sleep
05-14 18:36:48.296   838   842 I RILC-MTK: RIL_CMD_PROXY_1 wakeup
05-14 18:36:48.296   838   842 I AT      : AT write start
05-14 18:36:48.296   785   830 I use-Rlog/RLOG-RILMUXD: [gsm0710muxd] 3572:poll_thread(): poll_thread select found
05-14 18:36:48.297   785   830 I use-Rlog/RLOG-RILMUXD: [gsm0710muxd] 1013:pseudo_device_read(): Enter, LackofAtciChannel=0
05-14 18:36:48.297   785   830 I use-Rlog/RLOG-RILMUXD: [gsm0710muxd] 628:write_frame(): Sending frame to channel 5
05-14 18:36:48.304   785   830 I use-Rlog/RLOG-RILMUXD: [gsm0710muxd] 734:write_frame(): Write a frame on channel 5 with length 12
05-14 18:36:48.306   785   824 I use-Rlog/RLOG-RILMUXD: [gsm0710muxd] 1611:gsm0710_base_buffer_get_frame(): Get a complete frame. ch:5, ctrl:239, len:39
05-14 18:36:48.306   785   824 I use-Rlog/RLOG-RILMUXD: [gsm0710muxd] 2351:extract_frames(): Writing 39 byte frame received on channel 5 to /dev/pts/4
05-14 18:36:48.306   785   824 I use-Rlog/RLOG-RILMUXD: [gsm0710muxd] 2370:extract_frames(): write() returned. Written 39/39 bytes of frame to /dev/pts/4
05-14 18:36:48.306   785   824 I use-Rlog/RLOG-RILMUXD: [gsm0710muxd] 1611:gsm0710_base_buffer_get_frame(): Get a complete frame. ch:5, ctrl:239, len:6
05-14 18:36:48.306   785   824 I use-Rlog/RLOG-RILMUXD: [gsm0710muxd] 2351:extract_frames(): Writing 6 byte frame received on channel 5 to /dev/pts/4
05-14 18:36:48.306   785   824 I use-Rlog/RLOG-RILMUXD: [gsm0710muxd] 2370:extract_frames(): write() returned. Written 6/6 bytes of frame to /dev/pts/4
05-14 18:36:48.306   838   857 I AT      : AT read end: 45:Success
05-14 18:36:48.306   838   857 I AT      : AT read start
05-14 18:36:48.306   838   842 I RILC-MTK: RIL_CMD_PROXY_1 sleep
05-14 18:36:50.513   785   785 I use-Rlog/RLOG-RILMUXD: [gsm0710muxd] 3855:main(): Frames received/dropped: 8877/0
05-14 18:36:53.311   838   851 I RILC    : NUMBER:1
05-14 18:36:53.311   838   851 I RILC    : arg len:14
05-14 18:36:53.311   838   851 I RILC    : ARGS[0]:THERMAL,0,-1
05-14 18:36:53.311   838   844 I RILC-MTK: RIL_ATCI_PROXY wakeup
05-14 18:36:53.311   838   844 I RILC-MTK: RIL_ATCI_PROXY sleep
05-14 18:36:53.311   838   849 I RILC-MTK: RIL_CMD2_PROXY_4 wakeup
05-14 18:36:53.311   838   849 I RILC-MTK: RIL_CMD2_PROXY_4 sleep
05-14 18:36:53.311   838   845 I RILC-MTK: RIL_URC2_PROXY wakeup
05-14 18:36:53.311   838   845 I RILC-MTK: RIL_URC2_PROXY sleep
05-14 18:36:53.311   838   843 I RILC-MTK: RIL_CMD_PROXY_4 wakeup
05-14 18:36:53.311   838   843 I RILC-MTK: RIL_CMD_PROXY_4 sleep
05-14 18:36:53.311   838   840 I RILC-MTK: RIL_CMD_PROXY_3 wakeup
05-14 18:36:53.311   838   840 I RILC-MTK: RIL_CMD_PROXY_3 sleep
05-14 18:36:53.311   838   846 I RILC-MTK: RIL_CMD2_PROXY_3 wakeup
05-14 18:36:53.311   838   846 I RILC-MTK: RIL_CMD2_PROXY_3 sleep
05-14 18:36:53.311   838   841 I RILC-MTK: RIL_CMD_PROXY_2 wakeup
05-14 18:36:53.311   838   841 I RILC-MTK: RIL_CMD_PROXY_2 sleep
05-14 18:36:53.311   838   847 I RILC-MTK: RIL_CMD2_PROXY_2 wakeup
05-14 18:36:53.311   838   847 I RILC-MTK: RIL_CMD2_PROXY_2 sleep
05-14 18:36:53.311   838   848 I RILC-MTK: RIL_CMD2_PROXY_1 wakeup
05-14 18:36:53.311   838   848 I RILC-MTK: RIL_CMD2_PROXY_1 sleep
05-14 18:36:53.311   838   839 I RILC-MTK: RIL_URC_PROXY wakeup
05-14 18:36:53.311   838   839 I RILC-MTK: RIL_URC_PROXY sleep
05-14 18:36:53.311   838   850 I RILC-MTK: RIL_ATCI2_PROXY wakeup
05-14 18:36:53.311   838   850 I RILC-MTK: RIL_ATCI2_PROXY sleep
05-14 18:36:53.312   838   842 I RILC-MTK: RIL_CMD_PROXY_1 wakeup
05-14 18:36:53.312   838   842 I AT      : AT write start
05-14 18:36:53.312   785   830 I use-Rlog/RLOG-RILMUXD: [gsm0710muxd] 3572:poll_thread(): poll_thread select found
05-14 18:36:53.312   785   830 I use-Rlog/RLOG-RILMUXD: [gsm0710muxd] 1013:pseudo_device_read(): Enter, LackofAtciChannel=0
05-14 18:36:53.312   785   830 I use-Rlog/RLOG-RILMUXD: [gsm0710muxd] 628:write_frame(): Sending frame to channel 5
05-14 18:36:53.345   785   824 I use-Rlog/RLOG-RILMUXD: [gsm0710muxd] 1611:gsm0710_base_buffer_get_frame(): Get a complete frame. ch:5, ctrl:239, len:39
05-14 18:36:53.345   785   824 I use-Rlog/RLOG-RILMUXD: [gsm0710muxd] 2351:extract_frames(): Writing 39 byte frame received on channel 5 to /dev/pts/4
05-14 18:36:53.345   785   824 I use-Rlog/RLOG-RILMUXD: [gsm0710muxd] 2370:extract_frames(): write() returned. Written 39/39 bytes of frame to /dev/pts/4
05-14 18:36:53.345   785   824 I use-Rlog/RLOG-RILMUXD: [gsm0710muxd] 1611:gsm0710_base_buffer_get_frame(): Get a complete frame. ch:5, ctrl:239, len:6
05-14 18:36:53.345   785   824 I use-Rlog/RLOG-RILMUXD: [gsm0710muxd] 2351:extract_frames(): Writing 6 byte frame received on channel 5 to /dev/pts/4
05-14 18:36:53.345   785   824 I use-Rlog/RLOG-RILMUXD: [gsm0710muxd] 2370:extract_frames(): write() returned. Written 6/6 bytes of frame to /dev/pts/4
05-14 18:36:53.345   838   857 I AT      : AT read end: 45:Success
05-14 18:36:53.345   838   857 I AT      : AT read start
05-14 18:36:53.345   838   842 I RILC-MTK: RIL_CMD_PROXY_1 sleep
05-14 18:36:53.346   785   830 I use-Rlog/RLOG-RILMUXD: [gsm0710muxd] 734:write_frame(): Write a frame on channel 5 with length 12
05-14 18:36:55.513   785   785 I use-Rlog/RLOG-RILMUXD: [gsm0710muxd] 3855:main(): Frames received/dropped: 8879/0
05-14 18:36:58.351   838   851 I RILC    : NUMBER:1
05-14 18:36:58.351   838   851 I RILC    : arg len:14
05-14 18:36:58.351   838   851 I RILC    : ARGS[0]:THERMAL,0,-1
05-14 18:36:58.351   838   844 I RILC-MTK: RIL_ATCI_PROXY wakeup
05-14 18:36:58.351   838   844 I RILC-MTK: RIL_ATCI_PROXY sleep
05-14 18:36:58.351   838   849 I RILC-MTK: RIL_CMD2_PROXY_4 wakeup
05-14 18:36:58.351   838   849 I RILC-MTK: RIL_CMD2_PROXY_4 sleep
05-14 18:36:58.351   838   845 I RILC-MTK: RIL_URC2_PROXY wakeup
05-14 18:36:58.351   838   845 I RILC-MTK: RIL_URC2_PROXY sleep
05-14 18:36:58.351   838   843 I RILC-MTK: RIL_CMD_PROXY_4 wakeup
05-14 18:36:58.351   838   843 I RILC-MTK: RIL_CMD_PROXY_4 sleep
05-14 18:36:58.351   838   840 I RILC-MTK: RIL_CMD_PROXY_3 wakeup
05-14 18:36:58.351   838   840 I RILC-MTK: RIL_CMD_PROXY_3 sleep
05-14 18:36:58.351   838   846 I RILC-MTK: RIL_CMD2_PROXY_3 wakeup
05-14 18:36:58.351   838   846 I RILC-MTK: RIL_CMD2_PROXY_3 sleep
05-14 18:36:58.351   838   841 I RILC-MTK: RIL_CMD_PROXY_2 wakeup
05-14 18:36:58.351   838   841 I RILC-MTK: RIL_CMD_PROXY_2 sleep
05-14 18:36:58.351   838   847 I RILC-MTK: RIL_CMD2_PROXY_2 wakeup
05-14 18:36:58.351   838   847 I RILC-MTK: RIL_CMD2_PROXY_2 sleep
05-14 18:36:58.351   838   848 I RILC-MTK: RIL_CMD2_PROXY_1 wakeup
05-14 18:36:58.351   838   848 I RILC-MTK: RIL_CMD2_PROXY_1 sleep
05-14 18:36:58.351   838   839 I RILC-MTK: RIL_URC_PROXY wakeup
05-14 18:36:58.351   838   839 I RILC-MTK: RIL_URC_PROXY sleep
05-14 18:36:58.351   838   850 I RILC-MTK: RIL_ATCI2_PROXY wakeup
05-14 18:36:58.351   838   850 I RILC-MTK: RIL_ATCI2_PROXY sleep
05-14 18:36:58.351   838   842 I RILC-MTK: RIL_CMD_PROXY_1 wakeup
05-14 18:36:58.352   838   842 I AT      : AT write start
05-14 18:36:58.352   785   830 I use-Rlog/RLOG-RILMUXD: [gsm0710muxd] 3572:poll_thread(): poll_thread select found
05-14 18:36:58.352   785   830 I use-Rlog/RLOG-RILMUXD: [gsm0710muxd] 1013:pseudo_device_read(): Enter, LackofAtciChannel=0
05-14 18:36:58.352   785   830 I use-Rlog/RLOG-RILMUXD: [gsm0710muxd] 628:write_frame(): Sending frame to channel 5
05-14 18:36:58.393   785   830 I use-Rlog/RLOG-RILMUXD: [gsm0710muxd] 734:write_frame(): Write a frame on channel 5 with length 12
05-14 18:36:58.394   785   824 I use-Rlog/RLOG-RILMUXD: [gsm0710muxd] 1611:gsm0710_base_buffer_get_frame(): Get a complete frame. ch:5, ctrl:239, len:39
05-14 18:36:58.394   785   824 I use-Rlog/RLOG-RILMUXD: [gsm0710muxd] 2351:extract_frames(): Writing 39 byte frame received on channel 5 to /dev/pts/4
05-14 18:36:58.394   785   824 I use-Rlog/RLOG-RILMUXD: [gsm0710muxd] 2370:extract_frames(): write() returned. Written 39/39 bytes of frame to /dev/pts/4
05-14 18:36:58.395   838   857 I AT      : AT read end: 39:Success
05-14 18:36:58.395   838   857 I AT      : AT read start
05-14 18:36:58.395   785   824 I use-Rlog/RLOG-RILMUXD: [gsm0710muxd] 1611:gsm0710_base_buffer_get_frame(): Get a complete frame. ch:5, ctrl:239, len:6
05-14 18:36:58.395   785   824 I use-Rlog/RLOG-RILMUXD: [gsm0710muxd] 2351:extract_frames(): Writing 6 byte frame received on channel 5 to /dev/pts/4
05-14 18:36:58.395   785   824 I use-Rlog/RLOG-RILMUXD: [gsm0710muxd] 2370:extract_frames(): write() returned. Written 6/6 bytes of frame to /dev/pts/4
05-14 18:36:58.395   838   857 I AT      : AT read end: 6:Success
05-14 18:36:58.395   838   857 I AT      : AT read start
05-14 18:36:58.395   838   842 I RILC-MTK: RIL_CMD_PROXY_1 sleep
05-14 18:37:00.513   785   785 I use-Rlog/RLOG-RILMUXD: [gsm0710muxd] 3855:main(): Frames received/dropped: 8881/0
05-14 18:37:03.399   838   851 I RILC    : NUMBER:1
05-14 18:37:03.399   838   851 I RILC    : arg len:14
05-14 18:37:03.399   838   851 I RILC    : ARGS[0]:THERMAL,0,-1
05-14 18:37:03.400   838   844 I RILC-MTK: RIL_ATCI_PROXY wakeup
05-14 18:37:03.400   838   844 I RILC-MTK: RIL_ATCI_PROXY sleep
05-14 18:37:03.400   838   849 I RILC-MTK: RIL_CMD2_PROXY_4 wakeup
05-14 18:37:03.400   838   849 I RILC-MTK: RIL_CMD2_PROXY_4 sleep
05-14 18:37:03.400   838   845 I RILC-MTK: RIL_URC2_PROXY wakeup
05-14 18:37:03.400   838   845 I RILC-MTK: RIL_URC2_PROXY sleep
05-14 18:37:03.400   838   843 I RILC-MTK: RIL_CMD_PROXY_4 wakeup
05-14 18:37:03.400   838   843 I RILC-MTK: RIL_CMD_PROXY_4 sleep
05-14 18:37:03.400   838   840 I RILC-MTK: RIL_CMD_PROXY_3 wakeup
05-14 18:37:03.400   838   840 I RILC-MTK: RIL_CMD_PROXY_3 sleep
05-14 18:37:03.400   838   846 I RILC-MTK: RIL_CMD2_PROXY_3 wakeup
05-14 18:37:03.400   838   846 I RILC-MTK: RIL_CMD2_PROXY_3 sleep
05-14 18:37:03.400   838   841 I RILC-MTK: RIL_CMD_PROXY_2 wakeup
05-14 18:37:03.400   838   841 I RILC-MTK: RIL_CMD_PROXY_2 sleep
05-14 18:37:03.400   838   847 I RILC-MTK: RIL_CMD2_PROXY_2 wakeup
05-14 18:37:03.400   838   847 I RILC-MTK: RIL_CMD2_PROXY_2 sleep
05-14 18:37:03.400   838   848 I RILC-MTK: RIL_CMD2_PROXY_1 wakeup
05-14 18:37:03.400   838   848 I RILC-MTK: RIL_CMD2_PROXY_1 sleep
05-14 18:37:03.400   838   839 I RILC-MTK: RIL_URC_PROXY wakeup
05-14 18:37:03.400   838   839 I RILC-MTK: RIL_URC_PROXY sleep
05-14 18:37:03.400   838   850 I RILC-MTK: RIL_ATCI2_PROXY wakeup
05-14 18:37:03.400   838   850 I RILC-MTK: RIL_ATCI2_PROXY sleep
05-14 18:37:03.400   838   842 I RILC-MTK: RIL_CMD_PROXY_1 wakeup
05-14 18:37:03.400   838   842 I AT      : AT write start
05-14 18:37:03.401   785   830 I use-Rlog/RLOG-RILMUXD: [gsm0710muxd] 3572:poll_thread(): poll_thread select found
05-14 18:37:03.401   785   830 I use-Rlog/RLOG-RILMUXD: [gsm0710muxd] 1013:pseudo_device_read(): Enter, LackofAtciChannel=0
05-14 18:37:03.401   785   830 I use-Rlog/RLOG-RILMUXD: [gsm0710muxd] 628:write_frame(): Sending frame to channel 5
05-14 18:37:03.419   785   830 I use-Rlog/RLOG-RILMUXD: [gsm0710muxd] 734:write_frame(): Write a frame on channel 5 with length 12
05-14 18:37:03.420   785   824 I use-Rlog/RLOG-RILMUXD: [gsm0710muxd] 1611:gsm0710_base_buffer_get_frame(): Get a complete frame. ch:5, ctrl:239, len:39
05-14 18:37:03.421   785   824 I use-Rlog/RLOG-RILMUXD: [gsm0710muxd] 2351:extract_frames(): Writing 39 byte frame received on channel 5 to /dev/pts/4
05-14 18:37:03.421   785   824 I use-Rlog/RLOG-RILMUXD: [gsm0710muxd] 2370:extract_frames(): write() returned. Written 39/39 bytes of frame to /dev/pts/4
05-14 18:37:03.421   838   857 I AT      : AT read end: 39:Success
05-14 18:37:03.421   838   857 I AT      : AT read start
05-14 18:37:03.421   785   824 I use-Rlog/RLOG-RILMUXD: [gsm0710muxd] 1611:gsm0710_base_buffer_get_frame(): Get a complete frame. ch:5, ctrl:239, len:6
05-14 18:37:03.421   785   824 I use-Rlog/RLOG-RILMUXD: [gsm0710muxd] 2351:extract_frames(): Writing 6 byte frame received on channel 5 to /dev/pts/4
05-14 18:37:03.421   785   824 I use-Rlog/RLOG-RILMUXD: [gsm0710muxd] 2370:extract_frames(): write() returned. Written 6/6 bytes of frame to /dev/pts/4
05-14 18:37:03.421   838   857 I AT      : AT read end: 6:Success
05-14 18:37:03.421   838   857 I AT      : AT read start
05-14 18:37:03.421   838   842 I RILC-MTK: RIL_CMD_PROXY_1 sleep
05-14 18:37:05.513   785   785 I use-Rlog/RLOG-RILMUXD: [gsm0710muxd] 3855:main(): Frames received/dropped: 8883/0
05-14 18:37:08.428   838   851 I RILC    : NUMBER:1
05-14 18:37:08.428   838   851 I RILC    : arg len:14
05-14 18:37:08.428   838   851 I RILC    : ARGS[0]:THERMAL,0,-1
05-14 18:37:08.428   838   844 I RILC-MTK: RIL_ATCI_PROXY wakeup
05-14 18:37:08.428   838   844 I RILC-MTK: RIL_ATCI_PROXY sleep
05-14 18:37:08.428   838   849 I RILC-MTK: RIL_CMD2_PROXY_4 wakeup
05-14 18:37:08.428   838   849 I RILC-MTK: RIL_CMD2_PROXY_4 sleep
05-14 18:37:08.428   838   845 I RILC-MTK: RIL_URC2_PROXY wakeup
05-14 18:37:08.428   838   845 I RILC-MTK: RIL_URC2_PROXY sleep
05-14 18:37:08.428   838   843 I RILC-MTK: RIL_CMD_PROXY_4 wakeup
05-14 18:37:08.428   838   843 I RILC-MTK: RIL_CMD_PROXY_4 sleep
05-14 18:37:08.428   838   840 I RILC-MTK: RIL_CMD_PROXY_3 wakeup
05-14 18:37:08.428   838   840 I RILC-MTK: RIL_CMD_PROXY_3 sleep
05-14 18:37:08.428   838   846 I RILC-MTK: RIL_CMD2_PROXY_3 wakeup
05-14 18:37:08.428   838   846 I RILC-MTK: RIL_CMD2_PROXY_3 sleep
05-14 18:37:08.428   838   841 I RILC-MTK: RIL_CMD_PROXY_2 wakeup
05-14 18:37:08.428   838   841 I RILC-MTK: RIL_CMD_PROXY_2 sleep
05-14 18:37:08.428   838   847 I RILC-MTK: RIL_CMD2_PROXY_2 wakeup
05-14 18:37:08.428   838   847 I RILC-MTK: RIL_CMD2_PROXY_2 sleep
05-14 18:37:08.428   838   848 I RILC-MTK: RIL_CMD2_PROXY_1 wakeup
05-14 18:37:08.428   838   848 I RILC-MTK: RIL_CMD2_PROXY_1 sleep
05-14 18:37:08.428   838   839 I RILC-MTK: RIL_URC_PROXY wakeup
05-14 18:37:08.428   838   839 I RILC-MTK: RIL_URC_PROXY sleep
05-14 18:37:08.428   838   850 I RILC-MTK: RIL_ATCI2_PROXY wakeup
05-14 18:37:08.428   838   850 I RILC-MTK: RIL_ATCI2_PROXY sleep
05-14 18:37:08.428   838   842 I RILC-MTK: RIL_CMD_PROXY_1 wakeup
05-14 18:37:08.429   838   842 I AT      : AT write start
05-14 18:37:08.429   785   830 I use-Rlog/RLOG-RILMUXD: [gsm0710muxd] 3572:poll_thread(): poll_thread select found
05-14 18:37:08.429   785   830 I use-Rlog/RLOG-RILMUXD: [gsm0710muxd] 1013:pseudo_device_read(): Enter, LackofAtciChannel=0
05-14 18:37:08.429   785   830 I use-Rlog/RLOG-RILMUXD: [gsm0710muxd] 628:write_frame(): Sending frame to channel 5
05-14 18:37:08.457   785   830 I use-Rlog/RLOG-RILMUXD: [gsm0710muxd] 734:write_frame(): Write a frame on channel 5 with length 12
05-14 18:37:08.458   785   824 I use-Rlog/RLOG-RILMUXD: [gsm0710muxd] 1611:gsm0710_base_buffer_get_frame(): Get a complete frame. ch:5, ctrl:239, len:39
05-14 18:37:08.458   785   824 I use-Rlog/RLOG-RILMUXD: [gsm0710muxd] 2351:extract_frames(): Writing 39 byte frame received on channel 5 to /dev/pts/4
05-14 18:37:08.458   785   824 I use-Rlog/RLOG-RILMUXD: [gsm0710muxd] 2370:extract_frames(): write() returned. Written 39/39 bytes of frame to /dev/pts/4
05-14 18:37:08.458   838   857 I AT      : AT read end: 39:Success
05-14 18:37:08.458   838   857 I AT      : AT read start
05-14 18:37:08.458   785   824 I use-Rlog/RLOG-RILMUXD: [gsm0710muxd] 1611:gsm0710_base_buffer_get_frame(): Get a complete frame. ch:5, ctrl:239, len:6
05-14 18:37:08.458   785   824 I use-Rlog/RLOG-RILMUXD: [gsm0710muxd] 2351:extract_frames(): Writing 6 byte frame received on channel 5 to /dev/pts/4
05-14 18:37:08.458   785   824 I use-Rlog/RLOG-RILMUXD: [gsm0710muxd] 2370:extract_frames(): write() returned. Written 6/6 bytes of frame to /dev/pts/4
05-14 18:37:08.458   838   857 I AT      : AT read end: 6:Success
05-14 18:37:08.458   838   857 I AT      : AT read start
05-14 18:37:08.458   838   842 I RILC-MTK: RIL_CMD_PROXY_1 sleep
05-14 18:37:10.513   785   785 I use-Rlog/RLOG-RILMUXD: [gsm0710muxd] 3855:main(): Frames received/dropped: 8885/0
05-14 18:37:13.461   838   851 I RILC    : NUMBER:1
05-14 18:37:13.461   838   851 I RILC    : arg len:14
05-14 18:37:13.461   838   851 I RILC    : ARGS[0]:THERMAL,0,-1
05-14 18:37:13.461   838   844 I RILC-MTK: RIL_ATCI_PROXY wakeup
05-14 18:37:13.461   838   844 I RILC-MTK: RIL_ATCI_PROXY sleep
05-14 18:37:13.461   838   849 I RILC-MTK: RIL_CMD2_PROXY_4 wakeup
05-14 18:37:13.461   838   849 I RILC-MTK: RIL_CMD2_PROXY_4 sleep
05-14 18:37:13.461   838   845 I RILC-MTK: RIL_URC2_PROXY wakeup
05-14 18:37:13.461   838   845 I RILC-MTK: RIL_URC2_PROXY sleep
05-14 18:37:13.461   838   843 I RILC-MTK: RIL_CMD_PROXY_4 wakeup
05-14 18:37:13.461   838   843 I RILC-MTK: RIL_CMD_PROXY_4 sleep
05-14 18:37:13.461   838   840 I RILC-MTK: RIL_CMD_PROXY_3 wakeup
05-14 18:37:13.461   838   840 I RILC-MTK: RIL_CMD_PROXY_3 sleep
05-14 18:37:13.461   838   846 I RILC-MTK: RIL_CMD2_PROXY_3 wakeup
05-14 18:37:13.461   838   846 I RILC-MTK: RIL_CMD2_PROXY_3 sleep
05-14 18:37:13.461   838   841 I RILC-MTK: RIL_CMD_PROXY_2 wakeup
05-14 18:37:13.461   838   841 I RILC-MTK: RIL_CMD_PROXY_2 sleep
05-14 18:37:13.461   838   847 I RILC-MTK: RIL_CMD2_PROXY_2 wakeup
05-14 18:37:13.461   838   847 I RILC-MTK: RIL_CMD2_PROXY_2 sleep
05-14 18:37:13.461   838   848 I RILC-MTK: RIL_CMD2_PROXY_1 wakeup
05-14 18:37:13.461   838   848 I RILC-MTK: RIL_CMD2_PROXY_1 sleep
05-14 18:37:13.461   838   839 I RILC-MTK: RIL_URC_PROXY wakeup
