05-14 18:37:20.499   838   842 I RILC-MTK: RIL_CMD_PROXY_1 sleep
05-14 18:37:20.499   838   844 I RILC-MTK: RIL_ATCI_PROXY wakeup
05-14 18:37:20.499   838   844 I RILC-MTK: RIL_ATCI_PROXY sleep
05-14 18:37:20.499   838   846 I RILC-MTK: RIL_CMD2_PROXY_3 wakeup
05-14 18:37:20.499   838   846 I RILC-MTK: RIL_CMD2_PROXY_3 sleep
05-14 18:37:20.499   838   848 I RILC-MTK: RIL_CMD2_PROXY_1 wakeup
05-14 18:37:20.500   838   839 I RILC-MTK: RIL_URC_PROXY wakeup
05-14 18:37:20.500   838   840 I RILC-MTK: RIL_CMD_PROXY_3 wakeup
05-14 18:37:20.500   785   829 I use-Rlog/RLOG-RILMUXD: [gsm0710muxd] 3572:poll_thread(): poll_thread select found
05-14 18:37:20.500   838   847 I RILC-MTK: RIL_CMD2_PROXY_2 wakeup
05-14 18:37:20.500   838   850 I RILC-MTK: RIL_ATCI2_PROXY sleep
05-14 18:37:20.500   785   829 I use-Rlog/RLOG-RILMUXD: [gsm0710muxd] 1013:pseudo_device_read(): Enter, LackofAtciChannel=0
05-14 18:37:20.500   785   829 I use-Rlog/RLOG-RILMUXD: [gsm0710muxd] 628:write_frame(): Sending frame to channel 4
05-14 18:37:20.501   838   845 I RILC-MTK: RIL_URC2_PROXY wakeup
05-14 18:37:20.501   838   845 I RILC-MTK: RIL_URC2_PROXY sleep
05-14 18:37:20.501   838   843 I RILC-MTK: RIL_CMD_PROXY_4 wakeup
05-14 18:37:20.502   838   848 I RILC-MTK: RIL_CMD2_PROXY_1 sleep
05-14 18:37:20.502   838   839 I RILC-MTK: RIL_URC_PROXY sleep
05-14 18:37:20.502   838   840 I RILC-MTK: RIL_CMD_PROXY_3 sleep
05-14 18:37:20.502   838   847 I RILC-MTK: RIL_CMD2_PROXY_2 sleep
05-14 18:37:20.502   838   843 I RILC-MTK: RIL_CMD_PROXY_4 sleep
05-14 18:37:20.510   785   829 I use-Rlog/RLOG-RILMUXD: [gsm0710muxd] 734:write_frame(): Write a frame on channel 4 with length 9
05-14 18:37:20.511   785   824 I use-Rlog/RLOG-RILMUXD: [gsm0710muxd] 1611:gsm0710_base_buffer_get_frame(): Get a complete frame. ch:4, ctrl:239, len:512
05-14 18:37:20.511   785   824 I use-Rlog/RLOG-RILMUXD: [gsm0710muxd] 2351:extract_frames(): Writing 512 byte frame received on channel 4 to /dev/pts/3
05-14 18:37:20.511   785   824 I use-Rlog/RLOG-RILMUXD: [gsm0710muxd] 2370:extract_frames(): write() returned. Written 512/512 bytes of frame to /dev/pts/3
05-14 18:37:20.512   785   824 I use-Rlog/RLOG-RILMUXD: [gsm0710muxd] 1611:gsm0710_base_buffer_get_frame(): Get a complete frame. ch:4, ctrl:239, len:48
05-14 18:37:20.512   785   824 I use-Rlog/RLOG-RILMUXD: [gsm0710muxd] 2351:extract_frames(): Writing 48 byte frame received on channel 4 to /dev/pts/3
05-14 18:37:20.512   838   856 I AT      : AT read end: 512:Success
05-14 18:37:20.512   838   856 I AT      : AT read start
05-14 18:37:20.512   785   824 I use-Rlog/RLOG-RILMUXD: [gsm0710muxd] 2370:extract_frames(): write() returned. Written 48/48 bytes of frame to /dev/pts/3
05-14 18:37:20.512   785   824 I use-Rlog/RLOG-RILMUXD: [gsm0710muxd] 1611:gsm0710_base_buffer_get_frame(): Get a complete frame. ch:4, ctrl:239, len:6
05-14 18:37:20.512   785   824 I use-Rlog/RLOG-RILMUXD: [gsm0710muxd] 2351:extract_frames(): Writing 6 byte frame received on channel 4 to /dev/pts/3
05-14 18:37:20.512   785   824 I use-Rlog/RLOG-RILMUXD: [gsm0710muxd] 2370:extract_frames(): write() returned. Written 6/6 bytes of frame to /dev/pts/3
05-14 18:37:20.512   838   856 I AT      : AT read end: 54:Success
05-14 18:37:20.512   838   856 I AT      : AT read start
05-14 18:37:20.512   838   841 E RILC    : Send Response to RIL_SOCKET_1
05-14 18:37:20.512   838   841 I RILC-MTK: RIL_CMD_PROXY_2 sleep
05-14 18:37:20.514   785   785 I use-Rlog/RLOG-RILMUXD: [gsm0710muxd] 3855:main(): Frames received/dropped: 8929/0
05-14 18:37:20.516   838   851 I RILC-MTK: create request 109: pRequest=0x7f7a41a4e0, pRI=0x7f7a41b280, p=0x7f7a44b280, pUCI=0x0
05-14 18:37:20.516   838   843 I RILC-MTK: RIL_CMD_PROXY_4 wakeup
05-14 18:37:20.516   838   843 I RILC-MTK: RIL_CMD_PROXY_4 sleep
05-14 18:37:20.517   838   849 I RILC-MTK: RIL_CMD2_PROXY_4 wakeup
05-14 18:37:20.517   838   849 I RILC-MTK: RIL_CMD2_PROXY_4 sleep
05-14 18:37:20.517   838   842 I RILC-MTK: RIL_CMD_PROXY_1 wakeup
05-14 18:37:20.517   838   840 I RILC-MTK: RIL_CMD_PROXY_3 wakeup
05-14 18:37:20.517   838   842 I RILC-MTK: RIL_CMD_PROXY_1 sleep
05-14 18:37:20.517   838   841 I RILC-MTK: RIL_CMD_PROXY_2 wakeup
05-14 18:37:20.517   838   841 I RILC-MTK: RIL_CMD_PROXY_2 sleep
05-14 18:37:20.517   838   844 I RILC-MTK: RIL_ATCI_PROXY wakeup
05-14 18:37:20.517   838   840 I RILC-MTK: RIL_CMD_PROXY_3 sleep
05-14 18:37:20.517   838   846 I RILC-MTK: RIL_CMD2_PROXY_3 wakeup
05-14 18:37:20.517   838   846 I RILC-MTK: RIL_CMD2_PROXY_3 sleep
05-14 18:37:20.517   838   850 I RILC-MTK: RIL_ATCI2_PROXY wakeup
05-14 18:37:20.517   838   850 I RILC-MTK: RIL_ATCI2_PROXY sleep
05-14 18:37:20.517   838   845 I RILC-MTK: RIL_URC2_PROXY wakeup
05-14 18:37:20.517   838   845 I RILC-MTK: RIL_URC2_PROXY sleep
05-14 18:37:20.517   838   839 I RILC-MTK: RIL_URC_PROXY wakeup
05-14 18:37:20.517   838   839 I RILC-MTK: RIL_URC_PROXY sleep
05-14 18:37:20.517   838   847 I RILC-MTK: RIL_CMD2_PROXY_2 wakeup
05-14 18:37:20.517   838   848 I RILC-MTK: RIL_CMD2_PROXY_1 wakeup
05-14 18:37:20.517   838   848 I RILC-MTK: RIL_CMD2_PROXY_1 sleep
05-14 18:37:20.517   838   844 I RILC-MTK: RIL_ATCI_PROXY sleep
05-14 18:37:20.517   838   847 E RILC    : Send Response to RIL_SOCKET_2
05-14 18:37:20.517   838   847 I RILC-MTK: RIL_CMD2_PROXY_2 sleep
05-14 18:37:23.489   838   851 I RILC    : NUMBER:1
05-14 18:37:23.489   838   851 I RILC    : arg len:14
05-14 18:37:23.489   838   851 I RILC    : ARGS[0]:THERMAL,0,-1
05-14 18:37:23.489   838   847 I RILC-MTK: RIL_CMD2_PROXY_2 wakeup
05-14 18:37:23.489   838   847 I RILC-MTK: RIL_CMD2_PROXY_2 sleep
05-14 18:37:23.489   838   843 I RILC-MTK: RIL_CMD_PROXY_4 wakeup
05-14 18:37:23.489   838   843 I RILC-MTK: RIL_CMD_PROXY_4 sleep
05-14 18:37:23.489   838   849 I RILC-MTK: RIL_CMD2_PROXY_4 wakeup
05-14 18:37:23.489   838   849 I RILC-MTK: RIL_CMD2_PROXY_4 sleep
05-14 18:37:23.489   838   842 I RILC-MTK: RIL_CMD_PROXY_1 wakeup
05-14 18:37:23.489   838   842 I AT      : AT write start
05-14 18:37:23.489   838   841 I RILC-MTK: RIL_CMD_PROXY_2 wakeup
05-14 18:37:23.489   838   841 I RILC-MTK: RIL_CMD_PROXY_2 sleep
05-14 18:37:23.489   838   840 I RILC-MTK: RIL_CMD_PROXY_3 wakeup
05-14 18:37:23.489   838   840 I RILC-MTK: RIL_CMD_PROXY_3 sleep
05-14 18:37:23.489   785   830 I use-Rlog/RLOG-RILMUXD: [gsm0710muxd] 3572:poll_thread(): poll_thread select found
05-14 18:37:23.489   838   846 I RILC-MTK: RIL_CMD2_PROXY_3 wakeup
05-14 18:37:23.489   838   846 I RILC-MTK: RIL_CMD2_PROXY_3 sleep
05-14 18:37:23.489   785   830 I use-Rlog/RLOG-RILMUXD: [gsm0710muxd] 1013:pseudo_device_read(): Enter, LackofAtciChannel=0
05-14 18:37:23.489   838   850 I RILC-MTK: RIL_ATCI2_PROXY wakeup
05-14 18:37:23.489   838   850 I RILC-MTK: RIL_ATCI2_PROXY sleep
05-14 18:37:23.489   785   830 I use-Rlog/RLOG-RILMUXD: [gsm0710muxd] 628:write_frame(): Sending frame to channel 5
05-14 18:37:23.489   838   845 I RILC-MTK: RIL_URC2_PROXY wakeup
05-14 18:37:23.489   838   845 I RILC-MTK: RIL_URC2_PROXY sleep
05-14 18:37:23.489   838   839 I RILC-MTK: RIL_URC_PROXY wakeup
05-14 18:37:23.489   838   839 I RILC-MTK: RIL_URC_PROXY sleep
05-14 18:37:23.489   838   848 I RILC-MTK: RIL_CMD2_PROXY_1 wakeup
05-14 18:37:23.489   838   848 I RILC-MTK: RIL_CMD2_PROXY_1 sleep
05-14 18:37:23.489   838   844 I RILC-MTK: RIL_ATCI_PROXY wakeup
05-14 18:37:23.489   838   844 I RILC-MTK: RIL_ATCI_PROXY sleep
05-14 18:37:23.496   785   830 I use-Rlog/RLOG-RILMUXD: [gsm0710muxd] 734:write_frame(): Write a frame on channel 5 with length 12
05-14 18:37:23.498   785   824 I use-Rlog/RLOG-RILMUXD: [gsm0710muxd] 1611:gsm0710_base_buffer_get_frame(): Get a complete frame. ch:5, ctrl:239, len:39
05-14 18:37:23.498   785   824 I use-Rlog/RLOG-RILMUXD: [gsm0710muxd] 2351:extract_frames(): Writing 39 byte frame received on channel 5 to /dev/pts/4
05-14 18:37:23.498   785   824 I use-Rlog/RLOG-RILMUXD: [gsm0710muxd] 2370:extract_frames(): write() returned. Written 39/39 bytes of frame to /dev/pts/4
05-14 18:37:23.498   838   857 I AT      : AT read end: 39:Success
05-14 18:37:23.498   838   857 I AT      : AT read start
05-14 18:37:23.498   785   824 I use-Rlog/RLOG-RILMUXD: [gsm0710muxd] 1611:gsm0710_base_buffer_get_frame(): Get a complete frame. ch:5, ctrl:239, len:6
05-14 18:37:23.498   785   824 I use-Rlog/RLOG-RILMUXD: [gsm0710muxd] 2351:extract_frames(): Writing 6 byte frame received on channel 5 to /dev/pts/4
05-14 18:37:23.498   785   824 I use-Rlog/RLOG-RILMUXD: [gsm0710muxd] 2370:extract_frames(): write() returned. Written 6/6 bytes of frame to /dev/pts/4
05-14 18:37:23.498   838   857 I AT      : AT read end: 6:Success
05-14 18:37:23.498   838   857 I AT      : AT read start
05-14 18:37:23.498   838   842 I RILC-MTK: RIL_CMD_PROXY_1 sleep
05-14 18:37:25.514   785   785 I use-Rlog/RLOG-RILMUXD: [gsm0710muxd] 3855:main(): Frames received/dropped: 8931/0
05-14 18:37:27.432   785   824 I use-Rlog/RLOG-RILMUXD: [gsm0710muxd] 1611:gsm0710_base_buffer_get_frame(): Get a complete frame. ch:2, ctrl:239, len:31
05-14 18:37:27.432   785   824 I use-Rlog/RLOG-RILMUXD: [gsm0710muxd] 2351:extract_frames(): Writing 31 byte frame received on channel 2 to /dev/pts/1
05-14 18:37:27.432   785   824 I use-Rlog/RLOG-RILMUXD: [gsm0710muxd] 2370:extract_frames(): write() returned. Written 31/31 bytes of frame to /dev/pts/1
05-14 18:37:27.432   838   854 I AT      : AT read end: 31:Bad file number
05-14 18:37:27.432   838   854 I RILC    : RIL_SOCKET_1 UNSOLICITED: UNSOL_SIGNAL_STRENGTH length:72
05-14 18:37:27.432   838   854 E RILC    : Send Response to RIL_SOCKET_1
05-14 18:37:27.432   838   854 I AT      : AT read start
05-14 18:37:27.435  1696  1696 W SignalStrength: SignalStrength get plugin
05-14 18:37:27.435  1696  1696 I use-Rlog/RLOG-GSM: getLTELevel - rsrp:2147483647 snr:2147483647 rsrpIconLevel:-1 snrIconLevel:-1
05-14 18:37:27.435  1696  1696 I use-Rlog/RLOG-GSM: getLTELevel - rssi:99 rssiIconLevel:0
05-14 18:37:27.435  1696  1696 W SignalStrength: SignalStrength get plugin
05-14 18:37:27.435  1696  1696 I use-Rlog/RLOG-GSM: getGsmLevel - asu:23 level:5
05-14 18:37:27.456   788  1750 W SignalStrength: SignalStrength get plugin
05-14 18:37:27.456   788  1750 I use-Rlog/RLOG-GSM: getLTELevel - rsrp:2147483647 snr:2147483647 rsrpIconLevel:-1 snrIconLevel:-1
05-14 18:37:27.456   788  1750 I use-Rlog/RLOG-GSM: getLTELevel - rssi:99 rssiIconLevel:0
05-14 18:37:27.456   788  1750 W SignalStrength: SignalStrength get plugin
05-14 18:37:27.456   788  1750 I use-Rlog/RLOG-GSM: getGsmLevel - asu:23 level:5
05-14 18:37:28.500   838   851 I RILC    : NUMBER:1
05-14 18:37:28.500   838   851 I RILC    : arg len:14
05-14 18:37:28.500   838   851 I RILC    : ARGS[0]:THERMAL,0,-1
05-14 18:37:28.501   838   847 I RILC-MTK: RIL_CMD2_PROXY_2 wakeup
05-14 18:37:28.501   838   847 I RILC-MTK: RIL_CMD2_PROXY_2 sleep
05-14 18:37:28.501   838   843 I RILC-MTK: RIL_CMD_PROXY_4 wakeup
05-14 18:37:28.501   838   843 I RILC-MTK: RIL_CMD_PROXY_4 sleep
05-14 18:37:28.501   838   849 I RILC-MTK: RIL_CMD2_PROXY_4 wakeup
05-14 18:37:28.501   838   849 I RILC-MTK: RIL_CMD2_PROXY_4 sleep
05-14 18:37:28.501   838   841 I RILC-MTK: RIL_CMD_PROXY_2 wakeup
05-14 18:37:28.501   838   841 I RILC-MTK: RIL_CMD_PROXY_2 sleep
05-14 18:37:28.501   838   840 I RILC-MTK: RIL_CMD_PROXY_3 wakeup
05-14 18:37:28.501   838   840 I RILC-MTK: RIL_CMD_PROXY_3 sleep
05-14 18:37:28.501   838   846 I RILC-MTK: RIL_CMD2_PROXY_3 wakeup
05-14 18:37:28.501   838   846 I RILC-MTK: RIL_CMD2_PROXY_3 sleep
05-14 18:37:28.501   838   850 I RILC-MTK: RIL_ATCI2_PROXY wakeup
05-14 18:37:28.501   838   850 I RILC-MTK: RIL_ATCI2_PROXY sleep
05-14 18:37:28.501   838   845 I RILC-MTK: RIL_URC2_PROXY wakeup
05-14 18:37:28.501   838   845 I RILC-MTK: RIL_URC2_PROXY sleep
05-14 18:37:28.501   838   839 I RILC-MTK: RIL_URC_PROXY wakeup
05-14 18:37:28.501   838   839 I RILC-MTK: RIL_URC_PROXY sleep
05-14 18:37:28.501   838   848 I RILC-MTK: RIL_CMD2_PROXY_1 wakeup
05-14 18:37:28.501   838   848 I RILC-MTK: RIL_CMD2_PROXY_1 sleep
05-14 18:37:28.501   838   844 I RILC-MTK: RIL_ATCI_PROXY wakeup
05-14 18:37:28.501   838   844 I RILC-MTK: RIL_ATCI_PROXY sleep
05-14 18:37:28.501   838   842 I RILC-MTK: RIL_CMD_PROXY_1 wakeup
05-14 18:37:28.501   838   842 I AT      : AT write start
05-14 18:37:28.501   785   830 I use-Rlog/RLOG-RILMUXD: [gsm0710muxd] 3572:poll_thread(): poll_thread select found
05-14 18:37:28.501   785   830 I use-Rlog/RLOG-RILMUXD: [gsm0710muxd] 1013:pseudo_device_read(): Enter, LackofAtciChannel=0
05-14 18:37:28.501   785   830 I use-Rlog/RLOG-RILMUXD: [gsm0710muxd] 628:write_frame(): Sending frame to channel 5
05-14 18:37:28.514   785   830 I use-Rlog/RLOG-RILMUXD: [gsm0710muxd] 734:write_frame(): Write a frame on channel 5 with length 12
05-14 18:37:28.517   785   824 I use-Rlog/RLOG-RILMUXD: [gsm0710muxd] 1611:gsm0710_base_buffer_get_frame(): Get a complete frame. ch:5, ctrl:239, len:39
05-14 18:37:28.517   785   824 I use-Rlog/RLOG-RILMUXD: [gsm0710muxd] 2351:extract_frames(): Writing 39 byte frame received on channel 5 to /dev/pts/4
05-14 18:37:28.518   785   824 I use-Rlog/RLOG-RILMUXD: [gsm0710muxd] 2370:extract_frames(): write() returned. Written 39/39 bytes of frame to /dev/pts/4
05-14 18:37:28.518   785   824 I use-Rlog/RLOG-RILMUXD: [gsm0710muxd] 1611:gsm0710_base_buffer_get_frame(): Get a complete frame. ch:5, ctrl:239, len:6
05-14 18:37:28.518   785   824 I use-Rlog/RLOG-RILMUXD: [gsm0710muxd] 2351:extract_frames(): Writing 6 byte frame received on channel 5 to /dev/pts/4
05-14 18:37:28.518   785   824 I use-Rlog/RLOG-RILMUXD: [gsm0710muxd] 2370:extract_frames(): write() returned. Written 6/6 bytes of frame to /dev/pts/4
05-14 18:37:28.518   838   857 I AT      : AT read end: 45:Success
05-14 18:37:28.518   838   857 I AT      : AT read start
05-14 18:37:28.518   838   842 I RILC-MTK: RIL_CMD_PROXY_1 sleep
05-14 18:37:30.514   785   785 I use-Rlog/RLOG-RILMUXD: [gsm0710muxd] 3855:main(): Frames received/dropped: 8934/0
05-14 18:37:33.524   838   851 I RILC    : NUMBER:1
05-14 18:37:33.524   838   851 I RILC    : arg len:14
05-14 18:37:33.524   838   851 I RILC    : ARGS[0]:THERMAL,0,-1
05-14 18:37:33.524   838   847 I RILC-MTK: RIL_CMD2_PROXY_2 wakeup
05-14 18:37:33.524   838   847 I RILC-MTK: RIL_CMD2_PROXY_2 sleep
05-14 18:37:33.524   838   843 I RILC-MTK: RIL_CMD_PROXY_4 wakeup
05-14 18:37:33.524   838   843 I RILC-MTK: RIL_CMD_PROXY_4 sleep
05-14 18:37:33.524   838   849 I RILC-MTK: RIL_CMD2_PROXY_4 wakeup
05-14 18:37:33.524   838   849 I RILC-MTK: RIL_CMD2_PROXY_4 sleep
05-14 18:37:33.524   838   841 I RILC-MTK: RIL_CMD_PROXY_2 wakeup
05-14 18:37:33.524   838   841 I RILC-MTK: RIL_CMD_PROXY_2 sleep
05-14 18:37:33.524   838   840 I RILC-MTK: RIL_CMD_PROXY_3 wakeup
05-14 18:37:33.524   838   840 I RILC-MTK: RIL_CMD_PROXY_3 sleep
05-14 18:37:33.524   838   846 I RILC-MTK: RIL_CMD2_PROXY_3 wakeup
05-14 18:37:33.524   838   846 I RILC-MTK: RIL_CMD2_PROXY_3 sleep
05-14 18:37:33.524   838   850 I RILC-MTK: RIL_ATCI2_PROXY wakeup
05-14 18:37:33.524   838   850 I RILC-MTK: RIL_ATCI2_PROXY sleep
05-14 18:37:33.524   838   845 I RILC-MTK: RIL_URC2_PROXY wakeup
05-14 18:37:33.524   838   845 I RILC-MTK: RIL_URC2_PROXY sleep
05-14 18:37:33.524   838   839 I RILC-MTK: RIL_URC_PROXY wakeup
05-14 18:37:33.524   838   839 I RILC-MTK: RIL_URC_PROXY sleep
05-14 18:37:33.524   838   848 I RILC-MTK: RIL_CMD2_PROXY_1 wakeup
05-14 18:37:33.524   838   848 I RILC-MTK: RIL_CMD2_PROXY_1 sleep
05-14 18:37:33.524   838   844 I RILC-MTK: RIL_ATCI_PROXY wakeup
05-14 18:37:33.524   838   844 I RILC-MTK: RIL_ATCI_PROXY sleep
05-14 18:37:33.524   838   842 I RILC-MTK: RIL_CMD_PROXY_1 wakeup
05-14 18:37:33.525   838   842 I AT      : AT write start
05-14 18:37:33.525   785   830 I use-Rlog/RLOG-RILMUXD: [gsm0710muxd] 3572:poll_thread(): poll_thread select found
05-14 18:37:33.525   785   830 I use-Rlog/RLOG-RILMUXD: [gsm0710muxd] 1013:pseudo_device_read(): Enter, LackofAtciChannel=0
05-14 18:37:33.525   785   830 I use-Rlog/RLOG-RILMUXD: [gsm0710muxd] 628:write_frame(): Sending frame to channel 5
05-14 18:37:33.532   785   830 I use-Rlog/RLOG-RILMUXD: [gsm0710muxd] 734:write_frame(): Write a frame on channel 5 with length 12
05-14 18:37:33.536   785   824 I use-Rlog/RLOG-RILMUXD: [gsm0710muxd] 1611:gsm0710_base_buffer_get_frame(): Get a complete frame. ch:5, ctrl:239, len:39
05-14 18:37:33.536   785   824 I use-Rlog/RLOG-RILMUXD: [gsm0710muxd] 2351:extract_frames(): Writing 39 byte frame received on channel 5 to /dev/pts/4
05-14 18:37:33.536   785   824 I use-Rlog/RLOG-RILMUXD: [gsm0710muxd] 2370:extract_frames(): write() returned. Written 39/39 bytes of frame to /dev/pts/4
05-14 18:37:33.536   785   824 I use-Rlog/RLOG-RILMUXD: [gsm0710muxd] 1611:gsm0710_base_buffer_get_frame(): Get a complete frame. ch:5, ctrl:239, len:6
05-14 18:37:33.536   785   824 I use-Rlog/RLOG-RILMUXD: [gsm0710muxd] 2351:extract_frames(): Writing 6 byte frame received on channel 5 to /dev/pts/4
05-14 18:37:33.536   785   824 I use-Rlog/RLOG-RILMUXD: [gsm0710muxd] 2370:extract_frames(): write() returned. Written 6/6 bytes of frame to /dev/pts/4
05-14 18:37:33.536   838   857 I AT      : AT read end: 45:Success
05-14 18:37:33.536   838   857 I AT      : AT read start
05-14 18:37:33.536   838   842 I RILC-MTK: RIL_CMD_PROXY_1 sleep
05-14 18:37:35.514   785   785 I use-Rlog/RLOG-RILMUXD: [gsm0710muxd] 3855:main(): Frames received/dropped: 8936/0
05-14 18:37:36.847   785   824 I use-Rlog/RLOG-RILMUXD: [gsm0710muxd] 1611:gsm0710_base_buffer_get_frame(): Get a complete frame. ch:2, ctrl:239, len:31
05-14 18:37:36.847   785   824 I use-Rlog/RLOG-RILMUXD: [gsm0710muxd] 2351:extract_frames(): Writing 31 byte frame received on channel 2 to /dev/pts/1
05-14 18:37:36.848   785   824 I use-Rlog/RLOG-RILMUXD: [gsm0710muxd] 2370:extract_frames(): write() returned. Written 31/31 bytes of frame to /dev/pts/1
05-14 18:37:36.848   838   854 I AT      : AT read end: 31:Bad file number
05-14 18:37:36.848   838   854 I RILC    : RIL_SOCKET_1 UNSOLICITED: UNSOL_SIGNAL_STRENGTH length:72
05-14 18:37:36.848   838   854 E RILC    : Send Response to RIL_SOCKET_1
05-14 18:37:36.848   838   854 I AT      : AT read start
05-14 18:37:36.848  1696  1696 W SignalStrength: SignalStrength get plugin
05-14 18:37:36.848  1696  1696 I use-Rlog/RLOG-GSM: getLTELevel - rsrp:2147483647 snr:2147483647 rsrpIconLevel:-1 snrIconLevel:-1
05-14 18:37:36.848  1696  1696 I use-Rlog/RLOG-GSM: getLTELevel - rssi:99 rssiIconLevel:0
05-14 18:37:36.848  1696  1696 W SignalStrength: SignalStrength get plugin
05-14 18:37:36.848  1696  1696 I use-Rlog/RLOG-GSM: getGsmLevel - asu:26 level:5
05-14 18:37:36.865   788  3778 W SignalStrength: SignalStrength get plugin
05-14 18:37:36.865   788  3778 I use-Rlog/RLOG-GSM: getLTELevel - rsrp:2147483647 snr:2147483647 rsrpIconLevel:-1 snrIconLevel:-1
05-14 18:37:36.865   788  3778 I use-Rlog/RLOG-GSM: getLTELevel - rssi:99 rssiIconLevel:0
05-14 18:37:36.865   788  3778 W SignalStrength: SignalStrength get plugin
05-14 18:37:36.865   788  3778 I use-Rlog/RLOG-GSM: getGsmLevel - asu:26 level:5
05-14 18:37:38.540   838   851 I RILC    : NUMBER:1
05-14 18:37:38.540   838   851 I RILC    : arg len:14
05-14 18:37:38.540   838   851 I RILC    : ARGS[0]:THERMAL,0,-1
05-14 18:37:38.540   838   844 I RILC-MTK: RIL_ATCI_PROXY wakeup
05-14 18:37:38.540   838   842 I RILC-MTK: RIL_CMD_PROXY_1 wakeup
05-14 18:37:38.540   838   844 I RILC-MTK: RIL_ATCI_PROXY sleep
05-14 18:37:38.540   838   847 I RILC-MTK: RIL_CMD2_PROXY_2 wakeup
05-14 18:37:38.540   838   847 I RILC-MTK: RIL_CMD2_PROXY_2 sleep
05-14 18:37:38.541   838   840 I RILC-MTK: RIL_CMD_PROXY_3 wakeup
05-14 18:37:38.541   838   849 I RILC-MTK: RIL_CMD2_PROXY_4 wakeup
05-14 18:37:38.541   838   840 I RILC-MTK: RIL_CMD_PROXY_3 sleep
05-14 18:37:38.541   838   849 I RILC-MTK: RIL_CMD2_PROXY_4 sleep
05-14 18:37:38.541   838   846 I RILC-MTK: RIL_CMD2_PROXY_3 wakeup
05-14 18:37:38.541   838   846 I RILC-MTK: RIL_CMD2_PROXY_3 sleep
05-14 18:37:38.541   838   850 I RILC-MTK: RIL_ATCI2_PROXY wakeup
05-14 18:37:38.541   838   850 I RILC-MTK: RIL_ATCI2_PROXY sleep
05-14 18:37:38.541   838   839 I RILC-MTK: RIL_URC_PROXY wakeup
05-14 18:37:38.541   838   839 I RILC-MTK: RIL_URC_PROXY sleep
05-14 18:37:38.541   838   842 I AT      : AT write start
05-14 18:37:38.541   838   848 I RILC-MTK: RIL_CMD2_PROXY_1 wakeup
05-14 18:37:38.541   838   841 I RILC-MTK: RIL_CMD_PROXY_2 wakeup
05-14 18:37:38.541   838   848 I RILC-MTK: RIL_CMD2_PROXY_1 sleep
05-14 18:37:38.541   838   841 I RILC-MTK: RIL_CMD_PROXY_2 sleep
05-14 18:37:38.541   838   845 I RILC-MTK: RIL_URC2_PROXY wakeup
05-14 18:37:38.541   838   845 I RILC-MTK: RIL_URC2_PROXY sleep
05-14 18:37:38.541   838   843 I RILC-MTK: RIL_CMD_PROXY_4 wakeup
05-14 18:37:38.541   838   843 I RILC-MTK: RIL_CMD_PROXY_4 sleep
05-14 18:37:38.541   785   830 I use-Rlog/RLOG-RILMUXD: [gsm0710muxd] 3572:poll_thread(): poll_thread select found
05-14 18:37:38.541   785   830 I use-Rlog/RLOG-RILMUXD: [gsm0710muxd] 1013:pseudo_device_read(): Enter, LackofAtciChannel=0
05-14 18:37:38.541   785   830 I use-Rlog/RLOG-RILMUXD: [gsm0710muxd] 628:write_frame(): Sending frame to channel 5
05-14 18:37:38.554   785   830 I use-Rlog/RLOG-RILMUXD: [gsm0710muxd] 734:write_frame(): Write a frame on channel 5 with length 12
05-14 18:37:38.557   785   824 I use-Rlog/RLOG-RILMUXD: [gsm0710muxd] 1611:gsm0710_base_buffer_get_frame(): Get a complete frame. ch:5, ctrl:239, len:39
05-14 18:37:38.557   785   824 I use-Rlog/RLOG-RILMUXD: [gsm0710muxd] 2351:extract_frames(): Writing 39 byte frame received on channel 5 to /dev/pts/4
05-14 18:37:38.557   785   824 I use-Rlog/RLOG-RILMUXD: [gsm0710muxd] 2370:extract_frames(): write() returned. Written 39/39 bytes of frame to /dev/pts/4
05-14 18:37:38.557   785   824 I use-Rlog/RLOG-RILMUXD: [gsm0710muxd] 1611:gsm0710_base_buffer_get_frame(): Get a complete frame. ch:5, ctrl:239, len:6
05-14 18:37:38.557   785   824 I use-Rlog/RLOG-RILMUXD: [gsm0710muxd] 2351:extract_frames(): Writing 6 byte frame received on channel 5 to /dev/pts/4
05-14 18:37:38.557   785   824 I use-Rlog/RLOG-RILMUXD: [gsm0710muxd] 2370:extract_frames(): write() returned. Written 6/6 bytes of frame to /dev/pts/4
05-14 18:37:38.557   838   857 I AT      : AT read end: 45:Success
05-14 18:37:38.557   838   857 I AT      : AT read start
05-14 18:37:38.557   838   842 I RILC-MTK: RIL_CMD_PROXY_1 sleep
05-14 18:37:40.514   785   785 I use-Rlog/RLOG-RILMUXD: [gsm0710muxd] 3855:main(): Frames received/dropped: 8939/0
05-14 18:37:43.561   838   851 I RILC    : NUMBER:1
05-14 18:37:43.561   838   851 I RILC    : arg len:14
05-14 18:37:43.561   838   851 I RILC    : ARGS[0]:THERMAL,0,-1
05-14 18:37:43.562   838   844 I RILC-MTK: RIL_ATCI_PROXY wakeup
05-14 18:37:43.562   838   844 I RILC-MTK: RIL_ATCI_PROXY sleep
05-14 18:37:43.562   838   847 I RILC-MTK: RIL_CMD2_PROXY_2 wakeup
05-14 18:37:43.562   838   847 I RILC-MTK: RIL_CMD2_PROXY_2 sleep
05-14 18:37:43.562   838   840 I RILC-MTK: RIL_CMD_PROXY_3 wakeup
05-14 18:37:43.562   838   840 I RILC-MTK: RIL_CMD_PROXY_3 sleep
05-14 18:37:43.562   838   849 I RILC-MTK: RIL_CMD2_PROXY_4 wakeup
05-14 18:37:43.562   838   849 I RILC-MTK: RIL_CMD2_PROXY_4 sleep
05-14 18:37:43.562   838   846 I RILC-MTK: RIL_CMD2_PROXY_3 wakeup
05-14 18:37:43.562   838   846 I RILC-MTK: RIL_CMD2_PROXY_3 sleep
05-14 18:37:43.562   838   850 I RILC-MTK: RIL_ATCI2_PROXY wakeup
05-14 18:37:43.562   838   850 I RILC-MTK: RIL_ATCI2_PROXY sleep
05-14 18:37:43.562   838   839 I RILC-MTK: RIL_URC_PROXY wakeup
05-14 18:37:43.562   838   839 I RILC-MTK: RIL_URC_PROXY sleep
05-14 18:37:43.562   838   848 I RILC-MTK: RIL_CMD2_PROXY_1 wakeup
05-14 18:37:43.562   838   848 I RILC-MTK: RIL_CMD2_PROXY_1 sleep
05-14 18:37:43.562   838   841 I RILC-MTK: RIL_CMD_PROXY_2 wakeup
05-14 18:37:43.562   838   841 I RILC-MTK: RIL_CMD_PROXY_2 sleep
05-14 18:37:43.562   838   845 I RILC-MTK: RIL_URC2_PROXY wakeup
05-14 18:37:43.562   838   845 I RILC-MTK: RIL_URC2_PROXY sleep
05-14 18:37:43.562   838   843 I RILC-MTK: RIL_CMD_PROXY_4 wakeup
05-14 18:37:43.562   838   843 I RILC-MTK: RIL_CMD_PROXY_4 sleep
05-14 18:37:43.562   838   842 I RILC-MTK: RIL_CMD_PROXY_1 wakeup
05-14 18:37:43.562   838   842 I AT      : AT write start
05-14 18:37:43.563   785   830 I use-Rlog/RLOG-RILMUXD: [gsm0710muxd] 3572:poll_thread(): poll_thread select found
05-14 18:37:43.563   785   830 I use-Rlog/RLOG-RILMUXD: [gsm0710muxd] 1013:pseudo_device_read(): Enter, LackofAtciChannel=0
05-14 18:37:43.563   785   830 I use-Rlog/RLOG-RILMUXD: [gsm0710muxd] 628:write_frame(): Sending frame to channel 5
05-14 18:37:43.570   785   830 I use-Rlog/RLOG-RILMUXD: [gsm0710muxd] 734:write_frame(): Write a frame on channel 5 with length 12
05-14 18:37:43.571   785   824 I use-Rlog/RLOG-RILMUXD: [gsm0710muxd] 1611:gsm0710_base_buffer_get_frame(): Get a complete frame. ch:5, ctrl:239, len:39
05-14 18:37:43.571   785   824 I use-Rlog/RLOG-RILMUXD: [gsm0710muxd] 2351:extract_frames(): Writing 39 byte frame received on channel 5 to /dev/pts/4
05-14 18:37:43.571   785   824 I use-Rlog/RLOG-RILMUXD: [gsm0710muxd] 2370:extract_frames(): write() returned. Written 39/39 bytes of frame to /dev/pts/4
05-14 18:37:43.572   785   824 I use-Rlog/RLOG-RILMUXD: [gsm0710muxd] 1611:gsm0710_base_buffer_get_frame(): Get a complete frame. ch:5, ctrl:239, len:6
05-14 18:37:43.572   785   824 I use-Rlog/RLOG-RILMUXD: [gsm0710muxd] 2351:extract_frames(): Writing 6 byte frame received on channel 5 to /dev/pts/4
05-14 18:37:43.572   785   824 I use-Rlog/RLOG-RILMUXD: [gsm0710muxd] 2370:extract_frames(): write() returned. Written 6/6 bytes of frame to /dev/pts/4
05-14 18:37:43.572   838   857 I AT      : AT read end: 45:Success
05-14 18:37:43.572   838   857 I AT      : AT read start
05-14 18:37:43.572   838   842 I RILC-MTK: RIL_CMD_PROXY_1 sleep
05-14 18:37:45.515   785   785 I use-Rlog/RLOG-RILMUXD: [gsm0710muxd] 3855:main(): Frames received/dropped: 8941/0
05-14 18:37:46.263   785   824 I use-Rlog/RLOG-RILMUXD: [gsm0710muxd] 1611:gsm0710_base_buffer_get_frame(): Get a complete frame. ch:2, ctrl:239, len:31
05-14 18:37:46.263   785   824 I use-Rlog/RLOG-RILMUXD: [gsm0710muxd] 2351:extract_frames(): Writing 31 byte frame received on channel 2 to /dev/pts/1
05-14 18:37:46.263   785   824 I use-Rlog/RLOG-RILMUXD: [gsm0710muxd] 2370:extract_frames(): write() returned. Written 31/31 bytes of frame to /dev/pts/1
05-14 18:37:46.263   838   854 I AT      : AT read end: 31:Bad file number
05-14 18:37:46.263   838   854 I RILC    : RIL_SOCKET_1 UNSOLICITED: UNSOL_SIGNAL_STRENGTH length:72
05-14 18:37:46.263   838   854 E RILC    : Send Response to RIL_SOCKET_1
05-14 18:37:46.263   838   854 I AT      : AT read start
05-14 18:37:46.263  1696  1696 W SignalStrength: SignalStrength get plugin
05-14 18:37:46.263  1696  1696 I use-Rlog/RLOG-GSM: getLTELevel - rsrp:2147483647 snr:2147483647 rsrpIconLevel:-1 snrIconLevel:-1
05-14 18:37:46.263  1696  1696 I use-Rlog/RLOG-GSM: getLTELevel - rssi:99 rssiIconLevel:0
05-14 18:37:46.263  1696  1696 W SignalStrength: SignalStrength get plugin
05-14 18:37:46.263  1696  1696 I use-Rlog/RLOG-GSM: getGsmLevel - asu:24 level:5
05-14 18:37:46.275   788  1755 W SignalStrength: SignalStrength get plugin
05-14 18:37:46.275   788  1755 I use-Rlog/RLOG-GSM: getLTELevel - rsrp:2147483647 snr:2147483647 rsrpIconLevel:-1 snrIconLevel:-1
05-14 18:37:46.275   788  1755 I use-Rlog/RLOG-GSM: getLTELevel - rssi:99 rssiIconLevel:0
05-14 18:37:46.275   788  1755 W SignalStrength: SignalStrength get plugin
05-14 18:37:46.275   788  1755 I use-Rlog/RLOG-GSM: getGsmLevel - asu:24 level:5
05-14 18:37:48.579   838   851 I RILC    : NUMBER:1
05-14 18:37:48.579   838   851 I RILC    : arg len:14
05-14 18:37:48.579   838   851 I RILC    : ARGS[0]:THERMAL,0,-1
05-14 18:37:48.579   838   844 I RILC-MTK: RIL_ATCI_PROXY wakeup
05-14 18:37:48.579   838   844 I RILC-MTK: RIL_ATCI_PROXY sleep
05-14 18:37:48.579   838   847 I RILC-MTK: RIL_CMD2_PROXY_2 wakeup
05-14 18:37:48.579   838   847 I RILC-MTK: RIL_CMD2_PROXY_2 sleep
05-14 18:37:48.579   838   840 I RILC-MTK: RIL_CMD_PROXY_3 wakeup
05-14 18:37:48.580   838   840 I RILC-MTK: RIL_CMD_PROXY_3 sleep
05-14 18:37:48.580   838   849 I RILC-MTK: RIL_CMD2_PROXY_4 wakeup
05-14 18:37:48.580   838   849 I RILC-MTK: RIL_CMD2_PROXY_4 sleep
05-14 18:37:48.580   838   846 I RILC-MTK: RIL_CMD2_PROXY_3 wakeup
05-14 18:37:48.580   838   846 I RILC-MTK: RIL_CMD2_PROXY_3 sleep
05-14 18:37:48.580   838   850 I RILC-MTK: RIL_ATCI2_PROXY wakeup
05-14 18:37:48.580   838   850 I RILC-MTK: RIL_ATCI2_PROXY sleep
05-14 18:37:48.580   838   839 I RILC-MTK: RIL_URC_PROXY wakeup
05-14 18:37:48.580   838   839 I RILC-MTK: RIL_URC_PROXY sleep
05-14 18:37:48.580   838   848 I RILC-MTK: RIL_CMD2_PROXY_1 wakeup
05-14 18:37:48.580   838   848 I RILC-MTK: RIL_CMD2_PROXY_1 sleep
05-14 18:37:48.580   838   841 I RILC-MTK: RIL_CMD_PROXY_2 wakeup
05-14 18:37:48.580   838   841 I RILC-MTK: RIL_CMD_PROXY_2 sleep
05-14 18:37:48.580   838   845 I RILC-MTK: RIL_URC2_PROXY wakeup
05-14 18:37:48.580   838   845 I RILC-MTK: RIL_URC2_PROXY sleep
05-14 18:37:48.580   838   843 I RILC-MTK: RIL_CMD_PROXY_4 wakeup
05-14 18:37:48.580   838   843 I RILC-MTK: RIL_CMD_PROXY_4 sleep
05-14 18:37:48.580   838   842 I RILC-MTK: RIL_CMD_PROXY_1 wakeup
05-14 18:37:48.580   838   842 I AT      : AT write start
05-14 18:37:48.580   785   830 I use-Rlog/RLOG-RILMUXD: [gsm0710muxd] 3572:poll_thread(): poll_thread select found
05-14 18:37:48.580   785   830 I use-Rlog/RLOG-RILMUXD: [gsm0710muxd] 1013:pseudo_device_read(): Enter, LackofAtciChannel=0
05-14 18:37:48.580   785   830 I use-Rlog/RLOG-RILMUXD: [gsm0710muxd] 628:write_frame(): Sending frame to channel 5
05-14 18:37:48.611   785   830 I use-Rlog/RLOG-RILMUXD: [gsm0710muxd] 734:write_frame(): Write a frame on channel 5 with length 12
05-14 18:37:48.612   785   824 I use-Rlog/RLOG-RILMUXD: [gsm0710muxd] 1611:gsm0710_base_buffer_get_frame(): Get a complete frame. ch:5, ctrl:239, len:39
05-14 18:37:48.612   785   824 I use-Rlog/RLOG-RILMUXD: [gsm0710muxd] 2351:extract_frames(): Writing 39 byte frame received on channel 5 to /dev/pts/4
05-14 18:37:48.612   785   824 I use-Rlog/RLOG-RILMUXD: [gsm0710muxd] 2370:extract_frames(): write() returned. Written 39/39 bytes of frame to /dev/pts/4
05-14 18:37:48.612   838   857 I AT      : AT read end: 39:Success
05-14 18:37:48.612   838   857 I AT      : AT read start
05-14 18:37:48.612   785   824 I use-Rlog/RLOG-RILMUXD: [gsm0710muxd] 1611:gsm0710_base_buffer_get_frame(): Get a complete frame. ch:5, ctrl:239, len:6
05-14 18:37:48.612   785   824 I use-Rlog/RLOG-RILMUXD: [gsm0710muxd] 2351:extract_frames(): Writing 6 byte frame received on channel 5 to /dev/pts/4
05-14 18:37:48.612   785   824 I use-Rlog/RLOG-RILMUXD: [gsm0710muxd] 2370:extract_frames(): write() returned. Written 6/6 bytes of frame to /dev/pts/4
05-14 18:37:48.612   838   857 I AT      : AT read end: 6:Success
05-14 18:37:48.612   838   857 I AT      : AT read start
05-14 18:37:48.613   838   842 I RILC-MTK: RIL_CMD_PROXY_1 sleep
05-14 18:37:50.515   785   785 I use-Rlog/RLOG-RILMUXD: [gsm0710muxd] 3855:main(): Frames received/dropped: 8944/0
[logcat: 0.201s elapsed]

