05-14 18:33:36.913   785   830 I use-Rlog/RLOG-RILMUXD: [gsm0710muxd] 734:write_frame(): Write a frame on channel 5 with length 12
05-14 18:33:36.914   785   824 I use-Rlog/RLOG-RILMUXD: [gsm0710muxd] 1611:gsm0710_base_buffer_get_frame(): Get a complete frame. ch:5, ctrl:239, len:39
05-14 18:33:36.914   785   824 I use-Rlog/RLOG-RILMUXD: [gsm0710muxd] 2351:extract_frames(): Writing 39 byte frame received on channel 5 to /dev/pts/4
05-14 18:33:36.914   785   824 I use-Rlog/RLOG-RILMUXD: [gsm0710muxd] 2370:extract_frames(): write() returned. Written 39/39 bytes of frame to /dev/pts/4
05-14 18:33:36.914   785   824 I use-Rlog/RLOG-RILMUXD: [gsm0710muxd] 1611:gsm0710_base_buffer_get_frame(): Get a complete frame. ch:5, ctrl:239, len:6
05-14 18:33:36.914   785   824 I use-Rlog/RLOG-RILMUXD: [gsm0710muxd] 2351:extract_frames(): Writing 6 byte frame received on channel 5 to /dev/pts/4
05-14 18:33:36.914   785   824 I use-Rlog/RLOG-RILMUXD: [gsm0710muxd] 2370:extract_frames(): write() returned. Written 6/6 bytes of frame to /dev/pts/4
05-14 18:33:36.914   838   857 I AT      : AT read end: 45:Success
05-14 18:33:36.914   838   857 I AT      : AT read start
05-14 18:33:36.915   838   842 I RILC-MTK: RIL_CMD_PROXY_1 sleep
05-14 18:33:40.505   785   785 I use-Rlog/RLOG-RILMUXD: [gsm0710muxd] 3855:main(): Frames received/dropped: 8800/0
05-14 18:33:41.921   838   851 I RILC    : NUMBER:1
05-14 18:33:41.921   838   851 I RILC    : arg len:14
05-14 18:33:41.921   838   851 I RILC    : ARGS[0]:THERMAL,0,-1
05-14 18:33:41.921   838   844 I RILC-MTK: RIL_ATCI_PROXY wakeup
05-14 18:33:41.921   838   844 I RILC-MTK: RIL_ATCI_PROXY sleep
05-14 18:33:41.921   838   849 I RILC-MTK: RIL_CMD2_PROXY_4 wakeup
05-14 18:33:41.921   838   849 I RILC-MTK: RIL_CMD2_PROXY_4 sleep
05-14 18:33:41.921   838   845 I RILC-MTK: RIL_URC2_PROXY wakeup
05-14 18:33:41.921   838   845 I RILC-MTK: RIL_URC2_PROXY sleep
05-14 18:33:41.921   838   843 I RILC-MTK: RIL_CMD_PROXY_4 wakeup
05-14 18:33:41.921   838   843 I RILC-MTK: RIL_CMD_PROXY_4 sleep
05-14 18:33:41.921   838   840 I RILC-MTK: RIL_CMD_PROXY_3 wakeup
05-14 18:33:41.921   838   840 I RILC-MTK: RIL_CMD_PROXY_3 sleep
05-14 18:33:41.921   838   846 I RILC-MTK: RIL_CMD2_PROXY_3 wakeup
05-14 18:33:41.921   838   846 I RILC-MTK: RIL_CMD2_PROXY_3 sleep
05-14 18:33:41.921   838   841 I RILC-MTK: RIL_CMD_PROXY_2 wakeup
05-14 18:33:41.921   838   841 I RILC-MTK: RIL_CMD_PROXY_2 sleep
05-14 18:33:41.921   838   847 I RILC-MTK: RIL_CMD2_PROXY_2 wakeup
05-14 18:33:41.921   838   847 I RILC-MTK: RIL_CMD2_PROXY_2 sleep
05-14 18:33:41.921   838   848 I RILC-MTK: RIL_CMD2_PROXY_1 wakeup
05-14 18:33:41.921   838   848 I RILC-MTK: RIL_CMD2_PROXY_1 sleep
05-14 18:33:41.921   838   839 I RILC-MTK: RIL_URC_PROXY wakeup
05-14 18:33:41.921   838   839 I RILC-MTK: RIL_URC_PROXY sleep
05-14 18:33:41.922   838   850 I RILC-MTK: RIL_ATCI2_PROXY wakeup
05-14 18:33:41.922   838   850 I RILC-MTK: RIL_ATCI2_PROXY sleep
05-14 18:33:41.922   838   842 I RILC-MTK: RIL_CMD_PROXY_1 wakeup
05-14 18:33:41.922   838   842 I AT      : AT write start
05-14 18:33:41.922   785   830 I use-Rlog/RLOG-RILMUXD: [gsm0710muxd] 3572:poll_thread(): poll_thread select found
05-14 18:33:41.922   785   830 I use-Rlog/RLOG-RILMUXD: [gsm0710muxd] 1013:pseudo_device_read(): Enter, LackofAtciChannel=0
05-14 18:33:41.922   785   830 I use-Rlog/RLOG-RILMUXD: [gsm0710muxd] 628:write_frame(): Sending frame to channel 5
05-14 18:33:41.928   785   830 I use-Rlog/RLOG-RILMUXD: [gsm0710muxd] 734:write_frame(): Write a frame on channel 5 with length 12
05-14 18:33:41.929   785   824 I use-Rlog/RLOG-RILMUXD: [gsm0710muxd] 1611:gsm0710_base_buffer_get_frame(): Get a complete frame. ch:5, ctrl:239, len:39
05-14 18:33:41.929   785   824 I use-Rlog/RLOG-RILMUXD: [gsm0710muxd] 2351:extract_frames(): Writing 39 byte frame received on channel 5 to /dev/pts/4
05-14 18:33:41.929   785   824 I use-Rlog/RLOG-RILMUXD: [gsm0710muxd] 2370:extract_frames(): write() returned. Written 39/39 bytes of frame to /dev/pts/4
05-14 18:33:41.929   785   824 I use-Rlog/RLOG-RILMUXD: [gsm0710muxd] 1611:gsm0710_base_buffer_get_frame(): Get a complete frame. ch:5, ctrl:239, len:6
05-14 18:33:41.929   785   824 I use-Rlog/RLOG-RILMUXD: [gsm0710muxd] 2351:extract_frames(): Writing 6 byte frame received on channel 5 to /dev/pts/4
05-14 18:33:41.929   785   824 I use-Rlog/RLOG-RILMUXD: [gsm0710muxd] 2370:extract_frames(): write() returned. Written 6/6 bytes of frame to /dev/pts/4
05-14 18:33:41.930   838   857 I AT      : AT read end: 45:Success
05-14 18:33:41.930   838   857 I AT      : AT read start
05-14 18:33:41.930   838   842 I RILC-MTK: RIL_CMD_PROXY_1 sleep
05-14 18:33:45.505   785   785 I use-Rlog/RLOG-RILMUXD: [gsm0710muxd] 3855:main(): Frames received/dropped: 8802/0
05-14 18:33:46.937   838   851 I RILC    : NUMBER:1
05-14 18:33:46.937   838   851 I RILC    : arg len:14
05-14 18:33:46.937   838   851 I RILC    : ARGS[0]:THERMAL,0,-1
05-14 18:33:46.937   838   844 I RILC-MTK: RIL_ATCI_PROXY wakeup
05-14 18:33:46.937   838   844 I RILC-MTK: RIL_ATCI_PROXY sleep
05-14 18:33:46.937   838   849 I RILC-MTK: RIL_CMD2_PROXY_4 wakeup
05-14 18:33:46.937   838   849 I RILC-MTK: RIL_CMD2_PROXY_4 sleep
05-14 18:33:46.937   838   845 I RILC-MTK: RIL_URC2_PROXY wakeup
05-14 18:33:46.937   838   845 I RILC-MTK: RIL_URC2_PROXY sleep
05-14 18:33:46.937   838   843 I RILC-MTK: RIL_CMD_PROXY_4 wakeup
05-14 18:33:46.937   838   843 I RILC-MTK: RIL_CMD_PROXY_4 sleep
05-14 18:33:46.937   838   840 I RILC-MTK: RIL_CMD_PROXY_3 wakeup
05-14 18:33:46.937   838   840 I RILC-MTK: RIL_CMD_PROXY_3 sleep
05-14 18:33:46.937   838   846 I RILC-MTK: RIL_CMD2_PROXY_3 wakeup
05-14 18:33:46.937   838   846 I RILC-MTK: RIL_CMD2_PROXY_3 sleep
05-14 18:33:46.937   838   841 I RILC-MTK: RIL_CMD_PROXY_2 wakeup
05-14 18:33:46.937   838   841 I RILC-MTK: RIL_CMD_PROXY_2 sleep
05-14 18:33:46.937   838   847 I RILC-MTK: RIL_CMD2_PROXY_2 wakeup
05-14 18:33:46.937   838   847 I RILC-MTK: RIL_CMD2_PROXY_2 sleep
05-14 18:33:46.937   838   848 I RILC-MTK: RIL_CMD2_PROXY_1 wakeup
05-14 18:33:46.937   838   848 I RILC-MTK: RIL_CMD2_PROXY_1 sleep
05-14 18:33:46.937   838   839 I RILC-MTK: RIL_URC_PROXY wakeup
05-14 18:33:46.937   838   839 I RILC-MTK: RIL_URC_PROXY sleep
05-14 18:33:46.937   838   850 I RILC-MTK: RIL_ATCI2_PROXY wakeup
05-14 18:33:46.937   838   850 I RILC-MTK: RIL_ATCI2_PROXY sleep
05-14 18:33:46.937   838   842 I RILC-MTK: RIL_CMD_PROXY_1 wakeup
05-14 18:33:46.937   838   842 I AT      : AT write start
05-14 18:33:46.937   785   830 I use-Rlog/RLOG-RILMUXD: [gsm0710muxd] 3572:poll_thread(): poll_thread select found
05-14 18:33:46.937   785   830 I use-Rlog/RLOG-RILMUXD: [gsm0710muxd] 1013:pseudo_device_read(): Enter, LackofAtciChannel=0
05-14 18:33:46.937   785   830 I use-Rlog/RLOG-RILMUXD: [gsm0710muxd] 628:write_frame(): Sending frame to channel 5
05-14 18:33:46.988   785   824 I use-Rlog/RLOG-RILMUXD: [gsm0710muxd] 1611:gsm0710_base_buffer_get_frame(): Get a complete frame. ch:5, ctrl:239, len:39
05-14 18:33:46.988   785   824 I use-Rlog/RLOG-RILMUXD: [gsm0710muxd] 2351:extract_frames(): Writing 39 byte frame received on channel 5 to /dev/pts/4
05-14 18:33:46.988   785   824 I use-Rlog/RLOG-RILMUXD: [gsm0710muxd] 2370:extract_frames(): write() returned. Written 39/39 bytes of frame to /dev/pts/4
05-14 18:33:46.988   838   857 I AT      : AT read end: 39:Success
05-14 18:33:46.988   838   857 I AT      : AT read start
05-14 18:33:46.989   785   824 I use-Rlog/RLOG-RILMUXD: [gsm0710muxd] 1611:gsm0710_base_buffer_get_frame(): Get a complete frame. ch:5, ctrl:239, len:6
05-14 18:33:46.989   785   824 I use-Rlog/RLOG-RILMUXD: [gsm0710muxd] 2351:extract_frames(): Writing 6 byte frame received on channel 5 to /dev/pts/4
05-14 18:33:46.989   785   824 I use-Rlog/RLOG-RILMUXD: [gsm0710muxd] 2370:extract_frames(): write() returned. Written 6/6 bytes of frame to /dev/pts/4
05-14 18:33:46.989   838   857 I AT      : AT read end: 6:Success
05-14 18:33:46.989   838   857 I AT      : AT read start
05-14 18:33:46.989   838   842 I RILC-MTK: RIL_CMD_PROXY_1 sleep
05-14 18:33:46.989   785   830 I use-Rlog/RLOG-RILMUXD: [gsm0710muxd] 734:write_frame(): Write a frame on channel 5 with length 12
05-14 18:33:50.506   785   785 I use-Rlog/RLOG-RILMUXD: [gsm0710muxd] 3855:main(): Frames received/dropped: 8804/0
05-14 18:33:51.997   838   851 I RILC    : NUMBER:1
05-14 18:33:51.997   838   851 I RILC    : arg len:14
05-14 18:33:51.997   838   851 I RILC    : ARGS[0]:THERMAL,0,-1
05-14 18:33:51.997   838   844 I RILC-MTK: RIL_ATCI_PROXY wakeup
05-14 18:33:51.997   838   844 I RILC-MTK: RIL_ATCI_PROXY sleep
05-14 18:33:51.997   838   849 I RILC-MTK: RIL_CMD2_PROXY_4 wakeup
05-14 18:33:51.997   838   849 I RILC-MTK: RIL_CMD2_PROXY_4 sleep
05-14 18:33:51.997   838   845 I RILC-MTK: RIL_URC2_PROXY wakeup
05-14 18:33:51.997   838   845 I RILC-MTK: RIL_URC2_PROXY sleep
05-14 18:33:51.997   838   843 I RILC-MTK: RIL_CMD_PROXY_4 wakeup
05-14 18:33:51.997   838   843 I RILC-MTK: RIL_CMD_PROXY_4 sleep
05-14 18:33:51.997   838   840 I RILC-MTK: RIL_CMD_PROXY_3 wakeup
05-14 18:33:51.997   838   840 I RILC-MTK: RIL_CMD_PROXY_3 sleep
05-14 18:33:51.997   838   846 I RILC-MTK: RIL_CMD2_PROXY_3 wakeup
05-14 18:33:51.997   838   846 I RILC-MTK: RIL_CMD2_PROXY_3 sleep
05-14 18:33:51.997   838   841 I RILC-MTK: RIL_CMD_PROXY_2 wakeup
05-14 18:33:51.997   838   841 I RILC-MTK: RIL_CMD_PROXY_2 sleep
05-14 18:33:51.997   838   847 I RILC-MTK: RIL_CMD2_PROXY_2 wakeup
05-14 18:33:51.997   838   847 I RILC-MTK: RIL_CMD2_PROXY_2 sleep
05-14 18:33:51.997   838   848 I RILC-MTK: RIL_CMD2_PROXY_1 wakeup
05-14 18:33:51.997   838   848 I RILC-MTK: RIL_CMD2_PROXY_1 sleep
05-14 18:33:51.997   838   839 I RILC-MTK: RIL_URC_PROXY wakeup
05-14 18:33:51.997   838   839 I RILC-MTK: RIL_URC_PROXY sleep
05-14 18:33:51.997   838   850 I RILC-MTK: RIL_ATCI2_PROXY wakeup
05-14 18:33:51.997   838   850 I RILC-MTK: RIL_ATCI2_PROXY sleep
05-14 18:33:51.997   838   842 I RILC-MTK: RIL_CMD_PROXY_1 wakeup
05-14 18:33:51.998   838   842 I AT      : AT write start
05-14 18:33:51.998   785   830 I use-Rlog/RLOG-RILMUXD: [gsm0710muxd] 3572:poll_thread(): poll_thread select found
05-14 18:33:51.998   785   830 I use-Rlog/RLOG-RILMUXD: [gsm0710muxd] 1013:pseudo_device_read(): Enter, LackofAtciChannel=0
05-14 18:33:51.998   785   830 I use-Rlog/RLOG-RILMUXD: [gsm0710muxd] 628:write_frame(): Sending frame to channel 5
05-14 18:33:52.035   785   824 I use-Rlog/RLOG-RILMUXD: [gsm0710muxd] 1611:gsm0710_base_buffer_get_frame(): Get a complete frame. ch:5, ctrl:239, len:39
05-14 18:33:52.035   785   824 I use-Rlog/RLOG-RILMUXD: [gsm0710muxd] 2351:extract_frames(): Writing 39 byte frame received on channel 5 to /dev/pts/4
05-14 18:33:52.035   785   824 I use-Rlog/RLOG-RILMUXD: [gsm0710muxd] 2370:extract_frames(): write() returned. Written 39/39 bytes of frame to /dev/pts/4
05-14 18:33:52.035   785   824 I use-Rlog/RLOG-RILMUXD: [gsm0710muxd] 1611:gsm0710_base_buffer_get_frame(): Get a complete frame. ch:5, ctrl:239, len:6
05-14 18:33:52.035   785   824 I use-Rlog/RLOG-RILMUXD: [gsm0710muxd] 2351:extract_frames(): Writing 6 byte frame received on channel 5 to /dev/pts/4
05-14 18:33:52.035   785   824 I use-Rlog/RLOG-RILMUXD: [gsm0710muxd] 2370:extract_frames(): write() returned. Written 6/6 bytes of frame to /dev/pts/4
05-14 18:33:52.035   838   857 I AT      : AT read end: 45:Success
05-14 18:33:52.035   838   857 I AT      : AT read start
05-14 18:33:52.035   838   842 I RILC-MTK: RIL_CMD_PROXY_1 sleep
05-14 18:33:52.036   785   830 I use-Rlog/RLOG-RILMUXD: [gsm0710muxd] 734:write_frame(): Write a frame on channel 5 with length 12
05-14 18:33:55.506   785   785 I use-Rlog/RLOG-RILMUXD: [gsm0710muxd] 3855:main(): Frames received/dropped: 8806/0
05-14 18:33:57.041   838   851 I RILC    : NUMBER:1
05-14 18:33:57.041   838   851 I RILC    : arg len:14
05-14 18:33:57.041   838   851 I RILC    : ARGS[0]:THERMAL,0,-1
05-14 18:33:57.041   838   844 I RILC-MTK: RIL_ATCI_PROXY wakeup
05-14 18:33:57.041   838   844 I RILC-MTK: RIL_ATCI_PROXY sleep
05-14 18:33:57.041   838   849 I RILC-MTK: RIL_CMD2_PROXY_4 wakeup
05-14 18:33:57.042   838   849 I RILC-MTK: RIL_CMD2_PROXY_4 sleep
05-14 18:33:57.042   838   845 I RILC-MTK: RIL_URC2_PROXY wakeup
05-14 18:33:57.042   838   845 I RILC-MTK: RIL_URC2_PROXY sleep
05-14 18:33:57.042   838   843 I RILC-MTK: RIL_CMD_PROXY_4 wakeup
05-14 18:33:57.042   838   843 I RILC-MTK: RIL_CMD_PROXY_4 sleep
05-14 18:33:57.042   838   840 I RILC-MTK: RIL_CMD_PROXY_3 wakeup
05-14 18:33:57.042   838   840 I RILC-MTK: RIL_CMD_PROXY_3 sleep
05-14 18:33:57.042   838   846 I RILC-MTK: RIL_CMD2_PROXY_3 wakeup
05-14 18:33:57.042   838   846 I RILC-MTK: RIL_CMD2_PROXY_3 sleep
05-14 18:33:57.042   838   841 I RILC-MTK: RIL_CMD_PROXY_2 wakeup
05-14 18:33:57.042   838   841 I RILC-MTK: RIL_CMD_PROXY_2 sleep
05-14 18:33:57.042   838   847 I RILC-MTK: RIL_CMD2_PROXY_2 wakeup
05-14 18:33:57.042   838   847 I RILC-MTK: RIL_CMD2_PROXY_2 sleep
05-14 18:33:57.042   838   848 I RILC-MTK: RIL_CMD2_PROXY_1 wakeup
05-14 18:33:57.042   838   848 I RILC-MTK: RIL_CMD2_PROXY_1 sleep
05-14 18:33:57.042   838   839 I RILC-MTK: RIL_URC_PROXY wakeup
05-14 18:33:57.042   838   839 I RILC-MTK: RIL_URC_PROXY sleep
05-14 18:33:57.042   838   850 I RILC-MTK: RIL_ATCI2_PROXY wakeup
05-14 18:33:57.042   838   850 I RILC-MTK: RIL_ATCI2_PROXY sleep
05-14 18:33:57.042   838   842 I RILC-MTK: RIL_CMD_PROXY_1 wakeup
05-14 18:33:57.042   838   842 I AT      : AT write start
05-14 18:33:57.042   785   830 I use-Rlog/RLOG-RILMUXD: [gsm0710muxd] 3572:poll_thread(): poll_thread select found
05-14 18:33:57.042   785   830 I use-Rlog/RLOG-RILMUXD: [gsm0710muxd] 1013:pseudo_device_read(): Enter, LackofAtciChannel=0
05-14 18:33:57.042   785   830 I use-Rlog/RLOG-RILMUXD: [gsm0710muxd] 628:write_frame(): Sending frame to channel 5
05-14 18:33:57.077   785   830 I use-Rlog/RLOG-RILMUXD: [gsm0710muxd] 734:write_frame(): Write a frame on channel 5 with length 12
05-14 18:33:57.078   785   824 I use-Rlog/RLOG-RILMUXD: [gsm0710muxd] 1611:gsm0710_base_buffer_get_frame(): Get a complete frame. ch:5, ctrl:239, len:39
05-14 18:33:57.078   785   824 I use-Rlog/RLOG-RILMUXD: [gsm0710muxd] 2351:extract_frames(): Writing 39 byte frame received on channel 5 to /dev/pts/4
05-14 18:33:57.079   838   857 I AT      : AT read end: 39:Success
05-14 18:33:57.079   838   857 I AT      : AT read start
05-14 18:33:57.079   785   824 I use-Rlog/RLOG-RILMUXD: [gsm0710muxd] 2370:extract_frames(): write() returned. Written 39/39 bytes of frame to /dev/pts/4
05-14 18:33:57.079   785   824 I use-Rlog/RLOG-RILMUXD: [gsm0710muxd] 1611:gsm0710_base_buffer_get_frame(): Get a complete frame. ch:5, ctrl:239, len:6
05-14 18:33:57.079   785   824 I use-Rlog/RLOG-RILMUXD: [gsm0710muxd] 2351:extract_frames(): Writing 6 byte frame received on channel 5 to /dev/pts/4
05-14 18:33:57.079   785   824 I use-Rlog/RLOG-RILMUXD: [gsm0710muxd] 2370:extract_frames(): write() returned. Written 6/6 bytes of frame to /dev/pts/4
05-14 18:33:57.079   838   857 I AT      : AT read end: 6:Success
05-14 18:33:57.079   838   857 I AT      : AT read start
05-14 18:33:57.079   838   842 I RILC-MTK: RIL_CMD_PROXY_1 sleep
05-14 18:33:58.356  1393  1834 E SmsApplication: Internal package not found: com.mediatek.datatransfer
05-14 18:33:58.357  1393  1834 E SmsApplication: Internal package not found: com.mediatek.apst.target
05-14 18:33:58.357  1393  1834 E SmsApplication: Internal package not found: com.mediatek.ppl
05-14 18:33:58.357  1393  1834 E SmsApplication: Internal package not found: com.mediatek.backuprestore
05-14 18:33:58.357  1393  1834 E SmsApplication: Internal package not found: com.mediatek.rcs.message
05-14 18:34:00.506   785   785 I use-Rlog/RLOG-RILMUXD: [gsm0710muxd] 3855:main(): Frames received/dropped: 8808/0
05-14 18:34:02.086   838   851 I RILC    : NUMBER:1
05-14 18:34:02.086   838   851 I RILC    : arg len:14
05-14 18:34:02.086   838   851 I RILC    : ARGS[0]:THERMAL,0,-1
05-14 18:34:02.086   838   844 I RILC-MTK: RIL_ATCI_PROXY wakeup
05-14 18:34:02.086   838   844 I RILC-MTK: RIL_ATCI_PROXY sleep
05-14 18:34:02.086   838   849 I RILC-MTK: RIL_CMD2_PROXY_4 wakeup
05-14 18:34:02.086   838   849 I RILC-MTK: RIL_CMD2_PROXY_4 sleep
05-14 18:34:02.086   838   845 I RILC-MTK: RIL_URC2_PROXY wakeup
05-14 18:34:02.086   838   845 I RILC-MTK: RIL_URC2_PROXY sleep
05-14 18:34:02.086   838   843 I RILC-MTK: RIL_CMD_PROXY_4 wakeup
05-14 18:34:02.086   838   843 I RILC-MTK: RIL_CMD_PROXY_4 sleep
05-14 18:34:02.086   838   840 I RILC-MTK: RIL_CMD_PROXY_3 wakeup
05-14 18:34:02.086   838   840 I RILC-MTK: RIL_CMD_PROXY_3 sleep
05-14 18:34:02.086   838   846 I RILC-MTK: RIL_CMD2_PROXY_3 wakeup
05-14 18:34:02.086   838   846 I RILC-MTK: RIL_CMD2_PROXY_3 sleep
05-14 18:34:02.086   838   841 I RILC-MTK: RIL_CMD_PROXY_2 wakeup
05-14 18:34:02.086   838   841 I RILC-MTK: RIL_CMD_PROXY_2 sleep
05-14 18:34:02.086   838   847 I RILC-MTK: RIL_CMD2_PROXY_2 wakeup
05-14 18:34:02.086   838   847 I RILC-MTK: RIL_CMD2_PROXY_2 sleep
05-14 18:34:02.086   838   848 I RILC-MTK: RIL_CMD2_PROXY_1 wakeup
05-14 18:34:02.086   838   848 I RILC-MTK: RIL_CMD2_PROXY_1 sleep
05-14 18:34:02.086   838   839 I RILC-MTK: RIL_URC_PROXY wakeup
05-14 18:34:02.086   838   839 I RILC-MTK: RIL_URC_PROXY sleep
05-14 18:34:02.086   838   850 I RILC-MTK: RIL_ATCI2_PROXY wakeup
05-14 18:34:02.086   838   850 I RILC-MTK: RIL_ATCI2_PROXY sleep
05-14 18:34:02.086   838   842 I RILC-MTK: RIL_CMD_PROXY_1 wakeup
05-14 18:34:02.087   838   842 I AT      : AT write start
05-14 18:34:02.087   785   830 I use-Rlog/RLOG-RILMUXD: [gsm0710muxd] 3572:poll_thread(): poll_thread select found
05-14 18:34:02.087   785   830 I use-Rlog/RLOG-RILMUXD: [gsm0710muxd] 1013:pseudo_device_read(): Enter, LackofAtciChannel=0
05-14 18:34:02.087   785   830 I use-Rlog/RLOG-RILMUXD: [gsm0710muxd] 628:write_frame(): Sending frame to channel 5
05-14 18:34:02.129   785   824 I use-Rlog/RLOG-RILMUXD: [gsm0710muxd] 1611:gsm0710_base_buffer_get_frame(): Get a complete frame. ch:5, ctrl:239, len:39
05-14 18:34:02.129   785   824 I use-Rlog/RLOG-RILMUXD: [gsm0710muxd] 2351:extract_frames(): Writing 39 byte frame received on channel 5 to /dev/pts/4
05-14 18:34:02.129   785   824 I use-Rlog/RLOG-RILMUXD: [gsm0710muxd] 2370:extract_frames(): write() returned. Written 39/39 bytes of frame to /dev/pts/4
05-14 18:34:02.129   785   824 I use-Rlog/RLOG-RILMUXD: [gsm0710muxd] 1611:gsm0710_base_buffer_get_frame(): Get a complete frame. ch:5, ctrl:239, len:4
05-14 18:34:02.129   785   824 I use-Rlog/RLOG-RILMUXD: [gsm0710muxd] 2351:extract_frames(): Writing 4 byte frame received on channel 5 to /dev/pts/4
05-14 18:34:02.129   785   824 I use-Rlog/RLOG-RILMUXD: [gsm0710muxd] 2370:extract_frames(): write() returned. Written 4/4 bytes of frame to /dev/pts/4
05-14 18:34:02.129   785   824 I use-Rlog/RLOG-RILMUXD: [gsm0710muxd] 1611:gsm0710_base_buffer_get_frame(): Get a complete frame. ch:5, ctrl:239, len:2
05-14 18:34:02.129   785   824 I use-Rlog/RLOG-RILMUXD: [gsm0710muxd] 2351:extract_frames(): Writing 2 byte frame received on channel 5 to /dev/pts/4
05-14 18:34:02.129   785   824 I use-Rlog/RLOG-RILMUXD: [gsm0710muxd] 2370:extract_frames(): write() returned. Written 2/2 bytes of frame to /dev/pts/4
05-14 18:34:02.129   838   857 I AT      : AT read end: 45:Success
05-14 18:34:02.129   838   857 I AT      : AT read start
05-14 18:34:02.129   838   842 I RILC-MTK: RIL_CMD_PROXY_1 sleep
05-14 18:34:02.135   785   830 I use-Rlog/RLOG-RILMUXD: [gsm0710muxd] 734:write_frame(): Write a frame on channel 5 with length 12
05-14 18:34:05.506   785   785 I use-Rlog/RLOG-RILMUXD: [gsm0710muxd] 3855:main(): Frames received/dropped: 8811/0
05-14 18:34:07.136   838   851 I RILC    : NUMBER:1
05-14 18:34:07.136   838   851 I RILC    : arg len:14
05-14 18:34:07.136   838   851 I RILC    : ARGS[0]:THERMAL,0,-1
05-14 18:34:07.136   838   844 I RILC-MTK: RIL_ATCI_PROXY wakeup
05-14 18:34:07.136   838   844 I RILC-MTK: RIL_ATCI_PROXY sleep
05-14 18:34:07.136   838   849 I RILC-MTK: RIL_CMD2_PROXY_4 wakeup
05-14 18:34:07.136   838   849 I RILC-MTK: RIL_CMD2_PROXY_4 sleep
05-14 18:34:07.136   838   845 I RILC-MTK: RIL_URC2_PROXY wakeup
05-14 18:34:07.136   838   845 I RILC-MTK: RIL_URC2_PROXY sleep
05-14 18:34:07.136   838   843 I RILC-MTK: RIL_CMD_PROXY_4 wakeup
05-14 18:34:07.136   838   843 I RILC-MTK: RIL_CMD_PROXY_4 sleep
05-14 18:34:07.136   838   840 I RILC-MTK: RIL_CMD_PROXY_3 wakeup
05-14 18:34:07.136   838   840 I RILC-MTK: RIL_CMD_PROXY_3 sleep
05-14 18:34:07.136   838   846 I RILC-MTK: RIL_CMD2_PROXY_3 wakeup
05-14 18:34:07.136   838   846 I RILC-MTK: RIL_CMD2_PROXY_3 sleep
05-14 18:34:07.136   838   841 I RILC-MTK: RIL_CMD_PROXY_2 wakeup
05-14 18:34:07.136   838   841 I RILC-MTK: RIL_CMD_PROXY_2 sleep
05-14 18:34:07.136   838   847 I RILC-MTK: RIL_CMD2_PROXY_2 wakeup
05-14 18:34:07.136   838   847 I RILC-MTK: RIL_CMD2_PROXY_2 sleep
05-14 18:34:07.136   838   848 I RILC-MTK: RIL_CMD2_PROXY_1 wakeup
05-14 18:34:07.136   838   848 I RILC-MTK: RIL_CMD2_PROXY_1 sleep
05-14 18:34:07.137   838   839 I RILC-MTK: RIL_URC_PROXY wakeup
05-14 18:34:07.137   838   839 I RILC-MTK: RIL_URC_PROXY sleep
05-14 18:34:07.137   838   850 I RILC-MTK: RIL_ATCI2_PROXY wakeup
05-14 18:34:07.137   838   850 I RILC-MTK: RIL_ATCI2_PROXY sleep
05-14 18:34:07.137   838   842 I RILC-MTK: RIL_CMD_PROXY_1 wakeup
05-14 18:34:07.137   838   842 I AT      : AT write start
05-14 18:34:07.137   785   830 I use-Rlog/RLOG-RILMUXD: [gsm0710muxd] 3572:poll_thread(): poll_thread select found
05-14 18:34:07.137   785   830 I use-Rlog/RLOG-RILMUXD: [gsm0710muxd] 1013:pseudo_device_read(): Enter, LackofAtciChannel=0
05-14 18:34:07.137   785   830 I use-Rlog/RLOG-RILMUXD: [gsm0710muxd] 628:write_frame(): Sending frame to channel 5
05-14 18:34:07.174   785   824 I use-Rlog/RLOG-RILMUXD: [gsm0710muxd] 1611:gsm0710_base_buffer_get_frame(): Get a complete frame. ch:5, ctrl:239, len:39
05-14 18:34:07.174   785   824 I use-Rlog/RLOG-RILMUXD: [gsm0710muxd] 2351:extract_frames(): Writing 39 byte frame received on channel 5 to /dev/pts/4
05-14 18:34:07.174   785   824 I use-Rlog/RLOG-RILMUXD: [gsm0710muxd] 2370:extract_frames(): write() returned. Written 39/39 bytes of frame to /dev/pts/4
05-14 18:34:07.174   785   824 I use-Rlog/RLOG-RILMUXD: [gsm0710muxd] 1611:gsm0710_base_buffer_get_frame(): Get a complete frame. ch:5, ctrl:239, len:6
05-14 18:34:07.174   785   824 I use-Rlog/RLOG-RILMUXD: [gsm0710muxd] 2351:extract_frames(): Writing 6 byte frame received on channel 5 to /dev/pts/4
05-14 18:34:07.174   785   824 I use-Rlog/RLOG-RILMUXD: [gsm0710muxd] 2370:extract_frames(): write() returned. Written 6/6 bytes of frame to /dev/pts/4
05-14 18:34:07.174   838   857 I AT      : AT read end: 45:Success
05-14 18:34:07.174   838   857 I AT      : AT read start
05-14 18:34:07.174   838   842 I RILC-MTK: RIL_CMD_PROXY_1 sleep
05-14 18:34:07.175   785   830 I use-Rlog/RLOG-RILMUXD: [gsm0710muxd] 734:write_frame(): Write a frame on channel 5 with length 12
05-14 18:34:10.506   785   785 I use-Rlog/RLOG-RILMUXD: [gsm0710muxd] 3855:main(): Frames received/dropped: 8813/0
05-14 18:34:12.181   838   851 I RILC    : NUMBER:1
05-14 18:34:12.181   838   851 I RILC    : arg len:14
05-14 18:34:12.181   838   851 I RILC    : ARGS[0]:THERMAL,0,-1
05-14 18:34:12.181   838   844 I RILC-MTK: RIL_ATCI_PROXY wakeup
05-14 18:34:12.181   838   844 I RILC-MTK: RIL_ATCI_PROXY sleep
05-14 18:34:12.181   838   849 I RILC-MTK: RIL_CMD2_PROXY_4 wakeup
05-14 18:34:12.181   838   849 I RILC-MTK: RIL_CMD2_PROXY_4 sleep
05-14 18:34:12.181   838   845 I RILC-MTK: RIL_URC2_PROXY wakeup
05-14 18:34:12.181   838   845 I RILC-MTK: RIL_URC2_PROXY sleep
05-14 18:34:12.181   838   843 I RILC-MTK: RIL_CMD_PROXY_4 wakeup
05-14 18:34:12.181   838   843 I RILC-MTK: RIL_CMD_PROXY_4 sleep
05-14 18:34:12.181   838   840 I RILC-MTK: RIL_CMD_PROXY_3 wakeup
05-14 18:34:12.181   838   840 I RILC-MTK: RIL_CMD_PROXY_3 sleep
05-14 18:34:12.181   838   846 I RILC-MTK: RIL_CMD2_PROXY_3 wakeup
05-14 18:34:12.181   838   846 I RILC-MTK: RIL_CMD2_PROXY_3 sleep
05-14 18:34:12.181   838   841 I RILC-MTK: RIL_CMD_PROXY_2 wakeup
05-14 18:34:12.181   838   841 I RILC-MTK: RIL_CMD_PROXY_2 sleep
05-14 18:34:12.181   838   847 I RILC-MTK: RIL_CMD2_PROXY_2 wakeup
05-14 18:34:12.181   838   847 I RILC-MTK: RIL_CMD2_PROXY_2 sleep
05-14 18:34:12.181   838   848 I RILC-MTK: RIL_CMD2_PROXY_1 wakeup
05-14 18:34:12.181   838   848 I RILC-MTK: RIL_CMD2_PROXY_1 sleep
05-14 18:34:12.181   838   839 I RILC-MTK: RIL_URC_PROXY wakeup
05-14 18:34:12.181   838   839 I RILC-MTK: RIL_URC_PROXY sleep
05-14 18:34:12.182   838   850 I RILC-MTK: RIL_ATCI2_PROXY wakeup
05-14 18:34:12.182   838   850 I RILC-MTK: RIL_ATCI2_PROXY sleep
05-14 18:34:12.182   838   842 I RILC-MTK: RIL_CMD_PROXY_1 wakeup
05-14 18:34:12.182   838   842 I AT      : AT write start
05-14 18:34:12.182   785   830 I use-Rlog/RLOG-RILMUXD: [gsm0710muxd] 3572:poll_thread(): poll_thread select found
05-14 18:34:12.182   785   830 I use-Rlog/RLOG-RILMUXD: [gsm0710muxd] 1013:pseudo_device_read(): Enter, LackofAtciChannel=0
05-14 18:34:12.182   785   830 I use-Rlog/RLOG-RILMUXD: [gsm0710muxd] 628:write_frame(): Sending frame to channel 5
05-14 18:34:12.190   785   830 I use-Rlog/RLOG-RILMUXD: [gsm0710muxd] 734:write_frame(): Write a frame on channel 5 with length 12
05-14 18:34:12.191   785   824 I use-Rlog/RLOG-RILMUXD: [gsm0710muxd] 1611:gsm0710_base_buffer_get_frame(): Get a complete frame. ch:5, ctrl:239, len:39
05-14 18:34:12.191   785   824 I use-Rlog/RLOG-RILMUXD: [gsm0710muxd] 2351:extract_frames(): Writing 39 byte frame received on channel 5 to /dev/pts/4
05-14 18:34:12.191   838   857 I AT      : AT read end: 39:Success
05-14 18:34:12.191   838   857 I AT      : AT read start
05-14 18:34:12.191   785   824 I use-Rlog/RLOG-RILMUXD: [gsm0710muxd] 2370:extract_frames(): write() returned. Written 39/39 bytes of frame to /dev/pts/4
05-14 18:34:12.191   785   824 I use-Rlog/RLOG-RILMUXD: [gsm0710muxd] 1611:gsm0710_base_buffer_get_frame(): Get a complete frame. ch:5, ctrl:239, len:6
05-14 18:34:12.191   785   824 I use-Rlog/RLOG-RILMUXD: [gsm0710muxd] 2351:extract_frames(): Writing 6 byte frame received on channel 5 to /dev/pts/4
05-14 18:34:12.191   785   824 I use-Rlog/RLOG-RILMUXD: [gsm0710muxd] 2370:extract_frames(): write() returned. Written 6/6 bytes of frame to /dev/pts/4
05-14 18:34:12.191   838   857 I AT      : AT read end: 6:Success
05-14 18:34:12.191   838   857 I AT      : AT read start
05-14 18:34:12.192   838   842 I RILC-MTK: RIL_CMD_PROXY_1 sleep
05-14 18:34:15.507   785   785 I use-Rlog/RLOG-RILMUXD: [gsm0710muxd] 3855:main(): Frames received/dropped: 8815/0
05-14 18:34:17.198   838   851 I RILC    : NUMBER:1
05-14 18:34:17.198   838   851 I RILC    : arg len:14
05-14 18:34:17.198   838   851 I RILC    : ARGS[0]:THERMAL,0,-1
05-14 18:34:17.199   838   844 I RILC-MTK: RIL_ATCI_PROXY wakeup
05-14 18:34:17.199   838   844 I RILC-MTK: RIL_ATCI_PROXY sleep
05-14 18:34:17.199   838   849 I RILC-MTK: RIL_CMD2_PROXY_4 wakeup
05-14 18:34:17.199   838   849 I RILC-MTK: RIL_CMD2_PROXY_4 sleep
05-14 18:34:17.199   838   845 I RILC-MTK: RIL_URC2_PROXY wakeup
05-14 18:34:17.199   838   845 I RILC-MTK: RIL_URC2_PROXY sleep
05-14 18:34:17.199   838   843 I RILC-MTK: RIL_CMD_PROXY_4 wakeup
05-14 18:34:17.199   838   843 I RILC-MTK: RIL_CMD_PROXY_4 sleep
05-14 18:34:17.199   838   840 I RILC-MTK: RIL_CMD_PROXY_3 wakeup
05-14 18:34:17.199   838   840 I RILC-MTK: RIL_CMD_PROXY_3 sleep
05-14 18:34:17.199   838   846 I RILC-MTK: RIL_CMD2_PROXY_3 wakeup
05-14 18:34:17.199   838   846 I RILC-MTK: RIL_CMD2_PROXY_3 sleep
05-14 18:34:17.199   838   841 I RILC-MTK: RIL_CMD_PROXY_2 wakeup
05-14 18:34:17.199   838   841 I RILC-MTK: RIL_CMD_PROXY_2 sleep
05-14 18:34:17.199   838   847 I RILC-MTK: RIL_CMD2_PROXY_2 wakeup
05-14 18:34:17.199   838   847 I RILC-MTK: RIL_CMD2_PROXY_2 sleep
05-14 18:34:17.199   838   848 I RILC-MTK: RIL_CMD2_PROXY_1 wakeup
05-14 18:34:17.199   838   848 I RILC-MTK: RIL_CMD2_PROXY_1 sleep
05-14 18:34:17.199   838   839 I RILC-MTK: RIL_URC_PROXY wakeup
05-14 18:34:17.199   838   839 I RILC-MTK: RIL_URC_PROXY sleep
05-14 18:34:17.199   838   850 I RILC-MTK: RIL_ATCI2_PROXY wakeup
05-14 18:34:17.199   838   850 I RILC-MTK: RIL_ATCI2_PROXY sleep
05-14 18:34:17.199   838   842 I RILC-MTK: RIL_CMD_PROXY_1 wakeup
05-14 18:34:17.199   838   842 I AT      : AT write start
05-14 18:34:17.199   785   830 I use-Rlog/RLOG-RILMUXD: [gsm0710muxd] 3572:poll_thread(): poll_thread select found
05-14 18:34:17.199   785   830 I use-Rlog/RLOG-RILMUXD: [gsm0710muxd] 1013:pseudo_device_read(): Enter, LackofAtciChannel=0
05-14 18:34:17.199   785   830 I use-Rlog/RLOG-RILMUXD: [gsm0710muxd] 628:write_frame(): Sending frame to channel 5
05-14 18:34:17.236   785   824 I use-Rlog/RLOG-RILMUXD: [gsm0710muxd] 1611:gsm0710_base_buffer_get_frame(): Get a complete frame. ch:5, ctrl:239, len:39
05-14 18:34:17.236   785   824 I use-Rlog/RLOG-RILMUXD: [gsm0710muxd] 2351:extract_frames(): Writing 39 byte frame received on channel 5 to /dev/pts/4
05-14 18:34:17.236   785   824 I use-Rlog/RLOG-RILMUXD: [gsm0710muxd] 2370:extract_frames(): write() returned. Written 39/39 bytes of frame to /dev/pts/4
05-14 18:34:17.236   785   824 I use-Rlog/RLOG-RILMUXD: [gsm0710muxd] 1611:gsm0710_base_buffer_get_frame(): Get a complete frame. ch:5, ctrl:239, len:6
05-14 18:34:17.236   785   824 I use-Rlog/RLOG-RILMUXD: [gsm0710muxd] 2351:extract_frames(): Writing 6 byte frame received on channel 5 to /dev/pts/4
05-14 18:34:17.236   785   824 I use-Rlog/RLOG-RILMUXD: [gsm0710muxd] 2370:extract_frames(): write() returned. Written 6/6 bytes of frame to /dev/pts/4
05-14 18:34:17.237   838   857 I AT      : AT read end: 45:Success
05-14 18:34:17.237   838   857 I AT      : AT read start
05-14 18:34:17.237   838   842 I RILC-MTK: RIL_CMD_PROXY_1 sleep
05-14 18:34:17.237   785   830 I use-Rlog/RLOG-RILMUXD: [gsm0710muxd] 734:write_frame(): Write a frame on channel 5 with length 12
05-14 18:34:20.507   785   785 I use-Rlog/RLOG-RILMUXD: [gsm0710muxd] 3855:main(): Frames received/dropped: 8817/0
05-14 18:34:22.243   838   851 I RILC    : NUMBER:1
05-14 18:34:22.243   838   851 I RILC    : arg len:14
05-14 18:34:22.243   838   851 I RILC    : ARGS[0]:THERMAL,0,-1
05-14 18:34:22.244   838   844 I RILC-MTK: RIL_ATCI_PROXY wakeup
05-14 18:34:22.244   838   844 I RILC-MTK: RIL_ATCI_PROXY sleep
05-14 18:34:22.244   838   849 I RILC-MTK: RIL_CMD2_PROXY_4 wakeup
05-14 18:34:22.244   838   849 I RILC-MTK: RIL_CMD2_PROXY_4 sleep
05-14 18:34:22.244   838   845 I RILC-MTK: RIL_URC2_PROXY wakeup
05-14 18:34:22.244   838   845 I RILC-MTK: RIL_URC2_PROXY sleep
05-14 18:34:22.244   838   843 I RILC-MTK: RIL_CMD_PROXY_4 wakeup
05-14 18:34:22.244   838   843 I RILC-MTK: RIL_CMD_PROXY_4 sleep
05-14 18:34:22.244   838   840 I RILC-MTK: RIL_CMD_PROXY_3 wakeup
05-14 18:34:22.244   838   840 I RILC-MTK: RIL_CMD_PROXY_3 sleep
05-14 18:34:22.244   838   846 I RILC-MTK: RIL_CMD2_PROXY_3 wakeup
05-14 18:34:22.244   838   846 I RILC-MTK: RIL_CMD2_PROXY_3 sleep
05-14 18:34:22.244   838   841 I RILC-MTK: RIL_CMD_PROXY_2 wakeup
05-14 18:34:22.244   838   841 I RILC-MTK: RIL_CMD_PROXY_2 sleep
05-14 18:34:22.244   838   847 I RILC-MTK: RIL_CMD2_PROXY_2 wakeup
05-14 18:34:22.244   838   847 I RILC-MTK: RIL_CMD2_PROXY_2 sleep
05-14 18:34:22.244   838   848 I RILC-MTK: RIL_CMD2_PROXY_1 wakeup
05-14 18:34:22.244   838   848 I RILC-MTK: RIL_CMD2_PROXY_1 sleep
05-14 18:34:22.244   838   839 I RILC-MTK: RIL_URC_PROXY wakeup
05-14 18:34:22.244   838   839 I RILC-MTK: RIL_URC_PROXY sleep
05-14 18:34:22.244   838   850 I RILC-MTK: RIL_ATCI2_PROXY wakeup
05-14 18:34:22.244   838   850 I RILC-MTK: RIL_ATCI2_PROXY sleep
05-14 18:34:22.244   838   842 I RILC-MTK: RIL_CMD_PROXY_1 wakeup
05-14 18:34:22.244   838   842 I AT      : AT write start
05-14 18:34:22.244   785   830 I use-Rlog/RLOG-RILMUXD: [gsm0710muxd] 3572:poll_thread(): poll_thread select found
05-14 18:34:22.245   785   830 I use-Rlog/RLOG-RILMUXD: [gsm0710muxd] 1013:pseudo_device_read(): Enter, LackofAtciChannel=0
05-14 18:34:22.245   785   830 I use-Rlog/RLOG-RILMUXD: [gsm0710muxd] 628:write_frame(): Sending frame to channel 5
05-14 18:34:22.277   785   824 I use-Rlog/RLOG-RILMUXD: [gsm0710muxd] 1611:gsm0710_base_buffer_get_frame(): Get a complete frame. ch:5, ctrl:239, len:39
05-14 18:34:22.277   785   824 I use-Rlog/RLOG-RILMUXD: [gsm0710muxd] 2351:extract_frames(): Writing 39 byte frame received on channel 5 to /dev/pts/4
05-14 18:34:22.277   785   824 I use-Rlog/RLOG-RILMUXD: [gsm0710muxd] 2370:extract_frames(): write() returned. Written 39/39 bytes of frame to /dev/pts/4
05-14 18:34:22.277   785   824 I use-Rlog/RLOG-RILMUXD: [gsm0710muxd] 1611:gsm0710_base_buffer_get_frame(): Get a complete frame. ch:5, ctrl:239, len:6
05-14 18:34:22.277   785   824 I use-Rlog/RLOG-RILMUXD: [gsm0710muxd] 2351:extract_frames(): Writing 6 byte frame received on channel 5 to /dev/pts/4
05-14 18:34:22.277   785   824 I use-Rlog/RLOG-RILMUXD: [gsm0710muxd] 2370:extract_frames(): write() returned. Written 6/6 bytes of frame to /dev/pts/4
05-14 18:34:22.277   838   857 I AT      : AT read end: 45:Success
05-14 18:34:22.278   838   857 I AT      : AT read start
05-14 18:34:22.278   838   842 I RILC-MTK: RIL_CMD_PROXY_1 sleep
05-14 18:34:22.278   785   830 I use-Rlog/RLOG-RILMUXD: [gsm0710muxd] 734:write_frame(): Write a frame on channel 5 with length 12
05-14 18:34:25.507   785   785 I use-Rlog/RLOG-RILMUXD: [gsm0710muxd] 3855:main(): Frames received/dropped: 8819/0
05-14 18:34:27.281   838   851 I RILC    : NUMBER:1
05-14 18:34:27.281   838   851 I RILC    : arg len:14
05-14 18:34:27.281   838   851 I RILC    : ARGS[0]:THERMAL,0,-1
05-14 18:34:27.281   838   844 I RILC-MTK: RIL_ATCI_PROXY wakeup
05-14 18:34:27.281   838   844 I RILC-MTK: RIL_ATCI_PROXY sleep
05-14 18:34:27.281   838   849 I RILC-MTK: RIL_CMD2_PROXY_4 wakeup
05-14 18:34:27.281   838   849 I RILC-MTK: RIL_CMD2_PROXY_4 sleep
05-14 18:34:27.281   838   845 I RILC-MTK: RIL_URC2_PROXY wakeup
05-14 18:34:27.281   838   845 I RILC-MTK: RIL_URC2_PROXY sleep
05-14 18:34:27.281   838   843 I RILC-MTK: RIL_CMD_PROXY_4 wakeup
05-14 18:34:27.281   838   843 I RILC-MTK: RIL_CMD_PROXY_4 sleep
05-14 18:34:27.281   838   840 I RILC-MTK: RIL_CMD_PROXY_3 wakeup
05-14 18:34:27.281   838   840 I RILC-MTK: RIL_CMD_PROXY_3 sleep
05-14 18:34:27.281   838   846 I RILC-MTK: RIL_CMD2_PROXY_3 wakeup
05-14 18:34:27.281   838   846 I RILC-MTK: RIL_CMD2_PROXY_3 sleep
05-14 18:34:27.281   838   841 I RILC-MTK: RIL_CMD_PROXY_2 wakeup
05-14 18:34:27.281   838   841 I RILC-MTK: RIL_CMD_PROXY_2 sleep
05-14 18:34:27.281   838   847 I RILC-MTK: RIL_CMD2_PROXY_2 wakeup
05-14 18:34:27.281   838   847 I RILC-MTK: RIL_CMD2_PROXY_2 sleep
05-14 18:34:27.281   838   848 I RILC-MTK: RIL_CMD2_PROXY_1 wakeup
05-14 18:34:27.281   838   848 I RILC-MTK: RIL_CMD2_PROXY_1 sleep
05-14 18:34:27.281   838   839 I RILC-MTK: RIL_URC_PROXY wakeup
05-14 18:34:27.281   838   839 I RILC-MTK: RIL_URC_PROXY sleep
05-14 18:34:27.281   838   850 I RILC-MTK: RIL_ATCI2_PROXY wakeup
05-14 18:34:27.281   838   850 I RILC-MTK: RIL_ATCI2_PROXY sleep
05-14 18:34:27.282   838   842 I RILC-MTK: RIL_CMD_PROXY_1 wakeup
05-14 18:34:27.282   838   842 I AT      : AT write start
05-14 18:34:27.282   785   830 I use-Rlog/RLOG-RILMUXD: [gsm0710muxd] 3572:poll_thread(): poll_thread select found
05-14 18:34:27.282   785   830 I use-Rlog/RLOG-RILMUXD: [gsm0710muxd] 1013:pseudo_device_read(): Enter, LackofAtciChannel=0
05-14 18:34:27.282   785   830 I use-Rlog/RLOG-RILMUXD: [gsm0710muxd] 628:write_frame(): Sending frame to channel 5
05-14 18:34:27.319   785   824 I use-Rlog/RLOG-RILMUXD: [gsm0710muxd] 1611:gsm0710_base_buffer_get_frame(): Get a complete frame. ch:5, ctrl:239, len:39
05-14 18:34:27.319   785   824 I use-Rlog/RLOG-RILMUXD: [gsm0710muxd] 2351:extract_frames(): Writing 39 byte frame received on channel 5 to /dev/pts/4
05-14 18:34:27.319   785   824 I use-Rlog/RLOG-RILMUXD: [gsm0710muxd] 2370:extract_frames(): write() returned. Written 39/39 bytes of frame to /dev/pts/4
05-14 18:34:27.319   785   824 I use-Rlog/RLOG-RILMUXD: [gsm0710muxd] 1611:gsm0710_base_buffer_get_frame(): Get a complete frame. ch:5, ctrl:239, len:6
05-14 18:34:27.319   785   824 I use-Rlog/RLOG-RILMUXD: [gsm0710muxd] 2351:extract_frames(): Writing 6 byte frame received on channel 5 to /dev/pts/4
05-14 18:34:27.319   785   824 I use-Rlog/RLOG-RILMUXD: [gsm0710muxd] 2370:extract_frames(): write() returned. Written 6/6 bytes of frame to /dev/pts/4
05-14 18:34:27.319   838   857 I AT      : AT read end: 45:Success
05-14 18:34:27.319   838   857 I AT      : AT read start
05-14 18:34:27.319   838   842 I RILC-MTK: RIL_CMD_PROXY_1 sleep
05-14 18:34:27.320   785   830 I use-Rlog/RLOG-RILMUXD: [gsm0710muxd] 734:write_frame(): Write a frame on channel 5 with length 12
05-14 18:34:30.507   785   785 I use-Rlog/RLOG-RILMUXD: [gsm0710muxd] 3855:main(): Frames received/dropped: 8821/0
05-14 18:34:32.326   838   851 I RILC    : NUMBER:1
05-14 18:34:32.326   838   851 I RILC    : arg len:14
05-14 18:34:32.326   838   851 I RILC    : ARGS[0]:THERMAL,0,-1
05-14 18:34:32.326   838   844 I RILC-MTK: RIL_ATCI_PROXY wakeup
05-14 18:34:32.326   838   844 I RILC-MTK: RIL_ATCI_PROXY sleep
05-14 18:34:32.326   838   849 I RILC-MTK: RIL_CMD2_PROXY_4 wakeup
05-14 18:34:32.326   838   849 I RILC-MTK: RIL_CMD2_PROXY_4 sleep
05-14 18:34:32.326   838   845 I RILC-MTK: RIL_URC2_PROXY wakeup
05-14 18:34:32.326   838   845 I RILC-MTK: RIL_URC2_PROXY sleep
05-14 18:34:32.326   838   843 I RILC-MTK: RIL_CMD_PROXY_4 wakeup
05-14 18:34:32.326   838   843 I RILC-MTK: RIL_CMD_PROXY_4 sleep
05-14 18:34:32.326   838   840 I RILC-MTK: RIL_CMD_PROXY_3 wakeup
05-14 18:34:32.326   838   840 I RILC-MTK: RIL_CMD_PROXY_3 sleep
05-14 18:34:32.326   838   846 I RILC-MTK: RIL_CMD2_PROXY_3 wakeup
05-14 18:34:32.326   838   846 I RILC-MTK: RIL_CMD2_PROXY_3 sleep
05-14 18:34:32.326   838   841 I RILC-MTK: RIL_CMD_PROXY_2 wakeup
05-14 18:34:32.326   838   841 I RILC-MTK: RIL_CMD_PROXY_2 sleep
05-14 18:34:32.326   838   847 I RILC-MTK: RIL_CMD2_PROXY_2 wakeup
05-14 18:34:32.326   838   847 I RILC-MTK: RIL_CMD2_PROXY_2 sleep
05-14 18:34:32.326   838   848 I RILC-MTK: RIL_CMD2_PROXY_1 wakeup
05-14 18:34:32.327   838   848 I RILC-MTK: RIL_CMD2_PROXY_1 sleep
05-14 18:34:32.327   838   839 I RILC-MTK: RIL_URC_PROXY wakeup
05-14 18:34:32.327   838   839 I RILC-MTK: RIL_URC_PROXY sleep
05-14 18:34:32.327   838   850 I RILC-MTK: RIL_ATCI2_PROXY wakeup
05-14 18:34:32.327   838   850 I RILC-MTK: RIL_ATCI2_PROXY sleep
05-14 18:34:32.327   838   842 I RILC-MTK: RIL_CMD_PROXY_1 wakeup
05-14 18:34:32.327   838   842 I AT      : AT write start
05-14 18:34:32.327   785   830 I use-Rlog/RLOG-RILMUXD: [gsm0710muxd] 3572:poll_thread(): poll_thread select found
05-14 18:34:32.327   785   830 I use-Rlog/RLOG-RILMUXD: [gsm0710muxd] 1013:pseudo_device_read(): Enter, LackofAtciChannel=0
05-14 18:34:32.327   785   830 I use-Rlog/RLOG-RILMUXD: [gsm0710muxd] 628:write_frame(): Sending frame to channel 5
05-14 18:34:32.360   785   824 I use-Rlog/RLOG-RILMUXD: [gsm0710muxd] 1611:gsm0710_base_buffer_get_frame(): Get a complete frame. ch:5, ctrl:239, len:39
05-14 18:34:32.360   785   824 I use-Rlog/RLOG-RILMUXD: [gsm0710muxd] 2351:extract_frames(): Writing 39 byte frame received on channel 5 to /dev/pts/4
05-14 18:34:32.360   785   824 I use-Rlog/RLOG-RILMUXD: [gsm0710muxd] 2370:extract_frames(): write() returned. Written 39/39 bytes of frame to /dev/pts/4
05-14 18:34:32.360   785   824 I use-Rlog/RLOG-RILMUXD: [gsm0710muxd] 1611:gsm0710_base_buffer_get_frame(): Get a complete frame. ch:5, ctrl:239, len:6
05-14 18:34:32.360   785   824 I use-Rlog/RLOG-RILMUXD: [gsm0710muxd] 2351:extract_frames(): Writing 6 byte frame received on channel 5 to /dev/pts/4
05-14 18:34:32.360   785   824 I use-Rlog/RLOG-RILMUXD: [gsm0710muxd] 2370:extract_frames(): write() returned. Written 6/6 bytes of frame to /dev/pts/4
05-14 18:34:32.360   838   857 I AT      : AT read end: 45:Success
05-14 18:34:32.360   838   857 I AT      : AT read start
05-14 18:34:32.360   838   842 I RILC-MTK: RIL_CMD_PROXY_1 sleep
05-14 18:34:32.361   785   830 I use-Rlog/RLOG-RILMUXD: [gsm0710muxd] 734:write_frame(): Write a frame on channel 5 with length 12
05-14 18:34:35.507   785   785 I use-Rlog/RLOG-RILMUXD: [gsm0710muxd] 3855:main(): Frames received/dropped: 8823/0
05-14 18:34:37.368   838   851 I RILC    : NUMBER:1
05-14 18:34:37.368   838   851 I RILC    : arg len:14
05-14 18:34:37.368   838   851 I RILC    : ARGS[0]:THERMAL,0,-1
05-14 18:34:37.368   838   844 I RILC-MTK: RIL_ATCI_PROXY wakeup
05-14 18:34:37.368   838   844 I RILC-MTK: RIL_ATCI_PROXY sleep
05-14 18:34:37.368   838   849 I RILC-MTK: RIL_CMD2_PROXY_4 wakeup
05-14 18:34:37.368   838   849 I RILC-MTK: RIL_CMD2_PROXY_4 sleep
05-14 18:34:37.368   838   845 I RILC-MTK: RIL_URC2_PROXY wakeup
05-14 18:34:37.368   838   845 I RILC-MTK: RIL_URC2_PROXY sleep
05-14 18:34:37.368   838   843 I RILC-MTK: RIL_CMD_PROXY_4 wakeup
05-14 18:34:37.368   838   843 I RILC-MTK: RIL_CMD_PROXY_4 sleep
05-14 18:34:37.368   838   840 I RILC-MTK: RIL_CMD_PROXY_3 wakeup
05-14 18:34:37.368   838   840 I RILC-MTK: RIL_CMD_PROXY_3 sleep
05-14 18:34:37.368   838   846 I RILC-MTK: RIL_CMD2_PROXY_3 wakeup
05-14 18:34:37.368   838   846 I RILC-MTK: RIL_CMD2_PROXY_3 sleep
05-14 18:34:37.369   838   841 I RILC-MTK: RIL_CMD_PROXY_2 wakeup
05-14 18:34:37.369   838   841 I RILC-MTK: RIL_CMD_PROXY_2 sleep
05-14 18:34:37.369   838   847 I RILC-MTK: RIL_CMD2_PROXY_2 wakeup
05-14 18:34:37.369   838   847 I RILC-MTK: RIL_CMD2_PROXY_2 sleep
05-14 18:34:37.369   838   848 I RILC-MTK: RIL_CMD2_PROXY_1 wakeup
05-14 18:34:37.369   838   848 I RILC-MTK: RIL_CMD2_PROXY_1 sleep
05-14 18:34:37.369   838   839 I RILC-MTK: RIL_URC_PROXY wakeup
05-14 18:34:37.369   838   839 I RILC-MTK: RIL_URC_PROXY sleep
05-14 18:34:37.369   838   850 I RILC-MTK: RIL_ATCI2_PROXY wakeup
05-14 18:34:37.369   838   850 I RILC-MTK: RIL_ATCI2_PROXY sleep
05-14 18:34:37.369   838   842 I RILC-MTK: RIL_CMD_PROXY_1 wakeup
05-14 18:34:37.369   838   842 I AT      : AT write start
05-14 18:34:37.369   785   830 I use-Rlog/RLOG-RILMUXD: [gsm0710muxd] 3572:poll_thread(): poll_thread select found
05-14 18:34:37.369   785   830 I use-Rlog/RLOG-RILMUXD: [gsm0710muxd] 1013:pseudo_device_read(): Enter, LackofAtciChannel=0
05-14 18:34:37.369   785   830 I use-Rlog/RLOG-RILMUXD: [gsm0710muxd] 628:write_frame(): Sending frame to channel 5
05-14 18:34:37.377   785   830 I use-Rlog/RLOG-RILMUXD: [gsm0710muxd] 734:write_frame(): Write a frame on channel 5 with length 12
05-14 18:34:37.378   785   824 I use-Rlog/RLOG-RILMUXD: [gsm0710muxd] 1611:gsm0710_base_buffer_get_frame(): Get a complete frame. ch:5, ctrl:239, len:39
05-14 18:34:37.378   785   824 I use-Rlog/RLOG-RILMUXD: [gsm0710muxd] 2351:extract_frames(): Writing 39 byte frame received on channel 5 to /dev/pts/4
05-14 18:34:37.378   838   857 I AT      : AT read end: 39:Success
05-14 18:34:37.378   838   857 I AT      : AT read start
05-14 18:34:37.378   785   824 I use-Rlog/RLOG-RILMUXD: [gsm0710muxd] 2370:extract_frames(): write() returned. Written 39/39 bytes of frame to /dev/pts/4
05-14 18:34:37.378   785   824 I use-Rlog/RLOG-RILMUXD: [gsm0710muxd] 1611:gsm0710_base_buffer_get_frame(): Get a complete frame. ch:5, ctrl:239, len:6
05-14 18:34:37.378   785   824 I use-Rlog/RLOG-RILMUXD: [gsm0710muxd] 2351:extract_frames(): Writing 6 byte frame received on channel 5 to /dev/pts/4
05-14 18:34:37.378   785   824 I use-Rlog/RLOG-RILMUXD: [gsm0710muxd] 2370:extract_frames(): write() returned. Written 6/6 bytes of frame to /dev/pts/4
05-14 18:34:37.378   838   857 I AT      : AT read end: 6:Success
05-14 18:34:37.378   838   857 I AT      : AT read start
05-14 18:34:37.379   838   842 I RILC-MTK: RIL_CMD_PROXY_1 sleep
05-14 18:34:40.507   785   785 I use-Rlog/RLOG-RILMUXD: [gsm0710muxd] 3855:main(): Frames received/dropped: 8825/0
05-14 18:34:42.381   838   851 I RILC    : NUMBER:1
05-14 18:34:42.381   838   851 I RILC    : arg len:14
05-14 18:34:42.381   838   851 I RILC    : ARGS[0]:THERMAL,0,-1
05-14 18:34:42.381   838   844 I RILC-MTK: RIL_ATCI_PROXY wakeup
05-14 18:34:42.381   838   844 I RILC-MTK: RIL_ATCI_PROXY sleep
05-14 18:34:42.381   838   849 I RILC-MTK: RIL_CMD2_PROXY_4 wakeup
05-14 18:34:42.381   838   849 I RILC-MTK: RIL_CMD2_PROXY_4 sleep
05-14 18:34:42.381   838   845 I RILC-MTK: RIL_URC2_PROXY wakeup
05-14 18:34:42.381   838   845 I RILC-MTK: RIL_URC2_PROXY sleep
05-14 18:34:42.381   838   843 I RILC-MTK: RIL_CMD_PROXY_4 wakeup
05-14 18:34:42.381   838   843 I RILC-MTK: RIL_CMD_PROXY_4 sleep
05-14 18:34:42.381   838   840 I RILC-MTK: RIL_CMD_PROXY_3 wakeup
05-14 18:34:42.381   838   840 I RILC-MTK: RIL_CMD_PROXY_3 sleep
05-14 18:34:42.381   838   846 I RILC-MTK: RIL_CMD2_PROXY_3 wakeup
05-14 18:34:42.381   838   846 I RILC-MTK: RIL_CMD2_PROXY_3 sleep
05-14 18:34:42.381   838   841 I RILC-MTK: RIL_CMD_PROXY_2 wakeup
05-14 18:34:42.381   838   841 I RILC-MTK: RIL_CMD_PROXY_2 sleep
05-14 18:34:42.381   838   847 I RILC-MTK: RIL_CMD2_PROXY_2 wakeup
05-14 18:34:42.381   838   847 I RILC-MTK: RIL_CMD2_PROXY_2 sleep
05-14 18:34:42.381   838   848 I RILC-MTK: RIL_CMD2_PROXY_1 wakeup
05-14 18:34:42.381   838   848 I RILC-MTK: RIL_CMD2_PROXY_1 sleep
05-14 18:34:42.381   838   839 I RILC-MTK: RIL_URC_PROXY wakeup
05-14 18:34:42.381   838   839 I RILC-MTK: RIL_URC_PROXY sleep
05-14 18:34:42.381   838   850 I RILC-MTK: RIL_ATCI2_PROXY wakeup
05-14 18:34:42.381   838   850 I RILC-MTK: RIL_ATCI2_PROXY sleep
05-14 18:34:42.381   838   842 I RILC-MTK: RIL_CMD_PROXY_1 wakeup
05-14 18:34:42.381   838   842 I AT      : AT write start
05-14 18:34:42.382   785   830 I use-Rlog/RLOG-RILMUXD: [gsm0710muxd] 3572:poll_thread(): poll_thread select found
05-14 18:34:42.382   785   830 I use-Rlog/RLOG-RILMUXD: [gsm0710muxd] 1013:pseudo_device_read(): Enter, LackofAtciChannel=0
05-14 18:34:42.382   785   830 I use-Rlog/RLOG-RILMUXD: [gsm0710muxd] 628:write_frame(): Sending frame to channel 5
05-14 18:34:42.415   785   824 I use-Rlog/RLOG-RILMUXD: [gsm0710muxd] 1611:gsm0710_base_buffer_get_frame(): Get a complete frame. ch:5, ctrl:239, len:39
05-14 18:34:42.415   785   824 I use-Rlog/RLOG-RILMUXD: [gsm0710muxd] 2351:extract_frames(): Writing 39 byte frame received on channel 5 to /dev/pts/4
05-14 18:34:42.415   785   824 I use-Rlog/RLOG-RILMUXD: [gsm0710muxd] 2370:extract_frames(): write() returned. Written 39/39 bytes of frame to /dev/pts/4
05-14 18:34:42.415   785   824 I use-Rlog/RLOG-RILMUXD: [gsm0710muxd] 1611:gsm0710_base_buffer_get_frame(): Get a complete frame. ch:5, ctrl:239, len:6
05-14 18:34:42.415   785   824 I use-Rlog/RLOG-RILMUXD: [gsm0710muxd] 2351:extract_frames(): Writing 6 byte frame received on channel 5 to /dev/pts/4
05-14 18:34:42.415   785   824 I use-Rlog/RLOG-RILMUXD: [gsm0710muxd] 2370:extract_frames(): write() returned. Written 6/6 bytes of frame to /dev/pts/4
05-14 18:34:42.415   838   857 I AT      : AT read end: 45:Success
05-14 18:34:42.415   838   857 I AT      : AT read start
05-14 18:34:42.415   838   842 I RILC-MTK: RIL_CMD_PROXY_1 sleep
05-14 18:34:42.416   785   830 I use-Rlog/RLOG-RILMUXD: [gsm0710muxd] 734:write_frame(): Write a frame on channel 5 with length 12
05-14 18:34:45.508   785   785 I use-Rlog/RLOG-RILMUXD: [gsm0710muxd] 3855:main(): Frames received/dropped: 8827/0
05-14 18:34:47.422   838   851 I RILC    : NUMBER:1
05-14 18:34:47.422   838   851 I RILC    : arg len:14
05-14 18:34:47.422   838   851 I RILC    : ARGS[0]:THERMAL,0,-1
05-14 18:34:47.422   838   844 I RILC-MTK: RIL_ATCI_PROXY wakeup
05-14 18:34:47.422   838   844 I RILC-MTK: RIL_ATCI_PROXY sleep
05-14 18:34:47.422   838   849 I RILC-MTK: RIL_CMD2_PROXY_4 wakeup
05-14 18:34:47.422   838   849 I RILC-MTK: RIL_CMD2_PROXY_4 sleep
05-14 18:34:47.422   838   845 I RILC-MTK: RIL_URC2_PROXY wakeup
05-14 18:34:47.422   838   845 I RILC-MTK: RIL_URC2_PROXY sleep
05-14 18:34:47.422   838   843 I RILC-MTK: RIL_CMD_PROXY_4 wakeup
05-14 18:34:47.422   838   843 I RILC-MTK: RIL_CMD_PROXY_4 sleep
05-14 18:34:47.422   838   840 I RILC-MTK: RIL_CMD_PROXY_3 wakeup
05-14 18:34:47.422   838   840 I RILC-MTK: RIL_CMD_PROXY_3 sleep
05-14 18:34:47.422   838   846 I RILC-MTK: RIL_CMD2_PROXY_3 wakeup
05-14 18:34:47.422   838   846 I RILC-MTK: RIL_CMD2_PROXY_3 sleep
05-14 18:34:47.422   838   841 I RILC-MTK: RIL_CMD_PROXY_2 wakeup
05-14 18:34:47.422   838   841 I RILC-MTK: RIL_CMD_PROXY_2 sleep
05-14 18:34:47.423   838   847 I RILC-MTK: RIL_CMD2_PROXY_2 wakeup
05-14 18:34:47.423   838   847 I RILC-MTK: RIL_CMD2_PROXY_2 sleep
05-14 18:34:47.423   838   848 I RILC-MTK: RIL_CMD2_PROXY_1 wakeup
05-14 18:34:47.423   838   848 I RILC-MTK: RIL_CMD2_PROXY_1 sleep
05-14 18:34:47.423   838   839 I RILC-MTK: RIL_URC_PROXY wakeup
05-14 18:34:47.423   838   839 I RILC-MTK: RIL_URC_PROXY sleep
05-14 18:34:47.423   838   850 I RILC-MTK: RIL_ATCI2_PROXY wakeup
05-14 18:34:47.423   838   850 I RILC-MTK: RIL_ATCI2_PROXY sleep
05-14 18:34:47.423   838   842 I RILC-MTK: RIL_CMD_PROXY_1 wakeup
05-14 18:34:47.423   838   842 I AT      : AT write start
05-14 18:34:47.423   785   830 I use-Rlog/RLOG-RILMUXD: [gsm0710muxd] 3572:poll_thread(): poll_thread select found
05-14 18:34:47.423   785   830 I use-Rlog/RLOG-RILMUXD: [gsm0710muxd] 1013:pseudo_device_read(): Enter, LackofAtciChannel=0
05-14 18:34:47.423   785   830 I use-Rlog/RLOG-RILMUXD: [gsm0710muxd] 628:write_frame(): Sending frame to channel 5
05-14 18:34:47.431   785   830 I use-Rlog/RLOG-RILMUXD: [gsm0710muxd] 734:write_frame(): Write a frame on channel 5 with length 12
05-14 18:34:47.432   785   824 I use-Rlog/RLOG-RILMUXD: [gsm0710muxd] 1611:gsm0710_base_buffer_get_frame(): Get a complete frame. ch:5, ctrl:239, len:39
