12-24 17:23:59.205  1546  2564 E SmartShowServiceContextImpl: 	at android.os.BaseBundle.unparcel(BaseBundle.java:221)
12-24 17:23:59.205  1546  2564 E SmartShowServiceContextImpl: 	at android.os.BaseBundle.getString(BaseBundle.java:920)
12-24 17:23:59.205  1546  2564 E SmartShowServiceContextImpl: 	at android.content.Intent.getStringExtra(Intent.java:5377)
12-24 17:23:59.205  1546  2564 E SmartShowServiceContextImpl: 	at com.powermo.smartshow.frameworks.SmartShowServiceContextImpl.getInstanceId(SmartShowServiceContextImpl.java:184)
12-24 17:23:59.205  1546  2564 E SmartShowServiceContextImpl: 	at com.android.server.am.ActiveServicesManager.getInstanceId(ActiveServicesManager.java:150)
12-24 17:23:59.205  1546  2564 E SmartShowServiceContextImpl: 	at com.android.server.am.ActiveServicesManager.startServiceLocked(ActiveServicesManager.java:157)
12-24 17:23:59.205  1546  2564 E SmartShowServiceContextImpl: 	at com.android.server.am.ActivityManagerService.startService(ActivityManagerService.java:16496)
12-24 17:23:59.205  1546  2564 E SmartShowServiceContextImpl: 	at android.app.ActivityManagerNative.onTransact(ActivityManagerNative.java:932)
12-24 17:23:59.205  1546  2564 E SmartShowServiceContextImpl: 	at com.android.server.am.ActivityManagerService.onTransact(ActivityManagerService.java:2654)
12-24 17:23:59.205  1546  2564 E SmartShowServiceContextImpl: 	at android.os.Binder.execTransact(Binder.java:453)
12-24 17:23:59.211  1546  1546 I chatty  : uid=1000 system_server expire 10 lines
12-24 17:23:59.319 15835 15835 E wpa_supplicant: eap_proxy: session not started for client = 1
12-24 17:23:59.319 15835 15835 E wpa_supplicant: eap_proxy: session not started for client = 2
12-24 17:23:59.710 13765 13844 E accs.NetworkThreadumeng:56a97fde67e58e33ac0008c0:  0 try connect, force = false failTimes = 1
12-24 17:24:04.188  3004  3004 I chatty  : uid=1000(system) Binder_B expire 8 lines
12-24 17:24:04.248  2204  2204 I chatty  : uid=1000(system) Binder_4 expire 6 lines
12-24 17:24:04.278  2374  2374 I chatty  : uid=1000(system) Binder_6 expire 4 lines
12-24 17:24:04.711 13765 13844 E accs.SilenceConnumeng:56a97fde67e58e33ac0008c0:  0 connect strategys ip:140.205.60.10 port:80
12-24 17:24:04.711 13765 13844 E accs.SilenceConnumeng:56a97fde67e58e33ac0008c0:  0 connect strategys ip:140.205.60.10 port:443
12-24 17:24:04.711 13765 13844 E accs.SilenceConnumeng:56a97fde67e58e33ac0008c0:  0 get ip from amdc succ:140.205.60.10:443 originPos:1
12-24 17:24:04.711 13765 13844 E accs.SilenceConnumeng:56a97fde67e58e33ac0008c0:  0 connect URL:https://140.205.60.10:443/accs/
12-24 17:24:04.711 13765 13844 E accs.SilenceConnumeng:56a97fde67e58e33ac0008c0:  0 connect normal
12-24 17:24:04.711 13765 13844 E accs.SilenceConnumeng:56a97fde67e58e33ac0008c0:  0 notifyStatus:CONNECTING
12-24 17:24:04.713 13765 13808 E accs.SilenceConn:  0 spdySessionFailedError, retryTimes:1 errorId:-2601
12-24 17:24:04.713 13765 13808 E accs.SilenceConnumeng:56a97fde67e58e33ac0008c0:  0 notifyStatus:DISCONNECTED
12-24 17:24:04.715 13765 13844 E accs.NetworkThreadumeng:56a97fde67e58e33ac0008c0:  0 try connect fail, ready for reconnect
12-24 17:24:04.716 13765 13844 E accs.NetworkThreadumeng:56a97fde67e58e33ac0008c0:  0 try connect, force = false failTimes = 2
12-24 17:24:04.988  3017  3017 I chatty  : uid=1000(system) Binder_D expire 6 lines
12-24 17:24:05.418  2986  2986 I chatty  : uid=1000(system) Binder_9 expire 2 lines
12-24 17:24:05.458  3020  3020 I chatty  : uid=1000(system) Binder_F expire 2 lines
12-24 17:24:05.800  1546  2564 E WifiService: Invoking mWifiStateMachine.setWifiEnabled
12-24 17:24:06.114   580   580 I chatty  : uid=1000(system) /system/bin/cnss-daemon expire 2 lines
12-24 17:24:06.130  1546  1953 I chatty  : uid=1000(system) WifiStateMachin expire 68 lines
12-24 17:24:06.137   637 17342 E LOWI-ROME-RTT: RomeNLRecvMessage:  received message of subtype: 2
12-24 17:24:06.173 17344 17344 I libmdmdetect: ESOC framework not supported
12-24 17:24:06.299 17344 17344 E wpa_supplicant:  Initialization: WAPI:set Staues=1 
12-24 17:24:06.360 17344 17347 E wpa_supplicant: eap_proxy: eap_proxy Initializing for DUAL SIM build 2 tid 17347
12-24 17:24:06.363 17344 17344 E wpa_supplicant: eap_proxy:eap_proxy_get_imsi: Not initialized
12-24 17:24:06.365   615   615 E QC-DS-LIB: qmuxd: Shim layer supported by modem, closing client fd[18] client_id[65535]
12-24 17:24:06.365 17344 17347 E QC-QMI  : qmi_client [17344] Shim layer present. Do not use QMUXD
12-24 17:24:06.365 17344 17347 E QC-QMI  : qmi_qmux_if_pwr_up_init_ex:  Initialization failed, rc = -6
12-24 17:24:06.365 17344 17347 E QMI_FW  : QMUXD: WARNING qmi_qmux_if_pwr_up_init failed! rc=-6
12-24 17:24:06.365 17344 17347 E wpa_supplicant: eap_proxy: QMI uim service client initialized with success tid is 17347 0x1 0
12-24 17:24:06.368 17344 17347 E wpa_supplicant: eap_proxy: QMI_UIM_EVENT_REG_REQ_V01, qmi_err_code: 0x0 wpa_uim[0].qmi_uim_svc_client_ptr =0x1Error=0x0
12-24 17:24:06.368 17344 17347 E wpa_supplicant: eap_proxy: event_resp_msg.event=1,
12-24 17:24:06.368 17344 17347 E wpa_supplicant: eap_proxy: reading card 1 values
12-24 17:24:06.369 17344 17347 E wpa_supplicant: eap_proxy: card_info[i].card_state: 0x2
12-24 17:24:06.369 17344 17347 E wpa_supplicant: eap_proxy: card_info[i].error_code: 0x3
12-24 17:24:06.369 17344 17347 E wpa_supplicant: eap_proxy: read_card_status: Not GW it's 1x
12-24 17:24:06.369 17344 17347 E wpa_supplicant: eap_proxy: Error while reading SIM card status
12-24 17:24:06.369 17344 17347 E wpa_supplicant: eap_proxy: QMI auth service client initialized with success tid is 17347  0x2 eapol_proxy=0x557a51a650
12-24 17:24:06.370 17344 17347 E wpa_supplicant: eap_proxy: QMI uim service client initialized with success tid is 17347 0x3 0
12-24 17:24:06.373 17344 17347 E wpa_supplicant: eap_proxy: QMI_UIM_EVENT_REG_REQ_V01, qmi_err_code: 0x0 wpa_uim[1].qmi_uim_svc_client_ptr =0x3Error=0x0
12-24 17:24:06.373 17344 17347 E wpa_supplicant: eap_proxy: event_resp_msg.event=1,
12-24 17:24:06.373 17344 17347 E wpa_supplicant: eap_proxy: reading card 2 values
12-24 17:24:06.375 17344 17347 E wpa_supplicant: eap_proxy: card_info[i].card_state: 0x2
12-24 17:24:06.375 17344 17347 E wpa_supplicant: eap_proxy: card_info[i].error_code: 0x3
12-24 17:24:06.375 17344 17347 E wpa_supplicant: eap_proxy: read_card_status: Not GW it's 1x
12-24 17:24:06.375 17344 17347 E wpa_supplicant: eap_proxy: Error while reading SIM card status
12-24 17:24:06.375 17344 17347 E wpa_supplicant: eap_proxy: QMI auth service client initialized with success tid is 17347  0x4 eapol_proxy=0x557a51a650
12-24 17:24:06.378 17344 17347 E wpa_supplicant: eap_proxy: Eap_proxy initialized successfully tid is 17347 
12-24 17:24:06.468  2564  2564 I chatty  : uid=1000(system) Binder_8 expire 4 lines
12-24 17:24:06.619 17344 17344 E wpa_supplicant:  Initialization: WAPI:set Staues=1 
12-24 17:24:06.690 17344 17344 E wpa_supplicant: eap_proxy:eap_proxy_get_imsi: Not initialized
12-24 17:24:06.690 17344 17357 E wpa_supplicant: eap_proxy: eap_proxy Initializing for DUAL SIM build 2 tid 17357
12-24 17:24:06.690 17344 17357 E wpa_supplicant: eap_proxy: QMI uim service client initialized with success tid is 17357 0x5 0
12-24 17:24:06.695 17344 17357 E wpa_supplicant: eap_proxy: QMI_UIM_EVENT_REG_REQ_V01, qmi_err_code: 0x0 wpa_uim[0].qmi_uim_svc_client_ptr =0x5Error=0x0
12-24 17:24:06.695 17344 17357 E wpa_supplicant: eap_proxy: event_resp_msg.event=1,
12-24 17:24:06.695 17344 17357 E wpa_supplicant: eap_proxy: reading card 1 values
12-24 17:24:06.701 17344 17357 E wpa_supplicant: eap_proxy: card_info[i].card_state: 0x2
12-24 17:24:06.702 17344 17357 E wpa_supplicant: eap_proxy: card_info[i].error_code: 0x3
12-24 17:24:06.702 17344 17357 E wpa_supplicant: eap_proxy: read_card_status: Not GW it's 1x
12-24 17:24:06.702 17344 17357 E wpa_supplicant: eap_proxy: Error while reading SIM card status
12-24 17:24:06.702 17344 17357 E wpa_supplicant: eap_proxy: QMI auth service client initialized with success tid is 17357  0x6 eapol_proxy=0x557a553530
12-24 17:24:06.705 17344 17357 E wpa_supplicant: eap_proxy: QMI uim service client initialized with success tid is 17357 0x7 0
12-24 17:24:06.708 17344 17357 E wpa_supplicant: eap_proxy: QMI_UIM_EVENT_REG_REQ_V01, qmi_err_code: 0x0 wpa_uim[1].qmi_uim_svc_client_ptr =0x7Error=0x0
12-24 17:24:06.708 17344 17357 E wpa_supplicant: eap_proxy: event_resp_msg.event=1,
12-24 17:24:06.708 17344 17357 E wpa_supplicant: eap_proxy: reading card 2 values
12-24 17:24:06.710 17344 17357 E wpa_supplicant: eap_proxy: card_info[i].card_state: 0x2
12-24 17:24:06.710 17344 17357 E wpa_supplicant: eap_proxy: card_info[i].error_code: 0x3
12-24 17:24:06.710 17344 17357 E wpa_supplicant: eap_proxy: read_card_status: Not GW it's 1x
12-24 17:24:06.710 17344 17357 E wpa_supplicant: eap_proxy: Error while reading SIM card status
12-24 17:24:06.711 17344 17357 E wpa_supplicant: eap_proxy: QMI auth service client initialized with success tid is 17357  0x8 eapol_proxy=0x557a553530
12-24 17:24:06.715 17344 17357 E wpa_supplicant: eap_proxy: Eap_proxy initialized successfully tid is 17357 
12-24 17:24:06.720  1546 17359 I chatty  : uid=1000(system) WifiMonitor expire 77 lines
12-24 17:24:06.723 17344 17344 E wpa_supplicant: eap_proxy: eap_proxy_notify_config
12-24 17:24:06.723 17344 17344 E wpa_supplicant: eap_proxy: eap_proxy_notify_config
12-24 17:24:06.723 17344 17344 E wpa_supplicant: eap_proxy: eap_proxy_notify_config
12-24 17:24:06.883  1546  1971 I chatty  : uid=1000(system) WifiScanningSer expire 4 lines
12-24 17:24:07.028  2513  2513 I chatty  : uid=1000(system) Binder_7 expire 2 lines
12-24 17:24:07.498  3019  3019 I chatty  : uid=1000(system) Binder_E expire 2 lines
12-24 17:24:07.966 17344 17344 E wpa_supplicant: eap_proxy: eap_proxy_notify_config
12-24 17:24:07.977 17344 17344 E wpa_supplicant: eap_proxy: eap_proxy_notify_config
12-24 17:24:07.977 17344 17344 E wpa_supplicant: eap_proxy: eap_proxy_allowed_method
12-24 17:24:09.060 17344 17344 E wpa_supplicant: eap_proxy: eap_proxy_notify_config
12-24 17:24:09.608  2205  2205 I chatty  : uid=1000(system) Binder_5 expire 2 lines
12-24 17:24:09.658  1864  1864 I chatty  : uid=1000(system) Binder_3 expire 4 lines
12-24 17:24:09.706 17048 17441 E ws000   : begin call prefClean
12-24 17:24:09.707 17048 17441 E ws000   : end call prefClean
12-24 17:24:09.716 13765 13844 E accs.SilenceConnumeng:56a97fde67e58e33ac0008c0:  0 connect strategys ip:140.205.60.10 port:80
12-24 17:24:09.716 13765 13844 E accs.SilenceConnumeng:56a97fde67e58e33ac0008c0:  0 connect strategys ip:140.205.60.10 port:443
12-24 17:24:09.716 13765 13844 E accs.SilenceConnumeng:56a97fde67e58e33ac0008c0:  0 get ip from amdc succ:140.205.60.10:80 originPos:0
12-24 17:24:09.716 13765 13844 E accs.SilenceConnumeng:56a97fde67e58e33ac0008c0:  0 connect URL:https://140.205.60.10:80/accs/
12-24 17:24:09.717 13765 13844 E accs.SilenceConnumeng:56a97fde67e58e33ac0008c0:  0 connect normal
12-24 17:24:09.718 13765 13844 E accs.SilenceConnumeng:56a97fde67e58e33ac0008c0:  0 notifyStatus:CONNECTING
12-24 17:24:09.719 13765 13808 E accs.SilenceConn:  0 spdySessionFailedError, retryTimes:2 errorId:-2601
12-24 17:24:09.719 13765 13808 E accs.SilenceConnumeng:56a97fde67e58e33ac0008c0:  0 notifyStatus:DISCONNECTED
12-24 17:24:09.721 13765 13844 E accs.NetworkThreadumeng:56a97fde67e58e33ac0008c0:  0 try connect fail, ready for reconnect
12-24 17:24:09.722 13765 13844 E accs.NetworkThreadumeng:56a97fde67e58e33ac0008c0:  0 try connect, force = false failTimes = 3
12-24 17:24:10.220 32677 32677 E JavaBinder: !!! FAILED BINDER TRANSACTION !!!  (parcel size = 256)
12-24 17:24:10.229 32677 32677 E ws001   : s.i2pr e: n=com.qihoo360.mobilesafe:FloatWindow: Transaction failed on small parcel; remote process probably died
12-24 17:24:10.229 32677 32677 E ws001   : android.os.DeadObjectException: Transaction failed on small parcel; remote process probably died
12-24 17:24:10.229 32677 32677 E ws001   : 	at android.os.BinderProxy.transactNative(Native Method)
12-24 17:24:10.229 32677 32677 E ws001   : 	at android.os.BinderProxy.transact(Binder.java:503)
12-24 17:24:10.229 32677 32677 E ws001   : 	at ln.a(360MobileSafe:212)
12-24 17:24:10.229 32677 32677 E ws001   : 	at mr.a(360MobileSafe:580)
12-24 17:24:10.229 32677 32677 E ws001   : 	at nh.a(360MobileSafe:352)
12-24 17:24:10.229 32677 32677 E ws001   : 	at lt.a(360MobileSafe:128)
12-24 17:24:10.229 32677 32677 E ws001   : 	at cuj.sendLocalBroadcast2All(360MobileSafe:208)
12-24 17:24:10.229 32677 32677 E ws001   : 	at com.qihoo360.mobilesafe.api.IPC.sendLocalBroadcast2All(360MobileSafe:131)
12-24 17:24:10.229 32677 32677 E ws001   : 	at bop.a(360MobileSafe:108)
12-24 17:24:10.229 32677 32677 E ws001   : 	at boq.run(360MobileSafe:168)
12-24 17:24:10.229 32677 32677 E ws001   : 	at android.os.Handler.handleCallback(Handler.java:739)
12-24 17:24:10.229 32677 32677 E ws001   : 	at android.os.Handler.dispatchMessage(Handler.java:95)
12-24 17:24:10.229 32677 32677 E ws001   : 	at android.os.Looper.loop(Looper.java:148)
12-24 17:24:10.229 32677 32677 E ws001   : 	at android.app.ActivityThread.main(ActivityThread.java:5518)
12-24 17:24:10.229 32677 32677 E ws001   : 	at java.lang.reflect.Method.invoke(Native Method)
12-24 17:24:10.229 32677 32677 E ws001   : 	at com.android.internal.os.ZygoteInit$MethodAndArgsCaller.run(ZygoteInit.java:755)
12-24 17:24:10.229 32677 32677 E ws001   : 	at com.android.internal.os.ZygoteInit.main(ZygoteInit.java:645)
12-24 17:24:10.521 17344 17344 E wpa_supplicant: eap_proxy: eap_proxy_notify_config
12-24 17:24:10.521 17344 17344 E wpa_supplicant: eap_proxy: eap_proxy_allowed_method
12-24 17:24:10.563  1546  1546 I chatty  : uid=1000 system_server expire 31 lines
12-24 17:24:10.671  1546 17359 I chatty  : uid=1000(system) WifiMonitor expire 16 lines
12-24 17:24:10.695  1546  1953 I chatty  : uid=1000(system) WifiStateMachin expire 111 lines
12-24 17:24:10.771 17457 17457 E dhcpcd  : fopen `/system/etc/dhcpcd/dhcpcd.conf': No such file or directory
12-24 17:24:10.776 17457 17457 I dhcpcd  : version 5.5.6 starting
12-24 17:24:10.777 17457 17457 E dhcpcd  : fopen `/system/etc/dhcpcd/dhcpcd.conf': No such file or directory
12-24 17:24:10.835 17457 17457 I dhcpcd  : wlan0: rebinding lease of 10.2.5.62
12-24 17:24:10.905 17457 17457 I dhcpcd  : wlan0: acknowledged 10.2.5.62 from 10.2.5.1
12-24 17:24:10.908  2374  2374 I chatty  : uid=1000(system) Binder_6 expire 2 lines
12-24 17:24:10.938  2204  2204 I chatty  : uid=1000(system) Binder_4 expire 2 lines
12-24 17:24:10.959 17457 17457 I dhcpcd  : wlan0: leased 10.2.5.62 for 86400 seconds
12-24 17:24:11.088  1938  1938 I chatty  : uid=1000(system) Binder_3 expire 2 lines
12-24 17:24:11.088  3261  3261 I chatty  : uid=1000(system) Binder_4 expire 2 lines
12-24 17:24:11.098  2986  2986 I chatty  : uid=1000(system) Binder_9 expire 2 lines
12-24 17:24:11.298  3004  3004 I chatty  : uid=1000(system) Binder_B expire 4 lines
12-24 17:24:11.421  1546  1955 E ConnectivityService: Unexpected mtu value: 0, wlan0
12-24 17:24:11.488  3008  3008 I chatty  : uid=1000(system) Binder_C expire 4 lines
12-24 17:24:11.498  3017  3017 I chatty  : uid=1000(system) Binder_D expire 6 lines
12-24 17:24:11.566  8524  8524 E com.tencent.component.network.module.common.NetworkState: NetworkStateReceiver ====== android.net.conn.CONNECTIVITY_CHANGE
12-24 17:24:11.632 13598 13657 E awcn.AccsSession: |[seq:umeng:56a97fde67e58e33ac0008c0.AWCN6_1] setFrameCb AccsFrameCb:com.taobao.accs.net.j@950f1fd
12-24 17:24:11.632 13598 13657 E awcn.TnetSpdySession: |[seq:umeng:56a97fde67e58e33ac0008c0.AWCN6_1] [connect] host:https://umengacs.m.taobao.com connect :106.11.61.106:443 sessionId:1514107451632 SpdyProtocol,:http2_0rtt_acs proxyIp,: proxyPort,:0
12-24 17:24:11.632 13598 13657 E awcn.Session: |[seq:umeng:56a97fde67e58e33ac0008c0.AWCN6_1] notifyStatus status:CONNECTING
12-24 17:24:11.638  1546  3020 I chatty  : uid=1000(system) Binder_F expire 1 line
12-24 17:24:11.638  1546  3020 E SmartShowServiceContextImpl: parse intent extra failed
12-24 17:24:11.638  1546  3020 E SmartShowServiceContextImpl: android.os.BadParcelableException: ClassNotFoundException when unmarshalling: com.alipay.pushsdk.AliPushAppInfo
12-24 17:24:11.638  1546  3020 E SmartShowServiceContextImpl: 	at android.os.Parcel.readParcelableCreator(Parcel.java:2432)
12-24 17:24:11.638  1546  3020 E SmartShowServiceContextImpl: 	at android.os.Parcel.readParcelable(Parcel.java:2358)
12-24 17:24:11.638  1546  3020 E SmartShowServiceContextImpl: 	at android.os.Parcel.readValue(Parcel.java:2264)
12-24 17:24:11.638  1546  3020 E SmartShowServiceContextImpl: 	at android.os.Parcel.readArrayMapInternal(Parcel.java:2614)
12-24 17:24:11.638  1546  3020 E SmartShowServiceContextImpl: 	at android.os.BaseBundle.unparcel(BaseBundle.java:221)
12-24 17:24:11.638  1546  3020 E SmartShowServiceContextImpl: 	at android.os.BaseBundle.getString(BaseBundle.java:920)
12-24 17:24:11.638  1546  3020 E SmartShowServiceContextImpl: 	at android.content.Intent.getStringExtra(Intent.java:5377)
12-24 17:24:11.638  1546  3020 E SmartShowServiceContextImpl: 	at com.powermo.smartshow.frameworks.SmartShowServiceContextImpl.getInstanceId(SmartShowServiceContextImpl.java:184)
12-24 17:24:11.638  1546  3020 E SmartShowServiceContextImpl: 	at com.android.server.am.ActiveServicesManager.getInstanceId(ActiveServicesManager.java:150)
12-24 17:24:11.638  1546  3020 E SmartShowServiceContextImpl: 	at com.android.server.am.ActiveServicesManager.startServiceLocked(ActiveServicesManager.java:157)
12-24 17:24:11.638  1546  3020 E SmartShowServiceContextImpl: 	at com.android.server.am.ActivityManagerService.startService(ActivityManagerService.java:16496)
12-24 17:24:11.638  1546  3020 E SmartShowServiceContextImpl: 	at android.app.ActivityManagerNative.onTransact(ActivityManagerNative.java:932)
12-24 17:24:11.638  1546  3020 E SmartShowServiceContextImpl: 	at com.android.server.am.ActivityManagerService.onTransact(ActivityManagerService.java:2654)
12-24 17:24:11.638  1546  3020 E SmartShowServiceContextImpl: 	at android.os.Binder.execTransact(Binder.java:453)
12-24 17:24:11.660 13598 13644 E awcn.Session: |[seq:umeng:56a97fde67e58e33ac0008c0.AWCN6_1] notifyStatus status:CONNECTED
12-24 17:24:11.665 13598 13644 E awcn.AccsSession: |[seq:umeng:56a97fde67e58e33ac0008c0.AWCN6_1] auth auth url:https://106.11.61.106:443/accs/auth?1=WDaYE7J6OVgDAIhwNi1ZIo2Z&2=4a138ecd4bd7d54543f97ff0629d7c1350ae8c004f568c52e50a5536ebe09a4e&3=umeng:56a97fde67e58e33ac0008c0&4=WDaYE7J6OVgDAIhwNi1ZIo2Zumeng:56a97fde67e58e33ac0008c01514121352&5=1&6=wifi&7=null&8=1.1.2&9=1514107451665&10=1&11=23&12=com.tianyancha.skyeye&13=6.5.1&14=null&15=1505-A02&16=360&17=220&19=0
12-24 17:24:11.666 13598 13644 E awcn.TnetSpdySession: |[seq:umeng:56a97fde67e58e33ac0008c0.AWCN6_1] spdySessionConnectCB connect connectTime:28 sslTime::0
12-24 17:24:11.709 13598 13644 E awcn.AccsSession: |[seq:umeng:56a97fde67e58e33ac0008c0.AWCN6_1] AUTH httpStatusCode: 200
12-24 17:24:11.709 13598 13644 E awcn.Session: |[seq:umeng:56a97fde67e58e33ac0008c0.AWCN6_1] notifyStatus status:AUTH_SUCC
12-24 17:24:11.713 13598 13657 E awcn.AccsSession: |[seq:umeng:56a97fde67e58e33ac0008c0.AWCN6_1] setFrameCb AccsFrameCb:com.taobao.accs.net.j@950f1fd
12-24 17:24:11.754  1780 12948 E UAC     : [InvokeDispatcher][fileInfo:FLOG.java(221) e]: autoRenewQT (error) RTKTEntity invalid
12-24 17:24:12.320  2789  2789 E Launcher: onReceive, action=android.intent.action.CLOSE_SYSTEM_DIALOGS, reason=assist
12-24 17:24:13.808  2987  2987 I chatty  : uid=1000(system) Binder_A expire 2 lines
12-24 17:24:13.868  2564  2564 I chatty  : uid=1000(system) Binder_8 expire 2 lines
12-24 17:24:14.688  3020  3020 I chatty  : uid=1000(system) Binder_F expire 2 lines
12-24 17:24:14.723 13765 13844 E accs.SilenceConnumeng:56a97fde67e58e33ac0008c0:  0 connect URL:https://umengjmacs.m.taobao.com:80/accs/
12-24 17:24:14.723 13765 13844 E accs.SilenceConnumeng:56a97fde67e58e33ac0008c0:  0 connect normal
12-24 17:24:14.750 13765 13844 E accs.SilenceConnumeng:56a97fde67e58e33ac0008c0:  0 notifyStatus:CONNECTING
12-24 17:24:14.779 13765 13808 E accs.SilenceConn:  0 spdySessionConnectCB sessionConnectInterval:29 sslTime:1 reuse:0
12-24 17:24:14.787 13765 13808 E accs.SilenceConnumeng:56a97fde67e58e33ac0008c0:  0 auth URL:https://umengjmacs.m.taobao.com:80/accs/auth?1=WDaYE7J6OVgDAIhwNi1ZIo2Z&2=4a138ecd4bd7d54543f97ff0629d7c1350ae8c004f568c52e50a5536ebe09a4e&3=umeng:56a97fde67e58e33ac0008c0&4=WDaYE7J6OVgDAIhwNi1ZIo2Zumeng:56a97fde67e58e33ac0008c01514121367&5=0&6=wifi&7=null&8=220&9=1514107454787&10=1&11=23&12=com.tianyancha.skyeye&13=6.5.1&14=android@umeng&15=1505-A02&16=360&17=220&19=0
12-24 17:24:14.823 13765 13808 E accs.SilenceConn:  0 spdyOnStreamResponse httpStatusCode: 200
12-24 17:24:14.823 13765 13808 E accs.SilenceConnumeng:56a97fde67e58e33ac0008c0:  0 notifyStatus:CONNECTED
12-24 17:24:15.074  8524 17695 E SQLiteLog: (1) no such table: BusinessInfoLogTable
12-24 17:24:20.146 17752 17752 I dex2oat : Adjusted thread count (for runtime dex2oat): 4, 4
12-24 17:24:20.146 17752 17752 E dex2oat : Failed to create oat file: /data/dalvik-cache/arm64/data@app@com.qiku.android.aservice-1@base.apk@classes.dex: Permission denied
12-24 17:24:20.263 17740 17740 E QHStatAgent_ReportKeeper: sdk version: 2.3.7s_1.9f
12-24 17:24:20.640 17782 17782 E qkm.MediaButtonIntentReceiver.java: mediabutton click 2 ,but process is not running,service instance is null
12-24 17:24:20.695 17740 17740 E ActivityThread: Failed to find provider info for com.qiku.riskinsight.provider.ExternalProvider
12-24 17:24:20.697 17740 17740 E QHStatAgent_ReportKeeper: sdk version: 2.3.7s_1.9f
12-24 17:24:20.728   538   538 I chatty  : uid=1000(system) Binder_1 expire 4 lines
12-24 17:24:20.738  1570  1570 I chatty  : uid=1000(system) Binder_2 expire 4 lines
12-24 17:24:20.847 17740 17793 E WVMExtractor: Failed to open libwvm.so: dlopen failed: library "libwvm.so" not found
12-24 17:24:20.897 17740 17793 E MM_OSAL : FileSource::FileSource
12-24 17:24:20.897 17740 17793 E MM_OSAL : FileSource::FileSource m_bEveryThingOK 1
12-24 17:24:20.897 17740 17793 E MM_OSAL : MM_File_Create failed .Efs Error No -1 , File Name /data/mmosal_logmask.cfg , Mode 0
12-24 17:24:20.897 17740 17793 E MM_OSAL : Open or read fail on /data/mmosal_logmask.cfg. Possible permission denied issue. Looking for /data/misc/media/mmosal_logmask.cfg
12-24 17:24:20.897 17740 17793 E MM_OSAL : MM_File_Create failed .Efs Error No -1 , File Name /data/misc/media/mmosal_logmask.cfg , Mode 0
12-24 17:24:21.237 17740 17740 E GlobalScreenshot: mSelectAreaLeft is -1.0f
12-24 17:24:21.264  1546 17359 I chatty  : uid=1000(system) WifiMonitor expire 2 lines
12-24 17:24:21.306  1546  1953 I chatty  : uid=1000(system) WifiStateMachin expire 44 lines
12-24 17:24:21.450  1546  1546 I chatty  : uid=1000 system_server expire 4 lines
12-24 17:24:22.198  2513  2513 I chatty  : uid=1000(system) Binder_7 expire 2 lines
12-24 17:24:22.268  3019  3019 I chatty  : uid=1000(system) Binder_E expire 2 lines
12-24 17:24:22.306 17863 17921 E xiaoyuan: PublicInfoManager
12-24 17:24:22.323 17863 17921 E xiaoyuan: PublicInfoManager
12-24 17:24:22.554  2448 32205 E DatabaseUtils: Writing exception to parcel
12-24 17:24:22.554  2448 32205 E DatabaseUtils: java.lang.IllegalArgumentException: the bind value at index 1 is null
12-24 17:24:22.554  2448 32205 E DatabaseUtils: 	at android.database.sqlite.SQLiteProgram.bindString(SQLiteProgram.java:164)
12-24 17:24:22.554  2448 32205 E DatabaseUtils: 	at android.database.sqlite.SQLiteProgram.bindAllArgsAsStrings(SQLiteProgram.java:200)
12-24 17:24:22.554  2448 32205 E DatabaseUtils: 	at android.database.sqlite.SQLiteDirectCursorDriver.query(SQLiteDirectCursorDriver.java:47)
12-24 17:24:22.554  2448 32205 E DatabaseUtils: 	at android.database.sqlite.SQLiteDatabase.rawQueryWithFactory(SQLiteDatabase.java:1316)
12-24 17:24:22.554  2448 32205 E DatabaseUtils: 	at android.database.sqlite.SQLiteQueryBuilder.query(SQLiteQueryBuilder.java:400)
12-24 17:24:22.554  2448 32205 E DatabaseUtils: 	at android.database.sqlite.SQLiteQueryBuilder.query(SQLiteQueryBuilder.java:294)
12-24 17:24:22.554  2448 32205 E DatabaseUtils: 	at com.android.providers.telephony.CloudMsgProvider.query(CloudMsgProvider.java:587)
12-24 17:24:22.554  2448 32205 E DatabaseUtils: 	at android.content.ContentProvider.query(ContentProvider.java:1017)
12-24 17:24:22.554  2448 32205 E DatabaseUtils: 	at android.content.ContentProvider$Transport.query(ContentProvider.java:238)
12-24 17:24:22.554  2448 32205 E DatabaseUtils: 	at android.content.ContentProviderNative.onTransact(ContentProviderNative.java:112)
12-24 17:24:22.554  2448 32205 E DatabaseUtils: 	at android.os.Binder.execTransact(Binder.java:453)
12-24 17:24:22.748  1569  1569 I chatty  : uid=1000(system) Binder_1 expire 8 lines
12-24 17:24:22.785  1546  1953 I chatty  : uid=1000(system) WifiStateMachin expire 80 lines
12-24 17:24:22.818  3020  3020 I chatty  : uid=1000(system) Binder_F expire 10 lines
12-24 17:24:23.176  8524 20359 E SQLiteLog: (1) no such table: mr_friend_D4FCC05BD8205C41FBE4F2645BF0C6B8_New
12-24 17:24:23.358  2204  2204 I chatty  : uid=1000(system) Binder_4 expire 8 lines
12-24 17:24:23.451  1546  1546 I chatty  : uid=1000 system_server expire 39 lines
12-24 17:24:24.058  3017  3017 I chatty  : uid=1000(system) Binder_D expire 8 lines
12-24 17:24:24.848  1864  1864 I chatty  : uid=1000(system) Binder_3 expire 8 lines
12-24 17:24:24.918  1570  1570 I chatty  : uid=1000(system) Binder_2 expire 12 lines
12-24 17:24:25.118  3004  3004 I chatty  : uid=1000(system) Binder_B expire 6 lines
12-24 17:24:25.351  2789  2789 E Launcher: onReceive, action=android.intent.action.CLOSE_SYSTEM_DIALOGS, reason=assist
12-24 17:24:25.478  3008  3008 I chatty  : uid=1000(system) Binder_C expire 8 lines
12-24 17:24:26.158  2513  2513 I chatty  : uid=1000(system) Binder_7 expire 14 lines
12-24 17:24:26.468  3284  3284 I chatty  : uid=1000(system) Binder_10 expire 10 lines
12-24 17:24:26.688  2205  2205 I chatty  : uid=1000(system) Binder_5 expire 8 lines
12-24 17:24:28.718  3019  3019 I chatty  : uid=1000(system) Binder_E expire 6 lines
12-24 17:24:29.528  2986  2986 I chatty  : uid=1000(system) Binder_9 expire 8 lines
12-24 17:24:32.038  2987  2987 I chatty  : uid=1000(system) Binder_A expire 6 lines
12-24 17:24:32.038  2564  2564 I chatty  : uid=1000(system) Binder_8 expire 4 lines
12-24 17:24:36.528  2374  2374 I chatty  : uid=1000(system) Binder_6 expire 2 lines
12-24 17:24:40.320 17804 17804 E qkm.MediaButtonIntentReceiver.java: mediabutton click ,but process is not running,service instance is null
12-24 17:24:40.473  1546  1546 I chatty  : uid=1000 system_server expire 2 lines
12-24 17:24:40.901  1546  1953 I chatty  : uid=1000(system) WifiStateMachin expire 10 lines
12-24 17:24:40.902  1546  1953 E getVisibilityByRssi:  considering JD-office ac:74:09:42:8c:80 elapsed=258233772 timestamp=258214131819 age = 12000
12-24 17:24:40.902  1546  1953 E getVisibilityByRssi:  considering JD-office ac:74:09:42:59:c0 elapsed=258233772 timestamp=258214131545 age = 12000
12-24 17:24:40.902  1546  1953 E getVisibilityByRssi:  considering JD-office ac:74:09:42:4a:e0 elapsed=258233772 timestamp=258214131620 age = 12000
12-24 17:24:40.902  1546  1953 E getVisibilityByRssi:  considering JD-office ac:74:09:42:7d:40 elapsed=258233772 timestamp=258214131754 age = 12000
12-24 17:24:41.301   485  3261 E BufferQueueProducer: [Toast] queueBuffer: BufferQueue has been abandoned
12-24 17:24:41.301 13598 13708 E Surface : queueBuffer: error queuing buffer to SurfaceTexture, -19
12-24 17:24:41.474  1546  1546 E WifiTrafficPoller: TRAFFIC_STATS_POLL true Token 151 num clients 31
12-24 17:24:41.475  1546  1546 E WifiTrafficPoller:  packet count Tx=341228 Rx=1271799
12-24 17:24:41.822  1546  1588 E LocSvc_eng: E/int loc_eng_inject_location(loc_eng_data_s_type&, double, double, float): log_eng state error: instance not initialized
12-24 17:24:41.938   982   982 W daemon-handler-: type=1400 audit(0.0:12060932): avc: denied { read } for name="mem" dev="debugfs" ino=699541 scontext=u:r:untrusted_app:s0:c512,c768 tcontext=u:object_r:debugfs:s0 tclass=file permissive=0
12-24 17:24:41.938   982   982 W daemon-handler-: type=1400 audit(0.0:12060933): avc: denied { read } for name="mem" dev="debugfs" ino=699541 scontext=u:r:untrusted_app:s0:c512,c768 tcontext=u:object_r:debugfs:s0 tclass=file permissive=0
12-24 17:24:42.475  1546  1546 E WifiTrafficPoller: TRAFFIC_STATS_POLL true Token 151 num clients 31
12-24 17:24:42.476  1546  1546 E WifiTrafficPoller:  packet count Tx=341242 Rx=1271821
12-24 17:24:42.476  1546  1546 E WifiTrafficPoller: notifying of data activity 3
12-24 17:24:42.758  3284  3284 W Binder_10: type=1400 audit(0.0:12060934): avc: denied { ioctl } for path="socket:[1376227]" dev="sockfs" ino=1376227 ioctlcmd=7704 scontext=u:r:system_server:s0 tcontext=u:r:system_server:s0 tclass=unix_stream_socket permissive=0
12-24 17:24:42.758  3284  3284 W Binder_10: type=1400 audit(0.0:12060935): avc: denied { ioctl } for path="socket:[1376227]" dev="sockfs" ino=1376227 ioctlcmd=7704 scontext=u:r:system_server:s0 tcontext=u:r:system_server:s0 tclass=unix_stream_socket permissive=0
12-24 17:24:43.148  2204  2204 W Binder_4: type=1400 audit(0.0:12060936): avc: denied { ioctl } for path="socket:[1376227]" dev="sockfs" ino=1376227 ioctlcmd=7704 scontext=u:r:system_server:s0 tcontext=u:r:system_server:s0 tclass=unix_stream_socket permissive=0
12-24 17:24:43.148  2204  2204 W Binder_4: type=1400 audit(0.0:12060937): avc: denied { ioctl } for path="socket:[1376227]" dev="sockfs" ino=1376227 ioctlcmd=7704 scontext=u:r:system_server:s0 tcontext=u:r:system_server:s0 tclass=unix_stream_socket permissive=0
12-24 17:24:43.479  1546  1546 E WifiTrafficPoller: TRAFFIC_STATS_POLL true Token 151 num clients 31
12-24 17:24:43.479  1546  1546 E WifiTrafficPoller:  packet count Tx=341243 Rx=1271831
12-24 17:24:43.528  3020  3020 W Binder_F: type=1400 audit(0.0:12060938): avc: denied { ioctl } for path="socket:[1376227]" dev="sockfs" ino=1376227 ioctlcmd=7704 scontext=u:r:system_server:s0 tcontext=u:r:system_server:s0 tclass=unix_stream_socket permissive=0
12-24 17:24:43.528  3020  3020 W Binder_F: type=1400 audit(0.0:12060939): avc: denied { ioctl } for path="socket:[1376227]" dev="sockfs" ino=1376227 ioctlcmd=7704 scontext=u:r:system_server:s0 tcontext=u:r:system_server:s0 tclass=unix_stream_socket permissive=0
12-24 17:24:43.918  2986  2986 W Binder_9: type=1400 audit(0.0:12060940): avc: denied { ioctl } for path="socket:[1376227]" dev="sockfs" ino=1376227 ioctlcmd=7704 scontext=u:r:system_server:s0 tcontext=u:r:system_server:s0 tclass=unix_stream_socket permissive=0
12-24 17:24:43.918  2986  2986 W Binder_9: type=1400 audit(0.0:12060941): avc: denied { ioctl } for path="socket:[1376227]" dev="sockfs" ino=1376227 ioctlcmd=7704 scontext=u:r:system_server:s0 tcontext=u:r:system_server:s0 tclass=unix_stream_socket permissive=0
12-24 17:24:43.926  1546  1953 E WifiConfigStore: updateConfiguration freq=5785 BSSID=ac:74:09:42:6b:20 RSSI=-41 "JD-office"-WPA_PSK
12-24 17:24:43.926  1546  1953 E getVisibilityByRssi:  considering JD-office ac:74:09:42:7d:50 elapsed=258236796 timestamp=258214131596 age = 12000
12-24 17:24:43.926  1546  1953 E getVisibilityByRssi:  considering JD-office ac:74:09:42:77:b0 elapsed=258236796 timestamp=258214131571 age = 12000
12-24 17:24:43.926  1546  1953 E getVisibilityByRssi:  considering JD-office ac:74:09:42:6b:20 elapsed=258236796 timestamp=258214131414 age = 12000
12-24 17:24:43.926  1546  1953 E getVisibilityByRssi:  considering JD-office ac:74:09:42:4a:f0 elapsed=258236796 timestamp=258214131510 age = 12000
12-24 17:24:43.926  1546  1953 E getVisibilityByRssi:  considering JD-office ac:74:09:42:6d:30 elapsed=258236796 timestamp=258214131315 age = 12000
12-24 17:24:43.926  1546  1953 E getVisibilityByRssi:  considering JD-office ac:74:09:42:59:d0 elapsed=258236796 timestamp=258214131488 age = 12000
12-24 17:24:43.926  1546  1953 E getVisibilityByRssi:  considering JD-office ac:74:09:42:6b:30 elapsed=258236796 timestamp=258214131365 age = 12000
12-24 17:24:43.926  1546  1953 E getVisibilityByRssi:  considering JD-office ac:74:09:42:77:a0 elapsed=258236796 timestamp=258214131651 age = 12000
12-24 17:24:43.926  1546  1953 E getVisibilityByRssi:  considering JD-office ac:74:09:42:6d:20 elapsed=258236796 timestamp=258214131426 age = 12000
12-24 17:24:43.926  1546  1953 E getVisibilityByRssi:  considering JD-office ac:74:09:42:8c:80 elapsed=258236796 timestamp=258214131819 age = 12000
12-24 17:24:43.926  1546  1953 E getVisibilityByRssi:  considering JD-office ac:74:09:42:59:c0 elapsed=258236796 timestamp=258214131545 age = 12000
12-24 17:24:43.926  1546  1953 E getVisibilityByRssi:  considering JD-office ac:74:09:42:4a:e0 elapsed=258236796 timestamp=258214131620 age = 12000
12-24 17:24:43.926  1546  1953 E getVisibilityByRssi:  considering JD-office ac:74:09:42:7d:40 elapsed=258236796 timestamp=258214131754 age = 12000
12-24 17:24:43.978  2986  2986 W Binder_9: type=1400 audit(0.0:12060942): avc: denied { ioctl } for path="socket:[1376227]" dev="sockfs" ino=1376227 ioctlcmd=7704 scontext=u:r:system_server:s0 tcontext=u:r:system_server:s0 tclass=unix_stream_socket permissive=0
12-24 17:24:43.978  2986  2986 W Binder_9: type=1400 audit(0.0:12060943): avc: denied { ioctl } for path="socket:[1376227]" dev="sockfs" ino=1376227 ioctlcmd=7704 scontext=u:r:system_server:s0 tcontext=u:r:system_server:s0 tclass=unix_stream_socket permissive=0
12-24 17:24:44.368  2564  2564 W Binder_8: type=1400 audit(0.0:12060944): avc: denied { ioctl } for path="socket:[1376227]" dev="sockfs" ino=1376227 ioctlcmd=7704 scontext=u:r:system_server:s0 tcontext=u:r:system_server:s0 tclass=unix_stream_socket permissive=0
12-24 17:24:44.368  2564  2564 W Binder_8: type=1400 audit(0.0:12060945): avc: denied { ioctl } for path="socket:[1376227]" dev="sockfs" ino=1376227 ioctlcmd=7704 scontext=u:r:system_server:s0 tcontext=u:r:system_server:s0 tclass=unix_stream_socket permissive=0
12-24 17:24:44.479  1546  1546 E WifiTrafficPoller: TRAFFIC_STATS_POLL true Token 151 num clients 31
12-24 17:24:44.480  1546  1546 E WifiTrafficPoller:  packet count Tx=341243 Rx=1271844
12-24 17:24:44.480  1546  1546 E WifiTrafficPoller: notifying of data activity 1
12-24 17:24:45.318  3017  3017 W Binder_D: type=1400 audit(0.0:12060946): avc: denied { ioctl } for path="socket:[1462174]" dev="sockfs" ino=1462174 ioctlcmd=7704 scontext=u:r:system_server:s0 tcontext=u:r:system_server:s0 tclass=unix_stream_socket permissive=0
12-24 17:24:45.318  3017  3017 W Binder_D: type=1400 audit(0.0:12060947): avc: denied { ioctl } for path="socket:[1462174]" dev="sockfs" ino=1462174 ioctlcmd=7704 scontext=u:r:system_server:s0 tcontext=u:r:system_server:s0 tclass=unix_stream_socket permissive=0
12-24 17:24:45.482  1546  1546 E WifiTrafficPoller: TRAFFIC_STATS_POLL true Token 151 num clients 31
12-24 17:24:45.483  1546  1546 E WifiTrafficPoller:  packet count Tx=341243 Rx=1271849
12-24 17:24:46.483  1546  1546 E WifiTrafficPoller: TRAFFIC_STATS_POLL true Token 151 num clients 31
12-24 17:24:46.483  1546  1546 E WifiTrafficPoller:  packet count Tx=341244 Rx=1271871
12-24 17:24:46.483  1546  1546 E WifiTrafficPoller: notifying of data activity 3
12-24 17:24:46.770  2789  2789 E Launcher: onReceive, action=android.intent.action.CLOSE_SYSTEM_DIALOGS, reason=assist
12-24 17:24:46.943  1546  1953 E WifiConfigStore: updateConfiguration freq=5785 BSSID=ac:74:09:42:6b:20 RSSI=-41 "JD-office"-WPA_PSK
12-24 17:24:46.943  1546  1953 E getVisibilityByRssi:  considering JD-office ac:74:09:42:7d:50 elapsed=258239813 timestamp=258214131596 age = 12000
12-24 17:24:46.943  1546  1953 E getVisibilityByRssi:  considering JD-office ac:74:09:42:77:b0 elapsed=258239813 timestamp=258214131571 age = 12000
12-24 17:24:46.943  1546  1953 E getVisibilityByRssi:  considering JD-office ac:74:09:42:6b:20 elapsed=258239813 timestamp=258214131414 age = 12000
12-24 17:24:46.943  1546  1953 E getVisibilityByRssi:  considering JD-office ac:74:09:42:4a:f0 elapsed=258239813 timestamp=258214131510 age = 12000
12-24 17:24:46.943  1546  1953 E getVisibilityByRssi:  considering JD-office ac:74:09:42:6d:30 elapsed=258239813 timestamp=258214131315 age = 12000
12-24 17:24:46.943  1546  1953 E getVisibilityByRssi:  considering JD-office ac:74:09:42:59:d0 elapsed=258239813 timestamp=258214131488 age = 12000
12-24 17:24:46.943  1546  1953 E getVisibilityByRssi:  considering JD-office ac:74:09:42:6b:30 elapsed=258239813 timestamp=258214131365 age = 12000
12-24 17:24:46.943  1546  1953 E getVisibilityByRssi:  considering JD-office ac:74:09:42:77:a0 elapsed=258239813 timestamp=258214131651 age = 12000
12-24 17:24:46.943  1546  1953 E getVisibilityByRssi:  considering JD-office ac:74:09:42:6d:20 elapsed=258239813 timestamp=258214131426 age = 12000
12-24 17:24:46.943  1546  1953 E getVisibilityByRssi:  considering JD-office ac:74:09:42:8c:80 elapsed=258239813 timestamp=258214131819 age = 12000
12-24 17:24:46.943  1546  1953 E getVisibilityByRssi:  considering JD-office ac:74:09:42:59:c0 elapsed=258239813 timestamp=258214131545 age = 12000
12-24 17:24:46.943  1546  1953 E getVisibilityByRssi:  considering JD-office ac:74:09:42:4a:e0 elapsed=258239813 timestamp=258214131620 age = 12000
12-24 17:24:46.943  1546  1953 E getVisibilityByRssi:  considering JD-office ac:74:09:42:7d:40 elapsed=258239813 timestamp=258214131754 age = 12000
12-24 17:24:47.158  1864  1864 W Binder_3: type=1400 audit(0.0:12060948): avc: denied { ioctl } for path="socket:[1376227]" dev="sockfs" ino=1376227 ioctlcmd=7704 scontext=u:r:system_server:s0 tcontext=u:r:system_server:s0 tclass=unix_stream_socket permissive=0
12-24 17:24:47.158  1864  1864 W Binder_3: type=1400 audit(0.0:12060949): avc: denied { ioctl } for path="socket:[1376227]" dev="sockfs" ino=1376227 ioctlcmd=7704 scontext=u:r:system_server:s0 tcontext=u:r:system_server:s0 tclass=unix_stream_socket permissive=0
12-24 17:24:47.486  1546  1546 E WifiTrafficPoller: TRAFFIC_STATS_POLL true Token 151 num clients 31
12-24 17:24:47.486  1546  1546 E WifiTrafficPoller:  packet count Tx=341244 Rx=1271889
12-24 17:24:47.486  1546  1546 E WifiTrafficPoller: notifying of data activity 1
12-24 17:24:47.678  2987  2987 W Binder_A: type=1400 audit(0.0:12060950): avc: denied { ioctl } for path="socket:[1376227]" dev="sockfs" ino=1376227 ioctlcmd=7704 scontext=u:r:system_server:s0 tcontext=u:r:system_server:s0 tclass=unix_stream_socket permissive=0
12-24 17:24:47.678  2987  2987 W Binder_A: type=1400 audit(0.0:12060951): avc: denied { ioctl } for path="socket:[1376227]" dev="sockfs" ino=1376227 ioctlcmd=7704 scontext=u:r:system_server:s0 tcontext=u:r:system_server:s0 tclass=unix_stream_socket permissive=0
12-24 17:24:47.688  3004  3004 W Binder_B: type=1400 audit(0.0:12060952): avc: denied { ioctl } for path="socket:[1376227]" dev="sockfs" ino=1376227 ioctlcmd=7704 scontext=u:r:system_server:s0 tcontext=u:r:system_server:s0 tclass=unix_stream_socket permissive=0
12-24 17:24:47.688  3004  3004 W Binder_B: type=1400 audit(0.0:12060953): avc: denied { ioctl } for path="socket:[1376227]" dev="sockfs" ino=1376227 ioctlcmd=7704 scontext=u:r:system_server:s0 tcontext=u:r:system_server:s0 tclass=unix_stream_socket permissive=0
12-24 17:24:47.788  1569  1569 W Binder_1: type=1400 audit(0.0:12060954): avc: denied { ioctl } for path="socket:[1376227]" dev="sockfs" ino=1376227 ioctlcmd=7704 scontext=u:r:system_server:s0 tcontext=u:r:system_server:s0 tclass=unix_stream_socket permissive=0
12-24 17:24:47.788  1569  1569 W Binder_1: type=1400 audit(0.0:12060955): avc: denied { ioctl } for path="socket:[1376227]" dev="sockfs" ino=1376227 ioctlcmd=7704 scontext=u:r:system_server:s0 tcontext=u:r:system_server:s0 tclass=unix_stream_socket permissive=0
12-24 17:24:48.058  1570  1570 W Binder_2: type=1400 audit(0.0:12060956): avc: denied { ioctl } for path="socket:[1464721]" dev="sockfs" ino=1464721 ioctlcmd=7704 scontext=u:r:system_server:s0 tcontext=u:r:system_server:s0 tclass=unix_stream_socket permissive=0
12-24 17:24:48.058  1570  1570 W Binder_2: type=1400 audit(0.0:12060957): avc: denied { ioctl } for path="socket:[1464721]" dev="sockfs" ino=1464721 ioctlcmd=7704 scontext=u:r:system_server:s0 tcontext=u:r:system_server:s0 tclass=unix_stream_socket permissive=0
12-24 17:24:48.238  3284  3284 W Binder_10: type=1400 audit(0.0:12060958): avc: denied { ioctl } for path="socket:[1376227]" dev="sockfs" ino=1376227 ioctlcmd=7704 scontext=u:r:system_server:s0 tcontext=u:r:system_server:s0 tclass=unix_stream_socket permissive=0
12-24 17:24:48.238  3284  3284 W Binder_10: type=1400 audit(0.0:12060959): avc: denied { ioctl } for path="socket:[1376227]" dev="sockfs" ino=1376227 ioctlcmd=7704 scontext=u:r:system_server:s0 tcontext=u:r:system_server:s0 tclass=unix_stream_socket permissive=0
12-24 17:24:48.458  2987  2987 W Binder_A: type=1400 audit(0.0:12060960): avc: denied { ioctl } for path="socket:[1376227]" dev="sockfs" ino=1376227 ioctlcmd=7704 scontext=u:r:system_server:s0 tcontext=u:r:system_server:s0 tclass=unix_stream_socket permissive=0
12-24 17:24:48.458  2987  2987 W Binder_A: type=1400 audit(0.0:12060961): avc: denied { ioctl } for path="socket:[1376227]" dev="sockfs" ino=1376227 ioctlcmd=7704 scontext=u:r:system_server:s0 tcontext=u:r:system_server:s0 tclass=unix_stream_socket permissive=0
12-24 17:24:48.487  1546  1546 E WifiTrafficPoller: TRAFFIC_STATS_POLL true Token 151 num clients 31
12-24 17:24:48.488  1546  1546 E WifiTrafficPoller:  packet count Tx=341247 Rx=1271902
12-24 17:24:48.488  1546  1546 E WifiTrafficPoller: notifying of data activity 3
12-24 17:24:49.248  2987  2987 W Binder_A: type=1400 audit(0.0:12060962): avc: denied { ioctl } for path="socket:[1376227]" dev="sockfs" ino=1376227 ioctlcmd=7704 scontext=u:r:system_server:s0 tcontext=u:r:system_server:s0 tclass=unix_stream_socket permissive=0
12-24 17:24:49.248  2987  2987 W Binder_A: type=1400 audit(0.0:12060963): avc: denied { ioctl } for path="socket:[1376227]" dev="sockfs" ino=1376227 ioctlcmd=7704 scontext=u:r:system_server:s0 tcontext=u:r:system_server:s0 tclass=unix_stream_socket permissive=0
12-24 17:24:49.491  1546  1546 E WifiTrafficPoller: TRAFFIC_STATS_POLL true Token 151 num clients 31
12-24 17:24:49.491  1546  1546 E WifiTrafficPoller:  packet count Tx=341248 Rx=1271912
12-24 17:24:49.548  1569  1569 W Binder_1: type=1400 audit(0.0:12060964): avc: denied { ioctl } for path="socket:[1376227]" dev="sockfs" ino=1376227 ioctlcmd=7704 scontext=u:r:system_server:s0 tcontext=u:r:system_server:s0 tclass=unix_stream_socket permissive=0
12-24 17:24:49.548  1569  1569 W Binder_1: type=1400 audit(0.0:12060965): avc: denied { ioctl } for path="socket:[1376227]" dev="sockfs" ino=1376227 ioctlcmd=7704 scontext=u:r:system_server:s0 tcontext=u:r:system_server:s0 tclass=unix_stream_socket permissive=0
12-24 17:24:49.828  3008  3008 W Binder_C: type=1400 audit(0.0:12060966): avc: denied { ioctl } for path="socket:[1376227]" dev="sockfs" ino=1376227 ioctlcmd=7704 scontext=u:r:system_server:s0 tcontext=u:r:system_server:s0 tclass=unix_stream_socket permissive=0
12-24 17:24:49.828  3008  3008 W Binder_C: type=1400 audit(0.0:12060967): avc: denied { ioctl } for path="socket:[1376227]" dev="sockfs" ino=1376227 ioctlcmd=7704 scontext=u:r:system_server:s0 tcontext=u:r:system_server:s0 tclass=unix_stream_socket permissive=0
12-24 17:24:49.948  1570  1570 W Binder_2: type=1400 audit(0.0:12060968): avc: denied { ioctl } for path="socket:[1376227]" dev="sockfs" ino=1376227 ioctlcmd=7704 scontext=u:r:system_server:s0 tcontext=u:r:system_server:s0 tclass=unix_stream_socket permissive=0
12-24 17:24:49.948  1570  1570 W Binder_2: type=1400 audit(0.0:12060969): avc: denied { ioctl } for path="socket:[1376227]" dev="sockfs" ino=1376227 ioctlcmd=7704 scontext=u:r:system_server:s0 tcontext=u:r:system_server:s0 tclass=unix_stream_socket permissive=0
12-24 17:24:49.965  1546  1953 E WifiConfigStore: updateConfiguration freq=5785 BSSID=ac:74:09:42:6b:20 RSSI=-41 "JD-office"-WPA_PSK
12-24 17:24:49.965  1546  1953 E getVisibilityByRssi:  considering JD-office ac:74:09:42:7d:50 elapsed=258242835 timestamp=258214131596 age = 12000
12-24 17:24:49.965  1546  1953 E getVisibilityByRssi:  considering JD-office ac:74:09:42:77:b0 elapsed=258242835 timestamp=258214131571 age = 12000
12-24 17:24:49.965  1546  1953 E getVisibilityByRssi:  considering JD-office ac:74:09:42:6b:20 elapsed=258242835 timestamp=258214131414 age = 12000
12-24 17:24:49.965  1546  1953 E getVisibilityByRssi:  considering JD-office ac:74:09:42:4a:f0 elapsed=258242835 timestamp=258214131510 age = 12000
12-24 17:24:49.965  1546  1953 E getVisibilityByRssi:  considering JD-office ac:74:09:42:6d:30 elapsed=258242835 timestamp=258214131315 age = 12000
12-24 17:24:49.965  1546  1953 E getVisibilityByRssi:  considering JD-office ac:74:09:42:59:d0 elapsed=258242835 timestamp=258214131488 age = 12000
12-24 17:24:49.965  1546  1953 E getVisibilityByRssi:  considering JD-office ac:74:09:42:6b:30 elapsed=258242835 timestamp=258214131365 age = 12000
12-24 17:24:49.965  1546  1953 E getVisibilityByRssi:  considering JD-office ac:74:09:42:77:a0 elapsed=258242835 timestamp=258214131651 age = 12000
12-24 17:24:49.965  1546  1953 E getVisibilityByRssi:  considering JD-office ac:74:09:42:6d:20 elapsed=258242835 timestamp=258214131426 age = 12000
12-24 17:24:49.965  1546  1953 E getVisibilityByRssi:  considering JD-office ac:74:09:42:8c:80 elapsed=258242835 timestamp=258214131819 age = 12000
12-24 17:24:49.965  1546  1953 E getVisibilityByRssi:  considering JD-office ac:74:09:42:59:c0 elapsed=258242835 timestamp=258214131545 age = 12000
12-24 17:24:49.965  1546  1953 E getVisibilityByRssi:  considering JD-office ac:74:09:42:4a:e0 elapsed=258242835 timestamp=258214131620 age = 12000
12-24 17:24:49.965  1546  1953 E getVisibilityByRssi:  considering JD-office ac:74:09:42:7d:40 elapsed=258242835 timestamp=258214131754 age = 12000
12-24 17:24:49.968  3019  3019 W Binder_E: type=1400 audit(0.0:12060970): avc: denied { ioctl } for path="socket:[1376227]" dev="sockfs" ino=1376227 ioctlcmd=7704 scontext=u:r:system_server:s0 tcontext=u:r:system_server:s0 tclass=unix_stream_socket permissive=0
12-24 17:24:49.968  3019  3019 W Binder_E: type=1400 audit(0.0:12060971): avc: denied { ioctl } for path="socket:[1376227]" dev="sockfs" ino=1376227 ioctlcmd=7704 scontext=u:r:system_server:s0 tcontext=u:r:system_server:s0 tclass=unix_stream_socket permissive=0
12-24 17:24:50.068  2986  2986 W Binder_9: type=1400 audit(0.0:12060972): avc: denied { ioctl } for path="socket:[1376227]" dev="sockfs" ino=1376227 ioctlcmd=7704 scontext=u:r:system_server:s0 tcontext=u:r:system_server:s0 tclass=unix_stream_socket permissive=0
12-24 17:24:50.068  2986  2986 W Binder_9: type=1400 audit(0.0:12060973): avc: denied { ioctl } for path="socket:[1376227]" dev="sockfs" ino=1376227 ioctlcmd=7704 scontext=u:r:system_server:s0 tcontext=u:r:system_server:s0 tclass=unix_stream_socket permissive=0
12-24 17:24:50.218  1569  1569 W Binder_1: type=1400 audit(0.0:12060974): avc: denied { ioctl } for path="socket:[1376227]" dev="sockfs" ino=1376227 ioctlcmd=7704 scontext=u:r:system_server:s0 tcontext=u:r:system_server:s0 tclass=unix_stream_socket permissive=0
12-24 17:24:50.218  1569  1569 W Binder_1: type=1400 audit(0.0:12060975): avc: denied { ioctl } for path="socket:[1376227]" dev="sockfs" ino=1376227 ioctlcmd=7704 scontext=u:r:system_server:s0 tcontext=u:r:system_server:s0 tclass=unix_stream_socket permissive=0
12-24 17:24:50.228  2986  2986 W Binder_9: type=1400 audit(0.0:12060976): avc: denied { ioctl } for path="socket:[1376227]" dev="sockfs" ino=1376227 ioctlcmd=7704 scontext=u:r:system_server:s0 tcontext=u:r:system_server:s0 tclass=unix_stream_socket permissive=0
12-24 17:24:50.228  2986  2986 W Binder_9: type=1400 audit(0.0:12060977): avc: denied { ioctl } for path="socket:[1376227]" dev="sockfs" ino=1376227 ioctlcmd=7704 scontext=u:r:system_server:s0 tcontext=u:r:system_server:s0 tclass=unix_stream_socket permissive=0
12-24 17:24:50.418  2986  2986 W Binder_9: type=1400 audit(0.0:12060978): avc: denied { ioctl } for path="socket:[1376227]" dev="sockfs" ino=1376227 ioctlcmd=7704 scontext=u:r:system_server:s0 tcontext=u:r:system_server:s0 tclass=unix_stream_socket permissive=0
12-24 17:24:50.418  2986  2986 W Binder_9: type=1400 audit(0.0:12060979): avc: denied { ioctl } for path="socket:[1376227]" dev="sockfs" ino=1376227 ioctlcmd=7704 scontext=u:r:system_server:s0 tcontext=u:r:system_server:s0 tclass=unix_stream_socket permissive=0
12-24 17:24:50.428  1569  1569 W Binder_1: type=1400 audit(0.0:12060980): avc: denied { ioctl } for path="socket:[1376227]" dev="sockfs" ino=1376227 ioctlcmd=7704 scontext=u:r:system_server:s0 tcontext=u:r:system_server:s0 tclass=unix_stream_socket permissive=0
12-24 17:24:50.428  1569  1569 W Binder_1: type=1400 audit(0.0:12060981): avc: denied { ioctl } for path="socket:[1376227]" dev="sockfs" ino=1376227 ioctlcmd=7704 scontext=u:r:system_server:s0 tcontext=u:r:system_server:s0 tclass=unix_stream_socket permissive=0
12-24 17:24:50.438  2986  2986 W Binder_9: type=1400 audit(0.0:12060982): avc: denied { ioctl } for path="socket:[1376227]" dev="sockfs" ino=1376227 ioctlcmd=7704 scontext=u:r:system_server:s0 tcontext=u:r:system_server:s0 tclass=unix_stream_socket permissive=0
12-24 17:24:50.438  2986  2986 W Binder_9: type=1400 audit(0.0:12060983): avc: denied { ioctl } for path="socket:[1376227]" dev="sockfs" ino=1376227 ioctlcmd=7704 scontext=u:r:system_server:s0 tcontext=u:r:system_server:s0 tclass=unix_stream_socket permissive=0
12-24 17:24:50.492  1546  1546 E WifiTrafficPoller: TRAFFIC_STATS_POLL true Token 151 num clients 31
