12-24 17:20:45.705  2448  2645 E DatabaseUtils: 	at android.content.ContentProviderNative.onTransact(ContentProviderNative.java:112)
12-24 17:20:45.705  2448  2645 E DatabaseUtils: 	at android.os.Binder.execTransact(Binder.java:453)
12-24 17:20:45.708   543  1841 E Netd    : netlink response contains error (No such file or directory)
12-24 17:20:45.783 14196 14196 E wpa_supplicant: eap_proxy: session not started for client = 1
12-24 17:20:45.783 14196 14196 E wpa_supplicant: eap_proxy: session not started for client = 2
12-24 17:20:45.869  1546  2374 I chatty  : uid=1000(system) Binder_6 expire 1 line
12-24 17:20:45.870  1546  2374 E SmartShowServiceContextImpl: parse intent extra failed
12-24 17:20:45.870  1546  2374 E SmartShowServiceContextImpl: android.os.BadParcelableException: ClassNotFoundException when unmarshalling: com.alipay.pushsdk.AliPushAppInfo
12-24 17:20:45.870  1546  2374 E SmartShowServiceContextImpl: 	at android.os.Parcel.readParcelableCreator(Parcel.java:2432)
12-24 17:20:45.870  1546  2374 E SmartShowServiceContextImpl: 	at android.os.Parcel.readParcelable(Parcel.java:2358)
12-24 17:20:45.870  1546  2374 E SmartShowServiceContextImpl: 	at android.os.Parcel.readValue(Parcel.java:2264)
12-24 17:20:45.870  1546  2374 E SmartShowServiceContextImpl: 	at android.os.Parcel.readArrayMapInternal(Parcel.java:2614)
12-24 17:20:45.870  1546  2374 E SmartShowServiceContextImpl: 	at android.os.BaseBundle.unparcel(BaseBundle.java:221)
12-24 17:20:45.870  1546  2374 E SmartShowServiceContextImpl: 	at android.os.BaseBundle.getString(BaseBundle.java:920)
12-24 17:20:45.870  1546  2374 E SmartShowServiceContextImpl: 	at android.content.Intent.getStringExtra(Intent.java:5377)
12-24 17:20:45.870  1546  2374 E SmartShowServiceContextImpl: 	at com.powermo.smartshow.frameworks.SmartShowServiceContextImpl.getInstanceId(SmartShowServiceContextImpl.java:184)
12-24 17:20:45.870  1546  2374 E SmartShowServiceContextImpl: 	at com.android.server.am.ActiveServicesManager.getInstanceId(ActiveServicesManager.java:150)
12-24 17:20:45.870  1546  2374 E SmartShowServiceContextImpl: 	at com.android.server.am.ActiveServicesManager.startServiceLocked(ActiveServicesManager.java:157)
12-24 17:20:45.870  1546  2374 E SmartShowServiceContextImpl: 	at com.android.server.am.ActivityManagerService.startService(ActivityManagerService.java:16496)
12-24 17:20:45.870  1546  2374 E SmartShowServiceContextImpl: 	at android.app.ActivityManagerNative.onTransact(ActivityManagerNative.java:932)
12-24 17:20:45.870  1546  2374 E SmartShowServiceContextImpl: 	at com.android.server.am.ActivityManagerService.onTransact(ActivityManagerService.java:2654)
12-24 17:20:45.870  1546  2374 E SmartShowServiceContextImpl: 	at android.os.Binder.execTransact(Binder.java:453)
12-24 17:20:45.921 14196 14196 E wpa_supplicant: eap_proxy: eap_proxy_notify_config
12-24 17:20:45.921 14196 14196 E wpa_supplicant: eap_proxy: eap_proxy_notify_config
12-24 17:20:45.921 14196 14196 E wpa_supplicant: eap_proxy: eap_proxy_notify_config
12-24 17:20:46.039 15495 15526 I chatty  : uid=1000(system) com.yulong.android.ota:plugin expire 1 line
12-24 17:20:46.079 14196 14196 E wpa_supplicant: eap_proxy: session not started for client = 1
12-24 17:20:46.079 14196 14196 E wpa_supplicant: eap_proxy: session not started for client = 2
12-24 17:20:46.081 15495 15495 I chatty  : uid=1000(system) com.yulong.android.ota:plugin expire 1 line
12-24 17:20:46.287 15568 15568 I chatty  : uid=1000(system) expire 10 lines
12-24 17:20:46.467 15597 15597 I dex2oat : Adjusted thread count (for runtime dex2oat): 4, 4
12-24 17:20:46.468 15597 15597 E dex2oat : Failed to create oat file: /data/dalvik-cache/arm/data@app@com.qiku.android.aservice-1@base.apk@classes.dex: Permission denied
12-24 17:20:46.575 15583 15583 E RiskInsight: [b] QHAgentUtil judge net mode false
12-24 17:20:46.591 15583 15583 E QHStatAgent_ReportKeeper: sdk version: 2.3.7s_1.9f
12-24 17:20:46.799 15583 15583 E QHStatAgent_CommonUtil: 2.3.7s Network error
12-24 17:20:47.070 13765 13844 E accs.NetworkThreadumeng:56a97fde67e58e33ac0008c0:  0 try connect, force = false failTimes = 0
12-24 17:20:47.262  2789  2789 E Launcher: onReceive, action=android.intent.action.CLOSE_SYSTEM_DIALOGS, reason=homekey
12-24 17:20:47.291 32745 32755 I chatty  : uid=1000(system) Binder_1 expire 5 lines
12-24 17:20:47.301  2572  6987 I chatty  : uid=1000(system) ThreadPoolServi expire 7 lines
12-24 17:20:47.318  3017  3017 I chatty  : uid=1000(system) Binder_D expire 6 lines
12-24 17:20:47.336  1546  1546 E NotificationService: Suppressing notification from package com.koushikdutta.vysor by user request.
12-24 17:20:47.371  2789  2912 E QHStatAgent_CommonUtil: 2.3.5s Network error
12-24 17:20:47.634 32745 18853 I chatty  : uid=1000(system) Binder_3 expire 5 lines
12-24 17:20:48.501  2789  2789 E Launcher: onReceive, action=android.intent.action.CLOSE_SYSTEM_DIALOGS, reason=recentapps
12-24 17:20:48.568  3008  3008 I chatty  : uid=1000(system) Binder_C expire 6 lines
12-24 17:20:48.631   498  1474 E audio_route: audio_route_reset_and_update_path
12-24 17:20:48.631   498  1474 E audio_route: audio_route_reset_path
12-24 17:20:48.632   498  1474 E audio_route: audio_route_reset_and_update_path
12-24 17:20:48.632   498  1474 E audio_route: audio_route_reset_path
12-24 17:20:48.698  3284  3284 I chatty  : uid=1000(system) Binder_10 expire 6 lines
12-24 17:20:48.726  1546  1546 E NotificationService: Suppressing notification from package com.koushikdutta.vysor by user request.
12-24 17:20:49.486   498  1474 E audio_route: audio_route_apply_and_update_path
12-24 17:20:49.486   498  1474 E audio_route: audio_route_apply_path
12-24 17:20:49.491   498  1474 E audio_route: audio_route_apply_and_update_path
12-24 17:20:49.491   498  1474 E audio_route: audio_route_apply_path
12-24 17:20:49.714  1546  1546 E NotificationService: Suppressing notification from package com.koushikdutta.vysor by user request.
12-24 17:20:52.083 13765 13844 E accs.SilenceConnumeng:56a97fde67e58e33ac0008c0:  0 connect strategys ip:140.205.60.10 port:80
12-24 17:20:52.084 13765 13844 E accs.SilenceConnumeng:56a97fde67e58e33ac0008c0:  0 connect strategys ip:140.205.60.10 port:443
12-24 17:20:52.084 13765 13844 E accs.SilenceConnumeng:56a97fde67e58e33ac0008c0:  0 get ip from amdc succ:140.205.60.10:80 originPos:0
12-24 17:20:52.084 13765 13844 E accs.SilenceConnumeng:56a97fde67e58e33ac0008c0:  0 connect URL:https://140.205.60.10:80/accs/
12-24 17:20:52.084 13765 13844 E accs.SilenceConnumeng:56a97fde67e58e33ac0008c0:  0 connect normal
12-24 17:20:52.085 13765 13844 E accs.SilenceConnumeng:56a97fde67e58e33ac0008c0:  0 notifyStatus:CONNECTING
12-24 17:20:52.087 13765 13808 E accs.SilenceConn:  0 spdySessionFailedError, retryTimes:0 errorId:-2601
12-24 17:20:52.087 13765 13808 E accs.SilenceConnumeng:56a97fde67e58e33ac0008c0:  0 notifyStatus:DISCONNECTED
12-24 17:20:52.091 13765 13844 E accs.NetworkThreadumeng:56a97fde67e58e33ac0008c0:  0 try connect fail, ready for reconnect
12-24 17:20:52.092 13765 13844 E accs.NetworkThreadumeng:56a97fde67e58e33ac0008c0:  0 try connect, force = false failTimes = 1
12-24 17:20:52.255   498  1952 E OMX-VENC: Calling IOCTL set control for id=99200c, val=1
12-24 17:20:52.255   498  1952 E OMX-VENC: Success IOCTL set control for id=99200c, value=0
12-24 17:20:52.704   498  1474 E audio_route: audio_route_reset_and_update_path
12-24 17:20:52.704   498  1474 E audio_route: audio_route_reset_path
12-24 17:20:52.704   498  1474 E audio_route: audio_route_reset_and_update_path
12-24 17:20:52.704   498  1474 E audio_route: audio_route_reset_path
12-24 17:20:53.281   498  1474 E audio_route: audio_route_apply_and_update_path
12-24 17:20:53.281   498  1474 E audio_route: audio_route_apply_path
12-24 17:20:53.286   498  1474 E audio_route: audio_route_apply_and_update_path
12-24 17:20:53.286   498  1474 E audio_route: audio_route_apply_path
12-24 17:20:53.528  2987  2987 I chatty  : uid=1000(system) Binder_A expire 14 lines
12-24 17:20:53.608  1570  1570 I chatty  : uid=1000(system) Binder_2 expire 4 lines
12-24 17:20:54.818  1569  1569 I chatty  : uid=1000(system) Binder_1 expire 6 lines
12-24 17:20:54.888  2204  2204 I chatty  : uid=1000(system) Binder_4 expire 8 lines
12-24 17:20:55.558  3019  3019 I chatty  : uid=1000(system) Binder_E expire 2 lines
12-24 17:20:55.618  2513  2513 I chatty  : uid=1000(system) Binder_7 expire 8 lines
12-24 17:20:56.098  2986  2986 I chatty  : uid=1000(system) Binder_9 expire 6 lines
12-24 17:20:56.168  3004  3004 I chatty  : uid=1000(system) Binder_B expire 6 lines
12-24 17:20:56.428  1864  1864 I chatty  : uid=1000(system) Binder_3 expire 6 lines
12-24 17:20:56.548  2205  2205 I chatty  : uid=1000(system) Binder_5 expire 4 lines
12-24 17:20:56.898  2374  2374 I chatty  : uid=1000(system) Binder_6 expire 6 lines
12-24 17:20:57.099 13765 13844 E accs.SilenceConnumeng:56a97fde67e58e33ac0008c0:  0 connect strategys ip:140.205.60.10 port:80
12-24 17:20:57.099 13765 13844 E accs.SilenceConnumeng:56a97fde67e58e33ac0008c0:  0 connect strategys ip:140.205.60.10 port:443
12-24 17:20:57.101 13765 13844 E accs.SilenceConnumeng:56a97fde67e58e33ac0008c0:  0 get ip from amdc succ:140.205.60.10:443 originPos:1
12-24 17:20:57.101 13765 13844 E accs.SilenceConnumeng:56a97fde67e58e33ac0008c0:  0 connect URL:https://140.205.60.10:443/accs/
12-24 17:20:57.101 13765 13844 E accs.SilenceConnumeng:56a97fde67e58e33ac0008c0:  0 connect normal
12-24 17:20:57.103 13765 13844 E accs.SilenceConnumeng:56a97fde67e58e33ac0008c0:  0 notifyStatus:CONNECTING
12-24 17:20:57.105 13765 13808 E accs.SilenceConn:  0 spdySessionFailedError, retryTimes:1 errorId:-2601
12-24 17:20:57.105 13765 13808 E accs.SilenceConnumeng:56a97fde67e58e33ac0008c0:  0 notifyStatus:DISCONNECTED
12-24 17:20:57.109 13765 13844 E accs.NetworkThreadumeng:56a97fde67e58e33ac0008c0:  0 try connect fail, ready for reconnect
12-24 17:20:57.110 13765 13844 E accs.NetworkThreadumeng:56a97fde67e58e33ac0008c0:  0 try connect, force = false failTimes = 2
12-24 17:20:57.168  3020  3020 I chatty  : uid=1000(system) Binder_F expire 6 lines
12-24 17:20:58.068  2564  2564 I chatty  : uid=1000(system) Binder_8 expire 6 lines
12-24 17:20:59.805 15329 15810 E ws000   : begin call prefClean
12-24 17:20:59.805 15329 15810 E ws000   : end call prefClean
12-24 17:21:02.111 13765 13844 E accs.SilenceConnumeng:56a97fde67e58e33ac0008c0:  0 connect strategys ip:140.205.60.10 port:80
12-24 17:21:02.111 13765 13844 E accs.SilenceConnumeng:56a97fde67e58e33ac0008c0:  0 connect strategys ip:140.205.60.10 port:443
12-24 17:21:02.111 13765 13844 E accs.SilenceConnumeng:56a97fde67e58e33ac0008c0:  0 get ip from amdc succ:140.205.60.10:80 originPos:0
12-24 17:21:02.111 13765 13844 E accs.SilenceConnumeng:56a97fde67e58e33ac0008c0:  0 connect URL:https://140.205.60.10:80/accs/
12-24 17:21:02.111 13765 13844 E accs.SilenceConnumeng:56a97fde67e58e33ac0008c0:  0 connect normal
12-24 17:21:02.113 13765 13844 E accs.SilenceConnumeng:56a97fde67e58e33ac0008c0:  0 notifyStatus:CONNECTING
12-24 17:21:02.114 13765 13808 E accs.SilenceConn:  0 spdySessionFailedError, retryTimes:2 errorId:-2601
12-24 17:21:02.114 13765 13808 E accs.SilenceConnumeng:56a97fde67e58e33ac0008c0:  0 notifyStatus:DISCONNECTED
12-24 17:21:02.119 13765 13844 E accs.NetworkThreadumeng:56a97fde67e58e33ac0008c0:  0 try connect fail, ready for reconnect
12-24 17:21:02.120 13765 13844 E accs.NetworkThreadumeng:56a97fde67e58e33ac0008c0:  0 try connect, force = false failTimes = 3
12-24 17:21:03.713   498  1474 E audio_route: audio_route_reset_and_update_path
12-24 17:21:03.713   498  1474 E audio_route: audio_route_reset_path
12-24 17:21:03.714   498  1474 E audio_route: audio_route_reset_and_update_path
12-24 17:21:03.714   498  1474 E audio_route: audio_route_reset_path
12-24 17:21:07.124 13765 13844 E accs.SilenceConnumeng:56a97fde67e58e33ac0008c0:  0 connect strategys ip:140.205.60.10 port:80
12-24 17:21:07.124 13765 13844 E accs.SilenceConnumeng:56a97fde67e58e33ac0008c0:  0 connect strategys ip:140.205.60.10 port:443
12-24 17:21:07.125 13765 13844 E accs.SilenceConnumeng:56a97fde67e58e33ac0008c0:  0 get ip from amdc succ:140.205.60.10:443 originPos:1
12-24 17:21:07.125 13765 13844 E accs.SilenceConnumeng:56a97fde67e58e33ac0008c0:  0 connect URL:https://140.205.60.10:443/accs/
12-24 17:21:07.125 13765 13844 E accs.SilenceConnumeng:56a97fde67e58e33ac0008c0:  0 connect normal
12-24 17:21:07.126 13765 13844 E accs.SilenceConnumeng:56a97fde67e58e33ac0008c0:  0 notifyStatus:CONNECTING
12-24 17:21:07.127 13765 13808 E accs.SilenceConn:  0 spdySessionFailedError, retryTimes:3 errorId:-2601
12-24 17:21:07.127 13765 13808 E accs.SilenceConnumeng:56a97fde67e58e33ac0008c0:  0 notifyStatus:DISCONNECTED
12-24 17:21:07.135 13765 13844 E accs.NetworkThreadumeng:56a97fde67e58e33ac0008c0:  0 try connect fail, ready for reconnect
12-24 17:21:07.136 13765 13844 E accs.NetworkThreadumeng:56a97fde67e58e33ac0008c0:  0 try connect, force = false failTimes = 4
12-24 17:21:07.138 13765 13844 E accs.NetworkThreadumeng:56a97fde67e58e33ac0008c0:  0 try connect fail 4 times
12-24 17:21:07.145 13765 13844 E accs.NetworkThreadumeng:56a97fde67e58e33ac0008c0:  0 try connect, force = true failTimes = 0
12-24 17:21:09.064  1546  2986 E WifiService: Invoking mWifiStateMachine.setWifiEnabled
12-24 17:21:09.077   498  1474 E audio_route: audio_route_apply_and_update_path
12-24 17:21:09.077   498  1474 E audio_route: audio_route_apply_path
12-24 17:21:09.080   498  1474 E audio_route: audio_route_apply_and_update_path
12-24 17:21:09.080   498  1474 E audio_route: audio_route_apply_path
12-24 17:21:09.385  2025  2025 E QSTileView: startAnim3 cx = 135.0,cy = 96.0
12-24 17:21:09.467   580   580 I chatty  : uid=1000(system) /system/bin/cnss-daemon expire 2 lines
12-24 17:21:09.476  1546  1953 I chatty  : uid=1000(system) WifiStateMachin expire 19 lines
12-24 17:21:09.489   637 15833 E LOWI-ROME-RTT: RomeNLRecvMessage:  received message of subtype: 2
12-24 17:21:09.543 15835 15835 I libmdmdetect: ESOC framework not supported
12-24 17:21:09.689 15835 15835 E wpa_supplicant:  Initialization: WAPI:set Staues=1 
12-24 17:21:09.777 15835 15836 E wpa_supplicant: eap_proxy: eap_proxy Initializing for DUAL SIM build 2 tid 15836
12-24 17:21:09.782 15835 15835 E wpa_supplicant: eap_proxy:eap_proxy_get_imsi: Not initialized
12-24 17:21:09.787   615   615 E QC-DS-LIB: qmuxd: Shim layer supported by modem, closing client fd[18] client_id[65535]
12-24 17:21:09.787 15835 15836 E QC-QMI  : qmi_client [15835] Shim layer present. Do not use QMUXD
12-24 17:21:09.787 15835 15836 E QC-QMI  : qmi_qmux_if_pwr_up_init_ex:  Initialization failed, rc = -6
12-24 17:21:09.787 15835 15836 E QMI_FW  : QMUXD: WARNING qmi_qmux_if_pwr_up_init failed! rc=-6
12-24 17:21:09.787 15835 15836 E wpa_supplicant: eap_proxy: QMI uim service client initialized with success tid is 15836 0x1 0
12-24 17:21:09.791 15835 15836 E wpa_supplicant: eap_proxy: QMI_UIM_EVENT_REG_REQ_V01, qmi_err_code: 0x0 wpa_uim[0].qmi_uim_svc_client_ptr =0x1Error=0x0
12-24 17:21:09.791 15835 15836 E wpa_supplicant: eap_proxy: event_resp_msg.event=1,
12-24 17:21:09.791 15835 15836 E wpa_supplicant: eap_proxy: reading card 1 values
12-24 17:21:09.792 15835 15836 E wpa_supplicant: eap_proxy: card_info[i].card_state: 0x2
12-24 17:21:09.792 15835 15836 E wpa_supplicant: eap_proxy: card_info[i].error_code: 0x3
12-24 17:21:09.792 15835 15836 E wpa_supplicant: eap_proxy: read_card_status: Not GW it's 1x
12-24 17:21:09.792 15835 15836 E wpa_supplicant: eap_proxy: Error while reading SIM card status
12-24 17:21:09.793 15835 15836 E wpa_supplicant: eap_proxy: QMI auth service client initialized with success tid is 15836  0x2 eapol_proxy=0x559c8e3650
12-24 17:21:09.795 15835 15836 E wpa_supplicant: eap_proxy: QMI uim service client initialized with success tid is 15836 0x3 0
12-24 17:21:09.797 15835 15836 E wpa_supplicant: eap_proxy: QMI_UIM_EVENT_REG_REQ_V01, qmi_err_code: 0x0 wpa_uim[1].qmi_uim_svc_client_ptr =0x3Error=0x0
12-24 17:21:09.797 15835 15836 E wpa_supplicant: eap_proxy: event_resp_msg.event=1,
12-24 17:21:09.797 15835 15836 E wpa_supplicant: eap_proxy: reading card 2 values
12-24 17:21:09.799 15835 15836 E wpa_supplicant: eap_proxy: card_info[i].card_state: 0x2
12-24 17:21:09.799 15835 15836 E wpa_supplicant: eap_proxy: card_info[i].error_code: 0x3
12-24 17:21:09.799 15835 15836 E wpa_supplicant: eap_proxy: read_card_status: Not GW it's 1x
12-24 17:21:09.799 15835 15836 E wpa_supplicant: eap_proxy: Error while reading SIM card status
12-24 17:21:09.800 15835 15836 E wpa_supplicant: eap_proxy: QMI auth service client initialized with success tid is 15836  0x4 eapol_proxy=0x559c8e3650
12-24 17:21:09.802 15835 15836 E wpa_supplicant: eap_proxy: Eap_proxy initialized successfully tid is 15836 
12-24 17:21:09.999 15835 15835 E wpa_supplicant:  Initialization: WAPI:set Staues=1 
12-24 17:21:10.080 15835 15835 E wpa_supplicant: eap_proxy:eap_proxy_get_imsi: Not initialized
12-24 17:21:10.080 15835 15844 E wpa_supplicant: eap_proxy: eap_proxy Initializing for DUAL SIM build 2 tid 15844
12-24 17:21:10.080 15835 15844 E wpa_supplicant: eap_proxy: QMI uim service client initialized with success tid is 15844 0x5 0
12-24 17:21:10.083 15835 15844 E wpa_supplicant: eap_proxy: QMI_UIM_EVENT_REG_REQ_V01, qmi_err_code: 0x0 wpa_uim[0].qmi_uim_svc_client_ptr =0x5Error=0x0
12-24 17:21:10.083 15835 15844 E wpa_supplicant: eap_proxy: event_resp_msg.event=1,
12-24 17:21:10.083 15835 15844 E wpa_supplicant: eap_proxy: reading card 1 values
12-24 17:21:10.084 15835 15844 E wpa_supplicant: eap_proxy: card_info[i].card_state: 0x2
12-24 17:21:10.084 15835 15844 E wpa_supplicant: eap_proxy: card_info[i].error_code: 0x3
12-24 17:21:10.084 15835 15844 E wpa_supplicant: eap_proxy: read_card_status: Not GW it's 1x
12-24 17:21:10.084 15835 15844 E wpa_supplicant: eap_proxy: Error while reading SIM card status
12-24 17:21:10.084 15835 15844 E wpa_supplicant: eap_proxy: QMI auth service client initialized with success tid is 15844  0x6 eapol_proxy=0x559c91cf80
12-24 17:21:10.090 15835 15844 E wpa_supplicant: eap_proxy: QMI uim service client initialized with success tid is 15844 0x7 0
12-24 17:21:10.093 15835 15844 E wpa_supplicant: eap_proxy: QMI_UIM_EVENT_REG_REQ_V01, qmi_err_code: 0x0 wpa_uim[1].qmi_uim_svc_client_ptr =0x7Error=0x0
12-24 17:21:10.094 15835 15844 E wpa_supplicant: eap_proxy: event_resp_msg.event=1,
12-24 17:21:10.094 15835 15844 E wpa_supplicant: eap_proxy: reading card 2 values
12-24 17:21:10.094 15835 15844 E wpa_supplicant: eap_proxy: card_info[i].card_state: 0x2
12-24 17:21:10.094 15835 15844 E wpa_supplicant: eap_proxy: card_info[i].error_code: 0x3
12-24 17:21:10.094 15835 15844 E wpa_supplicant: eap_proxy: read_card_status: Not GW it's 1x
12-24 17:21:10.094 15835 15844 E wpa_supplicant: eap_proxy: Error while reading SIM card status
12-24 17:21:10.095 15835 15844 E wpa_supplicant: eap_proxy: QMI auth service client initialized with success tid is 15844  0x8 eapol_proxy=0x559c91cf80
12-24 17:21:10.096 15835 15844 E wpa_supplicant: eap_proxy: Eap_proxy initialized successfully tid is 15844 
12-24 17:21:10.112  1546 15846 I chatty  : uid=1000 system_server expire 33 lines
12-24 17:21:10.115 15835 15835 E wpa_supplicant: eap_proxy: eap_proxy_notify_config
12-24 17:21:10.115 15835 15835 E wpa_supplicant: eap_proxy: eap_proxy_notify_config
12-24 17:21:10.115 15835 15835 E wpa_supplicant: eap_proxy: eap_proxy_notify_config
12-24 17:21:10.215  1546  1971 I chatty  : uid=1000(system) WifiScanningSer expire 4 lines
12-24 17:21:10.258  1546  1546 I chatty  : uid=1000 system_server expire 31 lines
12-24 17:21:11.143  1546 15846 I chatty  : uid=1000 system_server expire 56 lines
12-24 17:21:11.177  1546  1953 I chatty  : uid=1000(system) WifiStateMachin expire 158 lines
12-24 17:21:11.238 15835 15835 E wpa_supplicant: eap_proxy: eap_proxy_notify_config
12-24 17:21:11.248 15835 15835 E wpa_supplicant: eap_proxy: eap_proxy_notify_config
12-24 17:21:11.249 15835 15835 E wpa_supplicant: eap_proxy: eap_proxy_allowed_method
12-24 17:21:12.146 13765 13844 E accs.SilenceConnumeng:56a97fde67e58e33ac0008c0:  0 connect strategys ip:140.205.60.10 port:80
12-24 17:21:12.146 13765 13844 E accs.SilenceConnumeng:56a97fde67e58e33ac0008c0:  0 connect strategys ip:140.205.60.10 port:443
12-24 17:21:12.146 13765 13844 E accs.SilenceConnumeng:56a97fde67e58e33ac0008c0:  0 get ip from amdc succ:140.205.60.10:80 originPos:0
12-24 17:21:12.146 13765 13844 E accs.SilenceConnumeng:56a97fde67e58e33ac0008c0:  0 connect URL:https://140.205.60.10:80/accs/
12-24 17:21:12.146 13765 13844 E accs.SilenceConnumeng:56a97fde67e58e33ac0008c0:  0 connect normal
12-24 17:21:12.147 13765 13844 E accs.SilenceConnumeng:56a97fde67e58e33ac0008c0:  0 notifyStatus:CONNECTING
12-24 17:21:12.150 13765 13808 E accs.SilenceConn:  0 spdySessionFailedError, retryTimes:0 errorId:-2601
12-24 17:21:12.150 13765 13808 E accs.SilenceConnumeng:56a97fde67e58e33ac0008c0:  0 notifyStatus:DISCONNECTED
12-24 17:21:12.164 13765 13844 E accs.NetworkThreadumeng:56a97fde67e58e33ac0008c0:  0 try connect fail, ready for reconnect
12-24 17:21:12.167 13765 13844 E accs.NetworkThreadumeng:56a97fde67e58e33ac0008c0:  0 try connect, force = false failTimes = 1
12-24 17:21:12.214 15928 15928 E dhcpcd  : fopen `/system/etc/dhcpcd/dhcpcd.conf': No such file or directory
12-24 17:21:12.216 15928 15928 I dhcpcd  : version 5.5.6 starting
12-24 17:21:12.217 15928 15928 E dhcpcd  : fopen `/system/etc/dhcpcd/dhcpcd.conf': No such file or directory
12-24 17:21:12.264 15928 15928 I dhcpcd  : wlan0: rebinding lease of 10.2.5.62
12-24 17:21:12.283   498  1474 E audio_route: audio_route_reset_and_update_path
12-24 17:21:12.283   498  1474 E audio_route: audio_route_reset_path
12-24 17:21:12.284   498  1474 E audio_route: audio_route_reset_and_update_path
12-24 17:21:12.284   498  1474 E audio_route: audio_route_reset_path
12-24 17:21:12.369 15928 15928 I dhcpcd  : wlan0: acknowledged 10.2.5.62 from 10.2.5.1
12-24 17:21:12.430 15928 15928 I dhcpcd  : wlan0: leased 10.2.5.62 for 86400 seconds
12-24 17:21:12.858  1546  1955 E ConnectivityService: Unexpected mtu value: 0, wlan0
12-24 17:21:12.991  8524  8524 E com.tencent.component.network.module.common.NetworkState: NetworkStateReceiver ====== android.net.conn.CONNECTIVITY_CHANGE
12-24 17:21:13.076 13598 13657 E awcn.AccsSession: |[seq:umeng:56a97fde67e58e33ac0008c0.AWCN4_1] setFrameCb AccsFrameCb:com.taobao.accs.net.j@950f1fd
12-24 17:21:13.076 13598 13657 E awcn.TnetSpdySession: |[seq:umeng:56a97fde67e58e33ac0008c0.AWCN4_1] [connect] host:https://umengacs.m.taobao.com connect :106.11.61.106:443 sessionId:1514107273076 SpdyProtocol,:http2_0rtt_acs proxyIp,: proxyPort,:0
12-24 17:21:13.076 13598 13657 E awcn.Session: |[seq:umeng:56a97fde67e58e33ac0008c0.AWCN4_1] notifyStatus status:CONNECTING
12-24 17:21:13.114  1546  2513 I chatty  : uid=1000(system) Binder_7 expire 1 line
12-24 17:21:13.115  1546  2513 E SmartShowServiceContextImpl: parse intent extra failed
12-24 17:21:13.115  1546  2513 E SmartShowServiceContextImpl: android.os.BadParcelableException: ClassNotFoundException when unmarshalling: com.alipay.pushsdk.AliPushAppInfo
12-24 17:21:13.115  1546  2513 E SmartShowServiceContextImpl: 	at android.os.Parcel.readParcelableCreator(Parcel.java:2432)
12-24 17:21:13.115  1546  2513 E SmartShowServiceContextImpl: 	at android.os.Parcel.readParcelable(Parcel.java:2358)
12-24 17:21:13.115  1546  2513 E SmartShowServiceContextImpl: 	at android.os.Parcel.readValue(Parcel.java:2264)
12-24 17:21:13.115  1546  2513 E SmartShowServiceContextImpl: 	at android.os.Parcel.readArrayMapInternal(Parcel.java:2614)
12-24 17:21:13.115  1546  2513 E SmartShowServiceContextImpl: 	at android.os.BaseBundle.unparcel(BaseBundle.java:221)
12-24 17:21:13.115  1546  2513 E SmartShowServiceContextImpl: 	at android.os.BaseBundle.getString(BaseBundle.java:920)
12-24 17:21:13.115  1546  2513 E SmartShowServiceContextImpl: 	at android.content.Intent.getStringExtra(Intent.java:5377)
12-24 17:21:13.115  1546  2513 E SmartShowServiceContextImpl: 	at com.powermo.smartshow.frameworks.SmartShowServiceContextImpl.getInstanceId(SmartShowServiceContextImpl.java:184)
12-24 17:21:13.115  1546  2513 E SmartShowServiceContextImpl: 	at com.android.server.am.ActiveServicesManager.getInstanceId(ActiveServicesManager.java:150)
12-24 17:21:13.115  1546  2513 E SmartShowServiceContextImpl: 	at com.android.server.am.ActiveServicesManager.startServiceLocked(ActiveServicesManager.java:157)
12-24 17:21:13.115  1546  2513 E SmartShowServiceContextImpl: 	at com.android.server.am.ActivityManagerService.startService(ActivityManagerService.java:16496)
12-24 17:21:13.115  1546  2513 E SmartShowServiceContextImpl: 	at android.app.ActivityManagerNative.onTransact(ActivityManagerNative.java:932)
12-24 17:21:13.115  1546  2513 E SmartShowServiceContextImpl: 	at com.android.server.am.ActivityManagerService.onTransact(ActivityManagerService.java:2654)
12-24 17:21:13.115  1546  2513 E SmartShowServiceContextImpl: 	at android.os.Binder.execTransact(Binder.java:453)
12-24 17:21:13.116 13598 13644 E awcn.Session: |[seq:umeng:56a97fde67e58e33ac0008c0.AWCN4_1] notifyStatus status:CONNECTED
12-24 17:21:13.139 13598 13644 E awcn.AccsSession: |[seq:umeng:56a97fde67e58e33ac0008c0.AWCN4_1] auth auth url:https://106.11.61.106:443/accs/auth?1=WDaYE7J6OVgDAIhwNi1ZIo2Z&2=4a138ecd4bd7d54543f97ff0629d7c1350ae8c004f568c52e50a5536ebe09a4e&3=umeng:56a97fde67e58e33ac0008c0&4=WDaYE7J6OVgDAIhwNi1ZIo2Zumeng:56a97fde67e58e33ac0008c01514121352&5=1&6=wifi&7=null&8=1.1.2&9=1514107273137&10=1&11=23&12=com.tianyancha.skyeye&13=6.5.1&14=null&15=1505-A02&16=360&17=220&19=0
12-24 17:21:13.140 13598 13644 E awcn.TnetSpdySession: |[seq:umeng:56a97fde67e58e33ac0008c0.AWCN4_1] spdySessionConnectCB connect connectTime:39 sslTime::1
12-24 17:21:13.183 13598 13644 E awcn.AccsSession: |[seq:umeng:56a97fde67e58e33ac0008c0.AWCN4_1] AUTH httpStatusCode: 200
12-24 17:21:13.184 13598 13644 E awcn.Session: |[seq:umeng:56a97fde67e58e33ac0008c0.AWCN4_1] notifyStatus status:AUTH_SUCC
12-24 17:21:13.195 13598 13657 E awcn.AccsSession: |[seq:umeng:56a97fde67e58e33ac0008c0.AWCN4_1] setFrameCb AccsFrameCb:com.taobao.accs.net.j@950f1fd
12-24 17:21:13.273  1780 14652 E UAC     : [InvokeDispatcher][fileInfo:FLOG.java(221) e]: autoRenewQT (error) RTKTEntity invalid
12-24 17:21:13.404  1780 16088 E [QiKuCloud][antitheft]: [Pid:1780][Tid:1040] [YLClassProxyUtil] ClassNotFoundExceptionjava.lang.ClassNotFoundException: com.yulong.android.internal.telephony.PhoneModeManager
12-24 17:21:13.405  1780 16088 E [QiKuCloud][antitheft]: [Pid:1780][Tid:1040] [YLClassProxyUtil] ClassNotFoundExceptionjava.lang.ClassNotFoundException: com.yulong.android.telephony.CPTelephonyManager
12-24 17:21:13.412 16017 16017 E CloudDataService: CloudDataService onDestroy
12-24 17:21:13.519 16132 16132 I chatty  : uid=1000(system) com.yulong.android.settings expire 10 lines
12-24 17:21:16.511  8524 16240 E SQLiteLog: (1) no such table: BusinessInfoLogTable
12-24 17:21:17.669 13765 13844 E accs.SilenceConnumeng:56a97fde67e58e33ac0008c0:  0 connect strategys ip:140.205.60.10 port:80
12-24 17:21:17.669 13765 13844 E accs.SilenceConnumeng:56a97fde67e58e33ac0008c0:  0 connect strategys ip:140.205.60.10 port:443
12-24 17:21:17.669 13765 13844 E accs.SilenceConnumeng:56a97fde67e58e33ac0008c0:  0 get ip from amdc succ:140.205.60.10:443 originPos:1
12-24 17:21:17.670 13765 13844 E accs.SilenceConnumeng:56a97fde67e58e33ac0008c0:  0 connect URL:https://140.205.60.10:443/accs/
12-24 17:21:17.672 13765 13844 E accs.SilenceConnumeng:56a97fde67e58e33ac0008c0:  0 connect normal
12-24 17:21:17.673 13765 13844 E accs.SilenceConnumeng:56a97fde67e58e33ac0008c0:  0 notifyStatus:CONNECTING
12-24 17:21:17.908 13765 13808 E accs.SilenceConn:  0 spdySessionConnectCB sessionConnectInterval:234 sslTime:1 reuse:0
12-24 17:21:17.914 13765 13808 E accs.SilenceConnumeng:56a97fde67e58e33ac0008c0:  0 auth URL:https://140.205.60.10:443/accs/auth?1=WDaYE7J6OVgDAIhwNi1ZIo2Z&2=4a138ecd4bd7d54543f97ff0629d7c1350ae8c004f568c52e50a5536ebe09a4e&3=umeng:56a97fde67e58e33ac0008c0&4=WDaYE7J6OVgDAIhwNi1ZIo2Zumeng:56a97fde67e58e33ac0008c01514121367&5=0&6=wifi&7=null&8=220&9=1514107277914&10=1&11=23&12=com.tianyancha.skyeye&13=6.5.1&14=android@umeng&15=1505-A02&16=360&17=220&19=0
12-24 17:21:18.640 13765 13808 E accs.SilenceConn:  0 spdyOnStreamResponse httpStatusCode: 200
12-24 17:21:18.640 13765 13808 E accs.SilenceConnumeng:56a97fde67e58e33ac0008c0:  0 notifyStatus:CONNECTED
12-24 17:21:20.342 13598 16168 E DefaultNetworkAnalysis:  no NWNetworkAnalysisSDK sdk
12-24 17:21:20.897  1546  1546 I chatty  : uid=1000 system_server expire 28 lines
12-24 17:21:21.208  1546  1953 I chatty  : uid=1000(system) WifiStateMachin expire 203 lines
12-24 17:21:21.493  1546 15846 I chatty  : uid=1000 system_server expire 22 lines
12-24 17:21:23.322 13765 15737 E DefaultNetworkAnalysis:  no NWNetworkAnalysisSDK sdk
12-24 17:21:23.488  2204  2204 I chatty  : uid=1000(system) Binder_4 expire 2 lines
12-24 17:21:23.748  3284  3284 I chatty  : uid=1000(system) Binder_10 expire 2 lines
12-24 17:21:24.588  8524 20359 E SQLiteLog: (1) no such table: mr_friend_D4FCC05BD8205C41FBE4F2645BF0C6B8_New
12-24 17:21:34.091  1546  1953 I chatty  : uid=1000(system) WifiStateMachin expire 177 lines
12-24 17:21:34.919  1546  1546 I chatty  : uid=1000 system_server expire 76 lines
12-24 17:21:41.198   982   982 W daemon-handler-: type=1400 audit(0.0:12060558): avc: denied { read } for name="mem" dev="debugfs" ino=699541 scontext=u:r:untrusted_app:s0:c512,c768 tcontext=u:object_r:debugfs:s0 tclass=file permissive=0
12-24 17:21:41.198   982   982 W daemon-handler-: type=1400 audit(0.0:12060559): avc: denied { read } for name="mem" dev="debugfs" ino=699541 scontext=u:r:untrusted_app:s0:c512,c768 tcontext=u:object_r:debugfs:s0 tclass=file permissive=0
12-24 17:21:48.114  1546  1588 I chatty  : uid=1000(system) android.bg expire 2 lines
12-24 17:22:09.401  1546  1953 I chatty  : uid=1000(system) WifiStateMachin expire 122 lines
12-24 17:22:09.996  1546  1546 I chatty  : uid=1000 system_server expire 56 lines
12-24 17:22:12.488  3619  3619 W perfd   : type=1400 audit(0.0:12060560): avc: denied { kill } for capability=5 scontext=u:r:perfd:s0 tcontext=u:r:perfd:s0 tclass=capability permissive=0
12-24 17:22:33.944 32603 16264 E MSF.D.MonitorSocket: socket error!
12-24 17:22:33.944 32603 16264 E MSF.D.MonitorSocket: java.net.SocketException: Socket closed
12-24 17:22:33.944 32603 16264 E MSF.D.MonitorSocket: 	at libcore.io.Posix.recvfromBytes(Native Method)
12-24 17:22:33.944 32603 16264 E MSF.D.MonitorSocket: 	at libcore.io.Posix.recvfrom(Posix.java:189)
12-24 17:22:33.944 32603 16264 E MSF.D.MonitorSocket: 	at libcore.io.BlockGuardOs.recvfrom(BlockGuardOs.java:250)
12-24 17:22:33.944 32603 16264 E MSF.D.MonitorSocket: 	at libcore.io.IoBridge.recvfrom(IoBridge.java:549)
12-24 17:22:33.944 32603 16264 E MSF.D.MonitorSocket: 	at java.net.PlainSocketImpl.read(PlainSocketImpl.java:481)
12-24 17:22:33.944 32603 16264 E MSF.D.MonitorSocket: 	at java.net.PlainSocketImpl.access$000(PlainSocketImpl.java:37)
12-24 17:22:33.944 32603 16264 E MSF.D.MonitorSocket: 	at java.net.PlainSocketImpl$PlainSocketInputStream.read(PlainSocketImpl.java:237)
12-24 17:22:33.944 32603 16264 E MSF.D.MonitorSocket: 	at com.tencent.mobileqq.msf.sdk.utils.MonitorSocketInputStream.read(MonitorSocketInputStream.java:55)
12-24 17:22:33.944 32603 16264 E MSF.D.MonitorSocket: 	at com.tencent.qphone.base.util.MsfSocketInputBuffer.fillBuffer(MsfSocketInputBuffer.java:135)
12-24 17:22:33.944 32603 16264 E MSF.D.MonitorSocket: 	at com.tencent.qphone.base.util.MsfSocketInputBuffer.isDataAvailable(MsfSocketInputBuffer.java:74)
12-24 17:22:33.944 32603 16264 E MSF.D.MonitorSocket: 	at com.tencent.mobileqq.msf.core.net.g$a.run(SocketEngine.java:382)
12-24 17:22:34.057  1546  1546 I chatty  : uid=1000 system_server expire 26 lines
12-24 17:22:36.552  1546  1953 I chatty  : uid=1000(system) WifiStateMachin expire 168 lines
12-24 17:22:41.428   982   982 W daemon-handler-: type=1400 audit(0.0:12060561): avc: denied { read } for name="mem" dev="debugfs" ino=699541 scontext=u:r:untrusted_app:s0:c512,c768 tcontext=u:object_r:debugfs:s0 tclass=file permissive=0
12-24 17:22:41.428   982   982 W daemon-handler-: type=1400 audit(0.0:12060562): avc: denied { read } for name="mem" dev="debugfs" ino=699541 scontext=u:r:untrusted_app:s0:c512,c768 tcontext=u:object_r:debugfs:s0 tclass=file permissive=0
12-24 17:22:46.086  1546  1546 I chatty  : uid=1000 system_server expire 63 lines
12-24 17:23:12.488  3619  3619 W perfd   : type=1400 audit(0.0:12060563): avc: denied { kill } for capability=5 scontext=u:r:perfd:s0 tcontext=u:r:perfd:s0 tclass=capability permissive=0
12-24 17:23:12.753  1546  1953 I chatty  : uid=1000(system) WifiStateMachin expire 42 lines
12-24 17:23:13.154  1546  1546 I chatty  : uid=1000 system_server expire 19 lines
12-24 17:23:16.393 32603 16540 E MSF.D.MonitorSocket: socket error!
12-24 17:23:16.393 32603 16540 E MSF.D.MonitorSocket: java.net.SocketException: Socket closed
12-24 17:23:16.393 32603 16540 E MSF.D.MonitorSocket: 	at libcore.io.Posix.recvfromBytes(Native Method)
12-24 17:23:16.393 32603 16540 E MSF.D.MonitorSocket: 	at libcore.io.Posix.recvfrom(Posix.java:189)
12-24 17:23:16.393 32603 16540 E MSF.D.MonitorSocket: 	at libcore.io.BlockGuardOs.recvfrom(BlockGuardOs.java:250)
12-24 17:23:16.393 32603 16540 E MSF.D.MonitorSocket: 	at libcore.io.IoBridge.recvfrom(IoBridge.java:549)
12-24 17:23:16.393 32603 16540 E MSF.D.MonitorSocket: 	at java.net.PlainSocketImpl.read(PlainSocketImpl.java:481)
12-24 17:23:16.393 32603 16540 E MSF.D.MonitorSocket: 	at java.net.PlainSocketImpl.access$000(PlainSocketImpl.java:37)
12-24 17:23:16.393 32603 16540 E MSF.D.MonitorSocket: 	at java.net.PlainSocketImpl$PlainSocketInputStream.read(PlainSocketImpl.java:237)
12-24 17:23:16.393 32603 16540 E MSF.D.MonitorSocket: 	at com.tencent.mobileqq.msf.sdk.utils.MonitorSocketInputStream.read(MonitorSocketInputStream.java:55)
12-24 17:23:16.393 32603 16540 E MSF.D.MonitorSocket: 	at com.tencent.qphone.base.util.MsfSocketInputBuffer.fillBuffer(MsfSocketInputBuffer.java:135)
12-24 17:23:16.393 32603 16540 E MSF.D.MonitorSocket: 	at com.tencent.qphone.base.util.MsfSocketInputBuffer.isDataAvailable(MsfSocketInputBuffer.java:74)
12-24 17:23:16.393 32603 16540 E MSF.D.MonitorSocket: 	at com.tencent.mobileqq.msf.core.net.g$a.run(SocketEngine.java:382)
12-24 17:23:16.408  8524 20359 E DingdongPluginBizHandler: 0x51d_1 respond msf error: retCode[1002].
12-24 17:23:18.416 16625 16625 D AndroidRuntime: >>>>>> START com.android.internal.os.RuntimeInit uid 2000 <<<<<<
12-24 17:23:19.236 16639 16639 D AndroidRuntime: >>>>>> START com.android.internal.os.RuntimeInit uid 2000 <<<<<<
12-24 17:23:19.856 16649 16649 D AndroidRuntime: >>>>>> START com.android.internal.os.RuntimeInit uid 2000 <<<<<<
12-24 17:23:20.068  3019  3019 I chatty  : uid=1000(system) Binder_E expire 4 lines
12-24 17:23:20.279   498  1474 E audio_route: audio_route_apply_and_update_path
12-24 17:23:20.279   498  1474 E audio_route: audio_route_apply_path
12-24 17:23:20.284   498  1474 E audio_route: audio_route_apply_and_update_path
12-24 17:23:20.284   498  1474 E audio_route: audio_route_apply_path
12-24 17:23:20.308  1864  1864 I chatty  : uid=1000(system) Binder_3 expire 2 lines
12-24 17:23:20.428  2513  2513 I chatty  : uid=1000(system) Binder_7 expire 2 lines
12-24 17:23:20.538  3008  3008 I chatty  : uid=1000(system) Binder_C expire 2 lines
12-24 17:23:21.228  3004  3004 I chatty  : uid=1000(system) Binder_B expire 2 lines
12-24 17:23:21.268  3020  3020 I chatty  : uid=1000(system) Binder_F expire 12 lines
12-24 17:23:21.518  2986  2986 I chatty  : uid=1000(system) Binder_9 expire 8 lines
12-24 17:23:21.780  1546  1953 I chatty  : uid=1000(system) WifiStateMachin expire 70 lines
12-24 17:23:22.088  3017  3017 I chatty  : uid=1000(system) Binder_D expire 10 lines
12-24 17:23:22.128  3004  3004 I chatty  : uid=1000(system) Binder_B expire 6 lines
12-24 17:23:22.167  1546  1546 I chatty  : uid=1000 system_server expire 30 lines
12-24 17:23:22.198  3019  3019 I chatty  : uid=1000(system) Binder_E expire 6 lines
12-24 17:23:22.988  2564  2564 I chatty  : uid=1000(system) Binder_8 expire 10 lines
12-24 17:23:23.168  3284  3284 I chatty  : uid=1000(system) Binder_10 expire 8 lines
12-24 17:23:25.288  1864  1864 I chatty  : uid=1000(system) Binder_3 expire 4 lines
12-24 17:23:25.408  1570  1570 I chatty  : uid=1000(system) Binder_2 expire 8 lines
12-24 17:23:26.558 16754 16754 I chatty  : uid=1000(system) com.codeaurora.fmradio expire 1 line
12-24 17:23:26.730 16766 16766 E qkm.MediaButtonIntentReceiver.java: mediabutton click 2 ,but process is not running,service instance is null
12-24 17:23:26.908  3008  3008 I chatty  : uid=1000(system) Binder_C expire 4 lines
12-24 17:23:28.078  2374  2374 I chatty  : uid=1000(system) Binder_6 expire 8 lines
12-24 17:23:30.468  2204  2204 I chatty  : uid=1000(system) Binder_4 expire 2 lines
12-24 17:23:35.198  2205  2205 I chatty  : uid=1000(system) Binder_5 expire 4 lines
12-24 17:23:35.427  2789  2789 E Launcher: onReceive, action=android.intent.action.CLOSE_SYSTEM_DIALOGS, reason=assist
12-24 17:23:36.118  2987  2987 I chatty  : uid=1000(system) Binder_A expire 4 lines
12-24 17:23:36.189  1546  1546 I chatty  : uid=1000 system_server expire 14 lines
12-24 17:23:36.839  1546  1953 I chatty  : uid=1000(system) WifiStateMachin expire 42 lines
12-24 17:23:36.988  1569  1569 I chatty  : uid=1000(system) Binder_1 expire 2 lines
12-24 17:23:37.428  3020  3020 I chatty  : uid=1000(system) Binder_F expire 6 lines
12-24 17:23:37.916 16784 16784 E qkm.MediaButtonIntentReceiver.java: mediabutton click ,but process is not running,service instance is null
12-24 17:23:39.632 32603 16806 E MSF.D.MonitorSocket: socket error!
12-24 17:23:39.632 32603 16806 E MSF.D.MonitorSocket: java.net.SocketException: Socket closed
12-24 17:23:39.632 32603 16806 E MSF.D.MonitorSocket: 	at libcore.io.Posix.recvfromBytes(Native Method)
12-24 17:23:39.632 32603 16806 E MSF.D.MonitorSocket: 	at libcore.io.Posix.recvfrom(Posix.java:189)
12-24 17:23:39.632 32603 16806 E MSF.D.MonitorSocket: 	at libcore.io.BlockGuardOs.recvfrom(BlockGuardOs.java:250)
12-24 17:23:39.632 32603 16806 E MSF.D.MonitorSocket: 	at libcore.io.IoBridge.recvfrom(IoBridge.java:549)
12-24 17:23:39.632 32603 16806 E MSF.D.MonitorSocket: 	at java.net.PlainSocketImpl.read(PlainSocketImpl.java:481)
12-24 17:23:39.632 32603 16806 E MSF.D.MonitorSocket: 	at java.net.PlainSocketImpl.access$000(PlainSocketImpl.java:37)
12-24 17:23:39.632 32603 16806 E MSF.D.MonitorSocket: 	at java.net.PlainSocketImpl$PlainSocketInputStream.read(PlainSocketImpl.java:237)
12-24 17:23:39.632 32603 16806 E MSF.D.MonitorSocket: 	at com.tencent.mobileqq.msf.sdk.utils.MonitorSocketInputStream.read(MonitorSocketInputStream.java:55)
12-24 17:23:39.632 32603 16806 E MSF.D.MonitorSocket: 	at com.tencent.qphone.base.util.MsfSocketInputBuffer.fillBuffer(MsfSocketInputBuffer.java:135)
12-24 17:23:39.632 32603 16806 E MSF.D.MonitorSocket: 	at com.tencent.qphone.base.util.MsfSocketInputBuffer.isDataAvailable(MsfSocketInputBuffer.java:74)
12-24 17:23:39.632 32603 16806 E MSF.D.MonitorSocket: 	at com.tencent.mobileqq.msf.core.net.g$a.run(SocketEngine.java:382)
12-24 17:23:41.678   982   982 W daemon-handler-: type=1400 audit(0.0:12060670): avc: denied { read } for name="mem" dev="debugfs" ino=699541 scontext=u:r:untrusted_app:s0:c512,c768 tcontext=u:object_r:debugfs:s0 tclass=file permissive=0
12-24 17:23:41.678   982   982 W daemon-handler-: type=1400 audit(0.0:12060671): avc: denied { read } for name="mem" dev="debugfs" ino=699541 scontext=u:r:untrusted_app:s0:c512,c768 tcontext=u:object_r:debugfs:s0 tclass=file permissive=0
12-24 17:23:43.196  1546  1546 I chatty  : uid=1000 system_server expire 32 lines
12-24 17:23:43.298  3284  3284 I chatty  : uid=1000(system) Binder_10 expire 4 lines
12-24 17:23:43.318  2987  2987 I chatty  : uid=1000(system) Binder_A expire 2 lines
12-24 17:23:43.638  1864  1864 I chatty  : uid=1000(system) Binder_3 expire 6 lines
12-24 17:23:44.248  3019  3019 I chatty  : uid=1000(system) Binder_E expire 10 lines
12-24 17:23:44.418  1569  1569 I chatty  : uid=1000(system) Binder_1 expire 4 lines
12-24 17:23:45.168  2204  2204 I chatty  : uid=1000(system) Binder_4 expire 4 lines
12-24 17:23:45.188  2205  2205 I chatty  : uid=1000(system) Binder_5 expire 2 lines
12-24 17:23:45.678  2374  2374 I chatty  : uid=1000(system) Binder_6 expire 6 lines
12-24 17:23:45.866  1546  1953 I chatty  : uid=1000(system) WifiStateMachin expire 72 lines
12-24 17:23:46.188  2986  2986 I chatty  : uid=1000(system) Binder_9 expire 4 lines
12-24 17:23:51.211 14429 16950 I chatty  : uid=1000(system) com.android.settings.wifi expire 1 line
12-24 17:23:51.853 32603 16910 E MSF.D.MonitorSocket: socket error!
12-24 17:23:51.853 32603 16910 E MSF.D.MonitorSocket: java.net.SocketException: Socket closed
12-24 17:23:51.853 32603 16910 E MSF.D.MonitorSocket: 	at libcore.io.Posix.recvfromBytes(Native Method)
12-24 17:23:51.853 32603 16910 E MSF.D.MonitorSocket: 	at libcore.io.Posix.recvfrom(Posix.java:189)
12-24 17:23:51.853 32603 16910 E MSF.D.MonitorSocket: 	at libcore.io.BlockGuardOs.recvfrom(BlockGuardOs.java:250)
12-24 17:23:51.853 32603 16910 E MSF.D.MonitorSocket: 	at libcore.io.IoBridge.recvfrom(IoBridge.java:549)
12-24 17:23:51.853 32603 16910 E MSF.D.MonitorSocket: 	at java.net.PlainSocketImpl.read(PlainSocketImpl.java:481)
12-24 17:23:51.853 32603 16910 E MSF.D.MonitorSocket: 	at java.net.PlainSocketImpl.access$000(PlainSocketImpl.java:37)
12-24 17:23:51.853 32603 16910 E MSF.D.MonitorSocket: 	at java.net.PlainSocketImpl$PlainSocketInputStream.read(PlainSocketImpl.java:237)
12-24 17:23:51.853 32603 16910 E MSF.D.MonitorSocket: 	at com.tencent.mobileqq.msf.sdk.utils.MonitorSocketInputStream.read(MonitorSocketInputStream.java:55)
12-24 17:23:51.853 32603 16910 E MSF.D.MonitorSocket: 	at com.tencent.qphone.base.util.MsfSocketInputBuffer.fillBuffer(MsfSocketInputBuffer.java:135)
12-24 17:23:51.853 32603 16910 E MSF.D.MonitorSocket: 	at com.tencent.qphone.base.util.MsfSocketInputBuffer.isDataAvailable(MsfSocketInputBuffer.java:74)
12-24 17:23:51.853 32603 16910 E MSF.D.MonitorSocket: 	at com.tencent.mobileqq.msf.core.net.g$a.run(SocketEngine.java:382)
12-24 17:23:52.109 14429 16945 I chatty  : uid=1000(system) com.android.settings.wifi expire 1 line
12-24 17:23:58.669  1546  2374 E WifiService: Invoking mWifiStateMachine.setWifiEnabled
12-24 17:23:58.700 14429 17025 I chatty  : uid=1000(system) com.android.settings.wifi expire 1 line
12-24 17:23:58.700 13598 13644 E awcn.TnetSpdySession: |[seq:umeng:56a97fde67e58e33ac0008c0.AWCN4_1] spdySessionCloseCallback  errorCode::-2032
12-24 17:23:58.700 13598 13644 E awcn.Session: |[seq:umeng:56a97fde67e58e33ac0008c0.AWCN4_1] notifyStatus status:DISCONNECTED
12-24 17:23:58.701 14429 17027 I chatty  : uid=1000(system) com.android.settings.wifi expire 1 line
12-24 17:23:58.702  1780 16257 E XMPP    : [PacketReader] [XMPP-PRT-4-1] parse packets failed(SocketException): recvfrom failed: ETIMEDOUT (Connection timed out)
12-24 17:23:58.705 14429 17023 I chatty  : uid=1000(system) com.android.settings.wifi expire 1 line
12-24 17:23:58.705  1780 16281 E XMPP    : [Keepaliver] [XMPP-KAT-4-1] heartbeat failed(InterruptedException): null
12-24 17:23:58.709  1546  1546 I chatty  : uid=1000 system_server expire 5 lines
12-24 17:23:58.712 13765 13808 E accs.SilenceConn:  0 spdySessionCloseCallback, errorCode:-2032
12-24 17:23:58.712 13765 13808 E accs.SilenceConnumeng:56a97fde67e58e33ac0008c0:  0 notifyStatus:DISCONNECTED
12-24 17:23:58.738 14429 17028 I chatty  : uid=1000(system) com.android.settings.wifi expire 1 line
12-24 17:23:58.767 14429 17029 I chatty  : uid=1000(system) com.android.settings.wifi expire 1 line
12-24 17:23:58.802 14429 17030 I chatty  : uid=1000(system) com.android.settings.wifi expire 1 line
12-24 17:23:58.814 12856 12856 E QHStatAgent_CommonUtil: 2.3.7s Network error
12-24 17:23:58.814  2789  2789 E QHStatAgent_CommonUtil: 2.3.5s Network error
12-24 17:23:58.814  2340  2340 E QHStatAgent_CommonUtil: 2.3.5s Network error
12-24 17:23:58.815  2572  2572 I chatty  : uid=1000(system) com.qiku.logsystem expire 1 line
12-24 17:23:58.815 12856 12944 E QHStatAgent_CommonUtil: 2.4.13s Network error
12-24 17:23:58.815 32627 32627 E QHStatAgent_CommonUtil: 2.3.7s Network error
12-24 17:23:58.817  2789  2789 E QHStatAgent_CommonUtil: 2.3.5s Network error
12-24 17:23:58.817  2203  2203 I chatty  : uid=1000(system) com.qiku.powerengine:remote expire 1 line
12-24 17:23:58.821  2789  2789 E QHStatAgent_CommonUtil: 2.3.7s Network error
12-24 17:23:58.822 18796 18796 E QHStatAgent_CommonUtil: 2.4.8s Network error
12-24 17:23:58.825 18796 18796 E QHStatAgent_CommonUtil: 2.4.8s Network error
12-24 17:23:58.827  8524  8524 E com.tencent.component.network.module.common.NetworkState: NetworkStateReceiver ====== android.net.conn.CONNECTIVITY_CHANGE
12-24 17:23:58.834 30643 30942 E QHStatAgent_CommonUtil: 2.4.14 Network error
12-24 17:23:58.847  2789  2789 E QHStatAgent_CommonUtil: 2.4.8s Network error
12-24 17:23:58.848  2789  2789 E QHStatAgent_CommonUtil: 2.3.7s Network error
12-24 17:23:58.851 15583 15583 E QHStatAgent_CommonUtil: 2.3.7s Network error
12-24 17:23:58.865 15495 15495 I chatty  : uid=1000(system) com.yulong.android.ota:plugin expire 1 line
12-24 17:23:58.867 13864 13925 E QHStatAgent_CommonUtil: 2.4.14 Network error
12-24 17:23:58.870 15835 15835 E wpa_supplicant: eap_proxy: eap_proxy_notify_config
12-24 17:23:58.870 15835 15835 E wpa_supplicant: eap_proxy: eap_proxy_notify_config
12-24 17:23:58.870 15835 15835 E wpa_supplicant: eap_proxy: eap_proxy_notify_config
12-24 17:23:58.870 15835 15835 E wpa_supplicant: eap_proxy: eap_proxy_notify_config
12-24 17:23:58.871  1546 15846 I chatty  : uid=1000 system_server expire 80 lines
12-24 17:23:58.925   543  1841 E Netd    : netlink response contains error (No such file or directory)
12-24 17:23:58.926 14429 17034 I chatty  : uid=1000(system) com.android.settings.wifi expire 1 line
12-24 17:23:58.927 14429 17031 I chatty  : uid=1000(system) com.android.settings.wifi expire 1 line
12-24 17:23:58.927 14429 17036 I chatty  : uid=1000(system) com.android.settings.wifi expire 1 line
12-24 17:23:58.928 14429 17033 I chatty  : uid=1000(system) com.android.settings.wifi expire 1 line
12-24 17:23:58.930 14429 17037 I chatty  : uid=1000(system) com.android.settings.wifi expire 1 line
12-24 17:23:58.950  2448  2885 E DatabaseUtils: Writing exception to parcel
12-24 17:23:58.950  2448  2885 E DatabaseUtils: java.lang.SecurityException: No permission to write APN settings
12-24 17:23:58.950  2448  2885 E DatabaseUtils: 	at com.android.providers.telephony.TelephonyProvider.checkPermission(TelephonyProvider.java:2453)
12-24 17:23:58.950  2448  2885 E DatabaseUtils: 	at com.android.providers.telephony.TelephonyProvider.query(TelephonyProvider.java:1943)
12-24 17:23:58.950  2448  2885 E DatabaseUtils: 	at android.content.ContentProvider.query(ContentProvider.java:1017)
12-24 17:23:58.950  2448  2885 E DatabaseUtils: 	at android.content.ContentProvider$Transport.query(ContentProvider.java:238)
12-24 17:23:58.950  2448  2885 E DatabaseUtils: 	at android.content.ContentProviderNative.onTransact(ContentProviderNative.java:112)
12-24 17:23:58.950  2448  2885 E DatabaseUtils: 	at android.os.Binder.execTransact(Binder.java:453)
12-24 17:23:58.954 14429 17038 I chatty  : uid=1000(system) com.android.settings.wifi expire 1 line
12-24 17:23:58.980 14429 17039 I chatty  : uid=1000(system) com.android.settings.wifi expire 1 line
12-24 17:23:59.003 14429 17040 I chatty  : uid=1000(system) com.android.settings.wifi expire 1 line
12-24 17:23:59.045  2025  2025 E QHStatAgent_CommonUtil: 2.3.7s Network error
12-24 17:23:59.050 14429 17041 I chatty  : uid=1000(system) com.android.settings.wifi expire 1 line
12-24 17:23:59.060 15835 15835 E wpa_supplicant: eap_proxy: session not started for client = 1
12-24 17:23:59.060 15835 15835 E wpa_supplicant: eap_proxy: session not started for client = 2
12-24 17:23:59.082 14429 17042 I chatty  : uid=1000(system) com.android.settings.wifi expire 1 line
12-24 17:23:59.115 14429 17044 I chatty  : uid=1000(system) com.android.settings.wifi expire 1 line
12-24 17:23:59.142  1546 15846 I chatty  : uid=1000 system_server expire 51 lines
12-24 17:23:59.159 14429 17046 I chatty  : uid=1000(system) com.android.settings.wifi expire 1 line
12-24 17:23:59.195 17077 17077 E ws001   : wait process lock: 0/5000
12-24 17:23:59.199 14429 17054 I chatty  : uid=1000(system) com.android.settings.wifi expire 1 line
12-24 17:23:59.200 15835 15835 E wpa_supplicant: eap_proxy: eap_proxy_notify_config
12-24 17:23:59.200 15835 15835 E wpa_supplicant: eap_proxy: eap_proxy_notify_config
12-24 17:23:59.200 15835 15835 E wpa_supplicant: eap_proxy: eap_proxy_notify_config
12-24 17:23:59.205  1546  2564 I chatty  : uid=1000(system) Binder_8 expire 1 line
12-24 17:23:59.205  1546  2564 E SmartShowServiceContextImpl: parse intent extra failed
12-24 17:23:59.205  1546  2564 E SmartShowServiceContextImpl: android.os.BadParcelableException: ClassNotFoundException when unmarshalling: com.alipay.pushsdk.AliPushAppInfo
12-24 17:23:59.205  1546  2564 E SmartShowServiceContextImpl: 	at android.os.Parcel.readParcelableCreator(Parcel.java:2432)
12-24 17:23:59.205  1546  2564 E SmartShowServiceContextImpl: 	at android.os.Parcel.readParcelable(Parcel.java:2358)
12-24 17:23:59.205  1546  2564 E SmartShowServiceContextImpl: 	at android.os.Parcel.readValue(Parcel.java:2264)
12-24 17:23:59.205  1546  2564 E SmartShowServiceContextImpl: 	at android.os.Parcel.readArrayMapInternal(Parcel.java:2614)
