12-24 17:03:05.315  4873  6050 E MtpServer: ahf_MtpServer::getEditObject
12-24 17:03:05.316  4873  6050 E MtpServer: ahf_MtpServer::handleRequest
12-24 17:03:05.316  4873  6050 E MtpServer: ahf_MtpServer::doGetObjectPropList
12-24 17:03:05.322  4873  6050 E MtpServer: ahf_MtpServer::handleRequest
12-24 17:03:05.322  4873  6050 E MtpServer: ahf_MtpServer::doGetObjectInfo
12-24 17:03:05.327  4873  6050 E MtpServer: ahf_MtpServer::getEditObject
12-24 17:03:05.328  4873  6050 E MtpServer: ahf_MtpServer::handleRequest
12-24 17:03:05.328  4873  6050 E MtpServer: ahf_MtpServer::doGetObjectPropList
12-24 17:03:05.335  4873  6050 E MtpServer: ahf_MtpServer::handleRequest
12-24 17:03:05.335  4873  6050 E MtpServer: ahf_MtpServer::doGetObjectInfo
12-24 17:03:05.340  4873  6050 E MtpServer: ahf_MtpServer::getEditObject
12-24 17:03:05.341  4873  6050 E MtpServer: ahf_MtpServer::handleRequest
12-24 17:03:05.341  4873  6050 E MtpServer: ahf_MtpServer::doGetObjectPropList
12-24 17:03:05.347  4873  6050 E MtpServer: ahf_MtpServer::handleRequest
12-24 17:03:05.347  4873  6050 E MtpServer: ahf_MtpServer::doGetObjectInfo
12-24 17:03:05.353  4873  6050 E MtpServer: ahf_MtpServer::getEditObject
12-24 17:03:05.354  4873  6050 E MtpServer: ahf_MtpServer::handleRequest
12-24 17:03:05.354  4873  6050 E MtpServer: ahf_MtpServer::doGetObjectPropList
12-24 17:03:05.360  4873  6050 E MtpServer: ahf_MtpServer::handleRequest
12-24 17:03:05.360  4873  6050 E MtpServer: ahf_MtpServer::doGetObjectInfo
12-24 17:03:05.366  4873  6050 E MtpServer: ahf_MtpServer::getEditObject
12-24 17:03:05.367  4873  6050 E MtpServer: ahf_MtpServer::handleRequest
12-24 17:03:05.367  4873  6050 E MtpServer: ahf_MtpServer::doGetObjectPropList
12-24 17:03:05.374  4873  6050 E MtpServer: ahf_MtpServer::handleRequest
12-24 17:03:05.374  4873  6050 E MtpServer: ahf_MtpServer::doGetObjectInfo
12-24 17:03:05.380  4873  6050 E MtpServer: ahf_MtpServer::getEditObject
12-24 17:03:05.381  4873  6050 E MtpServer: ahf_MtpServer::handleRequest
12-24 17:03:05.381  4873  6050 E MtpServer: ahf_MtpServer::doGetObjectPropList
12-24 17:03:05.387  4873  6050 E MtpServer: ahf_MtpServer::handleRequest
12-24 17:03:05.388  4873  6050 E MtpServer: ahf_MtpServer::doGetObjectInfo
12-24 17:03:05.394  4873  6050 E MtpServer: ahf_MtpServer::getEditObject
12-24 17:03:05.395  4873  6050 E MtpServer: ahf_MtpServer::handleRequest
12-24 17:03:05.395  4873  6050 E MtpServer: ahf_MtpServer::doGetObjectPropList
12-24 17:03:05.401  4873  6050 E MtpServer: ahf_MtpServer::handleRequest
12-24 17:03:05.401  4873  6050 E MtpServer: ahf_MtpServer::doGetObjectInfo
12-24 17:03:05.407  4873  6050 E MtpServer: ahf_MtpServer::getEditObject
12-24 17:03:05.408  4873  6050 E MtpServer: ahf_MtpServer::handleRequest
12-24 17:03:05.408  4873  6050 E MtpServer: ahf_MtpServer::doGetObjectPropList
12-24 17:03:05.414  4873  6050 E MtpServer: ahf_MtpServer::handleRequest
12-24 17:03:05.414  4873  6050 E MtpServer: ahf_MtpServer::doGetObjectInfo
12-24 17:03:05.420  4873  6050 E MtpServer: ahf_MtpServer::getEditObject
12-24 17:03:05.421  4873  6050 E MtpServer: ahf_MtpServer::handleRequest
12-24 17:03:05.421  4873  6050 E MtpServer: ahf_MtpServer::doGetObjectPropList
12-24 17:03:05.427  4873  6050 E MtpServer: ahf_MtpServer::handleRequest
12-24 17:03:05.427  4873  6050 E MtpServer: ahf_MtpServer::doGetObjectInfo
12-24 17:03:05.434  4873  6050 E MtpServer: ahf_MtpServer::getEditObject
12-24 17:03:05.435  4873  6050 E MtpServer: ahf_MtpServer::handleRequest
12-24 17:03:05.435  4873  6050 E MtpServer: ahf_MtpServer::doGetObjectPropList
12-24 17:03:05.442  4873  6050 E MtpServer: ahf_MtpServer::handleRequest
12-24 17:03:05.442  4873  6050 E MtpServer: ahf_MtpServer::doGetObjectInfo
12-24 17:03:05.448  4873  6050 E MtpServer: ahf_MtpServer::getEditObject
12-24 17:03:05.449  4873  6050 E MtpServer: ahf_MtpServer::handleRequest
12-24 17:03:05.449  4873  6050 E MtpServer: ahf_MtpServer::doGetObjectPropList
12-24 17:03:05.457  4873  6050 E MtpServer: ahf_MtpServer::handleRequest
12-24 17:03:05.457  4873  6050 E MtpServer: ahf_MtpServer::doGetObjectInfo
12-24 17:03:05.464  4873  6050 E MtpServer: ahf_MtpServer::getEditObject
12-24 17:03:05.465  4873  6050 E MtpServer: ahf_MtpServer::handleRequest
12-24 17:03:05.465  4873  6050 E MtpServer: ahf_MtpServer::doGetObjectPropList
12-24 17:03:05.472  4873  6050 E MtpServer: ahf_MtpServer::handleRequest
12-24 17:03:05.472  4873  6050 E MtpServer: ahf_MtpServer::doGetObjectInfo
12-24 17:03:05.479  4873  6050 E MtpServer: ahf_MtpServer::getEditObject
12-24 17:03:05.480  4873  6050 E MtpServer: ahf_MtpServer::handleRequest
12-24 17:03:05.480  4873  6050 E MtpServer: ahf_MtpServer::doGetObjectPropList
12-24 17:03:05.487  4873  6050 E MtpServer: ahf_MtpServer::handleRequest
12-24 17:03:05.487  4873  6050 E MtpServer: ahf_MtpServer::doGetObjectInfo
12-24 17:03:05.494  4873  6050 E MtpServer: ahf_MtpServer::getEditObject
12-24 17:03:05.495  4873  6050 E MtpServer: ahf_MtpServer::handleRequest
12-24 17:03:05.496  4873  6050 E MtpServer: ahf_MtpServer::doGetObjectPropList
12-24 17:03:05.503  4873  6050 E MtpServer: ahf_MtpServer::handleRequest
12-24 17:03:05.503  4873  6050 E MtpServer: ahf_MtpServer::doGetObjectInfo
12-24 17:03:05.509  4873  6050 E MtpServer: ahf_MtpServer::getEditObject
12-24 17:03:05.510  4873  6050 E MtpServer: ahf_MtpServer::handleRequest
12-24 17:03:05.510  4873  6050 E MtpServer: ahf_MtpServer::doGetObjectPropList
12-24 17:03:05.518  4873  6050 E MtpServer: ahf_MtpServer::handleRequest
12-24 17:03:05.518  4873  6050 E MtpServer: ahf_MtpServer::doGetObjectInfo
12-24 17:03:05.525  4873  6050 E MtpServer: ahf_MtpServer::getEditObject
12-24 17:03:05.526  4873  6050 E MtpServer: ahf_MtpServer::handleRequest
12-24 17:03:05.526  4873  6050 E MtpServer: ahf_MtpServer::doGetObjectPropList
12-24 17:03:05.533  4873  6050 E MtpServer: ahf_MtpServer::handleRequest
12-24 17:03:05.533  4873  6050 E MtpServer: ahf_MtpServer::doGetObjectInfo
12-24 17:03:05.540  4873  6050 E MtpServer: ahf_MtpServer::getEditObject
12-24 17:03:05.541  4873  6050 E MtpServer: ahf_MtpServer::handleRequest
12-24 17:03:05.541  4873  6050 E MtpServer: ahf_MtpServer::doGetObjectPropList
12-24 17:03:05.548  4873  6050 E MtpServer: ahf_MtpServer::handleRequest
12-24 17:03:05.548  4873  6050 E MtpServer: ahf_MtpServer::doGetObjectInfo
12-24 17:03:05.555  4873  6050 E MtpServer: ahf_MtpServer::getEditObject
12-24 17:03:05.556  4873  6050 E MtpServer: ahf_MtpServer::handleRequest
12-24 17:03:05.557  4873  6050 E MtpServer: ahf_MtpServer::doGetObjectPropList
12-24 17:03:05.564  4873  6050 E MtpServer: ahf_MtpServer::handleRequest
12-24 17:03:05.564  4873  6050 E MtpServer: ahf_MtpServer::doGetObjectInfo
12-24 17:03:05.571  4873  6050 E MtpServer: ahf_MtpServer::getEditObject
12-24 17:03:05.572  4873  6050 E MtpServer: ahf_MtpServer::handleRequest
12-24 17:03:05.572  4873  6050 E MtpServer: ahf_MtpServer::doGetObjectPropList
12-24 17:03:05.580  4873  6050 E MtpServer: ahf_MtpServer::handleRequest
12-24 17:03:05.580  4873  6050 E MtpServer: ahf_MtpServer::doGetObjectInfo
12-24 17:03:05.586  4873  6050 E MtpServer: ahf_MtpServer::getEditObject
12-24 17:03:05.587  4873  6050 E MtpServer: ahf_MtpServer::handleRequest
12-24 17:03:05.587  4873  6050 E MtpServer: ahf_MtpServer::doGetObjectPropList
12-24 17:03:05.595  4873  6050 E MtpServer: ahf_MtpServer::handleRequest
12-24 17:03:05.595  4873  6050 E MtpServer: ahf_MtpServer::doGetObjectInfo
12-24 17:03:05.601  4873  6050 E MtpServer: ahf_MtpServer::getEditObject
12-24 17:03:05.602  4873  6050 E MtpServer: ahf_MtpServer::handleRequest
12-24 17:03:05.602  4873  6050 E MtpServer: ahf_MtpServer::doGetObjectPropList
12-24 17:03:05.609  4873  6050 E MtpServer: ahf_MtpServer::handleRequest
12-24 17:03:05.609  4873  6050 E MtpServer: ahf_MtpServer::doGetObjectInfo
12-24 17:03:05.617  4873  6050 E MtpServer: ahf_MtpServer::getEditObject
12-24 17:03:05.618  4873  6050 E MtpServer: ahf_MtpServer::handleRequest
12-24 17:03:05.618  4873  6050 E MtpServer: ahf_MtpServer::doGetObjectPropList
12-24 17:03:05.625  4873  6050 E MtpServer: ahf_MtpServer::handleRequest
12-24 17:03:05.625  4873  6050 E MtpServer: ahf_MtpServer::doGetObjectInfo
12-24 17:03:05.631  4873  6050 E MtpServer: ahf_MtpServer::getEditObject
12-24 17:03:05.632  4873  6050 E MtpServer: ahf_MtpServer::handleRequest
12-24 17:03:05.632  4873  6050 E MtpServer: ahf_MtpServer::doGetObjectPropList
12-24 17:03:05.639  4873  6050 E MtpServer: ahf_MtpServer::handleRequest
12-24 17:03:05.640  4873  6050 E MtpServer: ahf_MtpServer::doGetObjectInfo
12-24 17:03:05.646  4873  6050 E MtpServer: ahf_MtpServer::getEditObject
12-24 17:03:05.647  4873  6050 E MtpServer: ahf_MtpServer::handleRequest
12-24 17:03:05.647  4873  6050 E MtpServer: ahf_MtpServer::doGetObjectPropList
12-24 17:03:05.654  4873  6050 E MtpServer: ahf_MtpServer::handleRequest
12-24 17:03:05.655  4873  6050 E MtpServer: ahf_MtpServer::doGetObjectInfo
12-24 17:03:05.661  4873  6050 E MtpServer: ahf_MtpServer::getEditObject
12-24 17:03:05.662  4873  6050 E MtpServer: ahf_MtpServer::handleRequest
12-24 17:03:05.662  4873  6050 E MtpServer: ahf_MtpServer::doGetObjectPropList
12-24 17:03:05.672  4873  6050 E MtpServer: ahf_MtpServer::handleRequest
12-24 17:03:05.672  4873  6050 E MtpServer: ahf_MtpServer::doGetObjectInfo
12-24 17:03:05.679  4873  6050 E MtpServer: ahf_MtpServer::getEditObject
12-24 17:03:05.681  4873  6050 E MtpServer: ahf_MtpServer::handleRequest
12-24 17:03:05.681  4873  6050 E MtpServer: ahf_MtpServer::doGetObjectPropList
12-24 17:03:05.688  4873  6050 E MtpServer: ahf_MtpServer::handleRequest
12-24 17:03:05.689  4873  6050 E MtpServer: ahf_MtpServer::doGetObjectInfo
12-24 17:03:05.696  4873  6050 E MtpServer: ahf_MtpServer::getEditObject
12-24 17:03:05.697  4873  6050 E MtpServer: ahf_MtpServer::handleRequest
12-24 17:03:05.697  4873  6050 E MtpServer: ahf_MtpServer::doGetObjectPropList
12-24 17:03:05.705  4873  6050 E MtpServer: ahf_MtpServer::handleRequest
12-24 17:03:05.705  4873  6050 E MtpServer: ahf_MtpServer::doGetObjectInfo
12-24 17:03:05.713  4873  6050 E MtpServer: ahf_MtpServer::getEditObject
12-24 17:03:05.714  4873  6050 E MtpServer: ahf_MtpServer::handleRequest
12-24 17:03:05.714  4873  6050 E MtpServer: ahf_MtpServer::doGetObjectPropList
12-24 17:03:05.721  4873  6050 E MtpServer: ahf_MtpServer::handleRequest
12-24 17:03:05.722  4873  6050 E MtpServer: ahf_MtpServer::doGetObjectInfo
12-24 17:03:05.728  4873  6050 E MtpServer: ahf_MtpServer::getEditObject
12-24 17:03:05.730  4873  6050 E MtpServer: ahf_MtpServer::handleRequest
12-24 17:03:05.730  4873  6050 E MtpServer: ahf_MtpServer::doGetObjectPropList
12-24 17:03:05.738  4873  6050 E MtpServer: ahf_MtpServer::handleRequest
12-24 17:03:05.738  4873  6050 E MtpServer: ahf_MtpServer::doGetObjectInfo
12-24 17:03:05.745  4873  6050 E MtpServer: ahf_MtpServer::getEditObject
12-24 17:03:05.746  4873  6050 E MtpServer: ahf_MtpServer::handleRequest
12-24 17:03:05.746  4873  6050 E MtpServer: ahf_MtpServer::doGetObjectPropList
12-24 17:03:05.754  4873  6050 E MtpServer: ahf_MtpServer::handleRequest
12-24 17:03:05.754  4873  6050 E MtpServer: ahf_MtpServer::doGetObjectInfo
12-24 17:03:05.761  4873  6050 E MtpServer: ahf_MtpServer::getEditObject
12-24 17:03:05.762  4873  6050 E MtpServer: ahf_MtpServer::handleRequest
12-24 17:03:05.762  4873  6050 E MtpServer: ahf_MtpServer::doGetObjectPropList
12-24 17:03:05.770  4873  6050 E MtpServer: ahf_MtpServer::handleRequest
12-24 17:03:05.770  4873  6050 E MtpServer: ahf_MtpServer::doGetObjectInfo
12-24 17:03:05.778  4873  6050 E MtpServer: ahf_MtpServer::getEditObject
12-24 17:03:05.779  4873  6050 E MtpServer: ahf_MtpServer::handleRequest
12-24 17:03:05.779  4873  6050 E MtpServer: ahf_MtpServer::doGetObjectPropList
12-24 17:03:05.786  4873  6050 E MtpServer: ahf_MtpServer::handleRequest
12-24 17:03:05.786  4873  6050 E MtpServer: ahf_MtpServer::doGetObjectInfo
12-24 17:03:05.793  4873  6050 E MtpServer: ahf_MtpServer::getEditObject
12-24 17:03:05.794  4873  6050 E MtpServer: ahf_MtpServer::handleRequest
12-24 17:03:05.794  4873  6050 E MtpServer: ahf_MtpServer::doGetObjectPropList
12-24 17:03:05.802  4873  6050 E MtpServer: ahf_MtpServer::handleRequest
12-24 17:03:05.802  4873  6050 E MtpServer: ahf_MtpServer::doGetObjectInfo
12-24 17:03:05.809  4873  6050 E MtpServer: ahf_MtpServer::getEditObject
12-24 17:03:05.810  4873  6050 E MtpServer: ahf_MtpServer::handleRequest
12-24 17:03:05.810  4873  6050 E MtpServer: ahf_MtpServer::doGetObjectPropList
12-24 17:03:05.818  4873  6050 E MtpServer: ahf_MtpServer::handleRequest
12-24 17:03:05.818  4873  6050 E MtpServer: ahf_MtpServer::doGetObjectInfo
12-24 17:03:05.825  4873  6050 E MtpServer: ahf_MtpServer::getEditObject
12-24 17:03:05.826  4873  6050 E MtpServer: ahf_MtpServer::handleRequest
12-24 17:03:05.826  4873  6050 E MtpServer: ahf_MtpServer::doGetObjectPropList
12-24 17:03:05.834  4873  6050 E MtpServer: ahf_MtpServer::handleRequest
12-24 17:03:05.835  4873  6050 E MtpServer: ahf_MtpServer::doGetObjectInfo
12-24 17:03:05.842  4873  6050 E MtpServer: ahf_MtpServer::getEditObject
12-24 17:03:05.843  4873  6050 E MtpServer: ahf_MtpServer::handleRequest
12-24 17:03:05.843  4873  6050 E MtpServer: ahf_MtpServer::doGetObjectPropList
12-24 17:03:05.851  4873  6050 E MtpServer: ahf_MtpServer::handleRequest
12-24 17:03:05.851  4873  6050 E MtpServer: ahf_MtpServer::doGetObjectInfo
12-24 17:03:05.858  4873  6050 E MtpServer: ahf_MtpServer::getEditObject
12-24 17:03:05.860  4873  6050 E MtpServer: ahf_MtpServer::handleRequest
12-24 17:03:05.860  4873  6050 E MtpServer: ahf_MtpServer::doGetObjectPropList
12-24 17:03:05.867  4873  6050 E MtpServer: ahf_MtpServer::handleRequest
12-24 17:03:05.867  4873  6050 E MtpServer: ahf_MtpServer::doGetObjectInfo
12-24 17:03:05.875  4873  6050 E MtpServer: ahf_MtpServer::getEditObject
12-24 17:03:05.876  4873  6050 E MtpServer: ahf_MtpServer::handleRequest
12-24 17:03:05.876  4873  6050 E MtpServer: ahf_MtpServer::doGetObjectPropList
12-24 17:03:05.884  4873  6050 E MtpServer: ahf_MtpServer::handleRequest
12-24 17:03:05.884  4873  6050 E MtpServer: ahf_MtpServer::doGetObjectInfo
12-24 17:03:05.891  4873  6050 E MtpServer: ahf_MtpServer::getEditObject
12-24 17:03:05.892  4873  6050 E MtpServer: ahf_MtpServer::handleRequest
12-24 17:03:05.892  4873  6050 E MtpServer: ahf_MtpServer::doGetObjectPropList
12-24 17:03:05.900  4873  6050 E MtpServer: ahf_MtpServer::handleRequest
12-24 17:03:05.900  4873  6050 E MtpServer: ahf_MtpServer::doGetObjectInfo
12-24 17:03:05.907  4873  6050 E MtpServer: ahf_MtpServer::getEditObject
12-24 17:03:05.908  4873  6050 E MtpServer: ahf_MtpServer::handleRequest
12-24 17:03:05.908  4873  6050 E MtpServer: ahf_MtpServer::doGetObjectPropList
12-24 17:03:05.916  4873  6050 E MtpServer: ahf_MtpServer::handleRequest
12-24 17:03:05.916  4873  6050 E MtpServer: ahf_MtpServer::doGetObjectInfo
12-24 17:03:05.923  4873  6050 E MtpServer: ahf_MtpServer::getEditObject
12-24 17:03:05.924  4873  6050 E MtpServer: ahf_MtpServer::handleRequest
12-24 17:03:05.924  4873  6050 E MtpServer: ahf_MtpServer::doGetObjectPropList
12-24 17:03:05.932  4873  6050 E MtpServer: ahf_MtpServer::handleRequest
12-24 17:03:05.932  4873  6050 E MtpServer: ahf_MtpServer::doGetObjectInfo
12-24 17:03:05.939  4873  6050 E MtpServer: ahf_MtpServer::getEditObject
12-24 17:03:05.940  4873  6050 E MtpServer: ahf_MtpServer::handleRequest
12-24 17:03:05.940  4873  6050 E MtpServer: ahf_MtpServer::doGetObjectPropList
12-24 17:03:05.954  4873  6050 E MtpServer: ahf_MtpServer::handleRequest
12-24 17:03:05.954  4873  6050 E MtpServer: ahf_MtpServer::doGetObjectInfo
12-24 17:03:05.962  4873  6050 E MtpServer: ahf_MtpServer::getEditObject
12-24 17:03:05.963  4873  6050 E MtpServer: ahf_MtpServer::handleRequest
12-24 17:03:05.963  4873  6050 E MtpServer: ahf_MtpServer::doGetObjectPropList
12-24 17:03:05.971  4873  6050 E MtpServer: ahf_MtpServer::handleRequest
12-24 17:03:05.971  4873  6050 E MtpServer: ahf_MtpServer::doGetObjectInfo
12-24 17:03:05.978  4873  6050 E MtpServer: ahf_MtpServer::getEditObject
12-24 17:03:05.979  4873  6050 E MtpServer: ahf_MtpServer::handleRequest
12-24 17:03:05.979  4873  6050 E MtpServer: ahf_MtpServer::doGetObjectPropList
12-24 17:03:05.987  4873  6050 E MtpServer: ahf_MtpServer::handleRequest
12-24 17:03:05.987  4873  6050 E MtpServer: ahf_MtpServer::doGetObjectInfo
12-24 17:03:05.994  4873  6050 E MtpServer: ahf_MtpServer::getEditObject
12-24 17:03:05.995  4873  6050 E MtpServer: ahf_MtpServer::handleRequest
12-24 17:03:05.995  4873  6050 E MtpServer: ahf_MtpServer::doGetObjectPropList
12-24 17:03:06.003  4873  6050 E MtpServer: ahf_MtpServer::handleRequest
12-24 17:03:06.003  4873  6050 E MtpServer: ahf_MtpServer::doGetObjectInfo
12-24 17:03:06.009  4873  6050 E MtpServer: ahf_MtpServer::getEditObject
12-24 17:03:06.010  4873  6050 E MtpServer: ahf_MtpServer::handleRequest
12-24 17:03:06.010  4873  6050 E MtpServer: ahf_MtpServer::doGetObjectPropList
12-24 17:03:06.018  4873  6050 E MtpServer: ahf_MtpServer::handleRequest
12-24 17:03:06.018  4873  6050 E MtpServer: ahf_MtpServer::doGetObjectInfo
12-24 17:03:06.025  4873  6050 E MtpServer: ahf_MtpServer::getEditObject
12-24 17:03:06.026  4873  6050 E MtpServer: ahf_MtpServer::handleRequest
12-24 17:03:06.026  4873  6050 E MtpServer: ahf_MtpServer::doGetObjectPropList
12-24 17:03:06.033  4873  6050 E MtpServer: ahf_MtpServer::handleRequest
12-24 17:03:06.033  4873  6050 E MtpServer: ahf_MtpServer::doGetObjectInfo
12-24 17:03:06.041  4873  6050 E MtpServer: ahf_MtpServer::getEditObject
12-24 17:03:06.042  4873  6050 E MtpServer: ahf_MtpServer::handleRequest
12-24 17:03:06.042  4873  6050 E MtpServer: ahf_MtpServer::doGetObjectPropList
12-24 17:03:06.049  4873  6050 E MtpServer: ahf_MtpServer::handleRequest
12-24 17:03:06.049  4873  6050 E MtpServer: ahf_MtpServer::doGetObjectInfo
12-24 17:03:06.057  4873  6050 E MtpServer: ahf_MtpServer::getEditObject
12-24 17:03:06.058  4873  6050 E MtpServer: ahf_MtpServer::handleRequest
12-24 17:03:06.058  4873  6050 E MtpServer: ahf_MtpServer::doGetObjectPropList
12-24 17:03:06.065  4873  6050 E MtpServer: ahf_MtpServer::handleRequest
12-24 17:03:06.065  4873  6050 E MtpServer: ahf_MtpServer::doGetObjectInfo
12-24 17:03:06.072  4873  6050 E MtpServer: ahf_MtpServer::getEditObject
12-24 17:03:06.073  4873  6050 E MtpServer: ahf_MtpServer::handleRequest
12-24 17:03:06.073  4873  6050 E MtpServer: ahf_MtpServer::doGetObjectPropList
12-24 17:03:06.082  4873  6050 E MtpServer: ahf_MtpServer::handleRequest
12-24 17:03:06.082  4873  6050 E MtpServer: ahf_MtpServer::doGetObjectInfo
12-24 17:03:06.094  4873  6050 E MtpServer: ahf_MtpServer::getEditObject
12-24 17:03:06.095  4873  6050 E MtpServer: ahf_MtpServer::handleRequest
12-24 17:03:06.095  4873  6050 E MtpServer: ahf_MtpServer::doGetObjectPropList
12-24 17:03:06.103  4873  6050 E MtpServer: ahf_MtpServer::handleRequest
12-24 17:03:06.103  4873  6050 E MtpServer: ahf_MtpServer::doGetObjectInfo
12-24 17:03:06.110  4873  6050 E MtpServer: ahf_MtpServer::getEditObject
12-24 17:03:06.111  4873  6050 E MtpServer: ahf_MtpServer::handleRequest
12-24 17:03:06.111  4873  6050 E MtpServer: ahf_MtpServer::doGetObjectPropList
12-24 17:03:06.119  4873  6050 E MtpServer: ahf_MtpServer::handleRequest
12-24 17:03:06.119  4873  6050 E MtpServer: ahf_MtpServer::doGetObjectInfo
12-24 17:03:06.127  4873  6050 E MtpServer: ahf_MtpServer::getEditObject
12-24 17:03:06.128  4873  6050 E MtpServer: ahf_MtpServer::handleRequest
12-24 17:03:06.128  4873  6050 E MtpServer: ahf_MtpServer::doGetObjectPropList
12-24 17:03:06.136  4873  6050 E MtpServer: ahf_MtpServer::handleRequest
12-24 17:03:06.136  4873  6050 E MtpServer: ahf_MtpServer::doGetObjectInfo
12-24 17:03:06.143  4873  6050 E MtpServer: ahf_MtpServer::getEditObject
12-24 17:03:06.145  4873  6050 E MtpServer: ahf_MtpServer::handleRequest
12-24 17:03:06.145  4873  6050 E MtpServer: ahf_MtpServer::doGetObjectPropList
12-24 17:03:06.153  4873  6050 E MtpServer: ahf_MtpServer::handleRequest
12-24 17:03:06.153  4873  6050 E MtpServer: ahf_MtpServer::doGetObjectInfo
12-24 17:03:06.158  4873  6050 E MtpServer: ahf_MtpServer::getEditObject
12-24 17:03:06.158  4873  6050 E MtpServer: ahf_MtpServer::handleRequest
12-24 17:03:06.158  4873  6050 E MtpServer: ahf_MtpServer::doGetObjectPropList
12-24 17:03:06.164  4873  6050 E MtpServer: ahf_MtpServer::handleRequest
12-24 17:03:06.164  4873  6050 E MtpServer: ahf_MtpServer::doGetObjectInfo
12-24 17:03:06.168  4873  6050 E MtpServer: ahf_MtpServer::getEditObject
12-24 17:03:06.169  4873  6050 E MtpServer: ahf_MtpServer::handleRequest
12-24 17:03:06.169  4873  6050 E MtpServer: ahf_MtpServer::doGetObjectPropList
12-24 17:03:06.174  4873  6050 E MtpServer: ahf_MtpServer::handleRequest
12-24 17:03:06.174  4873  6050 E MtpServer: ahf_MtpServer::doGetObjectInfo
12-24 17:03:06.179  4873  6050 E MtpServer: ahf_MtpServer::getEditObject
12-24 17:03:06.180  4873  6050 E MtpServer: ahf_MtpServer::handleRequest
12-24 17:03:06.180  4873  6050 E MtpServer: ahf_MtpServer::doGetObjectPropList
12-24 17:03:06.185  4873  6050 E MtpServer: ahf_MtpServer::handleRequest
12-24 17:03:06.185  4873  6050 E MtpServer: ahf_MtpServer::doGetObjectInfo
12-24 17:03:06.190  4873  6050 E MtpServer: ahf_MtpServer::getEditObject
12-24 17:03:06.191  4873  6050 E MtpServer: ahf_MtpServer::handleRequest
12-24 17:03:06.191  4873  6050 E MtpServer: ahf_MtpServer::doGetObjectPropList
12-24 17:03:06.196  4873  6050 E MtpServer: ahf_MtpServer::handleRequest
12-24 17:03:06.196  4873  6050 E MtpServer: ahf_MtpServer::doGetObjectInfo
12-24 17:03:06.200  4873  6050 E MtpServer: ahf_MtpServer::getEditObject
12-24 17:03:06.201  4873  6050 E MtpServer: ahf_MtpServer::handleRequest
12-24 17:03:06.201  4873  6050 E MtpServer: ahf_MtpServer::doGetObjectPropList
12-24 17:03:06.205  4873  6050 E MtpServer: ahf_MtpServer::handleRequest
12-24 17:03:06.205  4873  6050 E MtpServer: ahf_MtpServer::doGetObjectInfo
12-24 17:03:06.209  4873  6050 E MtpServer: ahf_MtpServer::getEditObject
12-24 17:03:06.210  4873  6050 E MtpServer: ahf_MtpServer::handleRequest
12-24 17:03:06.210  4873  6050 E MtpServer: ahf_MtpServer::doGetObjectPropList
12-24 17:03:06.215  4873  6050 E MtpServer: ahf_MtpServer::handleRequest
12-24 17:03:06.215  4873  6050 E MtpServer: ahf_MtpServer::doGetObjectInfo
12-24 17:03:06.219  4873  6050 E MtpServer: ahf_MtpServer::getEditObject
12-24 17:03:06.220  4873  6050 E MtpServer: ahf_MtpServer::handleRequest
12-24 17:03:06.220  4873  6050 E MtpServer: ahf_MtpServer::doGetObjectPropList
12-24 17:03:06.224  4873  6050 E MtpServer: ahf_MtpServer::handleRequest
12-24 17:03:06.224  4873  6050 E MtpServer: ahf_MtpServer::doGetObjectInfo
12-24 17:03:06.229  4873  6050 E MtpServer: ahf_MtpServer::getEditObject
12-24 17:03:06.230  4873  6050 E MtpServer: ahf_MtpServer::handleRequest
12-24 17:03:06.230  4873  6050 E MtpServer: ahf_MtpServer::doGetObjectPropList
12-24 17:03:06.235  4873  6050 E MtpServer: ahf_MtpServer::handleRequest
12-24 17:03:06.235  4873  6050 E MtpServer: ahf_MtpServer::doGetObjectInfo
12-24 17:03:06.240  4873  6050 E MtpServer: ahf_MtpServer::getEditObject
12-24 17:03:06.240  4873  6050 E MtpServer: ahf_MtpServer::handleRequest
12-24 17:03:06.241  4873  6050 E MtpServer: ahf_MtpServer::doGetObjectPropList
12-24 17:03:06.246  4873  6050 E MtpServer: ahf_MtpServer::handleRequest
12-24 17:03:06.246  4873  6050 E MtpServer: ahf_MtpServer::doGetObjectInfo
12-24 17:03:06.250  4873  6050 E MtpServer: ahf_MtpServer::getEditObject
12-24 17:03:06.251  4873  6050 E MtpServer: ahf_MtpServer::handleRequest
12-24 17:03:06.251  4873  6050 E MtpServer: ahf_MtpServer::doGetObjectPropList
12-24 17:03:06.256  4873  6050 E MtpServer: ahf_MtpServer::handleRequest
12-24 17:03:06.256  4873  6050 E MtpServer: ahf_MtpServer::doGetObjectInfo
12-24 17:03:06.261  4873  6050 E MtpServer: ahf_MtpServer::getEditObject
12-24 17:03:06.262  4873  6050 E MtpServer: ahf_MtpServer::handleRequest
12-24 17:03:06.262  4873  6050 E MtpServer: ahf_MtpServer::doGetObjectPropList
12-24 17:03:06.267  4873  6050 E MtpServer: ahf_MtpServer::handleRequest
12-24 17:03:06.267  4873  6050 E MtpServer: ahf_MtpServer::doGetObjectInfo
12-24 17:03:06.274  4873  6050 E MtpServer: ahf_MtpServer::getEditObject
12-24 17:03:06.275  4873  6050 E MtpServer: ahf_MtpServer::handleRequest
12-24 17:03:06.275  4873  6050 E MtpServer: ahf_MtpServer::doGetObjectPropList
12-24 17:03:06.285  4873  6050 E MtpServer: ahf_MtpServer::handleRequest
12-24 17:03:06.285  4873  6050 E MtpServer: ahf_MtpServer::doGetObjectInfo
12-24 17:03:06.292  4873  6050 E MtpServer: ahf_MtpServer::getEditObject
12-24 17:03:06.293  4873  6050 E MtpServer: ahf_MtpServer::handleRequest
12-24 17:03:06.293  4873  6050 E MtpServer: ahf_MtpServer::doGetObjectPropList
12-24 17:03:06.300  4873  6050 E MtpServer: ahf_MtpServer::handleRequest
12-24 17:03:06.300  4873  6050 E MtpServer: ahf_MtpServer::doGetObjectInfo
12-24 17:03:06.307  4873  6050 E MtpServer: ahf_MtpServer::getEditObject
12-24 17:03:06.308  4873  6050 E MtpServer: ahf_MtpServer::handleRequest
12-24 17:03:06.308  4873  6050 E MtpServer: ahf_MtpServer::doGetObjectPropList
12-24 17:03:06.317  4873  6050 E MtpServer: ahf_MtpServer::handleRequest
12-24 17:03:06.317  4873  6050 E MtpServer: ahf_MtpServer::doGetObjectInfo
12-24 17:03:06.325  4873  6050 E MtpServer: ahf_MtpServer::getEditObject
12-24 17:03:06.327  4873  6050 E MtpServer: ahf_MtpServer::handleRequest
12-24 17:03:06.327  4873  6050 E MtpServer: ahf_MtpServer::doGetObjectPropList
12-24 17:03:06.337  4873  6050 E MtpServer: ahf_MtpServer::handleRequest
12-24 17:03:06.337  4873  6050 E MtpServer: ahf_MtpServer::doGetObjectInfo
12-24 17:03:06.347  4873  6050 E MtpServer: ahf_MtpServer::getEditObject
12-24 17:03:06.348  4873  6050 E MtpServer: ahf_MtpServer::handleRequest
12-24 17:03:06.348  4873  6050 E MtpServer: ahf_MtpServer::doGetObjectPropList
12-24 17:03:06.358  4873  6050 E MtpServer: ahf_MtpServer::handleRequest
12-24 17:03:06.358  4873  6050 E MtpServer: ahf_MtpServer::doGetObjectInfo
12-24 17:03:06.368  4873  6050 E MtpServer: ahf_MtpServer::getEditObject
12-24 17:03:06.369  4873  6050 E MtpServer: ahf_MtpServer::handleRequest
12-24 17:03:06.369  4873  6050 E MtpServer: ahf_MtpServer::doGetObjectPropList
12-24 17:03:06.377  4873  6050 E MtpServer: ahf_MtpServer::handleRequest
12-24 17:03:06.377  4873  6050 E MtpServer: ahf_MtpServer::doGetObjectInfo
12-24 17:03:06.385  4873  6050 E MtpServer: ahf_MtpServer::getEditObject
12-24 17:03:06.386  4873  6050 E MtpServer: ahf_MtpServer::handleRequest
12-24 17:03:06.386  4873  6050 E MtpServer: ahf_MtpServer::doGetObjectPropList
12-24 17:03:06.394  4873  6050 E MtpServer: ahf_MtpServer::handleRequest
12-24 17:03:06.394  4873  6050 E MtpServer: ahf_MtpServer::doGetObjectInfo
12-24 17:03:06.402  4873  6050 E MtpServer: ahf_MtpServer::getEditObject
12-24 17:03:06.403  4873  6050 E MtpServer: ahf_MtpServer::handleRequest
12-24 17:03:06.403  4873  6050 E MtpServer: ahf_MtpServer::doGetObjectPropList
12-24 17:03:06.411  4873  6050 E MtpServer: ahf_MtpServer::handleRequest
12-24 17:03:06.411  4873  6050 E MtpServer: ahf_MtpServer::doGetObjectInfo
12-24 17:03:06.419  4873  6050 E MtpServer: ahf_MtpServer::getEditObject
12-24 17:03:06.420  4873  6050 E MtpServer: ahf_MtpServer::handleRequest
12-24 17:03:06.420  4873  6050 E MtpServer: ahf_MtpServer::doGetObjectPropList
12-24 17:03:06.428  4873  6050 E MtpServer: ahf_MtpServer::handleRequest
12-24 17:03:06.428  4873  6050 E MtpServer: ahf_MtpServer::doGetObjectInfo
12-24 17:03:06.436  4873  6050 E MtpServer: ahf_MtpServer::getEditObject
12-24 17:03:06.437  4873  6050 E MtpServer: ahf_MtpServer::handleRequest
12-24 17:03:06.437  4873  6050 E MtpServer: ahf_MtpServer::doGetObjectPropList
12-24 17:03:06.445  4873  6050 E MtpServer: ahf_MtpServer::handleRequest
12-24 17:03:06.445  4873  6050 E MtpServer: ahf_MtpServer::doGetObjectInfo
12-24 17:03:06.452  4873  6050 E MtpServer: ahf_MtpServer::getEditObject
12-24 17:03:06.453  4873  6050 E MtpServer: ahf_MtpServer::handleRequest
12-24 17:03:06.454  4873  6050 E MtpServer: ahf_MtpServer::doGetObjectPropList
12-24 17:03:06.462  4873  6050 E MtpServer: ahf_MtpServer::handleRequest
12-24 17:03:06.462  4873  6050 E MtpServer: ahf_MtpServer::doGetObjectInfo
12-24 17:03:06.470  4873  6050 E MtpServer: ahf_MtpServer::getEditObject
12-24 17:03:06.471  4873  6050 E MtpServer: ahf_MtpServer::handleRequest
12-24 17:03:06.471  4873  6050 E MtpServer: ahf_MtpServer::doGetObjectPropList
12-24 17:03:06.479  4873  6050 E MtpServer: ahf_MtpServer::handleRequest
12-24 17:03:06.479  4873  6050 E MtpServer: ahf_MtpServer::doGetObjectInfo
12-24 17:03:06.487  4873  6050 E MtpServer: ahf_MtpServer::getEditObject
12-24 17:03:06.487  4873  6050 E MtpServer: ahf_MtpServer::handleRequest
12-24 17:03:06.487  4873  6050 E MtpServer: ahf_MtpServer::doGetObjectPropList
12-24 17:03:06.495  4873  6050 E MtpServer: ahf_MtpServer::handleRequest
12-24 17:03:06.495  4873  6050 E MtpServer: ahf_MtpServer::doGetObjectInfo
12-24 17:03:06.503  4873  6050 E MtpServer: ahf_MtpServer::getEditObject
12-24 17:03:06.504  4873  6050 E MtpServer: ahf_MtpServer::handleRequest
12-24 17:03:06.504  4873  6050 E MtpServer: ahf_MtpServer::doGetObjectPropList
12-24 17:03:06.513  4873  6050 E MtpServer: ahf_MtpServer::handleRequest
12-24 17:03:06.513  4873  6050 E MtpServer: ahf_MtpServer::doGetObjectInfo
12-24 17:03:06.520  4873  6050 E MtpServer: ahf_MtpServer::getEditObject
12-24 17:03:06.522  4873  6050 E MtpServer: ahf_MtpServer::handleRequest
12-24 17:03:06.522  4873  6050 E MtpServer: ahf_MtpServer::doGetObjectPropList
12-24 17:03:06.530  4873  6050 E MtpServer: ahf_MtpServer::handleRequest
12-24 17:03:06.530  4873  6050 E MtpServer: ahf_MtpServer::doGetObjectInfo
12-24 17:03:06.538  4873  6050 E MtpServer: ahf_MtpServer::getEditObject
12-24 17:03:06.539  4873  6050 E MtpServer: ahf_MtpServer::handleRequest
12-24 17:03:06.539  4873  6050 E MtpServer: ahf_MtpServer::doGetObjectPropList
12-24 17:03:06.555  4873  6050 E MtpServer: ahf_MtpServer::handleRequest
12-24 17:03:06.555  4873  6050 E MtpServer: ahf_MtpServer::doGetStorageIDs
12-24 17:03:06.556  4873  6050 E MtpServer: ahf_MtpServer::handleRequest
12-24 17:03:06.556  4873  6050 E MtpServer: ahf_MtpServer::doGetStorageInfo
12-24 17:03:06.556  4873  6050 E MtpServer: ahf_MtpServer::getStorage
12-24 17:03:36.351  1546  1953 I chatty  : uid=1000(system) WifiStateMachin expire 90 lines
12-24 17:03:37.098   982   982 W daemon-handler-: type=1400 audit(0.0:12058922): avc: denied { read } for name="mem" dev="debugfs" ino=699541 scontext=u:r:untrusted_app:s0:c512,c768 tcontext=u:object_r:debugfs:s0 tclass=file permissive=0
12-24 17:03:37.098   982   982 W daemon-handler-: type=1400 audit(0.0:12058923): avc: denied { read } for name="mem" dev="debugfs" ino=699541 scontext=u:r:untrusted_app:s0:c512,c768 tcontext=u:object_r:debugfs:s0 tclass=file permissive=0
12-24 17:03:37.370  1546  1546 I chatty  : uid=1000 system_server expire 38 lines
12-24 17:03:54.428  3619  3619 W perfd   : type=1400 audit(0.0:12058924): avc: denied { kill } for capability=5 scontext=u:r:perfd:s0 tcontext=u:r:perfd:s0 tclass=capability permissive=0
12-24 17:03:54.479  1546  1953 I chatty  : uid=1000(system) WifiStateMachin expire 85 lines
12-24 17:03:55.418  1546  1546 I chatty  : uid=1000 system_server expire 34 lines
12-24 17:04:01.684   498  1661 E OMX-VENC: Calling IOCTL set control for id=99200c, val=1
12-24 17:04:01.684   498  1661 E OMX-VENC: Success IOCTL set control for id=99200c, value=0
12-24 17:04:09.622  1546  1953 I chatty  : uid=1000(system) WifiStateMachin expire 50 lines
12-24 17:04:10.683   498   498 E OMX-VENC: Calling IOCTL set control for id=99200c, val=1
12-24 17:04:10.683   498   498 E OMX-VENC: Success IOCTL set control for id=99200c, value=0
12-24 17:04:11.462  1546  1546 I chatty  : uid=1000 system_server expire 54 lines
12-24 17:04:20.598  4873  6050 E MtpServer: ahf_MtpServer::handleRequest
12-24 17:04:20.598  4873  6050 E MtpServer: ahf_MtpServer::doCloseSession
12-24 17:04:21.739  1546  1953 I chatty  : uid=1000(system) WifiStateMachin expire 90 lines
12-24 17:04:30.517  2203  2203 I chatty  : uid=1000(system) com.qiku.powerengine:remote expire 1 line
12-24 17:04:37.328   982   982 W daemon-handler-: type=1400 audit(0.0:12058925): avc: denied { read } for name="mem" dev="debugfs" ino=699541 scontext=u:r:untrusted_app:s0:c512,c768 tcontext=u:object_r:debugfs:s0 tclass=file permissive=0
12-24 17:04:37.328   982   982 W daemon-handler-: type=1400 audit(0.0:12058926): avc: denied { read } for name="mem" dev="debugfs" ino=699541 scontext=u:r:untrusted_app:s0:c512,c768 tcontext=u:object_r:debugfs:s0 tclass=file permissive=0
12-24 17:04:37.531  1546  1546 I chatty  : uid=1000 system_server expire 20 lines
12-24 17:04:39.921  1546  1953 I chatty  : uid=1000(system) WifiStateMachin expire 75 lines
12-24 17:04:46.560  1546  1546 I chatty  : uid=1000 system_server expire 73 lines
12-24 17:04:54.428  3619  3619 W perfd   : type=1400 audit(0.0:12058927): avc: denied { kill } for capability=5 scontext=u:r:perfd:s0 tcontext=u:r:perfd:s0 tclass=capability permissive=0
12-24 17:04:55.059  1546  1953 I chatty  : uid=1000(system) WifiStateMachin expire 225 lines
12-24 17:05:22.645  1546  1546 I chatty  : uid=1000 system_server expire 33 lines
12-24 17:05:37.548   982   982 W daemon-handler-: type=1400 audit(0.0:12058928): avc: denied { read } for name="mem" dev="debugfs" ino=699541 scontext=u:r:untrusted_app:s0:c512,c768 tcontext=u:object_r:debugfs:s0 tclass=file permissive=0
12-24 17:05:37.548   982   982 W daemon-handler-: type=1400 audit(0.0:12058929): avc: denied { read } for name="mem" dev="debugfs" ino=699541 scontext=u:r:untrusted_app:s0:c512,c768 tcontext=u:object_r:debugfs:s0 tclass=file permissive=0
12-24 17:05:37.688  1546  1546 I chatty  : uid=1000 system_server expire 36 lines
12-24 17:05:40.489  1546  1953 I chatty  : uid=1000(system) WifiStateMachin expire 75 lines
12-24 17:05:54.428  3619  3619 W perfd   : type=1400 audit(0.0:12058930): avc: denied { kill } for capability=5 scontext=u:r:perfd:s0 tcontext=u:r:perfd:s0 tclass=capability permissive=0
12-24 17:05:54.736  1546  1546 I chatty  : uid=1000 system_server expire 6 lines
12-24 17:05:55.637  1546  1953 I chatty  : uid=1000(system) WifiStateMachin expire 195 lines
12-24 17:05:57.742  1546  1546 I chatty  : uid=1000 system_server expire 84 lines
12-24 17:06:01.680   498  1952 E OMX-VENC: Calling IOCTL set control for id=99200c, val=1
12-24 17:06:01.680   498  1952 E OMX-VENC: Success IOCTL set control for id=99200c, value=0
12-24 17:06:34.991  1546  1953 I chatty  : uid=1000(system) WifiStateMachin expire 105 lines
12-24 17:06:37.778   982   982 W daemon-handler-: type=1400 audit(0.0:12058931): avc: denied { read } for name="mem" dev="debugfs" ino=699541 scontext=u:r:untrusted_app:s0:c512,c768 tcontext=u:object_r:debugfs:s0 tclass=file permissive=0
12-24 17:06:37.778   982   982 W daemon-handler-: type=1400 audit(0.0:12058932): avc: denied { read } for name="mem" dev="debugfs" ino=699541 scontext=u:r:untrusted_app:s0:c512,c768 tcontext=u:object_r:debugfs:s0 tclass=file permissive=0
12-24 17:06:37.847  1546  1546 I chatty  : uid=1000 system_server expire 34 lines
12-24 17:06:54.428  3619  3619 W perfd   : type=1400 audit(0.0:12058933): avc: denied { kill } for capability=5 scontext=u:r:perfd:s0 tcontext=u:r:perfd:s0 tclass=capability permissive=0
12-24 17:06:54.892  1546  1546 I chatty  : uid=1000 system_server expire 32 lines
12-24 17:06:56.197  1546  1953 I chatty  : uid=1000(system) WifiStateMachin expire 210 lines
12-24 17:07:09.935  1546  1546 I chatty  : uid=1000 system_server expire 62 lines
12-24 17:07:38.018   982   982 W daemon-handler-: type=1400 audit(0.0:12058934): avc: denied { read } for name="mem" dev="debugfs" ino=699541 scontext=u:r:untrusted_app:s0:c512,c768 tcontext=u:object_r:debugfs:s0 tclass=file permissive=0
12-24 17:07:38.018   982   982 W daemon-handler-: type=1400 audit(0.0:12058935): avc: denied { read } for name="mem" dev="debugfs" ino=699541 scontext=u:r:untrusted_app:s0:c512,c768 tcontext=u:object_r:debugfs:s0 tclass=file permissive=0
12-24 17:07:38.023  1546  1546 I chatty  : uid=1000 system_server expire 16 lines
12-24 17:07:38.586  1546  1953 I chatty  : uid=1000(system) WifiStateMachin expire 90 lines
12-24 17:07:45.046  1546  1546 I chatty  : uid=1000 system_server expire 38 lines
12-24 17:07:54.428  3619  3619 W perfd   : type=1400 audit(0.0:12058936): avc: denied { kill } for capability=5 scontext=u:r:perfd:s0 tcontext=u:r:perfd:s0 tclass=capability permissive=0
12-24 17:07:56.757  1546  1953 I chatty  : uid=1000(system) WifiStateMachin expire 131 lines
12-24 17:08:01.675   498  1661 E OMX-VENC: Calling IOCTL set control for id=99200c, val=1
12-24 17:08:01.675   498  1661 E OMX-VENC: Success IOCTL set control for id=99200c, value=0
12-24 17:08:02.096  1546  1546 I chatty  : uid=1000 system_server expire 50 lines
12-24 17:08:20.982  1546  1953 I chatty  : uid=1000(system) WifiStateMachin expire 79 lines
12-24 17:08:26.884  4873  4873 E MtpServer: ahf_MtpServer::sendDeviceProperty
12-24 17:08:26.884  4873  4873 E MtpServer: ahf_MtpServer::sendEvent
12-24 17:08:26.892  2203  2203 I chatty  : uid=1000(system) com.qiku.powerengine:remote expire 1 line
12-24 17:08:27.152  1546  1546 I chatty  : uid=1000 system_server expire 26 lines
12-24 17:08:38.238   982   982 W daemon-handler-: type=1400 audit(0.0:12058937): avc: denied { read } for name="mem" dev="debugfs" ino=699541 scontext=u:r:untrusted_app:s0:c512,c768 tcontext=u:object_r:debugfs:s0 tclass=file permissive=0
12-24 17:08:38.238   982   982 W daemon-handler-: type=1400 audit(0.0:12058938): avc: denied { read } for name="mem" dev="debugfs" ino=699541 scontext=u:r:untrusted_app:s0:c512,c768 tcontext=u:object_r:debugfs:s0 tclass=file permissive=0
12-24 17:08:39.144  1546  1953 I chatty  : uid=1000(system) WifiStateMachin expire 90 lines
12-24 17:08:39.185  1546  1546 I chatty  : uid=1000 system_server expire 32 lines
12-24 17:08:54.428  3619  3619 W perfd   : type=1400 audit(0.0:12058939): avc: denied { kill } for capability=5 scontext=u:r:perfd:s0 tcontext=u:r:perfd:s0 tclass=capability permissive=0
12-24 17:08:55.225  1546  1546 I chatty  : uid=1000 system_server expire 6 lines
12-24 17:08:57.313  1546  1953 I chatty  : uid=1000(system) WifiStateMachin expire 188 lines
12-24 17:08:58.232  1546  1546 I chatty  : uid=1000 system_server expire 86 lines
12-24 17:09:01.672   498  1952 E OMX-VENC: Calling IOCTL set control for id=99200c, val=1
12-24 17:09:01.673   498  1952 E OMX-VENC: Success IOCTL set control for id=99200c, value=0
12-24 17:09:07.081 12904 12904 D AndroidRuntime: >>>>>> START com.android.internal.os.RuntimeInit uid 10179 <<<<<<
12-24 17:09:33.636  1546  1953 I chatty  : uid=1000(system) WifiStateMachin expire 97 lines
12-24 17:09:38.478   982   982 W daemon-handler-: type=1400 audit(0.0:12058940): avc: denied { read } for name="mem" dev="debugfs" ino=699541 scontext=u:r:untrusted_app:s0:c512,c768 tcontext=u:object_r:debugfs:s0 tclass=file permissive=0
12-24 17:09:38.478   982   982 W daemon-handler-: type=1400 audit(0.0:12058941): avc: denied { read } for name="mem" dev="debugfs" ino=699541 scontext=u:r:untrusted_app:s0:c512,c768 tcontext=u:object_r:debugfs:s0 tclass=file permissive=0
12-24 17:09:39.344  1546  1546 I chatty  : uid=1000 system_server expire 32 lines
12-24 17:09:54.428  3619  3619 W perfd   : type=1400 audit(0.0:12058942): avc: denied { kill } for capability=5 scontext=u:r:perfd:s0 tcontext=u:r:perfd:s0 tclass=capability permissive=0
12-24 17:09:54.820  1546  1953 I chatty  : uid=1000(system) WifiStateMachin expire 60 lines
12-24 17:09:55.381  1546  1546 I chatty  : uid=1000 system_server expire 28 lines
12-24 17:10:06.668   498  1952 E OMX-VENC: Calling IOCTL set control for id=99200c, val=1
12-24 17:10:06.668   498  1952 E OMX-VENC: Success IOCTL set control for id=99200c, value=0
12-24 17:10:06.936  1546  1953 I chatty  : uid=1000(system) WifiStateMachin expire 22 lines
12-24 17:10:07.419  1546  1546 I chatty  : uid=1000 system_server expire 64 lines
12-24 17:10:09.965  1546  1953 I chatty  : uid=1000(system) WifiStateMachin expire 143 lines
12-24 17:10:38.698   982   982 W daemon-handler-: type=1400 audit(0.0:12058943): avc: denied { read } for name="mem" dev="debugfs" ino=699541 scontext=u:r:untrusted_app:s0:c512,c768 tcontext=u:object_r:debugfs:s0 tclass=file permissive=0
12-24 17:10:38.698   982   982 W daemon-handler-: type=1400 audit(0.0:12058944): avc: denied { read } for name="mem" dev="debugfs" ino=699541 scontext=u:r:untrusted_app:s0:c512,c768 tcontext=u:object_r:debugfs:s0 tclass=file permissive=0
12-24 17:10:39.496  1546  1546 I chatty  : uid=1000 system_server expire 16 lines
12-24 17:10:40.264  1546  1953 I chatty  : uid=1000(system) WifiStateMachin expire 75 lines
12-24 17:10:46.519  1546  1546 I chatty  : uid=1000 system_server expire 74 lines
12-24 17:10:54.428  3619  3619 W perfd   : type=1400 audit(0.0:12058945): avc: denied { kill } for capability=5 scontext=u:r:perfd:s0 tcontext=u:r:perfd:s0 tclass=capability permissive=0
12-24 17:10:55.380  1546  1953 I chatty  : uid=1000(system) WifiStateMachin expire 225 lines
12-24 17:11:22.607  1546  1546 I chatty  : uid=1000 system_server expire 36 lines
12-24 17:11:38.928   982   982 W daemon-handler-: type=1400 audit(0.0:12058946): avc: denied { read } for name="mem" dev="debugfs" ino=699541 scontext=u:r:untrusted_app:s0:c512,c768 tcontext=u:object_r:debugfs:s0 tclass=file permissive=0
12-24 17:11:38.928   982   982 W daemon-handler-: type=1400 audit(0.0:12058947): avc: denied { read } for name="mem" dev="debugfs" ino=699541 scontext=u:r:untrusted_app:s0:c512,c768 tcontext=u:object_r:debugfs:s0 tclass=file permissive=0
12-24 17:11:39.657  1546  1546 I chatty  : uid=1000 system_server expire 30 lines
12-24 17:11:40.759  1546  1953 I chatty  : uid=1000(system) WifiStateMachin expire 75 lines
12-24 17:11:54.438  3619  3619 W perfd   : type=1400 audit(0.0:12058948): avc: denied { kill } for capability=5 scontext=u:r:perfd:s0 tcontext=u:r:perfd:s0 tclass=capability permissive=0
12-24 17:11:54.695  1546  1546 I chatty  : uid=1000 system_server expire 10 lines
12-24 17:11:55.895  1546  1953 I chatty  : uid=1000(system) WifiStateMachin expire 202 lines
12-24 17:11:59.709  1546  1546 I chatty  : uid=1000 system_server expire 74 lines
12-24 17:12:21.804  2203  2203 I chatty  : uid=1000(system) com.qiku.powerengine:remote expire 1 line
12-24 17:12:25.496  1546  1588 I chatty  : uid=1000(system) android.bg expire 1 line
12-24 17:12:35.271  1546  1953 I chatty  : uid=1000(system) WifiStateMachin expire 98 lines
12-24 17:12:35.800  1546  1546 I chatty  : uid=1000 system_server expire 40 lines
12-24 17:12:39.138   982   982 W daemon-handler-: type=1400 audit(0.0:12058949): avc: denied { read } for name="mem" dev="debugfs" ino=699541 scontext=u:r:untrusted_app:s0:c512,c768 tcontext=u:object_r:debugfs:s0 tclass=file permissive=0
12-24 17:12:39.138   982   982 W daemon-handler-: type=1400 audit(0.0:12058950): avc: denied { read } for name="mem" dev="debugfs" ino=699541 scontext=u:r:untrusted_app:s0:c512,c768 tcontext=u:object_r:debugfs:s0 tclass=file permissive=0
12-24 17:12:54.438  3619  3619 W perfd   : type=1400 audit(0.0:12058951): avc: denied { kill } for capability=5 scontext=u:r:perfd:s0 tcontext=u:r:perfd:s0 tclass=capability permissive=0
12-24 17:12:54.854  1546  1546 I chatty  : uid=1000 system_server expire 36 lines
12-24 17:12:56.463  1546  1953 I chatty  : uid=1000(system) WifiStateMachin expire 75 lines
12-24 17:13:11.495   498  1474 E audio_route: audio_route_apply_and_update_path
12-24 17:13:11.495   498  1474 E audio_route: audio_route_apply_path
12-24 17:13:11.500   498  1474 E audio_route: audio_route_apply_and_update_path
12-24 17:13:11.500   498  1474 E audio_route: audio_route_apply_path
12-24 17:13:11.513 32745 32755 I chatty  : uid=1000(system) Binder_1 expire 4 lines
12-24 17:13:11.601  1546  1953 I chatty  : uid=1000(system) WifiStateMachin expire 105 lines
12-24 17:13:11.652 10052 10052 E awcn.SessionCenter: |[seq:umeng:56a97fde67e58e33ac0008c0] setDataReceiveCb AccsFrameCb:com.taobao.accs.net.j@950f1fd
12-24 17:13:11.662 10052 12987 E awcn.AccsSession: |[seq:umeng:56a97fde67e58e33ac0008c0.AWCN1_1] setFrameCb AccsFrameCb:com.taobao.accs.net.j@950f1fd
12-24 17:13:11.664 10052 12987 E awcn.TnetSpdySession: |[seq:umeng:56a97fde67e58e33ac0008c0.AWCN1_1] [connect] host:https://umengacs.m.taobao.com connect :106.11.61.106:443 sessionId:1514106791663 SpdyProtocol,:http2_0rtt_acs proxyIp,: proxyPort,:0
12-24 17:13:11.666 10052 12987 E awcn.Session: |[seq:umeng:56a97fde67e58e33ac0008c0.AWCN1_1] notifyStatus status:CONNECTING
12-24 17:13:11.670  2572 12979 I chatty  : uid=1000(system) com.qiku.logsystem expire 26 lines
12-24 17:13:11.713 10052 10103 E awcn.Session: |[seq:umeng:56a97fde67e58e33ac0008c0.AWCN1_1] notifyStatus status:CONNECTED
12-24 17:13:11.720 10052 10103 E awcn.AccsSession: |[seq:umeng:56a97fde67e58e33ac0008c0.AWCN1_1] auth auth url:https://106.11.61.106:443/accs/auth?1=WDaYE7J6OVgDAIhwNi1ZIo2Z&2=4a138ecd4bd7d54543f97ff0629d7c1350ae8c004f568c52e50a5536ebe09a4e&3=umeng:56a97fde67e58e33ac0008c0&5=1&6=wifi&7=null&8=1.1.2&9=1514106791718&10=1&11=23&12=com.tianyancha.skyeye&13=6.5.1&14=null&15=1505-A02&16=360&17=220&19=0
12-24 17:13:11.722 10052 10103 E awcn.TnetSpdySession: |[seq:umeng:56a97fde67e58e33ac0008c0.AWCN1_1] spdySessionConnectCB connect connectTime:45 sslTime::2
12-24 17:13:11.728 12297 12297 I chatty  : uid=1000(system) Binder_5 expire 2 lines
12-24 17:13:11.728   538   538 I chatty  : uid=1000(system) Binder_1 expire 2 lines
12-24 17:13:11.738  2205  2205 I chatty  : uid=1000(system) Binder_5 expire 2 lines
12-24 17:13:11.769 10052 10103 E awcn.AccsSession: |[seq:umeng:56a97fde67e58e33ac0008c0.AWCN1_1] AUTH httpStatusCode: 200
12-24 17:13:11.769 10052 10103 E awcn.Session: |[seq:umeng:56a97fde67e58e33ac0008c0.AWCN1_1] notifyStatus status:AUTH_SUCC
12-24 17:13:11.772 10052 10119 E awcn.AccsSession: |[seq:umeng:56a97fde67e58e33ac0008c0.AWCN1_1] setFrameCb AccsFrameCb:com.taobao.accs.net.j@950f1fd
12-24 17:13:11.772 10052 12987 E awcn.SessionCenter: |[seq:umeng:56a97fde67e58e33ac0008c0] setDataReceiveCb AccsFrameCb:com.taobao.accs.net.j@950f1fd
12-24 17:13:11.772 10052 12987 E awcn.AccsSession: |[seq:umeng:56a97fde67e58e33ac0008c0.AWCN1_1] setFrameCb AccsFrameCb:com.taobao.accs.net.j@950f1fd
12-24 17:13:11.775 10052 12987 E awcn.AccsSession: |[seq:umeng:56a97fde67e58e33ac0008c0.AWCN1_1] sendCustomFrame dataId:3 type:200
12-24 17:13:11.806 10052 10103 E awcn.AccsSession: |[seq:umeng:56a97fde67e58e33ac0008c0.AWCN1_1] [spdyCustomControlFrameRecvCallback] len:123 frameCb:com.taobao.accs.net.j@950f1fd
12-24 17:13:11.807 10052 10103 E awcn.AccsSession: |[seq:umeng:56a97fde67e58e33ac0008c0.AWCN1_1] str:20 0 0 77 0 75 60 0 38 57 44 61 59 45 37 4a 36 4f 56 67 44 41 49 68 77 4e 69 31 5a 49 6f 32 5a 7c 63 6f 6d 2e 74 69 61 6e 79 61 6e 63 68 61 2e 73 6b 79 65 79 65 7c 61 67 6f 6f 53 65 6e 64 7c 5 33 7c 64 6d 7c 1 33 0 6 24 4 75 6e 73 7a 7b 22 64 61 74 61 22 3a 22 22 2c 22 63 6f 64 65 22 3a 32 30 30 2c 22 6d 65 73 73 61 67 65 22 3a 22 73 75 63 63 65 73 73 22 7d 
12-24 17:13:11.808 10052 10103 E accs.InAppConnumeng:56a97fde67e58e33ac0008c0:  onDataReceive, end:
12-24 17:13:11.865 10052 10052 E accs.AgooService:  into--[onBind]:serviceId:agooSend,errorCode=200
12-24 17:13:11.880 32745 32755 I chatty  : uid=1000(system) Binder_1 expire 1 line
12-24 17:13:11.900  1546  1546 I chatty  : uid=1000 system_server expire 48 lines
12-24 17:13:12.138  3008  3008 I chatty  : uid=1000(system) Binder_C expire 2 lines
12-24 17:13:12.152  1546  1546 E NotificationService: Suppressing notification from package com.koushikdutta.vysor by user request.
12-24 17:13:12.878  3017  3017 I chatty  : uid=1000(system) Binder_D expire 2 lines
12-24 17:13:13.203 10052 10052 E libEGL  : call to OpenGL ES API with no current context (logged once per thread)
12-24 17:13:13.438  3020  3020 I chatty  : uid=1000(system) Binder_F expire 2 lines
12-24 17:13:14.723   498  1474 E audio_route: audio_route_reset_and_update_path
12-24 17:13:14.723   498  1474 E audio_route: audio_route_reset_path
12-24 17:13:14.724   498  1474 E audio_route: audio_route_reset_and_update_path
12-24 17:13:14.724   498  1474 E audio_route: audio_route_reset_path
12-24 17:13:32.141 13140 13140 D AndroidRuntime: >>>>>> START com.android.internal.os.RuntimeInit uid 2000 <<<<<<
12-24 17:13:32.761  1546  1953 I chatty  : uid=1000(system) WifiStateMachin expire 47 lines
12-24 17:13:32.945  1546  1546 I chatty  : uid=1000 system_server expire 26 lines
12-24 17:13:33.645 13149 13149 I dex2oat : Adjusted thread count (for runtime dex2oat): 4, 4
12-24 17:13:39.338   982   982 W daemon-handler-: type=1400 audit(0.0:12058966): avc: denied { read } for name="mem" dev="debugfs" ino=699541 scontext=u:r:untrusted_app:s0:c512,c768 tcontext=u:object_r:debugfs:s0 tclass=file permissive=0
12-24 17:13:39.338   982   982 W daemon-handler-: type=1400 audit(0.0:12058967): avc: denied { read } for name="mem" dev="debugfs" ino=699541 scontext=u:r:untrusted_app:s0:c512,c768 tcontext=u:object_r:debugfs:s0 tclass=file permissive=0
12-24 17:13:41.830  1546  1953 I chatty  : uid=1000(system) WifiStateMachin expire 148 lines
12-24 17:13:44.402 32745 32756 I chatty  : uid=1000(system) Binder_2 expire 4 lines
12-24 17:13:44.409  2572  6933 I chatty  : uid=1000(system) ThreadPoolServi expire 7 lines
12-24 17:13:44.438  3020  3020 I chatty  : uid=1000(system) Binder_F expire 2 lines
12-24 17:13:44.448  2374  2374 I chatty  : uid=1000(system) Binder_6 expire 2 lines
12-24 17:13:44.456  1546  1546 E NotificationService: Suppressing notification from package com.koushikdutta.vysor by user request.
