12-24 17:24:50.492  1546  1546 E WifiTrafficPoller:  packet count Tx=341248 Rx=1271928
12-24 17:24:50.492  1546  1546 E WifiTrafficPoller: notifying of data activity 1
12-24 17:24:50.548  3284  3284 W Binder_10: type=1400 audit(0.0:12060984): avc: denied { ioctl } for path="socket:[1376227]" dev="sockfs" ino=1376227 ioctlcmd=7704 scontext=u:r:system_server:s0 tcontext=u:r:system_server:s0 tclass=unix_stream_socket permissive=0
12-24 17:24:50.548  3284  3284 W Binder_10: type=1400 audit(0.0:12060985): avc: denied { ioctl } for path="socket:[1376227]" dev="sockfs" ino=1376227 ioctlcmd=7704 scontext=u:r:system_server:s0 tcontext=u:r:system_server:s0 tclass=unix_stream_socket permissive=0
12-24 17:24:50.678  2205  2205 W Binder_5: type=1400 audit(0.0:12060986): avc: denied { ioctl } for path="socket:[1376227]" dev="sockfs" ino=1376227 ioctlcmd=7704 scontext=u:r:system_server:s0 tcontext=u:r:system_server:s0 tclass=unix_stream_socket permissive=0
12-24 17:24:50.678  2205  2205 W Binder_5: type=1400 audit(0.0:12060987): avc: denied { ioctl } for path="socket:[1376227]" dev="sockfs" ino=1376227 ioctlcmd=7704 scontext=u:r:system_server:s0 tcontext=u:r:system_server:s0 tclass=unix_stream_socket permissive=0
12-24 17:24:50.688  1570  1570 W Binder_2: type=1400 audit(0.0:12060988): avc: denied { ioctl } for path="socket:[1376227]" dev="sockfs" ino=1376227 ioctlcmd=7704 scontext=u:r:system_server:s0 tcontext=u:r:system_server:s0 tclass=unix_stream_socket permissive=0
12-24 17:24:50.688  1570  1570 W Binder_2: type=1400 audit(0.0:12060989): avc: denied { ioctl } for path="socket:[1376227]" dev="sockfs" ino=1376227 ioctlcmd=7704 scontext=u:r:system_server:s0 tcontext=u:r:system_server:s0 tclass=unix_stream_socket permissive=0
12-24 17:24:51.048  1864  1864 W Binder_3: type=1400 audit(0.0:12060990): avc: denied { ioctl } for path="socket:[1376227]" dev="sockfs" ino=1376227 ioctlcmd=7704 scontext=u:r:system_server:s0 tcontext=u:r:system_server:s0 tclass=unix_stream_socket permissive=0
12-24 17:24:51.048  1864  1864 W Binder_3: type=1400 audit(0.0:12060991): avc: denied { ioctl } for path="socket:[1376227]" dev="sockfs" ino=1376227 ioctlcmd=7704 scontext=u:r:system_server:s0 tcontext=u:r:system_server:s0 tclass=unix_stream_socket permissive=0
12-24 17:24:51.078  2564  2564 W Binder_8: type=1400 audit(0.0:12060992): avc: denied { ioctl } for path="socket:[1376227]" dev="sockfs" ino=1376227 ioctlcmd=7704 scontext=u:r:system_server:s0 tcontext=u:r:system_server:s0 tclass=unix_stream_socket permissive=0
12-24 17:24:51.078  2564  2564 W Binder_8: type=1400 audit(0.0:12060993): avc: denied { ioctl } for path="socket:[1376227]" dev="sockfs" ino=1376227 ioctlcmd=7704 scontext=u:r:system_server:s0 tcontext=u:r:system_server:s0 tclass=unix_stream_socket permissive=0
12-24 17:24:51.218  3020  3020 W Binder_F: type=1400 audit(0.0:12060994): avc: denied { ioctl } for path="socket:[1376227]" dev="sockfs" ino=1376227 ioctlcmd=7704 scontext=u:r:system_server:s0 tcontext=u:r:system_server:s0 tclass=unix_stream_socket permissive=0
12-24 17:24:51.218  3020  3020 W Binder_F: type=1400 audit(0.0:12060995): avc: denied { ioctl } for path="socket:[1376227]" dev="sockfs" ino=1376227 ioctlcmd=7704 scontext=u:r:system_server:s0 tcontext=u:r:system_server:s0 tclass=unix_stream_socket permissive=0
12-24 17:24:51.268  3284  3284 W Binder_10: type=1400 audit(0.0:12060996): avc: denied { ioctl } for path="socket:[1376227]" dev="sockfs" ino=1376227 ioctlcmd=7704 scontext=u:r:system_server:s0 tcontext=u:r:system_server:s0 tclass=unix_stream_socket permissive=0
12-24 17:24:51.268  3284  3284 W Binder_10: type=1400 audit(0.0:12060997): avc: denied { ioctl } for path="socket:[1376227]" dev="sockfs" ino=1376227 ioctlcmd=7704 scontext=u:r:system_server:s0 tcontext=u:r:system_server:s0 tclass=unix_stream_socket permissive=0
12-24 17:24:51.388  2204  2204 W Binder_4: type=1400 audit(0.0:12060998): avc: denied { ioctl } for path="socket:[1376227]" dev="sockfs" ino=1376227 ioctlcmd=7704 scontext=u:r:system_server:s0 tcontext=u:r:system_server:s0 tclass=unix_stream_socket permissive=0
12-24 17:24:51.388  2204  2204 W Binder_4: type=1400 audit(0.0:12060999): avc: denied { ioctl } for path="socket:[1376227]" dev="sockfs" ino=1376227 ioctlcmd=7704 scontext=u:r:system_server:s0 tcontext=u:r:system_server:s0 tclass=unix_stream_socket permissive=0
12-24 17:24:51.493  1546  1546 E WifiTrafficPoller: TRAFFIC_STATS_POLL true Token 151 num clients 31
12-24 17:24:51.494  1546  1546 E WifiTrafficPoller:  packet count Tx=341248 Rx=1271946
12-24 17:24:51.758  2204  2204 W Binder_4: type=1400 audit(0.0:12061000): avc: denied { ioctl } for path="socket:[1376227]" dev="sockfs" ino=1376227 ioctlcmd=7704 scontext=u:r:system_server:s0 tcontext=u:r:system_server:s0 tclass=unix_stream_socket permissive=0
12-24 17:24:51.758  2204  2204 W Binder_4: type=1400 audit(0.0:12061001): avc: denied { ioctl } for path="socket:[1376227]" dev="sockfs" ino=1376227 ioctlcmd=7704 scontext=u:r:system_server:s0 tcontext=u:r:system_server:s0 tclass=unix_stream_socket permissive=0
12-24 17:24:52.108  3284  3284 W Binder_10: type=1400 audit(0.0:12061002): avc: denied { ioctl } for path="socket:[1376227]" dev="sockfs" ino=1376227 ioctlcmd=7704 scontext=u:r:system_server:s0 tcontext=u:r:system_server:s0 tclass=unix_stream_socket permissive=0
12-24 17:24:52.108  3284  3284 W Binder_10: type=1400 audit(0.0:12061003): avc: denied { ioctl } for path="socket:[1376227]" dev="sockfs" ino=1376227 ioctlcmd=7704 scontext=u:r:system_server:s0 tcontext=u:r:system_server:s0 tclass=unix_stream_socket permissive=0
12-24 17:24:52.118  2374  2374 W Binder_6: type=1400 audit(0.0:12061004): avc: denied { ioctl } for path="socket:[1376227]" dev="sockfs" ino=1376227 ioctlcmd=7704 scontext=u:r:system_server:s0 tcontext=u:r:system_server:s0 tclass=unix_stream_socket permissive=0
12-24 17:24:52.118  2374  2374 W Binder_6: type=1400 audit(0.0:12061005): avc: denied { ioctl } for path="socket:[1376227]" dev="sockfs" ino=1376227 ioctlcmd=7704 scontext=u:r:system_server:s0 tcontext=u:r:system_server:s0 tclass=unix_stream_socket permissive=0
12-24 17:24:52.188  3020  3020 W Binder_F: type=1400 audit(0.0:12061006): avc: denied { ioctl } for path="socket:[1376227]" dev="sockfs" ino=1376227 ioctlcmd=7704 scontext=u:r:system_server:s0 tcontext=u:r:system_server:s0 tclass=unix_stream_socket permissive=0
12-24 17:24:52.188  3020  3020 W Binder_F: type=1400 audit(0.0:12061007): avc: denied { ioctl } for path="socket:[1376227]" dev="sockfs" ino=1376227 ioctlcmd=7704 scontext=u:r:system_server:s0 tcontext=u:r:system_server:s0 tclass=unix_stream_socket permissive=0
12-24 17:24:52.298  3004  3004 W Binder_B: type=1400 audit(0.0:12061008): avc: denied { ioctl } for path="socket:[1376227]" dev="sockfs" ino=1376227 ioctlcmd=7704 scontext=u:r:system_server:s0 tcontext=u:r:system_server:s0 tclass=unix_stream_socket permissive=0
12-24 17:24:52.298  3004  3004 W Binder_B: type=1400 audit(0.0:12061009): avc: denied { ioctl } for path="socket:[1376227]" dev="sockfs" ino=1376227 ioctlcmd=7704 scontext=u:r:system_server:s0 tcontext=u:r:system_server:s0 tclass=unix_stream_socket permissive=0
12-24 17:24:52.318  3284  3284 W Binder_10: type=1400 audit(0.0:12061010): avc: denied { ioctl } for path="socket:[1376227]" dev="sockfs" ino=1376227 ioctlcmd=7704 scontext=u:r:system_server:s0 tcontext=u:r:system_server:s0 tclass=unix_stream_socket permissive=0
12-24 17:24:52.318  3284  3284 W Binder_10: type=1400 audit(0.0:12061011): avc: denied { ioctl } for path="socket:[1376227]" dev="sockfs" ino=1376227 ioctlcmd=7704 scontext=u:r:system_server:s0 tcontext=u:r:system_server:s0 tclass=unix_stream_socket permissive=0
12-24 17:24:52.418  2987  2987 W Binder_A: type=1400 audit(0.0:12061012): avc: denied { ioctl } for path="socket:[1376227]" dev="sockfs" ino=1376227 ioctlcmd=7704 scontext=u:r:system_server:s0 tcontext=u:r:system_server:s0 tclass=unix_stream_socket permissive=0
12-24 17:24:52.418  2987  2987 W Binder_A: type=1400 audit(0.0:12061013): avc: denied { ioctl } for path="socket:[1376227]" dev="sockfs" ino=1376227 ioctlcmd=7704 scontext=u:r:system_server:s0 tcontext=u:r:system_server:s0 tclass=unix_stream_socket permissive=0
12-24 17:24:52.428  1569  1569 W Binder_1: type=1400 audit(0.0:12061014): avc: denied { ioctl } for path="socket:[1463058]" dev="sockfs" ino=1463058 ioctlcmd=7704 scontext=u:r:system_server:s0 tcontext=u:r:system_server:s0 tclass=unix_stream_socket permissive=0
12-24 17:24:52.428  1569  1569 W Binder_1: type=1400 audit(0.0:12061015): avc: denied { ioctl } for path="socket:[1463058]" dev="sockfs" ino=1463058 ioctlcmd=7704 scontext=u:r:system_server:s0 tcontext=u:r:system_server:s0 tclass=unix_stream_socket permissive=0
12-24 17:24:52.495  1546  1546 E WifiTrafficPoller: TRAFFIC_STATS_POLL true Token 151 num clients 31
12-24 17:24:52.495  1546  1546 E WifiTrafficPoller:  packet count Tx=341250 Rx=1271962
12-24 17:24:52.495  1546  1546 E WifiTrafficPoller: notifying of data activity 3
12-24 17:24:52.986  1546  1953 E WifiConfigStore: updateConfiguration freq=5785 BSSID=ac:74:09:42:6b:20 RSSI=-41 "JD-office"-WPA_PSK
12-24 17:24:52.986  1546  1953 E getVisibilityByRssi:  considering JD-office ac:74:09:42:7d:50 elapsed=258245856 timestamp=258214131596 age = 12000
12-24 17:24:52.986  1546  1953 E getVisibilityByRssi:  considering JD-office ac:74:09:42:77:b0 elapsed=258245856 timestamp=258214131571 age = 12000
12-24 17:24:52.986  1546  1953 E getVisibilityByRssi:  considering JD-office ac:74:09:42:6b:20 elapsed=258245856 timestamp=258214131414 age = 12000
12-24 17:24:52.986  1546  1953 E getVisibilityByRssi:  considering JD-office ac:74:09:42:4a:f0 elapsed=258245856 timestamp=258214131510 age = 12000
12-24 17:24:52.986  1546  1953 E getVisibilityByRssi:  considering JD-office ac:74:09:42:6d:30 elapsed=258245856 timestamp=258214131315 age = 12000
12-24 17:24:52.986  1546  1953 E getVisibilityByRssi:  considering JD-office ac:74:09:42:59:d0 elapsed=258245856 timestamp=258214131488 age = 12000
12-24 17:24:52.986  1546  1953 E getVisibilityByRssi:  considering JD-office ac:74:09:42:6b:30 elapsed=258245856 timestamp=258214131365 age = 12000
12-24 17:24:52.986  1546  1953 E getVisibilityByRssi:  considering JD-office ac:74:09:42:77:a0 elapsed=258245856 timestamp=258214131651 age = 12000
12-24 17:24:52.986  1546  1953 E getVisibilityByRssi:  considering JD-office ac:74:09:42:6d:20 elapsed=258245856 timestamp=258214131426 age = 12000
12-24 17:24:52.986  1546  1953 E getVisibilityByRssi:  considering JD-office ac:74:09:42:8c:80 elapsed=258245856 timestamp=258214131819 age = 12000
12-24 17:24:52.986  1546  1953 E getVisibilityByRssi:  considering JD-office ac:74:09:42:59:c0 elapsed=258245856 timestamp=258214131545 age = 12000
12-24 17:24:52.986  1546  1953 E getVisibilityByRssi:  considering JD-office ac:74:09:42:4a:e0 elapsed=258245856 timestamp=258214131620 age = 12000
12-24 17:24:52.986  1546  1953 E getVisibilityByRssi:  considering JD-office ac:74:09:42:7d:40 elapsed=258245856 timestamp=258214131754 age = 12000
12-24 17:24:53.498  1546  1546 E WifiTrafficPoller: TRAFFIC_STATS_POLL true Token 151 num clients 31
12-24 17:24:53.498  1546  1546 E WifiTrafficPoller:  packet count Tx=341250 Rx=1271978
12-24 17:24:53.498  1546  1546 E WifiTrafficPoller: notifying of data activity 1
12-24 17:24:53.708  3284  3284 W Binder_10: type=1400 audit(0.0:12061016): avc: denied { ioctl } for path="socket:[1376227]" dev="sockfs" ino=1376227 ioctlcmd=7704 scontext=u:r:system_server:s0 tcontext=u:r:system_server:s0 tclass=unix_stream_socket permissive=0
12-24 17:24:53.708  3284  3284 W Binder_10: type=1400 audit(0.0:12061017): avc: denied { ioctl } for path="socket:[1376227]" dev="sockfs" ino=1376227 ioctlcmd=7704 scontext=u:r:system_server:s0 tcontext=u:r:system_server:s0 tclass=unix_stream_socket permissive=0
12-24 17:24:53.978  2513  2513 W Binder_7: type=1400 audit(0.0:12061018): avc: denied { ioctl } for path="socket:[1376227]" dev="sockfs" ino=1376227 ioctlcmd=7704 scontext=u:r:system_server:s0 tcontext=u:r:system_server:s0 tclass=unix_stream_socket permissive=0
12-24 17:24:53.978  2513  2513 W Binder_7: type=1400 audit(0.0:12061019): avc: denied { ioctl } for path="socket:[1376227]" dev="sockfs" ino=1376227 ioctlcmd=7704 scontext=u:r:system_server:s0 tcontext=u:r:system_server:s0 tclass=unix_stream_socket permissive=0
12-24 17:24:54.428  2204  2204 W Binder_4: type=1400 audit(0.0:12061020): avc: denied { ioctl } for path="socket:[1376227]" dev="sockfs" ino=1376227 ioctlcmd=7704 scontext=u:r:system_server:s0 tcontext=u:r:system_server:s0 tclass=unix_stream_socket permissive=0
12-24 17:24:54.428  2204  2204 W Binder_4: type=1400 audit(0.0:12061021): avc: denied { ioctl } for path="socket:[1376227]" dev="sockfs" ino=1376227 ioctlcmd=7704 scontext=u:r:system_server:s0 tcontext=u:r:system_server:s0 tclass=unix_stream_socket permissive=0
12-24 17:24:54.501  1546  1546 E WifiTrafficPoller: TRAFFIC_STATS_POLL true Token 151 num clients 31
12-24 17:24:54.502  1546  1546 E WifiTrafficPoller:  packet count Tx=341250 Rx=1272002
12-24 17:24:54.528  2986  2986 W Binder_9: type=1400 audit(0.0:12061022): avc: denied { ioctl } for path="socket:[1376227]" dev="sockfs" ino=1376227 ioctlcmd=7704 scontext=u:r:system_server:s0 tcontext=u:r:system_server:s0 tclass=unix_stream_socket permissive=0
12-24 17:24:54.528  2986  2986 W Binder_9: type=1400 audit(0.0:12061023): avc: denied { ioctl } for path="socket:[1376227]" dev="sockfs" ino=1376227 ioctlcmd=7704 scontext=u:r:system_server:s0 tcontext=u:r:system_server:s0 tclass=unix_stream_socket permissive=0
12-24 17:24:54.578  2374  2374 W Binder_6: type=1400 audit(0.0:12061024): avc: denied { ioctl } for path="socket:[1376227]" dev="sockfs" ino=1376227 ioctlcmd=7704 scontext=u:r:system_server:s0 tcontext=u:r:system_server:s0 tclass=unix_stream_socket permissive=0
12-24 17:24:54.578  2374  2374 W Binder_6: type=1400 audit(0.0:12061025): avc: denied { ioctl } for path="socket:[1376227]" dev="sockfs" ino=1376227 ioctlcmd=7704 scontext=u:r:system_server:s0 tcontext=u:r:system_server:s0 tclass=unix_stream_socket permissive=0
12-24 17:24:55.148  2513  2513 W Binder_7: type=1400 audit(0.0:12061026): avc: denied { ioctl } for path="socket:[1466637]" dev="sockfs" ino=1466637 ioctlcmd=7704 scontext=u:r:system_server:s0 tcontext=u:r:system_server:s0 tclass=unix_stream_socket permissive=0
12-24 17:24:55.148  2513  2513 W Binder_7: type=1400 audit(0.0:12061027): avc: denied { ioctl } for path="socket:[1466637]" dev="sockfs" ino=1466637 ioctlcmd=7704 scontext=u:r:system_server:s0 tcontext=u:r:system_server:s0 tclass=unix_stream_socket permissive=0
12-24 17:24:55.258  1864  1864 W Binder_3: type=1400 audit(0.0:12061028): avc: denied { ioctl } for path="socket:[1376227]" dev="sockfs" ino=1376227 ioctlcmd=7704 scontext=u:r:system_server:s0 tcontext=u:r:system_server:s0 tclass=unix_stream_socket permissive=0
12-24 17:24:55.258  1864  1864 W Binder_3: type=1400 audit(0.0:12061029): avc: denied { ioctl } for path="socket:[1376227]" dev="sockfs" ino=1376227 ioctlcmd=7704 scontext=u:r:system_server:s0 tcontext=u:r:system_server:s0 tclass=unix_stream_socket permissive=0
12-24 17:24:55.328  3017  3017 W Binder_D: type=1400 audit(0.0:12061030): avc: denied { ioctl } for path="socket:[1376227]" dev="sockfs" ino=1376227 ioctlcmd=7704 scontext=u:r:system_server:s0 tcontext=u:r:system_server:s0 tclass=unix_stream_socket permissive=0
12-24 17:24:55.328  3017  3017 W Binder_D: type=1400 audit(0.0:12061031): avc: denied { ioctl } for path="socket:[1376227]" dev="sockfs" ino=1376227 ioctlcmd=7704 scontext=u:r:system_server:s0 tcontext=u:r:system_server:s0 tclass=unix_stream_socket permissive=0
12-24 17:24:55.448  3020  3020 W Binder_F: type=1400 audit(0.0:12061032): avc: denied { ioctl } for path="socket:[1376227]" dev="sockfs" ino=1376227 ioctlcmd=7704 scontext=u:r:system_server:s0 tcontext=u:r:system_server:s0 tclass=unix_stream_socket permissive=0
12-24 17:24:55.448  3020  3020 W Binder_F: type=1400 audit(0.0:12061033): avc: denied { ioctl } for path="socket:[1376227]" dev="sockfs" ino=1376227 ioctlcmd=7704 scontext=u:r:system_server:s0 tcontext=u:r:system_server:s0 tclass=unix_stream_socket permissive=0
12-24 17:24:55.502  1546  1546 E WifiTrafficPoller: TRAFFIC_STATS_POLL true Token 151 num clients 31
12-24 17:24:55.502  1546  1546 E WifiTrafficPoller:  packet count Tx=341250 Rx=1272031
12-24 17:24:55.748  3284  3284 W Binder_10: type=1400 audit(0.0:12061034): avc: denied { ioctl } for path="socket:[1376227]" dev="sockfs" ino=1376227 ioctlcmd=7704 scontext=u:r:system_server:s0 tcontext=u:r:system_server:s0 tclass=unix_stream_socket permissive=0
12-24 17:24:55.748  3284  3284 W Binder_10: type=1400 audit(0.0:12061035): avc: denied { ioctl } for path="socket:[1376227]" dev="sockfs" ino=1376227 ioctlcmd=7704 scontext=u:r:system_server:s0 tcontext=u:r:system_server:s0 tclass=unix_stream_socket permissive=0
12-24 17:24:56.007  1546  1953 E WifiConfigStore: updateConfiguration freq=5785 BSSID=ac:74:09:42:6b:20 RSSI=-40 "JD-office"-WPA_PSK
12-24 17:24:56.007  1546  1953 E getVisibilityByRssi:  considering JD-office ac:74:09:42:7d:50 elapsed=258248878 timestamp=258214131596 age = 12000
12-24 17:24:56.007  1546  1953 E getVisibilityByRssi:  considering JD-office ac:74:09:42:77:b0 elapsed=258248878 timestamp=258214131571 age = 12000
12-24 17:24:56.007  1546  1953 E getVisibilityByRssi:  considering JD-office ac:74:09:42:6b:20 elapsed=258248878 timestamp=258214131414 age = 12000
12-24 17:24:56.008  1546  1953 E getVisibilityByRssi:  considering JD-office ac:74:09:42:4a:f0 elapsed=258248878 timestamp=258214131510 age = 12000
12-24 17:24:56.008  1546  1953 E getVisibilityByRssi:  considering JD-office ac:74:09:42:6d:30 elapsed=258248878 timestamp=258214131315 age = 12000
12-24 17:24:56.008  1546  1953 E getVisibilityByRssi:  considering JD-office ac:74:09:42:59:d0 elapsed=258248878 timestamp=258214131488 age = 12000
12-24 17:24:56.008  1546  1953 E getVisibilityByRssi:  considering JD-office ac:74:09:42:6b:30 elapsed=258248878 timestamp=258214131365 age = 12000
12-24 17:24:56.008  1546  1953 E getVisibilityByRssi:  considering JD-office ac:74:09:42:77:a0 elapsed=258248878 timestamp=258214131651 age = 12000
12-24 17:24:56.008  1546  1953 E getVisibilityByRssi:  considering JD-office ac:74:09:42:6d:20 elapsed=258248878 timestamp=258214131426 age = 12000
12-24 17:24:56.008  1546  1953 E getVisibilityByRssi:  considering JD-office ac:74:09:42:8c:80 elapsed=258248878 timestamp=258214131819 age = 12000
12-24 17:24:56.008  1546  1953 E getVisibilityByRssi:  considering JD-office ac:74:09:42:59:c0 elapsed=258248878 timestamp=258214131545 age = 12000
12-24 17:24:56.008  1546  1953 E getVisibilityByRssi:  considering JD-office ac:74:09:42:4a:e0 elapsed=258248878 timestamp=258214131620 age = 12000
12-24 17:24:56.008  1546  1953 E getVisibilityByRssi:  considering JD-office ac:74:09:42:7d:40 elapsed=258248878 timestamp=258214131754 age = 12000
12-24 17:24:56.048  3008  3008 W Binder_C: type=1400 audit(0.0:12061036): avc: denied { ioctl } for path="socket:[1376227]" dev="sockfs" ino=1376227 ioctlcmd=7704 scontext=u:r:system_server:s0 tcontext=u:r:system_server:s0 tclass=unix_stream_socket permissive=0
12-24 17:24:56.048  3008  3008 W Binder_C: type=1400 audit(0.0:12061037): avc: denied { ioctl } for path="socket:[1376227]" dev="sockfs" ino=1376227 ioctlcmd=7704 scontext=u:r:system_server:s0 tcontext=u:r:system_server:s0 tclass=unix_stream_socket permissive=0
12-24 17:24:56.058  3017  3017 W Binder_D: type=1400 audit(0.0:12061038): avc: denied { ioctl } for path="socket:[1376227]" dev="sockfs" ino=1376227 ioctlcmd=7704 scontext=u:r:system_server:s0 tcontext=u:r:system_server:s0 tclass=unix_stream_socket permissive=0
12-24 17:24:56.058  3017  3017 W Binder_D: type=1400 audit(0.0:12061039): avc: denied { ioctl } for path="socket:[1376227]" dev="sockfs" ino=1376227 ioctlcmd=7704 scontext=u:r:system_server:s0 tcontext=u:r:system_server:s0 tclass=unix_stream_socket permissive=0
12-24 17:24:56.108  3020  3020 W Binder_F: type=1400 audit(0.0:12061040): avc: denied { ioctl } for path="socket:[1376227]" dev="sockfs" ino=1376227 ioctlcmd=7704 scontext=u:r:system_server:s0 tcontext=u:r:system_server:s0 tclass=unix_stream_socket permissive=0
12-24 17:24:56.108  3020  3020 W Binder_F: type=1400 audit(0.0:12061041): avc: denied { ioctl } for path="socket:[1376227]" dev="sockfs" ino=1376227 ioctlcmd=7704 scontext=u:r:system_server:s0 tcontext=u:r:system_server:s0 tclass=unix_stream_socket permissive=0
12-24 17:24:56.503  1546  1546 E WifiTrafficPoller: TRAFFIC_STATS_POLL true Token 151 num clients 31
12-24 17:24:56.503  1546  1546 E WifiTrafficPoller:  packet count Tx=341250 Rx=1272072
12-24 17:24:56.668  3020  3020 W Binder_F: type=1400 audit(0.0:12061042): avc: denied { ioctl } for path="socket:[1376227]" dev="sockfs" ino=1376227 ioctlcmd=7704 scontext=u:r:system_server:s0 tcontext=u:r:system_server:s0 tclass=unix_stream_socket permissive=0
12-24 17:24:56.668  3020  3020 W Binder_F: type=1400 audit(0.0:12061043): avc: denied { ioctl } for path="socket:[1376227]" dev="sockfs" ino=1376227 ioctlcmd=7704 scontext=u:r:system_server:s0 tcontext=u:r:system_server:s0 tclass=unix_stream_socket permissive=0
12-24 17:24:56.698  2564  2564 W Binder_8: type=1400 audit(0.0:12061044): avc: denied { ioctl } for path="socket:[1376227]" dev="sockfs" ino=1376227 ioctlcmd=7704 scontext=u:r:system_server:s0 tcontext=u:r:system_server:s0 tclass=unix_stream_socket permissive=0
12-24 17:24:56.698  2564  2564 W Binder_8: type=1400 audit(0.0:12061045): avc: denied { ioctl } for path="socket:[1376227]" dev="sockfs" ino=1376227 ioctlcmd=7704 scontext=u:r:system_server:s0 tcontext=u:r:system_server:s0 tclass=unix_stream_socket permissive=0
12-24 17:24:56.798  3019  3019 W Binder_E: type=1400 audit(0.0:12061046): avc: denied { ioctl } for path="socket:[1376227]" dev="sockfs" ino=1376227 ioctlcmd=7704 scontext=u:r:system_server:s0 tcontext=u:r:system_server:s0 tclass=unix_stream_socket permissive=0
12-24 17:24:56.798  3019  3019 W Binder_E: type=1400 audit(0.0:12061047): avc: denied { ioctl } for path="socket:[1376227]" dev="sockfs" ino=1376227 ioctlcmd=7704 scontext=u:r:system_server:s0 tcontext=u:r:system_server:s0 tclass=unix_stream_socket permissive=0
12-24 17:24:57.430  2789  2789 E Launcher: onReceive, action=android.intent.action.CLOSE_SYSTEM_DIALOGS, reason=recentapps
12-24 17:24:57.504  1546  1546 E WifiTrafficPoller: TRAFFIC_STATS_POLL true Token 151 num clients 31
12-24 17:24:57.504  1546  1546 E WifiTrafficPoller:  packet count Tx=341252 Rx=1272100
12-24 17:24:57.504  1546  1546 E WifiTrafficPoller: notifying of data activity 3
12-24 17:24:58.108  3019  3019 W Binder_E: type=1400 audit(0.0:12061048): avc: denied { ioctl } for path="socket:[1464054]" dev="sockfs" ino=1464054 ioctlcmd=7704 scontext=u:r:system_server:s0 tcontext=u:r:system_server:s0 tclass=unix_stream_socket permissive=0
12-24 17:24:58.108  3019  3019 W Binder_E: type=1400 audit(0.0:12061049): avc: denied { ioctl } for path="socket:[1464054]" dev="sockfs" ino=1464054 ioctlcmd=7704 scontext=u:r:system_server:s0 tcontext=u:r:system_server:s0 tclass=unix_stream_socket permissive=0
12-24 17:24:58.506  1546  1546 E WifiTrafficPoller: TRAFFIC_STATS_POLL true Token 151 num clients 31
12-24 17:24:58.507  1546  1546 E WifiTrafficPoller:  packet count Tx=341252 Rx=1272122
12-24 17:24:58.507  1546  1546 E WifiTrafficPoller: notifying of data activity 1
12-24 17:24:58.588  2564  2564 W Binder_8: type=1400 audit(0.0:12061050): avc: denied { ioctl } for path="socket:[1376227]" dev="sockfs" ino=1376227 ioctlcmd=7704 scontext=u:r:system_server:s0 tcontext=u:r:system_server:s0 tclass=unix_stream_socket permissive=0
12-24 17:24:58.588  2564  2564 W Binder_8: type=1400 audit(0.0:12061051): avc: denied { ioctl } for path="socket:[1376227]" dev="sockfs" ino=1376227 ioctlcmd=7704 scontext=u:r:system_server:s0 tcontext=u:r:system_server:s0 tclass=unix_stream_socket permissive=0
12-24 17:24:58.648  2204  2204 W Binder_4: type=1400 audit(0.0:12061052): avc: denied { ioctl } for path="socket:[1376227]" dev="sockfs" ino=1376227 ioctlcmd=7704 scontext=u:r:system_server:s0 tcontext=u:r:system_server:s0 tclass=unix_stream_socket permissive=0
12-24 17:24:58.648  2204  2204 W Binder_4: type=1400 audit(0.0:12061053): avc: denied { ioctl } for path="socket:[1376227]" dev="sockfs" ino=1376227 ioctlcmd=7704 scontext=u:r:system_server:s0 tcontext=u:r:system_server:s0 tclass=unix_stream_socket permissive=0
12-24 17:24:58.818  2204  2204 W Binder_4: type=1400 audit(0.0:12061054): avc: denied { ioctl } for path="socket:[1376227]" dev="sockfs" ino=1376227 ioctlcmd=7704 scontext=u:r:system_server:s0 tcontext=u:r:system_server:s0 tclass=unix_stream_socket permissive=0
12-24 17:24:58.818  2204  2204 W Binder_4: type=1400 audit(0.0:12061055): avc: denied { ioctl } for path="socket:[1376227]" dev="sockfs" ino=1376227 ioctlcmd=7704 scontext=u:r:system_server:s0 tcontext=u:r:system_server:s0 tclass=unix_stream_socket permissive=0
12-24 17:24:58.918  2987  2987 W Binder_A: type=1400 audit(0.0:12061056): avc: denied { ioctl } for path="socket:[1376227]" dev="sockfs" ino=1376227 ioctlcmd=7704 scontext=u:r:system_server:s0 tcontext=u:r:system_server:s0 tclass=unix_stream_socket permissive=0
12-24 17:24:58.918  2987  2987 W Binder_A: type=1400 audit(0.0:12061057): avc: denied { ioctl } for path="socket:[1376227]" dev="sockfs" ino=1376227 ioctlcmd=7704 scontext=u:r:system_server:s0 tcontext=u:r:system_server:s0 tclass=unix_stream_socket permissive=0
12-24 17:24:59.019  1546  1953 E WifiConfigStore: updateConfiguration freq=5785 BSSID=ac:74:09:42:6b:20 RSSI=-40 "JD-office"-WPA_PSK
12-24 17:24:59.019  1546  1953 E getVisibilityByRssi:  considering JD-office ac:74:09:42:7d:50 elapsed=258251889 timestamp=258214131596 age = 12000
12-24 17:24:59.019  1546  1953 E getVisibilityByRssi:  considering JD-office ac:74:09:42:77:b0 elapsed=258251889 timestamp=258214131571 age = 12000
12-24 17:24:59.019  1546  1953 E getVisibilityByRssi:  considering JD-office ac:74:09:42:6b:20 elapsed=258251889 timestamp=258214131414 age = 12000
12-24 17:24:59.019  1546  1953 E getVisibilityByRssi:  considering JD-office ac:74:09:42:4a:f0 elapsed=258251889 timestamp=258214131510 age = 12000
12-24 17:24:59.019  1546  1953 E getVisibilityByRssi:  considering JD-office ac:74:09:42:6d:30 elapsed=258251889 timestamp=258214131315 age = 12000
12-24 17:24:59.019  1546  1953 E getVisibilityByRssi:  considering JD-office ac:74:09:42:59:d0 elapsed=258251889 timestamp=258214131488 age = 12000
12-24 17:24:59.019  1546  1953 E getVisibilityByRssi:  considering JD-office ac:74:09:42:6b:30 elapsed=258251889 timestamp=258214131365 age = 12000
12-24 17:24:59.019  1546  1953 E getVisibilityByRssi:  considering JD-office ac:74:09:42:77:a0 elapsed=258251889 timestamp=258214131651 age = 12000
12-24 17:24:59.019  1546  1953 E getVisibilityByRssi:  considering JD-office ac:74:09:42:6d:20 elapsed=258251889 timestamp=258214131426 age = 12000
12-24 17:24:59.019  1546  1953 E getVisibilityByRssi:  considering JD-office ac:74:09:42:8c:80 elapsed=258251889 timestamp=258214131819 age = 12000
12-24 17:24:59.019  1546  1953 E getVisibilityByRssi:  considering JD-office ac:74:09:42:59:c0 elapsed=258251889 timestamp=258214131545 age = 12000
12-24 17:24:59.019  1546  1953 E getVisibilityByRssi:  considering JD-office ac:74:09:42:4a:e0 elapsed=258251889 timestamp=258214131620 age = 12000
12-24 17:24:59.020  1546  1953 E getVisibilityByRssi:  considering JD-office ac:74:09:42:7d:40 elapsed=258251889 timestamp=258214131754 age = 12000
12-24 17:24:59.118  2986  2986 W Binder_9: type=1400 audit(0.0:12061058): avc: denied { ioctl } for path="socket:[1376227]" dev="sockfs" ino=1376227 ioctlcmd=7704 scontext=u:r:system_server:s0 tcontext=u:r:system_server:s0 tclass=unix_stream_socket permissive=0
12-24 17:24:59.118  2986  2986 W Binder_9: type=1400 audit(0.0:12061059): avc: denied { ioctl } for path="socket:[1376227]" dev="sockfs" ino=1376227 ioctlcmd=7704 scontext=u:r:system_server:s0 tcontext=u:r:system_server:s0 tclass=unix_stream_socket permissive=0
12-24 17:24:59.510  1546  1546 E WifiTrafficPoller: TRAFFIC_STATS_POLL true Token 151 num clients 31
12-24 17:24:59.510  1546  1546 E WifiTrafficPoller:  packet count Tx=341253 Rx=1272145
12-24 17:24:59.510  1546  1546 E WifiTrafficPoller: notifying of data activity 3
12-24 17:24:59.758  3008  3008 W Binder_C: type=1400 audit(0.0:12061060): avc: denied { ioctl } for path="socket:[1376227]" dev="sockfs" ino=1376227 ioctlcmd=7704 scontext=u:r:system_server:s0 tcontext=u:r:system_server:s0 tclass=unix_stream_socket permissive=0
12-24 17:24:59.758  3008  3008 W Binder_C: type=1400 audit(0.0:12061061): avc: denied { ioctl } for path="socket:[1376227]" dev="sockfs" ino=1376227 ioctlcmd=7704 scontext=u:r:system_server:s0 tcontext=u:r:system_server:s0 tclass=unix_stream_socket permissive=0
12-24 17:24:59.858  1570  1570 W Binder_2: type=1400 audit(0.0:12061062): avc: denied { ioctl } for path="socket:[1376227]" dev="sockfs" ino=1376227 ioctlcmd=7704 scontext=u:r:system_server:s0 tcontext=u:r:system_server:s0 tclass=unix_stream_socket permissive=0
12-24 17:24:59.858  1570  1570 W Binder_2: type=1400 audit(0.0:12061063): avc: denied { ioctl } for path="socket:[1376227]" dev="sockfs" ino=1376227 ioctlcmd=7704 scontext=u:r:system_server:s0 tcontext=u:r:system_server:s0 tclass=unix_stream_socket permissive=0
12-24 17:25:00.018  3008  3008 W Binder_C: type=1400 audit(0.0:12061064): avc: denied { ioctl } for path="socket:[1466799]" dev="sockfs" ino=1466799 ioctlcmd=7704 scontext=u:r:system_server:s0 tcontext=u:r:system_server:s0 tclass=unix_stream_socket permissive=0
12-24 17:25:00.018  3008  3008 W Binder_C: type=1400 audit(0.0:12061065): avc: denied { ioctl } for path="socket:[1466799]" dev="sockfs" ino=1466799 ioctlcmd=7704 scontext=u:r:system_server:s0 tcontext=u:r:system_server:s0 tclass=unix_stream_socket permissive=0
12-24 17:25:00.514  1546  1546 E WifiTrafficPoller: TRAFFIC_STATS_POLL true Token 151 num clients 31
12-24 17:25:00.515  1546  1546 E WifiTrafficPoller:  packet count Tx=341253 Rx=1272157
12-24 17:25:00.515  1546  1546 E WifiTrafficPoller: notifying of data activity 1
12-24 17:25:00.688  3008  3008 W Binder_C: type=1400 audit(0.0:12061066): avc: denied { ioctl } for path="socket:[1376227]" dev="sockfs" ino=1376227 ioctlcmd=7704 scontext=u:r:system_server:s0 tcontext=u:r:system_server:s0 tclass=unix_stream_socket permissive=0
12-24 17:25:00.688  3008  3008 W Binder_C: type=1400 audit(0.0:12061067): avc: denied { ioctl } for path="socket:[1376227]" dev="sockfs" ino=1376227 ioctlcmd=7704 scontext=u:r:system_server:s0 tcontext=u:r:system_server:s0 tclass=unix_stream_socket permissive=0
12-24 17:25:00.858  2987  2987 W Binder_A: type=1400 audit(0.0:12061068): avc: denied { ioctl } for path="socket:[1376227]" dev="sockfs" ino=1376227 ioctlcmd=7704 scontext=u:r:system_server:s0 tcontext=u:r:system_server:s0 tclass=unix_stream_socket permissive=0
12-24 17:25:00.858  2987  2987 W Binder_A: type=1400 audit(0.0:12061069): avc: denied { ioctl } for path="socket:[1376227]" dev="sockfs" ino=1376227 ioctlcmd=7704 scontext=u:r:system_server:s0 tcontext=u:r:system_server:s0 tclass=unix_stream_socket permissive=0
12-24 17:25:01.032   498   498 E OMX-VENC: Calling IOCTL set control for id=99200c, val=1
12-24 17:25:01.033   498   498 E OMX-VENC: Success IOCTL set control for id=99200c, value=0
12-24 17:25:01.328  2205  2205 W Binder_5: type=1400 audit(0.0:12061070): avc: denied { ioctl } for path="socket:[1376227]" dev="sockfs" ino=1376227 ioctlcmd=7704 scontext=u:r:system_server:s0 tcontext=u:r:system_server:s0 tclass=unix_stream_socket permissive=0
12-24 17:25:01.328  2205  2205 W Binder_5: type=1400 audit(0.0:12061071): avc: denied { ioctl } for path="socket:[1376227]" dev="sockfs" ino=1376227 ioctlcmd=7704 scontext=u:r:system_server:s0 tcontext=u:r:system_server:s0 tclass=unix_stream_socket permissive=0
12-24 17:25:01.478  3284  3284 W Binder_10: type=1400 audit(0.0:12061072): avc: denied { ioctl } for path="socket:[1376227]" dev="sockfs" ino=1376227 ioctlcmd=7704 scontext=u:r:system_server:s0 tcontext=u:r:system_server:s0 tclass=unix_stream_socket permissive=0
12-24 17:25:01.478  3284  3284 W Binder_10: type=1400 audit(0.0:12061073): avc: denied { ioctl } for path="socket:[1376227]" dev="sockfs" ino=1376227 ioctlcmd=7704 scontext=u:r:system_server:s0 tcontext=u:r:system_server:s0 tclass=unix_stream_socket permissive=0
12-24 17:25:01.518  1546  1546 E WifiTrafficPoller: TRAFFIC_STATS_POLL true Token 151 num clients 31
12-24 17:25:01.518  1546  1546 E WifiTrafficPoller:  packet count Tx=341253 Rx=1272172
12-24 17:25:01.748  2987  2987 W Binder_A: type=1400 audit(0.0:12061074): avc: denied { ioctl } for path="socket:[1464213]" dev="sockfs" ino=1464213 ioctlcmd=7704 scontext=u:r:system_server:s0 tcontext=u:r:system_server:s0 tclass=unix_stream_socket permissive=0
12-24 17:25:01.748  2987  2987 W Binder_A: type=1400 audit(0.0:12061075): avc: denied { ioctl } for path="socket:[1464213]" dev="sockfs" ino=1464213 ioctlcmd=7704 scontext=u:r:system_server:s0 tcontext=u:r:system_server:s0 tclass=unix_stream_socket permissive=0
12-24 17:25:02.040  1546  1953 E WifiConfigStore: updateConfiguration freq=5785 BSSID=ac:74:09:42:6b:20 RSSI=-40 "JD-office"-WPA_PSK
12-24 17:25:02.040  1546  1953 E getVisibilityByRssi:  considering JD-office ac:74:09:42:7d:50 elapsed=258254911 timestamp=258214131596 age = 12000
12-24 17:25:02.041  1546  1953 E getVisibilityByRssi:  considering JD-office ac:74:09:42:77:b0 elapsed=258254911 timestamp=258214131571 age = 12000
12-24 17:25:02.041  1546  1953 E getVisibilityByRssi:  considering JD-office ac:74:09:42:6b:20 elapsed=258254911 timestamp=258214131414 age = 12000
12-24 17:25:02.041  1546  1953 E getVisibilityByRssi:  considering JD-office ac:74:09:42:4a:f0 elapsed=258254911 timestamp=258214131510 age = 12000
12-24 17:25:02.041  1546  1953 E getVisibilityByRssi:  considering JD-office ac:74:09:42:6d:30 elapsed=258254911 timestamp=258214131315 age = 12000
12-24 17:25:02.041  1546  1953 E getVisibilityByRssi:  considering JD-office ac:74:09:42:59:d0 elapsed=258254911 timestamp=258214131488 age = 12000
12-24 17:25:02.041  1546  1953 E getVisibilityByRssi:  considering JD-office ac:74:09:42:6b:30 elapsed=258254911 timestamp=258214131365 age = 12000
12-24 17:25:02.041  1546  1953 E getVisibilityByRssi:  considering JD-office ac:74:09:42:77:a0 elapsed=258254911 timestamp=258214131651 age = 12000
12-24 17:25:02.041  1546  1953 E getVisibilityByRssi:  considering JD-office ac:74:09:42:6d:20 elapsed=258254911 timestamp=258214131426 age = 12000
12-24 17:25:02.041  1546  1953 E getVisibilityByRssi:  considering JD-office ac:74:09:42:8c:80 elapsed=258254911 timestamp=258214131819 age = 12000
12-24 17:25:02.041  1546  1953 E getVisibilityByRssi:  considering JD-office ac:74:09:42:59:c0 elapsed=258254911 timestamp=258214131545 age = 12000
12-24 17:25:02.041  1546  1953 E getVisibilityByRssi:  considering JD-office ac:74:09:42:4a:e0 elapsed=258254911 timestamp=258214131620 age = 12000
12-24 17:25:02.041  1546  1953 E getVisibilityByRssi:  considering JD-office ac:74:09:42:7d:40 elapsed=258254911 timestamp=258214131754 age = 12000
12-24 17:25:02.166   498   498 E OMX-VENC: Calling IOCTL set control for id=99200c, val=1
12-24 17:25:02.166   498   498 E OMX-VENC: Success IOCTL set control for id=99200c, value=0
12-24 17:25:02.519  1546  1546 E WifiTrafficPoller: TRAFFIC_STATS_POLL true Token 151 num clients 31
12-24 17:25:02.520  1546  1546 E WifiTrafficPoller:  packet count Tx=341253 Rx=1272181
12-24 17:25:02.978  3019  3019 W Binder_E: type=1400 audit(0.0:12061076): avc: denied { ioctl } for path="socket:[1376227]" dev="sockfs" ino=1376227 ioctlcmd=7704 scontext=u:r:system_server:s0 tcontext=u:r:system_server:s0 tclass=unix_stream_socket permissive=0
12-24 17:25:02.978  3019  3019 W Binder_E: type=1400 audit(0.0:12061077): avc: denied { ioctl } for path="socket:[1376227]" dev="sockfs" ino=1376227 ioctlcmd=7704 scontext=u:r:system_server:s0 tcontext=u:r:system_server:s0 tclass=unix_stream_socket permissive=0
12-24 17:25:02.988  3017  3017 W Binder_D: type=1400 audit(0.0:12061078): avc: denied { ioctl } for path="socket:[1376227]" dev="sockfs" ino=1376227 ioctlcmd=7704 scontext=u:r:system_server:s0 tcontext=u:r:system_server:s0 tclass=unix_stream_socket permissive=0
12-24 17:25:02.988  3017  3017 W Binder_D: type=1400 audit(0.0:12061079): avc: denied { ioctl } for path="socket:[1376227]" dev="sockfs" ino=1376227 ioctlcmd=7704 scontext=u:r:system_server:s0 tcontext=u:r:system_server:s0 tclass=unix_stream_socket permissive=0
12-24 17:25:03.452   498   498 E OMX-VENC: Calling IOCTL set control for id=99200c, val=1
12-24 17:25:03.452   498   498 E OMX-VENC: Success IOCTL set control for id=99200c, value=0
12-24 17:25:03.519  1546  1546 E WifiTrafficPoller: TRAFFIC_STATS_POLL true Token 151 num clients 31
12-24 17:25:03.520  1546  1546 E WifiTrafficPoller:  packet count Tx=341253 Rx=1272193
12-24 17:25:04.048  1569  1569 W Binder_1: type=1400 audit(0.0:12061080): avc: denied { ioctl } for path="socket:[1376227]" dev="sockfs" ino=1376227 ioctlcmd=7704 scontext=u:r:system_server:s0 tcontext=u:r:system_server:s0 tclass=unix_stream_socket permissive=0
12-24 17:25:04.048  1569  1569 W Binder_1: type=1400 audit(0.0:12061081): avc: denied { ioctl } for path="socket:[1376227]" dev="sockfs" ino=1376227 ioctlcmd=7704 scontext=u:r:system_server:s0 tcontext=u:r:system_server:s0 tclass=unix_stream_socket permissive=0
12-24 17:25:04.178  3017  3017 W Binder_D: type=1400 audit(0.0:12061082): avc: denied { ioctl } for path="socket:[1376227]" dev="sockfs" ino=1376227 ioctlcmd=7704 scontext=u:r:system_server:s0 tcontext=u:r:system_server:s0 tclass=unix_stream_socket permissive=0
12-24 17:25:04.178  3017  3017 W Binder_D: type=1400 audit(0.0:12061083): avc: denied { ioctl } for path="socket:[1376227]" dev="sockfs" ino=1376227 ioctlcmd=7704 scontext=u:r:system_server:s0 tcontext=u:r:system_server:s0 tclass=unix_stream_socket permissive=0
12-24 17:25:04.288  2986  2986 W Binder_9: type=1400 audit(0.0:12061084): avc: denied { ioctl } for path="socket:[1376227]" dev="sockfs" ino=1376227 ioctlcmd=7704 scontext=u:r:system_server:s0 tcontext=u:r:system_server:s0 tclass=unix_stream_socket permissive=0
12-24 17:25:04.288  2986  2986 W Binder_9: type=1400 audit(0.0:12061085): avc: denied { ioctl } for path="socket:[1376227]" dev="sockfs" ino=1376227 ioctlcmd=7704 scontext=u:r:system_server:s0 tcontext=u:r:system_server:s0 tclass=unix_stream_socket permissive=0
12-24 17:25:04.348  3017  3017 W Binder_D: type=1400 audit(0.0:12061086): avc: denied { ioctl } for path="socket:[1376227]" dev="sockfs" ino=1376227 ioctlcmd=7704 scontext=u:r:system_server:s0 tcontext=u:r:system_server:s0 tclass=unix_stream_socket permissive=0
12-24 17:25:04.348  3017  3017 W Binder_D: type=1400 audit(0.0:12061087): avc: denied { ioctl } for path="socket:[1376227]" dev="sockfs" ino=1376227 ioctlcmd=7704 scontext=u:r:system_server:s0 tcontext=u:r:system_server:s0 tclass=unix_stream_socket permissive=0
12-24 17:25:04.521  1546  1546 E WifiTrafficPoller: TRAFFIC_STATS_POLL true Token 151 num clients 31
12-24 17:25:04.521  1546  1546 E WifiTrafficPoller:  packet count Tx=341253 Rx=1272202
12-24 17:25:04.666   498   498 E OMX-VENC: Calling IOCTL set control for id=99200c, val=1
12-24 17:25:04.666   498   498 E OMX-VENC: Success IOCTL set control for id=99200c, value=0
12-24 17:25:04.668  2513  2513 W Binder_7: type=1400 audit(0.0:12061088): avc: denied { ioctl } for path="socket:[1376227]" dev="sockfs" ino=1376227 ioctlcmd=7704 scontext=u:r:system_server:s0 tcontext=u:r:system_server:s0 tclass=unix_stream_socket permissive=0
12-24 17:25:04.668  2513  2513 W Binder_7: type=1400 audit(0.0:12061089): avc: denied { ioctl } for path="socket:[1376227]" dev="sockfs" ino=1376227 ioctlcmd=7704 scontext=u:r:system_server:s0 tcontext=u:r:system_server:s0 tclass=unix_stream_socket permissive=0
12-24 17:25:04.788  3020  3020 W Binder_F: type=1400 audit(0.0:12061090): avc: denied { ioctl } for path="socket:[1376227]" dev="sockfs" ino=1376227 ioctlcmd=7704 scontext=u:r:system_server:s0 tcontext=u:r:system_server:s0 tclass=unix_stream_socket permissive=0
12-24 17:25:04.788  3020  3020 W Binder_F: type=1400 audit(0.0:12061091): avc: denied { ioctl } for path="socket:[1376227]" dev="sockfs" ino=1376227 ioctlcmd=7704 scontext=u:r:system_server:s0 tcontext=u:r:system_server:s0 tclass=unix_stream_socket permissive=0
12-24 17:25:04.848  2987  2987 W Binder_A: type=1400 audit(0.0:12061092): avc: denied { ioctl } for path="socket:[1376227]" dev="sockfs" ino=1376227 ioctlcmd=7704 scontext=u:r:system_server:s0 tcontext=u:r:system_server:s0 tclass=unix_stream_socket permissive=0
12-24 17:25:04.848  2987  2987 W Binder_A: type=1400 audit(0.0:12061093): avc: denied { ioctl } for path="socket:[1376227]" dev="sockfs" ino=1376227 ioctlcmd=7704 scontext=u:r:system_server:s0 tcontext=u:r:system_server:s0 tclass=unix_stream_socket permissive=0
12-24 17:25:04.858  3019  3019 W Binder_E: type=1400 audit(0.0:12061094): avc: denied { ioctl } for path="socket:[1376227]" dev="sockfs" ino=1376227 ioctlcmd=7704 scontext=u:r:system_server:s0 tcontext=u:r:system_server:s0 tclass=unix_stream_socket permissive=0
12-24 17:25:04.858  3019  3019 W Binder_E: type=1400 audit(0.0:12061095): avc: denied { ioctl } for path="socket:[1376227]" dev="sockfs" ino=1376227 ioctlcmd=7704 scontext=u:r:system_server:s0 tcontext=u:r:system_server:s0 tclass=unix_stream_socket permissive=0
12-24 17:25:04.868  1570  1570 W Binder_2: type=1400 audit(0.0:12061096): avc: denied { ioctl } for path="socket:[1376227]" dev="sockfs" ino=1376227 ioctlcmd=7704 scontext=u:r:system_server:s0 tcontext=u:r:system_server:s0 tclass=unix_stream_socket permissive=0
12-24 17:25:04.868  1570  1570 W Binder_2: type=1400 audit(0.0:12061097): avc: denied { ioctl } for path="socket:[1376227]" dev="sockfs" ino=1376227 ioctlcmd=7704 scontext=u:r:system_server:s0 tcontext=u:r:system_server:s0 tclass=unix_stream_socket permissive=0
12-24 17:25:05.018  2374  2374 W Binder_6: type=1400 audit(0.0:12061098): avc: denied { ioctl } for path="socket:[1376227]" dev="sockfs" ino=1376227 ioctlcmd=7704 scontext=u:r:system_server:s0 tcontext=u:r:system_server:s0 tclass=unix_stream_socket permissive=0
12-24 17:25:05.018  2374  2374 W Binder_6: type=1400 audit(0.0:12061099): avc: denied { ioctl } for path="socket:[1376227]" dev="sockfs" ino=1376227 ioctlcmd=7704 scontext=u:r:system_server:s0 tcontext=u:r:system_server:s0 tclass=unix_stream_socket permissive=0
12-24 17:25:05.053  1546  1953 E WifiConfigStore: updateConfiguration freq=5785 BSSID=ac:74:09:42:6b:20 RSSI=-41 "JD-office"-WPA_PSK
12-24 17:25:05.053  1546  1953 E getVisibilityByRssi:  considering JD-office ac:74:09:42:7d:50 elapsed=258257923 timestamp=258214131596 age = 12000
12-24 17:25:05.053  1546  1953 E getVisibilityByRssi:  considering JD-office ac:74:09:42:77:b0 elapsed=258257923 timestamp=258214131571 age = 12000
12-24 17:25:05.053  1546  1953 E getVisibilityByRssi:  considering JD-office ac:74:09:42:6b:20 elapsed=258257923 timestamp=258214131414 age = 12000
12-24 17:25:05.053  1546  1953 E getVisibilityByRssi:  considering JD-office ac:74:09:42:4a:f0 elapsed=258257923 timestamp=258214131510 age = 12000
12-24 17:25:05.053  1546  1953 E getVisibilityByRssi:  considering JD-office ac:74:09:42:6d:30 elapsed=258257923 timestamp=258214131315 age = 12000
12-24 17:25:05.053  1546  1953 E getVisibilityByRssi:  considering JD-office ac:74:09:42:59:d0 elapsed=258257923 timestamp=258214131488 age = 12000
12-24 17:25:05.053  1546  1953 E getVisibilityByRssi:  considering JD-office ac:74:09:42:6b:30 elapsed=258257923 timestamp=258214131365 age = 12000
12-24 17:25:05.053  1546  1953 E getVisibilityByRssi:  considering JD-office ac:74:09:42:77:a0 elapsed=258257923 timestamp=258214131651 age = 12000
12-24 17:25:05.053  1546  1953 E getVisibilityByRssi:  considering JD-office ac:74:09:42:6d:20 elapsed=258257923 timestamp=258214131426 age = 12000
12-24 17:25:05.053  1546  1953 E getVisibilityByRssi:  considering JD-office ac:74:09:42:8c:80 elapsed=258257923 timestamp=258214131819 age = 12000
12-24 17:25:05.053  1546  1953 E getVisibilityByRssi:  considering JD-office ac:74:09:42:59:c0 elapsed=258257923 timestamp=258214131545 age = 12000
12-24 17:25:05.053  1546  1953 E getVisibilityByRssi:  considering JD-office ac:74:09:42:4a:e0 elapsed=258257923 timestamp=258214131620 age = 12000
12-24 17:25:05.053  1546  1953 E getVisibilityByRssi:  considering JD-office ac:74:09:42:7d:40 elapsed=258257923 timestamp=258214131754 age = 12000
12-24 17:25:05.168  2987  2987 W Binder_A: type=1400 audit(0.0:12061100): avc: denied { ioctl } for path="socket:[1376227]" dev="sockfs" ino=1376227 ioctlcmd=7704 scontext=u:r:system_server:s0 tcontext=u:r:system_server:s0 tclass=unix_stream_socket permissive=0
12-24 17:25:05.168  2987  2987 W Binder_A: type=1400 audit(0.0:12061101): avc: denied { ioctl } for path="socket:[1376227]" dev="sockfs" ino=1376227 ioctlcmd=7704 scontext=u:r:system_server:s0 tcontext=u:r:system_server:s0 tclass=unix_stream_socket permissive=0
12-24 17:25:05.198  2204  2204 W Binder_4: type=1400 audit(0.0:12061102): avc: denied { ioctl } for path="socket:[1376227]" dev="sockfs" ino=1376227 ioctlcmd=7704 scontext=u:r:system_server:s0 tcontext=u:r:system_server:s0 tclass=unix_stream_socket permissive=0
12-24 17:25:05.198  2204  2204 W Binder_4: type=1400 audit(0.0:12061103): avc: denied { ioctl } for path="socket:[1376227]" dev="sockfs" ino=1376227 ioctlcmd=7704 scontext=u:r:system_server:s0 tcontext=u:r:system_server:s0 tclass=unix_stream_socket permissive=0
12-24 17:25:05.248  3020  3020 W Binder_F: type=1400 audit(0.0:12061104): avc: denied { ioctl } for path="socket:[1376227]" dev="sockfs" ino=1376227 ioctlcmd=7704 scontext=u:r:system_server:s0 tcontext=u:r:system_server:s0 tclass=unix_stream_socket permissive=0
12-24 17:25:05.248  3020  3020 W Binder_F: type=1400 audit(0.0:12061105): avc: denied { ioctl } for path="socket:[1376227]" dev="sockfs" ino=1376227 ioctlcmd=7704 scontext=u:r:system_server:s0 tcontext=u:r:system_server:s0 tclass=unix_stream_socket permissive=0
12-24 17:25:05.258  2513  2513 W Binder_7: type=1400 audit(0.0:12061106): avc: denied { ioctl } for path="socket:[1376227]" dev="sockfs" ino=1376227 ioctlcmd=7704 scontext=u:r:system_server:s0 tcontext=u:r:system_server:s0 tclass=unix_stream_socket permissive=0
12-24 17:25:05.258  2513  2513 W Binder_7: type=1400 audit(0.0:12061107): avc: denied { ioctl } for path="socket:[1376227]" dev="sockfs" ino=1376227 ioctlcmd=7704 scontext=u:r:system_server:s0 tcontext=u:r:system_server:s0 tclass=unix_stream_socket permissive=0
12-24 17:25:05.522  1546  1546 E WifiTrafficPoller: TRAFFIC_STATS_POLL true Token 151 num clients 31
12-24 17:25:05.522  1546  1546 E WifiTrafficPoller:  packet count Tx=341253 Rx=1272210
12-24 17:25:05.698  1864  1864 W Binder_3: type=1400 audit(0.0:12061108): avc: denied { ioctl } for path="socket:[1376227]" dev="sockfs" ino=1376227 ioctlcmd=7704 scontext=u:r:system_server:s0 tcontext=u:r:system_server:s0 tclass=unix_stream_socket permissive=0
12-24 17:25:05.698  1864  1864 W Binder_3: type=1400 audit(0.0:12061109): avc: denied { ioctl } for path="socket:[1376227]" dev="sockfs" ino=1376227 ioctlcmd=7704 scontext=u:r:system_server:s0 tcontext=u:r:system_server:s0 tclass=unix_stream_socket permissive=0
12-24 17:25:05.798  2204  2204 W Binder_4: type=1400 audit(0.0:12061110): avc: denied { ioctl } for path="socket:[1376227]" dev="sockfs" ino=1376227 ioctlcmd=7704 scontext=u:r:system_server:s0 tcontext=u:r:system_server:s0 tclass=unix_stream_socket permissive=0
12-24 17:25:05.798  2204  2204 W Binder_4: type=1400 audit(0.0:12061111): avc: denied { ioctl } for path="socket:[1376227]" dev="sockfs" ino=1376227 ioctlcmd=7704 scontext=u:r:system_server:s0 tcontext=u:r:system_server:s0 tclass=unix_stream_socket permissive=0
12-24 17:25:05.948  3019  3019 W Binder_E: type=1400 audit(0.0:12061112): avc: denied { ioctl } for path="socket:[1376227]" dev="sockfs" ino=1376227 ioctlcmd=7704 scontext=u:r:system_server:s0 tcontext=u:r:system_server:s0 tclass=unix_stream_socket permissive=0
12-24 17:25:05.948  3019  3019 W Binder_E: type=1400 audit(0.0:12061113): avc: denied { ioctl } for path="socket:[1376227]" dev="sockfs" ino=1376227 ioctlcmd=7704 scontext=u:r:system_server:s0 tcontext=u:r:system_server:s0 tclass=unix_stream_socket permissive=0
12-24 17:25:06.001   498  1952 E OMX-VENC: Calling IOCTL set control for id=99200c, val=1
12-24 17:25:06.001   498  1952 E OMX-VENC: Success IOCTL set control for id=99200c, value=0
12-24 17:25:06.408  3004  3004 W Binder_B: type=1400 audit(0.0:12061114): avc: denied { ioctl } for path="socket:[1376227]" dev="sockfs" ino=1376227 ioctlcmd=7704 scontext=u:r:system_server:s0 tcontext=u:r:system_server:s0 tclass=unix_stream_socket permissive=0
12-24 17:25:06.408  3004  3004 W Binder_B: type=1400 audit(0.0:12061115): avc: denied { ioctl } for path="socket:[1376227]" dev="sockfs" ino=1376227 ioctlcmd=7704 scontext=u:r:system_server:s0 tcontext=u:r:system_server:s0 tclass=unix_stream_socket permissive=0
12-24 17:25:06.523  1546  1546 E WifiTrafficPoller: TRAFFIC_STATS_POLL true Token 151 num clients 31
12-24 17:25:06.523  1546  1546 E WifiTrafficPoller:  packet count Tx=341253 Rx=1272230
12-24 17:25:06.558  2205  2205 W Binder_5: type=1400 audit(0.0:12061116): avc: denied { ioctl } for path="socket:[1376227]" dev="sockfs" ino=1376227 ioctlcmd=7704 scontext=u:r:system_server:s0 tcontext=u:r:system_server:s0 tclass=unix_stream_socket permissive=0
