12-24 17:24:52.229  1546  1546 I notification_enqueue: [1000,1546,android,17040375,NULL,-1,Notification(pri=0 contentView=null vibrate=null sound=null defaults=0x0 flags=0x2 color=0xff060059 category=sys vis=PRIVATE),1]
12-24 17:24:52.298  3004  3004 I auditd  : type=1400 audit(0.0:12061008): avc: denied { ioctl } for comm="Binder_B" path="socket:[1376227]" dev="sockfs" ino=1376227 ioctlcmd=7704 scontext=u:r:system_server:s0 tcontext=u:r:system_server:s0 tclass=unix_stream_socket permissive=0
12-24 17:24:52.298  3004  3004 I auditd  : type=1400 audit(0.0:12061009): avc: denied { ioctl } for comm="Binder_B" path="socket:[1376227]" dev="sockfs" ino=1376227 ioctlcmd=7704 scontext=u:r:system_server:s0 tcontext=u:r:system_server:s0 tclass=unix_stream_socket permissive=0
12-24 17:24:52.314  1546  1546 I notification_enqueue: [1000,1546,android,17040375,NULL,-1,Notification(pri=0 contentView=null vibrate=null sound=null defaults=0x0 flags=0x2 color=0xff060059 category=sys vis=PRIVATE),1]
12-24 17:24:52.318  3284  3284 I auditd  : type=1400 audit(0.0:12061010): avc: denied { ioctl } for comm="Binder_10" path="socket:[1376227]" dev="sockfs" ino=1376227 ioctlcmd=7704 scontext=u:r:system_server:s0 tcontext=u:r:system_server:s0 tclass=unix_stream_socket permissive=0
12-24 17:24:52.318  3284  3284 I auditd  : type=1400 audit(0.0:12061011): avc: denied { ioctl } for comm="Binder_10" path="socket:[1376227]" dev="sockfs" ino=1376227 ioctlcmd=7704 scontext=u:r:system_server:s0 tcontext=u:r:system_server:s0 tclass=unix_stream_socket permissive=0
12-24 17:24:52.330  1546  1546 I notification_enqueue: [1000,1546,android,17040375,NULL,-1,Notification(pri=0 contentView=null vibrate=null sound=null defaults=0x0 flags=0x2 color=0xff060059 category=sys vis=PRIVATE),1]
12-24 17:24:52.418  2987  2987 I auditd  : type=1400 audit(0.0:12061012): avc: denied { ioctl } for comm="Binder_A" path="socket:[1376227]" dev="sockfs" ino=1376227 ioctlcmd=7704 scontext=u:r:system_server:s0 tcontext=u:r:system_server:s0 tclass=unix_stream_socket permissive=0
12-24 17:24:52.418  2987  2987 I auditd  : type=1400 audit(0.0:12061013): avc: denied { ioctl } for comm="Binder_A" path="socket:[1376227]" dev="sockfs" ino=1376227 ioctlcmd=7704 scontext=u:r:system_server:s0 tcontext=u:r:system_server:s0 tclass=unix_stream_socket permissive=0
12-24 17:24:52.424  1546  1546 I notification_enqueue: [1000,1546,android,17040375,NULL,-1,Notification(pri=0 contentView=null vibrate=null sound=null defaults=0x0 flags=0x2 color=0xff060059 category=sys vis=PRIVATE),1]
12-24 17:24:52.428  1569  1569 I auditd  : type=1400 audit(0.0:12061014): avc: denied { ioctl } for comm="Binder_1" path="socket:[1463058]" dev="sockfs" ino=1463058 ioctlcmd=7704 scontext=u:r:system_server:s0 tcontext=u:r:system_server:s0 tclass=unix_stream_socket permissive=0
12-24 17:24:52.428  1569  1569 I auditd  : type=1400 audit(0.0:12061015): avc: denied { ioctl } for comm="Binder_1" path="socket:[1463058]" dev="sockfs" ino=1463058 ioctlcmd=7704 scontext=u:r:system_server:s0 tcontext=u:r:system_server:s0 tclass=unix_stream_socket permissive=0
12-24 17:24:52.429  1546  1546 I notification_enqueue: [1000,1546,android,17040375,NULL,-1,Notification(pri=0 contentView=null vibrate=null sound=null defaults=0x0 flags=0x2 color=0xff060059 category=sys vis=PRIVATE),1]
12-24 17:24:52.762  1546  1546 I notification_canceled: [-1|android|17040375|null|1000|0,8,538,333,0]
12-24 17:24:52.808  1546  1546 I notification_enqueue: [1000,1546,android,17040375,NULL,-1,Notification(pri=0 contentView=null vibrate=null sound=null defaults=0x0 flags=0x2 color=0xff060059 category=sys vis=PRIVATE),0]
12-24 17:24:52.812  1546  1546 I notification_enqueue: [1000,1546,android,17040375,NULL,-1,Notification(pri=0 contentView=null vibrate=null sound=null defaults=0x0 flags=0x2 color=0xff060059 category=sys vis=PRIVATE),1]
12-24 17:24:53.042  1546  1546 I notification_enqueue: [1000,1546,android,17040375,NULL,-1,Notification(pri=0 contentView=null vibrate=null sound=null defaults=0x0 flags=0x2 color=0xff060059 category=sys vis=PRIVATE),1]
12-24 17:24:53.708  3284  3284 I auditd  : type=1400 audit(0.0:12061016): avc: denied { ioctl } for comm="Binder_10" path="socket:[1376227]" dev="sockfs" ino=1376227 ioctlcmd=7704 scontext=u:r:system_server:s0 tcontext=u:r:system_server:s0 tclass=unix_stream_socket permissive=0
12-24 17:24:53.708  3284  3284 I auditd  : type=1400 audit(0.0:12061017): avc: denied { ioctl } for comm="Binder_10" path="socket:[1376227]" dev="sockfs" ino=1376227 ioctlcmd=7704 scontext=u:r:system_server:s0 tcontext=u:r:system_server:s0 tclass=unix_stream_socket permissive=0
12-24 17:24:53.716  1546  1546 I notification_enqueue: [1000,1546,android,17040375,NULL,-1,Notification(pri=0 contentView=null vibrate=null sound=null defaults=0x0 flags=0x2 color=0xff060059 category=sys vis=PRIVATE),1]
12-24 17:24:53.978  2513  2513 I auditd  : type=1400 audit(0.0:12061018): avc: denied { ioctl } for comm="Binder_7" path="socket:[1376227]" dev="sockfs" ino=1376227 ioctlcmd=7704 scontext=u:r:system_server:s0 tcontext=u:r:system_server:s0 tclass=unix_stream_socket permissive=0
12-24 17:24:53.978  2513  2513 I auditd  : type=1400 audit(0.0:12061019): avc: denied { ioctl } for comm="Binder_7" path="socket:[1376227]" dev="sockfs" ino=1376227 ioctlcmd=7704 scontext=u:r:system_server:s0 tcontext=u:r:system_server:s0 tclass=unix_stream_socket permissive=0
12-24 17:24:53.984  1546  1546 I notification_enqueue: [1000,1546,android,17040375,NULL,-1,Notification(pri=0 contentView=null vibrate=null sound=null defaults=0x0 flags=0x2 color=0xff060059 category=sys vis=PRIVATE),1]
12-24 17:24:53.990  1546  1546 I notification_enqueue: [1000,1546,android,17040375,NULL,-1,Notification(pri=0 contentView=null vibrate=null sound=null defaults=0x0 flags=0x2 color=0xff060059 category=sys vis=PRIVATE),1]
12-24 17:24:54.216  1546  1546 I notification_canceled: [-1|android|17040375|null|1000|0,8,1408,227,0]
12-24 17:24:54.263  1546  1546 I notification_enqueue: [1000,1546,android,17040375,NULL,-1,Notification(pri=0 contentView=null vibrate=null sound=null defaults=0x0 flags=0x2 color=0xff060059 category=sys vis=PRIVATE),0]
12-24 17:24:54.266  1546  1546 I notification_enqueue: [1000,1546,android,17040375,NULL,-1,Notification(pri=0 contentView=null vibrate=null sound=null defaults=0x0 flags=0x2 color=0xff060059 category=sys vis=PRIVATE),1]
12-24 17:24:54.338  1546  1546 I notification_canceled: [-1|android|17040375|null|1000|0,8,75,72,0]
12-24 17:24:54.405  1546  3004 I am_home_stack_moved: [0,0,2,2,intentActivityFound]
12-24 17:24:54.405  1546  3004 I wm_task_moved: [66,1,4]
12-24 17:24:54.428  2204  2204 I auditd  : type=1400 audit(0.0:12061020): avc: denied { ioctl } for comm="Binder_4" path="socket:[1376227]" dev="sockfs" ino=1376227 ioctlcmd=7704 scontext=u:r:system_server:s0 tcontext=u:r:system_server:s0 tclass=unix_stream_socket permissive=0
12-24 17:24:54.428  2204  2204 I auditd  : type=1400 audit(0.0:12061021): avc: denied { ioctl } for comm="Binder_4" path="socket:[1376227]" dev="sockfs" ino=1376227 ioctlcmd=7704 scontext=u:r:system_server:s0 tcontext=u:r:system_server:s0 tclass=unix_stream_socket permissive=0
12-24 17:24:54.528  2986  2986 I auditd  : type=1400 audit(0.0:12061022): avc: denied { ioctl } for comm="Binder_9" path="socket:[1376227]" dev="sockfs" ino=1376227 ioctlcmd=7704 scontext=u:r:system_server:s0 tcontext=u:r:system_server:s0 tclass=unix_stream_socket permissive=0
12-24 17:24:54.528  2986  2986 I auditd  : type=1400 audit(0.0:12061023): avc: denied { ioctl } for comm="Binder_9" path="socket:[1376227]" dev="sockfs" ino=1376227 ioctlcmd=7704 scontext=u:r:system_server:s0 tcontext=u:r:system_server:s0 tclass=unix_stream_socket permissive=0
12-24 17:24:54.578  2374  2374 I auditd  : type=1400 audit(0.0:12061024): avc: denied { ioctl } for comm="Binder_6" path="socket:[1376227]" dev="sockfs" ino=1376227 ioctlcmd=7704 scontext=u:r:system_server:s0 tcontext=u:r:system_server:s0 tclass=unix_stream_socket permissive=0
12-24 17:24:54.578  2374  2374 I auditd  : type=1400 audit(0.0:12061025): avc: denied { ioctl } for comm="Binder_6" path="socket:[1376227]" dev="sockfs" ino=1376227 ioctlcmd=7704 scontext=u:r:system_server:s0 tcontext=u:r:system_server:s0 tclass=unix_stream_socket permissive=0
12-24 17:24:54.740  1546  3017 I am_home_stack_moved: [0,0,2,2,intentActivityFound]
12-24 17:24:54.740  1546  3017 I wm_task_moved: [66,1,4]
12-24 17:24:54.969  1546  1546 I notification_enqueue: [1000,1546,android,17040375,NULL,-1,Notification(pri=0 contentView=null vibrate=null sound=null defaults=0x0 flags=0x2 color=0xff060059 category=sys vis=PRIVATE),0]
12-24 17:24:54.973  1546  1546 I notification_enqueue: [1000,1546,android,17040375,NULL,-1,Notification(pri=0 contentView=null vibrate=null sound=null defaults=0x0 flags=0x2 color=0xff060059 category=sys vis=PRIVATE),1]
12-24 17:24:55.148  2513  2513 I auditd  : type=1400 audit(0.0:12061026): avc: denied { ioctl } for comm="Binder_7" path="socket:[1466637]" dev="sockfs" ino=1466637 ioctlcmd=7704 scontext=u:r:system_server:s0 tcontext=u:r:system_server:s0 tclass=unix_stream_socket permissive=0
12-24 17:24:55.148  2513  2513 I auditd  : type=1400 audit(0.0:12061027): avc: denied { ioctl } for comm="Binder_7" path="socket:[1466637]" dev="sockfs" ino=1466637 ioctlcmd=7704 scontext=u:r:system_server:s0 tcontext=u:r:system_server:s0 tclass=unix_stream_socket permissive=0
12-24 17:24:55.168  1546  1588 I am_pss  : [17978,10081,com.android.inputmethod.latin,10960896,8445952]
12-24 17:24:55.192  1546  1588 I am_pss  : [17890,10059,com.qiku.freecall,5706752,4415488]
12-24 17:24:55.214  1546  1588 I am_pss  : [17863,10021,com.android.mms,18953216,16564224]
12-24 17:24:55.236  1546  1588 I am_pss  : [17740,10032,com.android.systemui:screenshot,34472960,28241920]
12-24 17:24:55.258  1864  1864 I auditd  : type=1400 audit(0.0:12061028): avc: denied { ioctl } for comm="Binder_3" path="socket:[1376227]" dev="sockfs" ino=1376227 ioctlcmd=7704 scontext=u:r:system_server:s0 tcontext=u:r:system_server:s0 tclass=unix_stream_socket permissive=0
12-24 17:24:55.258  1864  1864 I auditd  : type=1400 audit(0.0:12061029): avc: denied { ioctl } for comm="Binder_3" path="socket:[1376227]" dev="sockfs" ino=1376227 ioctlcmd=7704 scontext=u:r:system_server:s0 tcontext=u:r:system_server:s0 tclass=unix_stream_socket permissive=0
12-24 17:24:55.269  1546  1546 I notification_enqueue: [1000,1546,android,17040375,NULL,-1,Notification(pri=0 contentView=null vibrate=null sound=null defaults=0x0 flags=0x2 color=0xff060059 category=sys vis=PRIVATE),1]
12-24 17:24:55.328  3017  3017 I auditd  : type=1400 audit(0.0:12061030): avc: denied { ioctl } for comm="Binder_D" path="socket:[1376227]" dev="sockfs" ino=1376227 ioctlcmd=7704 scontext=u:r:system_server:s0 tcontext=u:r:system_server:s0 tclass=unix_stream_socket permissive=0
12-24 17:24:55.328  3017  3017 I auditd  : type=1400 audit(0.0:12061031): avc: denied { ioctl } for comm="Binder_D" path="socket:[1376227]" dev="sockfs" ino=1376227 ioctlcmd=7704 scontext=u:r:system_server:s0 tcontext=u:r:system_server:s0 tclass=unix_stream_socket permissive=0
12-24 17:24:55.336  1546  1546 I notification_enqueue: [1000,1546,android,17040375,NULL,-1,Notification(pri=0 contentView=null vibrate=null sound=null defaults=0x0 flags=0x2 color=0xff060059 category=sys vis=PRIVATE),1]
12-24 17:24:55.448  3020  3020 I auditd  : type=1400 audit(0.0:12061032): avc: denied { ioctl } for comm="Binder_F" path="socket:[1376227]" dev="sockfs" ino=1376227 ioctlcmd=7704 scontext=u:r:system_server:s0 tcontext=u:r:system_server:s0 tclass=unix_stream_socket permissive=0
12-24 17:24:55.448  3020  3020 I auditd  : type=1400 audit(0.0:12061033): avc: denied { ioctl } for comm="Binder_F" path="socket:[1376227]" dev="sockfs" ino=1376227 ioctlcmd=7704 scontext=u:r:system_server:s0 tcontext=u:r:system_server:s0 tclass=unix_stream_socket permissive=0
12-24 17:24:55.454  1546  1546 I notification_enqueue: [1000,1546,android,17040375,NULL,-1,Notification(pri=0 contentView=null vibrate=null sound=null defaults=0x0 flags=0x2 color=0xff060059 category=sys vis=PRIVATE),1]
12-24 17:24:55.748  3284  3284 I auditd  : type=1400 audit(0.0:12061034): avc: denied { ioctl } for comm="Binder_10" path="socket:[1376227]" dev="sockfs" ino=1376227 ioctlcmd=7704 scontext=u:r:system_server:s0 tcontext=u:r:system_server:s0 tclass=unix_stream_socket permissive=0
12-24 17:24:55.748  3284  3284 I auditd  : type=1400 audit(0.0:12061035): avc: denied { ioctl } for comm="Binder_10" path="socket:[1376227]" dev="sockfs" ino=1376227 ioctlcmd=7704 scontext=u:r:system_server:s0 tcontext=u:r:system_server:s0 tclass=unix_stream_socket permissive=0
12-24 17:24:55.757  1546  1546 I notification_enqueue: [1000,1546,android,17040375,NULL,-1,Notification(pri=0 contentView=null vibrate=null sound=null defaults=0x0 flags=0x2 color=0xff060059 category=sys vis=PRIVATE),1]
12-24 17:24:56.048  3008  3008 I auditd  : type=1400 audit(0.0:12061036): avc: denied { ioctl } for comm="Binder_C" path="socket:[1376227]" dev="sockfs" ino=1376227 ioctlcmd=7704 scontext=u:r:system_server:s0 tcontext=u:r:system_server:s0 tclass=unix_stream_socket permissive=0
12-24 17:24:56.048  3008  3008 I auditd  : type=1400 audit(0.0:12061037): avc: denied { ioctl } for comm="Binder_C" path="socket:[1376227]" dev="sockfs" ino=1376227 ioctlcmd=7704 scontext=u:r:system_server:s0 tcontext=u:r:system_server:s0 tclass=unix_stream_socket permissive=0
12-24 17:24:56.056  1546  1546 I notification_enqueue: [1000,1546,android,17040375,NULL,-1,Notification(pri=0 contentView=null vibrate=null sound=null defaults=0x0 flags=0x2 color=0xff060059 category=sys vis=PRIVATE),1]
12-24 17:24:56.058  3017  3017 I auditd  : type=1400 audit(0.0:12061038): avc: denied { ioctl } for comm="Binder_D" path="socket:[1376227]" dev="sockfs" ino=1376227 ioctlcmd=7704 scontext=u:r:system_server:s0 tcontext=u:r:system_server:s0 tclass=unix_stream_socket permissive=0
12-24 17:24:56.058  3017  3017 I auditd  : type=1400 audit(0.0:12061039): avc: denied { ioctl } for comm="Binder_D" path="socket:[1376227]" dev="sockfs" ino=1376227 ioctlcmd=7704 scontext=u:r:system_server:s0 tcontext=u:r:system_server:s0 tclass=unix_stream_socket permissive=0
12-24 17:24:56.072  1546  1546 I notification_enqueue: [1000,1546,android,17040375,NULL,-1,Notification(pri=0 contentView=null vibrate=null sound=null defaults=0x0 flags=0x2 color=0xff060059 category=sys vis=PRIVATE),1]
12-24 17:24:56.108  3020  3020 I auditd  : type=1400 audit(0.0:12061040): avc: denied { ioctl } for comm="Binder_F" path="socket:[1376227]" dev="sockfs" ino=1376227 ioctlcmd=7704 scontext=u:r:system_server:s0 tcontext=u:r:system_server:s0 tclass=unix_stream_socket permissive=0
12-24 17:24:56.108  3020  3020 I auditd  : type=1400 audit(0.0:12061041): avc: denied { ioctl } for comm="Binder_F" path="socket:[1376227]" dev="sockfs" ino=1376227 ioctlcmd=7704 scontext=u:r:system_server:s0 tcontext=u:r:system_server:s0 tclass=unix_stream_socket permissive=0
12-24 17:24:56.123  1546  1546 I notification_enqueue: [1000,1546,android,17040375,NULL,-1,Notification(pri=0 contentView=null vibrate=null sound=null defaults=0x0 flags=0x2 color=0xff060059 category=sys vis=PRIVATE),1]
12-24 17:24:56.241  1546  1546 I notification_canceled: [-1|android|17040375|null|1000|0,8,1272,118,0]
12-24 17:24:56.395  1546  1546 I notification_enqueue: [1000,1546,android,17040375,NULL,-1,Notification(pri=0 contentView=null vibrate=null sound=null defaults=0x0 flags=0x2 color=0xff060059 category=sys vis=PRIVATE),0]
12-24 17:24:56.401  1546  1546 I notification_enqueue: [1000,1546,android,17040375,NULL,-1,Notification(pri=0 contentView=null vibrate=null sound=null defaults=0x0 flags=0x2 color=0xff060059 category=sys vis=PRIVATE),1]
12-24 17:24:56.519  1546  1546 I notification_enqueue: [1000,1546,android,17040375,NULL,-1,Notification(pri=0 contentView=null vibrate=null sound=null defaults=0x0 flags=0x2 color=0xff060059 category=sys vis=PRIVATE),1]
12-24 17:24:56.668  3020  3020 I auditd  : type=1400 audit(0.0:12061042): avc: denied { ioctl } for comm="Binder_F" path="socket:[1376227]" dev="sockfs" ino=1376227 ioctlcmd=7704 scontext=u:r:system_server:s0 tcontext=u:r:system_server:s0 tclass=unix_stream_socket permissive=0
12-24 17:24:56.668  3020  3020 I auditd  : type=1400 audit(0.0:12061043): avc: denied { ioctl } for comm="Binder_F" path="socket:[1376227]" dev="sockfs" ino=1376227 ioctlcmd=7704 scontext=u:r:system_server:s0 tcontext=u:r:system_server:s0 tclass=unix_stream_socket permissive=0
12-24 17:24:56.675  1546  1546 I notification_enqueue: [1000,1546,android,17040375,NULL,-1,Notification(pri=0 contentView=null vibrate=null sound=null defaults=0x0 flags=0x2 color=0xff060059 category=sys vis=PRIVATE),1]
12-24 17:24:56.698  2564  2564 I auditd  : type=1400 audit(0.0:12061044): avc: denied { ioctl } for comm="Binder_8" path="socket:[1376227]" dev="sockfs" ino=1376227 ioctlcmd=7704 scontext=u:r:system_server:s0 tcontext=u:r:system_server:s0 tclass=unix_stream_socket permissive=0
12-24 17:24:56.698  2564  2564 I auditd  : type=1400 audit(0.0:12061045): avc: denied { ioctl } for comm="Binder_8" path="socket:[1376227]" dev="sockfs" ino=1376227 ioctlcmd=7704 scontext=u:r:system_server:s0 tcontext=u:r:system_server:s0 tclass=unix_stream_socket permissive=0
12-24 17:24:56.706  1546  1546 I notification_enqueue: [1000,1546,android,17040375,NULL,-1,Notification(pri=0 contentView=null vibrate=null sound=null defaults=0x0 flags=0x2 color=0xff060059 category=sys vis=PRIVATE),1]
12-24 17:24:56.798  3019  3019 I auditd  : type=1400 audit(0.0:12061046): avc: denied { ioctl } for comm="Binder_E" path="socket:[1376227]" dev="sockfs" ino=1376227 ioctlcmd=7704 scontext=u:r:system_server:s0 tcontext=u:r:system_server:s0 tclass=unix_stream_socket permissive=0
12-24 17:24:56.798  3019  3019 I auditd  : type=1400 audit(0.0:12061047): avc: denied { ioctl } for comm="Binder_E" path="socket:[1376227]" dev="sockfs" ino=1376227 ioctlcmd=7704 scontext=u:r:system_server:s0 tcontext=u:r:system_server:s0 tclass=unix_stream_socket permissive=0
12-24 17:24:56.805  1546  1546 I notification_enqueue: [1000,1546,android,17040375,NULL,-1,Notification(pri=0 contentView=null vibrate=null sound=null defaults=0x0 flags=0x2 color=0xff060059 category=sys vis=PRIVATE),1]
12-24 17:24:56.810  1546  1546 I notification_enqueue: [1000,1546,android,17040375,NULL,-1,Notification(pri=0 contentView=null vibrate=null sound=null defaults=0x0 flags=0x2 color=0xff060059 category=sys vis=PRIVATE),1]
12-24 17:24:57.140  1546  1546 I notification_canceled: [-1|android|17040375|null|1000|0,8,745,331,0]
12-24 17:24:57.213  1546  1546 I notification_enqueue: [1000,1546,android,17040375,NULL,-1,Notification(pri=0 contentView=null vibrate=null sound=null defaults=0x0 flags=0x2 color=0xff060059 category=sys vis=PRIVATE),0]
12-24 17:24:57.217  1546  1546 I notification_enqueue: [1000,1546,android,17040375,NULL,-1,Notification(pri=0 contentView=null vibrate=null sound=null defaults=0x0 flags=0x2 color=0xff060059 category=sys vis=PRIVATE),1]
12-24 17:24:57.433  1546  1546 I notification_enqueue: [1000,1546,android,17040375,NULL,-1,Notification(pri=0 contentView=null vibrate=null sound=null defaults=0x0 flags=0x2 color=0xff060059 category=sys vis=PRIVATE),1]
12-24 17:24:57.564  1546  1546 I notification_enqueue: [1000,1546,android,17040375,NULL,-1,Notification(pri=0 contentView=null vibrate=null sound=null defaults=0x0 flags=0x2 color=0xff060059 category=sys vis=PRIVATE),1]
12-24 17:24:57.671  1546  1588 I am_pss  : [13864,10010,com.qihoo.appstore,29087744,23990272]
12-24 17:24:57.690  1546  1588 I am_pss  : [12751,10010,com.qihoo360.accounts,10451968,7774208]
12-24 17:24:58.108  3019  3019 I auditd  : type=1400 audit(0.0:12061048): avc: denied { ioctl } for comm="Binder_E" path="socket:[1464054]" dev="sockfs" ino=1464054 ioctlcmd=7704 scontext=u:r:system_server:s0 tcontext=u:r:system_server:s0 tclass=unix_stream_socket permissive=0
12-24 17:24:58.108  3019  3019 I auditd  : type=1400 audit(0.0:12061049): avc: denied { ioctl } for comm="Binder_E" path="socket:[1464054]" dev="sockfs" ino=1464054 ioctlcmd=7704 scontext=u:r:system_server:s0 tcontext=u:r:system_server:s0 tclass=unix_stream_socket permissive=0
12-24 17:24:58.164  1546  1546 I notification_enqueue: [1000,1546,android,17040375,NULL,-1,Notification(pri=0 contentView=null vibrate=null sound=null defaults=0x0 flags=0x2 color=0xff060059 category=sys vis=PRIVATE),1]
12-24 17:24:58.210  1546  2987 I am_home_stack_moved: [0,0,2,2,intentActivityFound]
12-24 17:24:58.210  1546  2987 I wm_task_moved: [66,1,4]
12-24 17:24:58.588  2564  2564 I auditd  : type=1400 audit(0.0:12061050): avc: denied { ioctl } for comm="Binder_8" path="socket:[1376227]" dev="sockfs" ino=1376227 ioctlcmd=7704 scontext=u:r:system_server:s0 tcontext=u:r:system_server:s0 tclass=unix_stream_socket permissive=0
12-24 17:24:58.588  2564  2564 I auditd  : type=1400 audit(0.0:12061051): avc: denied { ioctl } for comm="Binder_8" path="socket:[1376227]" dev="sockfs" ino=1376227 ioctlcmd=7704 scontext=u:r:system_server:s0 tcontext=u:r:system_server:s0 tclass=unix_stream_socket permissive=0
12-24 17:24:58.595  1546  1546 I notification_enqueue: [1000,1546,android,17040375,NULL,-1,Notification(pri=0 contentView=null vibrate=null sound=null defaults=0x0 flags=0x2 color=0xff060059 category=sys vis=PRIVATE),1]
12-24 17:24:58.604  1546  1546 I notification_canceled: [-1|android|17040375|null|1000|0,8,1391,10,0]
12-24 17:24:58.648  2204  2204 I auditd  : type=1400 audit(0.0:12061052): avc: denied { ioctl } for comm="Binder_4" path="socket:[1376227]" dev="sockfs" ino=1376227 ioctlcmd=7704 scontext=u:r:system_server:s0 tcontext=u:r:system_server:s0 tclass=unix_stream_socket permissive=0
12-24 17:24:58.648  2204  2204 I auditd  : type=1400 audit(0.0:12061053): avc: denied { ioctl } for comm="Binder_4" path="socket:[1376227]" dev="sockfs" ino=1376227 ioctlcmd=7704 scontext=u:r:system_server:s0 tcontext=u:r:system_server:s0 tclass=unix_stream_socket permissive=0
12-24 17:24:58.751  1546  2987 I am_home_stack_moved: [0,0,2,2,intentActivityFound]
12-24 17:24:58.751  1546  2987 I wm_task_moved: [66,1,4]
12-24 17:24:58.818  2204  2204 I auditd  : type=1400 audit(0.0:12061054): avc: denied { ioctl } for comm="Binder_4" path="socket:[1376227]" dev="sockfs" ino=1376227 ioctlcmd=7704 scontext=u:r:system_server:s0 tcontext=u:r:system_server:s0 tclass=unix_stream_socket permissive=0
12-24 17:24:58.818  2204  2204 I auditd  : type=1400 audit(0.0:12061055): avc: denied { ioctl } for comm="Binder_4" path="socket:[1376227]" dev="sockfs" ino=1376227 ioctlcmd=7704 scontext=u:r:system_server:s0 tcontext=u:r:system_server:s0 tclass=unix_stream_socket permissive=0
12-24 17:24:58.861  1546  2513 I am_home_stack_moved: [0,0,2,2,intentActivityFound]
12-24 17:24:58.861  1546  2513 I wm_task_moved: [66,1,4]
12-24 17:24:58.918  2987  2987 I auditd  : type=1400 audit(0.0:12061056): avc: denied { ioctl } for comm="Binder_A" path="socket:[1376227]" dev="sockfs" ino=1376227 ioctlcmd=7704 scontext=u:r:system_server:s0 tcontext=u:r:system_server:s0 tclass=unix_stream_socket permissive=0
12-24 17:24:58.918  2987  2987 I auditd  : type=1400 audit(0.0:12061057): avc: denied { ioctl } for comm="Binder_A" path="socket:[1376227]" dev="sockfs" ino=1376227 ioctlcmd=7704 scontext=u:r:system_server:s0 tcontext=u:r:system_server:s0 tclass=unix_stream_socket permissive=0
12-24 17:24:59.118  2986  2986 I auditd  : type=1400 audit(0.0:12061058): avc: denied { ioctl } for comm="Binder_9" path="socket:[1376227]" dev="sockfs" ino=1376227 ioctlcmd=7704 scontext=u:r:system_server:s0 tcontext=u:r:system_server:s0 tclass=unix_stream_socket permissive=0
12-24 17:24:59.118  2986  2986 I auditd  : type=1400 audit(0.0:12061059): avc: denied { ioctl } for comm="Binder_9" path="socket:[1376227]" dev="sockfs" ino=1376227 ioctlcmd=7704 scontext=u:r:system_server:s0 tcontext=u:r:system_server:s0 tclass=unix_stream_socket permissive=0
12-24 17:24:59.433  1546  1546 I notification_enqueue: [1000,1546,android,17040375,NULL,-1,Notification(pri=0 contentView=null vibrate=null sound=null defaults=0x0 flags=0x2 color=0xff060059 category=sys vis=PRIVATE),0]
12-24 17:24:59.437  1546  1546 I notification_enqueue: [1000,1546,android,17040375,NULL,-1,Notification(pri=0 contentView=null vibrate=null sound=null defaults=0x0 flags=0x2 color=0xff060059 category=sys vis=PRIVATE),1]
12-24 17:24:59.553  1546  1546 I notification_enqueue: [1000,1546,android,17040375,NULL,-1,Notification(pri=0 contentView=null vibrate=null sound=null defaults=0x0 flags=0x2 color=0xff060059 category=sys vis=PRIVATE),1]
12-24 17:24:59.758  3008  3008 I auditd  : type=1400 audit(0.0:12061060): avc: denied { ioctl } for comm="Binder_C" path="socket:[1376227]" dev="sockfs" ino=1376227 ioctlcmd=7704 scontext=u:r:system_server:s0 tcontext=u:r:system_server:s0 tclass=unix_stream_socket permissive=0
12-24 17:24:59.758  3008  3008 I auditd  : type=1400 audit(0.0:12061061): avc: denied { ioctl } for comm="Binder_C" path="socket:[1376227]" dev="sockfs" ino=1376227 ioctlcmd=7704 scontext=u:r:system_server:s0 tcontext=u:r:system_server:s0 tclass=unix_stream_socket permissive=0
12-24 17:24:59.765  1546  1546 I notification_enqueue: [1000,1546,android,17040375,NULL,-1,Notification(pri=0 contentView=null vibrate=null sound=null defaults=0x0 flags=0x2 color=0xff060059 category=sys vis=PRIVATE),1]
12-24 17:24:59.858  1570  1570 I auditd  : type=1400 audit(0.0:12061062): avc: denied { ioctl } for comm="Binder_2" path="socket:[1376227]" dev="sockfs" ino=1376227 ioctlcmd=7704 scontext=u:r:system_server:s0 tcontext=u:r:system_server:s0 tclass=unix_stream_socket permissive=0
12-24 17:24:59.858  1570  1570 I auditd  : type=1400 audit(0.0:12061063): avc: denied { ioctl } for comm="Binder_2" path="socket:[1376227]" dev="sockfs" ino=1376227 ioctlcmd=7704 scontext=u:r:system_server:s0 tcontext=u:r:system_server:s0 tclass=unix_stream_socket permissive=0
12-24 17:24:59.867  1546  1546 I notification_enqueue: [1000,1546,android,17040375,NULL,-1,Notification(pri=0 contentView=null vibrate=null sound=null defaults=0x0 flags=0x2 color=0xff060059 category=sys vis=PRIVATE),1]
12-24 17:24:59.873  1546  1546 I notification_enqueue: [1000,1546,android,17040375,NULL,-1,Notification(pri=0 contentView=null vibrate=null sound=null defaults=0x0 flags=0x2 color=0xff060059 category=sys vis=PRIVATE),1]
12-24 17:25:00.018  3008  3008 I auditd  : type=1400 audit(0.0:12061064): avc: denied { ioctl } for comm="Binder_C" path="socket:[1466799]" dev="sockfs" ino=1466799 ioctlcmd=7704 scontext=u:r:system_server:s0 tcontext=u:r:system_server:s0 tclass=unix_stream_socket permissive=0
12-24 17:25:00.018  3008  3008 I auditd  : type=1400 audit(0.0:12061065): avc: denied { ioctl } for comm="Binder_C" path="socket:[1466799]" dev="sockfs" ino=1466799 ioctlcmd=7704 scontext=u:r:system_server:s0 tcontext=u:r:system_server:s0 tclass=unix_stream_socket permissive=0
12-24 17:25:00.019  1546  1546 I notification_enqueue: [1000,1546,android,17040375,NULL,-1,Notification(pri=0 contentView=null vibrate=null sound=null defaults=0x0 flags=0x2 color=0xff060059 category=sys vis=PRIVATE),1]
12-24 17:25:00.107  1546  1588 I am_pss  : [13598,10299,com.tianyancha.skyeye,139536384,125747200]
12-24 17:25:00.133  1546  1546 I notification_enqueue: [1000,1546,android,17040375,NULL,-1,Notification(pri=0 contentView=null vibrate=null sound=null defaults=0x0 flags=0x2 color=0xff060059 category=sys vis=PRIVATE),1]
12-24 17:25:00.688  3008  3008 I auditd  : type=1400 audit(0.0:12061066): avc: denied { ioctl } for comm="Binder_C" path="socket:[1376227]" dev="sockfs" ino=1376227 ioctlcmd=7704 scontext=u:r:system_server:s0 tcontext=u:r:system_server:s0 tclass=unix_stream_socket permissive=0
12-24 17:25:00.688  3008  3008 I auditd  : type=1400 audit(0.0:12061067): avc: denied { ioctl } for comm="Binder_C" path="socket:[1376227]" dev="sockfs" ino=1376227 ioctlcmd=7704 scontext=u:r:system_server:s0 tcontext=u:r:system_server:s0 tclass=unix_stream_socket permissive=0
12-24 17:25:00.701  1546  1546 I notification_enqueue: [1000,1546,android,17040375,NULL,-1,Notification(pri=0 contentView=null vibrate=null sound=null defaults=0x0 flags=0x2 color=0xff060059 category=sys vis=PRIVATE),1]
12-24 17:25:00.858  2987  2987 I auditd  : type=1400 audit(0.0:12061068): avc: denied { ioctl } for comm="Binder_A" path="socket:[1376227]" dev="sockfs" ino=1376227 ioctlcmd=7704 scontext=u:r:system_server:s0 tcontext=u:r:system_server:s0 tclass=unix_stream_socket permissive=0
12-24 17:25:00.858  2987  2987 I auditd  : type=1400 audit(0.0:12061069): avc: denied { ioctl } for comm="Binder_A" path="socket:[1376227]" dev="sockfs" ino=1376227 ioctlcmd=7704 scontext=u:r:system_server:s0 tcontext=u:r:system_server:s0 tclass=unix_stream_socket permissive=0
12-24 17:25:00.870  1546  1546 I notification_enqueue: [1000,1546,android,17040375,NULL,-1,Notification(pri=0 contentView=null vibrate=null sound=null defaults=0x0 flags=0x2 color=0xff060059 category=sys vis=PRIVATE),1]
12-24 17:25:01.328  2205  2205 I auditd  : type=1400 audit(0.0:12061070): avc: denied { ioctl } for comm="Binder_5" path="socket:[1376227]" dev="sockfs" ino=1376227 ioctlcmd=7704 scontext=u:r:system_server:s0 tcontext=u:r:system_server:s0 tclass=unix_stream_socket permissive=0
12-24 17:25:01.328  2205  2205 I auditd  : type=1400 audit(0.0:12061071): avc: denied { ioctl } for comm="Binder_5" path="socket:[1376227]" dev="sockfs" ino=1376227 ioctlcmd=7704 scontext=u:r:system_server:s0 tcontext=u:r:system_server:s0 tclass=unix_stream_socket permissive=0
12-24 17:25:01.336  1546  1546 I notification_enqueue: [1000,1546,android,17040375,NULL,-1,Notification(pri=0 contentView=null vibrate=null sound=null defaults=0x0 flags=0x2 color=0xff060059 category=sys vis=PRIVATE),1]
12-24 17:25:01.478  3284  3284 I auditd  : type=1400 audit(0.0:12061072): avc: denied { ioctl } for comm="Binder_10" path="socket:[1376227]" dev="sockfs" ino=1376227 ioctlcmd=7704 scontext=u:r:system_server:s0 tcontext=u:r:system_server:s0 tclass=unix_stream_socket permissive=0
12-24 17:25:01.478  3284  3284 I auditd  : type=1400 audit(0.0:12061073): avc: denied { ioctl } for comm="Binder_10" path="socket:[1376227]" dev="sockfs" ino=1376227 ioctlcmd=7704 scontext=u:r:system_server:s0 tcontext=u:r:system_server:s0 tclass=unix_stream_socket permissive=0
12-24 17:25:01.485  1546  1546 I notification_enqueue: [1000,1546,android,17040375,NULL,-1,Notification(pri=0 contentView=null vibrate=null sound=null defaults=0x0 flags=0x2 color=0xff060059 category=sys vis=PRIVATE),1]
12-24 17:25:01.748  2987  2987 I auditd  : type=1400 audit(0.0:12061074): avc: denied { ioctl } for comm="Binder_A" path="socket:[1464213]" dev="sockfs" ino=1464213 ioctlcmd=7704 scontext=u:r:system_server:s0 tcontext=u:r:system_server:s0 tclass=unix_stream_socket permissive=0
12-24 17:25:01.748  2987  2987 I auditd  : type=1400 audit(0.0:12061075): avc: denied { ioctl } for comm="Binder_A" path="socket:[1464213]" dev="sockfs" ino=1464213 ioctlcmd=7704 scontext=u:r:system_server:s0 tcontext=u:r:system_server:s0 tclass=unix_stream_socket permissive=0
12-24 17:25:01.751  1546  1546 I notification_enqueue: [1000,1546,android,17040375,NULL,-1,Notification(pri=0 contentView=null vibrate=null sound=null defaults=0x0 flags=0x2 color=0xff060059 category=sys vis=PRIVATE),1]
12-24 17:25:02.254  1546  1546 I notification_enqueue: [1000,1546,android,17040375,NULL,-1,Notification(pri=0 contentView=null vibrate=null sound=null defaults=0x0 flags=0x2 color=0xff060059 category=sys vis=PRIVATE),1]
12-24 17:25:02.302  1546  2986 I am_home_stack_moved: [0,0,2,2,intentActivityFound]
12-24 17:25:02.302  1546  2986 I wm_task_moved: [66,1,4]
12-24 17:25:02.424  1546  1546 I notification_enqueue: [1000,1546,android,17040375,NULL,-1,Notification(pri=0 contentView=null vibrate=null sound=null defaults=0x0 flags=0x2 color=0xff060059 category=sys vis=PRIVATE),1]
12-24 17:25:02.633  1546  1546 I notification_enqueue: [1000,1546,android,17040375,NULL,-1,Notification(pri=0 contentView=null vibrate=null sound=null defaults=0x0 flags=0x2 color=0xff060059 category=sys vis=PRIVATE),1]
12-24 17:25:02.701  1546  3008 I am_proc_start: [0,18252,10113,com.qiku.music.service,broadcast,com.qiku.music/.service.MediaButtonIntentReceiver]
12-24 17:25:02.723  1546  3004 I am_proc_bound: [0,18252,com.qiku.music.service]
12-24 17:25:02.978  3019  3019 I auditd  : type=1400 audit(0.0:12061076): avc: denied { ioctl } for comm="Binder_E" path="socket:[1376227]" dev="sockfs" ino=1376227 ioctlcmd=7704 scontext=u:r:system_server:s0 tcontext=u:r:system_server:s0 tclass=unix_stream_socket permissive=0
12-24 17:25:02.978  3019  3019 I auditd  : type=1400 audit(0.0:12061077): avc: denied { ioctl } for comm="Binder_E" path="socket:[1376227]" dev="sockfs" ino=1376227 ioctlcmd=7704 scontext=u:r:system_server:s0 tcontext=u:r:system_server:s0 tclass=unix_stream_socket permissive=0
12-24 17:25:02.988  3017  3017 I auditd  : type=1400 audit(0.0:12061078): avc: denied { ioctl } for comm="Binder_D" path="socket:[1376227]" dev="sockfs" ino=1376227 ioctlcmd=7704 scontext=u:r:system_server:s0 tcontext=u:r:system_server:s0 tclass=unix_stream_socket permissive=0
12-24 17:25:02.988  3017  3017 I auditd  : type=1400 audit(0.0:12061079): avc: denied { ioctl } for comm="Binder_D" path="socket:[1376227]" dev="sockfs" ino=1376227 ioctlcmd=7704 scontext=u:r:system_server:s0 tcontext=u:r:system_server:s0 tclass=unix_stream_socket permissive=0
12-24 17:25:02.990  1546  1546 I notification_enqueue: [1000,1546,android,17040375,NULL,-1,Notification(pri=0 contentView=null vibrate=null sound=null defaults=0x0 flags=0x2 color=0xff060059 category=sys vis=PRIVATE),1]
12-24 17:25:03.000  1546  1546 I notification_enqueue: [1000,1546,android,17040375,NULL,-1,Notification(pri=0 contentView=null vibrate=null sound=null defaults=0x0 flags=0x2 color=0xff060059 category=sys vis=PRIVATE),1]
12-24 17:25:03.012  1546  1546 I notification_enqueue: [1000,1546,android,17040375,NULL,-1,Notification(pri=0 contentView=null vibrate=null sound=null defaults=0x0 flags=0x2 color=0xff060059 category=sys vis=PRIVATE),1]
12-24 17:25:03.216  1546  3017 I am_home_stack_moved: [0,0,2,2,intentActivityFound]
12-24 17:25:03.216  1546  3017 I wm_task_moved: [66,1,4]
12-24 17:25:03.396  1546  1546 I notification_enqueue: [1000,1546,android,17040375,NULL,-1,Notification(pri=0 contentView=null vibrate=null sound=null defaults=0x0 flags=0x2 color=0xff060059 category=sys vis=PRIVATE),1]
12-24 17:25:03.508  1546  1546 I notification_canceled: [-1|android|17040375|null|1000|0,8,4075,113,0]
12-24 17:25:04.048  1569  1569 I auditd  : type=1400 audit(0.0:12061080): avc: denied { ioctl } for comm="Binder_1" path="socket:[1376227]" dev="sockfs" ino=1376227 ioctlcmd=7704 scontext=u:r:system_server:s0 tcontext=u:r:system_server:s0 tclass=unix_stream_socket permissive=0
12-24 17:25:04.048  1569  1569 I auditd  : type=1400 audit(0.0:12061081): avc: denied { ioctl } for comm="Binder_1" path="socket:[1376227]" dev="sockfs" ino=1376227 ioctlcmd=7704 scontext=u:r:system_server:s0 tcontext=u:r:system_server:s0 tclass=unix_stream_socket permissive=0
12-24 17:25:04.178  3017  3017 I auditd  : type=1400 audit(0.0:12061082): avc: denied { ioctl } for comm="Binder_D" path="socket:[1376227]" dev="sockfs" ino=1376227 ioctlcmd=7704 scontext=u:r:system_server:s0 tcontext=u:r:system_server:s0 tclass=unix_stream_socket permissive=0
12-24 17:25:04.178  3017  3017 I auditd  : type=1400 audit(0.0:12061083): avc: denied { ioctl } for comm="Binder_D" path="socket:[1376227]" dev="sockfs" ino=1376227 ioctlcmd=7704 scontext=u:r:system_server:s0 tcontext=u:r:system_server:s0 tclass=unix_stream_socket permissive=0
12-24 17:25:04.288  2986  2986 I auditd  : type=1400 audit(0.0:12061084): avc: denied { ioctl } for comm="Binder_9" path="socket:[1376227]" dev="sockfs" ino=1376227 ioctlcmd=7704 scontext=u:r:system_server:s0 tcontext=u:r:system_server:s0 tclass=unix_stream_socket permissive=0
12-24 17:25:04.288  2986  2986 I auditd  : type=1400 audit(0.0:12061085): avc: denied { ioctl } for comm="Binder_9" path="socket:[1376227]" dev="sockfs" ino=1376227 ioctlcmd=7704 scontext=u:r:system_server:s0 tcontext=u:r:system_server:s0 tclass=unix_stream_socket permissive=0
12-24 17:25:04.348  3017  3017 I auditd  : type=1400 audit(0.0:12061086): avc: denied { ioctl } for comm="Binder_D" path="socket:[1376227]" dev="sockfs" ino=1376227 ioctlcmd=7704 scontext=u:r:system_server:s0 tcontext=u:r:system_server:s0 tclass=unix_stream_socket permissive=0
12-24 17:25:04.348  3017  3017 I auditd  : type=1400 audit(0.0:12061087): avc: denied { ioctl } for comm="Binder_D" path="socket:[1376227]" dev="sockfs" ino=1376227 ioctlcmd=7704 scontext=u:r:system_server:s0 tcontext=u:r:system_server:s0 tclass=unix_stream_socket permissive=0
12-24 17:25:04.668  2513  2513 I auditd  : type=1400 audit(0.0:12061088): avc: denied { ioctl } for comm="Binder_7" path="socket:[1376227]" dev="sockfs" ino=1376227 ioctlcmd=7704 scontext=u:r:system_server:s0 tcontext=u:r:system_server:s0 tclass=unix_stream_socket permissive=0
12-24 17:25:04.668  2513  2513 I auditd  : type=1400 audit(0.0:12061089): avc: denied { ioctl } for comm="Binder_7" path="socket:[1376227]" dev="sockfs" ino=1376227 ioctlcmd=7704 scontext=u:r:system_server:s0 tcontext=u:r:system_server:s0 tclass=unix_stream_socket permissive=0
12-24 17:25:04.788  3020  3020 I auditd  : type=1400 audit(0.0:12061090): avc: denied { ioctl } for comm="Binder_F" path="socket:[1376227]" dev="sockfs" ino=1376227 ioctlcmd=7704 scontext=u:r:system_server:s0 tcontext=u:r:system_server:s0 tclass=unix_stream_socket permissive=0
12-24 17:25:04.788  3020  3020 I auditd  : type=1400 audit(0.0:12061091): avc: denied { ioctl } for comm="Binder_F" path="socket:[1376227]" dev="sockfs" ino=1376227 ioctlcmd=7704 scontext=u:r:system_server:s0 tcontext=u:r:system_server:s0 tclass=unix_stream_socket permissive=0
12-24 17:25:04.848  2987  2987 I auditd  : type=1400 audit(0.0:12061092): avc: denied { ioctl } for comm="Binder_A" path="socket:[1376227]" dev="sockfs" ino=1376227 ioctlcmd=7704 scontext=u:r:system_server:s0 tcontext=u:r:system_server:s0 tclass=unix_stream_socket permissive=0
12-24 17:25:04.848  2987  2987 I auditd  : type=1400 audit(0.0:12061093): avc: denied { ioctl } for comm="Binder_A" path="socket:[1376227]" dev="sockfs" ino=1376227 ioctlcmd=7704 scontext=u:r:system_server:s0 tcontext=u:r:system_server:s0 tclass=unix_stream_socket permissive=0
12-24 17:25:04.858  3019  3019 I auditd  : type=1400 audit(0.0:12061094): avc: denied { ioctl } for comm="Binder_E" path="socket:[1376227]" dev="sockfs" ino=1376227 ioctlcmd=7704 scontext=u:r:system_server:s0 tcontext=u:r:system_server:s0 tclass=unix_stream_socket permissive=0
12-24 17:25:04.858  3019  3019 I auditd  : type=1400 audit(0.0:12061095): avc: denied { ioctl } for comm="Binder_E" path="socket:[1376227]" dev="sockfs" ino=1376227 ioctlcmd=7704 scontext=u:r:system_server:s0 tcontext=u:r:system_server:s0 tclass=unix_stream_socket permissive=0
12-24 17:25:04.868  1570  1570 I auditd  : type=1400 audit(0.0:12061096): avc: denied { ioctl } for comm="Binder_2" path="socket:[1376227]" dev="sockfs" ino=1376227 ioctlcmd=7704 scontext=u:r:system_server:s0 tcontext=u:r:system_server:s0 tclass=unix_stream_socket permissive=0
12-24 17:25:04.868  1570  1570 I auditd  : type=1400 audit(0.0:12061097): avc: denied { ioctl } for comm="Binder_2" path="socket:[1376227]" dev="sockfs" ino=1376227 ioctlcmd=7704 scontext=u:r:system_server:s0 tcontext=u:r:system_server:s0 tclass=unix_stream_socket permissive=0
12-24 17:25:05.018  2374  2374 I auditd  : type=1400 audit(0.0:12061098): avc: denied { ioctl } for comm="Binder_6" path="socket:[1376227]" dev="sockfs" ino=1376227 ioctlcmd=7704 scontext=u:r:system_server:s0 tcontext=u:r:system_server:s0 tclass=unix_stream_socket permissive=0
12-24 17:25:05.018  2374  2374 I auditd  : type=1400 audit(0.0:12061099): avc: denied { ioctl } for comm="Binder_6" path="socket:[1376227]" dev="sockfs" ino=1376227 ioctlcmd=7704 scontext=u:r:system_server:s0 tcontext=u:r:system_server:s0 tclass=unix_stream_socket permissive=0
12-24 17:25:05.168  2987  2987 I auditd  : type=1400 audit(0.0:12061100): avc: denied { ioctl } for comm="Binder_A" path="socket:[1376227]" dev="sockfs" ino=1376227 ioctlcmd=7704 scontext=u:r:system_server:s0 tcontext=u:r:system_server:s0 tclass=unix_stream_socket permissive=0
12-24 17:25:05.168  2987  2987 I auditd  : type=1400 audit(0.0:12061101): avc: denied { ioctl } for comm="Binder_A" path="socket:[1376227]" dev="sockfs" ino=1376227 ioctlcmd=7704 scontext=u:r:system_server:s0 tcontext=u:r:system_server:s0 tclass=unix_stream_socket permissive=0
12-24 17:25:05.198  2204  2204 I auditd  : type=1400 audit(0.0:12061102): avc: denied { ioctl } for comm="Binder_4" path="socket:[1376227]" dev="sockfs" ino=1376227 ioctlcmd=7704 scontext=u:r:system_server:s0 tcontext=u:r:system_server:s0 tclass=unix_stream_socket permissive=0
12-24 17:25:05.198  2204  2204 I auditd  : type=1400 audit(0.0:12061103): avc: denied { ioctl } for comm="Binder_4" path="socket:[1376227]" dev="sockfs" ino=1376227 ioctlcmd=7704 scontext=u:r:system_server:s0 tcontext=u:r:system_server:s0 tclass=unix_stream_socket permissive=0
12-24 17:25:05.248  3020  3020 I auditd  : type=1400 audit(0.0:12061104): avc: denied { ioctl } for comm="Binder_F" path="socket:[1376227]" dev="sockfs" ino=1376227 ioctlcmd=7704 scontext=u:r:system_server:s0 tcontext=u:r:system_server:s0 tclass=unix_stream_socket permissive=0
12-24 17:25:05.248  3020  3020 I auditd  : type=1400 audit(0.0:12061105): avc: denied { ioctl } for comm="Binder_F" path="socket:[1376227]" dev="sockfs" ino=1376227 ioctlcmd=7704 scontext=u:r:system_server:s0 tcontext=u:r:system_server:s0 tclass=unix_stream_socket permissive=0
12-24 17:25:05.258  2513  2513 I auditd  : type=1400 audit(0.0:12061106): avc: denied { ioctl } for comm="Binder_7" path="socket:[1376227]" dev="sockfs" ino=1376227 ioctlcmd=7704 scontext=u:r:system_server:s0 tcontext=u:r:system_server:s0 tclass=unix_stream_socket permissive=0
12-24 17:25:05.258  2513  2513 I auditd  : type=1400 audit(0.0:12061107): avc: denied { ioctl } for comm="Binder_7" path="socket:[1376227]" dev="sockfs" ino=1376227 ioctlcmd=7704 scontext=u:r:system_server:s0 tcontext=u:r:system_server:s0 tclass=unix_stream_socket permissive=0
12-24 17:25:05.386  1546  1546 I notification_enqueue: [1000,1546,android,17040375,NULL,-1,Notification(pri=0 contentView=null vibrate=null sound=null defaults=0x0 flags=0x2 color=0xff060059 category=sys vis=PRIVATE),0]
12-24 17:25:05.394  1546  1546 I notification_enqueue: [1000,1546,android,17040375,NULL,-1,Notification(pri=0 contentView=null vibrate=null sound=null defaults=0x0 flags=0x2 color=0xff060059 category=sys vis=PRIVATE),1]
12-24 17:25:05.639  1546  3284 I am_home_stack_moved: [0,0,2,2,intentActivityFound]
12-24 17:25:05.639  1546  3284 I wm_task_moved: [66,1,4]
12-24 17:25:05.698  1864  1864 I auditd  : type=1400 audit(0.0:12061108): avc: denied { ioctl } for comm="Binder_3" path="socket:[1376227]" dev="sockfs" ino=1376227 ioctlcmd=7704 scontext=u:r:system_server:s0 tcontext=u:r:system_server:s0 tclass=unix_stream_socket permissive=0
12-24 17:25:05.698  1864  1864 I auditd  : type=1400 audit(0.0:12061109): avc: denied { ioctl } for comm="Binder_3" path="socket:[1376227]" dev="sockfs" ino=1376227 ioctlcmd=7704 scontext=u:r:system_server:s0 tcontext=u:r:system_server:s0 tclass=unix_stream_socket permissive=0
12-24 17:25:05.712  1546  1546 I notification_enqueue: [1000,1546,android,17040375,NULL,-1,Notification(pri=0 contentView=null vibrate=null sound=null defaults=0x0 flags=0x2 color=0xff060059 category=sys vis=PRIVATE),1]
12-24 17:25:05.798  2204  2204 I auditd  : type=1400 audit(0.0:12061110): avc: denied { ioctl } for comm="Binder_4" path="socket:[1376227]" dev="sockfs" ino=1376227 ioctlcmd=7704 scontext=u:r:system_server:s0 tcontext=u:r:system_server:s0 tclass=unix_stream_socket permissive=0
12-24 17:25:05.798  2204  2204 I auditd  : type=1400 audit(0.0:12061111): avc: denied { ioctl } for comm="Binder_4" path="socket:[1376227]" dev="sockfs" ino=1376227 ioctlcmd=7704 scontext=u:r:system_server:s0 tcontext=u:r:system_server:s0 tclass=unix_stream_socket permissive=0
12-24 17:25:05.812  1546  1546 I notification_enqueue: [1000,1546,android,17040375,NULL,-1,Notification(pri=0 contentView=null vibrate=null sound=null defaults=0x0 flags=0x2 color=0xff060059 category=sys vis=PRIVATE),1]
12-24 17:25:05.816  1546  1546 I notification_enqueue: [1000,1546,android,17040375,NULL,-1,Notification(pri=0 contentView=null vibrate=null sound=null defaults=0x0 flags=0x2 color=0xff060059 category=sys vis=PRIVATE),1]
12-24 17:25:05.948  3019  3019 I auditd  : type=1400 audit(0.0:12061112): avc: denied { ioctl } for comm="Binder_E" path="socket:[1376227]" dev="sockfs" ino=1376227 ioctlcmd=7704 scontext=u:r:system_server:s0 tcontext=u:r:system_server:s0 tclass=unix_stream_socket permissive=0
12-24 17:25:05.948  3019  3019 I auditd  : type=1400 audit(0.0:12061113): avc: denied { ioctl } for comm="Binder_E" path="socket:[1376227]" dev="sockfs" ino=1376227 ioctlcmd=7704 scontext=u:r:system_server:s0 tcontext=u:r:system_server:s0 tclass=unix_stream_socket permissive=0
12-24 17:25:05.955  1546  1546 I notification_enqueue: [1000,1546,android,17040375,NULL,-1,Notification(pri=0 contentView=null vibrate=null sound=null defaults=0x0 flags=0x2 color=0xff060059 category=sys vis=PRIVATE),1]
12-24 17:25:05.956  1546  1546 I notification_canceled: [-1|android|17040375|null|1000|0,8,571,1,0]
12-24 17:25:06.408  3004  3004 I auditd  : type=1400 audit(0.0:12061114): avc: denied { ioctl } for comm="Binder_B" path="socket:[1376227]" dev="sockfs" ino=1376227 ioctlcmd=7704 scontext=u:r:system_server:s0 tcontext=u:r:system_server:s0 tclass=unix_stream_socket permissive=0
12-24 17:25:06.408  3004  3004 I auditd  : type=1400 audit(0.0:12061115): avc: denied { ioctl } for comm="Binder_B" path="socket:[1376227]" dev="sockfs" ino=1376227 ioctlcmd=7704 scontext=u:r:system_server:s0 tcontext=u:r:system_server:s0 tclass=unix_stream_socket permissive=0
12-24 17:25:06.558  2205  2205 I auditd  : type=1400 audit(0.0:12061116): avc: denied { ioctl } for comm="Binder_5" path="socket:[1376227]" dev="sockfs" ino=1376227 ioctlcmd=7704 scontext=u:r:system_server:s0 tcontext=u:r:system_server:s0 tclass=unix_stream_socket permissive=0
12-24 17:25:06.558  2205  2205 I auditd  : type=1400 audit(0.0:12061117): avc: denied { ioctl } for comm="Binder_5" path="socket:[1376227]" dev="sockfs" ino=1376227 ioctlcmd=7704 scontext=u:r:system_server:s0 tcontext=u:r:system_server:s0 tclass=unix_stream_socket permissive=0
12-24 17:25:06.758  2986  2986 I auditd  : type=1400 audit(0.0:12061118): avc: denied { ioctl } for comm="Binder_9" path="socket:[1376227]" dev="sockfs" ino=1376227 ioctlcmd=7704 scontext=u:r:system_server:s0 tcontext=u:r:system_server:s0 tclass=unix_stream_socket permissive=0
12-24 17:25:06.758  2986  2986 I auditd  : type=1400 audit(0.0:12061119): avc: denied { ioctl } for comm="Binder_9" path="socket:[1376227]" dev="sockfs" ino=1376227 ioctlcmd=7704 scontext=u:r:system_server:s0 tcontext=u:r:system_server:s0 tclass=unix_stream_socket permissive=0
12-24 17:25:06.821  1546  1546 I notification_enqueue: [1000,1546,android,17040375,NULL,-1,Notification(pri=0 contentView=null vibrate=null sound=null defaults=0x0 flags=0x2 color=0xff060059 category=sys vis=PRIVATE),0]
12-24 17:25:06.826  1546  1546 I notification_enqueue: [1000,1546,android,17040375,NULL,-1,Notification(pri=0 contentView=null vibrate=null sound=null defaults=0x0 flags=0x2 color=0xff060059 category=sys vis=PRIVATE),1]
12-24 17:25:06.943  1546  1546 I notification_enqueue: [1000,1546,android,17040375,NULL,-1,Notification(pri=0 contentView=null vibrate=null sound=null defaults=0x0 flags=0x2 color=0xff060059 category=sys vis=PRIVATE),1]
12-24 17:25:07.118  1546  1546 I notification_enqueue: [1000,1546,android,17040375,NULL,-1,Notification(pri=0 contentView=null vibrate=null sound=null defaults=0x0 flags=0x2 color=0xff060059 category=sys vis=PRIVATE),1]
12-24 17:25:07.388  1546  1546 I notification_enqueue: [1000,1546,android,17040375,NULL,-1,Notification(pri=0 contentView=null vibrate=null sound=null defaults=0x0 flags=0x2 color=0xff060059 category=sys vis=PRIVATE),1]
12-24 17:25:07.838  2986  2986 I auditd  : type=1400 audit(0.0:12061120): avc: denied { ioctl } for comm="Binder_9" path="socket:[1376227]" dev="sockfs" ino=1376227 ioctlcmd=7704 scontext=u:r:system_server:s0 tcontext=u:r:system_server:s0 tclass=unix_stream_socket permissive=0
12-24 17:25:07.838  2986  2986 I auditd  : type=1400 audit(0.0:12061121): avc: denied { ioctl } for comm="Binder_9" path="socket:[1376227]" dev="sockfs" ino=1376227 ioctlcmd=7704 scontext=u:r:system_server:s0 tcontext=u:r:system_server:s0 tclass=unix_stream_socket permissive=0
12-24 17:25:07.851  1546  1546 I notification_enqueue: [1000,1546,android,17040375,NULL,-1,Notification(pri=0 contentView=null vibrate=null sound=null defaults=0x0 flags=0x2 color=0xff060059 category=sys vis=PRIVATE),1]
12-24 17:25:07.898  1570  1570 I auditd  : type=1400 audit(0.0:12061122): avc: denied { ioctl } for comm="Binder_2" path="socket:[1470607]" dev="sockfs" ino=1470607 ioctlcmd=7704 scontext=u:r:system_server:s0 tcontext=u:r:system_server:s0 tclass=unix_stream_socket permissive=0
12-24 17:25:07.898  1570  1570 I auditd  : type=1400 audit(0.0:12061123): avc: denied { ioctl } for comm="Binder_2" path="socket:[1470607]" dev="sockfs" ino=1470607 ioctlcmd=7704 scontext=u:r:system_server:s0 tcontext=u:r:system_server:s0 tclass=unix_stream_socket permissive=0
12-24 17:25:07.918  1546  1588 I am_pss  : [18053,10006,android.process.acore,4584448,3342336]
