12-24 17:24:20.738   538   538 I auditd  : type=1400 audit(0.0:12060794): avc: denied { ioctl } for comm="Binder_1" path="socket:[1460417]" dev="sockfs" ino=1460417 ioctlcmd=7704 scontext=u:r:surfaceflinger:s0 tcontext=u:r:surfaceflinger:s0 tclass=unix_stream_socket permissive=0
12-24 17:24:20.738   538   538 I auditd  : type=1400 audit(0.0:12060795): avc: denied { ioctl } for comm="Binder_1" path="socket:[1460417]" dev="sockfs" ino=1460417 ioctlcmd=7704 scontext=u:r:surfaceflinger:s0 tcontext=u:r:surfaceflinger:s0 tclass=unix_stream_socket permissive=0
12-24 17:24:20.738  1570  1570 I auditd  : type=1400 audit(0.0:12060796): avc: denied { ioctl } for comm="Binder_2" path="socket:[1460421]" dev="sockfs" ino=1460421 ioctlcmd=7704 scontext=u:r:system_server:s0 tcontext=u:r:system_server:s0 tclass=unix_stream_socket permissive=0
12-24 17:24:20.738  1570  1570 I auditd  : type=1400 audit(0.0:12060797): avc: denied { ioctl } for comm="Binder_2" path="socket:[1460421]" dev="sockfs" ino=1460421 ioctlcmd=7704 scontext=u:r:system_server:s0 tcontext=u:r:system_server:s0 tclass=unix_stream_socket permissive=0
12-24 17:24:21.497  1546  1864 I am_proc_died: [0,17077,com.qihoo360.mobilesafe:WifiExam]
12-24 17:24:21.891  1546  1546 I notification_canceled: [0|com.android.systemui|1024|null|10032|0,8,1324,1324,0]
12-24 17:24:21.895  1546  3020 I am_kill : [0,13454,com.android.mms,15,empty #17]
12-24 17:24:21.898   485   485 I sf_frame_dur: [ScreenshotAnimation,16,4,3,0,0,0,0]
12-24 17:24:21.917  1546  1570 I am_proc_died: [0,13454,com.android.mms]
12-24 17:24:21.937  1546  1590 I am_proc_start: [0,17863,10021,com.android.mms,broadcast,com.android.mms/com.yulong.android.mms.receiver.DbChangeBroadcastReceiver]
12-24 17:24:21.965  1546  2564 I am_proc_bound: [0,17863,com.android.mms]
12-24 17:24:22.046  1546  2205 I am_kill : [0,13482,com.qiku.freecall,15,empty #17]
12-24 17:24:22.060  1546  2513 I am_proc_died: [0,13482,com.qiku.freecall]
12-24 17:24:22.098  1546  2205 I am_proc_start: [0,17890,10059,com.qiku.freecall,service,com.qiku.freecall/.service.FreeCallQuerySerivce]
12-24 17:24:22.120  1546  3020 I am_proc_bound: [0,17890,com.qiku.freecall]
12-24 17:24:22.158  3008  3008 I auditd  : type=1400 audit(0.0:12060798): avc: denied { ioctl } for comm="Binder_C" path="socket:[1459631]" dev="sockfs" ino=1459631 ioctlcmd=7704 scontext=u:r:system_server:s0 tcontext=u:r:system_server:s0 tclass=unix_stream_socket permissive=0
12-24 17:24:22.158  3008  3008 I auditd  : type=1400 audit(0.0:12060799): avc: denied { ioctl } for comm="Binder_C" path="socket:[1459631]" dev="sockfs" ino=1459631 ioctlcmd=7704 scontext=u:r:system_server:s0 tcontext=u:r:system_server:s0 tclass=unix_stream_socket permissive=0
12-24 17:24:22.193  1546  2205 I am_kill : [0,13506,com.qiku.android.virtualnumber,15,empty #17]
12-24 17:24:22.198  2513  2513 I auditd  : type=1400 audit(0.0:12060800): avc: denied { ioctl } for comm="Binder_7" path="socket:[1376227]" dev="sockfs" ino=1376227 ioctlcmd=7704 scontext=u:r:system_server:s0 tcontext=u:r:system_server:s0 tclass=unix_stream_socket permissive=0
12-24 17:24:22.198  2513  2513 I auditd  : type=1400 audit(0.0:12060801): avc: denied { ioctl } for comm="Binder_7" path="socket:[1376227]" dev="sockfs" ino=1376227 ioctlcmd=7704 scontext=u:r:system_server:s0 tcontext=u:r:system_server:s0 tclass=unix_stream_socket permissive=0
12-24 17:24:22.210  1546  3020 I am_proc_died: [0,13506,com.qiku.android.virtualnumber]
12-24 17:24:22.238  1570  1570 I auditd  : type=1400 audit(0.0:12060802): avc: denied { ioctl } for comm="Binder_2" path="socket:[1456983]" dev="sockfs" ino=1456983 ioctlcmd=7704 scontext=u:r:system_server:s0 tcontext=u:r:system_server:s0 tclass=unix_stream_socket permissive=0
12-24 17:24:22.238  1570  1570 I auditd  : type=1400 audit(0.0:12060803): avc: denied { ioctl } for comm="Binder_2" path="socket:[1456983]" dev="sockfs" ino=1456983 ioctlcmd=7704 scontext=u:r:system_server:s0 tcontext=u:r:system_server:s0 tclass=unix_stream_socket permissive=0
12-24 17:24:22.268  3019  3019 I auditd  : type=1400 audit(0.0:12060804): avc: denied { ioctl } for comm="Binder_E" path="socket:[1376227]" dev="sockfs" ino=1376227 ioctlcmd=7704 scontext=u:r:system_server:s0 tcontext=u:r:system_server:s0 tclass=unix_stream_socket permissive=0
12-24 17:24:22.268  3019  3019 I auditd  : type=1400 audit(0.0:12060805): avc: denied { ioctl } for comm="Binder_E" path="socket:[1376227]" dev="sockfs" ino=1376227 ioctlcmd=7704 scontext=u:r:system_server:s0 tcontext=u:r:system_server:s0 tclass=unix_stream_socket permissive=0
12-24 17:24:22.481  1546  1947 I netstats_mobile_sample: [0,0,0,0,0,0,0,0,0,0,0,0,1514107462488]
12-24 17:24:22.482  1546  1947 I netstats_wifi_sample: [669822246,1341114,64609545,341549,667620863,1271393,59816623,341177,570081969,613604,62434821,399162,1514107462488]
12-24 17:24:22.592  1546  2204 I am_kill : [0,17601,com.android.sc,11,stop com.android.sc]
12-24 17:24:22.614  1546  1546 I notification_cancel_all: [1000,1546,com.android.sc,0,0,0,5,NULL]
12-24 17:24:22.634  1546  1546 I free_storage_changed: 48574480384
12-24 17:24:22.748  1569  1569 I auditd  : type=1400 audit(0.0:12060806): avc: denied { ioctl } for comm="Binder_1" path="socket:[1376227]" dev="sockfs" ino=1376227 ioctlcmd=7704 scontext=u:r:system_server:s0 tcontext=u:r:system_server:s0 tclass=unix_stream_socket permissive=0
12-24 17:24:22.748  1569  1569 I auditd  : type=1400 audit(0.0:12060807): avc: denied { ioctl } for comm="Binder_1" path="socket:[1376227]" dev="sockfs" ino=1376227 ioctlcmd=7704 scontext=u:r:system_server:s0 tcontext=u:r:system_server:s0 tclass=unix_stream_socket permissive=0
12-24 17:24:22.818  3020  3020 I auditd  : type=1400 audit(0.0:12060808): avc: denied { ioctl } for comm="Binder_F" path="socket:[1376227]" dev="sockfs" ino=1376227 ioctlcmd=7704 scontext=u:r:system_server:s0 tcontext=u:r:system_server:s0 tclass=unix_stream_socket permissive=0
12-24 17:24:22.818  3020  3020 I auditd  : type=1400 audit(0.0:12060809): avc: denied { ioctl } for comm="Binder_F" path="socket:[1376227]" dev="sockfs" ino=1376227 ioctlcmd=7704 scontext=u:r:system_server:s0 tcontext=u:r:system_server:s0 tclass=unix_stream_socket permissive=0
12-24 17:24:23.114  1546  1546 I notification_enqueue: [1000,1546,android,17040375,NULL,-1,Notification(pri=0 contentView=null vibrate=null sound=null defaults=0x0 flags=0x2 color=0xff060059 category=sys vis=PRIVATE),0]
12-24 17:24:23.118  1546  1546 I notification_enqueue: [1000,1546,android,17040375,NULL,-1,Notification(pri=0 contentView=null vibrate=null sound=null defaults=0x0 flags=0x2 color=0xff060059 category=sys vis=PRIVATE),1]
12-24 17:24:23.279  1546  1546 I notification_enqueue: [1000,1546,android,17040375,NULL,-1,Notification(pri=0 contentView=null vibrate=null sound=null defaults=0x0 flags=0x2 color=0xff060059 category=sys vis=PRIVATE),1]
12-24 17:24:23.348  1569  1569 I auditd  : type=1400 audit(0.0:12060810): avc: denied { ioctl } for comm="Binder_1" path="socket:[1376227]" dev="sockfs" ino=1376227 ioctlcmd=7704 scontext=u:r:system_server:s0 tcontext=u:r:system_server:s0 tclass=unix_stream_socket permissive=0
12-24 17:24:23.348  1569  1569 I auditd  : type=1400 audit(0.0:12060811): avc: denied { ioctl } for comm="Binder_1" path="socket:[1376227]" dev="sockfs" ino=1376227 ioctlcmd=7704 scontext=u:r:system_server:s0 tcontext=u:r:system_server:s0 tclass=unix_stream_socket permissive=0
12-24 17:24:23.356  1546  1546 I notification_enqueue: [1000,1546,android,17040375,NULL,-1,Notification(pri=0 contentView=null vibrate=null sound=null defaults=0x0 flags=0x2 color=0xff060059 category=sys vis=PRIVATE),1]
12-24 17:24:23.358  2204  2204 I auditd  : type=1400 audit(0.0:12060812): avc: denied { ioctl } for comm="Binder_4" path="socket:[1376227]" dev="sockfs" ino=1376227 ioctlcmd=7704 scontext=u:r:system_server:s0 tcontext=u:r:system_server:s0 tclass=unix_stream_socket permissive=0
12-24 17:24:23.358  2204  2204 I auditd  : type=1400 audit(0.0:12060813): avc: denied { ioctl } for comm="Binder_4" path="socket:[1376227]" dev="sockfs" ino=1376227 ioctlcmd=7704 scontext=u:r:system_server:s0 tcontext=u:r:system_server:s0 tclass=unix_stream_socket permissive=0
12-24 17:24:23.363  1546  1546 I notification_enqueue: [1000,1546,android,17040375,NULL,-1,Notification(pri=0 contentView=null vibrate=null sound=null defaults=0x0 flags=0x2 color=0xff060059 category=sys vis=PRIVATE),1]
12-24 17:24:23.772  1546  2513 I am_home_stack_moved: [0,0,2,2,intentActivityFound]
12-24 17:24:23.772  1546  2513 I wm_task_moved: [66,1,4]
12-24 17:24:23.832  1546  1546 I notification_enqueue: [1000,1546,android,17040375,NULL,-1,Notification(pri=0 contentView=null vibrate=null sound=null defaults=0x0 flags=0x2 color=0xff060059 category=sys vis=PRIVATE),1]
12-24 17:24:23.934  1546  3008 I am_home_stack_moved: [0,0,2,2,intentActivityFound]
12-24 17:24:23.934  1546  3008 I wm_task_moved: [66,1,4]
12-24 17:24:23.998  3020  3020 I auditd  : type=1400 audit(0.0:12060814): avc: denied { ioctl } for comm="Binder_F" path="socket:[1376227]" dev="sockfs" ino=1376227 ioctlcmd=7704 scontext=u:r:system_server:s0 tcontext=u:r:system_server:s0 tclass=unix_stream_socket permissive=0
12-24 17:24:23.998  3020  3020 I auditd  : type=1400 audit(0.0:12060815): avc: denied { ioctl } for comm="Binder_F" path="socket:[1376227]" dev="sockfs" ino=1376227 ioctlcmd=7704 scontext=u:r:system_server:s0 tcontext=u:r:system_server:s0 tclass=unix_stream_socket permissive=0
12-24 17:24:24.007  1546  1546 I notification_enqueue: [1000,1546,android,17040375,NULL,-1,Notification(pri=0 contentView=null vibrate=null sound=null defaults=0x0 flags=0x2 color=0xff060059 category=sys vis=PRIVATE),1]
12-24 17:24:24.058  3017  3017 I auditd  : type=1400 audit(0.0:12060816): avc: denied { ioctl } for comm="Binder_D" path="socket:[1459074]" dev="sockfs" ino=1459074 ioctlcmd=7704 scontext=u:r:system_server:s0 tcontext=u:r:system_server:s0 tclass=unix_stream_socket permissive=0
12-24 17:24:24.058  3017  3017 I auditd  : type=1400 audit(0.0:12060817): avc: denied { ioctl } for comm="Binder_D" path="socket:[1459074]" dev="sockfs" ino=1459074 ioctlcmd=7704 scontext=u:r:system_server:s0 tcontext=u:r:system_server:s0 tclass=unix_stream_socket permissive=0
12-24 17:24:24.843  1546  3008 I am_proc_start: [0,17978,10081,com.android.inputmethod.latin,service,com.android.inputmethod.latin/.spellcheck.AndroidSpellCheckerService]
12-24 17:24:24.848  1864  1864 I auditd  : type=1400 audit(0.0:12060818): avc: denied { ioctl } for comm="Binder_3" path="socket:[1376227]" dev="sockfs" ino=1376227 ioctlcmd=7704 scontext=u:r:system_server:s0 tcontext=u:r:system_server:s0 tclass=unix_stream_socket permissive=0
12-24 17:24:24.848  1864  1864 I auditd  : type=1400 audit(0.0:12060819): avc: denied { ioctl } for comm="Binder_3" path="socket:[1376227]" dev="sockfs" ino=1376227 ioctlcmd=7704 scontext=u:r:system_server:s0 tcontext=u:r:system_server:s0 tclass=unix_stream_socket permissive=0
12-24 17:24:24.856  1546  1546 I notification_enqueue: [1000,1546,android,17040375,NULL,-1,Notification(pri=0 contentView=null vibrate=null sound=null defaults=0x0 flags=0x2 color=0xff060059 category=sys vis=PRIVATE),1]
12-24 17:24:24.880  1546  1864 I am_proc_bound: [0,17978,com.android.inputmethod.latin]
12-24 17:24:24.918  1570  1570 I auditd  : type=1400 audit(0.0:12060820): avc: denied { ioctl } for comm="Binder_2" path="socket:[1376227]" dev="sockfs" ino=1376227 ioctlcmd=7704 scontext=u:r:system_server:s0 tcontext=u:r:system_server:s0 tclass=unix_stream_socket permissive=0
12-24 17:24:24.918  1570  1570 I auditd  : type=1400 audit(0.0:12060821): avc: denied { ioctl } for comm="Binder_2" path="socket:[1376227]" dev="sockfs" ino=1376227 ioctlcmd=7704 scontext=u:r:system_server:s0 tcontext=u:r:system_server:s0 tclass=unix_stream_socket permissive=0
12-24 17:24:24.925  1546  1546 I notification_enqueue: [1000,1546,android,17040375,NULL,-1,Notification(pri=0 contentView=null vibrate=null sound=null defaults=0x0 flags=0x2 color=0xff060059 category=sys vis=PRIVATE),1]
12-24 17:24:25.118  3004  3004 I auditd  : type=1400 audit(0.0:12060822): avc: denied { ioctl } for comm="Binder_B" path="socket:[1376227]" dev="sockfs" ino=1376227 ioctlcmd=7704 scontext=u:r:system_server:s0 tcontext=u:r:system_server:s0 tclass=unix_stream_socket permissive=0
12-24 17:24:25.118  3004  3004 I auditd  : type=1400 audit(0.0:12060823): avc: denied { ioctl } for comm="Binder_B" path="socket:[1376227]" dev="sockfs" ino=1376227 ioctlcmd=7704 scontext=u:r:system_server:s0 tcontext=u:r:system_server:s0 tclass=unix_stream_socket permissive=0
12-24 17:24:25.127  1546  1546 I notification_enqueue: [1000,1546,android,17040375,NULL,-1,Notification(pri=0 contentView=null vibrate=null sound=null defaults=0x0 flags=0x2 color=0xff060059 category=sys vis=PRIVATE),1]
12-24 17:24:25.132  1546  1546 I notification_enqueue: [1000,1546,android,17040375,NULL,-1,Notification(pri=0 contentView=null vibrate=null sound=null defaults=0x0 flags=0x2 color=0xff060059 category=sys vis=PRIVATE),1]
12-24 17:24:25.188  1864  1864 I auditd  : type=1400 audit(0.0:12060824): avc: denied { ioctl } for comm="Binder_3" path="socket:[1376227]" dev="sockfs" ino=1376227 ioctlcmd=7704 scontext=u:r:system_server:s0 tcontext=u:r:system_server:s0 tclass=unix_stream_socket permissive=0
12-24 17:24:25.188  1864  1864 I auditd  : type=1400 audit(0.0:12060825): avc: denied { ioctl } for comm="Binder_3" path="socket:[1376227]" dev="sockfs" ino=1376227 ioctlcmd=7704 scontext=u:r:system_server:s0 tcontext=u:r:system_server:s0 tclass=unix_stream_socket permissive=0
12-24 17:24:25.194  1546  1546 I notification_enqueue: [1000,1546,android,17040375,NULL,-1,Notification(pri=0 contentView=null vibrate=null sound=null defaults=0x0 flags=0x2 color=0xff060059 category=sys vis=PRIVATE),1]
12-24 17:24:25.260  1546  1546 I notification_enqueue: [10004,32677,com.qihoo360.mobilesafe,1,NULL,0,Notification(pri=2 contentView=com.qihoo360.mobilesafe/0x7f030062 vibrate=null sound=null tick defaults=0x0 flags=0x62 color=0x00000000 vis=PRIVATE),1]
12-24 17:24:25.354  1546  1546 I notification_enqueue: [1000,1546,android,17040375,NULL,-1,Notification(pri=0 contentView=null vibrate=null sound=null defaults=0x0 flags=0x2 color=0xff060059 category=sys vis=PRIVATE),1]
12-24 17:24:25.477  1546  1546 I notification_canceled: [-1|android|17040375|null|1000|0,8,2363,124,0]
12-24 17:24:25.478  3008  3008 I auditd  : type=1400 audit(0.0:12060826): avc: denied { ioctl } for comm="Binder_C" path="socket:[1376227]" dev="sockfs" ino=1376227 ioctlcmd=7704 scontext=u:r:system_server:s0 tcontext=u:r:system_server:s0 tclass=unix_stream_socket permissive=0
12-24 17:24:25.478  3008  3008 I auditd  : type=1400 audit(0.0:12060827): avc: denied { ioctl } for comm="Binder_C" path="socket:[1376227]" dev="sockfs" ino=1376227 ioctlcmd=7704 scontext=u:r:system_server:s0 tcontext=u:r:system_server:s0 tclass=unix_stream_socket permissive=0
12-24 17:24:25.754  1546  1546 I notification_enqueue: [1000,1546,android,17040375,NULL,-1,Notification(pri=0 contentView=null vibrate=null sound=null defaults=0x0 flags=0x2 color=0xff060059 category=sys vis=PRIVATE),0]
12-24 17:24:25.757   485   485 I sf_frame_dur: [com.tianyancha.skyeye/com.tianyancha.skyeye.activity.follow.MyGroupActivity,2,4,5,1,5,0,0]
12-24 17:24:25.759  1546  1546 I notification_enqueue: [1000,1546,android,17040375,NULL,-1,Notification(pri=0 contentView=null vibrate=null sound=null defaults=0x0 flags=0x2 color=0xff060059 category=sys vis=PRIVATE),1]
12-24 17:24:25.800  1546  1569 I am_home_stack_moved: [0,0,2,2,intentActivityFound]
12-24 17:24:25.800  1546  1569 I wm_task_moved: [66,1,4]
12-24 17:24:25.929  1546  1546 I notification_enqueue: [1000,1546,android,17040375,NULL,-1,Notification(pri=0 contentView=null vibrate=null sound=null defaults=0x0 flags=0x2 color=0xff060059 category=sys vis=PRIVATE),1]
12-24 17:24:26.097  1546  1546 I notification_enqueue: [1000,1546,android,17040375,NULL,-1,Notification(pri=0 contentView=null vibrate=null sound=null defaults=0x0 flags=0x2 color=0xff060059 category=sys vis=PRIVATE),1]
12-24 17:24:26.158  2513  2513 I auditd  : type=1400 audit(0.0:12060828): avc: denied { ioctl } for comm="Binder_7" path="socket:[1376227]" dev="sockfs" ino=1376227 ioctlcmd=7704 scontext=u:r:system_server:s0 tcontext=u:r:system_server:s0 tclass=unix_stream_socket permissive=0
12-24 17:24:26.158  2513  2513 I auditd  : type=1400 audit(0.0:12060829): avc: denied { ioctl } for comm="Binder_7" path="socket:[1376227]" dev="sockfs" ino=1376227 ioctlcmd=7704 scontext=u:r:system_server:s0 tcontext=u:r:system_server:s0 tclass=unix_stream_socket permissive=0
12-24 17:24:26.164  1546  1546 I notification_enqueue: [1000,1546,android,17040375,NULL,-1,Notification(pri=0 contentView=null vibrate=null sound=null defaults=0x0 flags=0x2 color=0xff060059 category=sys vis=PRIVATE),1]
12-24 17:24:26.468  3284  3284 I auditd  : type=1400 audit(0.0:12060830): avc: denied { ioctl } for comm="Binder_10" path="socket:[1376227]" dev="sockfs" ino=1376227 ioctlcmd=7704 scontext=u:r:system_server:s0 tcontext=u:r:system_server:s0 tclass=unix_stream_socket permissive=0
12-24 17:24:26.468  3284  3284 I auditd  : type=1400 audit(0.0:12060831): avc: denied { ioctl } for comm="Binder_10" path="socket:[1376227]" dev="sockfs" ino=1376227 ioctlcmd=7704 scontext=u:r:system_server:s0 tcontext=u:r:system_server:s0 tclass=unix_stream_socket permissive=0
12-24 17:24:26.481  1546  1546 I notification_enqueue: [1000,1546,android,17040375,NULL,-1,Notification(pri=0 contentView=null vibrate=null sound=null defaults=0x0 flags=0x2 color=0xff060059 category=sys vis=PRIVATE),1]
12-24 17:24:26.636  1546  2374 I am_home_stack_moved: [0,0,2,2,intentActivityFound]
12-24 17:24:26.636  1546  2374 I wm_task_moved: [66,1,4]
12-24 17:24:26.688  2205  2205 I auditd  : type=1400 audit(0.0:12060832): avc: denied { ioctl } for comm="Binder_5" path="socket:[1376227]" dev="sockfs" ino=1376227 ioctlcmd=7704 scontext=u:r:system_server:s0 tcontext=u:r:system_server:s0 tclass=unix_stream_socket permissive=0
12-24 17:24:26.688  2205  2205 I auditd  : type=1400 audit(0.0:12060833): avc: denied { ioctl } for comm="Binder_5" path="socket:[1376227]" dev="sockfs" ino=1376227 ioctlcmd=7704 scontext=u:r:system_server:s0 tcontext=u:r:system_server:s0 tclass=unix_stream_socket permissive=0
12-24 17:24:26.700  1546  1546 I notification_enqueue: [1000,1546,android,17040375,NULL,-1,Notification(pri=0 contentView=null vibrate=null sound=null defaults=0x0 flags=0x2 color=0xff060059 category=sys vis=PRIVATE),1]
12-24 17:24:26.808  3284  3284 I auditd  : type=1400 audit(0.0:12060834): avc: denied { ioctl } for comm="Binder_10" path="socket:[1376227]" dev="sockfs" ino=1376227 ioctlcmd=7704 scontext=u:r:system_server:s0 tcontext=u:r:system_server:s0 tclass=unix_stream_socket permissive=0
12-24 17:24:26.808  3284  3284 I auditd  : type=1400 audit(0.0:12060835): avc: denied { ioctl } for comm="Binder_10" path="socket:[1376227]" dev="sockfs" ino=1376227 ioctlcmd=7704 scontext=u:r:system_server:s0 tcontext=u:r:system_server:s0 tclass=unix_stream_socket permissive=0
12-24 17:24:26.815  1546  1546 I notification_enqueue: [1000,1546,android,17040375,NULL,-1,Notification(pri=0 contentView=null vibrate=null sound=null defaults=0x0 flags=0x2 color=0xff060059 category=sys vis=PRIVATE),1]
12-24 17:24:26.938  1570  1570 I auditd  : type=1400 audit(0.0:12060836): avc: denied { ioctl } for comm="Binder_2" path="socket:[1376227]" dev="sockfs" ino=1376227 ioctlcmd=7704 scontext=u:r:system_server:s0 tcontext=u:r:system_server:s0 tclass=unix_stream_socket permissive=0
12-24 17:24:26.938  1570  1570 I auditd  : type=1400 audit(0.0:12060837): avc: denied { ioctl } for comm="Binder_2" path="socket:[1376227]" dev="sockfs" ino=1376227 ioctlcmd=7704 scontext=u:r:system_server:s0 tcontext=u:r:system_server:s0 tclass=unix_stream_socket permissive=0
12-24 17:24:26.950  1546  1546 I notification_enqueue: [1000,1546,android,17040375,NULL,-1,Notification(pri=0 contentView=null vibrate=null sound=null defaults=0x0 flags=0x2 color=0xff060059 category=sys vis=PRIVATE),1]
12-24 17:24:27.038  1864  1864 I auditd  : type=1400 audit(0.0:12060838): avc: denied { ioctl } for comm="Binder_3" path="socket:[1376227]" dev="sockfs" ino=1376227 ioctlcmd=7704 scontext=u:r:system_server:s0 tcontext=u:r:system_server:s0 tclass=unix_stream_socket permissive=0
12-24 17:24:27.038  1864  1864 I auditd  : type=1400 audit(0.0:12060839): avc: denied { ioctl } for comm="Binder_3" path="socket:[1376227]" dev="sockfs" ino=1376227 ioctlcmd=7704 scontext=u:r:system_server:s0 tcontext=u:r:system_server:s0 tclass=unix_stream_socket permissive=0
12-24 17:24:27.047  1546  1546 I notification_enqueue: [1000,1546,android,17040375,NULL,-1,Notification(pri=0 contentView=null vibrate=null sound=null defaults=0x0 flags=0x2 color=0xff060059 category=sys vis=PRIVATE),1]
12-24 17:24:27.052  1546  1546 I notification_enqueue: [1000,1546,android,17040375,NULL,-1,Notification(pri=0 contentView=null vibrate=null sound=null defaults=0x0 flags=0x2 color=0xff060059 category=sys vis=PRIVATE),1]
12-24 17:24:27.099  1546  1546 I notification_enqueue: [1000,1546,android,17040375,NULL,-1,Notification(pri=0 contentView=null vibrate=null sound=null defaults=0x0 flags=0x2 color=0xff060059 category=sys vis=PRIVATE),1]
12-24 17:24:27.155  1546  1546 I notification_enqueue: [1000,1546,android,17040375,NULL,-1,Notification(pri=0 contentView=null vibrate=null sound=null defaults=0x0 flags=0x2 color=0xff060059 category=sys vis=PRIVATE),1]
12-24 17:24:27.321  1546  1546 I notification_enqueue: [1000,1546,android,17040375,NULL,-1,Notification(pri=0 contentView=null vibrate=null sound=null defaults=0x0 flags=0x2 color=0xff060059 category=sys vis=PRIVATE),1]
12-24 17:24:27.846   485   485 I sf_frame_dur: [Toast,0,1,0,0,2,0,0]
12-24 17:24:27.971  1546  1546 I notification_enqueue: [1000,1546,android,17040375,NULL,-1,Notification(pri=0 contentView=null vibrate=null sound=null defaults=0x0 flags=0x2 color=0xff060059 category=sys vis=PRIVATE),1]
12-24 17:24:28.080  1546  1546 I notification_enqueue: [1000,1546,android,17040375,NULL,-1,Notification(pri=0 contentView=null vibrate=null sound=null defaults=0x0 flags=0x2 color=0xff060059 category=sys vis=PRIVATE),1]
12-24 17:24:28.202  1546  1546 I notification_enqueue: [1000,1546,android,17040375,NULL,-1,Notification(pri=0 contentView=null vibrate=null sound=null defaults=0x0 flags=0x2 color=0xff060059 category=sys vis=PRIVATE),1]
12-24 17:24:28.378  3017  3017 I auditd  : type=1400 audit(0.0:12060840): avc: denied { ioctl } for comm="Binder_D" path="socket:[1376227]" dev="sockfs" ino=1376227 ioctlcmd=7704 scontext=u:r:system_server:s0 tcontext=u:r:system_server:s0 tclass=unix_stream_socket permissive=0
12-24 17:24:28.378  3017  3017 I auditd  : type=1400 audit(0.0:12060841): avc: denied { ioctl } for comm="Binder_D" path="socket:[1376227]" dev="sockfs" ino=1376227 ioctlcmd=7704 scontext=u:r:system_server:s0 tcontext=u:r:system_server:s0 tclass=unix_stream_socket permissive=0
12-24 17:24:28.385  1546  1546 I notification_enqueue: [1000,1546,android,17040375,NULL,-1,Notification(pri=0 contentView=null vibrate=null sound=null defaults=0x0 flags=0x2 color=0xff060059 category=sys vis=PRIVATE),1]
12-24 17:24:28.394  1546  1546 I notification_canceled: [-1|android|17040375|null|1000|0,8,2640,9,0]
12-24 17:24:28.718  3019  3019 I auditd  : type=1400 audit(0.0:12060842): avc: denied { ioctl } for comm="Binder_E" path="socket:[1376227]" dev="sockfs" ino=1376227 ioctlcmd=7704 scontext=u:r:system_server:s0 tcontext=u:r:system_server:s0 tclass=unix_stream_socket permissive=0
12-24 17:24:28.718  3019  3019 I auditd  : type=1400 audit(0.0:12060843): avc: denied { ioctl } for comm="Binder_E" path="socket:[1376227]" dev="sockfs" ino=1376227 ioctlcmd=7704 scontext=u:r:system_server:s0 tcontext=u:r:system_server:s0 tclass=unix_stream_socket permissive=0
12-24 17:24:28.734  1546  1546 I notification_enqueue: [1000,1546,android,17040375,NULL,-1,Notification(pri=0 contentView=null vibrate=null sound=null defaults=0x0 flags=0x2 color=0xff060059 category=sys vis=PRIVATE),0]
12-24 17:24:28.743  1546  1546 I notification_enqueue: [1000,1546,android,17040375,NULL,-1,Notification(pri=0 contentView=null vibrate=null sound=null defaults=0x0 flags=0x2 color=0xff060059 category=sys vis=PRIVATE),1]
12-24 17:24:28.798  2513  2513 I auditd  : type=1400 audit(0.0:12060844): avc: denied { ioctl } for comm="Binder_7" path="socket:[1376227]" dev="sockfs" ino=1376227 ioctlcmd=7704 scontext=u:r:system_server:s0 tcontext=u:r:system_server:s0 tclass=unix_stream_socket permissive=0
12-24 17:24:28.798  2513  2513 I auditd  : type=1400 audit(0.0:12060845): avc: denied { ioctl } for comm="Binder_7" path="socket:[1376227]" dev="sockfs" ino=1376227 ioctlcmd=7704 scontext=u:r:system_server:s0 tcontext=u:r:system_server:s0 tclass=unix_stream_socket permissive=0
12-24 17:24:28.807  1546  1546 I notification_enqueue: [1000,1546,android,17040375,NULL,-1,Notification(pri=0 contentView=null vibrate=null sound=null defaults=0x0 flags=0x2 color=0xff060059 category=sys vis=PRIVATE),1]
12-24 17:24:28.808  1570  1570 I auditd  : type=1400 audit(0.0:12060846): avc: denied { ioctl } for comm="Binder_2" path="socket:[1376227]" dev="sockfs" ino=1376227 ioctlcmd=7704 scontext=u:r:system_server:s0 tcontext=u:r:system_server:s0 tclass=unix_stream_socket permissive=0
12-24 17:24:28.808  1570  1570 I auditd  : type=1400 audit(0.0:12060847): avc: denied { ioctl } for comm="Binder_2" path="socket:[1376227]" dev="sockfs" ino=1376227 ioctlcmd=7704 scontext=u:r:system_server:s0 tcontext=u:r:system_server:s0 tclass=unix_stream_socket permissive=0
12-24 17:24:28.822  1546  1546 I notification_enqueue: [1000,1546,android,17040375,NULL,-1,Notification(pri=0 contentView=null vibrate=null sound=null defaults=0x0 flags=0x2 color=0xff060059 category=sys vis=PRIVATE),1]
12-24 17:24:28.848  3284  3284 I auditd  : type=1400 audit(0.0:12060848): avc: denied { ioctl } for comm="Binder_10" path="socket:[1376227]" dev="sockfs" ino=1376227 ioctlcmd=7704 scontext=u:r:system_server:s0 tcontext=u:r:system_server:s0 tclass=unix_stream_socket permissive=0
12-24 17:24:28.848  3284  3284 I auditd  : type=1400 audit(0.0:12060849): avc: denied { ioctl } for comm="Binder_10" path="socket:[1376227]" dev="sockfs" ino=1376227 ioctlcmd=7704 scontext=u:r:system_server:s0 tcontext=u:r:system_server:s0 tclass=unix_stream_socket permissive=0
12-24 17:24:28.853  1546  1546 I notification_enqueue: [1000,1546,android,17040375,NULL,-1,Notification(pri=0 contentView=null vibrate=null sound=null defaults=0x0 flags=0x2 color=0xff060059 category=sys vis=PRIVATE),1]
12-24 17:24:28.897  1546  1546 I notification_canceled: [-1|android|17040375|null|1000|0,8,163,44,0]
12-24 17:24:29.018  2204  2204 I auditd  : type=1400 audit(0.0:12060850): avc: denied { ioctl } for comm="Binder_4" path="socket:[1376227]" dev="sockfs" ino=1376227 ioctlcmd=7704 scontext=u:r:system_server:s0 tcontext=u:r:system_server:s0 tclass=unix_stream_socket permissive=0
12-24 17:24:29.018  2204  2204 I auditd  : type=1400 audit(0.0:12060851): avc: denied { ioctl } for comm="Binder_4" path="socket:[1376227]" dev="sockfs" ino=1376227 ioctlcmd=7704 scontext=u:r:system_server:s0 tcontext=u:r:system_server:s0 tclass=unix_stream_socket permissive=0
12-24 17:24:29.028  3017  3017 I auditd  : type=1400 audit(0.0:12060852): avc: denied { ioctl } for comm="Binder_D" path="socket:[1376227]" dev="sockfs" ino=1376227 ioctlcmd=7704 scontext=u:r:system_server:s0 tcontext=u:r:system_server:s0 tclass=unix_stream_socket permissive=0
12-24 17:24:29.028  3017  3017 I auditd  : type=1400 audit(0.0:12060853): avc: denied { ioctl } for comm="Binder_D" path="socket:[1376227]" dev="sockfs" ino=1376227 ioctlcmd=7704 scontext=u:r:system_server:s0 tcontext=u:r:system_server:s0 tclass=unix_stream_socket permissive=0
12-24 17:24:29.228  1864  1864 I auditd  : type=1400 audit(0.0:12060854): avc: denied { ioctl } for comm="Binder_3" path="socket:[1376227]" dev="sockfs" ino=1376227 ioctlcmd=7704 scontext=u:r:system_server:s0 tcontext=u:r:system_server:s0 tclass=unix_stream_socket permissive=0
12-24 17:24:29.228  1864  1864 I auditd  : type=1400 audit(0.0:12060855): avc: denied { ioctl } for comm="Binder_3" path="socket:[1376227]" dev="sockfs" ino=1376227 ioctlcmd=7704 scontext=u:r:system_server:s0 tcontext=u:r:system_server:s0 tclass=unix_stream_socket permissive=0
12-24 17:24:29.240  1546  1546 I notification_enqueue: [1000,1546,android,17040375,NULL,-1,Notification(pri=0 contentView=null vibrate=null sound=null defaults=0x0 flags=0x2 color=0xff060059 category=sys vis=PRIVATE),0]
12-24 17:24:29.244  1546  1546 I notification_enqueue: [1000,1546,android,17040375,NULL,-1,Notification(pri=0 contentView=null vibrate=null sound=null defaults=0x0 flags=0x2 color=0xff060059 category=sys vis=PRIVATE),1]
12-24 17:24:29.294  1546  1546 I notification_enqueue: [1000,1546,android,17040375,NULL,-1,Notification(pri=0 contentView=null vibrate=null sound=null defaults=0x0 flags=0x2 color=0xff060059 category=sys vis=PRIVATE),1]
12-24 17:24:29.428  3004  3004 I auditd  : type=1400 audit(0.0:12060856): avc: denied { ioctl } for comm="Binder_B" path="socket:[1376227]" dev="sockfs" ino=1376227 ioctlcmd=7704 scontext=u:r:system_server:s0 tcontext=u:r:system_server:s0 tclass=unix_stream_socket permissive=0
12-24 17:24:29.428  3004  3004 I auditd  : type=1400 audit(0.0:12060857): avc: denied { ioctl } for comm="Binder_B" path="socket:[1376227]" dev="sockfs" ino=1376227 ioctlcmd=7704 scontext=u:r:system_server:s0 tcontext=u:r:system_server:s0 tclass=unix_stream_socket permissive=0
12-24 17:24:29.439  1546  1546 I notification_enqueue: [1000,1546,android,17040375,NULL,-1,Notification(pri=0 contentView=null vibrate=null sound=null defaults=0x0 flags=0x2 color=0xff060059 category=sys vis=PRIVATE),1]
12-24 17:24:29.528  2986  2986 I auditd  : type=1400 audit(0.0:12060858): avc: denied { ioctl } for comm="Binder_9" path="socket:[1376227]" dev="sockfs" ino=1376227 ioctlcmd=7704 scontext=u:r:system_server:s0 tcontext=u:r:system_server:s0 tclass=unix_stream_socket permissive=0
12-24 17:24:29.528  2986  2986 I auditd  : type=1400 audit(0.0:12060859): avc: denied { ioctl } for comm="Binder_9" path="socket:[1376227]" dev="sockfs" ino=1376227 ioctlcmd=7704 scontext=u:r:system_server:s0 tcontext=u:r:system_server:s0 tclass=unix_stream_socket permissive=0
12-24 17:24:29.539  1546  1546 I notification_enqueue: [1000,1546,android,17040375,NULL,-1,Notification(pri=0 contentView=null vibrate=null sound=null defaults=0x0 flags=0x2 color=0xff060059 category=sys vis=PRIVATE),1]
12-24 17:24:29.898  3008  3008 I auditd  : type=1400 audit(0.0:12060860): avc: denied { ioctl } for comm="Binder_C" path="socket:[1376227]" dev="sockfs" ino=1376227 ioctlcmd=7704 scontext=u:r:system_server:s0 tcontext=u:r:system_server:s0 tclass=unix_stream_socket permissive=0
12-24 17:24:29.898  3008  3008 I auditd  : type=1400 audit(0.0:12060861): avc: denied { ioctl } for comm="Binder_C" path="socket:[1376227]" dev="sockfs" ino=1376227 ioctlcmd=7704 scontext=u:r:system_server:s0 tcontext=u:r:system_server:s0 tclass=unix_stream_socket permissive=0
12-24 17:24:29.906  1546  1546 I notification_enqueue: [1000,1546,android,17040375,NULL,-1,Notification(pri=0 contentView=null vibrate=null sound=null defaults=0x0 flags=0x2 color=0xff060059 category=sys vis=PRIVATE),1]
12-24 17:24:29.948  2513  2513 I auditd  : type=1400 audit(0.0:12060862): avc: denied { ioctl } for comm="Binder_7" path="socket:[1461502]" dev="sockfs" ino=1461502 ioctlcmd=7704 scontext=u:r:system_server:s0 tcontext=u:r:system_server:s0 tclass=unix_stream_socket permissive=0
12-24 17:24:29.948  2513  2513 I auditd  : type=1400 audit(0.0:12060863): avc: denied { ioctl } for comm="Binder_7" path="socket:[1461502]" dev="sockfs" ino=1461502 ioctlcmd=7704 scontext=u:r:system_server:s0 tcontext=u:r:system_server:s0 tclass=unix_stream_socket permissive=0
12-24 17:24:29.967  1546  1588 I am_pss  : [17211,1000,com.qiku.android.register,4692992,3526656]
12-24 17:24:30.068  3017  3017 I auditd  : type=1400 audit(0.0:12060864): avc: denied { ioctl } for comm="Binder_D" path="socket:[1376227]" dev="sockfs" ino=1376227 ioctlcmd=7704 scontext=u:r:system_server:s0 tcontext=u:r:system_server:s0 tclass=unix_stream_socket permissive=0
12-24 17:24:30.068  3017  3017 I auditd  : type=1400 audit(0.0:12060865): avc: denied { ioctl } for comm="Binder_D" path="socket:[1376227]" dev="sockfs" ino=1376227 ioctlcmd=7704 scontext=u:r:system_server:s0 tcontext=u:r:system_server:s0 tclass=unix_stream_socket permissive=0
12-24 17:24:30.075  1546  1546 I notification_enqueue: [1000,1546,android,17040375,NULL,-1,Notification(pri=0 contentView=null vibrate=null sound=null defaults=0x0 flags=0x2 color=0xff060059 category=sys vis=PRIVATE),1]
12-24 17:24:30.114  1546  1569 I am_home_stack_moved: [0,0,2,2,intentActivityFound]
12-24 17:24:30.114  1546  1569 I wm_task_moved: [66,1,4]
12-24 17:24:30.228  3019  3019 I auditd  : type=1400 audit(0.0:12060866): avc: denied { ioctl } for comm="Binder_E" path="socket:[1376227]" dev="sockfs" ino=1376227 ioctlcmd=7704 scontext=u:r:system_server:s0 tcontext=u:r:system_server:s0 tclass=unix_stream_socket permissive=0
12-24 17:24:30.228  3019  3019 I auditd  : type=1400 audit(0.0:12060867): avc: denied { ioctl } for comm="Binder_E" path="socket:[1376227]" dev="sockfs" ino=1376227 ioctlcmd=7704 scontext=u:r:system_server:s0 tcontext=u:r:system_server:s0 tclass=unix_stream_socket permissive=0
12-24 17:24:30.243  1546  1546 I notification_enqueue: [1000,1546,android,17040375,NULL,-1,Notification(pri=0 contentView=null vibrate=null sound=null defaults=0x0 flags=0x2 color=0xff060059 category=sys vis=PRIVATE),1]
12-24 17:24:30.249  1546  1546 I notification_canceled: [-1|android|17040375|null|1000|0,8,1009,7,0]
12-24 17:24:30.518  3020  3020 I auditd  : type=1400 audit(0.0:12060868): avc: denied { ioctl } for comm="Binder_F" path="socket:[1376227]" dev="sockfs" ino=1376227 ioctlcmd=7704 scontext=u:r:system_server:s0 tcontext=u:r:system_server:s0 tclass=unix_stream_socket permissive=0
12-24 17:24:30.518  3020  3020 I auditd  : type=1400 audit(0.0:12060869): avc: denied { ioctl } for comm="Binder_F" path="socket:[1376227]" dev="sockfs" ino=1376227 ioctlcmd=7704 scontext=u:r:system_server:s0 tcontext=u:r:system_server:s0 tclass=unix_stream_socket permissive=0
12-24 17:24:30.763  1546  1546 I notification_enqueue: [1000,1546,android,17040375,NULL,-1,Notification(pri=0 contentView=null vibrate=null sound=null defaults=0x0 flags=0x2 color=0xff060059 category=sys vis=PRIVATE),0]
12-24 17:24:30.769  1546  1546 I notification_enqueue: [1000,1546,android,17040375,NULL,-1,Notification(pri=0 contentView=null vibrate=null sound=null defaults=0x0 flags=0x2 color=0xff060059 category=sys vis=PRIVATE),1]
12-24 17:24:31.075  1546  1546 I notification_canceled: [-1|android|17040375|null|1000|0,8,312,307,0]
12-24 17:24:31.198  3019  3019 I auditd  : type=1400 audit(0.0:12060870): avc: denied { ioctl } for comm="Binder_E" path="socket:[1376227]" dev="sockfs" ino=1376227 ioctlcmd=7704 scontext=u:r:system_server:s0 tcontext=u:r:system_server:s0 tclass=unix_stream_socket permissive=0
12-24 17:24:31.198  3019  3019 I auditd  : type=1400 audit(0.0:12060871): avc: denied { ioctl } for comm="Binder_E" path="socket:[1376227]" dev="sockfs" ino=1376227 ioctlcmd=7704 scontext=u:r:system_server:s0 tcontext=u:r:system_server:s0 tclass=unix_stream_socket permissive=0
12-24 17:24:31.468  1569  1569 I auditd  : type=1400 audit(0.0:12060872): avc: denied { ioctl } for comm="Binder_1" path="socket:[1376227]" dev="sockfs" ino=1376227 ioctlcmd=7704 scontext=u:r:system_server:s0 tcontext=u:r:system_server:s0 tclass=unix_stream_socket permissive=0
12-24 17:24:31.468  1569  1569 I auditd  : type=1400 audit(0.0:12060873): avc: denied { ioctl } for comm="Binder_1" path="socket:[1376227]" dev="sockfs" ino=1376227 ioctlcmd=7704 scontext=u:r:system_server:s0 tcontext=u:r:system_server:s0 tclass=unix_stream_socket permissive=0
12-24 17:24:32.038  2987  2987 I auditd  : type=1400 audit(0.0:12060874): avc: denied { ioctl } for comm="Binder_A" path="socket:[1376227]" dev="sockfs" ino=1376227 ioctlcmd=7704 scontext=u:r:system_server:s0 tcontext=u:r:system_server:s0 tclass=unix_stream_socket permissive=0
12-24 17:24:32.038  2987  2987 I auditd  : type=1400 audit(0.0:12060875): avc: denied { ioctl } for comm="Binder_A" path="socket:[1376227]" dev="sockfs" ino=1376227 ioctlcmd=7704 scontext=u:r:system_server:s0 tcontext=u:r:system_server:s0 tclass=unix_stream_socket permissive=0
12-24 17:24:32.038  2564  2564 I auditd  : type=1400 audit(0.0:12060876): avc: denied { ioctl } for comm="Binder_8" path="socket:[1376227]" dev="sockfs" ino=1376227 ioctlcmd=7704 scontext=u:r:system_server:s0 tcontext=u:r:system_server:s0 tclass=unix_stream_socket permissive=0
12-24 17:24:32.038  2564  2564 I auditd  : type=1400 audit(0.0:12060877): avc: denied { ioctl } for comm="Binder_8" path="socket:[1376227]" dev="sockfs" ino=1376227 ioctlcmd=7704 scontext=u:r:system_server:s0 tcontext=u:r:system_server:s0 tclass=unix_stream_socket permissive=0
12-24 17:24:32.508   485   485 I sf_frame_dur: [Toast,0,1,0,0,0,0,0]
12-24 17:24:32.614  1546  1546 I notification_enqueue: [1000,1546,android,17040375,NULL,-1,Notification(pri=0 contentView=null vibrate=null sound=null defaults=0x0 flags=0x2 color=0xff060059 category=sys vis=PRIVATE),0]
12-24 17:24:32.618  1546  1546 I notification_enqueue: [1000,1546,android,17040375,NULL,-1,Notification(pri=0 contentView=null vibrate=null sound=null defaults=0x0 flags=0x2 color=0xff060059 category=sys vis=PRIVATE),1]
12-24 17:24:32.667  1546  1546 I notification_enqueue: [1000,1546,android,17040375,NULL,-1,Notification(pri=0 contentView=null vibrate=null sound=null defaults=0x0 flags=0x2 color=0xff060059 category=sys vis=PRIVATE),1]
12-24 17:24:32.864  1546  1546 I notification_enqueue: [1000,1546,android,17040375,NULL,-1,Notification(pri=0 contentView=null vibrate=null sound=null defaults=0x0 flags=0x2 color=0xff060059 category=sys vis=PRIVATE),1]
12-24 17:24:32.865  1546  1546 I notification_canceled: [-1|android|17040375|null|1000|0,8,251,1,0]
12-24 17:24:33.004  1546  1546 I notification_enqueue: [1000,1546,android,17040375,NULL,-1,Notification(pri=0 contentView=null vibrate=null sound=null defaults=0x0 flags=0x2 color=0xff060059 category=sys vis=PRIVATE),0]
12-24 17:24:33.468  2205  2205 I auditd  : type=1400 audit(0.0:12060878): avc: denied { ioctl } for comm="Binder_5" path="socket:[1376227]" dev="sockfs" ino=1376227 ioctlcmd=7704 scontext=u:r:system_server:s0 tcontext=u:r:system_server:s0 tclass=unix_stream_socket permissive=0
12-24 17:24:33.468  2205  2205 I auditd  : type=1400 audit(0.0:12060879): avc: denied { ioctl } for comm="Binder_5" path="socket:[1376227]" dev="sockfs" ino=1376227 ioctlcmd=7704 scontext=u:r:system_server:s0 tcontext=u:r:system_server:s0 tclass=unix_stream_socket permissive=0
12-24 17:24:33.483  1546  1546 I notification_enqueue: [1000,1546,android,17040375,NULL,-1,Notification(pri=0 contentView=null vibrate=null sound=null defaults=0x0 flags=0x2 color=0xff060059 category=sys vis=PRIVATE),1]
12-24 17:24:33.608  2986  2986 I auditd  : type=1400 audit(0.0:12060880): avc: denied { ioctl } for comm="Binder_9" path="socket:[1376227]" dev="sockfs" ino=1376227 ioctlcmd=7704 scontext=u:r:system_server:s0 tcontext=u:r:system_server:s0 tclass=unix_stream_socket permissive=0
12-24 17:24:33.608  2986  2986 I auditd  : type=1400 audit(0.0:12060881): avc: denied { ioctl } for comm="Binder_9" path="socket:[1376227]" dev="sockfs" ino=1376227 ioctlcmd=7704 scontext=u:r:system_server:s0 tcontext=u:r:system_server:s0 tclass=unix_stream_socket permissive=0
12-24 17:24:33.616  1546  1546 I notification_enqueue: [1000,1546,android,17040375,NULL,-1,Notification(pri=0 contentView=null vibrate=null sound=null defaults=0x0 flags=0x2 color=0xff060059 category=sys vis=PRIVATE),1]
12-24 17:24:33.658  2205  2205 I auditd  : type=1400 audit(0.0:12060882): avc: denied { ioctl } for comm="Binder_5" path="socket:[1376227]" dev="sockfs" ino=1376227 ioctlcmd=7704 scontext=u:r:system_server:s0 tcontext=u:r:system_server:s0 tclass=unix_stream_socket permissive=0
12-24 17:24:33.658  2205  2205 I auditd  : type=1400 audit(0.0:12060883): avc: denied { ioctl } for comm="Binder_5" path="socket:[1376227]" dev="sockfs" ino=1376227 ioctlcmd=7704 scontext=u:r:system_server:s0 tcontext=u:r:system_server:s0 tclass=unix_stream_socket permissive=0
12-24 17:24:33.669  1546  1546 I notification_enqueue: [1000,1546,android,17040375,NULL,-1,Notification(pri=0 contentView=null vibrate=null sound=null defaults=0x0 flags=0x2 color=0xff060059 category=sys vis=PRIVATE),1]
12-24 17:24:33.675  1546  1546 I notification_enqueue: [1000,1546,android,17040375,NULL,-1,Notification(pri=0 contentView=null vibrate=null sound=null defaults=0x0 flags=0x2 color=0xff060059 category=sys vis=PRIVATE),1]
12-24 17:24:33.884  1546  1546 I notification_enqueue: [1000,1546,android,17040375,NULL,-1,Notification(pri=0 contentView=null vibrate=null sound=null defaults=0x0 flags=0x2 color=0xff060059 category=sys vis=PRIVATE),1]
12-24 17:24:33.998  1546  1546 I notification_enqueue: [1000,1546,android,17040375,NULL,-1,Notification(pri=0 contentView=null vibrate=null sound=null defaults=0x0 flags=0x2 color=0xff060059 category=sys vis=PRIVATE),1]
12-24 17:24:34.047  1546  2513 I am_home_stack_moved: [0,0,2,2,intentActivityFound]
12-24 17:24:34.047  1546  2513 I wm_task_moved: [66,1,4]
12-24 17:24:34.278  1546  1546 I notification_enqueue: [1000,1546,android,17040375,NULL,-1,Notification(pri=0 contentView=null vibrate=null sound=null defaults=0x0 flags=0x2 color=0xff060059 category=sys vis=PRIVATE),1]
12-24 17:24:34.440  1546  1546 I notification_enqueue: [1000,1546,android,17040375,NULL,-1,Notification(pri=0 contentView=null vibrate=null sound=null defaults=0x0 flags=0x2 color=0xff060059 category=sys vis=PRIVATE),1]
12-24 17:24:34.488  2987  2987 I auditd  : type=1400 audit(0.0:12060884): avc: denied { ioctl } for comm="Binder_A" path="socket:[1376227]" dev="sockfs" ino=1376227 ioctlcmd=7704 scontext=u:r:system_server:s0 tcontext=u:r:system_server:s0 tclass=unix_stream_socket permissive=0
12-24 17:24:34.488  2987  2987 I auditd  : type=1400 audit(0.0:12060885): avc: denied { ioctl } for comm="Binder_A" path="socket:[1376227]" dev="sockfs" ino=1376227 ioctlcmd=7704 scontext=u:r:system_server:s0 tcontext=u:r:system_server:s0 tclass=unix_stream_socket permissive=0
12-24 17:24:34.502  1546  1546 I notification_enqueue: [1000,1546,android,17040375,NULL,-1,Notification(pri=0 contentView=null vibrate=null sound=null defaults=0x0 flags=0x2 color=0xff060059 category=sys vis=PRIVATE),1]
12-24 17:24:34.538  3008  3008 I auditd  : type=1400 audit(0.0:12060886): avc: denied { ioctl } for comm="Binder_C" path="socket:[1376227]" dev="sockfs" ino=1376227 ioctlcmd=7704 scontext=u:r:system_server:s0 tcontext=u:r:system_server:s0 tclass=unix_stream_socket permissive=0
12-24 17:24:34.538  3008  3008 I auditd  : type=1400 audit(0.0:12060887): avc: denied { ioctl } for comm="Binder_C" path="socket:[1376227]" dev="sockfs" ino=1376227 ioctlcmd=7704 scontext=u:r:system_server:s0 tcontext=u:r:system_server:s0 tclass=unix_stream_socket permissive=0
12-24 17:24:34.553  1546  1546 I notification_enqueue: [1000,1546,android,17040375,NULL,-1,Notification(pri=0 contentView=null vibrate=null sound=null defaults=0x0 flags=0x2 color=0xff060059 category=sys vis=PRIVATE),1]
12-24 17:24:34.658  3284  3284 I auditd  : type=1400 audit(0.0:12060888): avc: denied { ioctl } for comm="Binder_10" path="socket:[1376227]" dev="sockfs" ino=1376227 ioctlcmd=7704 scontext=u:r:system_server:s0 tcontext=u:r:system_server:s0 tclass=unix_stream_socket permissive=0
12-24 17:24:34.658  3284  3284 I auditd  : type=1400 audit(0.0:12060889): avc: denied { ioctl } for comm="Binder_10" path="socket:[1376227]" dev="sockfs" ino=1376227 ioctlcmd=7704 scontext=u:r:system_server:s0 tcontext=u:r:system_server:s0 tclass=unix_stream_socket permissive=0
12-24 17:24:34.668  1546  1546 I notification_enqueue: [1000,1546,android,17040375,NULL,-1,Notification(pri=0 contentView=null vibrate=null sound=null defaults=0x0 flags=0x2 color=0xff060059 category=sys vis=PRIVATE),1]
12-24 17:24:35.028  2564  2564 I auditd  : type=1400 audit(0.0:12060890): avc: denied { ioctl } for comm="Binder_8" path="socket:[1376227]" dev="sockfs" ino=1376227 ioctlcmd=7704 scontext=u:r:system_server:s0 tcontext=u:r:system_server:s0 tclass=unix_stream_socket permissive=0
12-24 17:24:35.028  2564  2564 I auditd  : type=1400 audit(0.0:12060891): avc: denied { ioctl } for comm="Binder_8" path="socket:[1376227]" dev="sockfs" ino=1376227 ioctlcmd=7704 scontext=u:r:system_server:s0 tcontext=u:r:system_server:s0 tclass=unix_stream_socket permissive=0
12-24 17:24:35.040  1546  1546 I notification_enqueue: [1000,1546,android,17040375,NULL,-1,Notification(pri=0 contentView=null vibrate=null sound=null defaults=0x0 flags=0x2 color=0xff060059 category=sys vis=PRIVATE),1]
12-24 17:24:35.043  1546  1546 I notification_enqueue: [1000,1546,android,17040375,NULL,-1,Notification(pri=0 contentView=null vibrate=null sound=null defaults=0x0 flags=0x2 color=0xff060059 category=sys vis=PRIVATE),1]
12-24 17:24:35.260  1546  1569 I am_proc_start: [0,18053,10006,android.process.acore,content provider,com.android.providers.userdictionary/.UserDictionaryProvider]
12-24 17:24:35.277  1546  2205 I am_proc_bound: [0,18053,android.process.acore]
12-24 17:24:35.564  1546  1546 I notification_enqueue: [1000,1546,android,17040375,NULL,-1,Notification(pri=0 contentView=null vibrate=null sound=null defaults=0x0 flags=0x2 color=0xff060059 category=sys vis=PRIVATE),1]
12-24 17:24:35.617  1546  1546 I notification_enqueue: [1000,1546,android,17040375,NULL,-1,Notification(pri=0 contentView=null vibrate=null sound=null defaults=0x0 flags=0x2 color=0xff060059 category=sys vis=PRIVATE),1]
12-24 17:24:35.738  2513  2513 I auditd  : type=1400 audit(0.0:12060892): avc: denied { ioctl } for comm="Binder_7" path="socket:[1461786]" dev="sockfs" ino=1461786 ioctlcmd=7704 scontext=u:r:system_server:s0 tcontext=u:r:system_server:s0 tclass=unix_stream_socket permissive=0
12-24 17:24:35.738  2513  2513 I auditd  : type=1400 audit(0.0:12060893): avc: denied { ioctl } for comm="Binder_7" path="socket:[1461786]" dev="sockfs" ino=1461786 ioctlcmd=7704 scontext=u:r:system_server:s0 tcontext=u:r:system_server:s0 tclass=unix_stream_socket permissive=0
12-24 17:24:36.181  1546  3020 I am_home_stack_moved: [0,0,2,2,intentActivityFound]
12-24 17:24:36.181  1546  3020 I wm_task_moved: [66,1,4]
12-24 17:24:36.242  1546  1546 I notification_enqueue: [1000,1546,android,17040375,NULL,-1,Notification(pri=0 contentView=null vibrate=null sound=null defaults=0x0 flags=0x2 color=0xff060059 category=sys vis=PRIVATE),1]
12-24 17:24:36.528  2374  2374 I auditd  : type=1400 audit(0.0:12060894): avc: denied { ioctl } for comm="Binder_6" path="socket:[1376227]" dev="sockfs" ino=1376227 ioctlcmd=7704 scontext=u:r:system_server:s0 tcontext=u:r:system_server:s0 tclass=unix_stream_socket permissive=0
12-24 17:24:36.528  2374  2374 I auditd  : type=1400 audit(0.0:12060895): avc: denied { ioctl } for comm="Binder_6" path="socket:[1376227]" dev="sockfs" ino=1376227 ioctlcmd=7704 scontext=u:r:system_server:s0 tcontext=u:r:system_server:s0 tclass=unix_stream_socket permissive=0
12-24 17:24:36.539  1546  1546 I notification_enqueue: [1000,1546,android,17040375,NULL,-1,Notification(pri=0 contentView=null vibrate=null sound=null defaults=0x0 flags=0x2 color=0xff060059 category=sys vis=PRIVATE),1]
12-24 17:24:36.618  1570  1570 I auditd  : type=1400 audit(0.0:12060896): avc: denied { ioctl } for comm="Binder_2" path="socket:[1376227]" dev="sockfs" ino=1376227 ioctlcmd=7704 scontext=u:r:system_server:s0 tcontext=u:r:system_server:s0 tclass=unix_stream_socket permissive=0
12-24 17:24:36.618  1570  1570 I auditd  : type=1400 audit(0.0:12060897): avc: denied { ioctl } for comm="Binder_2" path="socket:[1376227]" dev="sockfs" ino=1376227 ioctlcmd=7704 scontext=u:r:system_server:s0 tcontext=u:r:system_server:s0 tclass=unix_stream_socket permissive=0
12-24 17:24:36.626  1546  1546 I notification_enqueue: [1000,1546,android,17040375,NULL,-1,Notification(pri=0 contentView=null vibrate=null sound=null defaults=0x0 flags=0x2 color=0xff060059 category=sys vis=PRIVATE),1]
12-24 17:24:37.048  2513  2513 I auditd  : type=1400 audit(0.0:12060898): avc: denied { ioctl } for comm="Binder_7" path="socket:[1376227]" dev="sockfs" ino=1376227 ioctlcmd=7704 scontext=u:r:system_server:s0 tcontext=u:r:system_server:s0 tclass=unix_stream_socket permissive=0
12-24 17:24:37.048  2513  2513 I auditd  : type=1400 audit(0.0:12060899): avc: denied { ioctl } for comm="Binder_7" path="socket:[1376227]" dev="sockfs" ino=1376227 ioctlcmd=7704 scontext=u:r:system_server:s0 tcontext=u:r:system_server:s0 tclass=unix_stream_socket permissive=0
12-24 17:24:37.058  1546  1546 I notification_enqueue: [1000,1546,android,17040375,NULL,-1,Notification(pri=0 contentView=null vibrate=null sound=null defaults=0x0 flags=0x2 color=0xff060059 category=sys vis=PRIVATE),1]
12-24 17:24:37.118  2204  2204 I auditd  : type=1400 audit(0.0:12060900): avc: denied { ioctl } for comm="Binder_4" path="socket:[1376227]" dev="sockfs" ino=1376227 ioctlcmd=7704 scontext=u:r:system_server:s0 tcontext=u:r:system_server:s0 tclass=unix_stream_socket permissive=0
12-24 17:24:37.118  2204  2204 I auditd  : type=1400 audit(0.0:12060901): avc: denied { ioctl } for comm="Binder_4" path="socket:[1376227]" dev="sockfs" ino=1376227 ioctlcmd=7704 scontext=u:r:system_server:s0 tcontext=u:r:system_server:s0 tclass=unix_stream_socket permissive=0
