12-24 17:24:37.129  1546  1546 I notification_enqueue: [1000,1546,android,17040375,NULL,-1,Notification(pri=0 contentView=null vibrate=null sound=null defaults=0x0 flags=0x2 color=0xff060059 category=sys vis=PRIVATE),1]
12-24 17:24:37.356  1546  3004 I am_home_stack_moved: [0,0,2,2,intentActivityFound]
12-24 17:24:37.356  1546  3004 I wm_task_moved: [66,1,4]
12-24 17:24:37.642  1546  1546 I notification_enqueue: [1000,1546,android,17040375,NULL,-1,Notification(pri=0 contentView=null vibrate=null sound=null defaults=0x0 flags=0x2 color=0xff060059 category=sys vis=PRIVATE),1]
12-24 17:24:37.752  1546  1546 I notification_enqueue: [1000,1546,android,17040375,NULL,-1,Notification(pri=0 contentView=null vibrate=null sound=null defaults=0x0 flags=0x2 color=0xff060059 category=sys vis=PRIVATE),1]
12-24 17:24:37.974  1546  1546 I notification_enqueue: [1000,1546,android,17040375,NULL,-1,Notification(pri=0 contentView=null vibrate=null sound=null defaults=0x0 flags=0x2 color=0xff060059 category=sys vis=PRIVATE),1]
12-24 17:24:38.033  1546  3004 I am_home_stack_moved: [0,0,2,2,intentActivityFound]
12-24 17:24:38.033  1546  3004 I wm_task_moved: [66,1,4]
12-24 17:24:38.327  1546  1546 I notification_enqueue: [1000,1546,android,17040375,NULL,-1,Notification(pri=0 contentView=null vibrate=null sound=null defaults=0x0 flags=0x2 color=0xff060059 category=sys vis=PRIVATE),1]
12-24 17:24:38.498  2986  2986 I auditd  : type=1400 audit(0.0:12060902): avc: denied { ioctl } for comm="Binder_9" path="socket:[1376227]" dev="sockfs" ino=1376227 ioctlcmd=7704 scontext=u:r:system_server:s0 tcontext=u:r:system_server:s0 tclass=unix_stream_socket permissive=0
12-24 17:24:38.498  2986  2986 I auditd  : type=1400 audit(0.0:12060903): avc: denied { ioctl } for comm="Binder_9" path="socket:[1376227]" dev="sockfs" ino=1376227 ioctlcmd=7704 scontext=u:r:system_server:s0 tcontext=u:r:system_server:s0 tclass=unix_stream_socket permissive=0
12-24 17:24:38.508  2204  2204 I auditd  : type=1400 audit(0.0:12060904): avc: denied { ioctl } for comm="Binder_4" path="socket:[1376227]" dev="sockfs" ino=1376227 ioctlcmd=7704 scontext=u:r:system_server:s0 tcontext=u:r:system_server:s0 tclass=unix_stream_socket permissive=0
12-24 17:24:38.508  2204  2204 I auditd  : type=1400 audit(0.0:12060905): avc: denied { ioctl } for comm="Binder_4" path="socket:[1376227]" dev="sockfs" ino=1376227 ioctlcmd=7704 scontext=u:r:system_server:s0 tcontext=u:r:system_server:s0 tclass=unix_stream_socket permissive=0
12-24 17:24:38.512  1546  1546 I notification_enqueue: [1000,1546,android,17040375,NULL,-1,Notification(pri=0 contentView=null vibrate=null sound=null defaults=0x0 flags=0x2 color=0xff060059 category=sys vis=PRIVATE),1]
12-24 17:24:38.521  1546  1546 I notification_enqueue: [1000,1546,android,17040375,NULL,-1,Notification(pri=0 contentView=null vibrate=null sound=null defaults=0x0 flags=0x2 color=0xff060059 category=sys vis=PRIVATE),1]
12-24 17:24:38.538  3284  3284 I auditd  : type=1400 audit(0.0:12060906): avc: denied { ioctl } for comm="Binder_10" path="socket:[1376227]" dev="sockfs" ino=1376227 ioctlcmd=7704 scontext=u:r:system_server:s0 tcontext=u:r:system_server:s0 tclass=unix_stream_socket permissive=0
12-24 17:24:38.538  3284  3284 I auditd  : type=1400 audit(0.0:12060907): avc: denied { ioctl } for comm="Binder_10" path="socket:[1376227]" dev="sockfs" ino=1376227 ioctlcmd=7704 scontext=u:r:system_server:s0 tcontext=u:r:system_server:s0 tclass=unix_stream_socket permissive=0
12-24 17:24:38.547  1546  1546 I notification_enqueue: [1000,1546,android,17040375,NULL,-1,Notification(pri=0 contentView=null vibrate=null sound=null defaults=0x0 flags=0x2 color=0xff060059 category=sys vis=PRIVATE),1]
12-24 17:24:38.738  2205  2205 I auditd  : type=1400 audit(0.0:12060908): avc: denied { ioctl } for comm="Binder_5" path="socket:[1376227]" dev="sockfs" ino=1376227 ioctlcmd=7704 scontext=u:r:system_server:s0 tcontext=u:r:system_server:s0 tclass=unix_stream_socket permissive=0
12-24 17:24:38.738  2205  2205 I auditd  : type=1400 audit(0.0:12060909): avc: denied { ioctl } for comm="Binder_5" path="socket:[1376227]" dev="sockfs" ino=1376227 ioctlcmd=7704 scontext=u:r:system_server:s0 tcontext=u:r:system_server:s0 tclass=unix_stream_socket permissive=0
12-24 17:24:38.747  1546  1546 I notification_enqueue: [1000,1546,android,17040375,NULL,-1,Notification(pri=0 contentView=null vibrate=null sound=null defaults=0x0 flags=0x2 color=0xff060059 category=sys vis=PRIVATE),1]
12-24 17:24:38.898  3004  3004 I auditd  : type=1400 audit(0.0:12060910): avc: denied { ioctl } for comm="Binder_B" path="socket:[1376227]" dev="sockfs" ino=1376227 ioctlcmd=7704 scontext=u:r:system_server:s0 tcontext=u:r:system_server:s0 tclass=unix_stream_socket permissive=0
12-24 17:24:38.898  3004  3004 I auditd  : type=1400 audit(0.0:12060911): avc: denied { ioctl } for comm="Binder_B" path="socket:[1376227]" dev="sockfs" ino=1376227 ioctlcmd=7704 scontext=u:r:system_server:s0 tcontext=u:r:system_server:s0 tclass=unix_stream_socket permissive=0
12-24 17:24:38.912  1546  1546 I notification_enqueue: [1000,1546,android,17040375,NULL,-1,Notification(pri=0 contentView=null vibrate=null sound=null defaults=0x0 flags=0x2 color=0xff060059 category=sys vis=PRIVATE),1]
12-24 17:24:38.954  1546  1546 I notification_canceled: [-1|android|17040375|null|1000|0,8,5950,42,0]
12-24 17:24:38.998  3020  3020 I auditd  : type=1400 audit(0.0:12060912): avc: denied { ioctl } for comm="Binder_F" path="socket:[1376227]" dev="sockfs" ino=1376227 ioctlcmd=7704 scontext=u:r:system_server:s0 tcontext=u:r:system_server:s0 tclass=unix_stream_socket permissive=0
12-24 17:24:38.998  3020  3020 I auditd  : type=1400 audit(0.0:12060913): avc: denied { ioctl } for comm="Binder_F" path="socket:[1376227]" dev="sockfs" ino=1376227 ioctlcmd=7704 scontext=u:r:system_server:s0 tcontext=u:r:system_server:s0 tclass=unix_stream_socket permissive=0
12-24 17:24:39.008  2987  2987 I auditd  : type=1400 audit(0.0:12060914): avc: denied { ioctl } for comm="Binder_A" path="socket:[1442124]" dev="sockfs" ino=1442124 ioctlcmd=7704 scontext=u:r:system_server:s0 tcontext=u:r:system_server:s0 tclass=unix_stream_socket permissive=0
12-24 17:24:39.008  2987  2987 I auditd  : type=1400 audit(0.0:12060915): avc: denied { ioctl } for comm="Binder_A" path="socket:[1442124]" dev="sockfs" ino=1442124 ioctlcmd=7704 scontext=u:r:system_server:s0 tcontext=u:r:system_server:s0 tclass=unix_stream_socket permissive=0
12-24 17:24:39.010  1546  1546 I notification_enqueue: [1000,1546,android,17040375,NULL,-1,Notification(pri=0 contentView=null vibrate=null sound=null defaults=0x0 flags=0x2 color=0xff060059 category=sys vis=PRIVATE),0]
12-24 17:24:39.014  1546  1546 I notification_enqueue: [1000,1546,android,17040375,NULL,-1,Notification(pri=0 contentView=null vibrate=null sound=null defaults=0x0 flags=0x2 color=0xff060059 category=sys vis=PRIVATE),1]
12-24 17:24:39.118  1570  1570 I auditd  : type=1400 audit(0.0:12060916): avc: denied { ioctl } for comm="Binder_2" path="socket:[1376227]" dev="sockfs" ino=1376227 ioctlcmd=7704 scontext=u:r:system_server:s0 tcontext=u:r:system_server:s0 tclass=unix_stream_socket permissive=0
12-24 17:24:39.118  1570  1570 I auditd  : type=1400 audit(0.0:12060917): avc: denied { ioctl } for comm="Binder_2" path="socket:[1376227]" dev="sockfs" ino=1376227 ioctlcmd=7704 scontext=u:r:system_server:s0 tcontext=u:r:system_server:s0 tclass=unix_stream_socket permissive=0
12-24 17:24:39.129  1546  1546 I notification_enqueue: [1000,1546,android,17040375,NULL,-1,Notification(pri=0 contentView=null vibrate=null sound=null defaults=0x0 flags=0x2 color=0xff060059 category=sys vis=PRIVATE),1]
12-24 17:24:39.168  1546  1546 I notification_canceled: [-1|android|17040375|null|1000|0,8,158,39,0]
12-24 17:24:39.508  1570  1570 I auditd  : type=1400 audit(0.0:12060918): avc: denied { ioctl } for comm="Binder_2" path="socket:[1376227]" dev="sockfs" ino=1376227 ioctlcmd=7704 scontext=u:r:system_server:s0 tcontext=u:r:system_server:s0 tclass=unix_stream_socket permissive=0
12-24 17:24:39.508  1570  1570 I auditd  : type=1400 audit(0.0:12060919): avc: denied { ioctl } for comm="Binder_2" path="socket:[1376227]" dev="sockfs" ino=1376227 ioctlcmd=7704 scontext=u:r:system_server:s0 tcontext=u:r:system_server:s0 tclass=unix_stream_socket permissive=0
12-24 17:24:39.524  1546  1546 I notification_enqueue: [1000,1546,android,17040375,NULL,-1,Notification(pri=0 contentView=null vibrate=null sound=null defaults=0x0 flags=0x2 color=0xff060059 category=sys vis=PRIVATE),0]
12-24 17:24:39.528  1546  1546 I notification_enqueue: [1000,1546,android,17040375,NULL,-1,Notification(pri=0 contentView=null vibrate=null sound=null defaults=0x0 flags=0x2 color=0xff060059 category=sys vis=PRIVATE),1]
12-24 17:24:39.588  3008  3008 I auditd  : type=1400 audit(0.0:12060920): avc: denied { ioctl } for comm="Binder_C" path="socket:[1376227]" dev="sockfs" ino=1376227 ioctlcmd=7704 scontext=u:r:system_server:s0 tcontext=u:r:system_server:s0 tclass=unix_stream_socket permissive=0
12-24 17:24:39.588  3008  3008 I auditd  : type=1400 audit(0.0:12060921): avc: denied { ioctl } for comm="Binder_C" path="socket:[1376227]" dev="sockfs" ino=1376227 ioctlcmd=7704 scontext=u:r:system_server:s0 tcontext=u:r:system_server:s0 tclass=unix_stream_socket permissive=0
12-24 17:24:39.598  1546  1546 I notification_enqueue: [1000,1546,android,17040375,NULL,-1,Notification(pri=0 contentView=null vibrate=null sound=null defaults=0x0 flags=0x2 color=0xff060059 category=sys vis=PRIVATE),1]
12-24 17:24:39.638  2986  2986 I auditd  : type=1400 audit(0.0:12060922): avc: denied { ioctl } for comm="Binder_9" path="socket:[1376227]" dev="sockfs" ino=1376227 ioctlcmd=7704 scontext=u:r:system_server:s0 tcontext=u:r:system_server:s0 tclass=unix_stream_socket permissive=0
12-24 17:24:39.638  2986  2986 I auditd  : type=1400 audit(0.0:12060923): avc: denied { ioctl } for comm="Binder_9" path="socket:[1376227]" dev="sockfs" ino=1376227 ioctlcmd=7704 scontext=u:r:system_server:s0 tcontext=u:r:system_server:s0 tclass=unix_stream_socket permissive=0
12-24 17:24:39.647  1546  1546 I notification_enqueue: [1000,1546,android,17040375,NULL,-1,Notification(pri=0 contentView=null vibrate=null sound=null defaults=0x0 flags=0x2 color=0xff060059 category=sys vis=PRIVATE),1]
12-24 17:24:39.755  1546  1546 I notification_enqueue: [1000,1546,android,17040375,NULL,-1,Notification(pri=0 contentView=null vibrate=null sound=null defaults=0x0 flags=0x2 color=0xff060059 category=sys vis=PRIVATE),1]
12-24 17:24:39.868  2513  2513 I auditd  : type=1400 audit(0.0:12060924): avc: denied { ioctl } for comm="Binder_7" path="socket:[1376227]" dev="sockfs" ino=1376227 ioctlcmd=7704 scontext=u:r:system_server:s0 tcontext=u:r:system_server:s0 tclass=unix_stream_socket permissive=0
12-24 17:24:39.868  2513  2513 I auditd  : type=1400 audit(0.0:12060925): avc: denied { ioctl } for comm="Binder_7" path="socket:[1376227]" dev="sockfs" ino=1376227 ioctlcmd=7704 scontext=u:r:system_server:s0 tcontext=u:r:system_server:s0 tclass=unix_stream_socket permissive=0
12-24 17:24:39.881  1546  1546 I notification_enqueue: [1000,1546,android,17040375,NULL,-1,Notification(pri=0 contentView=null vibrate=null sound=null defaults=0x0 flags=0x2 color=0xff060059 category=sys vis=PRIVATE),1]
12-24 17:24:39.938  3020  3020 I auditd  : type=1400 audit(0.0:12060926): avc: denied { ioctl } for comm="Binder_F" path="socket:[1376227]" dev="sockfs" ino=1376227 ioctlcmd=7704 scontext=u:r:system_server:s0 tcontext=u:r:system_server:s0 tclass=unix_stream_socket permissive=0
12-24 17:24:39.938  3020  3020 I auditd  : type=1400 audit(0.0:12060927): avc: denied { ioctl } for comm="Binder_F" path="socket:[1376227]" dev="sockfs" ino=1376227 ioctlcmd=7704 scontext=u:r:system_server:s0 tcontext=u:r:system_server:s0 tclass=unix_stream_socket permissive=0
12-24 17:24:39.950  1546  1546 I notification_enqueue: [1000,1546,android,17040375,NULL,-1,Notification(pri=0 contentView=null vibrate=null sound=null defaults=0x0 flags=0x2 color=0xff060059 category=sys vis=PRIVATE),1]
12-24 17:24:40.018  1569  1569 I auditd  : type=1400 audit(0.0:12060928): avc: denied { ioctl } for comm="Binder_1" path="socket:[1376227]" dev="sockfs" ino=1376227 ioctlcmd=7704 scontext=u:r:system_server:s0 tcontext=u:r:system_server:s0 tclass=unix_stream_socket permissive=0
12-24 17:24:40.018  1569  1569 I auditd  : type=1400 audit(0.0:12060929): avc: denied { ioctl } for comm="Binder_1" path="socket:[1376227]" dev="sockfs" ino=1376227 ioctlcmd=7704 scontext=u:r:system_server:s0 tcontext=u:r:system_server:s0 tclass=unix_stream_socket permissive=0
12-24 17:24:40.037  1546  1546 I notification_enqueue: [1000,1546,android,17040375,NULL,-1,Notification(pri=0 contentView=null vibrate=null sound=null defaults=0x0 flags=0x2 color=0xff060059 category=sys vis=PRIVATE),1]
12-24 17:24:40.038  2513  2513 I auditd  : type=1400 audit(0.0:12060930): avc: denied { ioctl } for comm="Binder_7" path="socket:[1376227]" dev="sockfs" ino=1376227 ioctlcmd=7704 scontext=u:r:system_server:s0 tcontext=u:r:system_server:s0 tclass=unix_stream_socket permissive=0
12-24 17:24:40.038  2513  2513 I auditd  : type=1400 audit(0.0:12060931): avc: denied { ioctl } for comm="Binder_7" path="socket:[1376227]" dev="sockfs" ino=1376227 ioctlcmd=7704 scontext=u:r:system_server:s0 tcontext=u:r:system_server:s0 tclass=unix_stream_socket permissive=0
12-24 17:24:40.051  1546  1546 I notification_enqueue: [1000,1546,android,17040375,NULL,-1,Notification(pri=0 contentView=null vibrate=null sound=null defaults=0x0 flags=0x2 color=0xff060059 category=sys vis=PRIVATE),1]
12-24 17:24:40.232  1546  1546 I notification_enqueue: [1000,1546,android,17040375,NULL,-1,Notification(pri=0 contentView=null vibrate=null sound=null defaults=0x0 flags=0x2 color=0xff060059 category=sys vis=PRIVATE),1]
12-24 17:24:40.337  1546  2987 I am_proc_died: [0,17804,com.qiku.music.service]
12-24 17:24:40.403  1546  1546 I notification_enqueue: [1000,1546,android,17040375,NULL,-1,Notification(pri=0 contentView=null vibrate=null sound=null defaults=0x0 flags=0x2 color=0xff060059 category=sys vis=PRIVATE),1]
12-24 17:24:40.624  1546  1546 I notification_enqueue: [1000,1546,android,17040375,NULL,-1,Notification(pri=0 contentView=null vibrate=null sound=null defaults=0x0 flags=0x2 color=0xff060059 category=sys vis=PRIVATE),1]
12-24 17:24:40.763  1546  1947 I netstats_mobile_sample: [0,0,0,0,0,0,0,0,0,0,0,0,1514107480769]
12-24 17:24:40.763  1546  1947 I netstats_wifi_sample: [669862908,1341404,64613304,341582,667660201,1271638,59819920,341210,570108383,613738,62444678,399359,1514107480769]
12-24 17:24:41.001  1546  1546 I notification_enqueue: [1000,1546,android,17040375,NULL,-1,Notification(pri=0 contentView=null vibrate=null sound=null defaults=0x0 flags=0x2 color=0xff060059 category=sys vis=PRIVATE),1]
12-24 17:24:41.299  1546  1546 I notification_enqueue: [1000,1546,android,17040375,NULL,-1,Notification(pri=0 contentView=null vibrate=null sound=null defaults=0x0 flags=0x2 color=0xff060059 category=sys vis=PRIVATE),1]
12-24 17:24:41.300   485   485 I sf_frame_dur: [Toast,0,0,0,0,0,1,1]
12-24 17:24:41.411  1546  1546 I notification_enqueue: [1000,1546,android,17040375,NULL,-1,Notification(pri=0 contentView=null vibrate=null sound=null defaults=0x0 flags=0x2 color=0xff060059 category=sys vis=PRIVATE),1]
12-24 17:24:41.458  1546  2564 I am_home_stack_moved: [0,0,2,2,intentActivityFound]
12-24 17:24:41.458  1546  2564 I wm_task_moved: [66,1,4]
12-24 17:24:41.527  1546  1546 I notification_enqueue: [1000,1546,android,17040375,NULL,-1,Notification(pri=0 contentView=null vibrate=null sound=null defaults=0x0 flags=0x2 color=0xff060059 category=sys vis=PRIVATE),1]
12-24 17:24:41.769  1546  1546 I notification_enqueue: [1000,1546,android,17040375,NULL,-1,Notification(pri=0 contentView=null vibrate=null sound=null defaults=0x0 flags=0x2 color=0xff060059 category=sys vis=PRIVATE),1]
12-24 17:24:41.938   982   982 I auditd  : type=1400 audit(0.0:12060932): avc: denied { read } for comm="daemon-handler-" name="mem" dev="debugfs" ino=699541 scontext=u:r:untrusted_app:s0:c512,c768 tcontext=u:object_r:debugfs:s0 tclass=file permissive=0
12-24 17:24:41.938   982   982 I auditd  : type=1400 audit(0.0:12060933): avc: denied { read } for comm="daemon-handler-" name="mem" dev="debugfs" ino=699541 scontext=u:r:untrusted_app:s0:c512,c768 tcontext=u:object_r:debugfs:s0 tclass=file permissive=0
12-24 17:24:42.034  1546  1546 I notification_enqueue: [1000,1546,android,17040375,NULL,-1,Notification(pri=0 contentView=null vibrate=null sound=null defaults=0x0 flags=0x2 color=0xff060059 category=sys vis=PRIVATE),1]
12-24 17:24:42.758  3284  3284 I auditd  : type=1400 audit(0.0:12060934): avc: denied { ioctl } for comm="Binder_10" path="socket:[1376227]" dev="sockfs" ino=1376227 ioctlcmd=7704 scontext=u:r:system_server:s0 tcontext=u:r:system_server:s0 tclass=unix_stream_socket permissive=0
12-24 17:24:42.758  3284  3284 I auditd  : type=1400 audit(0.0:12060935): avc: denied { ioctl } for comm="Binder_10" path="socket:[1376227]" dev="sockfs" ino=1376227 ioctlcmd=7704 scontext=u:r:system_server:s0 tcontext=u:r:system_server:s0 tclass=unix_stream_socket permissive=0
12-24 17:24:42.772  1546  1546 I notification_enqueue: [1000,1546,android,17040375,NULL,-1,Notification(pri=0 contentView=null vibrate=null sound=null defaults=0x0 flags=0x2 color=0xff060059 category=sys vis=PRIVATE),1]
12-24 17:24:42.929  1546  3004 I am_home_stack_moved: [0,0,2,2,intentActivityFound]
12-24 17:24:42.929  1546  3004 I wm_task_moved: [66,1,4]
12-24 17:24:43.148  2204  2204 I auditd  : type=1400 audit(0.0:12060936): avc: denied { ioctl } for comm="Binder_4" path="socket:[1376227]" dev="sockfs" ino=1376227 ioctlcmd=7704 scontext=u:r:system_server:s0 tcontext=u:r:system_server:s0 tclass=unix_stream_socket permissive=0
12-24 17:24:43.148  2204  2204 I auditd  : type=1400 audit(0.0:12060937): avc: denied { ioctl } for comm="Binder_4" path="socket:[1376227]" dev="sockfs" ino=1376227 ioctlcmd=7704 scontext=u:r:system_server:s0 tcontext=u:r:system_server:s0 tclass=unix_stream_socket permissive=0
12-24 17:24:43.156  1546  1546 I notification_enqueue: [1000,1546,android,17040375,NULL,-1,Notification(pri=0 contentView=null vibrate=null sound=null defaults=0x0 flags=0x2 color=0xff060059 category=sys vis=PRIVATE),1]
12-24 17:24:43.528  3020  3020 I auditd  : type=1400 audit(0.0:12060938): avc: denied { ioctl } for comm="Binder_F" path="socket:[1376227]" dev="sockfs" ino=1376227 ioctlcmd=7704 scontext=u:r:system_server:s0 tcontext=u:r:system_server:s0 tclass=unix_stream_socket permissive=0
12-24 17:24:43.528  3020  3020 I auditd  : type=1400 audit(0.0:12060939): avc: denied { ioctl } for comm="Binder_F" path="socket:[1376227]" dev="sockfs" ino=1376227 ioctlcmd=7704 scontext=u:r:system_server:s0 tcontext=u:r:system_server:s0 tclass=unix_stream_socket permissive=0
12-24 17:24:43.541  1546  1546 I notification_enqueue: [1000,1546,android,17040375,NULL,-1,Notification(pri=0 contentView=null vibrate=null sound=null defaults=0x0 flags=0x2 color=0xff060059 category=sys vis=PRIVATE),1]
12-24 17:24:43.692  1546  1546 I notification_enqueue: [1000,1546,android,17040375,NULL,-1,Notification(pri=0 contentView=null vibrate=null sound=null defaults=0x0 flags=0x2 color=0xff060059 category=sys vis=PRIVATE),1]
12-24 17:24:43.918  2986  2986 I auditd  : type=1400 audit(0.0:12060940): avc: denied { ioctl } for comm="Binder_9" path="socket:[1376227]" dev="sockfs" ino=1376227 ioctlcmd=7704 scontext=u:r:system_server:s0 tcontext=u:r:system_server:s0 tclass=unix_stream_socket permissive=0
12-24 17:24:43.918  2986  2986 I auditd  : type=1400 audit(0.0:12060941): avc: denied { ioctl } for comm="Binder_9" path="socket:[1376227]" dev="sockfs" ino=1376227 ioctlcmd=7704 scontext=u:r:system_server:s0 tcontext=u:r:system_server:s0 tclass=unix_stream_socket permissive=0
12-24 17:24:43.928  1546  1546 I notification_enqueue: [1000,1546,android,17040375,NULL,-1,Notification(pri=0 contentView=null vibrate=null sound=null defaults=0x0 flags=0x2 color=0xff060059 category=sys vis=PRIVATE),1]
12-24 17:24:43.978  2986  2986 I auditd  : type=1400 audit(0.0:12060942): avc: denied { ioctl } for comm="Binder_9" path="socket:[1376227]" dev="sockfs" ino=1376227 ioctlcmd=7704 scontext=u:r:system_server:s0 tcontext=u:r:system_server:s0 tclass=unix_stream_socket permissive=0
12-24 17:24:43.978  2986  2986 I auditd  : type=1400 audit(0.0:12060943): avc: denied { ioctl } for comm="Binder_9" path="socket:[1376227]" dev="sockfs" ino=1376227 ioctlcmd=7704 scontext=u:r:system_server:s0 tcontext=u:r:system_server:s0 tclass=unix_stream_socket permissive=0
12-24 17:24:43.991  1546  1546 I notification_enqueue: [1000,1546,android,17040375,NULL,-1,Notification(pri=0 contentView=null vibrate=null sound=null defaults=0x0 flags=0x2 color=0xff060059 category=sys vis=PRIVATE),1]
12-24 17:24:44.086  1546  1546 I notification_canceled: [-1|android|17040375|null|1000|0,8,4562,95,0]
12-24 17:24:44.368  2564  2564 I auditd  : type=1400 audit(0.0:12060944): avc: denied { ioctl } for comm="Binder_8" path="socket:[1376227]" dev="sockfs" ino=1376227 ioctlcmd=7704 scontext=u:r:system_server:s0 tcontext=u:r:system_server:s0 tclass=unix_stream_socket permissive=0
12-24 17:24:44.368  2564  2564 I auditd  : type=1400 audit(0.0:12060945): avc: denied { ioctl } for comm="Binder_8" path="socket:[1376227]" dev="sockfs" ino=1376227 ioctlcmd=7704 scontext=u:r:system_server:s0 tcontext=u:r:system_server:s0 tclass=unix_stream_socket permissive=0
12-24 17:24:44.582  1546  1546 I notification_enqueue: [1000,1546,android,17040375,NULL,-1,Notification(pri=0 contentView=null vibrate=null sound=null defaults=0x0 flags=0x2 color=0xff060059 category=sys vis=PRIVATE),0]
12-24 17:24:44.587  1546  1546 I notification_enqueue: [1000,1546,android,17040375,NULL,-1,Notification(pri=0 contentView=null vibrate=null sound=null defaults=0x0 flags=0x2 color=0xff060059 category=sys vis=PRIVATE),1]
12-24 17:24:44.689  1546  1546 I notification_enqueue: [1000,1546,android,17040375,NULL,-1,Notification(pri=0 contentView=null vibrate=null sound=null defaults=0x0 flags=0x2 color=0xff060059 category=sys vis=PRIVATE),1]
12-24 17:24:45.152  1546  1546 I notification_enqueue: [1000,1546,android,17040375,NULL,-1,Notification(pri=0 contentView=null vibrate=null sound=null defaults=0x0 flags=0x2 color=0xff060059 category=sys vis=PRIVATE),1]
12-24 17:24:45.262  1546  1546 I notification_enqueue: [10004,32677,com.qihoo360.mobilesafe,1,NULL,0,Notification(pri=2 contentView=com.qihoo360.mobilesafe/0x7f030062 vibrate=null sound=null tick defaults=0x0 flags=0x62 color=0x00000000 vis=PRIVATE),1]
12-24 17:24:45.318  3017  3017 I auditd  : type=1400 audit(0.0:12060946): avc: denied { ioctl } for comm="Binder_D" path="socket:[1462174]" dev="sockfs" ino=1462174 ioctlcmd=7704 scontext=u:r:system_server:s0 tcontext=u:r:system_server:s0 tclass=unix_stream_socket permissive=0
12-24 17:24:45.318  3017  3017 I auditd  : type=1400 audit(0.0:12060947): avc: denied { ioctl } for comm="Binder_D" path="socket:[1462174]" dev="sockfs" ino=1462174 ioctlcmd=7704 scontext=u:r:system_server:s0 tcontext=u:r:system_server:s0 tclass=unix_stream_socket permissive=0
12-24 17:24:45.327  1546  1546 I notification_enqueue: [1000,1546,android,17040375,NULL,-1,Notification(pri=0 contentView=null vibrate=null sound=null defaults=0x0 flags=0x2 color=0xff060059 category=sys vis=PRIVATE),1]
12-24 17:24:45.572  1546  1546 I notification_enqueue: [1000,1546,android,17040375,NULL,-1,Notification(pri=0 contentView=null vibrate=null sound=null defaults=0x0 flags=0x2 color=0xff060059 category=sys vis=PRIVATE),1]
12-24 17:24:45.964  1546  1588 I am_pss  : [25018,10011,com.qiku.android.cloudsync,15738880,13365248]
12-24 17:24:45.986  1546  1588 I am_pss  : [15495,1000,com.yulong.android.ota:plugin,10043392,7667712]
12-24 17:24:46.364  1546  1546 I notification_canceled: [-1|android|17040375|null|1000|0,8,1782,792,0]
12-24 17:24:46.533  1546  3284 I am_home_stack_moved: [0,0,2,2,intentActivityFound]
12-24 17:24:46.533  1546  3284 I wm_task_moved: [66,1,4]
12-24 17:24:46.619  1546  1546 I notification_enqueue: [1000,1546,android,17040375,NULL,-1,Notification(pri=0 contentView=null vibrate=null sound=null defaults=0x0 flags=0x2 color=0xff060059 category=sys vis=PRIVATE),0]
12-24 17:24:46.624  1546  1546 I notification_enqueue: [1000,1546,android,17040375,NULL,-1,Notification(pri=0 contentView=null vibrate=null sound=null defaults=0x0 flags=0x2 color=0xff060059 category=sys vis=PRIVATE),1]
12-24 17:24:46.773  1546  1546 I notification_enqueue: [1000,1546,android,17040375,NULL,-1,Notification(pri=0 contentView=null vibrate=null sound=null defaults=0x0 flags=0x2 color=0xff060059 category=sys vis=PRIVATE),1]
12-24 17:24:46.828  1546  1546 I notification_enqueue: [1000,1546,android,17040375,NULL,-1,Notification(pri=0 contentView=null vibrate=null sound=null defaults=0x0 flags=0x2 color=0xff060059 category=sys vis=PRIVATE),1]
12-24 17:24:47.065  1546  1546 I notification_canceled: [-1|android|17040375|null|1000|0,8,446,237,0]
12-24 17:24:47.158  1864  1864 I auditd  : type=1400 audit(0.0:12060948): avc: denied { ioctl } for comm="Binder_3" path="socket:[1376227]" dev="sockfs" ino=1376227 ioctlcmd=7704 scontext=u:r:system_server:s0 tcontext=u:r:system_server:s0 tclass=unix_stream_socket permissive=0
12-24 17:24:47.158  1864  1864 I auditd  : type=1400 audit(0.0:12060949): avc: denied { ioctl } for comm="Binder_3" path="socket:[1376227]" dev="sockfs" ino=1376227 ioctlcmd=7704 scontext=u:r:system_server:s0 tcontext=u:r:system_server:s0 tclass=unix_stream_socket permissive=0
12-24 17:24:47.678  2987  2987 I auditd  : type=1400 audit(0.0:12060950): avc: denied { ioctl } for comm="Binder_A" path="socket:[1376227]" dev="sockfs" ino=1376227 ioctlcmd=7704 scontext=u:r:system_server:s0 tcontext=u:r:system_server:s0 tclass=unix_stream_socket permissive=0
12-24 17:24:47.678  2987  2987 I auditd  : type=1400 audit(0.0:12060951): avc: denied { ioctl } for comm="Binder_A" path="socket:[1376227]" dev="sockfs" ino=1376227 ioctlcmd=7704 scontext=u:r:system_server:s0 tcontext=u:r:system_server:s0 tclass=unix_stream_socket permissive=0
12-24 17:24:47.688  3004  3004 I auditd  : type=1400 audit(0.0:12060952): avc: denied { ioctl } for comm="Binder_B" path="socket:[1376227]" dev="sockfs" ino=1376227 ioctlcmd=7704 scontext=u:r:system_server:s0 tcontext=u:r:system_server:s0 tclass=unix_stream_socket permissive=0
12-24 17:24:47.688  3004  3004 I auditd  : type=1400 audit(0.0:12060953): avc: denied { ioctl } for comm="Binder_B" path="socket:[1376227]" dev="sockfs" ino=1376227 ioctlcmd=7704 scontext=u:r:system_server:s0 tcontext=u:r:system_server:s0 tclass=unix_stream_socket permissive=0
12-24 17:24:47.788  1569  1569 I auditd  : type=1400 audit(0.0:12060954): avc: denied { ioctl } for comm="Binder_1" path="socket:[1376227]" dev="sockfs" ino=1376227 ioctlcmd=7704 scontext=u:r:system_server:s0 tcontext=u:r:system_server:s0 tclass=unix_stream_socket permissive=0
12-24 17:24:47.788  1569  1569 I auditd  : type=1400 audit(0.0:12060955): avc: denied { ioctl } for comm="Binder_1" path="socket:[1376227]" dev="sockfs" ino=1376227 ioctlcmd=7704 scontext=u:r:system_server:s0 tcontext=u:r:system_server:s0 tclass=unix_stream_socket permissive=0
12-24 17:24:47.847  1546  1546 I notification_enqueue: [1000,1546,android,17040375,NULL,-1,Notification(pri=0 contentView=null vibrate=null sound=null defaults=0x0 flags=0x2 color=0xff060059 category=sys vis=PRIVATE),0]
12-24 17:24:47.851  1546  1546 I notification_enqueue: [1000,1546,android,17040375,NULL,-1,Notification(pri=0 contentView=null vibrate=null sound=null defaults=0x0 flags=0x2 color=0xff060059 category=sys vis=PRIVATE),1]
12-24 17:24:47.903  1546  1546 I notification_enqueue: [1000,1546,android,17040375,NULL,-1,Notification(pri=0 contentView=null vibrate=null sound=null defaults=0x0 flags=0x2 color=0xff060059 category=sys vis=PRIVATE),1]
12-24 17:24:48.011  1546  1546 I notification_enqueue: [1000,1546,android,17040375,NULL,-1,Notification(pri=0 contentView=null vibrate=null sound=null defaults=0x0 flags=0x2 color=0xff060059 category=sys vis=PRIVATE),1]
12-24 17:24:48.058  1570  1570 I auditd  : type=1400 audit(0.0:12060956): avc: denied { ioctl } for comm="Binder_2" path="socket:[1464721]" dev="sockfs" ino=1464721 ioctlcmd=7704 scontext=u:r:system_server:s0 tcontext=u:r:system_server:s0 tclass=unix_stream_socket permissive=0
12-24 17:24:48.058  1570  1570 I auditd  : type=1400 audit(0.0:12060957): avc: denied { ioctl } for comm="Binder_2" path="socket:[1464721]" dev="sockfs" ino=1464721 ioctlcmd=7704 scontext=u:r:system_server:s0 tcontext=u:r:system_server:s0 tclass=unix_stream_socket permissive=0
12-24 17:24:48.066  1546  1546 I notification_enqueue: [1000,1546,android,17040375,NULL,-1,Notification(pri=0 contentView=null vibrate=null sound=null defaults=0x0 flags=0x2 color=0xff060059 category=sys vis=PRIVATE),1]
12-24 17:24:48.238  3284  3284 I auditd  : type=1400 audit(0.0:12060958): avc: denied { ioctl } for comm="Binder_10" path="socket:[1376227]" dev="sockfs" ino=1376227 ioctlcmd=7704 scontext=u:r:system_server:s0 tcontext=u:r:system_server:s0 tclass=unix_stream_socket permissive=0
12-24 17:24:48.238  3284  3284 I auditd  : type=1400 audit(0.0:12060959): avc: denied { ioctl } for comm="Binder_10" path="socket:[1376227]" dev="sockfs" ino=1376227 ioctlcmd=7704 scontext=u:r:system_server:s0 tcontext=u:r:system_server:s0 tclass=unix_stream_socket permissive=0
12-24 17:24:48.253  1546  1546 I notification_enqueue: [1000,1546,android,17040375,NULL,-1,Notification(pri=0 contentView=null vibrate=null sound=null defaults=0x0 flags=0x2 color=0xff060059 category=sys vis=PRIVATE),1]
12-24 17:24:48.290  1546  2987 I am_home_stack_moved: [0,0,2,2,intentActivityFound]
12-24 17:24:48.290  1546  2987 I wm_task_moved: [66,1,4]
12-24 17:24:48.354  1546  1546 I notification_canceled: [-1|android|17040375|null|1000|0,8,508,101,0]
12-24 17:24:48.458  2987  2987 I auditd  : type=1400 audit(0.0:12060960): avc: denied { ioctl } for comm="Binder_A" path="socket:[1376227]" dev="sockfs" ino=1376227 ioctlcmd=7704 scontext=u:r:system_server:s0 tcontext=u:r:system_server:s0 tclass=unix_stream_socket permissive=0
12-24 17:24:48.458  2987  2987 I auditd  : type=1400 audit(0.0:12060961): avc: denied { ioctl } for comm="Binder_A" path="socket:[1376227]" dev="sockfs" ino=1376227 ioctlcmd=7704 scontext=u:r:system_server:s0 tcontext=u:r:system_server:s0 tclass=unix_stream_socket permissive=0
12-24 17:24:48.549  1546  1546 I notification_enqueue: [1000,1546,android,17040375,NULL,-1,Notification(pri=0 contentView=null vibrate=null sound=null defaults=0x0 flags=0x2 color=0xff060059 category=sys vis=PRIVATE),0]
12-24 17:24:48.554  1546  1546 I notification_enqueue: [1000,1546,android,17040375,NULL,-1,Notification(pri=0 contentView=null vibrate=null sound=null defaults=0x0 flags=0x2 color=0xff060059 category=sys vis=PRIVATE),1]
12-24 17:24:48.678  1546  1546 I notification_enqueue: [1000,1546,android,17040375,NULL,-1,Notification(pri=0 contentView=null vibrate=null sound=null defaults=0x0 flags=0x2 color=0xff060059 category=sys vis=PRIVATE),1]
12-24 17:24:48.733  1546  1546 I notification_enqueue: [1000,1546,android,17040375,NULL,-1,Notification(pri=0 contentView=null vibrate=null sound=null defaults=0x0 flags=0x2 color=0xff060059 category=sys vis=PRIVATE),1]
12-24 17:24:48.788  1546  1546 I notification_enqueue: [1000,1546,android,17040375,NULL,-1,Notification(pri=0 contentView=null vibrate=null sound=null defaults=0x0 flags=0x2 color=0xff060059 category=sys vis=PRIVATE),1]
12-24 17:24:48.904  1546  1546 I notification_enqueue: [1000,1546,android,17040375,NULL,-1,Notification(pri=0 contentView=null vibrate=null sound=null defaults=0x0 flags=0x2 color=0xff060059 category=sys vis=PRIVATE),1]
12-24 17:24:49.248  2987  2987 I auditd  : type=1400 audit(0.0:12060962): avc: denied { ioctl } for comm="Binder_A" path="socket:[1376227]" dev="sockfs" ino=1376227 ioctlcmd=7704 scontext=u:r:system_server:s0 tcontext=u:r:system_server:s0 tclass=unix_stream_socket permissive=0
12-24 17:24:49.248  2987  2987 I auditd  : type=1400 audit(0.0:12060963): avc: denied { ioctl } for comm="Binder_A" path="socket:[1376227]" dev="sockfs" ino=1376227 ioctlcmd=7704 scontext=u:r:system_server:s0 tcontext=u:r:system_server:s0 tclass=unix_stream_socket permissive=0
12-24 17:24:49.256  1546  1546 I notification_enqueue: [1000,1546,android,17040375,NULL,-1,Notification(pri=0 contentView=null vibrate=null sound=null defaults=0x0 flags=0x2 color=0xff060059 category=sys vis=PRIVATE),1]
12-24 17:24:49.315  1546  1546 I notification_canceled: [-1|android|17040375|null|1000|0,8,766,59,0]
12-24 17:24:49.548  1569  1569 I auditd  : type=1400 audit(0.0:12060964): avc: denied { ioctl } for comm="Binder_1" path="socket:[1376227]" dev="sockfs" ino=1376227 ioctlcmd=7704 scontext=u:r:system_server:s0 tcontext=u:r:system_server:s0 tclass=unix_stream_socket permissive=0
12-24 17:24:49.548  1569  1569 I auditd  : type=1400 audit(0.0:12060965): avc: denied { ioctl } for comm="Binder_1" path="socket:[1376227]" dev="sockfs" ino=1376227 ioctlcmd=7704 scontext=u:r:system_server:s0 tcontext=u:r:system_server:s0 tclass=unix_stream_socket permissive=0
12-24 17:24:49.828  3008  3008 I auditd  : type=1400 audit(0.0:12060966): avc: denied { ioctl } for comm="Binder_C" path="socket:[1376227]" dev="sockfs" ino=1376227 ioctlcmd=7704 scontext=u:r:system_server:s0 tcontext=u:r:system_server:s0 tclass=unix_stream_socket permissive=0
12-24 17:24:49.828  3008  3008 I auditd  : type=1400 audit(0.0:12060967): avc: denied { ioctl } for comm="Binder_C" path="socket:[1376227]" dev="sockfs" ino=1376227 ioctlcmd=7704 scontext=u:r:system_server:s0 tcontext=u:r:system_server:s0 tclass=unix_stream_socket permissive=0
12-24 17:24:49.948  1570  1570 I auditd  : type=1400 audit(0.0:12060968): avc: denied { ioctl } for comm="Binder_2" path="socket:[1376227]" dev="sockfs" ino=1376227 ioctlcmd=7704 scontext=u:r:system_server:s0 tcontext=u:r:system_server:s0 tclass=unix_stream_socket permissive=0
12-24 17:24:49.948  1570  1570 I auditd  : type=1400 audit(0.0:12060969): avc: denied { ioctl } for comm="Binder_2" path="socket:[1376227]" dev="sockfs" ino=1376227 ioctlcmd=7704 scontext=u:r:system_server:s0 tcontext=u:r:system_server:s0 tclass=unix_stream_socket permissive=0
12-24 17:24:49.968  3019  3019 I auditd  : type=1400 audit(0.0:12060970): avc: denied { ioctl } for comm="Binder_E" path="socket:[1376227]" dev="sockfs" ino=1376227 ioctlcmd=7704 scontext=u:r:system_server:s0 tcontext=u:r:system_server:s0 tclass=unix_stream_socket permissive=0
12-24 17:24:49.968  3019  3019 I auditd  : type=1400 audit(0.0:12060971): avc: denied { ioctl } for comm="Binder_E" path="socket:[1376227]" dev="sockfs" ino=1376227 ioctlcmd=7704 scontext=u:r:system_server:s0 tcontext=u:r:system_server:s0 tclass=unix_stream_socket permissive=0
12-24 17:24:50.068  2986  2986 I auditd  : type=1400 audit(0.0:12060972): avc: denied { ioctl } for comm="Binder_9" path="socket:[1376227]" dev="sockfs" ino=1376227 ioctlcmd=7704 scontext=u:r:system_server:s0 tcontext=u:r:system_server:s0 tclass=unix_stream_socket permissive=0
12-24 17:24:50.068  2986  2986 I auditd  : type=1400 audit(0.0:12060973): avc: denied { ioctl } for comm="Binder_9" path="socket:[1376227]" dev="sockfs" ino=1376227 ioctlcmd=7704 scontext=u:r:system_server:s0 tcontext=u:r:system_server:s0 tclass=unix_stream_socket permissive=0
12-24 17:24:50.134  1546  1546 I notification_enqueue: [1000,1546,android,17040375,NULL,-1,Notification(pri=0 contentView=null vibrate=null sound=null defaults=0x0 flags=0x2 color=0xff060059 category=sys vis=PRIVATE),0]
12-24 17:24:50.138  1546  1546 I notification_enqueue: [1000,1546,android,17040375,NULL,-1,Notification(pri=0 contentView=null vibrate=null sound=null defaults=0x0 flags=0x2 color=0xff060059 category=sys vis=PRIVATE),1]
12-24 17:24:50.218  1569  1569 I auditd  : type=1400 audit(0.0:12060974): avc: denied { ioctl } for comm="Binder_1" path="socket:[1376227]" dev="sockfs" ino=1376227 ioctlcmd=7704 scontext=u:r:system_server:s0 tcontext=u:r:system_server:s0 tclass=unix_stream_socket permissive=0
12-24 17:24:50.218  1569  1569 I auditd  : type=1400 audit(0.0:12060975): avc: denied { ioctl } for comm="Binder_1" path="socket:[1376227]" dev="sockfs" ino=1376227 ioctlcmd=7704 scontext=u:r:system_server:s0 tcontext=u:r:system_server:s0 tclass=unix_stream_socket permissive=0
12-24 17:24:50.224  1546  1546 I notification_enqueue: [1000,1546,android,17040375,NULL,-1,Notification(pri=0 contentView=null vibrate=null sound=null defaults=0x0 flags=0x2 color=0xff060059 category=sys vis=PRIVATE),1]
12-24 17:24:50.228  2986  2986 I auditd  : type=1400 audit(0.0:12060976): avc: denied { ioctl } for comm="Binder_9" path="socket:[1376227]" dev="sockfs" ino=1376227 ioctlcmd=7704 scontext=u:r:system_server:s0 tcontext=u:r:system_server:s0 tclass=unix_stream_socket permissive=0
12-24 17:24:50.228  2986  2986 I auditd  : type=1400 audit(0.0:12060977): avc: denied { ioctl } for comm="Binder_9" path="socket:[1376227]" dev="sockfs" ino=1376227 ioctlcmd=7704 scontext=u:r:system_server:s0 tcontext=u:r:system_server:s0 tclass=unix_stream_socket permissive=0
12-24 17:24:50.239  1546  1546 I notification_enqueue: [1000,1546,android,17040375,NULL,-1,Notification(pri=0 contentView=null vibrate=null sound=null defaults=0x0 flags=0x2 color=0xff060059 category=sys vis=PRIVATE),1]
12-24 17:24:50.262  1546  1546 I notification_enqueue: [10004,32677,com.qihoo360.mobilesafe,1,NULL,0,Notification(pri=2 contentView=com.qihoo360.mobilesafe/0x7f030062 vibrate=null sound=null tick defaults=0x0 flags=0x62 color=0x00000000 vis=PRIVATE),1]
12-24 17:24:50.418  2986  2986 I auditd  : type=1400 audit(0.0:12060978): avc: denied { ioctl } for comm="Binder_9" path="socket:[1376227]" dev="sockfs" ino=1376227 ioctlcmd=7704 scontext=u:r:system_server:s0 tcontext=u:r:system_server:s0 tclass=unix_stream_socket permissive=0
12-24 17:24:50.418  2986  2986 I auditd  : type=1400 audit(0.0:12060979): avc: denied { ioctl } for comm="Binder_9" path="socket:[1376227]" dev="sockfs" ino=1376227 ioctlcmd=7704 scontext=u:r:system_server:s0 tcontext=u:r:system_server:s0 tclass=unix_stream_socket permissive=0
12-24 17:24:50.425  1546  1546 I notification_enqueue: [1000,1546,android,17040375,NULL,-1,Notification(pri=0 contentView=null vibrate=null sound=null defaults=0x0 flags=0x2 color=0xff060059 category=sys vis=PRIVATE),1]
12-24 17:24:50.428  1569  1569 I auditd  : type=1400 audit(0.0:12060980): avc: denied { ioctl } for comm="Binder_1" path="socket:[1376227]" dev="sockfs" ino=1376227 ioctlcmd=7704 scontext=u:r:system_server:s0 tcontext=u:r:system_server:s0 tclass=unix_stream_socket permissive=0
12-24 17:24:50.428  1569  1569 I auditd  : type=1400 audit(0.0:12060981): avc: denied { ioctl } for comm="Binder_1" path="socket:[1376227]" dev="sockfs" ino=1376227 ioctlcmd=7704 scontext=u:r:system_server:s0 tcontext=u:r:system_server:s0 tclass=unix_stream_socket permissive=0
12-24 17:24:50.438  2986  2986 I auditd  : type=1400 audit(0.0:12060982): avc: denied { ioctl } for comm="Binder_9" path="socket:[1376227]" dev="sockfs" ino=1376227 ioctlcmd=7704 scontext=u:r:system_server:s0 tcontext=u:r:system_server:s0 tclass=unix_stream_socket permissive=0
12-24 17:24:50.438  2986  2986 I auditd  : type=1400 audit(0.0:12060983): avc: denied { ioctl } for comm="Binder_9" path="socket:[1376227]" dev="sockfs" ino=1376227 ioctlcmd=7704 scontext=u:r:system_server:s0 tcontext=u:r:system_server:s0 tclass=unix_stream_socket permissive=0
12-24 17:24:50.442  1546  1546 I notification_enqueue: [1000,1546,android,17040375,NULL,-1,Notification(pri=0 contentView=null vibrate=null sound=null defaults=0x0 flags=0x2 color=0xff060059 category=sys vis=PRIVATE),1]
12-24 17:24:50.454  1546  1546 I notification_enqueue: [1000,1546,android,17040375,NULL,-1,Notification(pri=0 contentView=null vibrate=null sound=null defaults=0x0 flags=0x2 color=0xff060059 category=sys vis=PRIVATE),1]
12-24 17:24:50.455  1546  1546 I notification_canceled: [-1|android|17040375|null|1000|0,8,321,1,0]
12-24 17:24:50.548  3284  3284 I auditd  : type=1400 audit(0.0:12060984): avc: denied { ioctl } for comm="Binder_10" path="socket:[1376227]" dev="sockfs" ino=1376227 ioctlcmd=7704 scontext=u:r:system_server:s0 tcontext=u:r:system_server:s0 tclass=unix_stream_socket permissive=0
12-24 17:24:50.548  3284  3284 I auditd  : type=1400 audit(0.0:12060985): avc: denied { ioctl } for comm="Binder_10" path="socket:[1376227]" dev="sockfs" ino=1376227 ioctlcmd=7704 scontext=u:r:system_server:s0 tcontext=u:r:system_server:s0 tclass=unix_stream_socket permissive=0
12-24 17:24:50.564  1546  1546 I notification_enqueue: [1000,1546,android,17040375,NULL,-1,Notification(pri=0 contentView=null vibrate=null sound=null defaults=0x0 flags=0x2 color=0xff060059 category=sys vis=PRIVATE),0]
12-24 17:24:50.568  1546  1546 I notification_enqueue: [1000,1546,android,17040375,NULL,-1,Notification(pri=0 contentView=null vibrate=null sound=null defaults=0x0 flags=0x2 color=0xff060059 category=sys vis=PRIVATE),1]
12-24 17:24:50.678  2205  2205 I auditd  : type=1400 audit(0.0:12060986): avc: denied { ioctl } for comm="Binder_5" path="socket:[1376227]" dev="sockfs" ino=1376227 ioctlcmd=7704 scontext=u:r:system_server:s0 tcontext=u:r:system_server:s0 tclass=unix_stream_socket permissive=0
12-24 17:24:50.678  2205  2205 I auditd  : type=1400 audit(0.0:12060987): avc: denied { ioctl } for comm="Binder_5" path="socket:[1376227]" dev="sockfs" ino=1376227 ioctlcmd=7704 scontext=u:r:system_server:s0 tcontext=u:r:system_server:s0 tclass=unix_stream_socket permissive=0
12-24 17:24:50.688  1570  1570 I auditd  : type=1400 audit(0.0:12060988): avc: denied { ioctl } for comm="Binder_2" path="socket:[1376227]" dev="sockfs" ino=1376227 ioctlcmd=7704 scontext=u:r:system_server:s0 tcontext=u:r:system_server:s0 tclass=unix_stream_socket permissive=0
12-24 17:24:50.688  1570  1570 I auditd  : type=1400 audit(0.0:12060989): avc: denied { ioctl } for comm="Binder_2" path="socket:[1376227]" dev="sockfs" ino=1376227 ioctlcmd=7704 scontext=u:r:system_server:s0 tcontext=u:r:system_server:s0 tclass=unix_stream_socket permissive=0
12-24 17:24:50.691  1546  1546 I notification_enqueue: [1000,1546,android,17040375,NULL,-1,Notification(pri=0 contentView=null vibrate=null sound=null defaults=0x0 flags=0x2 color=0xff060059 category=sys vis=PRIVATE),1]
12-24 17:24:50.698  1546  1546 I notification_enqueue: [1000,1546,android,17040375,NULL,-1,Notification(pri=0 contentView=null vibrate=null sound=null defaults=0x0 flags=0x2 color=0xff060059 category=sys vis=PRIVATE),1]
12-24 17:24:50.703  1546  1546 I notification_enqueue: [1000,1546,android,17040375,NULL,-1,Notification(pri=0 contentView=null vibrate=null sound=null defaults=0x0 flags=0x2 color=0xff060059 category=sys vis=PRIVATE),1]
12-24 17:24:50.918  1546  1546 I notification_enqueue: [1000,1546,android,17040375,NULL,-1,Notification(pri=0 contentView=null vibrate=null sound=null defaults=0x0 flags=0x2 color=0xff060059 category=sys vis=PRIVATE),1]
12-24 17:24:51.048  1864  1864 I auditd  : type=1400 audit(0.0:12060990): avc: denied { ioctl } for comm="Binder_3" path="socket:[1376227]" dev="sockfs" ino=1376227 ioctlcmd=7704 scontext=u:r:system_server:s0 tcontext=u:r:system_server:s0 tclass=unix_stream_socket permissive=0
12-24 17:24:51.048  1864  1864 I auditd  : type=1400 audit(0.0:12060991): avc: denied { ioctl } for comm="Binder_3" path="socket:[1376227]" dev="sockfs" ino=1376227 ioctlcmd=7704 scontext=u:r:system_server:s0 tcontext=u:r:system_server:s0 tclass=unix_stream_socket permissive=0
12-24 17:24:51.060  1546  1546 I notification_enqueue: [1000,1546,android,17040375,NULL,-1,Notification(pri=0 contentView=null vibrate=null sound=null defaults=0x0 flags=0x2 color=0xff060059 category=sys vis=PRIVATE),1]
12-24 17:24:51.078  2564  2564 I auditd  : type=1400 audit(0.0:12060992): avc: denied { ioctl } for comm="Binder_8" path="socket:[1376227]" dev="sockfs" ino=1376227 ioctlcmd=7704 scontext=u:r:system_server:s0 tcontext=u:r:system_server:s0 tclass=unix_stream_socket permissive=0
12-24 17:24:51.078  2564  2564 I auditd  : type=1400 audit(0.0:12060993): avc: denied { ioctl } for comm="Binder_8" path="socket:[1376227]" dev="sockfs" ino=1376227 ioctlcmd=7704 scontext=u:r:system_server:s0 tcontext=u:r:system_server:s0 tclass=unix_stream_socket permissive=0
12-24 17:24:51.092  1546  1546 I notification_enqueue: [1000,1546,android,17040375,NULL,-1,Notification(pri=0 contentView=null vibrate=null sound=null defaults=0x0 flags=0x2 color=0xff060059 category=sys vis=PRIVATE),1]
12-24 17:24:51.218  3020  3020 I auditd  : type=1400 audit(0.0:12060994): avc: denied { ioctl } for comm="Binder_F" path="socket:[1376227]" dev="sockfs" ino=1376227 ioctlcmd=7704 scontext=u:r:system_server:s0 tcontext=u:r:system_server:s0 tclass=unix_stream_socket permissive=0
12-24 17:24:51.218  3020  3020 I auditd  : type=1400 audit(0.0:12060995): avc: denied { ioctl } for comm="Binder_F" path="socket:[1376227]" dev="sockfs" ino=1376227 ioctlcmd=7704 scontext=u:r:system_server:s0 tcontext=u:r:system_server:s0 tclass=unix_stream_socket permissive=0
12-24 17:24:51.226  1546  1546 I notification_enqueue: [1000,1546,android,17040375,NULL,-1,Notification(pri=0 contentView=null vibrate=null sound=null defaults=0x0 flags=0x2 color=0xff060059 category=sys vis=PRIVATE),1]
12-24 17:24:51.268  3284  3284 I auditd  : type=1400 audit(0.0:12060996): avc: denied { ioctl } for comm="Binder_10" path="socket:[1376227]" dev="sockfs" ino=1376227 ioctlcmd=7704 scontext=u:r:system_server:s0 tcontext=u:r:system_server:s0 tclass=unix_stream_socket permissive=0
12-24 17:24:51.268  3284  3284 I auditd  : type=1400 audit(0.0:12060997): avc: denied { ioctl } for comm="Binder_10" path="socket:[1376227]" dev="sockfs" ino=1376227 ioctlcmd=7704 scontext=u:r:system_server:s0 tcontext=u:r:system_server:s0 tclass=unix_stream_socket permissive=0
12-24 17:24:51.274  1546  1546 I notification_enqueue: [1000,1546,android,17040375,NULL,-1,Notification(pri=0 contentView=null vibrate=null sound=null defaults=0x0 flags=0x2 color=0xff060059 category=sys vis=PRIVATE),1]
12-24 17:24:51.388  2204  2204 I auditd  : type=1400 audit(0.0:12060998): avc: denied { ioctl } for comm="Binder_4" path="socket:[1376227]" dev="sockfs" ino=1376227 ioctlcmd=7704 scontext=u:r:system_server:s0 tcontext=u:r:system_server:s0 tclass=unix_stream_socket permissive=0
12-24 17:24:51.388  2204  2204 I auditd  : type=1400 audit(0.0:12060999): avc: denied { ioctl } for comm="Binder_4" path="socket:[1376227]" dev="sockfs" ino=1376227 ioctlcmd=7704 scontext=u:r:system_server:s0 tcontext=u:r:system_server:s0 tclass=unix_stream_socket permissive=0
12-24 17:24:51.396  1546  1546 I notification_enqueue: [1000,1546,android,17040375,NULL,-1,Notification(pri=0 contentView=null vibrate=null sound=null defaults=0x0 flags=0x2 color=0xff060059 category=sys vis=PRIVATE),1]
12-24 17:24:51.758  2204  2204 I auditd  : type=1400 audit(0.0:12061000): avc: denied { ioctl } for comm="Binder_4" path="socket:[1376227]" dev="sockfs" ino=1376227 ioctlcmd=7704 scontext=u:r:system_server:s0 tcontext=u:r:system_server:s0 tclass=unix_stream_socket permissive=0
12-24 17:24:51.758  2204  2204 I auditd  : type=1400 audit(0.0:12061001): avc: denied { ioctl } for comm="Binder_4" path="socket:[1376227]" dev="sockfs" ino=1376227 ioctlcmd=7704 scontext=u:r:system_server:s0 tcontext=u:r:system_server:s0 tclass=unix_stream_socket permissive=0
12-24 17:24:51.769  1546  1546 I notification_enqueue: [1000,1546,android,17040375,NULL,-1,Notification(pri=0 contentView=null vibrate=null sound=null defaults=0x0 flags=0x2 color=0xff060059 category=sys vis=PRIVATE),1]
12-24 17:24:51.775  1546  1546 I notification_canceled: [-1|android|17040375|null|1000|0,8,1212,6,0]
12-24 17:24:52.108  3284  3284 I auditd  : type=1400 audit(0.0:12061002): avc: denied { ioctl } for comm="Binder_10" path="socket:[1376227]" dev="sockfs" ino=1376227 ioctlcmd=7704 scontext=u:r:system_server:s0 tcontext=u:r:system_server:s0 tclass=unix_stream_socket permissive=0
12-24 17:24:52.108  3284  3284 I auditd  : type=1400 audit(0.0:12061003): avc: denied { ioctl } for comm="Binder_10" path="socket:[1376227]" dev="sockfs" ino=1376227 ioctlcmd=7704 scontext=u:r:system_server:s0 tcontext=u:r:system_server:s0 tclass=unix_stream_socket permissive=0
12-24 17:24:52.118  2374  2374 I auditd  : type=1400 audit(0.0:12061004): avc: denied { ioctl } for comm="Binder_6" path="socket:[1376227]" dev="sockfs" ino=1376227 ioctlcmd=7704 scontext=u:r:system_server:s0 tcontext=u:r:system_server:s0 tclass=unix_stream_socket permissive=0
12-24 17:24:52.118  2374  2374 I auditd  : type=1400 audit(0.0:12061005): avc: denied { ioctl } for comm="Binder_6" path="socket:[1376227]" dev="sockfs" ino=1376227 ioctlcmd=7704 scontext=u:r:system_server:s0 tcontext=u:r:system_server:s0 tclass=unix_stream_socket permissive=0
12-24 17:24:52.188  3020  3020 I auditd  : type=1400 audit(0.0:12061006): avc: denied { ioctl } for comm="Binder_F" path="socket:[1376227]" dev="sockfs" ino=1376227 ioctlcmd=7704 scontext=u:r:system_server:s0 tcontext=u:r:system_server:s0 tclass=unix_stream_socket permissive=0
12-24 17:24:52.188  3020  3020 I auditd  : type=1400 audit(0.0:12061007): avc: denied { ioctl } for comm="Binder_F" path="socket:[1376227]" dev="sockfs" ino=1376227 ioctlcmd=7704 scontext=u:r:system_server:s0 tcontext=u:r:system_server:s0 tclass=unix_stream_socket permissive=0
12-24 17:24:52.224  1546  1546 I notification_enqueue: [1000,1546,android,17040375,NULL,-1,Notification(pri=0 contentView=null vibrate=null sound=null defaults=0x0 flags=0x2 color=0xff060059 category=sys vis=PRIVATE),0]
