12-24 17:25:26.310  1546  1546 I notification_enqueue: [1000,1546,android,17040375,NULL,-1,Notification(pri=0 contentView=null vibrate=null sound=null defaults=0x0 flags=0x2 color=0xff060059 category=sys vis=PRIVATE),0]
12-24 17:25:26.315  1546  1546 I notification_enqueue: [1000,1546,android,17040375,NULL,-1,Notification(pri=0 contentView=null vibrate=null sound=null defaults=0x0 flags=0x2 color=0xff060059 category=sys vis=PRIVATE),1]
12-24 17:25:26.638  1864  1864 I auditd  : type=1400 audit(0.0:12061242): avc: denied { ioctl } for comm="Binder_3" path="socket:[1376227]" dev="sockfs" ino=1376227 ioctlcmd=7704 scontext=u:r:system_server:s0 tcontext=u:r:system_server:s0 tclass=unix_stream_socket permissive=0
12-24 17:25:26.638  1864  1864 I auditd  : type=1400 audit(0.0:12061243): avc: denied { ioctl } for comm="Binder_3" path="socket:[1376227]" dev="sockfs" ino=1376227 ioctlcmd=7704 scontext=u:r:system_server:s0 tcontext=u:r:system_server:s0 tclass=unix_stream_socket permissive=0
12-24 17:25:26.648  1546  1546 I notification_enqueue: [1000,1546,android,17040375,NULL,-1,Notification(pri=0 contentView=null vibrate=null sound=null defaults=0x0 flags=0x2 color=0xff060059 category=sys vis=PRIVATE),1]
12-24 17:25:26.703  1546  1588 I am_pss  : [12856,10093,com.qiku.cardmanager,52212736,46448640]
12-24 17:25:26.738  1864  1864 I auditd  : type=1400 audit(0.0:12061244): avc: denied { ioctl } for comm="Binder_3" path="socket:[1376227]" dev="sockfs" ino=1376227 ioctlcmd=7704 scontext=u:r:system_server:s0 tcontext=u:r:system_server:s0 tclass=unix_stream_socket permissive=0
12-24 17:25:26.738  1864  1864 I auditd  : type=1400 audit(0.0:12061245): avc: denied { ioctl } for comm="Binder_3" path="socket:[1376227]" dev="sockfs" ino=1376227 ioctlcmd=7704 scontext=u:r:system_server:s0 tcontext=u:r:system_server:s0 tclass=unix_stream_socket permissive=0
12-24 17:25:26.747  1546  1546 I notification_enqueue: [1000,1546,android,17040375,NULL,-1,Notification(pri=0 contentView=null vibrate=null sound=null defaults=0x0 flags=0x2 color=0xff060059 category=sys vis=PRIVATE),1]
12-24 17:25:26.751  1546  1588 I am_pss  : [5131,10106,com.tencent.mm,83339264,76689408]
12-24 17:25:26.771  1546  1588 I am_pss  : [5093,10106,com.tencent.mm:push,29755392,27299840]
12-24 17:25:26.795  1546  1588 I am_pss  : [5080,10197,com.eg.android.AlipayGphone:push,32546816,24035328]
12-24 17:25:26.806  1546  1546 I notification_enqueue: [1000,1546,android,17040375,NULL,-1,Notification(pri=0 contentView=null vibrate=null sound=null defaults=0x0 flags=0x2 color=0xff060059 category=sys vis=PRIVATE),1]
12-24 17:25:26.809  1546  1588 I am_pss  : [2260,1000,com.qti.service.colorservice,5659648,4759552]
12-24 17:25:26.824  1546  1588 I am_pss  : [2646,1001,com.qualcomm.qcrilmsgtunnel,5928960,5033984]
12-24 17:25:26.841  1546  1588 I am_pss  : [32627,10032,com.android.systemui:messagebox,14398464,12644352]
12-24 17:25:26.856  1546  1588 I am_pss  : [3890,1000,com.yulong.android.coolsafe:remote,9082880,8171520]
12-24 17:25:26.860  1546  1546 I notification_enqueue: [1000,1546,android,17040375,NULL,-1,Notification(pri=0 contentView=null vibrate=null sound=null defaults=0x0 flags=0x2 color=0xff060059 category=sys vis=PRIVATE),1]
12-24 17:25:26.874  1546  1588 I am_pss  : [2340,10032,com.qiku.magazine,13476864,11886592]
12-24 17:25:26.888  1546  1588 I am_pss  : [3534,10019,com.android.defcontainer,7566336,6619136]
12-24 17:25:26.902  1546  1588 I am_pss  : [3185,10047,com.android.dialer,9339904,8450048]
12-24 17:25:26.912  1546  1546 I notification_enqueue: [1000,1546,android,17040375,NULL,-1,Notification(pri=0 contentView=null vibrate=null sound=null defaults=0x0 flags=0x2 color=0xff060059 category=sys vis=PRIVATE),1]
12-24 17:25:26.918  1546  1588 I am_pss  : [2203,1000,com.qiku.powerengine:remote,14607360,13574144]
12-24 17:25:27.088  2205  2205 I auditd  : type=1400 audit(0.0:12061246): avc: denied { ioctl } for comm="Binder_5" path="socket:[1376227]" dev="sockfs" ino=1376227 ioctlcmd=7704 scontext=u:r:system_server:s0 tcontext=u:r:system_server:s0 tclass=unix_stream_socket permissive=0
12-24 17:25:27.088  2205  2205 I auditd  : type=1400 audit(0.0:12061247): avc: denied { ioctl } for comm="Binder_5" path="socket:[1376227]" dev="sockfs" ino=1376227 ioctlcmd=7704 scontext=u:r:system_server:s0 tcontext=u:r:system_server:s0 tclass=unix_stream_socket permissive=0
12-24 17:25:27.099  1546  1546 I notification_enqueue: [1000,1546,android,17040375,NULL,-1,Notification(pri=0 contentView=null vibrate=null sound=null defaults=0x0 flags=0x2 color=0xff060059 category=sys vis=PRIVATE),1]
12-24 17:25:27.138  2987  2987 I auditd  : type=1400 audit(0.0:12061248): avc: denied { ioctl } for comm="Binder_A" path="socket:[1376227]" dev="sockfs" ino=1376227 ioctlcmd=7704 scontext=u:r:system_server:s0 tcontext=u:r:system_server:s0 tclass=unix_stream_socket permissive=0
12-24 17:25:27.138  2987  2987 I auditd  : type=1400 audit(0.0:12061249): avc: denied { ioctl } for comm="Binder_A" path="socket:[1376227]" dev="sockfs" ino=1376227 ioctlcmd=7704 scontext=u:r:system_server:s0 tcontext=u:r:system_server:s0 tclass=unix_stream_socket permissive=0
12-24 17:25:27.153  1546  1546 I notification_enqueue: [1000,1546,android,17040375,NULL,-1,Notification(pri=0 contentView=null vibrate=null sound=null defaults=0x0 flags=0x2 color=0xff060059 category=sys vis=PRIVATE),1]
12-24 17:25:27.168  2987  2987 I auditd  : type=1400 audit(0.0:12061250): avc: denied { ioctl } for comm="Binder_A" path="socket:[1376227]" dev="sockfs" ino=1376227 ioctlcmd=7704 scontext=u:r:system_server:s0 tcontext=u:r:system_server:s0 tclass=unix_stream_socket permissive=0
12-24 17:25:27.168  2987  2987 I auditd  : type=1400 audit(0.0:12061251): avc: denied { ioctl } for comm="Binder_A" path="socket:[1376227]" dev="sockfs" ino=1376227 ioctlcmd=7704 scontext=u:r:system_server:s0 tcontext=u:r:system_server:s0 tclass=unix_stream_socket permissive=0
12-24 17:25:27.183  1546  1546 I notification_enqueue: [1000,1546,android,17040375,NULL,-1,Notification(pri=0 contentView=null vibrate=null sound=null defaults=0x0 flags=0x2 color=0xff060059 category=sys vis=PRIVATE),1]
12-24 17:25:27.188  1570  1570 I auditd  : type=1400 audit(0.0:12061252): avc: denied { ioctl } for comm="Binder_2" path="socket:[1376227]" dev="sockfs" ino=1376227 ioctlcmd=7704 scontext=u:r:system_server:s0 tcontext=u:r:system_server:s0 tclass=unix_stream_socket permissive=0
12-24 17:25:27.188  1570  1570 I auditd  : type=1400 audit(0.0:12061253): avc: denied { ioctl } for comm="Binder_2" path="socket:[1376227]" dev="sockfs" ino=1376227 ioctlcmd=7704 scontext=u:r:system_server:s0 tcontext=u:r:system_server:s0 tclass=unix_stream_socket permissive=0
12-24 17:25:27.201  1546  1546 I notification_enqueue: [1000,1546,android,17040375,NULL,-1,Notification(pri=0 contentView=null vibrate=null sound=null defaults=0x0 flags=0x2 color=0xff060059 category=sys vis=PRIVATE),1]
12-24 17:25:27.268  1569  1569 I auditd  : type=1400 audit(0.0:12061254): avc: denied { ioctl } for comm="Binder_1" path="socket:[1376227]" dev="sockfs" ino=1376227 ioctlcmd=7704 scontext=u:r:system_server:s0 tcontext=u:r:system_server:s0 tclass=unix_stream_socket permissive=0
12-24 17:25:27.268  1569  1569 I auditd  : type=1400 audit(0.0:12061255): avc: denied { ioctl } for comm="Binder_1" path="socket:[1376227]" dev="sockfs" ino=1376227 ioctlcmd=7704 scontext=u:r:system_server:s0 tcontext=u:r:system_server:s0 tclass=unix_stream_socket permissive=0
12-24 17:25:27.282  1546  1546 I notification_enqueue: [1000,1546,android,17040375,NULL,-1,Notification(pri=0 contentView=null vibrate=null sound=null defaults=0x0 flags=0x2 color=0xff060059 category=sys vis=PRIVATE),1]
12-24 17:25:27.388  2986  2986 I auditd  : type=1400 audit(0.0:12061256): avc: denied { ioctl } for comm="Binder_9" path="socket:[1376227]" dev="sockfs" ino=1376227 ioctlcmd=7704 scontext=u:r:system_server:s0 tcontext=u:r:system_server:s0 tclass=unix_stream_socket permissive=0
12-24 17:25:27.388  2986  2986 I auditd  : type=1400 audit(0.0:12061257): avc: denied { ioctl } for comm="Binder_9" path="socket:[1376227]" dev="sockfs" ino=1376227 ioctlcmd=7704 scontext=u:r:system_server:s0 tcontext=u:r:system_server:s0 tclass=unix_stream_socket permissive=0
12-24 17:25:27.403  1546  1546 I notification_enqueue: [1000,1546,android,17040375,NULL,-1,Notification(pri=0 contentView=null vibrate=null sound=null defaults=0x0 flags=0x2 color=0xff060059 category=sys vis=PRIVATE),1]
12-24 17:25:27.428  1546  1546 I notification_enqueue: [1000,1546,android,17040375,NULL,-1,Notification(pri=0 contentView=null vibrate=null sound=null defaults=0x0 flags=0x2 color=0xff060059 category=sys vis=PRIVATE),1]
12-24 17:25:27.488  2986  2986 I auditd  : type=1400 audit(0.0:12061258): avc: denied { ioctl } for comm="Binder_9" path="socket:[1376227]" dev="sockfs" ino=1376227 ioctlcmd=7704 scontext=u:r:system_server:s0 tcontext=u:r:system_server:s0 tclass=unix_stream_socket permissive=0
12-24 17:25:27.488  2986  2986 I auditd  : type=1400 audit(0.0:12061259): avc: denied { ioctl } for comm="Binder_9" path="socket:[1376227]" dev="sockfs" ino=1376227 ioctlcmd=7704 scontext=u:r:system_server:s0 tcontext=u:r:system_server:s0 tclass=unix_stream_socket permissive=0
12-24 17:25:27.498  3008  3008 I auditd  : type=1400 audit(0.0:12061260): avc: denied { ioctl } for comm="Binder_C" path="socket:[1376227]" dev="sockfs" ino=1376227 ioctlcmd=7704 scontext=u:r:system_server:s0 tcontext=u:r:system_server:s0 tclass=unix_stream_socket permissive=0
12-24 17:25:27.498  3008  3008 I auditd  : type=1400 audit(0.0:12061261): avc: denied { ioctl } for comm="Binder_C" path="socket:[1376227]" dev="sockfs" ino=1376227 ioctlcmd=7704 scontext=u:r:system_server:s0 tcontext=u:r:system_server:s0 tclass=unix_stream_socket permissive=0
12-24 17:25:27.500  1546  1546 I notification_enqueue: [1000,1546,android,17040375,NULL,-1,Notification(pri=0 contentView=null vibrate=null sound=null defaults=0x0 flags=0x2 color=0xff060059 category=sys vis=PRIVATE),1]
12-24 17:25:27.509  1546  1546 I notification_enqueue: [1000,1546,android,17040375,NULL,-1,Notification(pri=0 contentView=null vibrate=null sound=null defaults=0x0 flags=0x2 color=0xff060059 category=sys vis=PRIVATE),1]
12-24 17:25:27.832  1546  1546 I notification_enqueue: [1000,1546,android,17040375,NULL,-1,Notification(pri=0 contentView=null vibrate=null sound=null defaults=0x0 flags=0x2 color=0xff060059 category=sys vis=PRIVATE),1]
12-24 17:25:28.008  3020  3020 I auditd  : type=1400 audit(0.0:12061262): avc: denied { ioctl } for comm="Binder_F" path="socket:[1376227]" dev="sockfs" ino=1376227 ioctlcmd=7704 scontext=u:r:system_server:s0 tcontext=u:r:system_server:s0 tclass=unix_stream_socket permissive=0
12-24 17:25:28.008  3020  3020 I auditd  : type=1400 audit(0.0:12061263): avc: denied { ioctl } for comm="Binder_F" path="socket:[1376227]" dev="sockfs" ino=1376227 ioctlcmd=7704 scontext=u:r:system_server:s0 tcontext=u:r:system_server:s0 tclass=unix_stream_socket permissive=0
12-24 17:25:28.018  1546  1546 I notification_enqueue: [1000,1546,android,17040375,NULL,-1,Notification(pri=0 contentView=null vibrate=null sound=null defaults=0x0 flags=0x2 color=0xff060059 category=sys vis=PRIVATE),1]
12-24 17:25:28.072  1546  3017 I am_home_stack_moved: [0,0,2,2,intentActivityFound]
12-24 17:25:28.073  1546  3017 I wm_task_moved: [66,1,4]
12-24 17:25:28.088  1864  1864 I auditd  : type=1400 audit(0.0:12061264): avc: denied { ioctl } for comm="Binder_3" path="socket:[1376227]" dev="sockfs" ino=1376227 ioctlcmd=7704 scontext=u:r:system_server:s0 tcontext=u:r:system_server:s0 tclass=unix_stream_socket permissive=0
12-24 17:25:28.088  1864  1864 I auditd  : type=1400 audit(0.0:12061265): avc: denied { ioctl } for comm="Binder_3" path="socket:[1376227]" dev="sockfs" ino=1376227 ioctlcmd=7704 scontext=u:r:system_server:s0 tcontext=u:r:system_server:s0 tclass=unix_stream_socket permissive=0
12-24 17:25:28.102  1546  1546 I notification_enqueue: [1000,1546,android,17040375,NULL,-1,Notification(pri=0 contentView=null vibrate=null sound=null defaults=0x0 flags=0x2 color=0xff060059 category=sys vis=PRIVATE),1]
12-24 17:25:28.198  3020  3020 I auditd  : type=1400 audit(0.0:12061266): avc: denied { ioctl } for comm="Binder_F" path="socket:[1376227]" dev="sockfs" ino=1376227 ioctlcmd=7704 scontext=u:r:system_server:s0 tcontext=u:r:system_server:s0 tclass=unix_stream_socket permissive=0
12-24 17:25:28.198  3020  3020 I auditd  : type=1400 audit(0.0:12061267): avc: denied { ioctl } for comm="Binder_F" path="socket:[1376227]" dev="sockfs" ino=1376227 ioctlcmd=7704 scontext=u:r:system_server:s0 tcontext=u:r:system_server:s0 tclass=unix_stream_socket permissive=0
12-24 17:25:28.207  1546  1546 I notification_enqueue: [1000,1546,android,17040375,NULL,-1,Notification(pri=0 contentView=null vibrate=null sound=null defaults=0x0 flags=0x2 color=0xff060059 category=sys vis=PRIVATE),1]
12-24 17:25:28.345  1546  1546 I notification_enqueue: [1000,1546,android,17040375,NULL,-1,Notification(pri=0 contentView=null vibrate=null sound=null defaults=0x0 flags=0x2 color=0xff060059 category=sys vis=PRIVATE),1]
12-24 17:25:28.348  2986  2986 I auditd  : type=1400 audit(0.0:12061268): avc: denied { ioctl } for comm="Binder_9" path="socket:[1471345]" dev="sockfs" ino=1471345 ioctlcmd=7704 scontext=u:r:system_server:s0 tcontext=u:r:system_server:s0 tclass=unix_stream_socket permissive=0
12-24 17:25:28.348  2986  2986 I auditd  : type=1400 audit(0.0:12061269): avc: denied { ioctl } for comm="Binder_9" path="socket:[1471345]" dev="sockfs" ino=1471345 ioctlcmd=7704 scontext=u:r:system_server:s0 tcontext=u:r:system_server:s0 tclass=unix_stream_socket permissive=0
12-24 17:25:28.538  3017  3017 I auditd  : type=1400 audit(0.0:12061270): avc: denied { ioctl } for comm="Binder_D" path="socket:[1376227]" dev="sockfs" ino=1376227 ioctlcmd=7704 scontext=u:r:system_server:s0 tcontext=u:r:system_server:s0 tclass=unix_stream_socket permissive=0
12-24 17:25:28.538  3017  3017 I auditd  : type=1400 audit(0.0:12061271): avc: denied { ioctl } for comm="Binder_D" path="socket:[1376227]" dev="sockfs" ino=1376227 ioctlcmd=7704 scontext=u:r:system_server:s0 tcontext=u:r:system_server:s0 tclass=unix_stream_socket permissive=0
12-24 17:25:28.554  1546  1546 I notification_enqueue: [1000,1546,android,17040375,NULL,-1,Notification(pri=0 contentView=null vibrate=null sound=null defaults=0x0 flags=0x2 color=0xff060059 category=sys vis=PRIVATE),1]
12-24 17:25:28.588  1570  1570 I auditd  : type=1400 audit(0.0:12061272): avc: denied { ioctl } for comm="Binder_2" path="socket:[1376227]" dev="sockfs" ino=1376227 ioctlcmd=7704 scontext=u:r:system_server:s0 tcontext=u:r:system_server:s0 tclass=unix_stream_socket permissive=0
12-24 17:25:28.588  1570  1570 I auditd  : type=1400 audit(0.0:12061273): avc: denied { ioctl } for comm="Binder_2" path="socket:[1376227]" dev="sockfs" ino=1376227 ioctlcmd=7704 scontext=u:r:system_server:s0 tcontext=u:r:system_server:s0 tclass=unix_stream_socket permissive=0
12-24 17:25:28.601  1546  1546 I notification_enqueue: [1000,1546,android,17040375,NULL,-1,Notification(pri=0 contentView=null vibrate=null sound=null defaults=0x0 flags=0x2 color=0xff060059 category=sys vis=PRIVATE),1]
12-24 17:25:28.658  3008  3008 I auditd  : type=1400 audit(0.0:12061274): avc: denied { ioctl } for comm="Binder_C" path="socket:[1376227]" dev="sockfs" ino=1376227 ioctlcmd=7704 scontext=u:r:system_server:s0 tcontext=u:r:system_server:s0 tclass=unix_stream_socket permissive=0
12-24 17:25:28.658  3008  3008 I auditd  : type=1400 audit(0.0:12061275): avc: denied { ioctl } for comm="Binder_C" path="socket:[1376227]" dev="sockfs" ino=1376227 ioctlcmd=7704 scontext=u:r:system_server:s0 tcontext=u:r:system_server:s0 tclass=unix_stream_socket permissive=0
12-24 17:25:28.668  2987  2987 I auditd  : type=1400 audit(0.0:12061276): avc: denied { ioctl } for comm="Binder_A" path="socket:[1376227]" dev="sockfs" ino=1376227 ioctlcmd=7704 scontext=u:r:system_server:s0 tcontext=u:r:system_server:s0 tclass=unix_stream_socket permissive=0
12-24 17:25:28.668  2987  2987 I auditd  : type=1400 audit(0.0:12061277): avc: denied { ioctl } for comm="Binder_A" path="socket:[1376227]" dev="sockfs" ino=1376227 ioctlcmd=7704 scontext=u:r:system_server:s0 tcontext=u:r:system_server:s0 tclass=unix_stream_socket permissive=0
12-24 17:25:28.669  1546  1546 I notification_enqueue: [1000,1546,android,17040375,NULL,-1,Notification(pri=0 contentView=null vibrate=null sound=null defaults=0x0 flags=0x2 color=0xff060059 category=sys vis=PRIVATE),1]
12-24 17:25:28.679  1546  1546 I notification_enqueue: [1000,1546,android,17040375,NULL,-1,Notification(pri=0 contentView=null vibrate=null sound=null defaults=0x0 flags=0x2 color=0xff060059 category=sys vis=PRIVATE),1]
12-24 17:25:28.685  1546  1546 I notification_enqueue: [1000,1546,android,17040375,NULL,-1,Notification(pri=0 contentView=null vibrate=null sound=null defaults=0x0 flags=0x2 color=0xff060059 category=sys vis=PRIVATE),1]
12-24 17:25:28.786  1546  1546 I notification_enqueue: [1000,1546,android,17040375,NULL,-1,Notification(pri=0 contentView=null vibrate=null sound=null defaults=0x0 flags=0x2 color=0xff060059 category=sys vis=PRIVATE),1]
12-24 17:25:28.958  2513  2513 I auditd  : type=1400 audit(0.0:12061278): avc: denied { ioctl } for comm="Binder_7" path="socket:[1376227]" dev="sockfs" ino=1376227 ioctlcmd=7704 scontext=u:r:system_server:s0 tcontext=u:r:system_server:s0 tclass=unix_stream_socket permissive=0
12-24 17:25:28.958  2513  2513 I auditd  : type=1400 audit(0.0:12061279): avc: denied { ioctl } for comm="Binder_7" path="socket:[1376227]" dev="sockfs" ino=1376227 ioctlcmd=7704 scontext=u:r:system_server:s0 tcontext=u:r:system_server:s0 tclass=unix_stream_socket permissive=0
12-24 17:25:28.970  1546  1546 I notification_enqueue: [1000,1546,android,17040375,NULL,-1,Notification(pri=0 contentView=null vibrate=null sound=null defaults=0x0 flags=0x2 color=0xff060059 category=sys vis=PRIVATE),1]
12-24 17:25:29.008  3019  3019 I auditd  : type=1400 audit(0.0:12061280): avc: denied { ioctl } for comm="Binder_E" path="socket:[1376227]" dev="sockfs" ino=1376227 ioctlcmd=7704 scontext=u:r:system_server:s0 tcontext=u:r:system_server:s0 tclass=unix_stream_socket permissive=0
12-24 17:25:29.008  3019  3019 I auditd  : type=1400 audit(0.0:12061281): avc: denied { ioctl } for comm="Binder_E" path="socket:[1376227]" dev="sockfs" ino=1376227 ioctlcmd=7704 scontext=u:r:system_server:s0 tcontext=u:r:system_server:s0 tclass=unix_stream_socket permissive=0
12-24 17:25:29.024  1546  1546 I notification_enqueue: [1000,1546,android,17040375,NULL,-1,Notification(pri=0 contentView=null vibrate=null sound=null defaults=0x0 flags=0x2 color=0xff060059 category=sys vis=PRIVATE),1]
12-24 17:25:29.048  3008  3008 I auditd  : type=1400 audit(0.0:12061282): avc: denied { ioctl } for comm="Binder_C" path="socket:[1376227]" dev="sockfs" ino=1376227 ioctlcmd=7704 scontext=u:r:system_server:s0 tcontext=u:r:system_server:s0 tclass=unix_stream_socket permissive=0
12-24 17:25:29.048  3008  3008 I auditd  : type=1400 audit(0.0:12061283): avc: denied { ioctl } for comm="Binder_C" path="socket:[1376227]" dev="sockfs" ino=1376227 ioctlcmd=7704 scontext=u:r:system_server:s0 tcontext=u:r:system_server:s0 tclass=unix_stream_socket permissive=0
12-24 17:25:29.057  1546  1546 I notification_enqueue: [1000,1546,android,17040375,NULL,-1,Notification(pri=0 contentView=null vibrate=null sound=null defaults=0x0 flags=0x2 color=0xff060059 category=sys vis=PRIVATE),1]
12-24 17:25:29.080  1546  1569 I am_home_stack_moved: [0,0,2,2,intentActivityFound]
12-24 17:25:29.081  1546  1569 I wm_task_moved: [66,1,4]
12-24 17:25:29.148  3019  3019 I auditd  : type=1400 audit(0.0:12061284): avc: denied { ioctl } for comm="Binder_E" path="socket:[1376227]" dev="sockfs" ino=1376227 ioctlcmd=7704 scontext=u:r:system_server:s0 tcontext=u:r:system_server:s0 tclass=unix_stream_socket permissive=0
12-24 17:25:29.148  3019  3019 I auditd  : type=1400 audit(0.0:12061285): avc: denied { ioctl } for comm="Binder_E" path="socket:[1376227]" dev="sockfs" ino=1376227 ioctlcmd=7704 scontext=u:r:system_server:s0 tcontext=u:r:system_server:s0 tclass=unix_stream_socket permissive=0
12-24 17:25:29.155  1546  1546 I notification_enqueue: [1000,1546,android,17040375,NULL,-1,Notification(pri=0 contentView=null vibrate=null sound=null defaults=0x0 flags=0x2 color=0xff060059 category=sys vis=PRIVATE),1]
12-24 17:25:29.308  3284  3284 I auditd  : type=1400 audit(0.0:12061286): avc: denied { ioctl } for comm="Binder_10" path="socket:[1376227]" dev="sockfs" ino=1376227 ioctlcmd=7704 scontext=u:r:system_server:s0 tcontext=u:r:system_server:s0 tclass=unix_stream_socket permissive=0
12-24 17:25:29.308  3284  3284 I auditd  : type=1400 audit(0.0:12061287): avc: denied { ioctl } for comm="Binder_10" path="socket:[1376227]" dev="sockfs" ino=1376227 ioctlcmd=7704 scontext=u:r:system_server:s0 tcontext=u:r:system_server:s0 tclass=unix_stream_socket permissive=0
12-24 17:25:29.322  1546  1546 I notification_enqueue: [1000,1546,android,17040375,NULL,-1,Notification(pri=0 contentView=null vibrate=null sound=null defaults=0x0 flags=0x2 color=0xff060059 category=sys vis=PRIVATE),1]
12-24 17:25:29.458  2987  2987 I auditd  : type=1400 audit(0.0:12061288): avc: denied { ioctl } for comm="Binder_A" path="socket:[1376227]" dev="sockfs" ino=1376227 ioctlcmd=7704 scontext=u:r:system_server:s0 tcontext=u:r:system_server:s0 tclass=unix_stream_socket permissive=0
12-24 17:25:29.458  2987  2987 I auditd  : type=1400 audit(0.0:12061289): avc: denied { ioctl } for comm="Binder_A" path="socket:[1376227]" dev="sockfs" ino=1376227 ioctlcmd=7704 scontext=u:r:system_server:s0 tcontext=u:r:system_server:s0 tclass=unix_stream_socket permissive=0
12-24 17:25:29.471  1546  1546 I notification_enqueue: [1000,1546,android,17040375,NULL,-1,Notification(pri=0 contentView=null vibrate=null sound=null defaults=0x0 flags=0x2 color=0xff060059 category=sys vis=PRIVATE),1]
12-24 17:25:29.648  2564  2564 I auditd  : type=1400 audit(0.0:12061290): avc: denied { ioctl } for comm="Binder_8" path="socket:[1376227]" dev="sockfs" ino=1376227 ioctlcmd=7704 scontext=u:r:system_server:s0 tcontext=u:r:system_server:s0 tclass=unix_stream_socket permissive=0
12-24 17:25:29.648  2564  2564 I auditd  : type=1400 audit(0.0:12061291): avc: denied { ioctl } for comm="Binder_8" path="socket:[1376227]" dev="sockfs" ino=1376227 ioctlcmd=7704 scontext=u:r:system_server:s0 tcontext=u:r:system_server:s0 tclass=unix_stream_socket permissive=0
12-24 17:25:29.658  3019  3019 I auditd  : type=1400 audit(0.0:12061292): avc: denied { ioctl } for comm="Binder_E" path="socket:[1376227]" dev="sockfs" ino=1376227 ioctlcmd=7704 scontext=u:r:system_server:s0 tcontext=u:r:system_server:s0 tclass=unix_stream_socket permissive=0
12-24 17:25:29.658  3019  3019 I auditd  : type=1400 audit(0.0:12061293): avc: denied { ioctl } for comm="Binder_E" path="socket:[1376227]" dev="sockfs" ino=1376227 ioctlcmd=7704 scontext=u:r:system_server:s0 tcontext=u:r:system_server:s0 tclass=unix_stream_socket permissive=0
12-24 17:25:29.658  1546  1546 I notification_enqueue: [1000,1546,android,17040375,NULL,-1,Notification(pri=0 contentView=null vibrate=null sound=null defaults=0x0 flags=0x2 color=0xff060059 category=sys vis=PRIVATE),1]
12-24 17:25:29.672  1546  1546 I notification_enqueue: [1000,1546,android,17040375,NULL,-1,Notification(pri=0 contentView=null vibrate=null sound=null defaults=0x0 flags=0x2 color=0xff060059 category=sys vis=PRIVATE),1]
12-24 17:25:29.698  1546  1546 I notification_canceled: [-1|android|17040375|null|1000|0,8,3388,26,0]
12-24 17:25:29.768  3020  3020 I auditd  : type=1400 audit(0.0:12061294): avc: denied { ioctl } for comm="Binder_F" path="socket:[1376227]" dev="sockfs" ino=1376227 ioctlcmd=7704 scontext=u:r:system_server:s0 tcontext=u:r:system_server:s0 tclass=unix_stream_socket permissive=0
12-24 17:25:29.768  3020  3020 I auditd  : type=1400 audit(0.0:12061295): avc: denied { ioctl } for comm="Binder_F" path="socket:[1376227]" dev="sockfs" ino=1376227 ioctlcmd=7704 scontext=u:r:system_server:s0 tcontext=u:r:system_server:s0 tclass=unix_stream_socket permissive=0
12-24 17:25:30.145  1546  1546 I notification_enqueue: [1000,1546,android,17040375,NULL,-1,Notification(pri=0 contentView=null vibrate=null sound=null defaults=0x0 flags=0x2 color=0xff060059 category=sys vis=PRIVATE),0]
12-24 17:25:30.150  1546  1546 I notification_enqueue: [1000,1546,android,17040375,NULL,-1,Notification(pri=0 contentView=null vibrate=null sound=null defaults=0x0 flags=0x2 color=0xff060059 category=sys vis=PRIVATE),1]
12-24 17:25:30.428  3284  3284 I auditd  : type=1400 audit(0.0:12061296): avc: denied { ioctl } for comm="Binder_10" path="socket:[1376227]" dev="sockfs" ino=1376227 ioctlcmd=7704 scontext=u:r:system_server:s0 tcontext=u:r:system_server:s0 tclass=unix_stream_socket permissive=0
12-24 17:25:30.428  3284  3284 I auditd  : type=1400 audit(0.0:12061297): avc: denied { ioctl } for comm="Binder_10" path="socket:[1376227]" dev="sockfs" ino=1376227 ioctlcmd=7704 scontext=u:r:system_server:s0 tcontext=u:r:system_server:s0 tclass=unix_stream_socket permissive=0
12-24 17:25:30.438  2987  2987 I auditd  : type=1400 audit(0.0:12061298): avc: denied { ioctl } for comm="Binder_A" path="socket:[1376227]" dev="sockfs" ino=1376227 ioctlcmd=7704 scontext=u:r:system_server:s0 tcontext=u:r:system_server:s0 tclass=unix_stream_socket permissive=0
12-24 17:25:30.438  2987  2987 I auditd  : type=1400 audit(0.0:12061299): avc: denied { ioctl } for comm="Binder_A" path="socket:[1376227]" dev="sockfs" ino=1376227 ioctlcmd=7704 scontext=u:r:system_server:s0 tcontext=u:r:system_server:s0 tclass=unix_stream_socket permissive=0
12-24 17:25:30.441  1546  1546 I notification_enqueue: [1000,1546,android,17040375,NULL,-1,Notification(pri=0 contentView=null vibrate=null sound=null defaults=0x0 flags=0x2 color=0xff060059 category=sys vis=PRIVATE),1]
12-24 17:25:30.448  1546  1546 I notification_enqueue: [1000,1546,android,17040375,NULL,-1,Notification(pri=0 contentView=null vibrate=null sound=null defaults=0x0 flags=0x2 color=0xff060059 category=sys vis=PRIVATE),1]
12-24 17:25:30.548  1569  1569 I auditd  : type=1400 audit(0.0:12061300): avc: denied { ioctl } for comm="Binder_1" path="socket:[1469358]" dev="sockfs" ino=1469358 ioctlcmd=7704 scontext=u:r:system_server:s0 tcontext=u:r:system_server:s0 tclass=unix_stream_socket permissive=0
12-24 17:25:30.548  1569  1569 I auditd  : type=1400 audit(0.0:12061301): avc: denied { ioctl } for comm="Binder_1" path="socket:[1469358]" dev="sockfs" ino=1469358 ioctlcmd=7704 scontext=u:r:system_server:s0 tcontext=u:r:system_server:s0 tclass=unix_stream_socket permissive=0
12-24 17:25:30.553  1546  1546 I notification_enqueue: [1000,1546,android,17040375,NULL,-1,Notification(pri=0 contentView=null vibrate=null sound=null defaults=0x0 flags=0x2 color=0xff060059 category=sys vis=PRIVATE),1]
12-24 17:25:30.622  1546  1546 I notification_enqueue: [1000,1546,android,17040375,NULL,-1,Notification(pri=0 contentView=null vibrate=null sound=null defaults=0x0 flags=0x2 color=0xff060059 category=sys vis=PRIVATE),1]
12-24 17:25:30.678  2374  2374 I auditd  : type=1400 audit(0.0:12061302): avc: denied { ioctl } for comm="Binder_6" path="socket:[1376227]" dev="sockfs" ino=1376227 ioctlcmd=7704 scontext=u:r:system_server:s0 tcontext=u:r:system_server:s0 tclass=unix_stream_socket permissive=0
12-24 17:25:30.678  2374  2374 I auditd  : type=1400 audit(0.0:12061303): avc: denied { ioctl } for comm="Binder_6" path="socket:[1376227]" dev="sockfs" ino=1376227 ioctlcmd=7704 scontext=u:r:system_server:s0 tcontext=u:r:system_server:s0 tclass=unix_stream_socket permissive=0
12-24 17:25:30.692  1546  1546 I notification_enqueue: [1000,1546,android,17040375,NULL,-1,Notification(pri=0 contentView=null vibrate=null sound=null defaults=0x0 flags=0x2 color=0xff060059 category=sys vis=PRIVATE),1]
12-24 17:25:30.738  2987  2987 I auditd  : type=1400 audit(0.0:12061304): avc: denied { ioctl } for comm="Binder_A" path="socket:[1376227]" dev="sockfs" ino=1376227 ioctlcmd=7704 scontext=u:r:system_server:s0 tcontext=u:r:system_server:s0 tclass=unix_stream_socket permissive=0
12-24 17:25:30.738  2987  2987 I auditd  : type=1400 audit(0.0:12061305): avc: denied { ioctl } for comm="Binder_A" path="socket:[1376227]" dev="sockfs" ino=1376227 ioctlcmd=7704 scontext=u:r:system_server:s0 tcontext=u:r:system_server:s0 tclass=unix_stream_socket permissive=0
12-24 17:25:30.747  1546  1546 I notification_enqueue: [1000,1546,android,17040375,NULL,-1,Notification(pri=0 contentView=null vibrate=null sound=null defaults=0x0 flags=0x2 color=0xff060059 category=sys vis=PRIVATE),1]
12-24 17:25:31.062  1546  1546 I notification_enqueue: [1000,1546,android,17040375,NULL,-1,Notification(pri=0 contentView=null vibrate=null sound=null defaults=0x0 flags=0x2 color=0xff060059 category=sys vis=PRIVATE),1]
12-24 17:25:31.128  2986  2986 I auditd  : type=1400 audit(0.0:12061306): avc: denied { ioctl } for comm="Binder_9" path="socket:[1376227]" dev="sockfs" ino=1376227 ioctlcmd=7704 scontext=u:r:system_server:s0 tcontext=u:r:system_server:s0 tclass=unix_stream_socket permissive=0
12-24 17:25:31.128  2986  2986 I auditd  : type=1400 audit(0.0:12061307): avc: denied { ioctl } for comm="Binder_9" path="socket:[1376227]" dev="sockfs" ino=1376227 ioctlcmd=7704 scontext=u:r:system_server:s0 tcontext=u:r:system_server:s0 tclass=unix_stream_socket permissive=0
12-24 17:25:31.142  1546  1546 I notification_enqueue: [1000,1546,android,17040375,NULL,-1,Notification(pri=0 contentView=null vibrate=null sound=null defaults=0x0 flags=0x2 color=0xff060059 category=sys vis=PRIVATE),1]
12-24 17:25:31.182  1546  1546 I notification_canceled: [-1|android|17040375|null|1000|0,8,1037,40,0]
12-24 17:25:31.308  2986  2986 I auditd  : type=1400 audit(0.0:12061308): avc: denied { ioctl } for comm="Binder_9" path="socket:[1376227]" dev="sockfs" ino=1376227 ioctlcmd=7704 scontext=u:r:system_server:s0 tcontext=u:r:system_server:s0 tclass=unix_stream_socket permissive=0
12-24 17:25:31.308  2986  2986 I auditd  : type=1400 audit(0.0:12061309): avc: denied { ioctl } for comm="Binder_9" path="socket:[1376227]" dev="sockfs" ino=1376227 ioctlcmd=7704 scontext=u:r:system_server:s0 tcontext=u:r:system_server:s0 tclass=unix_stream_socket permissive=0
12-24 17:25:31.318  3008  3008 I auditd  : type=1400 audit(0.0:12061310): avc: denied { ioctl } for comm="Binder_C" path="socket:[1376227]" dev="sockfs" ino=1376227 ioctlcmd=7704 scontext=u:r:system_server:s0 tcontext=u:r:system_server:s0 tclass=unix_stream_socket permissive=0
12-24 17:25:31.318  3008  3008 I auditd  : type=1400 audit(0.0:12061311): avc: denied { ioctl } for comm="Binder_C" path="socket:[1376227]" dev="sockfs" ino=1376227 ioctlcmd=7704 scontext=u:r:system_server:s0 tcontext=u:r:system_server:s0 tclass=unix_stream_socket permissive=0
12-24 17:25:31.378  2986  2986 I auditd  : type=1400 audit(0.0:12061312): avc: denied { ioctl } for comm="Binder_9" path="socket:[1376227]" dev="sockfs" ino=1376227 ioctlcmd=7704 scontext=u:r:system_server:s0 tcontext=u:r:system_server:s0 tclass=unix_stream_socket permissive=0
12-24 17:25:31.378  2986  2986 I auditd  : type=1400 audit(0.0:12061313): avc: denied { ioctl } for comm="Binder_9" path="socket:[1376227]" dev="sockfs" ino=1376227 ioctlcmd=7704 scontext=u:r:system_server:s0 tcontext=u:r:system_server:s0 tclass=unix_stream_socket permissive=0
12-24 17:25:31.408  3017  3017 I auditd  : type=1400 audit(0.0:12061314): avc: denied { ioctl } for comm="Binder_D" path="socket:[1472543]" dev="sockfs" ino=1472543 ioctlcmd=7704 scontext=u:r:system_server:s0 tcontext=u:r:system_server:s0 tclass=unix_stream_socket permissive=0
12-24 17:25:31.408  3017  3017 I auditd  : type=1400 audit(0.0:12061315): avc: denied { ioctl } for comm="Binder_D" path="socket:[1472543]" dev="sockfs" ino=1472543 ioctlcmd=7704 scontext=u:r:system_server:s0 tcontext=u:r:system_server:s0 tclass=unix_stream_socket permissive=0
12-24 17:25:31.458  2564  2564 I auditd  : type=1400 audit(0.0:12061316): avc: denied { ioctl } for comm="Binder_8" path="socket:[1376227]" dev="sockfs" ino=1376227 ioctlcmd=7704 scontext=u:r:system_server:s0 tcontext=u:r:system_server:s0 tclass=unix_stream_socket permissive=0
12-24 17:25:31.458  2564  2564 I auditd  : type=1400 audit(0.0:12061317): avc: denied { ioctl } for comm="Binder_8" path="socket:[1376227]" dev="sockfs" ino=1376227 ioctlcmd=7704 scontext=u:r:system_server:s0 tcontext=u:r:system_server:s0 tclass=unix_stream_socket permissive=0
12-24 17:25:31.474  1546  1546 I notification_enqueue: [1000,1546,android,17040375,NULL,-1,Notification(pri=0 contentView=null vibrate=null sound=null defaults=0x0 flags=0x2 color=0xff060059 category=sys vis=PRIVATE),0]
12-24 17:25:31.480  1546  1546 I notification_enqueue: [1000,1546,android,17040375,NULL,-1,Notification(pri=0 contentView=null vibrate=null sound=null defaults=0x0 flags=0x2 color=0xff060059 category=sys vis=PRIVATE),1]
12-24 17:25:31.588  3019  3019 I auditd  : type=1400 audit(0.0:12061318): avc: denied { ioctl } for comm="Binder_E" path="socket:[1376227]" dev="sockfs" ino=1376227 ioctlcmd=7704 scontext=u:r:system_server:s0 tcontext=u:r:system_server:s0 tclass=unix_stream_socket permissive=0
12-24 17:25:31.588  3019  3019 I auditd  : type=1400 audit(0.0:12061319): avc: denied { ioctl } for comm="Binder_E" path="socket:[1376227]" dev="sockfs" ino=1376227 ioctlcmd=7704 scontext=u:r:system_server:s0 tcontext=u:r:system_server:s0 tclass=unix_stream_socket permissive=0
12-24 17:25:31.594  1546  1546 I notification_enqueue: [1000,1546,android,17040375,NULL,-1,Notification(pri=0 contentView=null vibrate=null sound=null defaults=0x0 flags=0x2 color=0xff060059 category=sys vis=PRIVATE),1]
12-24 17:25:31.854  1546  1546 I notification_canceled: [-1|android|17040375|null|1000|0,8,380,261,0]
12-24 17:25:31.967  1546  1947 I netstats_mobile_sample: [0,0,0,0,0,0,0,0,0,0,0,0,1514107531973]
12-24 17:25:31.968  1546  1947 I netstats_wifi_sample: [670001763,1342330,64621496,341675,667795770,1272453,59826810,341303,570185002,614135,62474528,400026,1514107531973]
12-24 17:25:33.416  1546  1588 I am_pss  : [18252,10113,com.qiku.music.service,6065152,4788224]
12-24 17:25:33.532  1546  1864 I am_kill : [0,13765,com.tianyancha.skyeye:channel,5,stop com.tianyancha.skyeye]
12-24 17:25:33.555  1546  1864 I am_destroy_service: [0,com.tianyancha.skyeye/com.taobao.accs.ChannelService,13765,com.tianyancha.skyeye:channel]
12-24 17:25:33.555  1546  1864 I am_kill : [0,13598,com.tianyancha.skyeye,0,stop com.tianyancha.skyeye]
12-24 17:25:33.627   485   485 I sf_frame_dur: [com.tianyancha.skyeye/com.tianyancha.skyeye.activity.follow.MyGroupActivity,17,11,14,16,8,6,0]
12-24 17:25:33.630  1546  1864 I am_destroy_service: [0,com.tianyancha.skyeye/org.android.agoo.accs.AgooService,13598,com.tianyancha.skyeye]
12-24 17:25:33.631  1546  1864 I am_destroy_service: [0,com.tianyancha.skyeye/com.taobao.accs.data.MsgDistributeService,13598,com.tianyancha.skyeye]
12-24 17:25:33.632  1546  1864 I am_finish_activity: [0,189709861,66,com.tianyancha.skyeye/.activity.follow.MyGroupActivity,proc died without state saved]
12-24 17:25:33.632  1546  1864 I am_focused_activity: [-1,NULL]
12-24 17:25:33.654  1546  1864 I am_proc_start: [0,18444,10299,com.tianyancha.skyeye,activity,com.tianyancha.skyeye/.follow.FragmentMyFollow]
12-24 17:25:33.657  1546  1864 I am_finish_activity: [0,39466682,66,com.tianyancha.skyeye/.MainActivity,force-stop]
12-24 17:25:33.657  1546  1864 I am_finish_activity: [0,7153517,66,com.tianyancha.skyeye/.follow.FragmentMyFollow,force-stop]
12-24 17:25:33.661  1546  1864 I am_resume_activity: [0,125942339,63,com.android.settings/com.qiku.android.settings.activities.YLUsbSettings]
12-24 17:25:33.669  1546  1590 I am_destroy_activity: [0,39466682,66,com.tianyancha.skyeye/.MainActivity,finish-idle]
12-24 17:25:33.669  1546  1590 I am_destroy_activity: [0,7153517,66,com.tianyancha.skyeye/.follow.FragmentMyFollow,finish-idle]
12-24 17:25:33.673  1546  1590 I am_home_stack_moved: [0,1,0,0,finish-idle hadNoApp setFocusedActivity]
12-24 17:25:33.673  1546  1590 I wm_task_moved: [1,1,0]
12-24 17:25:33.675  1546  1590 I am_focused_activity: [0,com.yulong.android.launcher3/.Launcher]
12-24 17:25:33.678  1546  1590 I am_pause_activity: [0,125942339,com.android.settings/com.qiku.android.settings.activities.YLUsbSettings]
12-24 17:25:33.681  1546  1546 I notification_cancel_all: [1000,1546,com.tianyancha.skyeye,0,0,0,5,NULL]
12-24 17:25:33.685  1546  3008 I am_kill : [0,15403,com.yulong.android.filebrowser,15,empty #17]
12-24 17:25:33.714  1546  2987 I am_proc_died: [0,15403,com.yulong.android.filebrowser]
12-24 17:25:33.717  1546  2513 I am_proc_bound: [0,18444,com.tianyancha.skyeye]
12-24 17:25:33.720  1546  2513 I am_kill : [0,15479,com.yulong.android.ota,15,empty #17]
12-24 17:25:33.734  1546  1570 I am_proc_died: [0,15479,com.yulong.android.ota]
12-24 17:25:33.740  2769  2769 I am_on_resume_called: [0,com.qiku.android.settings.activities.YLUsbSettings]
12-24 17:25:33.758  2769  2769 I am_on_paused_called: [0,com.qiku.android.settings.activities.YLUsbSettings]
12-24 17:25:33.763  1546  3017 I am_resume_activity: [0,229237670,1,com.yulong.android.launcher3/.Launcher]
12-24 17:25:33.778  3008  3008 I auditd  : type=1400 audit(0.0:12061320): avc: denied { ioctl } for comm="Binder_C" path="socket:[1426415]" dev="sockfs" ino=1426415 ioctlcmd=7704 scontext=u:r:system_server:s0 tcontext=u:r:system_server:s0 tclass=unix_stream_socket permissive=0
12-24 17:25:33.778  3008  3008 I auditd  : type=1400 audit(0.0:12061321): avc: denied { ioctl } for comm="Binder_C" path="socket:[1426415]" dev="sockfs" ino=1426415 ioctlcmd=7704 scontext=u:r:system_server:s0 tcontext=u:r:system_server:s0 tclass=unix_stream_socket permissive=0
12-24 17:25:33.812  2789  2789 I am_on_resume_called: [0,com.yulong.android.launcher3.Launcher]
12-24 17:25:33.824  1546  1546 I notification_enqueue: [10002,13004,com.koushikdutta.vysor,101,NULL,0,Notification(pri=0 contentView=null vibrate=null sound=null defaults=0x0 flags=0x2 color=0x00000000 vis=PRIVATE),0]
12-24 17:25:33.881  1546  1615 I wm_task_removed: [66,removeAppToken: last token]
12-24 17:25:33.881  1546  1615 I wm_task_removed: [66,removeTask]
12-24 17:25:33.894   485   485 I sf_frame_dur: [com.tianyancha.skyeye/com.tianyancha.skyeye.activity.follow.MyGroupActivity,97,129,178,121,57,0,1]
12-24 17:25:35.286  1546  1546 I notification_enqueue: [10004,32677,com.qihoo360.mobilesafe,1,NULL,0,Notification(pri=2 contentView=com.qihoo360.mobilesafe/0x7f030062 vibrate=null sound=null tick defaults=0x0 flags=0x62 color=0x00000000 vis=PRIVATE),1]
12-24 17:25:36.098  1864  1864 I auditd  : type=1400 audit(0.0:12061322): avc: denied { ioctl } for comm="Binder_3" path="socket:[1472357]" dev="sockfs" ino=1472357 ioctlcmd=7704 scontext=u:r:system_server:s0 tcontext=u:r:system_server:s0 tclass=unix_stream_socket permissive=0
12-24 17:25:36.098  1864  1864 I auditd  : type=1400 audit(0.0:12061323): avc: denied { ioctl } for comm="Binder_3" path="socket:[1472357]" dev="sockfs" ino=1472357 ioctlcmd=7704 scontext=u:r:system_server:s0 tcontext=u:r:system_server:s0 tclass=unix_stream_socket permissive=0
12-24 17:25:42.168   982   982 I auditd  : type=1400 audit(0.0:12061324): avc: denied { read } for comm="daemon-handler-" name="mem" dev="debugfs" ino=699541 scontext=u:r:untrusted_app:s0:c512,c768 tcontext=u:object_r:debugfs:s0 tclass=file permissive=0
12-24 17:25:42.168   982   982 I auditd  : type=1400 audit(0.0:12061325): avc: denied { read } for comm="daemon-handler-" name="mem" dev="debugfs" ino=699541 scontext=u:r:untrusted_app:s0:c512,c768 tcontext=u:object_r:debugfs:s0 tclass=file permissive=0
12-24 17:25:44.198  1546  2513 I am_proc_start: [0,18548,10299,com.tianyancha.skyeye:channel,service,com.tianyancha.skyeye/com.taobao.accs.ChannelService]
12-24 17:25:44.223  1546  2205 I am_proc_bound: [0,18548,com.tianyancha.skyeye:channel]
12-24 17:25:44.308  1546  1588 I am_pss  : [2789,10048,com.yulong.android.launcher3,137084928,122691584]
12-24 17:25:54.646  1546  1588 I am_pss  : [2769,1000,com.android.settings,80991232,74317824]
12-24 17:25:54.664  1546  1588 I am_pss  : [14429,1000,com.android.settings.wifi,7521280,6230016]
12-24 17:25:58.589  1546  1546 I notification_enqueue: [10004,32677,com.qihoo360.mobilesafe,1,NULL,0,Notification(pri=2 contentView=com.qihoo360.mobilesafe/0x7f030062 vibrate=null sound=null tick defaults=0x0 flags=0x62 color=0x00000000 vis=PRIVATE),1]
[logcat: 0.044s elapsed]

