12-22 12:09:45.750  2448  2448 E CdmaSST_0: [CdmaLteSST] handlePollStateResultMessage: bad eci states[8]=null e=java.lang.NullPointerException: Attempt to invoke virtual method 'int java.lang.String.length()' on a null object reference
12-22 12:09:45.752   546   938 E RILQ    : (0/546): RIL[0][event] get_ecc_property_name: ecc list name : ril.ecclist.
12-22 12:09:45.756   546   938 E RILQ    : (0/546): RIL[0][event] get_ecc_property_name: ecc list name : ril.ecclist.
12-22 12:09:45.757   546   938 E RILQ    : (0/546): RIL[0][event] get_ecc_property_name: ecc list name : ril.ecclist.
12-22 13:26:51.417   843   946 E RILQ    : (1/843): RIL[1][event] get_ecc_property_name: ecc list name : ril.ecclist1.
12-22 13:26:51.420   843   946 E RILQ    : (1/843): RIL[1][event] qcril_qmi_voice_nas_control_convert_radio_tech_to_radio_tech_family: invalid radio tech = 16
12-22 13:26:51.420   843   946 E RILQ    : (1/843): RIL[1][event] qcril_qmi_voice_nas_control_convert_radio_tech_to_radio_tech_family: invalid radio tech = 16
12-22 13:26:51.420   843   946 E RILQ    : (1/843): RIL[1][event] get_ecc_property_name: ecc list name : ril.ecclist1.
12-22 13:26:51.421   843   946 E RILQ    : (1/843): RIL[1][event] get_ecc_property_name: ecc list name : ril.ecclist1.
12-22 13:26:51.421  2448  2448 E CdmaSST_0: [CdmaLteSST] mLastSignalStrength: SignalStrength: 23 0 -120 -160 -120 -1 -1 99 2147483647 2147483647 2147483647 2147483647 2147483647 cdma
12-22 13:26:51.421  2448  2448 E CdmaSST_0: [CdmaLteSST] mSignalStrength: SignalStrength: 25 0 -120 -160 -120 -1 -1 99 2147483647 2147483647 2147483647 2147483647 2147483647 cdma
12-22 13:26:51.425   843   946 E RILQ    : (1/843): RIL[1][event] get_ecc_property_name: ecc list name : ril.ecclist1.
12-22 13:26:51.426   843   946 E RILQ    : (1/843): RIL[1][event] get_ecc_property_name: ecc list name : ril.ecclist1.
12-22 13:26:51.427   546   938 E RILQ    : (0/546): RIL[0][event] get_ecc_property_name: ecc list name : ril.ecclist.
12-22 13:26:51.430   546   938 E RILQ    : (0/546): RIL[0][event] get_ecc_property_name: ecc list name : ril.ecclist.
12-22 13:26:51.431   546   938 E RILQ    : (0/546): RIL[0][event] get_ecc_property_name: ecc list name : ril.ecclist.
12-22 13:26:51.432  2448  2448 E CdmaSST_0: [CdmaLteSST] regCodeToServiceState: unexpected service state 12
12-22 13:26:51.432  2448  2448 E PHONE   : [ServiceState] setState deprecated use setVoiceRegState()
12-22 13:26:51.441  2448  2448 E CdmaSST_0: [CdmaLteSST] handlePollStateResultMessage: bad tac states[6]=null e=java.lang.NullPointerException: Attempt to invoke virtual method 'int java.lang.String.length()' on a null object reference
12-22 13:26:51.441  2448  2448 E CdmaSST_0: [CdmaLteSST] handlePollStateResultMessage: bad pci states[7]=null e=java.lang.NullPointerException: Attempt to invoke virtual method 'int java.lang.String.length()' on a null object reference
12-22 13:26:51.441  2448  2448 E CdmaSST_0: [CdmaLteSST] handlePollStateResultMessage: bad eci states[8]=null e=java.lang.NullPointerException: Attempt to invoke virtual method 'int java.lang.String.length()' on a null object reference
12-22 13:40:36.048   843   946 E RILQ    : (1/843): RIL[1][event] get_ecc_property_name: ecc list name : ril.ecclist1.
12-22 13:40:36.051   843   946 E RILQ    : (1/843): RIL[1][event] qcril_qmi_voice_nas_control_convert_radio_tech_to_radio_tech_family: invalid radio tech = 16
12-22 13:40:36.051   843   946 E RILQ    : (1/843): RIL[1][event] qcril_qmi_voice_nas_control_convert_radio_tech_to_radio_tech_family: invalid radio tech = 16
12-22 13:40:36.051   843   946 E RILQ    : (1/843): RIL[1][event] get_ecc_property_name: ecc list name : ril.ecclist1.
12-22 13:40:36.051  2448  2448 E CdmaSST_0: [CdmaLteSST] mLastSignalStrength: SignalStrength: 25 0 -120 -160 -120 -1 -1 99 2147483647 2147483647 2147483647 2147483647 2147483647 cdma
12-22 13:40:36.051  2448  2448 E CdmaSST_0: [CdmaLteSST] mSignalStrength: SignalStrength: 24 0 -120 -160 -120 -1 -1 99 2147483647 2147483647 2147483647 2147483647 2147483647 cdma
12-22 13:40:36.052   843   946 E RILQ    : (1/843): RIL[1][event] get_ecc_property_name: ecc list name : ril.ecclist1.
12-22 13:40:36.056   843   946 E RILQ    : (1/843): RIL[1][event] get_ecc_property_name: ecc list name : ril.ecclist1.
12-22 13:40:36.056   843   946 E RILQ    : (1/843): RIL[1][event] get_ecc_property_name: ecc list name : ril.ecclist1.
12-22 13:40:36.061  2448  2448 E CdmaSST_0: [CdmaLteSST] regCodeToServiceState: unexpected service state 12
12-22 13:40:36.061  2448  2448 E PHONE   : [ServiceState] setState deprecated use setVoiceRegState()
12-22 13:40:36.065   546   938 E RILQ    : (0/546): RIL[0][event] get_ecc_property_name: ecc list name : ril.ecclist.
12-22 13:40:36.067  2448  2448 E CdmaSST_0: [CdmaLteSST] handlePollStateResultMessage: bad tac states[6]=null e=java.lang.NullPointerException: Attempt to invoke virtual method 'int java.lang.String.length()' on a null object reference
12-22 13:40:36.067  2448  2448 E CdmaSST_0: [CdmaLteSST] handlePollStateResultMessage: bad pci states[7]=null e=java.lang.NullPointerException: Attempt to invoke virtual method 'int java.lang.String.length()' on a null object reference
12-22 13:40:36.067  2448  2448 E CdmaSST_0: [CdmaLteSST] handlePollStateResultMessage: bad eci states[8]=null e=java.lang.NullPointerException: Attempt to invoke virtual method 'int java.lang.String.length()' on a null object reference
12-22 13:40:36.069   546   938 E RILQ    : (0/546): RIL[0][event] get_ecc_property_name: ecc list name : ril.ecclist.
12-22 13:40:36.070   546   938 E RILQ    : (0/546): RIL[0][event] get_ecc_property_name: ecc list name : ril.ecclist.
12-22 13:57:48.627  2448  2448 E CdmaSST_0: [CdmaLteSST] mLastSignalStrength: SignalStrength: 24 0 -120 -160 -120 -1 -1 99 2147483647 2147483647 2147483647 2147483647 2147483647 cdma
12-22 13:57:48.627  2448  2448 E CdmaSST_0: [CdmaLteSST] mSignalStrength: SignalStrength: 26 0 -120 -160 -120 -1 -1 99 2147483647 2147483647 2147483647 2147483647 2147483647 cdma
12-22 13:57:48.630   546   938 E RILQ    : (0/546): RIL[0][event] get_ecc_property_name: ecc list name : ril.ecclist.
12-22 13:57:48.631  2448  2448 E CdmaSST_0: [CdmaLteSST] regCodeToServiceState: unexpected service state 12
12-22 13:57:48.631  2448  2448 E PHONE   : [ServiceState] setState deprecated use setVoiceRegState()
12-22 13:57:48.634   546   938 E RILQ    : (0/546): RIL[0][event] get_ecc_property_name: ecc list name : ril.ecclist.
12-22 13:57:48.638   843   946 E RILQ    : (1/843): RIL[1][event] get_ecc_property_name: ecc list name : ril.ecclist1.
12-22 13:57:48.638  2448  2448 E CdmaSST_0: [CdmaLteSST] handlePollStateResultMessage: bad tac states[6]=null e=java.lang.NullPointerException: Attempt to invoke virtual method 'int java.lang.String.length()' on a null object reference
12-22 13:57:48.638  2448  2448 E CdmaSST_0: [CdmaLteSST] handlePollStateResultMessage: bad pci states[7]=null e=java.lang.NullPointerException: Attempt to invoke virtual method 'int java.lang.String.length()' on a null object reference
12-22 13:57:48.638  2448  2448 E CdmaSST_0: [CdmaLteSST] handlePollStateResultMessage: bad eci states[8]=null e=java.lang.NullPointerException: Attempt to invoke virtual method 'int java.lang.String.length()' on a null object reference
12-22 13:57:48.639   546   938 E RILQ    : (0/546): RIL[0][event] get_ecc_property_name: ecc list name : ril.ecclist.
12-22 13:57:48.640   843   946 E RILQ    : (1/843): RIL[1][event] qcril_qmi_voice_nas_control_convert_radio_tech_to_radio_tech_family: invalid radio tech = 16
12-22 13:57:48.640   843   946 E RILQ    : (1/843): RIL[1][event] qcril_qmi_voice_nas_control_convert_radio_tech_to_radio_tech_family: invalid radio tech = 16
12-22 13:57:48.640   843   946 E RILQ    : (1/843): RIL[1][event] get_ecc_property_name: ecc list name : ril.ecclist1.
12-22 13:57:48.640   843   946 E RILQ    : (1/843): RIL[1][event] get_ecc_property_name: ecc list name : ril.ecclist1.
12-22 13:57:48.641   546   938 E RILQ    : (0/546): RIL[0][event] get_ecc_property_name: ecc list name : ril.ecclist.
12-22 13:57:48.642   546   938 E RILQ    : (0/546): RIL[0][event] get_ecc_property_name: ecc list name : ril.ecclist.
12-22 14:00:42.088   546  1400 E RILQ    : (0/546): RIL[0][oem_socket0] void qcril_qmi_generic_socket_agent::recv_thread_func(): read 4 bytes length message with length 36
12-22 14:00:42.088   546  1400 E RILQ    : (0/546): RIL[0][oem_socket0] qmi_ril_parse_oem_hook_header: Received un-handled/oem command id = 524310
12-22 14:00:42.093   546  1400 E RILQ    : (0/546): RIL[0][oem_socket0] void qcril_qmi_generic_socket_agent::recv_thread_func(): read 4 bytes length message with length 136
12-22 14:00:42.093   546  1400 E RILQ    : (0/546): RIL[0][oem_socket0] qmi_ril_parse_oem_hook_header: Received un-handled/oem command id = 524321
12-22 14:00:42.098   546  1400 E RILQ    : (0/546): RIL[0][oem_socket0] void qcril_qmi_generic_socket_agent::recv_thread_func(): read 4 bytes length message with length 36
12-22 14:00:42.098   546  1400 E RILQ    : (0/546): RIL[0][oem_socket0] qmi_ril_parse_oem_hook_header: Received un-handled/oem command id = 524310
12-22 16:39:27.255   843   946 E RILQ    : (1/843): RIL[1][event] get_ecc_property_name: ecc list name : ril.ecclist1.
12-22 16:39:27.256   843   946 E RILQ    : (1/843): RIL[1][event] qcril_qmi_voice_nas_control_convert_radio_tech_to_radio_tech_family: invalid radio tech = 16
12-22 16:39:27.256   843   946 E RILQ    : (1/843): RIL[1][event] qcril_qmi_voice_nas_control_convert_radio_tech_to_radio_tech_family: invalid radio tech = 16
12-22 16:39:27.256   843   946 E RILQ    : (1/843): RIL[1][event] get_ecc_property_name: ecc list name : ril.ecclist1.
12-22 16:39:27.257   843   946 E RILQ    : (1/843): RIL[1][event] get_ecc_property_name: ecc list name : ril.ecclist1.
12-22 16:39:27.284   843   946 E RILQ    : (1/843): RIL[1][event] get_ecc_property_name: ecc list name : ril.ecclist1.
12-22 16:39:27.285   843   946 E RILQ    : (1/843): RIL[1][event] get_ecc_property_name: ecc list name : ril.ecclist1.
12-22 16:39:27.302  2448  2448 E CdmaSST_0: [CdmaLteSST] mLastSignalStrength: SignalStrength: 26 0 -120 -160 -120 -1 -1 99 2147483647 2147483647 2147483647 2147483647 2147483647 cdma
12-22 16:39:27.302  2448  2448 E CdmaSST_0: [CdmaLteSST] mSignalStrength: SignalStrength: 24 0 -120 -160 -120 -1 -1 99 2147483647 2147483647 2147483647 2147483647 2147483647 cdma
12-22 16:39:27.304   546   938 E RILQ    : (0/546): RIL[0][event] get_ecc_property_name: ecc list name : ril.ecclist.
12-22 16:39:27.306   546   938 E RILQ    : (0/546): RIL[0][event] get_ecc_property_name: ecc list name : ril.ecclist.
12-22 16:39:27.307   546   938 E RILQ    : (0/546): RIL[0][event] get_ecc_property_name: ecc list name : ril.ecclist.
12-22 16:39:27.309  2448  2448 E CdmaSST_0: [CdmaLteSST] regCodeToServiceState: unexpected service state 12
12-22 16:39:27.309  2448  2448 E PHONE   : [ServiceState] setState deprecated use setVoiceRegState()
12-22 16:39:27.312  2448  2448 E CdmaSST_0: [CdmaLteSST] handlePollStateResultMessage: bad tac states[6]=null e=java.lang.NullPointerException: Attempt to invoke virtual method 'int java.lang.String.length()' on a null object reference
12-22 16:39:27.312  2448  2448 E CdmaSST_0: [CdmaLteSST] handlePollStateResultMessage: bad pci states[7]=null e=java.lang.NullPointerException: Attempt to invoke virtual method 'int java.lang.String.length()' on a null object reference
12-22 16:39:27.312  2448  2448 E CdmaSST_0: [CdmaLteSST] handlePollStateResultMessage: bad eci states[8]=null e=java.lang.NullPointerException: Attempt to invoke virtual method 'int java.lang.String.length()' on a null object reference
12-22 17:00:47.640   546   938 E RILQ    : (0/546): RIL[0][event] get_ecc_property_name: ecc list name : ril.ecclist.
12-22 17:00:47.643   843   946 E RILQ    : (1/843): RIL[1][event] get_ecc_property_name: ecc list name : ril.ecclist1.
12-22 17:00:47.643   546   938 E RILQ    : (0/546): RIL[0][event] get_ecc_property_name: ecc list name : ril.ecclist.
12-22 17:00:47.644   843   946 E RILQ    : (1/843): RIL[1][event] qcril_qmi_voice_nas_control_convert_radio_tech_to_radio_tech_family: invalid radio tech = 16
12-22 17:00:47.644   843   946 E RILQ    : (1/843): RIL[1][event] qcril_qmi_voice_nas_control_convert_radio_tech_to_radio_tech_family: invalid radio tech = 16
12-22 17:00:47.644   843   946 E RILQ    : (1/843): RIL[1][event] get_ecc_property_name: ecc list name : ril.ecclist1.
12-22 17:00:47.645   546   938 E RILQ    : (0/546): RIL[0][event] get_ecc_property_name: ecc list name : ril.ecclist.
12-22 17:00:47.645   843   946 E RILQ    : (1/843): RIL[1][event] get_ecc_property_name: ecc list name : ril.ecclist1.
12-22 17:00:47.647   546   938 E RILQ    : (0/546): RIL[0][event] get_ecc_property_name: ecc list name : ril.ecclist.
12-22 17:00:47.648   546   938 E RILQ    : (0/546): RIL[0][event] get_ecc_property_name: ecc list name : ril.ecclist.
12-22 17:00:47.657  2448  2448 E CdmaSST_0: [CdmaLteSST] handlePollStateResultMessage: bad tac states[6]=null e=java.lang.NullPointerException: Attempt to invoke virtual method 'int java.lang.String.length()' on a null object reference
12-22 17:00:47.658  2448  2448 E CdmaSST_0: [CdmaLteSST] handlePollStateResultMessage: bad pci states[7]=null e=java.lang.NullPointerException: Attempt to invoke virtual method 'int java.lang.String.length()' on a null object reference
12-22 17:00:47.658  2448  2448 E CdmaSST_0: [CdmaLteSST] handlePollStateResultMessage: bad eci states[8]=null e=java.lang.NullPointerException: Attempt to invoke virtual method 'int java.lang.String.length()' on a null object reference
12-22 17:00:47.665  2448  2448 E CdmaSST_0: [CdmaLteSST] regCodeToServiceState: unexpected service state 12
12-22 17:00:47.665  2448  2448 E PHONE   : [ServiceState] setState deprecated use setVoiceRegState()
12-22 18:17:19.466   843   946 E RILQ    : (1/843): RIL[1][event] get_ecc_property_name: ecc list name : ril.ecclist1.
12-22 18:17:19.467   843   946 E RILQ    : (1/843): RIL[1][event] qcril_qmi_voice_nas_control_convert_radio_tech_to_radio_tech_family: invalid radio tech = 16
12-22 18:17:19.467   843   946 E RILQ    : (1/843): RIL[1][event] qcril_qmi_voice_nas_control_convert_radio_tech_to_radio_tech_family: invalid radio tech = 16
12-22 18:17:19.468   843   946 E RILQ    : (1/843): RIL[1][event] get_ecc_property_name: ecc list name : ril.ecclist1.
12-22 18:17:19.468   843   946 E RILQ    : (1/843): RIL[1][event] get_ecc_property_name: ecc list name : ril.ecclist1.
12-22 18:17:19.470  2448  2448 E CdmaSST_0: [CdmaLteSST] handlePollStateResultMessage: bad tac states[6]=null e=java.lang.NullPointerException: Attempt to invoke virtual method 'int java.lang.String.length()' on a null object reference
12-22 18:17:19.470  2448  2448 E CdmaSST_0: [CdmaLteSST] handlePollStateResultMessage: bad pci states[7]=null e=java.lang.NullPointerException: Attempt to invoke virtual method 'int java.lang.String.length()' on a null object reference
12-22 18:17:19.470  2448  2448 E CdmaSST_0: [CdmaLteSST] handlePollStateResultMessage: bad eci states[8]=null e=java.lang.NullPointerException: Attempt to invoke virtual method 'int java.lang.String.length()' on a null object reference
12-22 18:17:19.470   546   938 E RILQ    : (0/546): RIL[0][event] get_ecc_property_name: ecc list name : ril.ecclist.
12-22 18:17:19.470  2448  2448 E CdmaSST_0: [CdmaLteSST] regCodeToServiceState: unexpected service state 12
12-22 18:17:19.470  2448  2448 E PHONE   : [ServiceState] setState deprecated use setVoiceRegState()
12-22 18:17:19.473   546   938 E RILQ    : (0/546): RIL[0][event] get_ecc_property_name: ecc list name : ril.ecclist.
12-22 18:17:19.473   546   938 E RILQ    : (0/546): RIL[0][event] get_ecc_property_name: ecc list name : ril.ecclist.
12-22 18:17:19.474   546   938 E RILQ    : (0/546): RIL[0][event] get_ecc_property_name: ecc list name : ril.ecclist.
12-22 18:17:19.476   546   938 E RILQ    : (0/546): RIL[0][event] get_ecc_property_name: ecc list name : ril.ecclist.
12-22 19:03:22.353   843   946 E RILQ    : (1/843): RIL[1][event] get_ecc_property_name: ecc list name : ril.ecclist1.
12-22 19:03:22.355   843   946 E RILQ    : (1/843): RIL[1][event] qcril_qmi_voice_nas_control_convert_radio_tech_to_radio_tech_family: invalid radio tech = 16
12-22 19:03:22.355   843   946 E RILQ    : (1/843): RIL[1][event] qcril_qmi_voice_nas_control_convert_radio_tech_to_radio_tech_family: invalid radio tech = 16
12-22 19:03:22.355   843   946 E RILQ    : (1/843): RIL[1][event] get_ecc_property_name: ecc list name : ril.ecclist1.
12-22 19:03:22.355   843   946 E RILQ    : (1/843): RIL[1][event] get_ecc_property_name: ecc list name : ril.ecclist1.
12-22 19:03:22.361   546   938 E RILQ    : (0/546): RIL[0][event] get_ecc_property_name: ecc list name : ril.ecclist.
12-22 19:03:22.361   843   946 E RILQ    : (1/843): RIL[1][event] get_ecc_property_name: ecc list name : ril.ecclist1.
12-22 19:03:22.362   843   946 E RILQ    : (1/843): RIL[1][event] get_ecc_property_name: ecc list name : ril.ecclist1.
12-22 19:03:22.367  2448  2448 E CdmaSST_0: [CdmaLteSST] mLastSignalStrength: SignalStrength: 24 0 -120 -160 -120 -1 -1 99 2147483647 2147483647 2147483647 2147483647 2147483647 cdma
12-22 19:03:22.367  2448  2448 E CdmaSST_0: [CdmaLteSST] mSignalStrength: SignalStrength: 31 0 -120 -160 -120 -1 -1 99 2147483647 2147483647 2147483647 2147483647 2147483647 cdma
12-22 19:03:22.369   546   938 E RILQ    : (0/546): RIL[0][event] get_ecc_property_name: ecc list name : ril.ecclist.
12-22 19:03:22.370   546   938 E RILQ    : (0/546): RIL[0][event] get_ecc_property_name: ecc list name : ril.ecclist.
12-22 19:03:22.375  2448  2448 E CdmaSST_0: [CdmaLteSST] regCodeToServiceState: unexpected service state 12
12-22 19:03:22.375  2448  2448 E PHONE   : [ServiceState] setState deprecated use setVoiceRegState()
12-22 19:03:22.386  2448  2448 E CdmaSST_0: [CdmaLteSST] handlePollStateResultMessage: bad tac states[6]=null e=java.lang.NullPointerException: Attempt to invoke virtual method 'int java.lang.String.length()' on a null object reference
12-22 19:03:22.386  2448  2448 E CdmaSST_0: [CdmaLteSST] handlePollStateResultMessage: bad pci states[7]=null e=java.lang.NullPointerException: Attempt to invoke virtual method 'int java.lang.String.length()' on a null object reference
12-22 19:03:22.386  2448  2448 E CdmaSST_0: [CdmaLteSST] handlePollStateResultMessage: bad eci states[8]=null e=java.lang.NullPointerException: Attempt to invoke virtual method 'int java.lang.String.length()' on a null object reference
12-24 13:39:32.984   843   946 E RILQ    : (1/843): RIL[1][event] get_ecc_property_name: ecc list name : ril.ecclist1.
12-24 13:39:32.985   843   946 E RILQ    : (1/843): RIL[1][event] qcril_qmi_voice_nas_control_convert_radio_tech_to_radio_tech_family: invalid radio tech = 16
12-24 13:39:32.985   843   946 E RILQ    : (1/843): RIL[1][event] qcril_qmi_voice_nas_control_convert_radio_tech_to_radio_tech_family: invalid radio tech = 16
12-24 13:39:32.985   843   946 E RILQ    : (1/843): RIL[1][event] get_ecc_property_name: ecc list name : ril.ecclist1.
12-24 13:39:32.986   843   946 E RILQ    : (1/843): RIL[1][event] get_ecc_property_name: ecc list name : ril.ecclist1.
12-24 13:39:32.988   546   938 E RILQ    : (0/546): RIL[0][event] get_ecc_property_name: ecc list name : ril.ecclist.
12-24 13:39:32.988   843   946 E RILQ    : (1/843): RIL[1][event] get_ecc_property_name: ecc list name : ril.ecclist1.
12-24 13:39:32.993   546   938 E RILQ    : (0/546): RIL[0][event] get_ecc_property_name: ecc list name : ril.ecclist.
12-24 13:39:32.994  2448  2448 E CdmaSST_0: [CdmaLteSST] mLastSignalStrength: SignalStrength: 31 0 -120 -160 -120 -1 -1 99 2147483647 2147483647 2147483647 2147483647 2147483647 cdma
12-24 13:39:32.994  2448  2448 E CdmaSST_0: [CdmaLteSST] mSignalStrength: SignalStrength: 25 0 -120 -160 -120 -1 -1 99 2147483647 2147483647 2147483647 2147483647 2147483647 cdma
12-24 13:39:32.998   843   946 E RILQ    : (1/843): RIL[1][event] get_ecc_property_name: ecc list name : ril.ecclist1.
12-24 13:39:33.000   546   938 E RILQ    : (0/546): RIL[0][event] get_ecc_property_name: ecc list name : ril.ecclist.
12-24 13:39:33.013  2448  2448 E CdmaSST_0: [CdmaLteSST] regCodeToServiceState: unexpected service state 12
12-24 13:39:33.013  2448  2448 E PHONE   : [ServiceState] setState deprecated use setVoiceRegState()
12-24 13:39:33.013  2448  2448 E CdmaSST_0: [CdmaLteSST] handlePollStateResultMessage: bad tac states[6]=null e=java.lang.NullPointerException: Attempt to invoke virtual method 'int java.lang.String.length()' on a null object reference
12-24 13:39:33.013  2448  2448 E CdmaSST_0: [CdmaLteSST] handlePollStateResultMessage: bad pci states[7]=null e=java.lang.NullPointerException: Attempt to invoke virtual method 'int java.lang.String.length()' on a null object reference
12-24 13:39:33.013  2448  2448 E CdmaSST_0: [CdmaLteSST] handlePollStateResultMessage: bad eci states[8]=null e=java.lang.NullPointerException: Attempt to invoke virtual method 'int java.lang.String.length()' on a null object reference
12-24 13:55:53.511   843   946 E RILQ    : (1/843): RIL[1][event] get_ecc_property_name: ecc list name : ril.ecclist1.
12-24 13:55:53.513   843   946 E RILQ    : (1/843): RIL[1][event] qcril_qmi_voice_nas_control_convert_radio_tech_to_radio_tech_family: invalid radio tech = 16
12-24 13:55:53.513   843   946 E RILQ    : (1/843): RIL[1][event] qcril_qmi_voice_nas_control_convert_radio_tech_to_radio_tech_family: invalid radio tech = 16
12-24 13:55:53.514   843   946 E RILQ    : (1/843): RIL[1][event] get_ecc_property_name: ecc list name : ril.ecclist1.
12-24 13:55:53.515   843   946 E RILQ    : (1/843): RIL[1][event] get_ecc_property_name: ecc list name : ril.ecclist1.
12-24 13:55:53.515  2448  2448 E CdmaSST_0: [CdmaLteSST] mLastSignalStrength: SignalStrength: 25 0 -120 -160 -120 -1 -1 99 2147483647 2147483647 2147483647 2147483647 2147483647 cdma
12-24 13:55:53.515  2448  2448 E CdmaSST_0: [CdmaLteSST] mSignalStrength: SignalStrength: 24 0 -120 -160 -120 -1 -1 99 2147483647 2147483647 2147483647 2147483647 2147483647 cdma
12-24 13:55:53.517   843   946 E RILQ    : (1/843): RIL[1][event] get_ecc_property_name: ecc list name : ril.ecclist1.
12-24 13:55:53.518   843   946 E RILQ    : (1/843): RIL[1][event] get_ecc_property_name: ecc list name : ril.ecclist1.
12-24 13:55:53.519   546   938 E RILQ    : (0/546): RIL[0][event] get_ecc_property_name: ecc list name : ril.ecclist.
12-24 13:55:53.523  2448  2448 E CdmaSST_0: [CdmaLteSST] regCodeToServiceState: unexpected service state 12
12-24 13:55:53.523  2448  2448 E PHONE   : [ServiceState] setState deprecated use setVoiceRegState()
12-24 13:55:53.524   546   938 E RILQ    : (0/546): RIL[0][event] get_ecc_property_name: ecc list name : ril.ecclist.
12-24 13:55:53.529   546   938 E RILQ    : (0/546): RIL[0][event] get_ecc_property_name: ecc list name : ril.ecclist.
12-24 13:55:53.531  2448  2448 E CdmaSST_0: [CdmaLteSST] handlePollStateResultMessage: bad tac states[6]=null e=java.lang.NullPointerException: Attempt to invoke virtual method 'int java.lang.String.length()' on a null object reference
12-24 13:55:53.531  2448  2448 E CdmaSST_0: [CdmaLteSST] handlePollStateResultMessage: bad pci states[7]=null e=java.lang.NullPointerException: Attempt to invoke virtual method 'int java.lang.String.length()' on a null object reference
12-24 13:55:53.531  2448  2448 E CdmaSST_0: [CdmaLteSST] handlePollStateResultMessage: bad eci states[8]=null e=java.lang.NullPointerException: Attempt to invoke virtual method 'int java.lang.String.length()' on a null object reference
12-24 15:17:13.674   843   946 E RILQ    : (1/843): RIL[1][event] get_ecc_property_name: ecc list name : ril.ecclist1.
12-24 15:17:13.676   843   946 E RILQ    : (1/843): RIL[1][event] qcril_qmi_voice_nas_control_convert_radio_tech_to_radio_tech_family: invalid radio tech = 16
12-24 15:17:13.676   843   946 E RILQ    : (1/843): RIL[1][event] qcril_qmi_voice_nas_control_convert_radio_tech_to_radio_tech_family: invalid radio tech = 16
12-24 15:17:13.676   843   946 E RILQ    : (1/843): RIL[1][event] get_ecc_property_name: ecc list name : ril.ecclist1.
12-24 15:17:13.677  2448  2448 E CdmaSST_0: [CdmaLteSST] mLastSignalStrength: SignalStrength: 24 0 -120 -160 -120 -1 -1 99 2147483647 2147483647 2147483647 2147483647 2147483647 cdma
12-24 15:17:13.677   843   946 E RILQ    : (1/843): RIL[1][event] get_ecc_property_name: ecc list name : ril.ecclist1.
12-24 15:17:13.677  2448  2448 E CdmaSST_0: [CdmaLteSST] mSignalStrength: SignalStrength: 27 0 -120 -160 -120 -1 -1 99 2147483647 2147483647 2147483647 2147483647 2147483647 cdma
12-24 15:17:13.683  2448  2448 E CdmaSST_0: [CdmaLteSST] regCodeToServiceState: unexpected service state 12
12-24 15:17:13.683  2448  2448 E PHONE   : [ServiceState] setState deprecated use setVoiceRegState()
12-24 15:17:13.683  2448  2448 E CdmaSST_0: [CdmaLteSST] handlePollStateResultMessage: bad tac states[6]=null e=java.lang.NullPointerException: Attempt to invoke virtual method 'int java.lang.String.length()' on a null object reference
12-24 15:17:13.684  2448  2448 E CdmaSST_0: [CdmaLteSST] handlePollStateResultMessage: bad pci states[7]=null e=java.lang.NullPointerException: Attempt to invoke virtual method 'int java.lang.String.length()' on a null object reference
12-24 15:17:13.684  2448  2448 E CdmaSST_0: [CdmaLteSST] handlePollStateResultMessage: bad eci states[8]=null e=java.lang.NullPointerException: Attempt to invoke virtual method 'int java.lang.String.length()' on a null object reference
12-24 15:17:13.684   546   938 E RILQ    : (0/546): RIL[0][event] get_ecc_property_name: ecc list name : ril.ecclist.
12-24 15:17:13.687   546   938 E RILQ    : (0/546): RIL[0][event] get_ecc_property_name: ecc list name : ril.ecclist.
12-24 15:17:13.688   546   938 E RILQ    : (0/546): RIL[0][event] get_ecc_property_name: ecc list name : ril.ecclist.
12-24 15:17:13.689   546   938 E RILQ    : (0/546): RIL[0][event] get_ecc_property_name: ecc list name : ril.ecclist.
12-24 15:17:13.691   546   938 E RILQ    : (0/546): RIL[0][event] get_ecc_property_name: ecc list name : ril.ecclist.
12-24 15:29:26.926  2448  2448 E CdmaSST_0: [CdmaLteSST] mLastSignalStrength: SignalStrength: 27 0 -120 -160 -120 -1 -1 99 2147483647 2147483647 2147483647 2147483647 2147483647 cdma
12-24 15:29:26.926  2448  2448 E CdmaSST_0: [CdmaLteSST] mSignalStrength: SignalStrength: 29 0 -120 -160 -120 -1 -1 99 2147483647 2147483647 2147483647 2147483647 2147483647 cdma
12-24 15:29:26.928   546   938 E RILQ    : (0/546): RIL[0][event] get_ecc_property_name: ecc list name : ril.ecclist.
12-24 15:29:26.931   843   946 E RILQ    : (1/843): RIL[1][event] get_ecc_property_name: ecc list name : ril.ecclist1.
12-24 15:29:26.932   546   938 E RILQ    : (0/546): RIL[0][event] get_ecc_property_name: ecc list name : ril.ecclist.
12-24 15:29:26.932   843   946 E RILQ    : (1/843): RIL[1][event] qcril_qmi_voice_nas_control_convert_radio_tech_to_radio_tech_family: invalid radio tech = 16
12-24 15:29:26.932   843   946 E RILQ    : (1/843): RIL[1][event] qcril_qmi_voice_nas_control_convert_radio_tech_to_radio_tech_family: invalid radio tech = 16
12-24 15:29:26.934   843   946 E RILQ    : (1/843): RIL[1][event] get_ecc_property_name: ecc list name : ril.ecclist1.
12-24 15:29:26.935   843   946 E RILQ    : (1/843): RIL[1][event] get_ecc_property_name: ecc list name : ril.ecclist1.
12-24 15:29:26.940  2448  2448 E CdmaSST_0: [CdmaLteSST] handlePollStateResultMessage: bad tac states[6]=null e=java.lang.NullPointerException: Attempt to invoke virtual method 'int java.lang.String.length()' on a null object reference
12-24 15:29:26.940  2448  2448 E CdmaSST_0: [CdmaLteSST] handlePollStateResultMessage: bad pci states[7]=null e=java.lang.NullPointerException: Attempt to invoke virtual method 'int java.lang.String.length()' on a null object reference
12-24 15:29:26.940  2448  2448 E CdmaSST_0: [CdmaLteSST] handlePollStateResultMessage: bad eci states[8]=null e=java.lang.NullPointerException: Attempt to invoke virtual method 'int java.lang.String.length()' on a null object reference
12-24 15:29:26.941   546   938 E RILQ    : (0/546): RIL[0][event] get_ecc_property_name: ecc list name : ril.ecclist.
12-24 15:29:26.941  2448  2448 E CdmaSST_0: [CdmaLteSST] regCodeToServiceState: unexpected service state 12
12-24 15:29:26.941  2448  2448 E PHONE   : [ServiceState] setState deprecated use setVoiceRegState()
12-24 15:29:26.942   546   938 E RILQ    : (0/546): RIL[0][event] get_ecc_property_name: ecc list name : ril.ecclist.
12-24 15:29:26.950   546   938 E RILQ    : (0/546): RIL[0][event] get_ecc_property_name: ecc list name : ril.ecclist.
12-24 15:54:51.503   843   946 E RILQ    : (1/843): RIL[1][event] get_ecc_property_name: ecc list name : ril.ecclist1.
12-24 15:54:51.508   546   938 E RILQ    : (0/546): RIL[0][event] get_ecc_property_name: ecc list name : ril.ecclist.
12-24 15:54:51.508  2448  2448 E CdmaSST_0: [CdmaLteSST] regCodeToServiceState: unexpected service state 12
12-24 15:54:51.508  2448  2448 E PHONE   : [ServiceState] setState deprecated use setVoiceRegState()
12-24 15:54:51.511   843   946 E RILQ    : (1/843): RIL[1][event] qcril_qmi_voice_nas_control_convert_radio_tech_to_radio_tech_family: invalid radio tech = 16
12-24 15:54:51.511   843   946 E RILQ    : (1/843): RIL[1][event] qcril_qmi_voice_nas_control_convert_radio_tech_to_radio_tech_family: invalid radio tech = 16
12-24 15:54:51.512   843   946 E RILQ    : (1/843): RIL[1][event] get_ecc_property_name: ecc list name : ril.ecclist1.
12-24 15:54:51.512   843   946 E RILQ    : (1/843): RIL[1][event] get_ecc_property_name: ecc list name : ril.ecclist1.
12-24 15:54:51.512   843   946 E RILQ    : (1/843): RIL[1][event] get_ecc_property_name: ecc list name : ril.ecclist1.
12-24 15:54:51.513   843   946 E RILQ    : (1/843): RIL[1][event] get_ecc_property_name: ecc list name : ril.ecclist1.
12-24 15:54:51.515   546   938 E RILQ    : (0/546): RIL[0][event] get_ecc_property_name: ecc list name : ril.ecclist.
12-24 15:54:51.517   546   938 E RILQ    : (0/546): RIL[0][event] get_ecc_property_name: ecc list name : ril.ecclist.
12-24 15:54:51.517  2448  2448 E CdmaSST_0: [CdmaLteSST] handlePollStateResultMessage: bad tac states[6]=null e=java.lang.NullPointerException: Attempt to invoke virtual method 'int java.lang.String.length()' on a null object reference
12-24 15:54:51.517  2448  2448 E CdmaSST_0: [CdmaLteSST] handlePollStateResultMessage: bad pci states[7]=null e=java.lang.NullPointerException: Attempt to invoke virtual method 'int java.lang.String.length()' on a null object reference
12-24 15:54:51.517  2448  2448 E CdmaSST_0: [CdmaLteSST] handlePollStateResultMessage: bad eci states[8]=null e=java.lang.NullPointerException: Attempt to invoke virtual method 'int java.lang.String.length()' on a null object reference
12-24 16:04:50.268  2448  2448 E CDMAPhone: getCallForwardingIndicator: not possible in CDMA
12-24 16:04:50.285  2448  2448 E PhoneBase: Error! isCspPlmnEnabled() in PhoneBase should not be called, GSMPhone inactive.
[logcat: 0.031s elapsed]

