09-13 04:27:20.501   546   546 D RILD    : **RIL Daemon Started**
12-21 17:40:43.123   843   843 D RILD    : **RIL Daemon Started**
12-21 17:40:43.966   546   546 E RILQ    : log to /data/misc/radio/ril_log for QCRIL logging is not enabled
12-21 17:40:44.101   843   843 E RILQ    : log to /data/misc/radio/ril_log for QCRIL logging is not enabled
12-21 17:40:44.156   546   546 E RILC    : RIL_register: RIL version 11
12-21 17:40:44.203   843   843 E RILC    : RIL_register: RIL version 11
12-21 17:40:44.204   843   843 E         : Failed to listen on sap_uim_socket1 socket '-1': Bad file descriptor
12-21 17:40:45.169   546   927 E RILQ    : (0/546): RIL[0][main] qcril_qmi_init_core_client_handles: qcril_qmi_presence_init returned failure(-3)
12-21 17:40:45.223   843   941 E RILQ    : (1/843): RIL[1][main] qcril_qmi_init_core_client_handles: qcril_qmi_presence_init returned failure(-3)
12-21 17:40:45.232   546   927 E RILQ    : (0/546): RIL[0][main] qcril_qmi_nas_init: QCRIL_OPERATOR_NAME is persist.env.spec,  property_name is persist.env.spec. Failed to get operator name
12-21 17:40:45.286   546   927 E RILQ    : (0/546): RIL[0][main] qcril_qmi_nas_retrieve_custom_emergency_numbers_configured_value: Invalid value for properties count 0
12-21 17:40:45.289   843   941 E RILQ    : (1/843): RIL[1][main] qcril_qmi_nas_init: QCRIL_OPERATOR_NAME is persist.env.spec,  property_name is persist.env.spec. Failed to get operator name
12-21 17:40:45.304   546  1061 E Diag_Lib: QMI error, error code: 16
12-21 17:40:45.304   546  1060 E Diag_Lib: failed to get current config for SUB 2
12-21 17:40:45.307   546   927 E RILQ    : (0/546): RIL[0][main] qcril_qmi_init_ssr_excluded_client_handles: qmi_client_register_notify_cb 0
12-21 17:40:45.308   843   941 E RILQ    : (1/843): RIL[1][main] qcril_qmi_nas_retrieve_custom_emergency_numbers_configured_value: Invalid value for properties count 0
12-21 17:40:45.309   546  1061 E Diag_Lib: QMI error, error code: 3
12-21 17:40:45.309   546  1060 E Diag_Lib: Failed to delete the MBN with config_id: OTA_/data/misc/radio/modem_config/mcfg_sw/generic/china/cu/commerci/openmkt/mcfg_sw.mbn1452557377:884657èÿÿÿÿÿÿÿÿÿÿÿÿÿÍÌÌÌ
12-21 17:40:45.311   546   927 E RILQ    : (0/546): RIL[0][main] qcril_qmi_init_ssr_excluded_client_handles: qmi_client_register_notify_cb 0
12-21 17:40:45.317   843   941 E RILQ    : (1/843): RIL[1][main] qcril_qmi_init_ssr_excluded_client_handles: qmi_client_register_notify_cb 0
12-21 17:40:45.318   546   927 E RILQ    : (0/546): RIL[0][main] qcril_uim_find_modem_port: Property value does not match, using default port
12-21 17:40:45.318   546   927 E RILQ    : (0/546): RIL[0][main] qcril_uim_find_modem_port: Property value does not match, using default port
12-21 17:40:45.321   843   941 E RILQ    : (1/843): RIL[1][main] qcril_qmi_init_ssr_excluded_client_handles: qmi_client_register_notify_cb 0
12-21 17:40:45.321   843   941 E RILQ    : (1/843): RIL[1][main] qcril_uim_find_modem_port: Property value does not match, using default port
12-21 17:40:45.321   843   941 E RILQ    : (1/843): RIL[1][main] qcril_uim_find_modem_port: Property value does not match, using default port
12-21 17:40:45.324   546   927 E RILQ    : (0/546): RIL[0][main] qcril_gstk_find_primary_modem_port: Property value does not match, using default port
12-21 17:40:45.328   843   941 E RILQ    : (1/843): RIL[1][main] qcril_gstk_find_primary_modem_port: Property value does not match, using default port
12-21 17:40:46.398   843   946 E RILQ    : (1/843): RIL[1][event] get_ecc_property_name: ecc list name : ril.ecclist1.
12-21 17:40:46.399   843   946 E RILQ    : (1/843): RIL[1][event] get_ecc_property_name: ecc list name : ril.ecclist1.
12-21 17:40:46.399   843   946 E RILQ    : (1/843): RIL[1][event] qcril_uim_process_status_change_ind: card status invalid for slot 0x1
12-21 17:40:46.400   843   946 E RILQ    : (1/843): RIL[1][event] qcril_uim_process_status_change_ind: card status invalid for slot 0x1
12-21 17:40:46.400   843   946 E RILQ    : (1/843): RIL[1][event] qcril_uim_update_pbm_card_event: PBM_HANDLE_CARD 397315 processing Failed!
12-21 17:40:46.401   843   946 E RILQ    : (1/843): RIL[1][event] qcril_uim_update_pbm_card_event: PBM_HANDLE_CARD 397315 processing Failed!
12-21 17:40:46.401   546   927 E RILQ    : (0/546): RIL[0][main] qcril_sms_perform_transport_layer_info_initialization: error while retrieving transport layer reg info
12-21 17:40:46.401   843   946 E RILQ    : (1/843): RIL[1][event] get_ecc_property_name: ecc list name : ril.ecclist1.
12-21 17:40:46.402   546   938 E RILQ    : (0/546): RIL[0][event] get_ecc_property_name: ecc list name : ril.ecclist.
12-21 17:40:46.402   843   946 E RILQ    : (1/843): RIL[1][event] get_ecc_property_name: ecc list name : ril.ecclist1.
12-21 17:40:46.403   546   938 E RILQ    : (0/546): RIL[0][event] get_ecc_property_name: ecc list name : ril.ecclist.
12-21 17:40:46.403   843   946 E RILQ    : (1/843): RIL[1][event] qcril_qmi_voice_nas_control_convert_radio_tech_to_radio_tech_family: invalid radio tech = 16
12-21 17:40:46.403   546   938 E RILQ    : (0/546): RIL[0][event] get_ecc_property_name: ecc list name : ril.ecclist.
12-21 17:40:46.404   843   946 E RILQ    : (1/843): RIL[1][event] get_ecc_property_name: ecc list name : ril.ecclist1.
12-21 17:40:46.404   546   938 E RILQ    : (0/546): RIL[0][event] qcril_uim_process_status_change_ind: card status invalid for slot 0x0
12-21 17:40:46.405   546   938 E RILQ    : (0/546): RIL[0][event] qcril_uim_update_pbm_card_event: PBM_HANDLE_CARD 397315 processing Failed!
12-21 17:40:46.405   843   946 E RILQ    : (1/843): RIL[1][event] get_ecc_property_name: ecc list name : ril.ecclist1.
12-21 17:40:46.406   843   941 E RILQ    : (1/843): RIL[1][main] qcril_sms_perform_transport_layer_info_initialization: error while retrieving transport layer reg info
12-21 17:40:46.407   843   941 E RILQ    : (1/843): RIL[1][main] qcril_qmi_voice_nas_control_convert_radio_tech_to_radio_tech_family: invalid radio tech = 16
12-21 17:40:46.407   546   938 E RILQ    : (0/546): RIL[0][event] get_ecc_property_name: ecc list name : ril.ecclist.
12-21 17:40:46.407   843   946 E RILQ    : (1/843): RIL[1][event] get_ecc_property_name: ecc list name : ril.ecclist1.
12-21 17:40:46.407   546   938 E RILQ    : (0/546): RIL[0][event] get_ecc_property_name: ecc list name : ril.ecclist.
12-21 17:40:46.408   843   946 E RILQ    : (1/843): RIL[1][event] get_ecc_property_name: ecc list name : ril.ecclist1.
12-21 17:40:46.410   546   938 E RILQ    : (0/546): RIL[0][event] get_ecc_property_name: ecc list name : ril.ecclist.
12-21 17:40:46.411   546   938 E RILQ    : (0/546): RIL[0][event] get_ecc_property_name: ecc list name : ril.ecclist.
12-21 17:40:46.414   546   938 E RILQ    : (0/546): RIL[0][event] get_ecc_property_name: ecc list name : ril.ecclist.
12-21 17:40:46.415   546   938 E RILQ    : (0/546): RIL[0][event] get_ecc_property_name: ecc list name : ril.ecclist.
12-21 17:40:46.416   546   938 E RILQ    : (0/546): RIL[0][event] get_ecc_property_name: ecc list name : ril.ecclist.
12-21 17:41:01.675  2448  2448 E         : getFormat should never be called from here!
12-21 17:41:01.742  2448  2448 E IccCardProxy/0: setExternalState: set mPhoneId=0 mExternalState=NOT_READY
12-21 17:41:01.847  2448  2448 E DCT     : [1]mQkWeChatUtils == null
12-21 17:41:01.853  2448  2448 E         : getFormat should never be called from here!
12-21 17:41:01.891  2448  2448 E IccCardProxy/1: setExternalState: set mPhoneId=1 mExternalState=NOT_READY
12-21 17:41:02.053  2448  2448 E UiccPhoneBookController: initiate qksimphonebook
12-21 17:41:02.055  2448  2448 E RIL_UiccSmsController: initiate qkisms
12-21 17:41:02.057  2448  2733 E QKModemInfoController: EVENT_GET_RF_CAL_DONE, exception = 
12-21 17:41:02.057  2448  2733 E QKModemInfoController: com.android.internal.telephony.CommandException: GENERIC_FAILURE
12-21 17:41:02.057  2448  2733 E QKModemInfoController: 	at com.android.internal.telephony.RILRequest.onError(RIL.java:216)
12-21 17:41:02.057  2448  2733 E QKModemInfoController: 	at com.android.internal.telephony.RIL.processSolicited(RIL.java:2885)
12-21 17:41:02.057  2448  2733 E QKModemInfoController: 	at com.android.internal.telephony.RIL.processResponse(RIL.java:2563)
12-21 17:41:02.057  2448  2733 E QKModemInfoController: 	at com.android.internal.telephony.RIL.access$600(RIL.java:240)
12-21 17:41:02.057  2448  2733 E QKModemInfoController: 	at com.android.internal.telephony.RIL$RILReceiver.run(RIL.java:623)
12-21 17:41:02.057  2448  2733 E QKModemInfoController: 	at java.lang.Thread.run(Thread.java:818)
12-21 17:41:02.057  2448  2733 E QKModemInfoController: EVENT_GET_RF_CAL_DONE, exception = 
12-21 17:41:02.057  2448  2733 E QKModemInfoController: com.android.internal.telephony.CommandException: GENERIC_FAILURE
12-21 17:41:02.057  2448  2733 E QKModemInfoController: 	at com.android.internal.telephony.RILRequest.onError(RIL.java:216)
12-21 17:41:02.057  2448  2733 E QKModemInfoController: 	at com.android.internal.telephony.RIL.processSolicited(RIL.java:2885)
12-21 17:41:02.057  2448  2733 E QKModemInfoController: 	at com.android.internal.telephony.RIL.processResponse(RIL.java:2563)
12-21 17:41:02.057  2448  2733 E QKModemInfoController: 	at com.android.internal.telephony.RIL.access$600(RIL.java:240)
12-21 17:41:02.057  2448  2733 E QKModemInfoController: 	at com.android.internal.telephony.RIL$RILReceiver.run(RIL.java:623)
12-21 17:41:02.057  2448  2733 E QKModemInfoController: 	at java.lang.Thread.run(Thread.java:818)
12-21 17:41:02.240   843   946 E RILQ    : (1/843): RIL[1][event] get_ecc_property_name: ecc list name : ril.ecclist1.
12-21 17:41:02.240   843   946 E RILQ    : (1/843): RIL[1][event] get_ecc_property_name: ecc list name : ril.ecclist1.
12-21 17:41:02.246   546   938 E RILQ    : (0/546): RIL[0][event] get_ecc_property_name: ecc list name : ril.ecclist.
12-21 17:41:02.247   546   938 E RILQ    : (0/546): RIL[0][event] get_ecc_property_name: ecc list name : ril.ecclist.
12-21 17:41:02.247   843   946 E RILQ    : (1/843): RIL[1][event] get_ecc_property_name: ecc list name : ril.ecclist1.
12-21 17:41:02.247   843   946 E RILQ    : (1/843): RIL[1][event] get_ecc_property_name: ecc list name : ril.ecclist1.
12-21 17:41:02.603  2448  2448 E IccCardProxy/0: setExternalState: !override and newstate unchanged from NOT_READY
12-21 17:41:02.603  2448  2448 E IccCardProxy/0: setExternalState: !override and newstate unchanged from NOT_READY
12-21 17:41:02.674  2448  2448 E GsmSST_1: [GsmSST] mLastSignalStrength: SignalStrength: 99 -1 -1 -1 -1 -1 -1 99 2147483647 2147483647 2147483647 2147483647 2147483647 gsm|lte
12-21 17:41:02.674  2448  2448 E GsmSST_1: [GsmSST] mSignalStrength: SignalStrength: 0 0 -120 -160 -120 0 -1 0 2147483647 2147483647 0 0 2147483647 gsm|lte
12-21 17:41:03.223  2448  2448 E IccCardProxy/1: setExternalState: !override and newstate unchanged from NOT_READY
12-21 17:41:03.223  2448  2448 E IccCardProxy/1: setExternalState: !override and newstate unchanged from NOT_READY
12-21 17:41:03.226  2448  2448 E UiccCardProvisioner: Error: Invalid card index EVENT_ICC_CHANGED 
12-21 17:41:03.232  2448  2448 E QKNetworkModeUpdater: Error: Invalid card index EVENT_ICC_CHANGED 
12-21 17:41:03.242   843   941 E RILQ    : (1/843): RIL[1][main] qcril_qmi_voice_nas_control_convert_radio_tech_to_radio_tech_family: invalid radio tech = 16
12-21 17:41:03.344  2448  2448 E GsmSST_0: [GsmSST] error parsing GprsRegistrationState: java.lang.NumberFormatException: Invalid int: "null"
12-21 17:41:03.344  2448  2448 E GsmSST_0: [GsmSST] RIL implementation has returned an error where it must succeedcom.android.internal.telephony.CommandException: GENERIC_FAILURE
12-21 17:41:03.831   546  1400 E RILQ    : (0/546): RIL[0][oem_socket0] void qcril_qmi_generic_socket_agent::recv_thread_func(): read 4 bytes length message with length 28
12-21 17:41:03.831   546  1400 E RILQ    : (0/546): RIL[0][oem_socket0] qmi_ril_parse_oem_hook_header: Received un-handled/oem command id = 524381
12-21 17:41:03.837  2448  2448 E IccCardProxy/0: setExternalState: set mPhoneId=0 mExternalState=ABSENT
12-21 17:41:03.871  2448  2448 E IccCardProxy/1: setExternalState: set mPhoneId=1 mExternalState=ABSENT
12-21 17:41:03.877  2448  2448 E IccCardProxy/0: setExternalState: !override and newstate unchanged from ABSENT
12-21 17:41:03.877  2448  2448 E IccCardProxy/1: setExternalState: !override and newstate unchanged from ABSENT
12-21 17:41:03.960  2448  2448 E IccCardProxy/0: setExternalState: !override and newstate unchanged from ABSENT
12-21 17:41:03.960  2448  2448 E IccCardProxy/1: setExternalState: !override and newstate unchanged from ABSENT
12-21 17:41:04.343   843   941 E RILQ    : (1/843): RIL[1][main] qcril_qmi_voice_nas_control_convert_radio_tech_to_radio_tech_family: invalid radio tech = 16
12-21 17:41:04.344   546  3245 E RILQ    : (0/546): RIL[0][cmd-112(304)] qcril_qmi_client_send_msg_sync_ex: error 2 / 0 / 1 / 52, context msg hex 4a, service 2 
12-21 17:41:04.344   546  3245 E RILQ    : (0/546): RIL[0][cmd-112(304)] qcril_sms_request_ims_registration_state: Failed to get the response of IMS NW registration state from qmi.
12-21 17:41:04.345   843   941 E RILQ    : (1/843): RIL[1][main] qcril_qmi_voice_nas_control_convert_radio_tech_to_radio_tech_family: invalid radio tech = 16
12-21 17:41:04.345   843   941 E RILQ    : (1/843): RIL[1][main] qcril_qmi_voice_nas_control_convert_radio_tech_to_radio_tech_family: invalid radio tech = 16
12-21 17:41:04.346  2448  2448 E ImsSMSDispatcher/0: IMS State query failed with exp com.android.internal.telephony.CommandException: GENERIC_FAILURE
12-21 17:41:04.351   843   941 E RILQ    : (1/843): RIL[1][main] qcril_qmi_voice_nas_control_convert_radio_tech_to_radio_tech_family: invalid radio tech = 16
12-21 17:41:04.351   843  3254 E RILQ    : (1/843): RIL[1][cmd-112(808)] qcril_qmi_client_send_msg_sync_ex: error 2 / 0 / 1 / 52, context msg hex 4a, service 2 
12-21 17:41:04.351   843  3254 E RILQ    : (1/843): RIL[1][cmd-112(808)] qcril_sms_request_ims_registration_state: Failed to get the response of IMS NW registration state from qmi.
12-21 17:41:04.357  2448  2448 E GsmSST_0: [GsmSST] RIL implementation has returned an error where it must succeedcom.android.internal.telephony.CommandException: GENERIC_FAILURE
12-21 17:41:04.357  2448  2448 E GsmSST_1: [GsmSST] error parsing GprsRegistrationState: java.lang.NumberFormatException: Invalid int: "null"
12-21 17:41:04.357  2448  2448 E GsmSST_1: [GsmSST] RIL implementation has returned an error where it must succeedcom.android.internal.telephony.CommandException: GENERIC_FAILURE
12-21 17:41:04.546  2448  2448 E ImsSMSDispatcher/1: IMS State query failed with exp com.android.internal.telephony.CommandException: GENERIC_FAILURE
12-21 17:41:04.546  2448  2448 E GsmSST_0: [GsmSST] error parsing GprsRegistrationState: java.lang.NumberFormatException: Invalid int: "null"
12-21 17:41:08.259   546   938 E RILQ    : (0/546): RIL[0][event] qcril_qmi_nas_report_restricted_details: .. reporting 2
12-21 17:41:08.265   546   938 E RILQ    : (0/546): RIL[0][event] get_ecc_property_name: ecc list name : ril.ecclist.
12-21 17:41:08.267   546   938 E RILQ    : (0/546): RIL[0][event] get_ecc_property_name: ecc list name : ril.ecclist.
12-21 17:41:08.269  2448  2448 E GsmSST_0: [GsmSST] mLastSignalStrength: SignalStrength: 99 -1 -1 -1 -1 -1 -1 99 2147483647 2147483647 2147483647 2147483647 2147483647 gsm|lte
12-21 17:41:08.269  2448  2448 E GsmSST_0: [GsmSST] mSignalStrength: SignalStrength: 21 0 -120 -160 -120 -1 -1 99 2147483647 2147483647 2147483647 2147483647 2147483647 gsm|lte
12-21 17:41:08.283   546   938 E RILQ    : (0/546): RIL[0][event] get_ecc_property_name: ecc list name : ril.ecclist.
12-21 17:41:08.298  2448  2448 E PHONE   : [ServiceState] setState deprecated use setVoiceRegState()
12-21 17:41:08.307   546   927 E RILQ    : (0/546): RIL[0][main] qcril_qmi_nas_report_restricted_details: .. reporting 2
12-21 17:41:08.311  2448  2448 E GsmSST_0: [GsmSST] error parsing GprsRegistrationState: java.lang.NumberFormatException: Invalid int: "null"
12-21 17:41:26.042   546   938 E RILQ    : (0/546): RIL[0][event] qcril_qmi_imss_request_set_ims_config: radio config error: 1..sending empty response
12-21 17:41:26.071  2448  4730 E PHONE   : [ServiceState] setState deprecated use setVoiceRegState()
12-21 17:41:40.134  2448  2644 E RIL_UiccSmsController: Subscription 2147483644 is inactive.
12-21 17:41:40.134  2448  2644 E RIL_UiccSmsController: iccSmsIntMgr is null for  subId: 2147483644
12-21 17:41:40.136  2448  2645 E RIL_UiccSmsController: Subscription 2147483643 is inactive.
12-21 17:41:40.136  2448  2645 E RIL_UiccSmsController: iccSmsIntMgr is null for  subId: 2147483643
12-21 17:41:42.894   546  1400 E RILQ    : (0/546): RIL[0][oem_socket0] void qcril_qmi_generic_socket_agent::recv_thread_func(): read 4 bytes length message with length 36
12-21 17:41:42.894   546  1400 E RILQ    : (0/546): RIL[0][oem_socket0] qmi_ril_parse_oem_hook_header: Received un-handled/oem command id = 524310
12-21 17:41:42.894   546  1400 E RILQ    : (0/546): RIL[0][oem_socket0] qcril_qmi_pdc_query_modem_test_mode: no ownership
12-21 17:41:46.254  2448  2448 E CAT     : StkAppService: onStart get CatService instance dynamic
12-21 17:46:48.638   843   946 E RILQ    : (1/843): RIL[1][event] get_ecc_property_name: ecc list name : ril.ecclist1.
12-21 17:46:48.640   843   946 E RILQ    : (1/843): RIL[1][event] qcril_qmi_voice_nas_control_convert_radio_tech_to_radio_tech_family: invalid radio tech = 16
12-21 17:46:48.640   843   946 E RILQ    : (1/843): RIL[1][event] qcril_qmi_voice_nas_control_convert_radio_tech_to_radio_tech_family: invalid radio tech = 16
12-21 17:46:48.640   843   946 E RILQ    : (1/843): RIL[1][event] get_ecc_property_name: ecc list name : ril.ecclist1.
12-21 17:46:48.641   843   946 E RILQ    : (1/843): RIL[1][event] get_ecc_property_name: ecc list name : ril.ecclist1.
12-21 17:46:48.641   546   938 E RILQ    : (0/546): RIL[0][event] get_ecc_property_name: ecc list name : ril.ecclist.
12-21 17:46:48.643   843   946 E RILQ    : (1/843): RIL[1][event] get_ecc_property_name: ecc list name : ril.ecclist1.
12-21 17:46:48.643   843   946 E RILQ    : (1/843): RIL[1][event] get_ecc_property_name: ecc list name : ril.ecclist1.
12-21 17:46:48.645   546   938 E RILQ    : (0/546): RIL[0][event] get_ecc_property_name: ecc list name : ril.ecclist.
12-21 17:46:48.646   546   938 E RILQ    : (0/546): RIL[0][event] get_ecc_property_name: ecc list name : ril.ecclist.
12-21 18:27:26.947   843   946 E RILQ    : (1/843): RIL[1][event] get_ecc_property_name: ecc list name : ril.ecclist1.
12-21 18:27:26.949   843   946 E RILQ    : (1/843): RIL[1][event] qcril_qmi_voice_nas_control_convert_radio_tech_to_radio_tech_family: invalid radio tech = 16
12-21 18:27:26.949   843   946 E RILQ    : (1/843): RIL[1][event] qcril_qmi_voice_nas_control_convert_radio_tech_to_radio_tech_family: invalid radio tech = 16
12-21 18:27:26.949   843   946 E RILQ    : (1/843): RIL[1][event] get_ecc_property_name: ecc list name : ril.ecclist1.
12-21 18:27:26.949   843   946 E RILQ    : (1/843): RIL[1][event] get_ecc_property_name: ecc list name : ril.ecclist1.
12-21 18:27:26.950   843   946 E RILQ    : (1/843): RIL[1][event] get_ecc_property_name: ecc list name : ril.ecclist1.
12-21 18:27:26.951   843   946 E RILQ    : (1/843): RIL[1][event] get_ecc_property_name: ecc list name : ril.ecclist1.
12-21 18:27:26.961   546   938 E RILQ    : (0/546): RIL[0][event] get_ecc_property_name: ecc list name : ril.ecclist.
12-21 18:27:26.963   546   938 E RILQ    : (0/546): RIL[0][event] get_ecc_property_name: ecc list name : ril.ecclist.
12-21 18:27:26.964   546   938 E RILQ    : (0/546): RIL[0][event] get_ecc_property_name: ecc list name : ril.ecclist.
12-21 19:17:29.214   843   946 E RILQ    : (1/843): RIL[1][event] get_ecc_property_name: ecc list name : ril.ecclist1.
12-21 19:17:29.216   843   946 E RILQ    : (1/843): RIL[1][event] qcril_qmi_voice_nas_control_convert_radio_tech_to_radio_tech_family: invalid radio tech = 16
12-21 19:17:29.216   843   946 E RILQ    : (1/843): RIL[1][event] qcril_qmi_voice_nas_control_convert_radio_tech_to_radio_tech_family: invalid radio tech = 16
12-21 19:17:29.217   843   946 E RILQ    : (1/843): RIL[1][event] get_ecc_property_name: ecc list name : ril.ecclist1.
12-21 19:17:29.218   843   946 E RILQ    : (1/843): RIL[1][event] get_ecc_property_name: ecc list name : ril.ecclist1.
12-21 19:17:29.218   546   938 E RILQ    : (0/546): RIL[0][event] get_ecc_property_name: ecc list name : ril.ecclist.
12-21 19:17:29.220   843   946 E RILQ    : (1/843): RIL[1][event] get_ecc_property_name: ecc list name : ril.ecclist1.
12-21 19:17:29.221   843   946 E RILQ    : (1/843): RIL[1][event] get_ecc_property_name: ecc list name : ril.ecclist1.
12-21 19:17:29.222   546   938 E RILQ    : (0/546): RIL[0][event] get_ecc_property_name: ecc list name : ril.ecclist.
12-21 19:17:29.223   546   938 E RILQ    : (0/546): RIL[0][event] get_ecc_property_name: ecc list name : ril.ecclist.
12-21 19:20:10.747   843   946 E RILQ    : (1/843): RIL[1][event] qcril_uim_update_pbm_card_event: PBM_HANDLE_CARD 397315 processing Failed!
12-21 19:20:10.777   546   938 E RILQ    : (0/546): RIL[0][event] qcril_uim_update_pbm_card_event: PBM_HANDLE_CARD 397315 processing Failed!
12-21 19:20:10.897  2448  2448 E IccCardProxy/0: setExternalState: !override and newstate unchanged from ABSENT
12-21 19:20:10.898  2448  2448 E IccCardProxy/1: setExternalState: !override and newstate unchanged from ABSENT
12-21 19:20:10.898  2448  2448 E IccCardProxy/0: setExternalState: !override and newstate unchanged from ABSENT
12-21 19:20:10.899  2448  2448 E IccCardProxy/1: setExternalState: !override and newstate unchanged from ABSENT
12-21 19:21:06.981   843   946 E RILQ    : (1/843): RIL[1][event] get_ecc_property_name: ecc list name : ril.ecclist1.
12-21 19:21:06.984   843   946 E RILQ    : (1/843): RIL[1][event] qcril_qmi_voice_nas_control_convert_radio_tech_to_radio_tech_family: invalid radio tech = 16
12-21 19:21:06.984   843   946 E RILQ    : (1/843): RIL[1][event] qcril_qmi_voice_nas_control_convert_radio_tech_to_radio_tech_family: invalid radio tech = 16
12-21 19:21:06.984   546   938 E RILQ    : (0/546): RIL[0][event] get_ecc_property_name: ecc list name : ril.ecclist.
12-21 19:21:06.986   843   946 E RILQ    : (1/843): RIL[1][event] get_ecc_property_name: ecc list name : ril.ecclist1.
12-21 19:21:06.987   546   938 E RILQ    : (0/546): RIL[0][event] get_ecc_property_name: ecc list name : ril.ecclist.
12-21 19:21:06.987   843   946 E RILQ    : (1/843): RIL[1][event] get_ecc_property_name: ecc list name : ril.ecclist1.
12-21 19:21:06.988   843   946 E RILQ    : (1/843): RIL[1][event] get_ecc_property_name: ecc list name : ril.ecclist1.
12-21 19:21:06.988   546   938 E RILQ    : (0/546): RIL[0][event] get_ecc_property_name: ecc list name : ril.ecclist.
12-21 19:21:06.989   843   946 E RILQ    : (1/843): RIL[1][event] get_ecc_property_name: ecc list name : ril.ecclist1.
12-21 19:21:07.279   843   946 E RILQ    : (1/843): RIL[1][event] qcril_uim_update_pbm_card_event: PBM_HANDLE_CARD 397313 processing Failed!
12-21 19:21:07.279   546   938 E RILQ    : (0/546): RIL[0][event] qcril_uim_update_pbm_card_event: PBM_HANDLE_CARD 397313 processing Failed!
12-21 19:21:07.279   843   946 E RILQ    : (1/843): RIL[1][event] qcril_uim_update_pbm_card_event: PBM_HANDLE_CARD 397315 processing Failed!
12-21 19:21:07.280   546   938 E RILQ    : (0/546): RIL[0][event] qcril_uim_update_pbm_card_event: PBM_HANDLE_CARD 397315 processing Failed!
12-21 19:21:07.283  2448  2448 E IccCardProxy/0: setExternalState: !override and newstate unchanged from ABSENT
12-21 19:21:07.283  2448  2448 E IccCardProxy/1: setExternalState: !override and newstate unchanged from ABSENT
12-21 19:21:07.331   546   938 E RILQ    : (0/546): RIL[0][event] get_ecc_property_name: ecc list name : ril.ecclist.
12-21 19:21:07.337   546   938 E RILQ    : (0/546): RIL[0][event] get_ecc_property_name: ecc list name : ril.ecclist.
12-21 19:21:07.340  2448  2448 E IccCardProxy/0: setExternalState: set mPhoneId=0 mExternalState=NOT_READY
12-21 19:21:07.344   546   938 E RILQ    : (0/546): RIL[0][event] qcril_gstk_qmi_get_recovery_proactive_cache: Error GET_CACHED_PROACTIVE_CMD_REQ, qmi_err_code: 0x0, result: 0x1, error: 0x4a
12-21 19:21:07.345   546   938 E RILQ    : (0/546): RIL[0][event] qcril_gstk_qmi_get_recovery_proactive_cache: Error GET_CACHED_PROACTIVE_CMD_REQ, qmi_err_code: 0x0, result: 0x1, error: 0x4a
12-21 19:21:07.346  2448  2448 E IccCardProxy/0: setExternalState: !override and newstate unchanged from NOT_READY
12-21 19:21:07.347  2448  2448 E IccCardProxy/1: setExternalState: !override and newstate unchanged from ABSENT
12-21 19:21:07.348   546  1400 E RILQ    : (0/546): RIL[0][oem_socket0] void qcril_qmi_generic_socket_agent::recv_thread_func(): read 4 bytes length message with length 28
12-21 19:21:07.348   546  1400 E RILQ    : (0/546): RIL[0][oem_socket0] qmi_ril_parse_oem_hook_header: Received un-handled/oem command id = 524378
12-21 19:21:07.350   546  1400 E RILQ    : (0/546): RIL[0][oem_socket0] void qcril_qmi_generic_socket_agent::recv_thread_func(): read 4 bytes length message with length 32
12-21 19:21:07.350   546  1400 E RILQ    : (0/546): RIL[0][oem_socket0] qmi_ril_parse_oem_hook_header: Received un-handled/oem command id = 524380
12-21 19:21:07.600  2448  2448 E PhoneBase: Error! registerForCallWaiting() in PhoneBase should not be called, CDMAPhone inactive.
12-21 19:21:07.624  2448  2448 E PHONE   : [ServiceState] setState deprecated use setVoiceRegState()
12-21 19:21:07.625  2448  2448 E GsmSST_0: [GsmSST] error parsing GprsRegistrationState: java.lang.NumberFormatException: Invalid int: "null"
12-21 19:21:07.909   546   938 E RILQ    : (0/546): RIL[0][event] get_ecc_property_name: ecc list name : ril.ecclist.
12-21 19:21:07.909   843   946 E RILQ    : (1/843): RIL[1][event] get_ecc_property_name: ecc list name : ril.ecclist1.
12-21 19:21:07.910   843   946 E RILQ    : (1/843): RIL[1][event] get_ecc_property_name: ecc list name : ril.ecclist1.
12-21 19:21:07.911   546   938 E RILQ    : (0/546): RIL[0][event] get_ecc_property_name: ecc list name : ril.ecclist.
12-21 19:21:07.912   546   938 E RILQ    : (0/546): RIL[0][event] get_ecc_property_name: ecc list name : ril.ecclist.
12-21 19:21:08.051  2448  2448 E CAT     : StkAppService: onStart get CatService instance dynamic
12-21 19:21:08.064  2448  2448 E IccCardProxy/1: setExternalState: !override and newstate unchanged from ABSENT
12-21 19:21:08.065   546  1400 E RILQ    : (0/546): RIL[0][oem_socket0] void qcril_qmi_generic_socket_agent::recv_thread_func(): read 4 bytes length message with length 28
12-21 19:21:08.065   546  1400 E RILQ    : (0/546): RIL[0][oem_socket0] qmi_ril_parse_oem_hook_header: Received un-handled/oem command id = 524378
12-21 19:21:08.068   546  1400 E RILQ    : (0/546): RIL[0][oem_socket0] void qcril_qmi_generic_socket_agent::recv_thread_func(): read 4 bytes length message with length 32
12-21 19:21:08.068   546  1400 E RILQ    : (0/546): RIL[0][oem_socket0] qmi_ril_parse_oem_hook_header: Received un-handled/oem command id = 524380
12-21 19:21:08.084  2448  2448 E PHONE   : [ServiceState] setState deprecated use setVoiceRegState()
12-21 19:21:08.087  2448  2448 E GsmSST_0: [GsmSST] error parsing GprsRegistrationState: java.lang.NumberFormatException: Invalid int: "null"
12-21 19:21:08.157  2448  2448 E IsimUiccRecords: [ISIM] IsimUiccRecords: handleMessage { when=-1ms what=1 obj=android.os.AsyncResult@ea9fd66 target=com.android.internal.telephony.uicc.IsimUiccRecords }[1] 
12-21 19:21:08.162  2448  2448 E IccCardProxy/1: setExternalState: !override and newstate unchanged from ABSENT
12-21 19:21:08.163   546   927 E RILQ    : (0/546): RIL[0][main] qcril_uim_extract_session_type: Error extracting appropriate session !!
12-21 19:21:08.165  2448  2448 E IccCardProxy/1: setExternalState: !override and newstate unchanged from ABSENT
12-21 19:21:08.385  2448 32023 E QtiSubscriptionController:  Invalid slotId -1 or subId = 5
12-21 19:21:08.398  2448 32023 E QtiSubscriptionController:  Invalid slotId -1 or subId = 5
12-21 19:21:08.400   546  1400 E RILQ    : (0/546): RIL[0][oem_socket0] void qcril_qmi_generic_socket_agent::recv_thread_func(): read 4 bytes length message with length 32
12-21 19:21:08.400   546  1400 E RILQ    : (0/546): RIL[0][oem_socket0] qmi_ril_parse_oem_hook_header: Received un-handled/oem command id = 524327
12-21 19:21:08.404  2448 32023 E QtiSubscriptionController:  Invalid slotId 0 or subId = 2147483643
12-21 19:21:08.407   843  1398 E RILQ    : (1/843): RIL[1][oem_socket1] void qcril_qmi_generic_socket_agent::recv_thread_func(): read 4 bytes length message with length 32
12-21 19:21:08.408   843  1398 E RILQ    : (1/843): RIL[1][oem_socket1] qmi_ril_parse_oem_hook_header: Received un-handled/oem command id = 524327
12-21 19:21:08.425   546 32069 E RILQ    : (0/546): RIL[0][cmd-112(704)] qcril_qmi_client_send_msg_sync_ex: error 2 / 0 / 1 / 52, context msg hex 4a, service 2 
12-21 19:21:08.425   546 32069 E RILQ    : (0/546): RIL[0][cmd-112(704)] qcril_sms_request_ims_registration_state: Failed to get the response of IMS NW registration state from qmi.
12-21 19:21:08.428   546  1400 E RILQ    : (0/546): RIL[0][oem_socket0] void qcril_qmi_generic_socket_agent::recv_thread_func(): read 4 bytes length message with length 32
12-21 19:21:08.428   546  1400 E RILQ    : (0/546): RIL[0][oem_socket0] qmi_ril_parse_oem_hook_header: Received un-handled/oem command id = 524327
12-21 19:21:08.431   843  1398 E RILQ    : (1/843): RIL[1][oem_socket1] void qcril_qmi_generic_socket_agent::recv_thread_func(): read 4 bytes length message with length 32
12-21 19:21:08.431   843  1398 E RILQ    : (1/843): RIL[1][oem_socket1] qmi_ril_parse_oem_hook_header: Received un-handled/oem command id = 524327
12-21 19:21:08.435   546  1400 E RILQ    : (0/546): RIL[0][oem_socket0] void qcril_qmi_generic_socket_agent::recv_thread_func(): read 4 bytes length message with length 28
12-21 19:21:08.435   546  1400 E RILQ    : (0/546): RIL[0][oem_socket0] qmi_ril_parse_oem_hook_header: Received un-handled/oem command id = 524378
12-21 19:21:08.438   546  1400 E RILQ    : (0/546): RIL[0][oem_socket0] void qcril_qmi_generic_socket_agent::recv_thread_func(): read 4 bytes length message with length 32
12-21 19:21:08.438   546  1400 E RILQ    : (0/546): RIL[0][oem_socket0] qmi_ril_parse_oem_hook_header: Received un-handled/oem command id = 524380
12-21 19:21:08.445  2448 32023 E QtiSubscriptionController: isSubProvisioned, state = true subId = 6
12-21 19:21:08.451   843   946 E RILQ    : (1/843): RIL[1][event] get_ecc_property_name: ecc list name : ril.ecclist1.
12-21 19:21:08.451   546   938 E RILQ    : (0/546): RIL[0][event] get_ecc_property_name: ecc list name : ril.ecclist.
12-21 19:21:08.451   843   946 E RILQ    : (1/843): RIL[1][event] get_ecc_property_name: ecc list name : ril.ecclist1.
12-21 19:21:08.453   546   938 E RILQ    : (0/546): RIL[0][event] get_ecc_property_name: ecc list name : ril.ecclist.
12-21 19:21:08.454   546   938 E RILQ    : (0/546): RIL[0][event] get_ecc_property_name: ecc list name : ril.ecclist.
12-21 19:21:08.472  2448  2448 E QtiSubscriptionController: isSubProvisioned, state = true subId = 6
12-21 19:21:08.472  2448  2448 E QtiSubscriptionController: isSubProvisioned, state = true subId = 6
12-21 19:21:08.473  2448  2448 E QtiSubscriptionController: isSubProvisioned, state = true subId = 6
12-21 19:21:08.495  2448  2448 E QtiSubscriptionController: isSubProvisioned, state = true subId = 6
12-21 19:21:08.500  2448  2448 E ImsSMSDispatcher/0: IMS State query failed with exp com.android.internal.telephony.CommandException: GENERIC_FAILURE
12-21 19:21:08.501  2448  2448 E IccCardProxy/1: setExternalState: !override and newstate unchanged from ABSENT
12-21 19:21:08.555  2448  2448 E IccCardProxy/1: setExternalState: !override and newstate unchanged from ABSENT
12-21 19:21:08.563  2448  2448 E GsmSST_0: [GsmSST] error parsing GprsRegistrationState: java.lang.NumberFormatException: Invalid int: "null"
12-21 19:21:08.565  2448  2448 E PHONE   : [ServiceState] setState deprecated use setVoiceRegState()
12-21 19:21:09.003   546   938 E RILQ    : (0/546): RIL[0][event] qcril_qmi_nas_report_restricted_details: .. reporting 0
12-21 19:21:09.012   546   938 E RILQ    : (0/546): RIL[0][event] get_ecc_property_name: ecc list name : ril.ecclist.
12-21 19:21:09.018   546   938 E RILQ    : (0/546): RIL[0][event] get_ecc_property_name: ecc list name : ril.ecclist.
12-21 19:21:09.019  2448  2448 E PHONE   : [ServiceState] setState deprecated use setVoiceRegState()
12-21 19:21:09.022  2448  2448 E GsmSST_0: [GsmSST] error parsing GprsRegistrationState: java.lang.NumberFormatException: Invalid int: "null"
12-21 19:21:09.024   546   938 E RILQ    : (0/546): RIL[0][event] get_ecc_property_name: ecc list name : ril.ecclist.
12-21 19:21:09.024   546   927 E RILQ    : (0/546): RIL[0][main] qcril_qmi_nas_report_restricted_details: .. reporting 0
12-21 19:21:09.025   546   938 E RILQ    : (0/546): RIL[0][event] get_ecc_property_name: ecc list name : ril.ecclist.
12-21 19:21:09.032   546   938 E RILQ    : (0/546): RIL[0][event] qcril_qmi_nas_report_restricted_details: .. reporting 2
12-21 19:21:09.041  2448  2448 E PHONE   : [ServiceState] setState deprecated use setVoiceRegState()
12-21 19:21:09.042   546   938 E RILQ    : (0/546): RIL[0][event] get_ecc_property_name: ecc list name : ril.ecclist.
12-21 19:21:09.046   546   927 E RILQ    : (0/546): RIL[0][main] qcril_qmi_nas_report_restricted_details: .. reporting 2
12-21 19:21:09.048   546   938 E RILQ    : (0/546): RIL[0][event] get_ecc_property_name: ecc list name : ril.ecclist.
12-21 19:21:09.048  2448  2448 E GsmSST_0: [GsmSST] error parsing GprsRegistrationState: java.lang.NumberFormatException: Invalid int: "null"
12-21 19:21:09.052   546   938 E RILQ    : (0/546): RIL[0][event] get_ecc_property_name: ecc list name : ril.ecclist.
12-21 19:21:09.053   546   938 E RILQ    : (0/546): RIL[0][event] get_ecc_property_name: ecc list name : ril.ecclist.
12-21 19:21:09.057  2448  2448 E GsmSST_0: [GsmSST] error parsing GprsRegistrationState: java.lang.NumberFormatException: Invalid int: "null"
12-21 19:21:09.059  2448  2448 E PHONE   : [ServiceState] setState deprecated use setVoiceRegState()
12-21 19:21:09.100  2448 32056 E QtiSubscriptionController: isSubProvisioned, state = true subId = 6
12-21 19:21:09.100  2448 32056 E QtiSubscriptionController: isSubProvisioned, state = true subId = 6
12-21 19:21:09.100  2448 32056 E QtiSubscriptionController: isSubProvisioned, state = true subId = 6
12-21 19:21:09.122  2448 32056 E QtiSubscriptionController: isSubProvisioned, state = true subId = 6
12-21 19:21:09.999   546   938 E RILQ    : (0/546): RIL[0][event] qcril_uim_update_pbm_card_event: PBM_HANDLE_CARD 397314 processing Failed!
12-21 19:21:10.030   546   938 E RILQ    : (0/546): RIL[0][event] get_ecc_property_name: ecc list name : ril.ecclist.
12-21 19:21:10.049  2448  2448 E IccCardProxy/1: setExternalState: !override and newstate unchanged from ABSENT
12-21 19:21:10.061  2448  2448 E GsmSST_0: [GsmSST] error parsing GprsRegistrationState: java.lang.NumberFormatException: Invalid int: "null"
12-21 19:21:10.062  2448  2448 E PHONE   : [ServiceState] setState deprecated use setVoiceRegState()
12-21 19:21:10.072  2448  2448 E IccCardProxy/1: setExternalState: !override and newstate unchanged from ABSENT
12-21 19:21:10.514  2448  2448 E IccCardProxy/1: setExternalState: !override and newstate unchanged from ABSENT
12-21 19:21:10.537  2448  2448 E IccCardProxy/0: setExternalState: set mPhoneId=0 mExternalState=UNKNOWN
12-21 19:21:10.548  2448  2448 E IccCardProxy/0: setExternalState: !override and newstate unchanged from UNKNOWN
12-21 19:21:10.550  2448  2448 E IccCardProxy/1: setExternalState: !override and newstate unchanged from ABSENT
12-21 19:21:12.364  2448  2448 E CAT     : StkAppService: onStart get CatService instance dynamic
12-21 19:21:12.797   546   938 E RILQ    : (0/546): RIL[0][event] qcril_gstk_qmi_copy_and_save_proactive_cmd: Invalid ril_unsol_resp parameters, cannot save
12-21 19:21:12.852  2448  2448 E CAT     : StkAppService: onStart get CatService instance dynamic
12-21 19:21:13.281   546   938 E RILQ    : (0/546): RIL[0][event] qcril_uim_update_pbm_card_event: PBM_HANDLE_CARD 397314 processing Failed!
12-21 19:21:13.298  2448  2448 E IccCardProxy/0: setExternalState: set mPhoneId=0 mExternalState=READY
12-21 19:21:13.318  2448  2448 E IccCardProxy/0: setExternalState: !override and newstate unchanged from READY
12-21 19:21:13.318  2448  2448 E IccCardProxy/0: setExternalState: !override and newstate unchanged from READY
12-21 19:21:13.319  2448  2448 E IccCardProxy/1: setExternalState: !override and newstate unchanged from ABSENT
12-21 19:21:14.045  2448  2448 E GsmSST_0: [GsmSST] error parsing GprsRegistrationState: java.lang.NumberFormatException: Invalid int: "null"
12-21 19:21:14.050  2448  2448 E PHONE   : [ServiceState] setState deprecated use setVoiceRegState()
12-21 19:21:14.265   546   938 E RILQ    : (0/546): RIL[0][event] get_ecc_property_name: ecc list name : ril.ecclist.
12-21 19:21:15.455  2448  2448 E SIMRecords/0: [SIMRecords] Exception in fetching EF_CSP data com.android.internal.telephony.CommandException: GENERIC_FAILURE
12-21 19:21:15.457  2448  2448 E SIMRecords/0: [SIMRecords] Exception in get GID1 com.android.internal.telephony.CommandException: GENERIC_FAILURE
12-21 19:21:15.511  2448  2448 E SIMRecords/0: [SIMRecords] Exception in get GID2 com.android.internal.telephony.CommandException: GENERIC_FAILURE
12-21 19:21:16.022  2448  2448 E IsimUiccRecords: [ISIM] IsimUiccRecords: handleMessage { when=0 what=100 obj=android.os.AsyncResult@ed0066f target=com.android.internal.telephony.uicc.IsimUiccRecords }[100] 
12-21 19:21:16.364  2448  2448 E IsimUiccRecords: [ISIM] IsimUiccRecords: handleMessage { when=0 what=100 obj=android.os.AsyncResult@962bf7c target=com.android.internal.telephony.uicc.IsimUiccRecords }[100] 
12-21 19:21:16.438   546  1070 E RILQ    : (0/546): RIL[0][MBN_OTA] qcril_uim_qmi_conv_open_logical_channel_resp: response error: 0x50
12-21 19:21:16.621  2448  2448 E IsimUiccRecords: [ISIM] IsimUiccRecords: handleMessage { when=0 what=100 obj=android.os.AsyncResult@b4b8005 target=com.android.internal.telephony.uicc.IsimUiccRecords }[100] 
12-21 19:21:16.700  2448  2448 E IsimUiccRecords: [ISIM] IsimUiccRecords: handleMessage { when=0 what=100 obj=android.os.AsyncResult@905385a target=com.android.internal.telephony.uicc.IsimUiccRecords }[100] 
12-21 19:21:16.700  2448  2448 E IsimUiccRecords: [ISIM] can't find TLV tag in ISIM record, returning null
12-21 19:21:17.165   546   927 E RILQ    : (0/546): RIL[0][main] qcril_qmi_sms_set_primary_client: Successfully set QCRIL as the primary client
12-21 19:21:18.484   546   938 E RILQ    : (0/546): RIL[0][event] qcril_qmi_nas_report_restricted_details: .. reporting 0
12-21 19:21:18.496  2448  2448 E GsmSST_0: [GsmSST] error parsing GprsRegistrationState: java.lang.NumberFormatException: Invalid int: "null"
12-21 19:21:18.503  2448  2448 E PHONE   : [ServiceState] setState deprecated use setVoiceRegState()
12-21 19:21:18.505   546   938 E RILQ    : (0/546): RIL[0][event] get_ecc_property_name: ecc list name : ril.ecclist.
12-21 19:21:18.505   546   927 E RILQ    : (0/546): RIL[0][main] qcril_qmi_nas_report_restricted_details: .. reporting 0
12-21 19:21:18.506   546   938 E RILQ    : (0/546): RIL[0][event] get_ecc_property_name: ecc list name : ril.ecclist.
12-21 19:21:18.509   546   938 E RILQ    : (0/546): RIL[0][event] get_ecc_property_name: ecc list name : ril.ecclist.
12-21 19:21:18.511   546   938 E RILQ    : (0/546): RIL[0][event] get_ecc_property_name: ecc list name : ril.ecclist.
12-21 19:21:19.203  2448  2448 E GsmSST_0: [GsmSST] error parsing GprsRegistrationState: java.lang.NumberFormatException: Invalid int: "null"
12-21 19:21:19.208  2448  2448 E GsmSST_0: [GsmSST] mLastSignalStrength: SignalStrength: 21 0 -120 -160 -120 -1 -1 99 2147483647 2147483647 2147483647 2147483647 2147483647 gsm|lte
12-21 19:21:19.208  2448  2448 E GsmSST_0: [GsmSST] mSignalStrength: SignalStrength: 99 0 -120 -160 -120 -1 -1 99 2147483647 2147483647 2147483647 2147483647 2147483647 gsm|lte
12-21 19:21:19.218  2448  2448 E PHONE   : [ServiceState] setState deprecated use setVoiceRegState()
12-21 19:21:19.231  2448  2448 E PHONE   : [ServiceState] setState deprecated use setVoiceRegState()
12-21 19:21:19.234  2448  2448 E GsmSST_0: [GsmSST] error parsing GprsRegistrationState: java.lang.NumberFormatException: Invalid int: "null"
12-21 19:21:19.688   546   938 E RILQ    : (0/546): RIL[0][event] qcril_qmi_imss_request_set_ims_config: radio config error: 1..sending empty response
12-21 19:21:20.226   843   946 E RILQ    : (1/843): RIL[1][event] get_ecc_property_name: ecc list name : ril.ecclist1.
12-21 19:21:20.227   843   946 E RILQ    : (1/843): RIL[1][event] qcril_qmi_voice_nas_control_convert_radio_tech_to_radio_tech_family: invalid radio tech = 16
12-21 19:21:20.227   843   946 E RILQ    : (1/843): RIL[1][event] qcril_qmi_voice_nas_control_convert_radio_tech_to_radio_tech_family: invalid radio tech = 16
12-21 19:21:20.228   843   946 E RILQ    : (1/843): RIL[1][event] get_ecc_property_name: ecc list name : ril.ecclist1.
12-21 19:21:20.229   843   946 E RILQ    : (1/843): RIL[1][event] get_ecc_property_name: ecc list name : ril.ecclist1.
12-21 19:21:20.232   843   946 E RILQ    : (1/843): RIL[1][event] get_ecc_property_name: ecc list name : ril.ecclist1.
12-21 19:21:20.232   546   938 E RILQ    : (0/546): RIL[0][event] get_ecc_property_name: ecc list name : ril.ecclist.
12-21 19:21:20.232   843   946 E RILQ    : (1/843): RIL[1][event] get_ecc_property_name: ecc list name : ril.ecclist1.
12-21 19:21:20.233   546   938 E RILQ    : (0/546): RIL[0][event] get_ecc_property_name: ecc list name : ril.ecclist.
12-21 19:21:20.240   546   938 E RILQ    : (0/546): RIL[0][event] get_ecc_property_name: ecc list name : ril.ecclist.
12-21 19:21:20.248  2448  2448 E PHONE   : [ServiceState] setState deprecated use setVoiceRegState()
12-21 19:21:20.253  2448  2448 E GsmSST_0: [GsmSST] error parsing GprsRegistrationState: java.lang.NumberFormatException: Invalid int: "null"
12-21 19:21:20.254   546   938 E RILQ    : (0/546): RIL[0][event] get_ecc_property_name: ecc list name : ril.ecclist.
12-21 19:21:20.256   546   938 E RILQ    : (0/546): RIL[0][event] get_ecc_property_name: ecc list name : ril.ecclist.
12-21 19:21:20.772  2448  2448 E GsmSST_0: [GsmSST] error parsing GprsRegistrationState: java.lang.NumberFormatException: Invalid int: "null"
12-21 19:21:20.783  2448  2448 E PHONE   : [ServiceState] setState deprecated use setVoiceRegState()
12-21 19:21:20.801  2448  2448 E PHONE   : [ServiceState] setState deprecated use setVoiceRegState()
12-21 19:21:20.818  2448  2448 E GsmSST_0: [GsmSST] error parsing GprsRegistrationState: java.lang.NumberFormatException: Invalid int: "null"
12-21 19:21:20.824  2448  2448 E GsmSST_0: [GsmSST] pollStateDone: countryCodeForMcc errorjava.lang.StringIndexOutOfBoundsException: length=0; regionStart=0; regionLength=3
12-21 19:21:20.857  2448  2448 E PHONE   : [ServiceState] setState deprecated use setVoiceRegState()
12-21 19:21:20.907  2448  2448 E GsmSST_0: [GsmSST] mLastSignalStrength: SignalStrength: 99 0 -120 -160 -120 -1 -1 99 2147483647 2147483647 2147483647 2147483647 2147483647 gsm|lte
12-21 19:21:20.907  2448  2448 E GsmSST_0: [GsmSST] mSignalStrength: SignalStrength: 99 0 -120 -160 -120 -1 -1 20 -113 -17 -56 2147483647 2147483647 gsm|lte
12-21 19:21:20.936   546   938 E RILQ    : (0/546): RIL[0][event] get_ecc_property_name: ecc list name : ril.ecclist.
12-21 19:21:20.938   546   938 E RILQ    : (0/546): RIL[0][event] get_ecc_property_name: ecc list name : ril.ecclist.
12-21 19:21:20.967  2448  2448 E PHONE   : ServiceState.getRadioTechnology() DEPRECATED will be removed *******
12-21 19:21:21.080  2448  2448 E PHONE   : [ServiceState] setState deprecated use setVoiceRegState()
12-21 19:21:21.101  2448  2448 E GsmSST_0: [GsmSST] mLastSignalStrength: SignalStrength: 99 0 -120 -160 -120 -1 -1 20 -113 -17 -56 2147483647 2147483647 gsm|lte
12-21 19:21:21.102  2448  2448 E GsmSST_0: [GsmSST] mSignalStrength: SignalStrength: 99 0 -120 -160 -120 -1 -1 20 -109 -14 -68 2147483647 2147483647 gsm|lte
12-21 19:21:21.156  2448  2448 E IsimUiccRecords: [ISIM] IsimUiccRecords: handleMessage { when=0 what=100 obj=android.os.AsyncResult@a0339c5 target=com.android.internal.telephony.uicc.IsimUiccRecords }[100] 
12-21 19:21:21.281  2448  2448 E CdmaSST_0: [CdmaLteSST] mLastSignalStrength: SignalStrength: 99 -1 -1 -1 -1 -1 -1 99 2147483647 2147483647 2147483647 2147483647 2147483647 gsm|lte
12-21 19:21:21.281  2448  2448 E CdmaSST_0: [CdmaLteSST] mSignalStrength: SignalStrength: 99 0 -84 -135 -120 -1 -1 20 -109 -14 -68 2147483647 2147483647 cdma
12-21 19:21:21.368  2448  2448 E GsmSST_0: Received message { when=-153ms what=2 obj=android.os.AsyncResult@2565122 target=com.qti.internal.telephony.gsm.QtiGsmServiceStateTracker }[2] while being destroyed. Ignoring.
12-21 19:21:21.483  2448  2448 E GsmSST_0: Received message { when=-260ms what=2 obj=android.os.AsyncResult@cde949c target=com.qti.internal.telephony.gsm.QtiGsmServiceStateTracker }[2] while being destroyed. Ignoring.
12-21 19:21:21.485  2448  2448 E DCT     : [0]handleMessage: Ignore GSM msgs since GSM phone is inactive
12-21 19:21:21.485  2448  2448 E GSMPhone: Received message { when=-250ms what=37 obj=android.os.AsyncResult@8b4fea5 target=com.qti.internal.telephony.gsm.QtiGSMPhone }[37] while being destroyed. Ignoring.
12-21 19:21:21.485  2448  2448 E IccCardProxy/0: setExternalState: !override and newstate unchanged from READY
12-21 19:21:21.500  2448  2448 E PhoneBase: Error! unregisterForCallWaiting() in PhoneBase should not be called, CDMAPhone inactive.
12-21 19:21:21.604  2448  2448 E PHONE   : [ServiceState] setState deprecated use setVoiceRegState()
12-21 19:21:21.610  2448  2448 E CdmaSST_0: [CdmaLteSST] handlePollStateResultMessage: bad tac states[6]=null e=java.lang.NullPointerException: Attempt to invoke virtual method 'int java.lang.String.length()' on a null object reference
12-21 19:21:21.610  2448  2448 E CdmaSST_0: [CdmaLteSST] handlePollStateResultMessage: bad pci states[7]=null e=java.lang.NullPointerException: Attempt to invoke virtual method 'int java.lang.String.length()' on a null object reference
12-21 19:21:21.610  2448  2448 E CdmaSST_0: [CdmaLteSST] handlePollStateResultMessage: bad eci states[8]=null e=java.lang.NullPointerException: Attempt to invoke virtual method 'int java.lang.String.length()' on a null object reference
12-21 19:21:21.776  2448  2448 E PHONE   : [ServiceState] setState deprecated use setVoiceRegState()
12-21 19:21:21.814  2448  2448 E CdmaSST_0: [CdmaLteSST] mLastSignalStrength: SignalStrength: 99 0 -84 -135 -120 -1 -1 20 -109 -14 -68 2147483647 2147483647 cdma
12-21 19:21:21.814  2448  2448 E CdmaSST_0: [CdmaLteSST] mSignalStrength: SignalStrength: 99 0 -125 -25 -120 -1 -1 99 2147483647 2147483647 2147483647 2147483647 2147483647 cdma
12-21 19:21:21.851  2448  2448 E CdmaSST_0: [CdmaLteSST] mLastSignalStrength: SignalStrength: 99 0 -125 -25 -120 -1 -1 99 2147483647 2147483647 2147483647 2147483647 2147483647 cdma
12-21 19:21:21.851  2448  2448 E CdmaSST_0: [CdmaLteSST] mSignalStrength: SignalStrength: 99 0 -125 -25 -120 -1 -1 19 -104 -10 -30 2147483647 2147483647 gsm|lte
12-21 19:21:21.866  2448  2448 E PHONE   : ServiceState.getRadioTechnology() DEPRECATED will be removed *******
12-21 19:21:22.065  2448  2448 E GsmSST_0: [GsmSST] error parsing GprsRegistrationState: java.lang.NumberFormatException: Invalid int: "null"
12-21 19:21:22.068  2448  2448 E PHONE   : [ServiceState] setState deprecated use setVoiceRegState()
12-21 19:21:22.111  2448  2448 E CDMAPhone: getOperatorNumeric: Cannot retrieve operatorNumeric: mCdmaSubscriptionSource = -1 mIccRecords = null
12-21 19:21:22.111   546   938 E RILQ    : (0/546): RIL[0][event] get_ecc_property_name: ecc list name : ril.ecclist.
12-21 19:21:22.113   546   938 E RILQ    : (0/546): RIL[0][event] get_ecc_property_name: ecc list name : ril.ecclist.
12-21 19:21:22.121  2448  2448 E CDMAPhone: getOperatorNumeric: Cannot retrieve operatorNumeric: mCdmaSubscriptionSource = -1 mIccRecords = null
12-21 19:21:22.127   546   938 E RILQ    : (0/546): RIL[0][event] get_ecc_property_name: ecc list name : ril.ecclist.
12-21 19:21:22.128   546   938 E RILQ    : (0/546): RIL[0][event] get_ecc_property_name: ecc list name : ril.ecclist.
12-21 19:21:22.131  2448  2448 E DCT     : [0]mQkWeChatUtils == null
12-21 19:21:22.132  2448  2448 E CallManager: Could not find Phone handler for unregistration
12-21 19:21:22.134  2448  2448 E CallManager: Could not find Phone handler for unregistration
12-21 19:21:22.135   546   927 E RILQ    : (0/546): RIL[0][main] qcril_data_lqe_stop: attempting to stop LQE
12-21 19:21:22.150  2448  2448 E GsmSST_0: Received message { when=-81ms what=14 obj=android.os.AsyncResult@57e48be target=com.qti.internal.telephony.gsm.QtiGsmServiceStateTracker }[14] while being destroyed. Ignoring.
12-21 19:21:22.150  2448  2448 E GsmSST_0: Received message { when=-81ms what=12 obj=android.os.AsyncResult@1e30d1f target=com.qti.internal.telephony.gsm.QtiGsmServiceStateTracker }[12] while being destroyed. Ignoring.
12-21 19:21:22.150  2448  2448 E PhoneBase: Error! This function should never be executed, inactive CDMAPhone.
12-21 19:21:23.044  2448  2448 E PHONE   : [ServiceState] setState deprecated use setVoiceRegState()
