12-21 19:21:23.836   546   938 E RILQ    : (0/546): RIL[0][event] get_ecc_property_name: ecc list name : ril.ecclist.
12-21 19:21:23.838  2448  2448 E PHONE   : [ServiceState] setState deprecated use setVoiceRegState()
12-21 19:21:23.842   546   938 E RILQ    : (0/546): RIL[0][event] get_ecc_property_name: ecc list name : ril.ecclist.
12-21 19:21:26.083  2448  2448 E PHONE   : [ServiceState] setState deprecated use setVoiceRegState()
12-21 19:21:26.852  2448  2448 E CdmaSST_0: [CdmaLteSST] mLastSignalStrength: SignalStrength: 99 0 -125 -25 -120 -1 -1 19 -104 -10 -30 2147483647 2147483647 gsm|lte
12-21 19:21:26.852  2448  2448 E CdmaSST_0: [CdmaLteSST] mSignalStrength: SignalStrength: 99 0 -99 -200 -120 -1 -1 19 -107 -14 -54 2147483647 2147483647 gsm|lte
12-21 19:21:28.527  2448  2448 E PHONE   : [ServiceState] setState deprecated use setVoiceRegState()
12-21 19:21:30.138  2448  2448 E PHONE   : [ServiceState] setState deprecated use setVoiceRegState()
12-21 19:21:31.853  2448  2448 E CdmaSST_0: [CdmaLteSST] mLastSignalStrength: SignalStrength: 99 0 -99 -200 -120 -1 -1 19 -107 -14 -54 2147483647 2147483647 gsm|lte
12-21 19:21:31.853  2448  2448 E CdmaSST_0: [CdmaLteSST] mSignalStrength: SignalStrength: 99 0 -98 -155 -120 -1 -1 19 -111 -19 -34 2147483647 2147483647 gsm|lte
12-21 19:21:36.853  2448  2448 E CdmaSST_0: [CdmaLteSST] mLastSignalStrength: SignalStrength: 99 0 -98 -155 -120 -1 -1 19 -111 -19 -34 2147483647 2147483647 gsm|lte
12-21 19:21:36.853  2448  2448 E CdmaSST_0: [CdmaLteSST] mSignalStrength: SignalStrength: 99 0 -100 -180 -120 -1 -1 19 -108 -14 -2 2147483647 2147483647 gsm|lte
12-21 19:21:38.782  2448  2448 E PHONE   : [ServiceState] setState deprecated use setVoiceRegState()
12-21 19:21:41.854  2448  2448 E CdmaSST_0: [CdmaLteSST] mLastSignalStrength: SignalStrength: 99 0 -100 -180 -120 -1 -1 19 -108 -14 -2 2147483647 2147483647 gsm|lte
12-21 19:21:41.854  2448  2448 E CdmaSST_0: [CdmaLteSST] mSignalStrength: SignalStrength: 99 0 -96 -100 -120 -1 -1 20 -109 -17 -2 2147483647 2147483647 gsm|lte
12-21 19:21:42.044  2448  2448 E PHONE   : [ServiceState] setState deprecated use setVoiceRegState()
12-21 19:21:46.856  2448  2448 E CdmaSST_0: [CdmaLteSST] mLastSignalStrength: SignalStrength: 99 0 -96 -100 -120 -1 -1 20 -109 -17 -2 2147483647 2147483647 gsm|lte
12-21 19:21:46.856  2448  2448 E CdmaSST_0: [CdmaLteSST] mSignalStrength: SignalStrength: 99 0 -90 -135 -120 -1 -1 19 -114 -17 -52 2147483647 2147483647 gsm|lte
12-21 19:21:48.881  2448  2448 E PHONE   : [ServiceState] setState deprecated use setVoiceRegState()
12-21 19:21:49.161  2448  2448 E PHONE   : [ServiceState] setState deprecated use setVoiceRegState()
12-21 19:21:51.518  2448  2448 E PHONE   : [ServiceState] setState deprecated use setVoiceRegState()
12-21 19:21:51.857  2448  2448 E CdmaSST_0: [CdmaLteSST] mLastSignalStrength: SignalStrength: 99 0 -90 -135 -120 -1 -1 19 -114 -17 -52 2147483647 2147483647 gsm|lte
12-21 19:21:51.858  2448  2448 E CdmaSST_0: [CdmaLteSST] mSignalStrength: SignalStrength: 99 0 -88 -100 -120 -1 -1 18 -114 -17 -60 2147483647 2147483647 gsm|lte
12-21 19:21:56.495  2448  2461 E RIL_UiccSmsController: Subscription 2147483644 is inactive.
12-21 19:21:56.495  2448  2461 E RIL_UiccSmsController: iccSmsIntMgr is null for  subId: 2147483644
12-21 19:21:56.700  2448  2448 E PHONE   : [ServiceState] setState deprecated use setVoiceRegState()
12-21 19:21:56.858  2448  2448 E CdmaSST_0: [CdmaLteSST] mLastSignalStrength: SignalStrength: 99 0 -88 -100 -120 -1 -1 18 -114 -17 -60 2147483647 2147483647 gsm|lte
12-21 19:21:56.858  2448  2448 E CdmaSST_0: [CdmaLteSST] mSignalStrength: SignalStrength: 99 0 -93 -115 -120 -1 -1 21 -107 -19 -92 2147483647 2147483647 gsm|lte
12-21 19:21:58.055  2448  2448 E PHONE   : [ServiceState] setState deprecated use setVoiceRegState()
12-21 19:22:01.862  2448  2448 E CdmaSST_0: [CdmaLteSST] mLastSignalStrength: SignalStrength: 99 0 -93 -115 -120 -1 -1 21 -107 -19 -92 2147483647 2147483647 gsm|lte
12-21 19:22:01.862  2448  2448 E CdmaSST_0: [CdmaLteSST] mSignalStrength: SignalStrength: 99 0 -87 -105 -120 -1 -1 20 -115 -20 0 2147483647 2147483647 gsm|lte
12-21 19:22:06.863  2448  2448 E CdmaSST_0: [CdmaLteSST] mLastSignalStrength: SignalStrength: 99 0 -87 -105 -120 -1 -1 20 -115 -20 0 2147483647 2147483647 gsm|lte
12-21 19:22:06.863  2448  2448 E CdmaSST_0: [CdmaLteSST] mSignalStrength: SignalStrength: 99 0 -85 -115 -120 -1 -1 20 -110 -16 -14 2147483647 2147483647 gsm|lte
12-21 19:22:11.970  2448  2448 E CdmaSST_0: [CdmaLteSST] mLastSignalStrength: SignalStrength: 99 0 -85 -115 -120 -1 -1 20 -110 -16 -14 2147483647 2147483647 gsm|lte
12-21 19:22:11.971  2448  2448 E CdmaSST_0: [CdmaLteSST] mSignalStrength: SignalStrength: 99 0 -84 -105 -120 -1 -1 20 -110 -16 -14 2147483647 2147483647 gsm|lte
12-21 19:22:16.974  2448  2448 E CdmaSST_0: [CdmaLteSST] mLastSignalStrength: SignalStrength: 99 0 -84 -105 -120 -1 -1 20 -110 -16 -14 2147483647 2147483647 gsm|lte
12-21 19:22:16.974  2448  2448 E CdmaSST_0: [CdmaLteSST] mSignalStrength: SignalStrength: 99 0 -83 -125 -120 -1 -1 20 -109 -18 -62 2147483647 2147483647 gsm|lte
12-21 19:22:21.975  2448  2448 E CdmaSST_0: [CdmaLteSST] mLastSignalStrength: SignalStrength: 99 0 -83 -125 -120 -1 -1 20 -109 -18 -62 2147483647 2147483647 gsm|lte
12-21 19:22:21.975  2448  2448 E CdmaSST_0: [CdmaLteSST] mSignalStrength: SignalStrength: 99 0 -83 -115 -120 -1 -1 20 -109 -15 -52 2147483647 2147483647 gsm|lte
12-21 19:22:29.889  2448  2448 E CdmaSST_0: [CdmaLteSST] mLastSignalStrength: SignalStrength: 99 0 -83 -115 -120 -1 -1 20 -109 -15 -52 2147483647 2147483647 gsm|lte
12-21 19:22:29.889  2448  2448 E CdmaSST_0: [CdmaLteSST] mSignalStrength: SignalStrength: 99 0 -83 -115 -120 -1 -1 21 -107 -16 -60 2147483647 2147483647 gsm|lte
12-21 19:22:37.572  2448  2448 E CdmaSST_0: [CdmaLteSST] mLastSignalStrength: SignalStrength: 99 0 -83 -115 -120 -1 -1 21 -107 -16 -60 2147483647 2147483647 gsm|lte
12-21 19:22:37.572  2448  2448 E CdmaSST_0: [CdmaLteSST] mSignalStrength: SignalStrength: 99 0 -83 -115 -120 -1 -1 21 -109 -17 -70 2147483647 2147483647 gsm|lte
12-21 19:22:42.689  2448  2448 E CdmaSST_0: [CdmaLteSST] mLastSignalStrength: SignalStrength: 99 0 -83 -115 -120 -1 -1 21 -109 -17 -70 2147483647 2147483647 gsm|lte
12-21 19:22:42.690  2448  2448 E CdmaSST_0: [CdmaLteSST] mSignalStrength: SignalStrength: 99 0 -83 -125 -120 -1 -1 20 -110 -16 -64 2147483647 2147483647 gsm|lte
12-21 19:22:47.692  2448  2448 E CdmaSST_0: [CdmaLteSST] mLastSignalStrength: SignalStrength: 99 0 -83 -125 -120 -1 -1 20 -110 -16 -64 2147483647 2147483647 gsm|lte
12-21 19:22:47.692  2448  2448 E CdmaSST_0: [CdmaLteSST] mSignalStrength: SignalStrength: 99 0 -83 -115 -120 -1 -1 20 -109 -14 -58 2147483647 2147483647 gsm|lte
12-21 19:22:52.695  2448  2448 E CdmaSST_0: [CdmaLteSST] mLastSignalStrength: SignalStrength: 99 0 -83 -115 -120 -1 -1 20 -109 -14 -58 2147483647 2147483647 gsm|lte
12-21 19:22:52.695  2448  2448 E CdmaSST_0: [CdmaLteSST] mSignalStrength: SignalStrength: 99 0 -83 -125 -120 -1 -1 20 -109 -15 -28 2147483647 2147483647 gsm|lte
12-21 19:22:53.021  2448  2448 E PHONE   : [ServiceState] setState deprecated use setVoiceRegState()
12-21 19:22:57.698  2448  2448 E CdmaSST_0: [CdmaLteSST] mLastSignalStrength: SignalStrength: 99 0 -83 -125 -120 -1 -1 20 -109 -15 -28 2147483647 2147483647 gsm|lte
12-21 19:22:57.698  2448  2448 E CdmaSST_0: [CdmaLteSST] mSignalStrength: SignalStrength: 99 0 -89 -75 -120 -1 -1 19 -108 -12 24 2147483647 2147483647 gsm|lte
12-21 19:22:58.154  2448  2448 E PHONE   : [ServiceState] setState deprecated use setVoiceRegState()
12-21 19:23:00.714  2448  2448 E PHONE   : [ServiceState] setState deprecated use setVoiceRegState()
12-21 19:23:02.701  2448  2448 E CdmaSST_0: [CdmaLteSST] mLastSignalStrength: SignalStrength: 99 0 -89 -75 -120 -1 -1 19 -108 -12 24 2147483647 2147483647 gsm|lte
12-21 19:23:02.702  2448  2448 E CdmaSST_0: [CdmaLteSST] mSignalStrength: SignalStrength: 99 0 -98 -135 -120 -1 -1 20 -113 -20 -110 2147483647 2147483647 gsm|lte
12-21 19:23:05.819  2448  2448 E PHONE   : [ServiceState] setState deprecated use setVoiceRegState()
12-21 19:23:07.705  2448  2448 E CdmaSST_0: [CdmaLteSST] mLastSignalStrength: SignalStrength: 99 0 -98 -135 -120 -1 -1 20 -113 -20 -110 2147483647 2147483647 gsm|lte
12-21 19:23:07.705  2448  2448 E CdmaSST_0: [CdmaLteSST] mSignalStrength: SignalStrength: 99 0 -102 -105 -120 -1 -1 20 -115 -20 -98 2147483647 2147483647 gsm|lte
12-21 19:23:12.707  2448  2448 E CdmaSST_0: [CdmaLteSST] mLastSignalStrength: SignalStrength: 99 0 -102 -105 -120 -1 -1 20 -115 -20 -98 2147483647 2147483647 gsm|lte
12-21 19:23:12.707  2448  2448 E CdmaSST_0: [CdmaLteSST] mSignalStrength: SignalStrength: 99 0 -98 -115 -120 -1 -1 19 -112 -17 -66 2147483647 2147483647 gsm|lte
12-21 19:23:13.507  2448  2448 E PHONE   : [ServiceState] setState deprecated use setVoiceRegState()
12-21 19:23:14.970  2448  2448 E PHONE   : [ServiceState] setState deprecated use setVoiceRegState()
12-21 19:23:17.709  2448  2448 E CdmaSST_0: [CdmaLteSST] mLastSignalStrength: SignalStrength: 99 0 -98 -115 -120 -1 -1 19 -112 -17 -66 2147483647 2147483647 gsm|lte
12-21 19:23:17.709  2448  2448 E CdmaSST_0: [CdmaLteSST] mSignalStrength: SignalStrength: 99 0 -99 -125 -120 -1 -1 20 -110 -18 18 2147483647 2147483647 gsm|lte
12-21 19:23:22.710  2448  2448 E CdmaSST_0: [CdmaLteSST] mLastSignalStrength: SignalStrength: 99 0 -99 -125 -120 -1 -1 20 -110 -18 18 2147483647 2147483647 gsm|lte
12-21 19:23:22.711  2448  2448 E CdmaSST_0: [CdmaLteSST] mSignalStrength: SignalStrength: 99 0 -95 -105 -120 -1 -1 20 -105 -12 18 2147483647 2147483647 gsm|lte
12-21 19:23:27.715  2448  2448 E CdmaSST_0: [CdmaLteSST] mLastSignalStrength: SignalStrength: 99 0 -95 -105 -120 -1 -1 20 -105 -12 18 2147483647 2147483647 gsm|lte
12-21 19:23:27.715  2448  2448 E CdmaSST_0: [CdmaLteSST] mSignalStrength: SignalStrength: 99 0 -92 -90 -120 -1 -1 20 -106 -13 16 2147483647 2147483647 gsm|lte
12-21 19:23:32.718  2448  2448 E CdmaSST_0: [CdmaLteSST] mLastSignalStrength: SignalStrength: 99 0 -92 -90 -120 -1 -1 20 -106 -13 16 2147483647 2147483647 gsm|lte
12-21 19:23:32.718  2448  2448 E CdmaSST_0: [CdmaLteSST] mSignalStrength: SignalStrength: 99 0 -91 -100 -120 -1 -1 20 -108 -15 -28 2147483647 2147483647 gsm|lte
12-21 19:23:37.719  2448  2448 E CdmaSST_0: [CdmaLteSST] mLastSignalStrength: SignalStrength: 99 0 -91 -100 -120 -1 -1 20 -108 -15 -28 2147483647 2147483647 gsm|lte
12-21 19:23:37.719  2448  2448 E CdmaSST_0: [CdmaLteSST] mSignalStrength: SignalStrength: 99 0 -91 -140 -120 -1 -1 19 -109 -14 -10 2147483647 2147483647 gsm|lte
12-21 19:23:42.722  2448  2448 E CdmaSST_0: [CdmaLteSST] mLastSignalStrength: SignalStrength: 99 0 -91 -140 -120 -1 -1 19 -109 -14 -10 2147483647 2147483647 gsm|lte
12-21 19:23:42.722  2448  2448 E CdmaSST_0: [CdmaLteSST] mSignalStrength: SignalStrength: 99 0 -88 -95 -120 -1 -1 19 -109 -14 -10 2147483647 2147483647 gsm|lte
12-21 19:23:46.784  2448  2448 E PHONE   : [ServiceState] setState deprecated use setVoiceRegState()
12-21 19:23:47.724  2448  2448 E CdmaSST_0: [CdmaLteSST] mLastSignalStrength: SignalStrength: 99 0 -88 -95 -120 -1 -1 19 -109 -14 -10 2147483647 2147483647 gsm|lte
12-21 19:23:47.724  2448  2448 E CdmaSST_0: [CdmaLteSST] mSignalStrength: SignalStrength: 99 0 -93 -135 -120 -1 -1 19 -109 -12 -24 2147483647 2147483647 gsm|lte
12-21 19:23:49.350  2448  2448 E PHONE   : [ServiceState] setState deprecated use setVoiceRegState()
12-21 19:23:52.725  2448  2448 E CdmaSST_0: [CdmaLteSST] mLastSignalStrength: SignalStrength: 99 0 -93 -135 -120 -1 -1 19 -109 -12 -24 2147483647 2147483647 gsm|lte
12-21 19:23:52.725  2448  2448 E CdmaSST_0: [CdmaLteSST] mSignalStrength: SignalStrength: 99 0 -96 -110 -120 -1 -1 19 -111 -16 -34 2147483647 2147483647 gsm|lte
12-21 19:23:55.938  2448  2448 E PHONE   : [ServiceState] setState deprecated use setVoiceRegState()
12-21 19:23:57.727  2448  2448 E CdmaSST_0: [CdmaLteSST] mLastSignalStrength: SignalStrength: 99 0 -96 -110 -120 -1 -1 19 -111 -16 -34 2147483647 2147483647 gsm|lte
12-21 19:23:57.727  2448  2448 E CdmaSST_0: [CdmaLteSST] mSignalStrength: SignalStrength: 99 0 -92 -125 -120 -1 -1 16 -116 -14 -2 2147483647 2147483647 gsm|lte
12-21 19:23:59.593  2448  2448 E PHONE   : [ServiceState] setState deprecated use setVoiceRegState()
12-21 19:24:02.731  2448  2448 E CdmaSST_0: [CdmaLteSST] mLastSignalStrength: SignalStrength: 99 0 -92 -125 -120 -1 -1 16 -116 -14 -2 2147483647 2147483647 gsm|lte
12-21 19:24:02.731  2448  2448 E CdmaSST_0: [CdmaLteSST] mSignalStrength: SignalStrength: 99 0 -96 -130 -120 -1 -1 19 -109 -13 -6 2147483647 2147483647 gsm|lte
12-21 19:24:07.540  2448  2448 E PHONE   : [ServiceState] setState deprecated use setVoiceRegState()
12-21 19:24:07.732  2448  2448 E CdmaSST_0: [CdmaLteSST] mLastSignalStrength: SignalStrength: 99 0 -96 -130 -120 -1 -1 19 -109 -13 -6 2147483647 2147483647 gsm|lte
12-21 19:24:07.732  2448  2448 E CdmaSST_0: [CdmaLteSST] mSignalStrength: SignalStrength: 99 0 -91 -130 -120 -1 -1 18 -111 -14 16 2147483647 2147483647 gsm|lte
12-21 19:24:08.437  2448  2448 E PHONE   : [ServiceState] setState deprecated use setVoiceRegState()
12-21 19:24:12.733  2448  2448 E CdmaSST_0: [CdmaLteSST] mLastSignalStrength: SignalStrength: 99 0 -91 -130 -120 -1 -1 18 -111 -14 16 2147483647 2147483647 gsm|lte
12-21 19:24:12.733  2448  2448 E CdmaSST_0: [CdmaLteSST] mSignalStrength: SignalStrength: 99 0 -88 -145 -120 -1 -1 19 -111 -17 -40 2147483647 2147483647 gsm|lte
12-21 19:24:17.735  2448  2448 E CdmaSST_0: [CdmaLteSST] mLastSignalStrength: SignalStrength: 99 0 -88 -145 -120 -1 -1 19 -111 -17 -40 2147483647 2147483647 gsm|lte
12-21 19:24:17.735  2448  2448 E CdmaSST_0: [CdmaLteSST] mSignalStrength: SignalStrength: 99 0 -88 -145 -120 -1 -1 19 -110 -15 -22 2147483647 2147483647 gsm|lte
12-21 19:24:20.064  2448  2448 E PHONE   : [ServiceState] setState deprecated use setVoiceRegState()
12-21 19:24:22.736  2448  2448 E CdmaSST_0: [CdmaLteSST] mLastSignalStrength: SignalStrength: 99 0 -88 -145 -120 -1 -1 19 -110 -15 -22 2147483647 2147483647 gsm|lte
12-21 19:24:22.736  2448  2448 E CdmaSST_0: [CdmaLteSST] mSignalStrength: SignalStrength: 99 0 -92 -115 -120 -1 -1 19 -110 -17 -54 2147483647 2147483647 gsm|lte
12-21 19:24:27.737  2448  2448 E CdmaSST_0: [CdmaLteSST] mLastSignalStrength: SignalStrength: 99 0 -92 -115 -120 -1 -1 19 -110 -17 -54 2147483647 2147483647 gsm|lte
12-21 19:24:27.737  2448  2448 E CdmaSST_0: [CdmaLteSST] mSignalStrength: SignalStrength: 99 0 -90 -120 -120 -1 -1 19 -111 -18 -32 2147483647 2147483647 gsm|lte
12-21 19:24:32.740  2448  2448 E CdmaSST_0: [CdmaLteSST] mLastSignalStrength: SignalStrength: 99 0 -90 -120 -120 -1 -1 19 -111 -18 -32 2147483647 2147483647 gsm|lte
12-21 19:24:32.740  2448  2448 E CdmaSST_0: [CdmaLteSST] mSignalStrength: SignalStrength: 99 0 -90 -120 -120 -1 -1 19 -109 -16 -22 2147483647 2147483647 gsm|lte
12-21 19:24:37.741  2448  2448 E CdmaSST_0: [CdmaLteSST] mLastSignalStrength: SignalStrength: 99 0 -90 -120 -120 -1 -1 19 -109 -16 -22 2147483647 2147483647 gsm|lte
12-21 19:24:37.741  2448  2448 E CdmaSST_0: [CdmaLteSST] mSignalStrength: SignalStrength: 99 0 -88 -130 -120 -1 -1 19 -111 -15 -16 2147483647 2147483647 gsm|lte
12-21 19:24:42.743  2448  2448 E CdmaSST_0: [CdmaLteSST] mLastSignalStrength: SignalStrength: 99 0 -88 -130 -120 -1 -1 19 -111 -15 -16 2147483647 2147483647 gsm|lte
12-21 19:24:42.743  2448  2448 E CdmaSST_0: [CdmaLteSST] mSignalStrength: SignalStrength: 99 0 -87 -140 -120 -1 -1 19 -110 -16 -36 2147483647 2147483647 gsm|lte
12-21 19:24:47.746  2448  2448 E CdmaSST_0: [CdmaLteSST] mLastSignalStrength: SignalStrength: 99 0 -87 -140 -120 -1 -1 19 -110 -16 -36 2147483647 2147483647 gsm|lte
12-21 19:24:47.746  2448  2448 E CdmaSST_0: [CdmaLteSST] mSignalStrength: SignalStrength: 99 0 -88 -160 -120 -1 -1 19 -109 -14 -20 2147483647 2147483647 gsm|lte
12-21 19:24:52.746  2448  2448 E CdmaSST_0: [CdmaLteSST] mLastSignalStrength: SignalStrength: 99 0 -88 -160 -120 -1 -1 19 -109 -14 -20 2147483647 2147483647 gsm|lte
12-21 19:24:52.746  2448  2448 E CdmaSST_0: [CdmaLteSST] mSignalStrength: SignalStrength: 99 0 -87 -115 -120 -1 -1 19 -110 -15 -44 2147483647 2147483647 gsm|lte
12-21 19:24:57.751  2448  2448 E CdmaSST_0: [CdmaLteSST] mLastSignalStrength: SignalStrength: 99 0 -87 -115 -120 -1 -1 19 -110 -15 -44 2147483647 2147483647 gsm|lte
12-21 19:24:57.751  2448  2448 E CdmaSST_0: [CdmaLteSST] mSignalStrength: SignalStrength: 99 0 -87 -115 -120 -1 -1 19 -109 -16 -54 2147483647 2147483647 gsm|lte
12-21 19:25:01.007  2448  2448 E PHONE   : [ServiceState] setState deprecated use setVoiceRegState()
12-21 19:25:02.753  2448  2448 E CdmaSST_0: [CdmaLteSST] mLastSignalStrength: SignalStrength: 99 0 -87 -115 -120 -1 -1 19 -109 -16 -54 2147483647 2147483647 gsm|lte
12-21 19:25:02.754  2448  2448 E CdmaSST_0: [CdmaLteSST] mSignalStrength: SignalStrength: 99 0 -93 -130 -120 -1 -1 18 -110 -14 -2 2147483647 2147483647 gsm|lte
12-21 19:25:11.171  2448  2448 E CdmaSST_0: [CdmaLteSST] mLastSignalStrength: SignalStrength: 99 0 -93 -130 -120 -1 -1 18 -110 -14 -2 2147483647 2147483647 gsm|lte
12-21 19:25:11.171  2448  2448 E CdmaSST_0: [CdmaLteSST] mSignalStrength: SignalStrength: 99 0 -91 -135 -120 -1 -1 19 -110 -15 -50 2147483647 2147483647 gsm|lte
12-21 19:25:16.174  2448  2448 E CdmaSST_0: [CdmaLteSST] mLastSignalStrength: SignalStrength: 99 0 -91 -135 -120 -1 -1 19 -110 -15 -50 2147483647 2147483647 gsm|lte
12-21 19:25:16.174  2448  2448 E CdmaSST_0: [CdmaLteSST] mSignalStrength: SignalStrength: 99 0 -89 -135 -120 -1 -1 18 -111 -14 -6 2147483647 2147483647 gsm|lte
12-21 19:25:21.177  2448  2448 E CdmaSST_0: [CdmaLteSST] mLastSignalStrength: SignalStrength: 99 0 -89 -135 -120 -1 -1 18 -111 -14 -6 2147483647 2147483647 gsm|lte
12-21 19:25:21.177  2448  2448 E CdmaSST_0: [CdmaLteSST] mSignalStrength: SignalStrength: 99 0 -89 -135 -120 -1 -1 20 -109 -15 -36 2147483647 2147483647 gsm|lte
12-21 19:25:26.180  2448  2448 E CdmaSST_0: [CdmaLteSST] mLastSignalStrength: SignalStrength: 99 0 -89 -135 -120 -1 -1 20 -109 -15 -36 2147483647 2147483647 gsm|lte
12-21 19:25:26.180  2448  2448 E CdmaSST_0: [CdmaLteSST] mSignalStrength: SignalStrength: 99 0 -89 -135 -120 -1 -1 20 -110 -15 -46 2147483647 2147483647 gsm|lte
12-21 19:25:26.599  2448  2448 E PHONE   : [ServiceState] setState deprecated use setVoiceRegState()
12-21 19:25:31.182  2448  2448 E CdmaSST_0: [CdmaLteSST] mLastSignalStrength: SignalStrength: 99 0 -89 -135 -120 -1 -1 20 -110 -15 -46 2147483647 2147483647 gsm|lte
12-21 19:25:31.182  2448  2448 E CdmaSST_0: [CdmaLteSST] mSignalStrength: SignalStrength: 99 0 -87 -150 -120 -1 -1 19 -108 -15 -16 2147483647 2147483647 gsm|lte
12-21 19:25:31.742  2448  2448 E PHONE   : [ServiceState] setState deprecated use setVoiceRegState()
12-21 19:25:36.183  2448  2448 E CdmaSST_0: [CdmaLteSST] mLastSignalStrength: SignalStrength: 99 0 -87 -150 -120 -1 -1 19 -108 -15 -16 2147483647 2147483647 gsm|lte
12-21 19:25:36.183  2448  2448 E CdmaSST_0: [CdmaLteSST] mSignalStrength: SignalStrength: 99 0 -93 -130 -120 -1 -1 19 -108 -15 -16 2147483647 2147483647 gsm|lte
12-21 19:25:41.185  2448  2448 E CdmaSST_0: [CdmaLteSST] mLastSignalStrength: SignalStrength: 99 0 -93 -130 -120 -1 -1 19 -108 -15 -16 2147483647 2147483647 gsm|lte
12-21 19:25:41.185  2448  2448 E CdmaSST_0: [CdmaLteSST] mSignalStrength: SignalStrength: 99 0 -90 -135 -120 -1 -1 19 -109 -13 -14 2147483647 2147483647 gsm|lte
12-21 19:25:46.186  2448  2448 E CdmaSST_0: [CdmaLteSST] mLastSignalStrength: SignalStrength: 99 0 -90 -135 -120 -1 -1 19 -109 -13 -14 2147483647 2147483647 gsm|lte
12-21 19:25:46.186  2448  2448 E CdmaSST_0: [CdmaLteSST] mSignalStrength: SignalStrength: 99 0 -87 -130 -120 -1 -1 19 -109 -15 -10 2147483647 2147483647 gsm|lte
12-21 19:25:51.188  2448  2448 E CdmaSST_0: [CdmaLteSST] mLastSignalStrength: SignalStrength: 99 0 -87 -130 -120 -1 -1 19 -109 -15 -10 2147483647 2147483647 gsm|lte
12-21 19:25:51.189  2448  2448 E CdmaSST_0: [CdmaLteSST] mSignalStrength: SignalStrength: 99 0 -86 -120 -120 -1 -1 22 -104 -15 -30 2147483647 2147483647 gsm|lte
12-21 19:25:56.191  2448  2448 E CdmaSST_0: [CdmaLteSST] mLastSignalStrength: SignalStrength: 99 0 -86 -120 -120 -1 -1 22 -104 -15 -30 2147483647 2147483647 gsm|lte
12-21 19:25:56.191  2448  2448 E CdmaSST_0: [CdmaLteSST] mSignalStrength: SignalStrength: 99 0 -86 -130 -120 -1 -1 19 -109 -16 -42 2147483647 2147483647 gsm|lte
12-21 19:26:01.192  2448  2448 E CdmaSST_0: [CdmaLteSST] mLastSignalStrength: SignalStrength: 99 0 -86 -130 -120 -1 -1 19 -109 -16 -42 2147483647 2147483647 gsm|lte
12-21 19:26:01.192  2448  2448 E CdmaSST_0: [CdmaLteSST] mSignalStrength: SignalStrength: 99 0 -86 -140 -120 -1 -1 19 -109 -16 -34 2147483647 2147483647 gsm|lte
12-21 19:26:06.193  2448  2448 E CdmaSST_0: [CdmaLteSST] mLastSignalStrength: SignalStrength: 99 0 -86 -140 -120 -1 -1 19 -109 -16 -34 2147483647 2147483647 gsm|lte
12-21 19:26:06.193  2448  2448 E CdmaSST_0: [CdmaLteSST] mSignalStrength: SignalStrength: 99 0 -86 -130 -120 -1 -1 19 -109 -15 -26 2147483647 2147483647 gsm|lte
12-21 19:26:11.196  2448  2448 E CdmaSST_0: [CdmaLteSST] mLastSignalStrength: SignalStrength: 99 0 -86 -130 -120 -1 -1 19 -109 -15 -26 2147483647 2147483647 gsm|lte
12-21 19:26:11.196  2448  2448 E CdmaSST_0: [CdmaLteSST] mSignalStrength: SignalStrength: 99 0 -86 -130 -120 -1 -1 21 -109 -18 0 2147483647 2147483647 gsm|lte
12-21 19:26:16.197  2448  2448 E CdmaSST_0: [CdmaLteSST] mLastSignalStrength: SignalStrength: 99 0 -86 -130 -120 -1 -1 21 -109 -18 0 2147483647 2147483647 gsm|lte
12-21 19:26:16.197  2448  2448 E CdmaSST_0: [CdmaLteSST] mSignalStrength: SignalStrength: 99 0 -84 -115 -120 -1 -1 20 -105 -13 20 2147483647 2147483647 gsm|lte
12-21 19:26:21.198  2448  2448 E CdmaSST_0: [CdmaLteSST] mLastSignalStrength: SignalStrength: 99 0 -84 -115 -120 -1 -1 20 -105 -13 20 2147483647 2147483647 gsm|lte
12-21 19:26:21.198  2448  2448 E CdmaSST_0: [CdmaLteSST] mSignalStrength: SignalStrength: 99 0 -84 -125 -120 -1 -1 19 -106 -12 14 2147483647 2147483647 gsm|lte
12-21 19:26:26.199  2448  2448 E CdmaSST_0: [CdmaLteSST] mLastSignalStrength: SignalStrength: 99 0 -84 -125 -120 -1 -1 19 -106 -12 14 2147483647 2147483647 gsm|lte
12-21 19:26:26.199  2448  2448 E CdmaSST_0: [CdmaLteSST] mSignalStrength: SignalStrength: 99 0 -84 -145 -120 -1 -1 19 -108 -12 16 2147483647 2147483647 gsm|lte
12-21 19:26:31.202  2448  2448 E CdmaSST_0: [CdmaLteSST] mLastSignalStrength: SignalStrength: 99 0 -84 -145 -120 -1 -1 19 -108 -12 16 2147483647 2147483647 gsm|lte
12-21 19:26:31.202  2448  2448 E CdmaSST_0: [CdmaLteSST] mSignalStrength: SignalStrength: 99 0 -84 -135 -120 -1 -1 19 -107 -14 -16 2147483647 2147483647 gsm|lte
12-21 19:26:36.206  2448  2448 E CdmaSST_0: [CdmaLteSST] mLastSignalStrength: SignalStrength: 99 0 -84 -135 -120 -1 -1 19 -107 -14 -16 2147483647 2147483647 gsm|lte
12-21 19:26:36.206  2448  2448 E CdmaSST_0: [CdmaLteSST] mSignalStrength: SignalStrength: 99 0 -84 -135 -120 -1 -1 20 -107 -15 -44 2147483647 2147483647 gsm|lte
12-21 19:26:41.208  2448  2448 E CdmaSST_0: [CdmaLteSST] mLastSignalStrength: SignalStrength: 99 0 -84 -135 -120 -1 -1 20 -107 -15 -44 2147483647 2147483647 gsm|lte
12-21 19:26:41.208  2448  2448 E CdmaSST_0: [CdmaLteSST] mSignalStrength: SignalStrength: 99 0 -86 -155 -120 -1 -1 18 -108 -12 14 2147483647 2147483647 gsm|lte
12-21 19:26:46.208  2448  2448 E CdmaSST_0: [CdmaLteSST] mLastSignalStrength: SignalStrength: 99 0 -86 -155 -120 -1 -1 18 -108 -12 14 2147483647 2147483647 gsm|lte
12-21 19:26:46.209  2448  2448 E CdmaSST_0: [CdmaLteSST] mSignalStrength: SignalStrength: 99 0 -86 -130 -120 -1 -1 20 -107 -14 -40 2147483647 2147483647 gsm|lte
12-21 19:26:51.209  2448  2448 E CdmaSST_0: [CdmaLteSST] mLastSignalStrength: SignalStrength: 99 0 -86 -130 -120 -1 -1 20 -107 -14 -40 2147483647 2147483647 gsm|lte
12-21 19:26:51.209  2448  2448 E CdmaSST_0: [CdmaLteSST] mSignalStrength: SignalStrength: 99 0 -86 -135 -120 -1 -1 20 -109 -14 -8 2147483647 2147483647 gsm|lte
12-21 19:26:56.211  2448  2448 E CdmaSST_0: [CdmaLteSST] mLastSignalStrength: SignalStrength: 99 0 -86 -135 -120 -1 -1 20 -109 -14 -8 2147483647 2147483647 gsm|lte
12-21 19:26:56.211  2448  2448 E CdmaSST_0: [CdmaLteSST] mSignalStrength: SignalStrength: 99 0 -95 -140 -120 -1 -1 20 -107 -13 14 2147483647 2147483647 gsm|lte
12-21 19:27:01.215  2448  2448 E CdmaSST_0: [CdmaLteSST] mLastSignalStrength: SignalStrength: 99 0 -95 -140 -120 -1 -1 20 -107 -13 14 2147483647 2147483647 gsm|lte
12-21 19:27:01.215  2448  2448 E CdmaSST_0: [CdmaLteSST] mSignalStrength: SignalStrength: 99 0 -92 -150 -120 -1 -1 20 -107 -13 14 2147483647 2147483647 gsm|lte
12-21 19:27:06.219  2448  2448 E CdmaSST_0: [CdmaLteSST] mLastSignalStrength: SignalStrength: 99 0 -92 -150 -120 -1 -1 20 -107 -13 14 2147483647 2147483647 gsm|lte
12-21 19:27:06.220  2448  2448 E CdmaSST_0: [CdmaLteSST] mSignalStrength: SignalStrength: 99 0 -91 -175 -120 -1 -1 20 -107 -11 24 2147483647 2147483647 gsm|lte
12-21 19:27:06.688  2448  2448 E PHONE   : [ServiceState] setState deprecated use setVoiceRegState()
12-21 19:27:09.625  2448  2448 E PHONE   : [ServiceState] setState deprecated use setVoiceRegState()
12-21 19:27:11.222  2448  2448 E CdmaSST_0: [CdmaLteSST] mLastSignalStrength: SignalStrength: 99 0 -91 -175 -120 -1 -1 20 -107 -11 24 2147483647 2147483647 gsm|lte
12-21 19:27:11.223  2448  2448 E CdmaSST_0: [CdmaLteSST] mSignalStrength: SignalStrength: 99 0 -97 -150 -120 -1 -1 20 -109 -16 -26 2147483647 2147483647 gsm|lte
12-21 19:27:11.868  2448  2448 E PHONE   : [ServiceState] setState deprecated use setVoiceRegState()
12-21 19:27:11.894  2448  2448 E PHONE   : [ServiceState] setState deprecated use setVoiceRegState()
12-21 19:27:16.226  2448  2448 E CdmaSST_0: [CdmaLteSST] mLastSignalStrength: SignalStrength: 99 0 -97 -150 -120 -1 -1 20 -109 -16 -26 2147483647 2147483647 gsm|lte
12-21 19:27:16.226  2448  2448 E CdmaSST_0: [CdmaLteSST] mSignalStrength: SignalStrength: 99 0 -89 -140 -120 -1 -1 20 -108 -14 -12 2147483647 2147483647 gsm|lte
12-21 19:27:21.228  2448  2448 E CdmaSST_0: [CdmaLteSST] mLastSignalStrength: SignalStrength: 99 0 -89 -140 -120 -1 -1 20 -108 -14 -12 2147483647 2147483647 gsm|lte
12-21 19:27:21.228  2448  2448 E CdmaSST_0: [CdmaLteSST] mSignalStrength: SignalStrength: 99 0 -87 -125 -120 -1 -1 20 -109 -15 -6 2147483647 2147483647 gsm|lte
12-21 19:27:26.230  2448  2448 E CdmaSST_0: [CdmaLteSST] mLastSignalStrength: SignalStrength: 99 0 -87 -125 -120 -1 -1 20 -109 -15 -6 2147483647 2147483647 gsm|lte
12-21 19:27:26.230  2448  2448 E CdmaSST_0: [CdmaLteSST] mSignalStrength: SignalStrength: 99 0 -86 -115 -120 -1 -1 20 -109 -16 -26 2147483647 2147483647 gsm|lte
12-21 19:27:31.233  2448  2448 E CdmaSST_0: [CdmaLteSST] mLastSignalStrength: SignalStrength: 99 0 -86 -115 -120 -1 -1 20 -109 -16 -26 2147483647 2147483647 gsm|lte
12-21 19:27:31.233  2448  2448 E CdmaSST_0: [CdmaLteSST] mSignalStrength: SignalStrength: 99 0 -86 -125 -120 -1 -1 20 -107 -15 -22 2147483647 2147483647 gsm|lte
12-21 19:27:36.234  2448  2448 E CdmaSST_0: [CdmaLteSST] mLastSignalStrength: SignalStrength: 99 0 -86 -125 -120 -1 -1 20 -107 -15 -22 2147483647 2147483647 gsm|lte
12-21 19:27:36.235  2448  2448 E CdmaSST_0: [CdmaLteSST] mSignalStrength: SignalStrength: 99 0 -92 -230 -120 -1 -1 20 -108 -15 -28 2147483647 2147483647 gsm|lte
12-21 19:27:41.383   843   946 E RILQ    : (1/843): RIL[1][event] qcril_uim_update_pbm_card_event: PBM_HANDLE_CARD 397315 processing Failed!
12-21 19:27:41.394  2448  2448 E IccCardProxy/0: setExternalState: !override and newstate unchanged from READY
12-21 19:27:41.395  2448  2448 E IccCardProxy/1: setExternalState: !override and newstate unchanged from ABSENT
12-21 19:27:41.403   546   938 E RILQ    : (0/546): RIL[0][event] qcril_uim_update_pbm_card_event: PBM_HANDLE_CARD 397315 processing Failed!
12-21 19:27:41.408   546   938 E RILQ    : (0/546): RIL[0][event] get_ecc_property_name: ecc list name : ril.ecclist.
12-21 19:27:41.499   546   938 E RILQ    : (0/546): RIL[0][event] get_ecc_property_name: ecc list name : ril.ecclist.
12-21 19:27:41.499  2448  2448 E PHONE   : [ServiceState] setState deprecated use setVoiceRegState()
12-21 19:27:41.501   546   938 E RILQ    : (0/546): RIL[0][event] get_ecc_property_name: ecc list name : ril.ecclist.
12-21 19:27:41.501  2448  2448 E CdmaSST_0: [CdmaLteSST] handlePollStateResultMessage: bad tac states[6]=null e=java.lang.NullPointerException: Attempt to invoke virtual method 'int java.lang.String.length()' on a null object reference
12-21 19:27:41.501  2448  2448 E CdmaSST_0: [CdmaLteSST] handlePollStateResultMessage: bad pci states[7]=null e=java.lang.NullPointerException: Attempt to invoke virtual method 'int java.lang.String.length()' on a null object reference
12-21 19:27:41.501  2448  2448 E CdmaSST_0: [CdmaLteSST] handlePollStateResultMessage: bad eci states[8]=null e=java.lang.NullPointerException: Attempt to invoke virtual method 'int java.lang.String.length()' on a null object reference
12-21 19:27:41.575  2448  2448 E IccCardProxy/0: setExternalState: set mPhoneId=0 mExternalState=ABSENT
12-21 19:27:41.579  2448  2448 E IccCardProxy/0: setExternalState: !override and newstate unchanged from ABSENT
12-21 19:27:41.580  2448  2448 E IccCardProxy/1: setExternalState: !override and newstate unchanged from ABSENT
12-21 19:27:41.673  2448  2448 E IccCardProxy/0: setExternalState: !override and newstate unchanged from ABSENT
12-21 19:27:41.674  2448  2448 E CdmaSST_0: [CdmaLteSST] handlePollStateResultMessage: bad tac states[6]=null e=java.lang.NullPointerException: Attempt to invoke virtual method 'int java.lang.String.length()' on a null object reference
12-21 19:27:41.674  2448  2448 E CdmaSST_0: [CdmaLteSST] handlePollStateResultMessage: bad pci states[7]=null e=java.lang.NullPointerException: Attempt to invoke virtual method 'int java.lang.String.length()' on a null object reference
12-21 19:27:41.674  2448  2448 E CdmaSST_0: [CdmaLteSST] handlePollStateResultMessage: bad eci states[8]=null e=java.lang.NullPointerException: Attempt to invoke virtual method 'int java.lang.String.length()' on a null object reference
12-21 19:27:41.674  2448  2448 E PHONE   : [ServiceState] setState deprecated use setVoiceRegState()
12-21 19:27:41.755  2448  2448 E CDMAPhone: getOperatorNumeric: Cannot retrieve operatorNumeric: mCdmaSubscriptionSource = 0 mIccRecords = null
12-21 19:27:41.964   546   938 E RILQ    : (0/546): RIL[0][event] qcril_qmi_nas_report_restricted_details: .. reporting 2
12-21 19:27:41.965  2448  2448 E GsmSST_0: Received message { when=0 what=23 obj=android.os.AsyncResult@1a82a68 target=com.qti.internal.telephony.gsm.QtiGsmServiceStateTracker }[23] while being destroyed. Ignoring.
12-21 19:27:41.971  2448  2448 E CdmaSST_0: [CdmaLteSST] regCodeToServiceState: unexpected service state 12
12-21 19:27:41.971  2448  2448 E PHONE   : [ServiceState] setState deprecated use setVoiceRegState()
12-21 19:27:41.976  2448  2448 E CdmaSST_0: [CdmaLteSST] handlePollStateResultMessage: bad tac states[6]=null e=java.lang.NullPointerException: Attempt to invoke virtual method 'int java.lang.String.length()' on a null object reference
12-21 19:27:41.976  2448  2448 E CdmaSST_0: [CdmaLteSST] handlePollStateResultMessage: bad pci states[7]=null e=java.lang.NullPointerException: Attempt to invoke virtual method 'int java.lang.String.length()' on a null object reference
12-21 19:27:41.976  2448  2448 E CdmaSST_0: [CdmaLteSST] handlePollStateResultMessage: bad eci states[8]=null e=java.lang.NullPointerException: Attempt to invoke virtual method 'int java.lang.String.length()' on a null object reference
12-21 19:27:41.977   546   938 E RILQ    : (0/546): RIL[0][event] get_ecc_property_name: ecc list name : ril.ecclist.
12-21 19:27:41.977   546   927 E RILQ    : (0/546): RIL[0][main] qcril_qmi_nas_report_restricted_details: .. reporting 2
12-21 19:27:41.979   546   938 E RILQ    : (0/546): RIL[0][event] get_ecc_property_name: ecc list name : ril.ecclist.
12-21 19:27:41.980   546   938 E RILQ    : (0/546): RIL[0][event] get_ecc_property_name: ecc list name : ril.ecclist.
12-21 19:27:41.981  2448  2448 E GsmSST_0: Received message { when=-4ms what=23 obj=android.os.AsyncResult@1280b26 target=com.qti.internal.telephony.gsm.QtiGsmServiceStateTracker }[23] while being destroyed. Ignoring.
12-21 19:27:41.994  2448  2448 E CdmaSST_0: [CdmaLteSST] handlePollStateResultMessage: bad tac states[6]=null e=java.lang.NullPointerException: Attempt to invoke virtual method 'int java.lang.String.length()' on a null object reference
12-21 19:27:41.994  2448  2448 E CdmaSST_0: [CdmaLteSST] handlePollStateResultMessage: bad pci states[7]=null e=java.lang.NullPointerException: Attempt to invoke virtual method 'int java.lang.String.length()' on a null object reference
12-21 19:27:41.994  2448  2448 E CdmaSST_0: [CdmaLteSST] handlePollStateResultMessage: bad eci states[8]=null e=java.lang.NullPointerException: Attempt to invoke virtual method 'int java.lang.String.length()' on a null object reference
12-21 19:27:41.994  2448  2448 E CdmaSST_0: [CdmaLteSST] regCodeToServiceState: unexpected service state 12
12-21 19:27:41.994  2448  2448 E PHONE   : [ServiceState] setState deprecated use setVoiceRegState()
12-21 19:27:42.002  2448  2448 E CAT     : StkAppService: onStart get CatService instance dynamic
12-21 19:27:42.375  2448  2448 E CdmaSST_0: [CdmaLteSST] regCodeToServiceState: unexpected service state 12
12-21 19:27:42.375  2448  2448 E PHONE   : [ServiceState] setState deprecated use setVoiceRegState()
12-21 19:27:42.383  2448  2448 E CdmaSST_0: [CdmaLteSST] handlePollStateResultMessage: bad tac states[6]=null e=java.lang.NullPointerException: Attempt to invoke virtual method 'int java.lang.String.length()' on a null object reference
12-21 19:27:42.383  2448  2448 E CdmaSST_0: [CdmaLteSST] handlePollStateResultMessage: bad pci states[7]=null e=java.lang.NullPointerException: Attempt to invoke virtual method 'int java.lang.String.length()' on a null object reference
12-21 19:27:42.383  2448  2448 E CdmaSST_0: [CdmaLteSST] handlePollStateResultMessage: bad eci states[8]=null e=java.lang.NullPointerException: Attempt to invoke virtual method 'int java.lang.String.length()' on a null object reference
12-21 19:30:01.966   546   938 E RILQ    : (0/546): RIL[0][event] qcril_uim_update_pbm_card_event: PBM_HANDLE_CARD 397315 processing Failed!
12-21 19:30:01.966   546   938 E RILQ    : (0/546): RIL[0][event] qcril_uim_update_pbm_card_event: PBM_HANDLE_CARD 397315 processing Failed!
12-21 19:30:01.968   843   946 E RILQ    : (1/843): RIL[1][event] qcril_uim_update_pbm_card_event: PBM_HANDLE_CARD 397315 processing Failed!
12-21 19:30:01.968   843   946 E RILQ    : (1/843): RIL[1][event] qcril_uim_update_pbm_card_event: PBM_HANDLE_CARD 397315 processing Failed!
12-21 19:30:01.973  2448  2448 E IccCardProxy/0: setExternalState: !override and newstate unchanged from ABSENT
12-21 19:30:01.973  2448  2448 E IccCardProxy/1: setExternalState: !override and newstate unchanged from ABSENT
12-21 19:30:01.975  2448  2448 E IccCardProxy/0: setExternalState: !override and newstate unchanged from ABSENT
12-21 19:30:01.975  2448  2448 E IccCardProxy/1: setExternalState: !override and newstate unchanged from ABSENT
12-21 19:30:02.847   843   946 E RILQ    : (1/843): RIL[1][event] get_ecc_property_name: ecc list name : ril.ecclist1.
12-21 19:30:02.849   843   946 E RILQ    : (1/843): RIL[1][event] qcril_qmi_voice_nas_control_convert_radio_tech_to_radio_tech_family: invalid radio tech = 16
12-21 19:30:02.849   843   946 E RILQ    : (1/843): RIL[1][event] qcril_qmi_voice_nas_control_convert_radio_tech_to_radio_tech_family: invalid radio tech = 16
12-21 19:30:02.849   843   946 E RILQ    : (1/843): RIL[1][event] get_ecc_property_name: ecc list name : ril.ecclist1.
12-21 19:30:02.849  2448  2448 E CdmaSST_0: [CdmaLteSST] mLastSignalStrength: SignalStrength: 99 0 -92 -230 -120 -1 -1 20 -108 -15 -28 2147483647 2147483647 gsm|lte
12-21 19:30:02.849  2448  2448 E CdmaSST_0: [CdmaLteSST] mSignalStrength: SignalStrength: 22 0 -120 -160 -120 -1 -1 99 2147483647 2147483647 2147483647 2147483647 2147483647 cdma
12-21 19:30:02.850   843   946 E RILQ    : (1/843): RIL[1][event] get_ecc_property_name: ecc list name : ril.ecclist1.
12-21 19:30:02.851   843   946 E RILQ    : (1/843): RIL[1][event] get_ecc_property_name: ecc list name : ril.ecclist1.
12-21 19:30:02.851   843   946 E RILQ    : (1/843): RIL[1][event] get_ecc_property_name: ecc list name : ril.ecclist1.
12-21 19:30:02.858  2448  2448 E CdmaSST_0: [CdmaLteSST] regCodeToServiceState: unexpected service state 12
12-21 19:30:02.859  2448  2448 E PHONE   : [ServiceState] setState deprecated use setVoiceRegState()
12-21 19:30:02.860   546   938 E RILQ    : (0/546): RIL[0][event] get_ecc_property_name: ecc list name : ril.ecclist.
12-21 19:30:02.865  2448  2448 E CdmaSST_0: [CdmaLteSST] handlePollStateResultMessage: bad tac states[6]=null e=java.lang.NullPointerException: Attempt to invoke virtual method 'int java.lang.String.length()' on a null object reference
12-21 19:30:02.865   546   938 E RILQ    : (0/546): RIL[0][event] get_ecc_property_name: ecc list name : ril.ecclist.
12-21 19:30:02.865  2448  2448 E CdmaSST_0: [CdmaLteSST] handlePollStateResultMessage: bad pci states[7]=null e=java.lang.NullPointerException: Attempt to invoke virtual method 'int java.lang.String.length()' on a null object reference
12-21 19:30:02.865  2448  2448 E CdmaSST_0: [CdmaLteSST] handlePollStateResultMessage: bad eci states[8]=null e=java.lang.NullPointerException: Attempt to invoke virtual method 'int java.lang.String.length()' on a null object reference
12-21 19:30:02.866   546   938 E RILQ    : (0/546): RIL[0][event] get_ecc_property_name: ecc list name : ril.ecclist.
12-21 19:30:40.532  2448  2885 E RIL_UiccSmsController: Subscription 2147483644 is inactive.
12-21 19:30:40.532  2448  2885 E RIL_UiccSmsController: iccSmsIntMgr is null for  subId: 2147483644
12-21 19:30:40.536  2448  2461 E RIL_UiccSmsController: Subscription 2147483643 is inactive.
12-21 19:30:40.536  2448  2461 E RIL_UiccSmsController: iccSmsIntMgr is null for  subId: 2147483643
12-22 09:39:43.502   843   946 E RILQ    : (1/843): RIL[1][event] get_ecc_property_name: ecc list name : ril.ecclist1.
12-22 09:39:43.503   843   946 E RILQ    : (1/843): RIL[1][event] qcril_qmi_voice_nas_control_convert_radio_tech_to_radio_tech_family: invalid radio tech = 16
12-22 09:39:43.503   843   946 E RILQ    : (1/843): RIL[1][event] qcril_qmi_voice_nas_control_convert_radio_tech_to_radio_tech_family: invalid radio tech = 16
12-22 09:39:43.504   843   946 E RILQ    : (1/843): RIL[1][event] get_ecc_property_name: ecc list name : ril.ecclist1.
12-22 09:39:43.504  2448  2448 E CdmaSST_0: [CdmaLteSST] mLastSignalStrength: SignalStrength: 22 0 -120 -160 -120 -1 -1 99 2147483647 2147483647 2147483647 2147483647 2147483647 cdma
12-22 09:39:43.504  2448  2448 E CdmaSST_0: [CdmaLteSST] mSignalStrength: SignalStrength: 20 0 -120 -160 -120 -1 -1 99 2147483647 2147483647 2147483647 2147483647 2147483647 cdma
12-22 09:39:43.505   843   946 E RILQ    : (1/843): RIL[1][event] get_ecc_property_name: ecc list name : ril.ecclist1.
12-22 09:39:43.506   843   946 E RILQ    : (1/843): RIL[1][event] get_ecc_property_name: ecc list name : ril.ecclist1.
12-22 09:39:43.506   843   946 E RILQ    : (1/843): RIL[1][event] get_ecc_property_name: ecc list name : ril.ecclist1.
12-22 09:39:43.519  2448  2448 E CdmaSST_0: [CdmaLteSST] handlePollStateResultMessage: bad tac states[6]=null e=java.lang.NullPointerException: Attempt to invoke virtual method 'int java.lang.String.length()' on a null object reference
12-22 09:39:43.519  2448  2448 E CdmaSST_0: [CdmaLteSST] handlePollStateResultMessage: bad pci states[7]=null e=java.lang.NullPointerException: Attempt to invoke virtual method 'int java.lang.String.length()' on a null object reference
12-22 09:39:43.519  2448  2448 E CdmaSST_0: [CdmaLteSST] handlePollStateResultMessage: bad eci states[8]=null e=java.lang.NullPointerException: Attempt to invoke virtual method 'int java.lang.String.length()' on a null object reference
12-22 09:39:43.519   546   938 E RILQ    : (0/546): RIL[0][event] get_ecc_property_name: ecc list name : ril.ecclist.
12-22 09:39:43.521  2448  2448 E CdmaSST_0: [CdmaLteSST] regCodeToServiceState: unexpected service state 12
12-22 09:39:43.521  2448  2448 E PHONE   : [ServiceState] setState deprecated use setVoiceRegState()
12-22 09:39:43.530   546   938 E RILQ    : (0/546): RIL[0][event] get_ecc_property_name: ecc list name : ril.ecclist.
12-22 09:39:43.532   546   938 E RILQ    : (0/546): RIL[0][event] get_ecc_property_name: ecc list name : ril.ecclist.
12-22 10:37:59.711   843   946 E RILQ    : (1/843): RIL[1][event] get_ecc_property_name: ecc list name : ril.ecclist1.
12-22 10:37:59.712   843   946 E RILQ    : (1/843): RIL[1][event] qcril_qmi_voice_nas_control_convert_radio_tech_to_radio_tech_family: invalid radio tech = 16
12-22 10:37:59.712   843   946 E RILQ    : (1/843): RIL[1][event] qcril_qmi_voice_nas_control_convert_radio_tech_to_radio_tech_family: invalid radio tech = 16
12-22 10:37:59.713   843   946 E RILQ    : (1/843): RIL[1][event] get_ecc_property_name: ecc list name : ril.ecclist1.
12-22 10:37:59.713   843   946 E RILQ    : (1/843): RIL[1][event] get_ecc_property_name: ecc list name : ril.ecclist1.
12-22 10:37:59.716  2448  2448 E CdmaSST_0: [CdmaLteSST] mLastSignalStrength: SignalStrength: 20 0 -120 -160 -120 -1 -1 99 2147483647 2147483647 2147483647 2147483647 2147483647 cdma
12-22 10:37:59.716  2448  2448 E CdmaSST_0: [CdmaLteSST] mSignalStrength: SignalStrength: 25 0 -120 -160 -120 -1 -1 99 2147483647 2147483647 2147483647 2147483647 2147483647 cdma
12-22 10:37:59.720   843   946 E RILQ    : (1/843): RIL[1][event] get_ecc_property_name: ecc list name : ril.ecclist1.
12-22 10:37:59.721   843   946 E RILQ    : (1/843): RIL[1][event] get_ecc_property_name: ecc list name : ril.ecclist1.
12-22 10:37:59.726   546   938 E RILQ    : (0/546): RIL[0][event] get_ecc_property_name: ecc list name : ril.ecclist.
12-22 10:37:59.727  2448  2448 E CdmaSST_0: [CdmaLteSST] regCodeToServiceState: unexpected service state 12
12-22 10:37:59.727  2448  2448 E PHONE   : [ServiceState] setState deprecated use setVoiceRegState()
12-22 10:37:59.729   546   938 E RILQ    : (0/546): RIL[0][event] get_ecc_property_name: ecc list name : ril.ecclist.
12-22 10:37:59.731   546   938 E RILQ    : (0/546): RIL[0][event] get_ecc_property_name: ecc list name : ril.ecclist.
12-22 10:37:59.731  2448  2448 E CdmaSST_0: [CdmaLteSST] handlePollStateResultMessage: bad tac states[6]=null e=java.lang.NullPointerException: Attempt to invoke virtual method 'int java.lang.String.length()' on a null object reference
12-22 10:37:59.731  2448  2448 E CdmaSST_0: [CdmaLteSST] handlePollStateResultMessage: bad pci states[7]=null e=java.lang.NullPointerException: Attempt to invoke virtual method 'int java.lang.String.length()' on a null object reference
12-22 10:37:59.731  2448  2448 E CdmaSST_0: [CdmaLteSST] handlePollStateResultMessage: bad eci states[8]=null e=java.lang.NullPointerException: Attempt to invoke virtual method 'int java.lang.String.length()' on a null object reference
12-22 11:28:38.583   843   946 E RILQ    : (1/843): RIL[1][event] get_ecc_property_name: ecc list name : ril.ecclist1.
12-22 11:28:38.585   843   946 E RILQ    : (1/843): RIL[1][event] qcril_qmi_voice_nas_control_convert_radio_tech_to_radio_tech_family: invalid radio tech = 16
12-22 11:28:38.585   843   946 E RILQ    : (1/843): RIL[1][event] qcril_qmi_voice_nas_control_convert_radio_tech_to_radio_tech_family: invalid radio tech = 16
12-22 11:28:38.585   843   946 E RILQ    : (1/843): RIL[1][event] get_ecc_property_name: ecc list name : ril.ecclist1.
12-22 11:28:38.586   843   946 E RILQ    : (1/843): RIL[1][event] get_ecc_property_name: ecc list name : ril.ecclist1.
12-22 11:28:38.587   843   946 E RILQ    : (1/843): RIL[1][event] get_ecc_property_name: ecc list name : ril.ecclist1.
12-22 11:28:38.588   843   946 E RILQ    : (1/843): RIL[1][event] get_ecc_property_name: ecc list name : ril.ecclist1.
12-22 11:28:38.589   546   938 E RILQ    : (0/546): RIL[0][event] get_ecc_property_name: ecc list name : ril.ecclist.
12-22 11:28:38.592  2448  2448 E CdmaSST_0: [CdmaLteSST] regCodeToServiceState: unexpected service state 12
12-22 11:28:38.592  2448  2448 E PHONE   : [ServiceState] setState deprecated use setVoiceRegState()
12-22 11:28:38.598   546   938 E RILQ    : (0/546): RIL[0][event] get_ecc_property_name: ecc list name : ril.ecclist.
12-22 11:28:38.599   546   938 E RILQ    : (0/546): RIL[0][event] get_ecc_property_name: ecc list name : ril.ecclist.
12-22 11:28:38.600  2448  2448 E CdmaSST_0: [CdmaLteSST] handlePollStateResultMessage: bad tac states[6]=null e=java.lang.NullPointerException: Attempt to invoke virtual method 'int java.lang.String.length()' on a null object reference
12-22 11:28:38.600  2448  2448 E CdmaSST_0: [CdmaLteSST] handlePollStateResultMessage: bad pci states[7]=null e=java.lang.NullPointerException: Attempt to invoke virtual method 'int java.lang.String.length()' on a null object reference
12-22 11:28:38.600  2448  2448 E CdmaSST_0: [CdmaLteSST] handlePollStateResultMessage: bad eci states[8]=null e=java.lang.NullPointerException: Attempt to invoke virtual method 'int java.lang.String.length()' on a null object reference
12-22 12:09:30.216   843   946 E RILQ    : (1/843): RIL[1][event] get_ecc_property_name: ecc list name : ril.ecclist1.
12-22 12:09:30.217   843   946 E RILQ    : (1/843): RIL[1][event] qcril_qmi_voice_nas_control_convert_radio_tech_to_radio_tech_family: invalid radio tech = 16
12-22 12:09:30.217   843   946 E RILQ    : (1/843): RIL[1][event] qcril_qmi_voice_nas_control_convert_radio_tech_to_radio_tech_family: invalid radio tech = 16
12-22 12:09:30.220  2448  2448 E CdmaSST_0: [CdmaLteSST] mLastSignalStrength: SignalStrength: 25 0 -120 -160 -120 -1 -1 99 2147483647 2147483647 2147483647 2147483647 2147483647 cdma
12-22 12:09:30.220  2448  2448 E CdmaSST_0: [CdmaLteSST] mSignalStrength: SignalStrength: 20 0 -120 -160 -120 -1 -1 99 2147483647 2147483647 2147483647 2147483647 2147483647 cdma
12-22 12:09:30.224   546   938 E RILQ    : (0/546): RIL[0][event] get_ecc_property_name: ecc list name : ril.ecclist.
12-22 12:09:30.225   843   946 E RILQ    : (1/843): RIL[1][event] get_ecc_property_name: ecc list name : ril.ecclist1.
12-22 12:09:30.226   843   946 E RILQ    : (1/843): RIL[1][event] get_ecc_property_name: ecc list name : ril.ecclist1.
12-22 12:09:30.226   843   946 E RILQ    : (1/843): RIL[1][event] get_ecc_property_name: ecc list name : ril.ecclist1.
12-22 12:09:30.228   843   946 E RILQ    : (1/843): RIL[1][event] get_ecc_property_name: ecc list name : ril.ecclist1.
12-22 12:09:30.232   546   938 E RILQ    : (0/546): RIL[0][event] get_ecc_property_name: ecc list name : ril.ecclist.
12-22 12:09:30.233   546   938 E RILQ    : (0/546): RIL[0][event] get_ecc_property_name: ecc list name : ril.ecclist.
12-22 12:09:30.240  2448  2448 E CdmaSST_0: [CdmaLteSST] handlePollStateResultMessage: bad tac states[6]=null e=java.lang.NullPointerException: Attempt to invoke virtual method 'int java.lang.String.length()' on a null object reference
12-22 12:09:30.240  2448  2448 E CdmaSST_0: [CdmaLteSST] handlePollStateResultMessage: bad pci states[7]=null e=java.lang.NullPointerException: Attempt to invoke virtual method 'int java.lang.String.length()' on a null object reference
12-22 12:09:30.240  2448  2448 E CdmaSST_0: [CdmaLteSST] handlePollStateResultMessage: bad eci states[8]=null e=java.lang.NullPointerException: Attempt to invoke virtual method 'int java.lang.String.length()' on a null object reference
12-22 12:09:30.241  2448  2448 E CdmaSST_0: [CdmaLteSST] regCodeToServiceState: unexpected service state 12
12-22 12:09:30.241  2448  2448 E PHONE   : [ServiceState] setState deprecated use setVoiceRegState()
12-22 12:09:45.735   843   946 E RILQ    : (1/843): RIL[1][event] get_ecc_property_name: ecc list name : ril.ecclist1.
12-22 12:09:45.736   843   946 E RILQ    : (1/843): RIL[1][event] qcril_qmi_voice_nas_control_convert_radio_tech_to_radio_tech_family: invalid radio tech = 16
12-22 12:09:45.736   843   946 E RILQ    : (1/843): RIL[1][event] qcril_qmi_voice_nas_control_convert_radio_tech_to_radio_tech_family: invalid radio tech = 16
12-22 12:09:45.738   843   946 E RILQ    : (1/843): RIL[1][event] get_ecc_property_name: ecc list name : ril.ecclist1.
12-22 12:09:45.739   843   946 E RILQ    : (1/843): RIL[1][event] get_ecc_property_name: ecc list name : ril.ecclist1.
12-22 12:09:45.739  2448  2448 E CdmaSST_0: [CdmaLteSST] mLastSignalStrength: SignalStrength: 20 0 -120 -160 -120 -1 -1 99 2147483647 2147483647 2147483647 2147483647 2147483647 cdma
12-22 12:09:45.739  2448  2448 E CdmaSST_0: [CdmaLteSST] mSignalStrength: SignalStrength: 23 0 -120 -160 -120 -1 -1 99 2147483647 2147483647 2147483647 2147483647 2147483647 cdma
12-22 12:09:45.741   843   946 E RILQ    : (1/843): RIL[1][event] get_ecc_property_name: ecc list name : ril.ecclist1.
12-22 12:09:45.741   843   946 E RILQ    : (1/843): RIL[1][event] get_ecc_property_name: ecc list name : ril.ecclist1.
12-22 12:09:45.745  2448  2448 E CdmaSST_0: [CdmaLteSST] regCodeToServiceState: unexpected service state 12
12-22 12:09:45.745  2448  2448 E PHONE   : [ServiceState] setState deprecated use setVoiceRegState()
12-22 12:09:45.750  2448  2448 E CdmaSST_0: [CdmaLteSST] handlePollStateResultMessage: bad tac states[6]=null e=java.lang.NullPointerException: Attempt to invoke virtual method 'int java.lang.String.length()' on a null object reference
12-22 12:09:45.750  2448  2448 E CdmaSST_0: [CdmaLteSST] handlePollStateResultMessage: bad pci states[7]=null e=java.lang.NullPointerException: Attempt to invoke virtual method 'int java.lang.String.length()' on a null object reference
