12-24 17:30:46.890  4420  4420 D SogouWrapper: updateEngine()
12-24 17:30:46.890  4420  4420 D SogouWrapper: updateEngine() IME_TYPE_PINYIN IME_KEYBOARD_PHONE
12-24 17:30:46.890  4420  4420 D SogouWrapper: initIM() imeType : 2 keyboardMode : 1
12-24 17:30:46.890  4420  4420 D SogouWrapper: clearContext()
12-24 17:30:46.890  4420  4420 D SogouWrapper: stopCloudInput()
12-24 17:30:46.890  4420  4420 D SogouWrapper: getInputTransResult()
12-24 17:30:46.890  4420  4420 D SamsungIME_UnifiedIME: setToolbarVisiblility, visible = false
12-24 17:30:46.890  4420  4420 I SamsungIME: ET9CPLdbValidate : 10
12-24 17:30:46.890  4420  4420 D SamsungIME: ET9AW_LdbReadData : file is null
12-24 17:30:46.890  4420  4420 D SamsungIME: ET9AW_LdbReadData, ldbcode : 481
12-24 17:30:46.890  4420  4420 I SKBD Xt994Wrapper: setDLMLoadFlag() SMT_DB_TYPE true
12-24 17:30:46.890  4420  4420 I SKBD Xt994Wrapper: setDLMLoadFlag() SMT_DB_TYPE false
12-24 17:30:46.890  4420  4420 I SKBD Xt994Wrapper: setDLMLoadFlag() DLM_DB_TYPE true
12-24 17:30:46.890  4420  4420 I SKBD Xt994Wrapper: setDLMLoadFlag() DLM_DB_TYPE false
12-24 17:30:46.890  4420  4420 I SKBD Xt994Wrapper: setDLMLoadFlag() CDLM_DB_TYPE true
12-24 17:30:46.890  4420  4420 I SKBD Xt994Wrapper: setDLMLoadFlag() CDLM_DB_TYPE false
12-24 17:30:46.890  4420  4420 I SamsungIME: ET9CDLMInit : 2
12-24 17:30:46.890  4420  4420 D SamsungIME: isEnableAutoCorrection() mIsEnableAutoCorrection : true but s-chinese case
12-24 17:30:46.890  4420  4420 D SamsungIME: isEnableAutoCorrection() mIsEnableAutoCorrection : true but s-chinese case
12-24 17:30:46.890  4420  4420 D HWManager: hideBoxHandwritingView
12-24 17:30:46.890  4420  4420 D HWManager: hideFSHandwritingView
12-24 17:30:46.890  4420  4420 D SogouWrapper: clearContext()
12-24 17:30:46.890  4420  4420 D SogouWrapper: stopCloudInput()
12-24 17:30:46.890  4420  4420 D SogouWrapper: getInputTransResult()
12-24 17:30:46.890  4420  4420 D SamsungIME_UnifiedIME: setToolbarVisiblility, visible = false
12-24 17:30:46.890  4420  4420 D SamsungIME: Dismiss ExpandCandiate
12-24 17:30:46.890  4420  4420 D SogouWrapper: updateEngine()
12-24 17:30:46.890  4420  4420 D SogouWrapper: updateEngine() IME_TYPE_PINYIN IME_KEYBOARD_PHONE
12-24 17:30:46.890  4420  4420 D SogouWrapper: initIM() imeType : 2 keyboardMode : 1
12-24 17:30:46.890  4420  4420 D SogouWrapper: clearContext()
12-24 17:30:46.890  4420  4420 D SogouWrapper: stopCloudInput()
12-24 17:30:46.890  4420  4420 D SogouWrapper: getInputTransResult()
12-24 17:30:46.890  4420  4420 D SamsungIME_UnifiedIME: setToolbarVisiblility, visible = false
12-24 17:30:46.890  4420  4420 I SamsungIME: ET9CPLdbValidate : 10
12-24 17:30:46.890 30031 30031 E File    : fail readDirectory() errno=13
12-24 17:30:46.900 30031 30031 I Timeline: Timeline: Activity_launch_request id:com.tianyancha.skyeye time:34106670
12-24 17:30:46.900  4420  4420 D SamsungIME: ET9AW_LdbReadData : file is null
12-24 17:30:46.900  4420  4420 D SamsungIME: ET9AW_LdbReadData, ldbcode : 481
12-24 17:30:46.900  4420  4420 I SKBD Xt994Wrapper: setDLMLoadFlag() SMT_DB_TYPE true
12-24 17:30:46.900  4420  4420 I SKBD Xt994Wrapper: setDLMLoadFlag() SMT_DB_TYPE false
12-24 17:30:46.900  4420  4420 I SKBD Xt994Wrapper: setDLMLoadFlag() DLM_DB_TYPE true
12-24 17:30:46.900  4420  4420 I SKBD Xt994Wrapper: setDLMLoadFlag() DLM_DB_TYPE false
12-24 17:30:46.900  4420  4420 I SKBD Xt994Wrapper: setDLMLoadFlag() CDLM_DB_TYPE true
12-24 17:30:46.900  4420  4420 I SKBD Xt994Wrapper: setDLMLoadFlag() CDLM_DB_TYPE false
12-24 17:30:46.900  4420  4420 I SamsungIME: ET9CDLMInit : 2
12-24 17:30:46.900  4420  4420 D SamsungIME: isEnableAutoCorrection() mIsEnableAutoCorrection : true but s-chinese case
12-24 17:30:46.900  4420  4420 D SamsungIME: isEnableAutoCorrection() mIsEnableAutoCorrection : true but s-chinese case
12-24 17:30:46.900  4420  4420 D HWManager: hideBoxHandwritingView
12-24 17:30:46.900  4420  4420 D HWManager: hideFSHandwritingView
12-24 17:30:46.900  4420  4420 D SogouWrapper: clearContext()
12-24 17:30:46.900  4420  4420 D SogouWrapper: stopCloudInput()
12-24 17:30:46.900  4420  4420 D SogouWrapper: getInputTransResult()
12-24 17:30:46.900  4420  4420 D SamsungIME_UnifiedIME: setToolbarVisiblility, visible = false
12-24 17:30:46.900  4420  4420 D SamsungIME: Dismiss ExpandCandiate
12-24 17:30:46.900  4420  4420 D SogouWrapper: updateEngine()
12-24 17:30:46.900  4420  4420 D SogouWrapper: updateEngine() IME_TYPE_PINYIN IME_KEYBOARD_PHONE
12-24 17:30:46.900  4420  4420 D SogouWrapper: initIM() imeType : 2 keyboardMode : 1
12-24 17:30:46.900  4420  4420 D SogouWrapper: clearContext()
12-24 17:30:46.900  4420  4420 D SogouWrapper: stopCloudInput()
12-24 17:30:46.900  4420  4420 D SogouWrapper: getInputTransResult()
12-24 17:30:46.900  4420  4420 D SamsungIME_UnifiedIME: setToolbarVisiblility, visible = false
12-24 17:30:46.900  4420  4420 I SamsungIME: ET9CPLdbValidate : 10
12-24 17:30:46.910  4420  4420 D SamsungIME: ET9AW_LdbReadData : file is null
12-24 17:30:46.910  4420  4420 D SamsungIME: ET9AW_LdbReadData, ldbcode : 481
12-24 17:30:46.910  4420  4420 I SKBD Xt994Wrapper: setDLMLoadFlag() SMT_DB_TYPE true
12-24 17:30:46.910  4420  4420 I SKBD Xt994Wrapper: setDLMLoadFlag() SMT_DB_TYPE false
12-24 17:30:46.910  4420  4420 I SKBD Xt994Wrapper: setDLMLoadFlag() DLM_DB_TYPE true
12-24 17:30:46.910  4420  4420 I SKBD Xt994Wrapper: setDLMLoadFlag() DLM_DB_TYPE false
12-24 17:30:46.910  4420  4420 I SKBD Xt994Wrapper: setDLMLoadFlag() CDLM_DB_TYPE true
12-24 17:30:46.910  4420  4420 I SKBD Xt994Wrapper: setDLMLoadFlag() CDLM_DB_TYPE false
12-24 17:30:46.910  4420  4420 I SamsungIME: ET9CDLMInit : 2
12-24 17:30:46.910  4420  4420 D SamsungIME: isEnableAutoCorrection() mIsEnableAutoCorrection : true but s-chinese case
12-24 17:30:46.910  4420  4420 D SamsungIME: isEnableAutoCorrection() mIsEnableAutoCorrection : true but s-chinese case
12-24 17:30:46.910  4420  4420 D SamsungIME: [AbstractKeyboardView] onDetachedFromWindow.
12-24 17:30:46.910  4420  4420 I SamsungIME: getDebugLevel  : 0x4f4c
12-24 17:30:46.910   847  4320 D GameManagerService: identifyGamePackage. com.tianyancha.skyeye
12-24 17:30:46.910   847  4320 D MultiWindowPolicy: Gamemode - return 0,  when calling  identifyForegroundApp(com.tianyancha.skyeye)
12-24 17:30:46.910   847  4320 D CustomFrequencyManagerService: acquireDVFSLockLocked : type : DVFS_MIN_LIMIT  frequency : 1958400  uid : 1000  pid : 847  pkgName : ACTIVITY_RESUME_BOOSTER@14
12-24 17:30:46.910   847  4320 D ActivityManager: mDVFSHelper.acquire()
12-24 17:30:46.920 30031 30031 E File    : fail readDirectory() errno=13
12-24 17:30:46.930   346   563 V audio_hw_primary: offload_thread_loop RUNNING
12-24 17:30:46.940  4420  4420 I SamsungIME: KeybaordView init() : load resources
12-24 17:30:46.940  4420  4420 I SamsungIME: getCurrentKeyboard
12-24 17:30:46.940  4420  4420 I SamsungIME: getNumberKeyboard
12-24 17:30:46.940  4420  4420 D SamsungIME: mDisplayWidth is 1080
12-24 17:30:46.940  4420  4420 D SamsungIME: mDisplayHeight is 1920
12-24 17:30:46.940  4420  4420 D SamsungIME: isOrientationLandscape false
12-24 17:30:46.940  4420  4420 D SamsungIME: mDisplayWidth is 1080
12-24 17:30:46.940  4420  4420 D SamsungIME: mDisplayHeight is 1920
12-24 17:30:46.940  4420  4420 D SamsungIME: isOrientationLandscape false
12-24 17:30:46.940  4420  4420 D SamsungIME: mIsUseStaticTouchRecognizedArea =  false
12-24 17:30:46.940  4420  4420 D SogouWrapper: setKeyboard()
12-24 17:30:46.940  4420  4420 D SamsungIME: isEnableAutoCorrection() mIsEnableAutoCorrection : true but s-chinese case
12-24 17:30:46.940  4420  4420 D SogouWrapper: setKeyboard() set auto-correct on
12-24 17:30:46.940  4420  4420 D SogouWrapper: updateParameter()
12-24 17:30:46.940  4420  4420 D SogouWrapper: updateParameter() disable slide input
12-24 17:30:46.940  4420  4420 D SogouWrapper: updateParameter() enable rare word input
12-24 17:30:46.940  4420  4420 D SogouWrapper: updateParameter() disable emoji prediction input
12-24 17:30:46.940  4420  4420 D SogouWrapper: updateParameter() enable email prediction input
12-24 17:30:46.940  4420  4420 D SogouWrapper: updateParameter() disable trad chinese input
12-24 17:30:46.940  4420  4420 D SogouWrapper: updateParameter() default associate disable
12-24 17:30:46.950   346   561 I NuPlayerRenderer: fillAudioBuffer() offload, request_size (32768), return size (32768)
12-24 17:30:46.950   847   847 D CustomFrequencyManagerService: releaseDVFSLockLocked : Getting Lock type frm List : DVFS_MIN_LIMIT  frequency : 1958400  uid : 1000  pid : 847  tag : ACTIVITY_RESUME_BOOSTER@20
12-24 17:30:46.950   847   847 D CustomFrequencyManagerService: FrequencyrequestList.getNextMaxCPUCoreRequest, index: 2
12-24 17:30:46.970 30031 30031 E File    : fail readDirectory() errno=13
12-24 17:30:46.970   847  1230 I InputDispatcher: Delivering touch to (1325): action: 0x4, toolType: 0
12-24 17:30:46.970   847  1230 I InputDispatcher: Delivering touch to (26101): action: 0x4, toolType: 0
12-24 17:30:46.970   847  1230 I InputDispatcher: Delivering touch to (26932): action: 0x0, toolType: 0
12-24 17:30:46.970 30031 30031 E File    : fail readDirectory() errno=13
12-24 17:30:46.970 26101 26101 D AutoHideHelper: ###check Single invalid
12-24 17:30:46.970 26932 26932 D ViewRootImpl: ViewPostImeInputStage processPointer 0
12-24 17:30:46.970 30031 30031 E File    : fail readDirectory() errno=13
12-24 17:30:46.980 30031 30031 E File    : fail readDirectory() errno=13
12-24 17:30:46.980 30031 30031 E File    : fail readDirectory() errno=13
12-24 17:30:46.980 30031 30031 E File    : fail readDirectory() errno=13
12-24 17:30:46.980 30031 30031 E File    : fail readDirectory() errno=13
12-24 17:30:46.990 30031 30031 E File    : fail readDirectory() errno=13
12-24 17:30:46.990   847  1230 I InputDispatcher: Delivering touch to (26932): action: 0x1, toolType: 0
12-24 17:30:46.990 30031 30031 E File    : fail readDirectory() errno=13
12-24 17:30:46.990 26932 26932 D ViewRootImpl: ViewPostImeInputStage processPointer 1
12-24 17:30:46.990  4420  4420 D SamsungIME: Magnification Enabled = false
12-24 17:30:46.990  4420  4420 D SamsungIME: Dismiss ExpandCandiate
12-24 17:30:46.990  4420  4420 W ContextImpl: Calling a method in the system process without a qualified user: android.app.ContextImpl.sendBroadcast:834 android.content.ContextWrapper.sendBroadcast:410 com.sec.android.inputmethod.base.common.InputManagerImpl.sendInputLanguage:13627 com.sec.android.inputmethod.base.common.InputManagerImpl.setLanguage:8881 com.sec.android.inputmethod.base.common.InputManagerImpl.startInputViewContinue:5956 
12-24 17:30:47.000  4420  4420 E SamsungIME: lang.getLanguageCode():en, lang.getCountryCode():US
12-24 17:30:47.000  4420  4420 E SamsungIME: lang.getLanguageCode():zh, lang.getCountryCode():CN
12-24 17:30:47.000  4420  4420 W SamsungIME: makeSelectedLanguageList:en_US;zh_CN;
12-24 17:30:47.000  4420  1688 E SamsungIME: sendInputLanguage() : zh_CN, en_US;zh_CN;
12-24 17:30:47.000  4420  4420 D HWManager: hideBoxHandwritingView
12-24 17:30:47.000  4420  4420 D HWManager: hideFSHandwritingView
12-24 17:30:47.000  4420  4420 D HWManager: hideBoxHandwritingView
12-24 17:30:47.000  4420  4420 D HWManager: hideFSHandwritingView
12-24 17:30:47.000  4420  4420 D SogouWrapper: clearContext()
12-24 17:30:47.000  4420  4420 D SogouWrapper: stopCloudInput()
12-24 17:30:47.000  4420  4420 D SogouWrapper: getInputTransResult()
12-24 17:30:47.000  4420  4420 D SamsungIME_UnifiedIME: setToolbarVisiblility, visible = false
12-24 17:30:47.000  4420  4420 D SamsungIME: Dismiss ExpandCandiate
12-24 17:30:47.000  4420  4420 D SogouWrapper: updateEngine()
12-24 17:30:47.000  4420  4420 D SogouWrapper: updateEngine() IME_TYPE_PINYIN IME_KEYBOARD_PHONE
12-24 17:30:47.000  4420  4420 D SogouWrapper: initIM() imeType : 2 keyboardMode : 1
12-24 17:30:47.000  4420  4420 D SogouWrapper: clearContext()
12-24 17:30:47.000  4420  4420 D SogouWrapper: stopCloudInput()
12-24 17:30:47.000  4420  4420 D SogouWrapper: getInputTransResult()
12-24 17:30:47.000  4420  4420 D SamsungIME_UnifiedIME: setToolbarVisiblility, visible = false
12-24 17:30:47.000  4420  4420 I SamsungIME: ET9CPLdbValidate : 10
12-24 17:30:47.010  4420  4420 D SamsungIME: ET9AW_LdbReadData : file is null
12-24 17:30:47.010  4420  4420 D SamsungIME: ET9AW_LdbReadData, ldbcode : 481
12-24 17:30:47.010  4420  4420 I SKBD Xt994Wrapper: setDLMLoadFlag() SMT_DB_TYPE true
12-24 17:30:47.010  4420  4420 I SKBD Xt994Wrapper: setDLMLoadFlag() SMT_DB_TYPE false
12-24 17:30:47.010  4420  4420 I SKBD Xt994Wrapper: setDLMLoadFlag() DLM_DB_TYPE true
12-24 17:30:47.010  4420  4420 I SKBD Xt994Wrapper: setDLMLoadFlag() DLM_DB_TYPE false
12-24 17:30:47.010  4420  4420 I SKBD Xt994Wrapper: setDLMLoadFlag() CDLM_DB_TYPE true
12-24 17:30:47.010  4420  4420 I SKBD Xt994Wrapper: setDLMLoadFlag() CDLM_DB_TYPE false
12-24 17:30:47.010  4420  4420 I SamsungIME: ET9CDLMInit : 2
12-24 17:30:47.010  4420  4420 D SamsungIME: isEnableAutoCorrection() mIsEnableAutoCorrection : true but s-chinese case
12-24 17:30:47.010  4420  4420 D SamsungIME: isEnableAutoCorrection() mIsEnableAutoCorrection : true but s-chinese case
12-24 17:30:47.010   847  2118 D ClipboardUIManager: ClipboardUIManager isShowingClipBoard()
12-24 17:30:47.010   847  2118 E ClipboardUIManager: Failed to get ClipboardService
12-24 17:30:47.010  4420  4420 I SamsungIME: getCurrentKeyboard
12-24 17:30:47.010  4420  4420 I SamsungIME: getNumberKeyboard
12-24 17:30:47.010  4420  4420 D SamsungIME: mIsUseStaticTouchRecognizedArea =  false
12-24 17:30:47.010  4420  4420 D SogouWrapper: setKeyboard()
12-24 17:30:47.010  4420  4420 D SamsungIME: isEnableAutoCorrection() mIsEnableAutoCorrection : true but s-chinese case
12-24 17:30:47.010  4420  4420 D SogouWrapper: setKeyboard() set auto-correct on
12-24 17:30:47.010  4420  4420 D SogouWrapper: updateParameter()
12-24 17:30:47.010  4420  4420 D SogouWrapper: updateParameter() disable slide input
12-24 17:30:47.010  4420  4420 D SogouWrapper: updateParameter() enable rare word input
12-24 17:30:47.010  4420  4420 D SogouWrapper: updateParameter() disable emoji prediction input
12-24 17:30:47.010  4420  4420 D SogouWrapper: updateParameter() enable email prediction input
12-24 17:30:47.010  4420  4420 D SogouWrapper: updateParameter() disable trad chinese input
12-24 17:30:47.010  4420  4420 D SogouWrapper: updateParameter() default associate disable
12-24 17:30:47.010  4420  4420 D HWManager: hideBoxHandwritingView
12-24 17:30:47.010  4420  4420 D HWManager: hideFSHandwritingView
12-24 17:30:47.010  4420  4420 D SogouWrapper: clearContext()
12-24 17:30:47.010  4420  4420 D SogouWrapper: stopCloudInput()
12-24 17:30:47.010  4420  4420 D SogouWrapper: getInputTransResult()
12-24 17:30:47.010  4420  4420 D SamsungIME_UnifiedIME: setToolbarVisiblility, visible = false
12-24 17:30:47.010  4420  4420 D SamsungIME: Dismiss ExpandCandiate
12-24 17:30:47.010  4420  4420 D SogouWrapper: updateEngine()
12-24 17:30:47.010  4420  4420 D SogouWrapper: updateEngine() IME_TYPE_PINYIN IME_KEYBOARD_PHONE
12-24 17:30:47.010  4420  4420 D SogouWrapper: initIM() imeType : 2 keyboardMode : 1
12-24 17:30:47.010  4420  4420 D SogouWrapper: clearContext()
12-24 17:30:47.010  4420  4420 D SogouWrapper: stopCloudInput()
12-24 17:30:47.010  4420  4420 D SogouWrapper: getInputTransResult()
12-24 17:30:47.010  4420  4420 D SamsungIME_UnifiedIME: setToolbarVisiblility, visible = false
12-24 17:30:47.010  4420  4420 I SamsungIME: ET9CPLdbValidate : 10
12-24 17:30:47.010   847  2122 D SettingsProvider: isChangeAllowed() SettingsProvider : name = sip_input_language
12-24 17:30:47.010   847  2126 D SettingsProvider: isChangeAllowed() SettingsProvider : name = handwriting_language_list
12-24 17:30:47.020  4420  4420 D SamsungIME: ET9AW_LdbReadData : file is null
12-24 17:30:47.020  4420  4420 D SamsungIME: ET9AW_LdbReadData, ldbcode : 481
12-24 17:30:47.020  4420  4420 I SKBD Xt994Wrapper: setDLMLoadFlag() SMT_DB_TYPE true
12-24 17:30:47.020  4420  4420 I SKBD Xt994Wrapper: setDLMLoadFlag() SMT_DB_TYPE false
12-24 17:30:47.020  4420  4420 I SKBD Xt994Wrapper: setDLMLoadFlag() DLM_DB_TYPE true
12-24 17:30:47.020  4420  4420 I SKBD Xt994Wrapper: setDLMLoadFlag() DLM_DB_TYPE false
12-24 17:30:47.020  4420  4420 I SKBD Xt994Wrapper: setDLMLoadFlag() CDLM_DB_TYPE true
12-24 17:30:47.020  4420  4420 I SKBD Xt994Wrapper: setDLMLoadFlag() CDLM_DB_TYPE false
12-24 17:30:47.020  4420  4420 I SamsungIME: ET9CDLMInit : 2
12-24 17:30:47.020  4420  4420 D SamsungIME: isEnableAutoCorrection() mIsEnableAutoCorrection : true but s-chinese case
12-24 17:30:47.020  4420  4420 D SamsungIME: isEnableAutoCorrection() mIsEnableAutoCorrection : true but s-chinese case
12-24 17:30:47.020 26932 26932 W IInputConnectionWrapper: getSelectedText on inactive InputConnection
12-24 17:30:47.020 26932 26932 W IInputConnectionWrapper: getTextBeforeCursor on inactive InputConnection
12-24 17:30:47.020 26932 26932 W IInputConnectionWrapper: getTextAfterCursor on inactive InputConnection
12-24 17:30:47.020  4420  4420 D SamsungIME: Dismiss ExpandCandiate
12-24 17:30:47.020  4420  4420 D SogouWrapper: clearContext()
12-24 17:30:47.020  4420  4420 D SogouWrapper: stopCloudInput()
12-24 17:30:47.020  4420  4420 D SogouWrapper: getInputTransResult()
12-24 17:30:47.020  4420  4420 D SamsungIME_UnifiedIME: setToolbarVisiblility, visible = false
12-24 17:30:47.020  4420  4420 D SogouWrapper: getInputTransResult()
12-24 17:30:47.020  4420  4420 D SamsungIME_UnifiedIME: setToolbarVisiblility, visible = false
12-24 17:30:47.030  4420  4420 D SamsungIME: startInputViewContinue : true true
12-24 17:30:47.030  4420  4420 D SamsungIME: [showDiscoverability] this is auto replacement discoverity popup
12-24 17:30:47.030  4420  4420 D SamsungIME: conditions for show dialog : true false true false
12-24 17:30:47.030  4420  4420 D SamsungIME: showDlgMsgBox : true true true
12-24 17:30:47.030  4420  4420 D SamsungIME: showDlgMsgBox inner condition : true true
12-24 17:30:47.030  4420  4420 I SamsungIME: [IMI] startInputView - caller pid : 26932, caller uid : 10441
12-24 17:30:47.030  4420  4420 D HWManager: hideBoxHandwritingView
12-24 17:30:47.030  4420  4420 D HWManager: hideFSHandwritingView
12-24 17:30:47.030  4420  1690 W ContextImpl: Calling a method in the system process without a qualified user: android.app.ContextImpl.sendBroadcast:834 android.content.ContextWrapper.sendBroadcast:410 com.sec.android.inputmethod.base.common.InputManagerImpl$43.run:13417 java.lang.Thread.run:818 <bottom of call stack> 
12-24 17:30:47.040   847  1786 D ClipboardUIManager: ClipboardUIManager isShowingClipBoard()
12-24 17:30:47.040   847  1786 E ClipboardUIManager: Failed to get ClipboardService
12-24 17:30:47.040  4420  4420 D ViewRootImpl: ViewPostImeInputStage processPointer 0
12-24 17:30:47.040  4420  4420 D ViewRootImpl: ViewPostImeInputStage processPointer 1
12-24 17:30:47.040 30031 30031 E File    : fail readDirectory() errno=13
12-24 17:30:47.040   847  1230 I InputDispatcher: Delivering key to (26932): action: 0x0 (0)
12-24 17:30:47.040 30031 30031 E File    : fail readDirectory() errno=13
12-24 17:30:47.040  4420  1691 D InputMethodFrameWorkUtils: InputMethodSubtype is found as local:zh_CN
12-24 17:30:47.040  4420  4420 W ContextImpl: Calling a method in the system process without a qualified user: android.app.ContextImpl.sendBroadcast:834 android.content.ContextWrapper.sendBroadcast:410 android.inputmethodservice.InputMethodService.sendInputViewShownState:443 android.inputmethodservice.InputMethodService.showWindow:2092 android.inputmethodservice.InputMethodService$InputMethodImpl.showSoftInput:651 
12-24 17:30:47.040  4420  1691 W ContextImpl: Calling a method in the system process without a qualified user: android.app.ContextImpl.sendBroadcast:834 android.content.ContextWrapper.sendBroadcast:410 com.sec.android.inputmethod.inputmethodframework.InputMethodFrameWorkUtils$1.run:51 java.lang.Thread.run:818 <bottom of call stack> 
12-24 17:30:47.040   847   847 D InputMethodManagerService: [HARDWARE_KEYBOARD] (refreshImeWindowVis) isChineseRegion = true, isFolderPhone= false isFolderOpen = false hardKeyShown = false
12-24 17:30:47.040   847   847 D InputMethodManagerService: [HARDWARE_KEYBOARD] (refreshImeWindowVis) mImeWindowVis= 3 inputVisible = truehaveHardKeyboard = false hardKeyShown = false
12-24 17:30:47.050   847  1230 D InputDispatcher: Waiting for application to become ready for input: 26932.  Reason: Waiting to send key event because the focused window has not finished processing all of the input events that were previously delivered to it.  Outbound queue length: 0.  Wait queue length: 1.
12-24 17:30:47.050   847   865 D ApplicationPolicy: isStatusBarNotificationAllowedAsUser: packageName = android,userId = -1
12-24 17:30:47.060 26932 26932 D ViewRootImpl: ViewPostImeInputStage processKey 0
12-24 17:30:47.060   847  1230 I InputDispatcher: Delivering key to (26932): action: 0x1 (0)
12-24 17:30:47.060 30031 30031 E File    : fail readDirectory() errno=13
12-24 17:30:47.060 26101 26101 D EventStateReceiver: [c] IS_VISIBLE_WINDOW #1:true, IS_MOVABLE_KEYPAD:false
12-24 17:30:47.060 26101 26101 E EventStateReceiver: mIsOpenIME:true  isOpenIME:true
12-24 17:30:47.060  4420  4420 E SamsungIME: <AbstractKeyboardView> - onDraw() called
12-24 17:30:47.060   847  1003 V BroadcastQueue: [background] Process cur broadcast BroadcastRecord{458e521 u0 ResponseAxT9Info qIdx=4}, state= (APP_RECEIVE) DELIVERED for app ProcessRecord{63df037 26101:com.bst.airmessage/u0a1}
12-24 17:30:47.070  4420  1691 D InputMethodFrameWorkUtils: InputMethodSubtype is set as local:zh_CN
12-24 17:30:47.080  4420  4420 I SamsungIME: drawAllKey
12-24 17:30:47.080 27537 27537 E ProxyStatusReceiver: no this type!
12-24 17:30:47.080   847  4320 V BroadcastQueue: [background] Process cur broadcast BroadcastRecord{458e521 u0 ResponseAxT9Info qIdx=4}, state= (APP_RECEIVE) DELIVERED for app ProcessRecord{b27e90e 27537:com.bst.floatingmsgproxy/u0a1}
12-24 17:30:47.100   847   847 W ResourcesManager: getTopLevelResources: /system/framework/framework-res.apk / 1.0 running in null rsrc of package null
12-24 17:30:47.100   847   847 D MARsPolicyManager: NotificationListenerService OngoingNotificationPosted : android
12-24 17:30:47.110 30031 30031 E File    : fail readDirectory() errno=13
12-24 17:30:47.110 30031 30031 E File    : fail readDirectory() errno=13
12-24 17:30:47.110 30031 30031 E File    : fail readDirectory() errno=13
12-24 17:30:47.110  1325  1325 D StatusBar: ----- contentsUnchanged : true, bigContentsUnchanged - true, headsUpContentsUnchanged - true , publicUnchanged true
12-24 17:30:47.110 30031 30031 E File    : fail readDirectory() errno=13
12-24 17:30:47.120 30031 30031 E File    : fail readDirectory() errno=13
12-24 17:30:47.120 30031 30031 E File    : fail readDirectory() errno=13
12-24 17:30:47.120 30031 30031 E File    : fail readDirectory() errno=13
12-24 17:30:47.120   847  1786 D ClipboardUIManager: ClipboardUIManager isShowingClipBoard()
12-24 17:30:47.120   847  1786 E ClipboardUIManager: Failed to get ClipboardService
12-24 17:30:47.120 30031 30031 E File    : fail readDirectory() errno=13
12-24 17:30:47.120 30031 30031 E File    : fail readDirectory() errno=13
12-24 17:30:47.120 30031 30031 E File    : fail readDirectory() errno=13
12-24 17:30:47.130 30031 30031 E File    : fail readDirectory() errno=13
12-24 17:30:47.130  1325  1325 D PanelView: kidsfalse mQsExpansionEnabled:true
12-24 17:30:47.130 30031 30031 E File    : fail readDirectory() errno=13
12-24 17:30:47.130 30031 30031 E File    : fail readDirectory() errno=13
12-24 17:30:47.140 30031 30031 E File    : fail readDirectory() errno=13
12-24 17:30:47.140 30031 30031 E File    : fail readDirectory() errno=13
12-24 17:30:47.140 30031 30031 E File    : fail readDirectory() errno=13
12-24 17:30:47.150 30031 30031 E File    : fail readDirectory() errno=13
12-24 17:30:47.150 26932 26932 D ViewRootImpl: ViewPostImeInputStage processKey 1
12-24 17:30:47.150 30031 30031 E File    : fail readDirectory() errno=13
12-24 17:30:47.150 30031 30031 E File    : fail readDirectory() errno=13
12-24 17:30:47.150 30031 30031 E File    : fail readDirectory() errno=13
12-24 17:30:47.150 30031 30031 E File    : fail readDirectory() errno=13
12-24 17:30:47.150   847  1230 D InputDispatcher: Waiting for application to become ready for input: 26932.  Reason: Waiting to send key event because the focused window has not finished processing all of the input events that were previously delivered to it.  Outbound queue length: 0.  Wait queue length: 20.
12-24 17:30:47.160  1325  1325 D PanelView: kidsfalse mQsExpansionEnabled:true
12-24 17:30:47.170   847   861 I art     : Background partial concurrent mark sweep GC freed 139896(7MB) AllocSpace objects, 23(2MB) LOS objects, 22% free, 54MB/70MB, paused 8.892ms total 315.046ms
12-24 17:30:47.240  4420  4420 D HWManager: hideBoxHandwritingView
12-24 17:30:47.240  4420  4420 D HWManager: hideFSHandwritingView
12-24 17:30:47.240  4420  4420 D HWManager: dismissHandwritingView 
12-24 17:30:47.240  4420  4420 E KeyboardInfoUtils: getInstance start
12-24 17:30:47.240  4420  4420 E KeyboardInfoUtils: sendSIPInformation state:6  isAbstractKeyboardView : false
12-24 17:30:47.240  4420  4420 D SamsungIME_UnifiedIME: InputManagerImpl, mCloudHandler: 72
12-24 17:30:47.240  4420  4420 D SogouWrapper: getInputTransResult()
12-24 17:30:47.240  4420  4420 D SamsungIME_UnifiedIME: setToolbarVisiblility, visible = false
12-24 17:30:47.240  4420  4420 D SamsungIME: IMPL finishInput
12-24 17:30:47.240   847  1230 I InputDispatcher: Delivering key to (26932): action: 0x0 (0)
12-24 17:30:47.240 30031 30031 E File    : fail readDirectory() errno=13
12-24 17:30:47.240  4420  4420 D SamsungIME: onStartInput: No inputType, No imeOption, isInputViewShown = true, isExtractViewShown = false, isShowInputRequested = true, isConfigChanged = false
12-24 17:30:47.240  4420  4420 D SamsungIME: onStartInputView: No inputType, No imeOption, isInputViewShown = true, isExtractViewShown = false, isShowInputRequested = true, isConfigChanged = false
12-24 17:30:47.250   847  1230 D InputDispatcher: Waiting for application to become ready for input: 26932.  Reason: Waiting to send key event because the focused window has not finished processing all of the input events that were previously delivered to it.  Outbound queue length: 0.  Wait queue length: 1.
12-24 17:30:47.250 26932 26932 D ViewRootImpl: ViewPostImeInputStage processKey 1
12-24 17:30:47.250 26932 26932 D ViewRootImpl: ViewPostImeInputStage processKey 0
12-24 17:30:47.250   847  2124 D ClipboardUIManager: ClipboardUIManager isShowingClipBoard()
12-24 17:30:47.250   847  2124 E ClipboardUIManager: Failed to get ClipboardService
12-24 17:30:47.250 26932 26932 D ViewRootImpl: ViewPostImeInputStage processKey 1
12-24 17:30:47.250 26932 26932 D ViewRootImpl: ViewPostImeInputStage processKey 0
12-24 17:30:47.250   847  1644 D ApplicationPolicy: isStatusBarNotificationAllowedAsUser: packageName = android,userId = -1
12-24 17:30:47.250  4420  4420 W ContextImpl: Calling a method in the system process without a qualified user: android.app.ContextImpl.sendBroadcast:834 android.content.ContextWrapper.sendBroadcast:410 android.inputmethodservice.InputMethodService.sendInputViewShownState:443 android.inputmethodservice.InputMethodService.showWindow:2092 android.inputmethodservice.InputMethodService$InputMethodImpl.showSoftInput:651 
12-24 17:30:47.250   847   847 D InputMethodManagerService: [HARDWARE_KEYBOARD] (refreshImeWindowVis) isChineseRegion = true, isFolderPhone= false isFolderOpen = false hardKeyShown = false
12-24 17:30:47.250   847   847 D InputMethodManagerService: [HARDWARE_KEYBOARD] (refreshImeWindowVis) mImeWindowVis= 3 inputVisible = truehaveHardKeyboard = false hardKeyShown = false
12-24 17:30:47.260   847  1354 D ClipboardUIManager: ClipboardUIManager isShowingClipBoard()
12-24 17:30:47.260  4420  4420 E SamsungIME: <AbstractKeyboardView> - onDraw() called
12-24 17:30:47.260  4420  4420 E SamsungIME: resetNeedToLoadHwrLibrary : 1
12-24 17:30:47.260   847  1354 E ClipboardUIManager: Failed to get ClipboardService
12-24 17:30:47.260   847  1003 V BroadcastQueue: [background] Process cur broadcast BroadcastRecord{82fcd46 u0 ResponseAxT9Info qIdx=4}, state= (APP_RECEIVE) DELIVERED for app ProcessRecord{63df037 26101:com.bst.airmessage/u0a1}
12-24 17:30:47.270 26101 26101 D EventStateReceiver: [c] IS_VISIBLE_WINDOW #1:true, IS_MOVABLE_KEYPAD:false
12-24 17:30:47.270 26101 26101 E EventStateReceiver: mIsOpenIME:true  isOpenIME:true
12-24 17:30:47.270   847   847 D MARsPolicyManager: NotificationListenerService OngoingNotificationPosted : android
12-24 17:30:47.280   847  1713 V BroadcastQueue: [background] Process cur broadcast BroadcastRecord{82fcd46 u0 ResponseAxT9Info qIdx=4}, state= (APP_RECEIVE) DELIVERED for app ProcessRecord{b27e90e 27537:com.bst.floatingmsgproxy/u0a1}
12-24 17:30:47.290 26932 26932 D ViewRootImpl: ViewPostImeInputStage processKey 1
12-24 17:30:47.290 26932 26932 D ViewRootImpl: ViewPostImeInputStage processKey 0
12-24 17:30:47.290 26932 26932 D ViewRootImpl: ViewPostImeInputStage processKey 1
12-24 17:30:47.290 26932 26932 D ViewRootImpl: ViewPostImeInputStage processKey 2
12-24 17:30:47.290 26932 26932 D ViewRootImpl: ViewPostImeInputStage processKey 0
12-24 17:30:47.290 27537 27537 E ProxyStatusReceiver: no this type!
12-24 17:30:47.290 26932 26932 D ViewRootImpl: ViewPostImeInputStage processKey 1
12-24 17:30:47.290 26932 26932 D ViewRootImpl: ViewPostImeInputStage processKey 0
12-24 17:30:47.290  1325  1325 D StatusBar: ----- contentsUnchanged : true, bigContentsUnchanged - true, headsUpContentsUnchanged - true , publicUnchanged true
12-24 17:30:47.290 26932 26932 D ViewRootImpl: ViewPostImeInputStage processKey 1
12-24 17:30:47.290 26932 26932 D ViewRootImpl: ViewPostImeInputStage processKey 0
12-24 17:30:47.290 26932 26932 D ViewRootImpl: ViewPostImeInputStage processKey 1
12-24 17:30:47.290 26932 26932 D ViewRootImpl: ViewPostImeInputStage processKey 0
12-24 17:30:47.290   847  1230 I InputDispatcher: Delivering key to (26932): action: 0x1 (0)
12-24 17:30:47.290 30031 30031 E File    : fail readDirectory() errno=13
12-24 17:30:47.310  1325  1325 D PanelView: kidsfalse mQsExpansionEnabled:true
12-24 17:30:47.310 26932 26932 W IInputConnectionWrapper: performPrivateCommand on inactive InputConnection
12-24 17:30:47.320  1325  1325 D PanelView: kidsfalse mQsExpansionEnabled:true
12-24 17:30:47.340 30031 30031 E File    : fail readDirectory() errno=13
12-24 17:30:47.350 30031 30031 E File    : fail readDirectory() errno=13
12-24 17:30:47.350  4420  4420 D HWManager: hideBoxHandwritingView
12-24 17:30:47.350  4420  4420 D HWManager: hideFSHandwritingView
12-24 17:30:47.350  4420  4420 D HWManager: dismissHandwritingView 
12-24 17:30:47.350  4420  4420 E KeyboardInfoUtils: getInstance start
12-24 17:30:47.350  4420  4420 E KeyboardInfoUtils: sendSIPInformation state:6  isAbstractKeyboardView : false
12-24 17:30:47.350  4420  4420 D SamsungIME_UnifiedIME: InputManagerImpl, mCloudHandler: 72
12-24 17:30:47.350 30031 30031 E File    : fail readDirectory() errno=13
12-24 17:30:47.350  4420  4420 D SogouWrapper: getInputTransResult()
12-24 17:30:47.350  4420  4420 D SamsungIME_UnifiedIME: setToolbarVisiblility, visible = false
12-24 17:30:47.350  4420  4420 D SamsungIME: IMPL finishInput
12-24 17:30:47.350 30031 30031 E File    : fail readDirectory() errno=13
12-24 17:30:47.350  4420  4420 D SogouWrapper: clearContext()
12-24 17:30:47.350  4420  4420 D SogouWrapper: stopCloudInput()
12-24 17:30:47.350  4420  4420 D SogouWrapper: getInputTransResult()
12-24 17:30:47.350 30031 30031 E File    : fail readDirectory() errno=13
12-24 17:30:47.350  4420  4420 E SamsungIME: resetNeedToLoadHwrLibrary : 1
12-24 17:30:47.350  4420  4420 D SogouWrapper: getInputTransResult()
12-24 17:30:47.350  4420  4420 D SamsungIME_UnifiedIME: setToolbarVisiblility, visible = false
12-24 17:30:47.350  4420  4420 D SamsungIME: onStartInputView requsted restarting value = false
12-24 17:30:47.350  4420  4420 D SamsungIME: onStartInputView After call super -  restarting value = false
12-24 17:30:47.350 30031 30031 E File    : fail readDirectory() errno=13
12-24 17:30:47.360  4420  4420 D SamsungIME: disable handwriting input icon : handwriting is not enabled or improper edit field
12-24 17:30:47.360 26932 26932 D ViewRootImpl: ViewPostImeInputStage processKey 1
12-24 17:30:47.360 30031 30031 E File    : fail readDirectory() errno=13
12-24 17:30:47.360 30031 30031 E File    : fail readDirectory() errno=13
12-24 17:30:47.360  4420  4420 D SamsungIME_HWR: DynamicHwrLoadPerf, InitHwrLib time = 0 ms
12-24 17:30:47.360  4420  4420 D SamsungIME_HWR: DynamicHwrLoadPerf, setAvailableHWRLanguage time = 0 ms
12-24 17:30:47.360  4420  4420 D SamsungIME_HWR: DynamicHwrLoadPerf, updateHwrInputModule time = 1 ms
12-24 17:30:47.360 30031 30031 E File    : fail readDirectory() errno=13
12-24 17:30:47.360 30031 30031 E File    : fail readDirectory() errno=13
12-24 17:30:47.360 30031 30031 E File    : fail readDirectory() errno=13
12-24 17:30:47.360  4420  4420 D DragonTrigger: isVoiceSupportedModelWithoutSvoice : true device : klte
12-24 17:30:47.370 30031 30031 E File    : fail readDirectory() errno=13
12-24 17:30:47.370  4420  4420 D SamsungIME: [startInputView] info.inputType = 2 info.imeOptions = 469762053
12-24 17:30:47.370  4420  4420 I SamsungIME: Update SetupWizard State usc : 1 pss : false
12-24 17:30:47.370 30031 30031 E File    : fail readDirectory() errno=13
12-24 17:30:47.370 30031 30031 E File    : fail readDirectory() errno=13
12-24 17:30:47.370 30031 30031 E File    : fail readDirectory() errno=13
12-24 17:30:47.370  4420  4420 I SamsungIME: Update SetupWizard State usc : 1 pss : false
12-24 17:30:47.370 30031 30031 E File    : fail readDirectory() errno=13
12-24 17:30:47.370 30031 30031 E File    : fail readDirectory() errno=13
12-24 17:30:47.370 30031 30031 E File    : fail readDirectory() errno=13
12-24 17:30:47.370   847  1705 D SettingsProvider: isChangeAllowed() SettingsProvider : name = onehand_direction
12-24 17:30:47.380 30031 30031 E File    : fail readDirectory() errno=13
12-24 17:30:47.380 30031 30031 E File    : fail readDirectory() errno=13
12-24 17:30:47.380  4420  4420 D DragonTrigger: isVoiceSupportedModelWithoutSvoice : true device : klte
12-24 17:30:47.380 30031 30031 E File    : fail readDirectory() errno=13
12-24 17:30:47.380   847  1230 I InputDispatcher: Delivering touch to (26932): action: 0x0, toolType: 0
12-24 17:30:47.380 30031 30031 E File    : fail readDirectory() errno=13
12-24 17:30:47.380   847  1230 I InputDispatcher: Delivering touch to (26932): action: 0x1, toolType: 0
12-24 17:30:47.380 30031 30031 E File    : fail readDirectory() errno=13
12-24 17:30:47.390  4420  4420 D SogouWrapper: updateEngine()
12-24 17:30:47.390  4420  4420 D SogouWrapper: updateEngine() IME_TYPE_PINYIN IME_KEYBOARD_PHONE
12-24 17:30:47.390  4420  4420 D SogouWrapper: initIM() imeType : 2 keyboardMode : 1
12-24 17:30:47.390  4420  4420 D SogouWrapper: clearContext()
12-24 17:30:47.390  4420  4420 D SogouWrapper: stopCloudInput()
12-24 17:30:47.390  4420  4420 D SogouWrapper: getInputTransResult()
12-24 17:30:47.390  4420  4420 D SamsungIME_UnifiedIME: setToolbarVisiblility, visible = false
12-24 17:30:47.390  4420  4420 I SamsungIME: ET9CPLdbValidate : 10
12-24 17:30:47.390  4420  4420 D SamsungIME: ET9AW_LdbReadData : file is null
12-24 17:30:47.390  4420  4420 D SamsungIME: ET9AW_LdbReadData, ldbcode : 481
12-24 17:30:47.390  4420  4420 I SKBD Xt994Wrapper: setDLMLoadFlag() SMT_DB_TYPE true
12-24 17:30:47.390  4420  4420 I SKBD Xt994Wrapper: setDLMLoadFlag() SMT_DB_TYPE false
12-24 17:30:47.390 26932 26932 W IInputConnectionWrapper: performPrivateCommand on inactive InputConnection
12-24 17:30:47.390  4420  4420 I SKBD Xt994Wrapper: setDLMLoadFlag() DLM_DB_TYPE true
12-24 17:30:47.390  4420  4420 I SKBD Xt994Wrapper: setDLMLoadFlag() DLM_DB_TYPE false
12-24 17:30:47.390  4420  4420 I SKBD Xt994Wrapper: setDLMLoadFlag() CDLM_DB_TYPE true
12-24 17:30:47.390  4420  4420 I SKBD Xt994Wrapper: setDLMLoadFlag() CDLM_DB_TYPE false
12-24 17:30:47.390  4420  4420 I SamsungIME: ET9CDLMInit : 2
12-24 17:30:47.390  4420  4420 D SamsungIME: isEnableAutoCorrection() mIsEnableAutoCorrection : true but s-chinese case
12-24 17:30:47.390  4420  4420 D SamsungIME: isEnableAutoCorrection() mIsEnableAutoCorrection : true but s-chinese case
12-24 17:30:47.390  4420  4420 E SamsungIME: lang.getLanguageCode():en, lang.getCountryCode():US
12-24 17:30:47.390  4420  4420 E SamsungIME: lang.getLanguageCode():zh, lang.getCountryCode():CN
12-24 17:30:47.390  4420  4420 W SamsungIME: makeSelectedLanguageList:en_US;zh_CN;
12-24 17:30:47.390  4420  4420 W ContextImpl: Calling a method in the system process without a qualified user: android.app.ContextImpl.sendBroadcast:834 android.content.ContextWrapper.sendBroadcast:410 com.sec.android.inputmethod.base.common.InputManagerImpl.sendInputLanguage:13627 com.sec.android.inputmethod.base.common.InputManagerImpl.initDefaultLanguage:8220 com.sec.android.inputmethod.base.common.InputManagerImpl.initSelectedLanguage:8466 
12-24 17:30:47.400  4420  4420 I SamsungIME: [IMI] isChangedMainValues - bRetVal : true
12-24 17:30:47.400  4420  1703 E SamsungIME: sendInputLanguage() : zh_CN, en_US;zh_CN;
12-24 17:30:47.400   847  1365 D SettingsProvider: isChangeAllowed() SettingsProvider : name = sip_input_language
12-24 17:30:47.400   847   864 D SettingsProvider: isChangeAllowed() SettingsProvider : name = handwriting_language_list
12-24 17:30:47.430 30031 30031 E File    : fail readDirectory() errno=13
12-24 17:30:47.440   847  1230 I InputDispatcher: Delivering touch to (1325): action: 0x4, toolType: 0
12-24 17:30:47.440   847  1230 I InputDispatcher: Delivering touch to (26101): action: 0x4, toolType: 0
12-24 17:30:47.440   847  1230 I InputDispatcher: Delivering touch to (26932): action: 0x0, toolType: 0
12-24 17:30:47.440 26101 26101 D AutoHideHelper: ###check Single invalid
12-24 17:30:47.440 30031 30031 E File    : fail readDirectory() errno=13
12-24 17:30:47.440   847  1230 I InputDispatcher: Delivering touch to (26932): action: 0x1, toolType: 0
12-24 17:30:47.440 30031 30031 E File    : fail readDirectory() errno=13
12-24 17:30:47.440 26932 26932 D ViewRootImpl: ViewPostImeInputStage processPointer 0
12-24 17:30:47.440 26932 26932 D ViewRootImpl: ViewPostImeInputStage processPointer 1
12-24 17:30:47.440   847  1644 D ClipboardUIManager: ClipboardUIManager isShowingClipBoard()
12-24 17:30:47.440   847  1644 E ClipboardUIManager: Failed to get ClipboardService
12-24 17:30:47.480  4420  4420 D HWManager: hideBoxHandwritingView
12-24 17:30:47.480  4420  4420 D HWManager: hideFSHandwritingView
12-24 17:30:47.480  4420  4420 D SogouWrapper: clearContext()
12-24 17:30:47.480  4420  4420 D SogouWrapper: stopCloudInput()
12-24 17:30:47.480  4420  4420 D SogouWrapper: getInputTransResult()
12-24 17:30:47.480  4420  4420 D SamsungIME_UnifiedIME: setToolbarVisiblility, visible = false
12-24 17:30:47.480  4420  4420 D SamsungIME: Dismiss ExpandCandiate
12-24 17:30:47.480  4420  4420 D SogouWrapper: updateEngine()
12-24 17:30:47.480  4420  4420 D SogouWrapper: updateEngine() IME_TYPE_PINYIN IME_KEYBOARD_PHONE
12-24 17:30:47.480  4420  4420 D SogouWrapper: initIM() imeType : 2 keyboardMode : 1
12-24 17:30:47.480  4420  4420 D SogouWrapper: clearContext()
12-24 17:30:47.480  4420  4420 D SogouWrapper: stopCloudInput()
12-24 17:30:47.480  4420  4420 D SogouWrapper: getInputTransResult()
12-24 17:30:47.480  4420  4420 D SamsungIME_UnifiedIME: setToolbarVisiblility, visible = false
12-24 17:30:47.480  4420  4420 I SamsungIME: ET9CPLdbValidate : 10
12-24 17:30:47.480  4420  4420 D SamsungIME: ET9AW_LdbReadData : file is null
12-24 17:30:47.480  4420  4420 D SamsungIME: ET9AW_LdbReadData, ldbcode : 481
12-24 17:30:47.480  4420  4420 I SKBD Xt994Wrapper: setDLMLoadFlag() SMT_DB_TYPE true
12-24 17:30:47.480  4420  4420 I SKBD Xt994Wrapper: setDLMLoadFlag() SMT_DB_TYPE false
12-24 17:30:47.480  4420  4420 I SKBD Xt994Wrapper: setDLMLoadFlag() DLM_DB_TYPE true
12-24 17:30:47.490  4420  4420 I SKBD Xt994Wrapper: setDLMLoadFlag() DLM_DB_TYPE false
12-24 17:30:47.490  4420  4420 I SKBD Xt994Wrapper: setDLMLoadFlag() CDLM_DB_TYPE true
12-24 17:30:47.490  4420  4420 I SKBD Xt994Wrapper: setDLMLoadFlag() CDLM_DB_TYPE false
12-24 17:30:47.490  4420  4420 I SamsungIME: ET9CDLMInit : 2
12-24 17:30:47.490  4420  4420 D SamsungIME: isEnableAutoCorrection() mIsEnableAutoCorrection : true but s-chinese case
12-24 17:30:47.490  4420  4420 D SamsungIME: isEnableAutoCorrection() mIsEnableAutoCorrection : true but s-chinese case
12-24 17:30:47.490  4420  4420 D HWManager: hideBoxHandwritingView
12-24 17:30:47.490  4420  4420 D HWManager: hideFSHandwritingView
12-24 17:30:47.490  4420  4420 D SogouWrapper: clearContext()
12-24 17:30:47.490  4420  4420 D SogouWrapper: stopCloudInput()
12-24 17:30:47.490  4420  4420 D SogouWrapper: getInputTransResult()
12-24 17:30:47.490  4420  4420 D SamsungIME_UnifiedIME: setToolbarVisiblility, visible = false
12-24 17:30:47.490  4420  4420 D SamsungIME: Dismiss ExpandCandiate
12-24 17:30:47.490  4420  4420 D SogouWrapper: updateEngine()
12-24 17:30:47.490  4420  4420 D SogouWrapper: updateEngine() IME_TYPE_PINYIN IME_KEYBOARD_PHONE
12-24 17:30:47.490  4420  4420 D SogouWrapper: initIM() imeType : 2 keyboardMode : 1
12-24 17:30:47.490  4420  4420 D SogouWrapper: clearContext()
12-24 17:30:47.490  4420  4420 D SogouWrapper: stopCloudInput()
12-24 17:30:47.490  4420  4420 D SogouWrapper: getInputTransResult()
12-24 17:30:47.490  4420  4420 D SamsungIME_UnifiedIME: setToolbarVisiblility, visible = false
12-24 17:30:47.490  4420  4420 I SamsungIME: ET9CPLdbValidate : 10
12-24 17:30:47.490  4420  4420 D SamsungIME: ET9AW_LdbReadData : file is null
12-24 17:30:47.490  4420  4420 D SamsungIME: ET9AW_LdbReadData, ldbcode : 481
12-24 17:30:47.490  4420  4420 I SKBD Xt994Wrapper: setDLMLoadFlag() SMT_DB_TYPE true
12-24 17:30:47.490  4420  4420 I SKBD Xt994Wrapper: setDLMLoadFlag() SMT_DB_TYPE false
12-24 17:30:47.490 30031 30031 E File    : fail readDirectory() errno=13
12-24 17:30:47.490  4420  4420 I SKBD Xt994Wrapper: setDLMLoadFlag() DLM_DB_TYPE true
12-24 17:30:47.490  4420  4420 I SKBD Xt994Wrapper: setDLMLoadFlag() DLM_DB_TYPE false
12-24 17:30:47.490  4420  4420 I SKBD Xt994Wrapper: setDLMLoadFlag() CDLM_DB_TYPE true
12-24 17:30:47.490  4420  4420 I SKBD Xt994Wrapper: setDLMLoadFlag() CDLM_DB_TYPE false
12-24 17:30:47.490   847  1230 I InputDispatcher: Delivering key to (26932): action: 0x0 (0)
12-24 17:30:47.490 30031 30031 E File    : fail readDirectory() errno=13
12-24 17:30:47.490  4420  4420 I SamsungIME: ET9CDLMInit : 2
12-24 17:30:47.490  4420  4420 D SamsungIME: isEnableAutoCorrection() mIsEnableAutoCorrection : true but s-chinese case
12-24 17:30:47.490  4420  4420 D SamsungIME: isEnableAutoCorrection() mIsEnableAutoCorrection : true but s-chinese case
12-24 17:30:47.490  4420  4420 D HWManager: hideBoxHandwritingView
12-24 17:30:47.490  4420  4420 D HWManager: hideFSHandwritingView
12-24 17:30:47.490   847  1230 D InputDispatcher: Waiting for application to become ready for input: 26932.  Reason: Waiting to send key event because the focused window has not finished processing all of the input events that were previously delivered to it.  Outbound queue length: 0.  Wait queue length: 1.
12-24 17:30:47.500  4420  4420 D SogouWrapper: clearContext()
12-24 17:30:47.500  4420  4420 D SogouWrapper: stopCloudInput()
12-24 17:30:47.500  4420  4420 D SogouWrapper: getInputTransResult()
12-24 17:30:47.500  4420  4420 D SamsungIME_UnifiedIME: setToolbarVisiblility, visible = false
12-24 17:30:47.500  4420  4420 D SamsungIME: Dismiss ExpandCandiate
12-24 17:30:47.500  4420  4420 D SogouWrapper: updateEngine()
12-24 17:30:47.500  4420  4420 D SogouWrapper: updateEngine() IME_TYPE_PINYIN IME_KEYBOARD_PHONE
12-24 17:30:47.500  4420  4420 D SogouWrapper: initIM() imeType : 2 keyboardMode : 1
12-24 17:30:47.500  4420  4420 D SogouWrapper: clearContext()
12-24 17:30:47.500  4420  4420 D SogouWrapper: stopCloudInput()
12-24 17:30:47.500  4420  4420 D SogouWrapper: getInputTransResult()
12-24 17:30:47.500  4420  4420 D SamsungIME_UnifiedIME: setToolbarVisiblility, visible = false
12-24 17:30:47.500  4420  4420 I SamsungIME: ET9CPLdbValidate : 10
12-24 17:30:47.500  4420  4420 D SamsungIME: ET9AW_LdbReadData : file is null
12-24 17:30:47.500  4420  4420 D SamsungIME: ET9AW_LdbReadData, ldbcode : 481
12-24 17:30:47.500  4420  4420 I SKBD Xt994Wrapper: setDLMLoadFlag() SMT_DB_TYPE true
12-24 17:30:47.500  4420  4420 I SKBD Xt994Wrapper: setDLMLoadFlag() SMT_DB_TYPE false
12-24 17:30:47.500  4420  4420 I SKBD Xt994Wrapper: setDLMLoadFlag() DLM_DB_TYPE true
12-24 17:30:47.500  4420  4420 I SKBD Xt994Wrapper: setDLMLoadFlag() DLM_DB_TYPE false
12-24 17:30:47.500  4420  4420 I SKBD Xt994Wrapper: setDLMLoadFlag() CDLM_DB_TYPE true
12-24 17:30:47.500  4420  4420 I SKBD Xt994Wrapper: setDLMLoadFlag() CDLM_DB_TYPE false
12-24 17:30:47.500  4420  4420 I SamsungIME: ET9CDLMInit : 2
12-24 17:30:47.500  4420  4420 D SamsungIME: isEnableAutoCorrection() mIsEnableAutoCorrection : true but s-chinese case
12-24 17:30:47.500  4420  4420 D SamsungIME: isEnableAutoCorrection() mIsEnableAutoCorrection : true but s-chinese case
12-24 17:30:47.500  4420  4420 D SamsungIME: [AbstractKeyboardView] onDetachedFromWindow.
12-24 17:30:47.510  4420  4420 I SamsungIME: getDebugLevel  : 0x4f4c
12-24 17:30:47.510  4420  4420 I SamsungIME: KeybaordView init() : load resources
12-24 17:30:47.510   847  1558 E Watchdog: !@Sync 1136 [12-24 17:30:47.526]
12-24 17:30:47.520  4420  4420 I SamsungIME: getCurrentKeyboard
12-24 17:30:47.520  4420  4420 I SamsungIME: getNumberKeyboard
12-24 17:30:47.520  4420  4420 D SamsungIME: mDisplayWidth is 1080
12-24 17:30:47.520  4420  4420 D SamsungIME: mDisplayHeight is 1920
12-24 17:30:47.520  4420  4420 D SamsungIME: isOrientationLandscape false
12-24 17:30:47.520  4420  4420 D SamsungIME: mDisplayWidth is 1080
12-24 17:30:47.520  4420  4420 D SamsungIME: mDisplayHeight is 1920
12-24 17:30:47.520  4420  4420 D SamsungIME: isOrientationLandscape false
12-24 17:30:47.520  4420  4420 D SamsungIME: mIsUseStaticTouchRecognizedArea =  false
12-24 17:30:47.520  4420  4420 D SogouWrapper: setKeyboard()
12-24 17:30:47.520  4420  4420 D SamsungIME: isEnableAutoCorrection() mIsEnableAutoCorrection : true but s-chinese case
12-24 17:30:47.520  4420  4420 D SogouWrapper: setKeyboard() set auto-correct on
12-24 17:30:47.520  4420  4420 D SogouWrapper: updateParameter()
12-24 17:30:47.520  4420  4420 D SogouWrapper: updateParameter() disable slide input
12-24 17:30:47.520  4420  4420 D SogouWrapper: updateParameter() enable rare word input
12-24 17:30:47.520  4420  4420 D SogouWrapper: updateParameter() disable emoji prediction input
12-24 17:30:47.520  4420  4420 D SogouWrapper: updateParameter() enable email prediction input
12-24 17:30:47.520  4420  4420 D SogouWrapper: updateParameter() disable trad chinese input
12-24 17:30:47.520  4420  4420 D SogouWrapper: updateParameter() default associate disable
12-24 17:30:47.550  4420  4420 D SamsungIME: Magnification Enabled = false
12-24 17:30:47.550  4420  4420 D SamsungIME: Dismiss ExpandCandiate
12-24 17:30:47.550  4420  4420 E SamsungIME: lang.getLanguageCode():en, lang.getCountryCode():US
12-24 17:30:47.550  4420  4420 E SamsungIME: lang.getLanguageCode():zh, lang.getCountryCode():CN
12-24 17:30:47.550  4420  4420 W SamsungIME: makeSelectedLanguageList:en_US;zh_CN;
12-24 17:30:47.550  4420  4420 D HWManager: hideBoxHandwritingView
12-24 17:30:47.550  4420  4420 D HWManager: hideFSHandwritingView
12-24 17:30:47.550  4420  4420 D HWManager: hideBoxHandwritingView
12-24 17:30:47.550  4420  4420 D HWManager: hideFSHandwritingView
12-24 17:30:47.550  4420  4420 D SogouWrapper: clearContext()
12-24 17:30:47.550  4420  4420 D SogouWrapper: stopCloudInput()
12-24 17:30:47.550  4420  4420 D SogouWrapper: getInputTransResult()
12-24 17:30:47.550  4420  4420 D SamsungIME_UnifiedIME: setToolbarVisiblility, visible = false
12-24 17:30:47.550  4420  4420 D SamsungIME: Dismiss ExpandCandiate
12-24 17:30:47.550  4420  4420 D SogouWrapper: updateEngine()
12-24 17:30:47.550  4420  4420 D SogouWrapper: updateEngine() IME_TYPE_PINYIN IME_KEYBOARD_PHONE
12-24 17:30:47.550  4420  4420 D SogouWrapper: initIM() imeType : 2 keyboardMode : 1
12-24 17:30:47.550  4420  4420 D SogouWrapper: clearContext()
12-24 17:30:47.550  4420  4420 D SogouWrapper: stopCloudInput()
12-24 17:30:47.550  4420  4420 W ContextImpl: Calling a method in the system process without a qualified user: android.app.ContextImpl.sendBroadcast:834 android.content.ContextWrapper.sendBroadcast:410 com.sec.android.inputmethod.base.common.InputManagerImpl.sendInputLanguage:13627 com.sec.android.inputmethod.base.common.InputManagerImpl.setLanguage:8881 com.sec.android.inputmethod.base.common.InputManagerImpl.startInputViewContinue:5956 
12-24 17:30:47.560  4420  4420 D SogouWrapper: getInputTransResult()
12-24 17:30:47.560  4420  4420 D SamsungIME_UnifiedIME: setToolbarVisiblility, visible = false
12-24 17:30:47.560  4420  1704 E SamsungIME: sendInputLanguage() : zh_CN, en_US;zh_CN;
12-24 17:30:47.560  4420  4420 I SamsungIME: ET9CPLdbValidate : 10
12-24 17:30:47.560  4420  4420 D SamsungIME: ET9AW_LdbReadData : file is null
12-24 17:30:47.560  4420  4420 D SamsungIME: ET9AW_LdbReadData, ldbcode : 481
12-24 17:30:47.560  4420  4420 I SKBD Xt994Wrapper: setDLMLoadFlag() SMT_DB_TYPE true
12-24 17:30:47.560  4420  4420 I SKBD Xt994Wrapper: setDLMLoadFlag() SMT_DB_TYPE false
