12-24 17:30:45.560  1325  1325 D StatusBar.NetworkController: refreshViews connected={ wifi } level=4 combinedSignalIconId=0x7f020670/com.android.systemui:drawable/stat_sys_wifi_signal_4 mobileLabel= wifiLabel="JD-office" emergencyOnly=true combinedLabel="JD-office" mAirplaneMode=false mDataActivity=0 mPhoneSignalIconId=0x7f0205eb/com.android.systemui:drawable/stat_sys_signal_4_auto_rotate mQSPhoneSignalIconId=0x7f020170/com.android.systemui:drawable/ic_qs_signal_4 mDataDirectionIconId=0x0/(null) mDataSignalIconId=0x7f0205eb/com.android.systemui:drawable/stat_sys_signal_4_auto_rotate mDataTypeIconId=0x0/(null) mQSDataTypeIconId=0x0/(null) mNoSimIconId=0x0/(null) mWifiIconId=0x7f020670/com.android.systemui:drawable/stat_sys_wifi_signal_4 mQSWifiIconId=0x7f020343/com.android.systemui:drawable/qs_tile_wifi_signal_4 mWifiActivityIconId=0x7f02061c/com.android.systemui:drawable/stat_sys_signal_in mBluetoothTetherIconId=0x7f020647/com.android.systemui:drawable/stat_sys_tether_bluetooth
12-24 17:30:45.560  1325  1325 D StatusBar.NetworkController: refreshNwBoosterIndicator - setNWBoosterIndicators(false)
12-24 17:30:45.560  1325  1325 D StatusBar.NetworkController: applyForSGLTE
12-24 17:30:45.560  1325  1325 D StatusBar.NetworkController: applyCHN
12-24 17:30:45.560  1325  1325 E StatusBar.NetworkController: isSglteMode is false
12-24 17:30:45.560  1325  1325 D SignalClusterView: setDataSignalIcon mMobileDataGroup GONE
12-24 17:30:45.560  1325  1325 E StatusBar.NetworkController: refreshSignalCluster: roam
12-24 17:30:45.560  1325  1325 E StatusBar.NetworkController: refreshSignalCluster: set mShowPhoneRSSIForData = false
12-24 17:30:45.560  1325  1325 D StatusBar.NetworkController: refreshNwBoosterIndicator - setNWBoosterIndicators(false)
12-24 17:30:45.560  1325  1325 D StatusBar.NetworkController: applyForSGLTE
12-24 17:30:45.560  1325  1325 D StatusBar.NetworkController: applyCHN
12-24 17:30:45.560  1325  1325 E StatusBar.NetworkController: isSglteMode is false
12-24 17:30:45.560  1325  1325 D SignalClusterView: setDataSignalIcon mMobileDataGroup GONE
12-24 17:30:45.560  1325  1325 E StatusBar.NetworkController: refreshSignalCluster: roam
12-24 17:30:45.560  1325  1325 E StatusBar.NetworkController: refreshSignalCluster: set mShowPhoneRSSIForData = false
12-24 17:30:45.560  1325  1325 D StatusBar.NetworkController: refreshNwBoosterIndicator - setNWBoosterIndicators(false)
12-24 17:30:45.560  1325  1325 D StatusBar.NetworkController: applyForSGLTE
12-24 17:30:45.560  1325  1325 D StatusBar.NetworkController: applyCHN
12-24 17:30:45.560 26101 26101 D AutoHideHelper: ###check Single invalid
12-24 17:30:45.560  1325  1325 E StatusBar.NetworkController: isSglteMode is false
12-24 17:30:45.560  1325  1325 D SignalClusterView: setDataSignalIcon mMobileDataGroup GONE
12-24 17:30:45.560  1325  1325 E StatusBar.NetworkController: refreshSignalCluster: roam
12-24 17:30:45.560  1325  1325 E StatusBar.NetworkController: refreshSignalCluster: set mShowPhoneRSSIForData = false
12-24 17:30:45.560  1325  1325 D StatusBar.NetworkController: refreshNwBoosterIndicator - setNWBoosterIndicators(false)
12-24 17:30:45.560  1325  1325 D StatusBar.NetworkController: applyForSGLTE
12-24 17:30:45.560  1325  1325 D StatusBar.NetworkController: applyCHN
12-24 17:30:45.560  1325  1325 E StatusBar.NetworkController: isSglteMode is false
12-24 17:30:45.560  1325  1325 D SignalClusterView: setDataSignalIcon mMobileDataGroup GONE
12-24 17:30:45.560  1325  1325 E StatusBar.NetworkController: refreshSignalCluster: roam
12-24 17:30:45.560  1325  1325 E StatusBar.NetworkController: refreshSignalCluster: set mShowPhoneRSSIForData = false
12-24 17:30:45.570   847  2126 D ClipboardUIManager: ClipboardUIManager isShowingClipBoard()
12-24 17:30:45.570   847  2126 E ClipboardUIManager: Failed to get ClipboardService
12-24 17:30:45.570  4420  4420 I Choreographer: Skipped 70 frames!  The application may be doing too much work on its main thread.
12-24 17:30:45.590  4420  4420 E SamsungIME: <AbstractKeyboardView> - onDraw() called
12-24 17:30:45.590 30031 30031 E File    : fail readDirectory() errno=13
12-24 17:30:45.600   847  1230 I InputDispatcher: Delivering key to (26932): action: 0x0 (0)
12-24 17:30:45.600 30031 30031 E File    : fail readDirectory() errno=13
12-24 17:30:45.600   847  1230 D InputDispatcher: Waiting for application to become ready for input: 26932.  Reason: Waiting to send key event because the focused window has not finished processing all of the input events that were previously delivered to it.  Outbound queue length: 0.  Wait queue length: 1.
12-24 17:30:45.610  4420  4420 I SamsungIME: drawAllKey
12-24 17:30:45.640   317  1881 D libEGL  : eglTerminate EGLDisplay = 0xb003c64c
12-24 17:30:45.640   317  1881 D libEGL  : eglTerminate EGLDisplay = 0xb003c64c
12-24 17:30:45.640   317  6455 I SurfaceFlinger: id=3305 Removed UwToolBoxFl (11/11)
12-24 17:30:45.640   317  3269 I SurfaceFlinger: id=3305 Removed UwToolBoxFl (-2/11)
12-24 17:30:45.640  4420  4420 D HWManager: hideBoxHandwritingView
12-24 17:30:45.640  4420  4420 D HWManager: hideFSHandwritingView
12-24 17:30:45.650  4420  4420 D HWManager: dismissHandwritingView 
12-24 17:30:45.650  4420  4420 E KeyboardInfoUtils: getInstance start
12-24 17:30:45.650  4420  4420 E KeyboardInfoUtils: sendSIPInformation state:6  isAbstractKeyboardView : false
12-24 17:30:45.650  4420  4420 D SamsungIME_UnifiedIME: InputManagerImpl, mCloudHandler: 72
12-24 17:30:45.650  4420  4420 D SogouWrapper: getInputTransResult()
12-24 17:30:45.650  4420  4420 D SamsungIME_UnifiedIME: setToolbarVisiblility, visible = false
12-24 17:30:45.650  4420  4420 D SamsungIME: IMPL finishInput
12-24 17:30:45.650   847  1230 I InputDispatcher: Delivering key to (26932): action: 0x1 (0)
12-24 17:30:45.650 30031 30031 E File    : fail readDirectory() errno=13
12-24 17:30:45.650   317   317 D libEGL  : eglTerminate EGLDisplay = 0xbeedc3d4
12-24 17:30:45.650  4420  4420 D SogouWrapper: clearContext()
12-24 17:30:45.650  4420  4420 D SogouWrapper: stopCloudInput()
12-24 17:30:45.650  4420  4420 D SogouWrapper: getInputTransResult()
12-24 17:30:45.650  4420  4420 E SamsungIME: resetNeedToLoadHwrLibrary : 1
12-24 17:30:45.650  4420  4420 D SogouWrapper: getInputTransResult()
12-24 17:30:45.650  4420  4420 D SamsungIME_UnifiedIME: setToolbarVisiblility, visible = false
12-24 17:30:45.660  4420  4420 D SamsungIME: onStartInputView requsted restarting value = false
12-24 17:30:45.660  4420  4420 D SamsungIME: onStartInputView After call super -  restarting value = false
12-24 17:30:45.660 26932 26932 W IInputConnectionWrapper: performPrivateCommand on inactive InputConnection
12-24 17:30:45.660  4420  4420 D SamsungIME: disable handwriting input icon : handwriting is not enabled or improper edit field
12-24 17:30:45.660  4420  4420 D SamsungIME_HWR: DynamicHwrLoadPerf, InitHwrLib time = 0 ms
12-24 17:30:45.660  4420  4420 D SamsungIME_HWR: DynamicHwrLoadPerf, setAvailableHWRLanguage time = 1 ms
12-24 17:30:45.660  4420  4420 D SamsungIME_HWR: DynamicHwrLoadPerf, updateHwrInputModule time = 0 ms
12-24 17:30:45.660  4420  4420 D DragonTrigger: isVoiceSupportedModelWithoutSvoice : true device : klte
12-24 17:30:45.660  4420  4420 D SamsungIME: [startInputView] info.inputType = 2 info.imeOptions = 402653189
12-24 17:30:45.660  4420  4420 I SamsungIME: Update SetupWizard State usc : 1 pss : false
12-24 17:30:45.660 26932 26932 W IInputConnectionWrapper: performPrivateCommand on inactive InputConnection
12-24 17:30:45.660   847  1644 D SettingsProvider: isChangeAllowed() SettingsProvider : name = onehand_direction
12-24 17:30:45.670  4420  4420 I SamsungIME: Update SetupWizard State usc : 1 pss : false
12-24 17:30:45.670  4420  4420 D DragonTrigger: isVoiceSupportedModelWithoutSvoice : true device : klte
12-24 17:30:45.670  4420  4420 D SogouWrapper: updateEngine()
12-24 17:30:45.670  4420  4420 D SogouWrapper: updateEngine() IME_TYPE_PINYIN IME_KEYBOARD_PHONE
12-24 17:30:45.670  4420  4420 D SogouWrapper: initIM() imeType : 2 keyboardMode : 1
12-24 17:30:45.670  4420  4420 D SogouWrapper: clearContext()
12-24 17:30:45.670  4420  4420 D SogouWrapper: stopCloudInput()
12-24 17:30:45.670  4420  4420 D SogouWrapper: getInputTransResult()
12-24 17:30:45.670  4420  4420 D SamsungIME_UnifiedIME: setToolbarVisiblility, visible = false
12-24 17:30:45.670  4420  4420 I SamsungIME: ET9CPLdbValidate : 10
12-24 17:30:45.680  4420  4420 D SamsungIME: ET9AW_LdbReadData : file is null
12-24 17:30:45.680  4420  4420 D SamsungIME: ET9AW_LdbReadData, ldbcode : 481
12-24 17:30:45.680  4420  4420 I SKBD Xt994Wrapper: setDLMLoadFlag() SMT_DB_TYPE true
12-24 17:30:45.680  4420  4420 I SKBD Xt994Wrapper: setDLMLoadFlag() SMT_DB_TYPE false
12-24 17:30:45.680  4420  4420 I SKBD Xt994Wrapper: setDLMLoadFlag() DLM_DB_TYPE true
12-24 17:30:45.680  4420  4420 I SKBD Xt994Wrapper: setDLMLoadFlag() DLM_DB_TYPE false
12-24 17:30:45.680  4420  4420 I SKBD Xt994Wrapper: setDLMLoadFlag() CDLM_DB_TYPE true
12-24 17:30:45.680  4420  4420 I SKBD Xt994Wrapper: setDLMLoadFlag() CDLM_DB_TYPE false
12-24 17:30:45.680  4420  4420 I SamsungIME: ET9CDLMInit : 2
12-24 17:30:45.680  4420  4420 D SamsungIME: isEnableAutoCorrection() mIsEnableAutoCorrection : true but s-chinese case
12-24 17:30:45.680  4420  4420 D SamsungIME: isEnableAutoCorrection() mIsEnableAutoCorrection : true but s-chinese case
12-24 17:30:45.680  4420  4420 E SamsungIME: lang.getLanguageCode():en, lang.getCountryCode():US
12-24 17:30:45.680  4420  4420 E SamsungIME: lang.getLanguageCode():zh, lang.getCountryCode():CN
12-24 17:30:45.680  4420  4420 W SamsungIME: makeSelectedLanguageList:en_US;zh_CN;
12-24 17:30:45.680  4420  4420 I SamsungIME: [IMI] isChangedMainValues - bRetVal : true
12-24 17:30:45.680  4420  1665 E SamsungIME: sendInputLanguage() : zh_CN, en_US;zh_CN;
12-24 17:30:45.680  4420  4420 W ContextImpl: Calling a method in the system process without a qualified user: android.app.ContextImpl.sendBroadcast:834 android.content.ContextWrapper.sendBroadcast:410 com.sec.android.inputmethod.base.common.InputManagerImpl.sendInputLanguage:13627 com.sec.android.inputmethod.base.common.InputManagerImpl.initDefaultLanguage:8220 com.sec.android.inputmethod.base.common.InputManagerImpl.initSelectedLanguage:8466 
12-24 17:30:45.690   847  1786 D SettingsProvider: isChangeAllowed() SettingsProvider : name = sip_input_language
12-24 17:30:45.690   847   864 D SettingsProvider: isChangeAllowed() SettingsProvider : name = handwriting_language_list
12-24 17:30:45.700 30031 30031 E File    : fail readDirectory() errno=13
12-24 17:30:45.700   847  1230 D InputDispatcher: Waiting for application to become ready for input: 26932.  Reason: Waiting to send key event because the focused window has not finished processing all of the input events that were previously delivered to it.  Outbound queue length: 0.  Wait queue length: 1.
12-24 17:30:45.730  4420  4420 D HWManager: hideBoxHandwritingView
12-24 17:30:45.730  4420  4420 D HWManager: hideFSHandwritingView
12-24 17:30:45.730  4420  4420 D SogouWrapper: clearContext()
12-24 17:30:45.730  4420  4420 D SogouWrapper: stopCloudInput()
12-24 17:30:45.730  4420  4420 D SogouWrapper: getInputTransResult()
12-24 17:30:45.730  4420  4420 D SamsungIME_UnifiedIME: setToolbarVisiblility, visible = false
12-24 17:30:45.730  4420  4420 D SamsungIME: Dismiss ExpandCandiate
12-24 17:30:45.730  4420  4420 D SogouWrapper: updateEngine()
12-24 17:30:45.730  4420  4420 D SogouWrapper: updateEngine() IME_TYPE_PINYIN IME_KEYBOARD_PHONE
12-24 17:30:45.730  4420  4420 D SogouWrapper: initIM() imeType : 2 keyboardMode : 1
12-24 17:30:45.730  4420  4420 D SogouWrapper: clearContext()
12-24 17:30:45.730  4420  4420 D SogouWrapper: stopCloudInput()
12-24 17:30:45.730  4420  4420 D SogouWrapper: getInputTransResult()
12-24 17:30:45.730  4420  4420 D SamsungIME_UnifiedIME: setToolbarVisiblility, visible = false
12-24 17:30:45.730  4420  4420 I SamsungIME: ET9CPLdbValidate : 10
12-24 17:30:45.730  4420  4420 D SamsungIME: ET9AW_LdbReadData : file is null
12-24 17:30:45.730  4420  4420 D SamsungIME: ET9AW_LdbReadData, ldbcode : 481
12-24 17:30:45.740  4420  4420 I SKBD Xt994Wrapper: setDLMLoadFlag() SMT_DB_TYPE true
12-24 17:30:45.740  4420  4420 I SKBD Xt994Wrapper: setDLMLoadFlag() SMT_DB_TYPE false
12-24 17:30:45.740  4420  4420 I SKBD Xt994Wrapper: setDLMLoadFlag() DLM_DB_TYPE true
12-24 17:30:45.740  4420  4420 I SKBD Xt994Wrapper: setDLMLoadFlag() DLM_DB_TYPE false
12-24 17:30:45.740  4420  4420 I SKBD Xt994Wrapper: setDLMLoadFlag() CDLM_DB_TYPE true
12-24 17:30:45.740  4420  4420 I SKBD Xt994Wrapper: setDLMLoadFlag() CDLM_DB_TYPE false
12-24 17:30:45.740  4420  4420 I SamsungIME: ET9CDLMInit : 2
12-24 17:30:45.740  4420  4420 D SamsungIME: isEnableAutoCorrection() mIsEnableAutoCorrection : true but s-chinese case
12-24 17:30:45.740  4420  4420 D SamsungIME: isEnableAutoCorrection() mIsEnableAutoCorrection : true but s-chinese case
12-24 17:30:45.740  4420  4420 D HWManager: hideBoxHandwritingView
12-24 17:30:45.740  4420  4420 D HWManager: hideFSHandwritingView
12-24 17:30:45.740  4420  4420 D SogouWrapper: clearContext()
12-24 17:30:45.740  4420  4420 D SogouWrapper: stopCloudInput()
12-24 17:30:45.740  4420  4420 D SogouWrapper: getInputTransResult()
12-24 17:30:45.740  4420  4420 D SamsungIME_UnifiedIME: setToolbarVisiblility, visible = false
12-24 17:30:45.740  4420  4420 D SamsungIME: Dismiss ExpandCandiate
12-24 17:30:45.740  4420  4420 D SogouWrapper: updateEngine()
12-24 17:30:45.740  4420  4420 D SogouWrapper: updateEngine() IME_TYPE_PINYIN IME_KEYBOARD_PHONE
12-24 17:30:45.740  4420  4420 D SogouWrapper: initIM() imeType : 2 keyboardMode : 1
12-24 17:30:45.740  4420  4420 D SogouWrapper: clearContext()
12-24 17:30:45.740  4420  4420 D SogouWrapper: stopCloudInput()
12-24 17:30:45.740  4420  4420 D SogouWrapper: getInputTransResult()
12-24 17:30:45.740  4420  4420 D SamsungIME_UnifiedIME: setToolbarVisiblility, visible = false
12-24 17:30:45.740  4420  4420 I SamsungIME: ET9CPLdbValidate : 10
12-24 17:30:45.740  4420  4420 D SamsungIME: ET9AW_LdbReadData : file is null
12-24 17:30:45.740  4420  4420 D SamsungIME: ET9AW_LdbReadData, ldbcode : 481
12-24 17:30:45.740  4420  4420 I SKBD Xt994Wrapper: setDLMLoadFlag() SMT_DB_TYPE true
12-24 17:30:45.740  4420  4420 I SKBD Xt994Wrapper: setDLMLoadFlag() SMT_DB_TYPE false
12-24 17:30:45.740  4420  4420 I SKBD Xt994Wrapper: setDLMLoadFlag() DLM_DB_TYPE true
12-24 17:30:45.740  4420  4420 I SKBD Xt994Wrapper: setDLMLoadFlag() DLM_DB_TYPE false
12-24 17:30:45.740  4420  4420 I SKBD Xt994Wrapper: setDLMLoadFlag() CDLM_DB_TYPE true
12-24 17:30:45.740  4420  4420 I SKBD Xt994Wrapper: setDLMLoadFlag() CDLM_DB_TYPE false
12-24 17:30:45.740  4420  4420 I SamsungIME: ET9CDLMInit : 2
12-24 17:30:45.750  4420  4420 D SamsungIME: isEnableAutoCorrection() mIsEnableAutoCorrection : true but s-chinese case
12-24 17:30:45.750  4420  4420 D SamsungIME: isEnableAutoCorrection() mIsEnableAutoCorrection : true but s-chinese case
12-24 17:30:45.750  4420  4420 D HWManager: hideBoxHandwritingView
12-24 17:30:45.750  4420  4420 D HWManager: hideFSHandwritingView
12-24 17:30:45.750  4420  4420 D SogouWrapper: clearContext()
12-24 17:30:45.750  4420  4420 D SogouWrapper: stopCloudInput()
12-24 17:30:45.750  4420  4420 D SogouWrapper: getInputTransResult()
12-24 17:30:45.750  4420  4420 D SamsungIME_UnifiedIME: setToolbarVisiblility, visible = false
12-24 17:30:45.750  4420  4420 D SamsungIME: Dismiss ExpandCandiate
12-24 17:30:45.750  4420  4420 D SogouWrapper: updateEngine()
12-24 17:30:45.750  4420  4420 D SogouWrapper: updateEngine() IME_TYPE_PINYIN IME_KEYBOARD_PHONE
12-24 17:30:45.750  4420  4420 D SogouWrapper: initIM() imeType : 2 keyboardMode : 1
12-24 17:30:45.750  4420  4420 D SogouWrapper: clearContext()
12-24 17:30:45.750  4420  4420 D SogouWrapper: stopCloudInput()
12-24 17:30:45.750  4420  4420 D SogouWrapper: getInputTransResult()
12-24 17:30:45.750  4420  4420 D SamsungIME_UnifiedIME: setToolbarVisiblility, visible = false
12-24 17:30:45.750  4420  4420 I SamsungIME: ET9CPLdbValidate : 10
12-24 17:30:45.750  4420  4420 D SamsungIME: ET9AW_LdbReadData : file is null
12-24 17:30:45.750  4420  4420 D SamsungIME: ET9AW_LdbReadData, ldbcode : 481
12-24 17:30:45.750  4420  4420 I SKBD Xt994Wrapper: setDLMLoadFlag() SMT_DB_TYPE true
12-24 17:30:45.750  4420  4420 I SKBD Xt994Wrapper: setDLMLoadFlag() SMT_DB_TYPE false
12-24 17:30:45.750  4420  4420 I SKBD Xt994Wrapper: setDLMLoadFlag() DLM_DB_TYPE true
12-24 17:30:45.750  4420  4420 I SKBD Xt994Wrapper: setDLMLoadFlag() DLM_DB_TYPE false
12-24 17:30:45.750  4420  4420 I SKBD Xt994Wrapper: setDLMLoadFlag() CDLM_DB_TYPE true
12-24 17:30:45.750  4420  4420 I SKBD Xt994Wrapper: setDLMLoadFlag() CDLM_DB_TYPE false
12-24 17:30:45.750  4420  4420 I SamsungIME: ET9CDLMInit : 2
12-24 17:30:45.750  4420  4420 D SamsungIME: isEnableAutoCorrection() mIsEnableAutoCorrection : true but s-chinese case
12-24 17:30:45.750  4420  4420 D SamsungIME: isEnableAutoCorrection() mIsEnableAutoCorrection : true but s-chinese case
12-24 17:30:45.750  4420  4420 D SamsungIME: [AbstractKeyboardView] onDetachedFromWindow.
12-24 17:30:45.760  4420  4420 I SamsungIME: getDebugLevel  : 0x4f4c
12-24 17:30:45.760  4420  4420 I SamsungIME: KeybaordView init() : load resources
12-24 17:30:45.760  4420  4420 I SamsungIME: getCurrentKeyboard
12-24 17:30:45.760  4420  4420 I SamsungIME: getNumberKeyboard
12-24 17:30:45.760  4420  4420 D SamsungIME: mDisplayWidth is 1080
12-24 17:30:45.760  4420  4420 D SamsungIME: mDisplayHeight is 1920
12-24 17:30:45.760  4420  4420 D SamsungIME: isOrientationLandscape false
12-24 17:30:45.760  4420  4420 D SamsungIME: mDisplayWidth is 1080
12-24 17:30:45.760  4420  4420 D SamsungIME: mDisplayHeight is 1920
12-24 17:30:45.760  4420  4420 D SamsungIME: isOrientationLandscape false
12-24 17:30:45.770  4420  4420 D SamsungIME: mIsUseStaticTouchRecognizedArea =  false
12-24 17:30:45.770  4420  4420 D SogouWrapper: setKeyboard()
12-24 17:30:45.770  4420  4420 D SamsungIME: isEnableAutoCorrection() mIsEnableAutoCorrection : true but s-chinese case
12-24 17:30:45.770  4420  4420 D SogouWrapper: setKeyboard() set auto-correct on
12-24 17:30:45.770  4420  4420 D SogouWrapper: updateParameter()
12-24 17:30:45.770  4420  4420 D SogouWrapper: updateParameter() disable slide input
12-24 17:30:45.770  4420  4420 D SogouWrapper: updateParameter() enable rare word input
12-24 17:30:45.770  4420  4420 D SogouWrapper: updateParameter() disable emoji prediction input
12-24 17:30:45.770  4420  4420 D SogouWrapper: updateParameter() enable email prediction input
12-24 17:30:45.770  4420  4420 D SogouWrapper: updateParameter() disable trad chinese input
12-24 17:30:45.770  4420  4420 D SogouWrapper: updateParameter() default associate disable
12-24 17:30:45.790  4420  4420 D SamsungIME: Magnification Enabled = false
12-24 17:30:45.790  4420  4420 D SamsungIME: Dismiss ExpandCandiate
12-24 17:30:45.800  4420  4420 E SamsungIME: lang.getLanguageCode():en, lang.getCountryCode():US
12-24 17:30:45.800  4420  4420 E SamsungIME: lang.getLanguageCode():zh, lang.getCountryCode():CN
12-24 17:30:45.800  4420  4420 W SamsungIME: makeSelectedLanguageList:en_US;zh_CN;
12-24 17:30:45.800  4420  4420 D HWManager: hideBoxHandwritingView
12-24 17:30:45.800  4420  4420 D HWManager: hideFSHandwritingView
12-24 17:30:45.800  4420  4420 D HWManager: hideBoxHandwritingView
12-24 17:30:45.800  4420  4420 D HWManager: hideFSHandwritingView
12-24 17:30:45.800  4420  1666 E SamsungIME: sendInputLanguage() : zh_CN, en_US;zh_CN;
12-24 17:30:45.800  4420  4420 D SogouWrapper: clearContext()
12-24 17:30:45.800  4420  4420 D SogouWrapper: stopCloudInput()
12-24 17:30:45.800  4420  4420 D SogouWrapper: getInputTransResult()
12-24 17:30:45.800  4420  4420 D SamsungIME_UnifiedIME: setToolbarVisiblility, visible = false
12-24 17:30:45.800  4420  4420 D SamsungIME: Dismiss ExpandCandiate
12-24 17:30:45.800  4420  4420 D SogouWrapper: updateEngine()
12-24 17:30:45.800  4420  4420 D SogouWrapper: updateEngine() IME_TYPE_PINYIN IME_KEYBOARD_PHONE
12-24 17:30:45.800  4420  4420 D SogouWrapper: initIM() imeType : 2 keyboardMode : 1
12-24 17:30:45.800  4420  4420 D SogouWrapper: clearContext()
12-24 17:30:45.800  4420  4420 D SogouWrapper: stopCloudInput()
12-24 17:30:45.800  4420  4420 D SogouWrapper: getInputTransResult()
12-24 17:30:45.800  4420  4420 D SamsungIME_UnifiedIME: setToolbarVisiblility, visible = false
12-24 17:30:45.800  4420  4420 I SamsungIME: ET9CPLdbValidate : 10
12-24 17:30:45.800  4420  4420 W ContextImpl: Calling a method in the system process without a qualified user: android.app.ContextImpl.sendBroadcast:834 android.content.ContextWrapper.sendBroadcast:410 com.sec.android.inputmethod.base.common.InputManagerImpl.sendInputLanguage:13627 com.sec.android.inputmethod.base.common.InputManagerImpl.setLanguage:8881 com.sec.android.inputmethod.base.common.InputManagerImpl.startInputViewContinue:5956 
12-24 17:30:45.800   847  4320 D SettingsProvider: isChangeAllowed() SettingsProvider : name = sip_input_language
12-24 17:30:45.800   847  2122 D SettingsProvider: isChangeAllowed() SettingsProvider : name = handwriting_language_list
12-24 17:30:45.810  4420  4420 D SamsungIME: ET9AW_LdbReadData : file is null
12-24 17:30:45.810  4420  4420 D SamsungIME: ET9AW_LdbReadData, ldbcode : 481
12-24 17:30:45.810  4420  4420 I SKBD Xt994Wrapper: setDLMLoadFlag() SMT_DB_TYPE true
12-24 17:30:45.810  4420  4420 I SKBD Xt994Wrapper: setDLMLoadFlag() SMT_DB_TYPE false
12-24 17:30:45.810  4420  4420 I SKBD Xt994Wrapper: setDLMLoadFlag() DLM_DB_TYPE true
12-24 17:30:45.810  4420  4420 I SKBD Xt994Wrapper: setDLMLoadFlag() DLM_DB_TYPE false
12-24 17:30:45.810  4420  4420 I SKBD Xt994Wrapper: setDLMLoadFlag() CDLM_DB_TYPE true
12-24 17:30:45.810  4420  4420 I SKBD Xt994Wrapper: setDLMLoadFlag() CDLM_DB_TYPE false
12-24 17:30:45.810  4420  4420 I SamsungIME: ET9CDLMInit : 2
12-24 17:30:45.810  4420  4420 D SamsungIME: isEnableAutoCorrection() mIsEnableAutoCorrection : true but s-chinese case
12-24 17:30:45.810  4420  4420 D SamsungIME: isEnableAutoCorrection() mIsEnableAutoCorrection : true but s-chinese case
12-24 17:30:45.810   847  2118 D ClipboardUIManager: ClipboardUIManager isShowingClipBoard()
12-24 17:30:45.810   847  2118 E ClipboardUIManager: Failed to get ClipboardService
12-24 17:30:45.810  4420  4420 I SamsungIME: getCurrentKeyboard
12-24 17:30:45.810  4420  4420 I SamsungIME: getNumberKeyboard
12-24 17:30:45.810  4420  4420 D SamsungIME: mIsUseStaticTouchRecognizedArea =  false
12-24 17:30:45.810  4420  4420 D SogouWrapper: setKeyboard()
12-24 17:30:45.810  4420  4420 D SamsungIME: isEnableAutoCorrection() mIsEnableAutoCorrection : true but s-chinese case
12-24 17:30:45.810  4420  4420 D SogouWrapper: setKeyboard() set auto-correct on
12-24 17:30:45.810  4420  4420 D SogouWrapper: updateParameter()
12-24 17:30:45.810  4420  4420 D SogouWrapper: updateParameter() disable slide input
12-24 17:30:45.810  4420  4420 D SogouWrapper: updateParameter() enable rare word input
12-24 17:30:45.810  4420  4420 D SogouWrapper: updateParameter() disable emoji prediction input
12-24 17:30:45.810  4420  4420 D SogouWrapper: updateParameter() enable email prediction input
12-24 17:30:45.810  4420  4420 D SogouWrapper: updateParameter() disable trad chinese input
12-24 17:30:45.810  4420  4420 D SogouWrapper: updateParameter() default associate disable
12-24 17:30:45.810  4420  4420 D HWManager: hideBoxHandwritingView
12-24 17:30:45.810  4420  4420 D HWManager: hideFSHandwritingView
12-24 17:30:45.810  4420  4420 D SogouWrapper: clearContext()
12-24 17:30:45.810  4420  4420 D SogouWrapper: stopCloudInput()
12-24 17:30:45.810  4420  4420 D SogouWrapper: getInputTransResult()
12-24 17:30:45.810  4420  4420 D SamsungIME_UnifiedIME: setToolbarVisiblility, visible = false
12-24 17:30:45.810  4420  4420 D SamsungIME: Dismiss ExpandCandiate
12-24 17:30:45.810  4420  4420 D SogouWrapper: updateEngine()
12-24 17:30:45.810  4420  4420 D SogouWrapper: updateEngine() IME_TYPE_PINYIN IME_KEYBOARD_PHONE
12-24 17:30:45.810  4420  4420 D SogouWrapper: initIM() imeType : 2 keyboardMode : 1
12-24 17:30:45.810  4420  4420 D SogouWrapper: clearContext()
12-24 17:30:45.810  4420  4420 D SogouWrapper: stopCloudInput()
12-24 17:30:45.810  4420  4420 D SogouWrapper: getInputTransResult()
12-24 17:30:45.810  4420  4420 D SamsungIME_UnifiedIME: setToolbarVisiblility, visible = false
12-24 17:30:45.810  4420  4420 I SamsungIME: ET9CPLdbValidate : 10
12-24 17:30:45.810  4420  4420 D SamsungIME: ET9AW_LdbReadData : file is null
12-24 17:30:45.810  4420  4420 D SamsungIME: ET9AW_LdbReadData, ldbcode : 481
12-24 17:30:45.810  4420  4420 I SKBD Xt994Wrapper: setDLMLoadFlag() SMT_DB_TYPE true
12-24 17:30:45.810  4420  4420 I SKBD Xt994Wrapper: setDLMLoadFlag() SMT_DB_TYPE false
12-24 17:30:45.810  4420  4420 I SKBD Xt994Wrapper: setDLMLoadFlag() DLM_DB_TYPE true
12-24 17:30:45.810  4420  4420 I SKBD Xt994Wrapper: setDLMLoadFlag() DLM_DB_TYPE false
12-24 17:30:45.810  4420  4420 I SKBD Xt994Wrapper: setDLMLoadFlag() CDLM_DB_TYPE true
12-24 17:30:45.810  4420  4420 I SKBD Xt994Wrapper: setDLMLoadFlag() CDLM_DB_TYPE false
12-24 17:30:45.810  4420  4420 I SamsungIME: ET9CDLMInit : 2
12-24 17:30:45.810  4420  4420 D SamsungIME: isEnableAutoCorrection() mIsEnableAutoCorrection : true but s-chinese case
12-24 17:30:45.810  4420  4420 D SamsungIME: isEnableAutoCorrection() mIsEnableAutoCorrection : true but s-chinese case
12-24 17:30:45.820 26932 26932 W IInputConnectionWrapper: getSelectedText on inactive InputConnection
12-24 17:30:45.820 26932 26932 W IInputConnectionWrapper: getTextBeforeCursor on inactive InputConnection
12-24 17:30:45.820 26932 26932 W IInputConnectionWrapper: getTextAfterCursor on inactive InputConnection
12-24 17:30:45.820  4420  4420 D SamsungIME: Dismiss ExpandCandiate
12-24 17:30:45.820  4420  4420 D SogouWrapper: clearContext()
12-24 17:30:45.820  4420  4420 D SogouWrapper: stopCloudInput()
12-24 17:30:45.820  4420  4420 D SogouWrapper: getInputTransResult()
12-24 17:30:45.820  4420  4420 D SamsungIME_UnifiedIME: setToolbarVisiblility, visible = false
12-24 17:30:45.820  4420  4420 D SogouWrapper: getInputTransResult()
12-24 17:30:45.820  4420  4420 D SamsungIME_UnifiedIME: setToolbarVisiblility, visible = false
12-24 17:30:45.820  4420  4420 D SamsungIME: startInputViewContinue : true true
12-24 17:30:45.820  4420  4420 D SamsungIME: [showDiscoverability] this is auto replacement discoverity popup
12-24 17:30:45.820  4420  4420 D SamsungIME: conditions for show dialog : true false true false
12-24 17:30:45.820  4420  4420 D SamsungIME: showDlgMsgBox : true true true
12-24 17:30:45.820  4420  4420 D SamsungIME: showDlgMsgBox inner condition : true true
12-24 17:30:45.820  4420  4420 I SamsungIME: [IMI] startInputView - caller pid : 26932, caller uid : 10441
12-24 17:30:45.820  4420  4420 D HWManager: hideBoxHandwritingView
12-24 17:30:45.820  4420  4420 D HWManager: hideFSHandwritingView
12-24 17:30:45.830   847  1354 D ClipboardUIManager: ClipboardUIManager isShowingClipBoard()
12-24 17:30:45.830   847  1354 E ClipboardUIManager: Failed to get ClipboardService
12-24 17:30:45.830  4420  1669 D InputMethodFrameWorkUtils: InputMethodSubtype is found as local:zh_CN
12-24 17:30:45.830 26932 26932 D ViewRootImpl: The input has been finished in ImeInputStage.
12-24 17:30:45.830   847  1230 I InputDispatcher: Delivering key to (26932): action: 0x0 (0)
12-24 17:30:45.830 30031 30031 E File    : fail readDirectory() errno=13
12-24 17:30:45.830  4420  1669 D InputMethodFrameWorkUtils: InputMethodSubtype is set as local:zh_CN
12-24 17:30:45.830   847  1230 D InputDispatcher: Waiting for application to become ready for input: 26932.  Reason: Waiting to send key event because the focused window has not finished processing all of the input events that were previously delivered to it.  Outbound queue length: 0.  Wait queue length: 1.
12-24 17:30:45.830   847  1644 D ApplicationPolicy: isStatusBarNotificationAllowedAsUser: packageName = android,userId = -1
12-24 17:30:45.830  4420  1668 W ContextImpl: Calling a method in the system process without a qualified user: android.app.ContextImpl.sendBroadcast:834 android.content.ContextWrapper.sendBroadcast:410 com.sec.android.inputmethod.base.common.InputManagerImpl$43.run:13417 java.lang.Thread.run:818 <bottom of call stack> 
12-24 17:30:45.830  4420  1669 W ContextImpl: Calling a method in the system process without a qualified user: android.app.ContextImpl.sendBroadcast:834 android.content.ContextWrapper.sendBroadcast:410 com.sec.android.inputmethod.inputmethodframework.InputMethodFrameWorkUtils$1.run:51 java.lang.Thread.run:818 <bottom of call stack> 
12-24 17:30:45.830  4420  4420 W ContextImpl: Calling a method in the system process without a qualified user: android.app.ContextImpl.sendBroadcast:834 android.content.ContextWrapper.sendBroadcast:410 android.inputmethodservice.InputMethodService.sendInputViewShownState:443 android.inputmethodservice.InputMethodService.showWindow:2092 android.inputmethodservice.InputMethodService$InputMethodImpl.showSoftInput:651 
12-24 17:30:45.830   847   847 D InputMethodManagerService: [HARDWARE_KEYBOARD] (refreshImeWindowVis) isChineseRegion = true, isFolderPhone= false isFolderOpen = false hardKeyShown = false
12-24 17:30:45.830   847   847 D InputMethodManagerService: [HARDWARE_KEYBOARD] (refreshImeWindowVis) mImeWindowVis= 3 inputVisible = truehaveHardKeyboard = false hardKeyShown = false
12-24 17:30:45.840 26932 26932 D ViewRootImpl: ViewPostImeInputStage processKey 0
12-24 17:30:45.840  4420  4420 D SamsungIME: onStartInputView requsted restarting value = true
12-24 17:30:45.840  4420  4420 D SamsungIME: onStartInputView After call super -  restarting value = true
12-24 17:30:45.840   847  1230 I InputDispatcher: Delivering key to (26932): action: 0x0 (0)
12-24 17:30:45.840  4420  4420 E SamsungIME: resetNeedToLoadHwrLibrary : 1
12-24 17:30:45.840  4420  4420 D SamsungIME: disable handwriting input icon : handwriting is not enabled or improper edit field
12-24 17:30:45.840  4420  4420 D DragonTrigger: isVoiceSupportedModelWithoutSvoice : true device : klte
12-24 17:30:45.840  4420  4420 D SamsungIME: [startInputView] info.inputType = 2 info.imeOptions = 402653189
12-24 17:30:45.840 26101 26101 D EventStateReceiver: [c] IS_VISIBLE_WINDOW #1:true, IS_MOVABLE_KEYPAD:false
12-24 17:30:45.840 26101 26101 E EventStateReceiver: mIsOpenIME:true  isOpenIME:true
12-24 17:30:45.840 26932 26932 D ViewRootImpl: ViewPostImeInputStage processKey 0
12-24 17:30:45.840   847  1003 V BroadcastQueue: [background] Process cur broadcast BroadcastRecord{caaf3ed u0 ResponseAxT9Info qIdx=4}, state= (APP_RECEIVE) DELIVERED for app ProcessRecord{63df037 26101:com.bst.airmessage/u0a1}
12-24 17:30:45.850   847  1230 I InputDispatcher: Delivering key to (26932): action: 0x1 (0)
12-24 17:30:45.850 30031 30031 E File    : fail readDirectory() errno=13
12-24 17:30:45.850 27537 27537 E ProxyStatusReceiver: no this type!
12-24 17:30:45.850   847   847 D MARsPolicyManager: NotificationListenerService OngoingNotificationPosted : android
12-24 17:30:45.850   847  1365 V BroadcastQueue: [background] Process cur broadcast BroadcastRecord{caaf3ed u0 ResponseAxT9Info qIdx=4}, state= (APP_RECEIVE) DELIVERED for app ProcessRecord{b27e90e 27537:com.bst.floatingmsgproxy/u0a1}
12-24 17:30:45.850  4420  4420 W ContextImpl: Calling a method in the system process without a qualified user: android.app.ContextImpl.sendBroadcast:834 android.content.ContextWrapper.sendBroadcast:410 android.inputmethodservice.InputMethodService.sendInputViewShownState:443 android.inputmethodservice.InputMethodService.showWindow:2092 android.inputmethodservice.InputMethodService$InputMethodImpl.showSoftInput:651 
12-24 17:30:45.860  1325  1325 D StatusBar: ----- contentsUnchanged : true, bigContentsUnchanged - true, headsUpContentsUnchanged - true , publicUnchanged true
12-24 17:30:45.860   847  1786 D ApplicationPolicy: isStatusBarNotificationAllowedAsUser: packageName = android,userId = -1
12-24 17:30:45.860   847  1713 D ClipboardUIManager: ClipboardUIManager isShowingClipBoard()
12-24 17:30:45.860   847  1713 E ClipboardUIManager: Failed to get ClipboardService
12-24 17:30:45.860 26932 26932 D ViewRootImpl: ViewPostImeInputStage processKey 1
12-24 17:30:45.860   847  1230 I InputDispatcher: Delivering key to (26932): action: 0x1 (0)
12-24 17:30:45.860   847   847 D InputMethodManagerService: [HARDWARE_KEYBOARD] (refreshImeWindowVis) isChineseRegion = true, isFolderPhone= false isFolderOpen = false hardKeyShown = false
12-24 17:30:45.860   847   847 D InputMethodManagerService: [HARDWARE_KEYBOARD] (refreshImeWindowVis) mImeWindowVis= 3 inputVisible = truehaveHardKeyboard = false hardKeyShown = false
12-24 17:30:45.870 26101 26101 D EventStateReceiver: [c] IS_VISIBLE_WINDOW #1:true, IS_MOVABLE_KEYPAD:false
12-24 17:30:45.870 26101 26101 E EventStateReceiver: mIsOpenIME:true  isOpenIME:true
12-24 17:30:45.870   847  1365 V BroadcastQueue: [background] Process cur broadcast BroadcastRecord{16a4222 u0 ResponseAxT9Info qIdx=4}, state= (APP_RECEIVE) DELIVERED for app ProcessRecord{63df037 26101:com.bst.airmessage/u0a1}
12-24 17:30:45.890   847   847 D MARsPolicyManager: NotificationListenerService OngoingNotificationPosted : android
12-24 17:30:45.900 27537 27537 E ProxyStatusReceiver: no this type!
12-24 17:30:45.900 30031 30031 E File    : fail readDirectory() errno=13
12-24 17:30:45.900   847  1230 I InputDispatcher: Delivering touch to (1325): action: 0x4, toolType: 0
12-24 17:30:45.900   847  1230 I InputDispatcher: Delivering touch to (26101): action: 0x4, toolType: 0
12-24 17:30:45.900   847  1230 I InputDispatcher: Delivering touch to (4420): action: 0x0, toolType: 0
12-24 17:30:45.900   847  2118 V BroadcastQueue: [background] Process cur broadcast BroadcastRecord{16a4222 u0 ResponseAxT9Info qIdx=4}, state= (APP_RECEIVE) DELIVERED for app ProcessRecord{b27e90e 27537:com.bst.floatingmsgproxy/u0a1}
12-24 17:30:45.910 30031 30031 E File    : fail readDirectory() errno=13
12-24 17:30:45.910   847  1230 I InputDispatcher: Delivering touch to (4420): action: 0x1, toolType: 0
12-24 17:30:45.910 30031 30031 E File    : fail readDirectory() errno=13
12-24 17:30:45.910 26101 26101 D AutoHideHelper: ###check Single invalid
12-24 17:30:45.920  1325  1325 D PanelView: kidsfalse mQsExpansionEnabled:true
12-24 17:30:45.930  1325  1325 D PanelView: kidsfalse mQsExpansionEnabled:true
12-24 17:30:45.940  1325  1325 D StatusBar: ----- contentsUnchanged : true, bigContentsUnchanged - true, headsUpContentsUnchanged - true , publicUnchanged true
12-24 17:30:45.940   847  1713 D ClipboardUIManager: ClipboardUIManager isShowingClipBoard()
12-24 17:30:45.940   847  1713 E ClipboardUIManager: Failed to get ClipboardService
12-24 17:30:45.950 26932 26932 D ViewRootImpl: ViewPostImeInputStage processKey 1
12-24 17:30:45.950  4420  4420 D ViewRootImpl: ViewPostImeInputStage processPointer 0
12-24 17:30:45.950  4420  4420 D ViewRootImpl: ViewPostImeInputStage processPointer 1
12-24 17:30:45.950  1325  1325 D PanelView: kidsfalse mQsExpansionEnabled:true
12-24 17:30:45.950  4420  4420 D SamsungIME: onViewClicked
12-24 17:30:45.950  4420  4420 D SogouWrapper: clearContext()
12-24 17:30:45.950  4420  4420 D SogouWrapper: stopCloudInput()
12-24 17:30:45.950  4420  4420 D SogouWrapper: getInputTransResult()
12-24 17:30:45.950  4420  4420 D SamsungIME_UnifiedIME: setToolbarVisiblility, visible = false
12-24 17:30:45.950  4420  4420 D SogouWrapper: clearContext()
12-24 17:30:45.950  4420  4420 D SogouWrapper: stopCloudInput()
12-24 17:30:45.950  4420  4420 D SogouWrapper: getInputTransResult()
12-24 17:30:45.950  4420  4420 D SamsungIME_UnifiedIME: setToolbarVisiblility, visible = false
12-24 17:30:45.950  4420  4420 W ContextImpl: Calling a method in the system process without a qualified user: android.app.ContextImpl.sendBroadcast:834 android.content.ContextWrapper.sendBroadcast:410 android.inputmethodservice.InputMethodService.sendInputViewShownState:443 android.inputmethodservice.InputMethodService.showWindow:2092 android.inputmethodservice.InputMethodService$InputMethodImpl.showSoftInput:651 
12-24 17:30:45.950   847   847 D InputMethodManagerService: [HARDWARE_KEYBOARD] (refreshImeWindowVis) isChineseRegion = true, isFolderPhone= false isFolderOpen = false hardKeyShown = false
12-24 17:30:45.950   847   847 D InputMethodManagerService: [HARDWARE_KEYBOARD] (refreshImeWindowVis) mImeWindowVis= 3 inputVisible = truehaveHardKeyboard = false hardKeyShown = false
12-24 17:30:45.960   847   864 D ApplicationPolicy: isStatusBarNotificationAllowedAsUser: packageName = android,userId = -1
12-24 17:30:45.960 30031 30031 E File    : fail readDirectory() errno=13
12-24 17:30:45.960   847  1230 I InputDispatcher: Delivering key to (26932): action: 0x0 (0)
12-24 17:30:45.960 30031 30031 E File    : fail readDirectory() errno=13
12-24 17:30:45.960   847  1230 D InputDispatcher: Waiting for application to become ready for input: 26932.  Reason: Waiting to send key event because the focused window has not finished processing all of the input events that were previously delivered to it.  Outbound queue length: 0.  Wait queue length: 1.
12-24 17:30:45.960 26101 26101 D EventStateReceiver: [c] IS_VISIBLE_WINDOW #1:true, IS_MOVABLE_KEYPAD:false
12-24 17:30:45.960 26101 26101 E EventStateReceiver: mIsOpenIME:true  isOpenIME:true
12-24 17:30:45.970  1325  1325 D PanelView: kidsfalse mQsExpansionEnabled:true
12-24 17:30:45.970   847  1003 V BroadcastQueue: [background] Process cur broadcast BroadcastRecord{2b0b4b3 u0 ResponseAxT9Info qIdx=4}, state= (APP_RECEIVE) DELIVERED for app ProcessRecord{63df037 26101:com.bst.airmessage/u0a1}
12-24 17:30:45.980 27537 27537 E ProxyStatusReceiver: no this type!
12-24 17:30:45.980   847  2132 V BroadcastQueue: [background] Process cur broadcast BroadcastRecord{2b0b4b3 u0 ResponseAxT9Info qIdx=4}, state= (APP_RECEIVE) DELIVERED for app ProcessRecord{b27e90e 27537:com.bst.floatingmsgproxy/u0a1}
12-24 17:30:45.980   847   847 D MARsPolicyManager: NotificationListenerService OngoingNotificationPosted : android
12-24 17:30:46.010  1325  1325 D StatusBar: ----- contentsUnchanged : true, bigContentsUnchanged - true, headsUpContentsUnchanged - true , publicUnchanged true
12-24 17:30:46.010  1325  1325 D PanelView: kidsfalse mQsExpansionEnabled:true
12-24 17:30:46.020  1325  1325 D PanelView: kidsfalse mQsExpansionEnabled:true
12-24 17:30:46.040 26932 26932 D ViewRootImpl: ViewPostImeInputStage processKey 0
12-24 17:30:46.040   847  1230 I InputDispatcher: Delivering key to (26932): action: 0x1 (0)
12-24 17:30:46.040 30031 30031 E File    : fail readDirectory() errno=13
12-24 17:30:46.040   847  2124 D ClipboardUIManager: ClipboardUIManager isShowingClipBoard()
12-24 17:30:46.040   847  2124 E ClipboardUIManager: Failed to get ClipboardService
12-24 17:30:46.040  4420  4420 D HWManager: hideBoxHandwritingView
12-24 17:30:46.040  4420  4420 D HWManager: hideFSHandwritingView
12-24 17:30:46.040 26932 26932 D ViewRootImpl: ViewPostImeInputStage processKey 1
12-24 17:30:46.040  4420  4420 D HWManager: dismissHandwritingView 
12-24 17:30:46.040  4420  4420 E KeyboardInfoUtils: getInstance start
12-24 17:30:46.040  4420  4420 E KeyboardInfoUtils: sendSIPInformation state:6  isAbstractKeyboardView : false
12-24 17:30:46.040  4420  4420 D SamsungIME_UnifiedIME: InputManagerImpl, mCloudHandler: 72
12-24 17:30:46.040  4420  4420 D SogouWrapper: getInputTransResult()
12-24 17:30:46.040  4420  4420 D SamsungIME_UnifiedIME: setToolbarVisiblility, visible = false
12-24 17:30:46.040  4420  4420 D SamsungIME: IMPL finishInput
12-24 17:30:46.040  4420  4420 D SamsungIME: onStartInput: No inputType, No imeOption, isInputViewShown = true, isExtractViewShown = false, isShowInputRequested = true, isConfigChanged = false
12-24 17:30:46.040  4420  4420 D SamsungIME: onStartInputView: No inputType, No imeOption, isInputViewShown = true, isExtractViewShown = false, isShowInputRequested = true, isConfigChanged = false
12-24 17:30:46.040 26932 26932 D AbsListView: Get MotionRecognitionManager
12-24 17:30:46.040 26932 26932 E MotionRecognitionManager: mSContextService = android.hardware.scontext.ISContextService$Stub$Proxy@a7188f5
12-24 17:30:46.040 26932 26932 E MotionRecognitionManager: motionService = com.samsung.android.motion.IMotionRecognitionService$Stub$Proxy@c90268a
12-24 17:30:46.040 26932 26932 E MotionRecognitionManager: motionService = com.samsung.android.motion.IMotionRecognitionService$Stub$Proxy@c90268a
12-24 17:30:46.040   847  1644 D CustomFrequencyManagerService: releaseDVFSLockLocked : Getting Lock type frm List : DVFS_MIN_LIMIT  frequency : 1958400  uid : 1000  pid : 847  tag : com.sec.android.inputmethod@1
12-24 17:30:46.040  4420  4420 W ContextImpl: Calling a method in the system process without a qualified user: android.app.ContextImpl.sendBroadcast:834 android.content.ContextWrapper.sendBroadcast:410 android.inputmethodservice.InputMethodService.sendInputViewShownState:443 android.inputmethodservice.InputMethodService.showWindow:2092 android.inputmethodservice.InputMethodService$InputMethodImpl.showSoftInput:651 
12-24 17:30:46.040   847   847 D InputMethodManagerService: [HARDWARE_KEYBOARD] (refreshImeWindowVis) isChineseRegion = true, isFolderPhone= false isFolderOpen = false hardKeyShown = false
12-24 17:30:46.040   847   847 D InputMethodManagerService: [HARDWARE_KEYBOARD] (refreshImeWindowVis) mImeWindowVis= 3 inputVisible = truehaveHardKeyboard = false hardKeyShown = false
12-24 17:30:46.040   847  1365 D MotionRecognitionService:  ssp status : true
12-24 17:30:46.050   847  2126 D ApplicationPolicy: isStatusBarNotificationAllowedAsUser: packageName = android,userId = -1
12-24 17:30:46.050 26932 26932 W IInputConnectionWrapper: performPrivateCommand on inactive InputConnection
12-24 17:30:46.060  4420  4420 E SamsungIME: <AbstractKeyboardView> - onDraw() called
12-24 17:30:46.060 26101 26101 D EventStateReceiver: [c] IS_VISIBLE_WINDOW #1:true, IS_MOVABLE_KEYPAD:false
12-24 17:30:46.060 26101 26101 E EventStateReceiver: mIsOpenIME:true  isOpenIME:true
12-24 17:30:46.060  4420  4420 I SamsungIME: drawAllKey
12-24 17:30:46.060   847  1003 V BroadcastQueue: [background] Process cur broadcast BroadcastRecord{1bdaa70 u0 ResponseAxT9Info qIdx=4}, state= (APP_RECEIVE) DELIVERED for app ProcessRecord{63df037 26101:com.bst.airmessage/u0a1}
12-24 17:30:46.060   847   847 D MARsPolicyManager: NotificationListenerService OngoingNotificationPosted : android
12-24 17:30:46.070 27537 27537 E ProxyStatusReceiver: no this type!
12-24 17:30:46.070   847  2118 V BroadcastQueue: [background] Process cur broadcast BroadcastRecord{1bdaa70 u0 ResponseAxT9Info qIdx=4}, state= (APP_RECEIVE) DELIVERED for app ProcessRecord{b27e90e 27537:com.bst.floatingmsgproxy/u0a1}
12-24 17:30:46.090  1325  1325 D StatusBar: ----- contentsUnchanged : true, bigContentsUnchanged - true, headsUpContentsUnchanged - true , publicUnchanged true
12-24 17:30:46.090 30031 30031 E File    : fail readDirectory() errno=13
12-24 17:30:46.090  4420  4420 E SamsungIME: resetNeedToLoadHwrLibrary : 1
12-24 17:30:46.090   847  1230 I InputDispatcher: Delivering touch to (1325): action: 0x4, toolType: 0
12-24 17:30:46.090   847  1230 I InputDispatcher: Delivering touch to (26101): action: 0x4, toolType: 0
12-24 17:30:46.090   847  1230 I InputDispatcher: Delivering touch to (26932): action: 0x0, toolType: 0
12-24 17:30:46.090 30031 30031 E File    : fail readDirectory() errno=13
12-24 17:30:46.090   847  1230 I InputDispatcher: Delivering touch to (26932): action: 0x1, toolType: 0
12-24 17:30:46.090 30031 30031 E File    : fail readDirectory() errno=13
12-24 17:30:46.090 26932 26932 D ViewRootImpl: ViewPostImeInputStage processPointer 0
12-24 17:30:46.090 26932 26932 D ViewRootImpl: ViewPostImeInputStage processPointer 1
12-24 17:30:46.090 26101 26101 D AutoHideHelper: ###check Single invalid
12-24 17:30:46.100  1325  1325 D PanelView: kidsfalse mQsExpansionEnabled:true
12-24 17:30:46.110  1325  1325 D PanelView: kidsfalse mQsExpansionEnabled:true
12-24 17:30:46.140 30031 30031 E File    : fail readDirectory() errno=13
12-24 17:30:46.150   847  1230 I InputDispatcher: Delivering touch to (1325): action: 0x4, toolType: 0
12-24 17:30:46.150   847  1230 I InputDispatcher: Delivering touch to (26101): action: 0x4, toolType: 0
12-24 17:30:46.150   847  1230 I InputDispatcher: Delivering touch to (4420): action: 0x0, toolType: 0
12-24 17:30:46.150 30031 30031 E File    : fail readDirectory() errno=13
12-24 17:30:46.150 30031 30031 E File    : fail readDirectory() errno=13
12-24 17:30:46.150 30031 30031 E File    : fail readDirectory() errno=13
12-24 17:30:46.150   847  1230 I InputDispatcher: Delivering touch to (4420): action: 0x1, toolType: 0
12-24 17:30:46.150 30031 30031 E File    : fail readDirectory() errno=13
12-24 17:30:46.150 26101 26101 D AutoHideHelper: ###check Single invalid
12-24 17:30:46.150  4420  4420 D ViewRootImpl: ViewPostImeInputStage processPointer 0
12-24 17:30:46.150  4420  4420 I SamsungIME: getKeyIndexAndNearbyCodes Skip touch
12-24 17:30:46.160   346   841 I APM::AudioPolicyManager: getSituationVolume: isBTConnected:0 isHeadConnected:0
12-24 17:30:46.160  4420  4420 D ViewRootImpl: ViewPostImeInputStage processPointer 1
12-24 17:30:46.160  4420  4420 I SamsungIME: [AKV] detectAndSendKey - index : 2, mCurrentInputMethod : 1, mInputLanguage : 2053653326
12-24 17:30:46.160  4420  4420 D SogouWrapper: getInputTransResult()
12-24 17:30:46.160  4420  4420 D AbstractSogouInputModule: onCharacterKey 
12-24 17:30:46.160  4420  4420 D SogouWrapper: getInputTransResult()
12-24 17:30:46.160  4420  4420 D SogouWrapper: getInputTransResult()
12-24 17:30:46.160  4420  4420 D SogouWrapper: getInputTransResult()
12-24 17:30:46.160  4420  4420 D SogouWrapper: getInputTransResult()
12-24 17:30:46.160  4420  4420 D SogouWrapper: clearContext()
12-24 17:30:46.160  4420  4420 D SogouWrapper: stopCloudInput()
12-24 17:30:46.160  4420  4420 D SogouWrapper: getInputTransResult()
12-24 17:30:46.160  4420  4420 D SogouWrapper: getInputTransResult()
12-24 17:30:46.160  4420  4420 D SamsungIME_UnifiedIME: setToolbarVisiblility, visible = false
12-24 17:30:46.160 26932 26932 D ViewRootImpl: ViewPostImeInputStage processKey 0
12-24 17:30:46.160 26932 26932 D ViewRootImpl: ViewPostImeInputStage processKey 1
12-24 17:30:46.170   346 11136 W AudioPolicyIntefaceImpl: Skipped to add effects on session 630
12-24 17:30:46.170   346 11136 I APM::AudioPolicyManager: startOutput() output 4, stream 1, session 630
12-24 17:30:46.170  4420  4420 E SamsungIME: <AbstractKeyboardView> - onDraw() called
12-24 17:30:46.170   346   827 D audio_hw_primary: out_set_parameters: enter: usecase(1: low-latency-playback) kvpairs: routing=2
12-24 17:30:46.170   346   827 V audio_hw_primary: out_set_parameters: exit: code(0)
12-24 17:30:46.170   346   827 D AudioFlinger: setCurDevice() 0x2
12-24 17:30:46.170  4420  4562 D SamsungIME: vib call
12-24 17:30:46.170  4420  4562 V Vibrator: Called vibrate(int, int, AudioAttributes, MagnitudeTypes) API - PUID: 1000, repeat: -1, PackageName: com.sec.android.inputmethod, MagnitudeType: TouchMagnitude
12-24 17:30:46.170  4420  4562 V Vibrator: vibrate - PUID: 1000, PackageName: com.sec.android.inputmethod, type: 50025, repeat: -1, mag: 6000, AudioAttr : null
12-24 17:30:46.170   847   865 V VibratorService: vibratePatternMagnitude - package: com.sec.android.inputmethod, repeat: -1, token: android.os.BinderProxy@8892a86, mag: 6000
12-24 17:30:46.170   847   865 D VibratorService: Turning vibrator off
12-24 17:30:46.180  4420  4420 D SamsungIME: Dismiss ExpandCandiate
12-24 17:30:46.180  4420  4420 D SogouWrapper: clearContext()
12-24 17:30:46.180  4420  4420 D SogouWrapper: stopCloudInput()
12-24 17:30:46.180  4420  4420 D SogouWrapper: getInputTransResult()
12-24 17:30:46.180  4420  4420 D SogouWrapper: getInputTransResult()
12-24 17:30:46.180  4420  4420 D SamsungIME_UnifiedIME: setToolbarVisiblility, visible = false
12-24 17:30:46.180   346   827 V audio_hw_primary: start_output_stream: enter: usecase(1: low-latency-playback) devices(0x2)
12-24 17:30:46.180   346   827 V audio_hw_primary: select_devices: ENTER
12-24 17:30:46.180   346   827 V audio_hw_primary: select_devices: usecase(normal)
12-24 17:30:46.180   346   827 V audio_hw_primary: select_devices: usecase(PCM_PLAYBACK)
12-24 17:30:46.180   346   827 V msm8974_platform: platform_get_output_snd_device: enter: output devices(0x2)
12-24 17:30:46.180   346   827 V msm8974_platform: get_OUTPUT_snd_device: for Normal Playback
12-24 17:30:46.180   346   827 V msm8974_platform: platform_get_output_snd_device: exit: snd_device(speaker)
12-24 17:30:46.180   346   827 D audio_hw_primary: select_devices: out_snd_device(2: speaker)
12-24 17:30:46.180   346   827 D audio_hw_primary: select_devices: in_snd_device(0: dummy)
12-24 17:30:46.180   346   827 V audio_hw_primary: enable_snd_device: snd_device(2: speaker) is already active
12-24 17:30:46.180   346   827 D audio_route: ++++ audio_route_update_mixer ==============
12-24 17:30:46.180   346   827 D audio_route: ------ audio_route_update_mixer ==============
12-24 17:30:46.180   346   827 V audio_hw_primary: enable_audio_route: enter: usecase(1)
12-24 17:30:46.180   346   827 V audio_hw_primary: enable_audio_route: apply mixer path: low-latency-playback
12-24 17:30:46.180   346   827 D audio_route: ++++ audio_route_update_mixer ==============
12-24 17:30:46.180   346   827 D audio_route: Setting mixer control: SLIMBUS_0_RX Audio Mixer MultiMedia5
12-24 17:30:46.180   346   827 D audio_route: Setting mixer control: value: 1
