12-24 17:30:41.700  4420  4420 I SKBD Xt994Wrapper: setDLMLoadFlag() SMT_DB_TYPE true
12-24 17:30:41.700  4420  4420 I SKBD Xt994Wrapper: setDLMLoadFlag() SMT_DB_TYPE false
12-24 17:30:41.700  4420  4420 I SKBD Xt994Wrapper: setDLMLoadFlag() DLM_DB_TYPE true
12-24 17:30:41.700  4420  4420 I SKBD Xt994Wrapper: setDLMLoadFlag() DLM_DB_TYPE false
12-24 17:30:41.700  4420  4420 I SKBD Xt994Wrapper: setDLMLoadFlag() CDLM_DB_TYPE true
12-24 17:30:41.700  4420  4420 I SKBD Xt994Wrapper: setDLMLoadFlag() CDLM_DB_TYPE false
12-24 17:30:41.700  4420  4420 I SamsungIME: ET9CDLMInit : 2
12-24 17:30:41.700  4420  4420 D SamsungIME: isEnableAutoCorrection() mIsEnableAutoCorrection : true but s-chinese case
12-24 17:30:41.700  4420  4420 D SamsungIME: isEnableAutoCorrection() mIsEnableAutoCorrection : true but s-chinese case
12-24 17:30:41.710  4420  4420 D SamsungIME: [AbstractKeyboardView] onDetachedFromWindow.
12-24 17:30:41.720  4420  4420 I SamsungIME: getDebugLevel  : 0x4f4c
12-24 17:30:41.730 26932 26932 D ViewRootImpl: ViewPostImeInputStage processKey 1
12-24 17:30:41.730 26932 26932 D ViewRootImpl: ViewPostImeInputStage processKey 0
12-24 17:30:41.730 26932 26932 D ViewRootImpl: ViewPostImeInputStage processKey 1
12-24 17:30:41.730 26932 26932 D ViewRootImpl: ViewPostImeInputStage processKey 0
12-24 17:30:41.730   847  2124 D ClipboardUIManager: ClipboardUIManager isShowingClipBoard()
12-24 17:30:41.740   847  2124 E ClipboardUIManager: Failed to get ClipboardService
12-24 17:30:41.750  4420  4420 I SamsungIME: KeybaordView init() : load resources
12-24 17:30:41.750  4420  4420 I SamsungIME: getCurrentKeyboard
12-24 17:30:41.750  4420  4420 I SamsungIME: getNumberKeyboard
12-24 17:30:41.830   317   384 I SurfaceFlinger: id=3303 Removed Uoast (12/13)
12-24 17:30:41.830   317  3269 I SurfaceFlinger: id=3303 Removed Uoast (-2/13)
12-24 17:30:41.840  4420  4420 D SamsungIME: mDisplayWidth is 1080
12-24 17:30:41.840  4420  4420 D SamsungIME: mDisplayHeight is 1920
12-24 17:30:41.840  4420  4420 D SamsungIME: isOrientationLandscape false
12-24 17:30:41.840  4420  4420 D SamsungIME: mDisplayWidth is 1080
12-24 17:30:41.840  4420  4420 D SamsungIME: mDisplayHeight is 1920
12-24 17:30:41.840  4420  4420 D SamsungIME: isOrientationLandscape false
12-24 17:30:41.840   317   317 D libEGL  : eglTerminate EGLDisplay = 0xbeedc3d4
12-24 17:30:41.840  4420  4420 D SamsungIME: mIsUseStaticTouchRecognizedArea =  false
12-24 17:30:41.840  4420  4420 D SogouWrapper: setKeyboard()
12-24 17:30:41.850  4420  4420 D SamsungIME: isEnableAutoCorrection() mIsEnableAutoCorrection : true but s-chinese case
12-24 17:30:41.850  4420  4420 D SogouWrapper: setKeyboard() set auto-correct on
12-24 17:30:41.850  4420  4420 D SogouWrapper: updateParameter()
12-24 17:30:41.850  4420  4420 D SogouWrapper: updateParameter() disable slide input
12-24 17:30:41.850  4420  4420 D SogouWrapper: updateParameter() enable rare word input
12-24 17:30:41.850  4420  4420 D SogouWrapper: updateParameter() disable emoji prediction input
12-24 17:30:41.850  4420  4420 D SogouWrapper: updateParameter() enable email prediction input
12-24 17:30:41.850  4420  4420 D SogouWrapper: updateParameter() disable trad chinese input
12-24 17:30:41.850  4420  4420 D SogouWrapper: updateParameter() default associate disable
12-24 17:30:41.850 26932 26932 D ViewRootImpl: ViewPostImeInputStage processKey 1
12-24 17:30:41.850   847  1230 I InputDispatcher: Delivering key to (26932): action: 0x0 (0)
12-24 17:30:41.850 30031 30031 E File    : fail readDirectory() errno=13
12-24 17:30:41.850   847  1230 D InputDispatcher: Waiting for application to become ready for input: 26932.  Reason: Waiting to send key event because the focused window has not finished processing all of the input events that were previously delivered to it.  Outbound queue length: 0.  Wait queue length: 1.
12-24 17:30:41.880  4420  4420 D SamsungIME: Magnification Enabled = false
12-24 17:30:41.880  4420  4420 D SamsungIME: Dismiss ExpandCandiate
12-24 17:30:41.880  4420  4420 E SamsungIME: lang.getLanguageCode():en, lang.getCountryCode():US
12-24 17:30:41.880  4420  4420 E SamsungIME: lang.getLanguageCode():zh, lang.getCountryCode():CN
12-24 17:30:41.880  4420  4420 W SamsungIME: makeSelectedLanguageList:en_US;zh_CN;
12-24 17:30:41.880  4420  4420 D HWManager: hideBoxHandwritingView
12-24 17:30:41.880  4420  4420 D HWManager: hideFSHandwritingView
12-24 17:30:41.880  4420  4420 D HWManager: hideBoxHandwritingView
12-24 17:30:41.880  4420  4420 D HWManager: hideFSHandwritingView
12-24 17:30:41.880  4420  4420 D SogouWrapper: clearContext()
12-24 17:30:41.880  4420  4420 D SogouWrapper: stopCloudInput()
12-24 17:30:41.880  4420  4420 W ContextImpl: Calling a method in the system process without a qualified user: android.app.ContextImpl.sendBroadcast:834 android.content.ContextWrapper.sendBroadcast:410 com.sec.android.inputmethod.base.common.InputManagerImpl.sendInputLanguage:13627 com.sec.android.inputmethod.base.common.InputManagerImpl.setLanguage:8881 com.sec.android.inputmethod.base.common.InputManagerImpl.startInputViewContinue:5956 
12-24 17:30:41.890  4420  4420 D SogouWrapper: getInputTransResult()
12-24 17:30:41.890  4420  4420 D SamsungIME_UnifiedIME: setToolbarVisiblility, visible = false
12-24 17:30:41.890  4420  1560 E SamsungIME: sendInputLanguage() : zh_CN, en_US;zh_CN;
12-24 17:30:41.890  4420  4420 D SamsungIME: Dismiss ExpandCandiate
12-24 17:30:41.890  4420  4420 D SogouWrapper: updateEngine()
12-24 17:30:41.890  4420  4420 D SogouWrapper: updateEngine() IME_TYPE_PINYIN IME_KEYBOARD_PHONE
12-24 17:30:41.890  4420  4420 D SogouWrapper: initIM() imeType : 2 keyboardMode : 1
12-24 17:30:41.890  4420  4420 D SogouWrapper: clearContext()
12-24 17:30:41.890  4420  4420 D SogouWrapper: stopCloudInput()
12-24 17:30:41.890  4420  4420 D SogouWrapper: getInputTransResult()
12-24 17:30:41.890  4420  4420 D SamsungIME_UnifiedIME: setToolbarVisiblility, visible = false
12-24 17:30:41.890  4420  4420 I SamsungIME: ET9CPLdbValidate : 10
12-24 17:30:41.890  4420  4420 D SamsungIME: ET9AW_LdbReadData : file is null
12-24 17:30:41.890  4420  4420 D SamsungIME: ET9AW_LdbReadData, ldbcode : 481
12-24 17:30:41.890  4420  4420 I SKBD Xt994Wrapper: setDLMLoadFlag() SMT_DB_TYPE true
12-24 17:30:41.890  4420  4420 I SKBD Xt994Wrapper: setDLMLoadFlag() SMT_DB_TYPE false
12-24 17:30:41.890  4420  4420 I SKBD Xt994Wrapper: setDLMLoadFlag() DLM_DB_TYPE true
12-24 17:30:41.890  4420  4420 I SKBD Xt994Wrapper: setDLMLoadFlag() DLM_DB_TYPE false
12-24 17:30:41.890  4420  4420 I SKBD Xt994Wrapper: setDLMLoadFlag() CDLM_DB_TYPE true
12-24 17:30:41.890  4420  4420 I SKBD Xt994Wrapper: setDLMLoadFlag() CDLM_DB_TYPE false
12-24 17:30:41.890  4420  4420 I SamsungIME: ET9CDLMInit : 2
12-24 17:30:41.890  4420  4420 D SamsungIME: isEnableAutoCorrection() mIsEnableAutoCorrection : true but s-chinese case
12-24 17:30:41.890  4420  4420 D SamsungIME: isEnableAutoCorrection() mIsEnableAutoCorrection : true but s-chinese case
12-24 17:30:41.890   847  1641 D ClipboardUIManager: ClipboardUIManager isShowingClipBoard()
12-24 17:30:41.890   847  1641 E ClipboardUIManager: Failed to get ClipboardService
12-24 17:30:41.890  4420  4420 I SamsungIME: getCurrentKeyboard
12-24 17:30:41.890  4420  4420 I SamsungIME: getNumberKeyboard
12-24 17:30:41.890   847  2132 D SettingsProvider: isChangeAllowed() SettingsProvider : name = sip_input_language
12-24 17:30:41.890   847  2118 D SettingsProvider: isChangeAllowed() SettingsProvider : name = handwriting_language_list
12-24 17:30:41.900  4420  4420 D SamsungIME: mIsUseStaticTouchRecognizedArea =  false
12-24 17:30:41.900  4420  4420 D SogouWrapper: setKeyboard()
12-24 17:30:41.900  4420  4420 D SamsungIME: isEnableAutoCorrection() mIsEnableAutoCorrection : true but s-chinese case
12-24 17:30:41.900  4420  4420 D SogouWrapper: setKeyboard() set auto-correct on
12-24 17:30:41.900  4420  4420 D SogouWrapper: updateParameter()
12-24 17:30:41.900  4420  4420 D SogouWrapper: updateParameter() disable slide input
12-24 17:30:41.900  4420  4420 D SogouWrapper: updateParameter() enable rare word input
12-24 17:30:41.900  4420  4420 D SogouWrapper: updateParameter() disable emoji prediction input
12-24 17:30:41.900  4420  4420 D SogouWrapper: updateParameter() enable email prediction input
12-24 17:30:41.900  4420  4420 D SogouWrapper: updateParameter() disable trad chinese input
12-24 17:30:41.900  4420  4420 D SogouWrapper: updateParameter() default associate disable
12-24 17:30:41.900  4420  4420 D HWManager: hideBoxHandwritingView
12-24 17:30:41.900  4420  4420 D HWManager: hideFSHandwritingView
12-24 17:30:41.900  4420  4420 D SogouWrapper: clearContext()
12-24 17:30:41.900  4420  4420 D SogouWrapper: stopCloudInput()
12-24 17:30:41.900  4420  4420 D SogouWrapper: getInputTransResult()
12-24 17:30:41.900  4420  4420 D SamsungIME_UnifiedIME: setToolbarVisiblility, visible = false
12-24 17:30:41.900  4420  4420 D SamsungIME: Dismiss ExpandCandiate
12-24 17:30:41.900  4420  4420 D SogouWrapper: updateEngine()
12-24 17:30:41.900  4420  4420 D SogouWrapper: updateEngine() IME_TYPE_PINYIN IME_KEYBOARD_PHONE
12-24 17:30:41.900  4420  4420 D SogouWrapper: initIM() imeType : 2 keyboardMode : 1
12-24 17:30:41.900  4420  4420 D SogouWrapper: clearContext()
12-24 17:30:41.900  4420  4420 D SogouWrapper: stopCloudInput()
12-24 17:30:41.900  4420  4420 D SogouWrapper: getInputTransResult()
12-24 17:30:41.900  4420  4420 D SamsungIME_UnifiedIME: setToolbarVisiblility, visible = false
12-24 17:30:41.900  4420  4420 I SamsungIME: ET9CPLdbValidate : 10
12-24 17:30:41.910  4420  4420 D SamsungIME: ET9AW_LdbReadData : file is null
12-24 17:30:41.910  4420  4420 D SamsungIME: ET9AW_LdbReadData, ldbcode : 481
12-24 17:30:41.910  4420  4420 I SKBD Xt994Wrapper: setDLMLoadFlag() SMT_DB_TYPE true
12-24 17:30:41.910  4420  4420 I SKBD Xt994Wrapper: setDLMLoadFlag() SMT_DB_TYPE false
12-24 17:30:41.910  4420  4420 I SKBD Xt994Wrapper: setDLMLoadFlag() DLM_DB_TYPE true
12-24 17:30:41.910  4420  4420 I SKBD Xt994Wrapper: setDLMLoadFlag() DLM_DB_TYPE false
12-24 17:30:41.910  4420  4420 I SKBD Xt994Wrapper: setDLMLoadFlag() CDLM_DB_TYPE true
12-24 17:30:41.910  4420  4420 I SKBD Xt994Wrapper: setDLMLoadFlag() CDLM_DB_TYPE false
12-24 17:30:41.910  4420  4420 I SamsungIME: ET9CDLMInit : 2
12-24 17:30:41.910  4420  4420 D SamsungIME: isEnableAutoCorrection() mIsEnableAutoCorrection : true but s-chinese case
12-24 17:30:41.910  4420  4420 D SamsungIME: isEnableAutoCorrection() mIsEnableAutoCorrection : true but s-chinese case
12-24 17:30:41.930 26932 26932 W IInputConnectionWrapper: getSelectedText on inactive InputConnection
12-24 17:30:41.950 26932 26932 W IInputConnectionWrapper: getTextBeforeCursor on inactive InputConnection
12-24 17:30:41.950 26932 26932 W IInputConnectionWrapper: getTextAfterCursor on inactive InputConnection
12-24 17:30:41.950  4420  4420 D SamsungIME: Dismiss ExpandCandiate
12-24 17:30:41.950  4420  4420 D SogouWrapper: clearContext()
12-24 17:30:41.950  4420  4420 D SogouWrapper: stopCloudInput()
12-24 17:30:41.950  4420  4420 D SogouWrapper: getInputTransResult()
12-24 17:30:41.950  4420  4420 D SamsungIME_UnifiedIME: setToolbarVisiblility, visible = false
12-24 17:30:41.950  4420  4420 D SogouWrapper: getInputTransResult()
12-24 17:30:41.950  4420  4420 D SamsungIME_UnifiedIME: setToolbarVisiblility, visible = false
12-24 17:30:41.950  4420  4420 D SamsungIME: startInputViewContinue : true true
12-24 17:30:41.950  4420  4420 D SamsungIME: [showDiscoverability] this is auto replacement discoverity popup
12-24 17:30:41.950  4420  4420 D SamsungIME: conditions for show dialog : true false true false
12-24 17:30:41.950  4420  4420 D SamsungIME: showDlgMsgBox : true true true
12-24 17:30:41.950  4420  4420 D SamsungIME: showDlgMsgBox inner condition : true true
12-24 17:30:41.950  4420  4420 I SamsungIME: [IMI] startInputView - caller pid : 26932, caller uid : 10441
12-24 17:30:41.950  4420  4420 D HWManager: hideBoxHandwritingView
12-24 17:30:41.950  4420  4420 D HWManager: hideFSHandwritingView
12-24 17:30:41.950 26932 26932 D ViewRootImpl: ViewPostImeInputStage processKey 2
12-24 17:30:41.950  4420  1563 D InputMethodFrameWorkUtils: InputMethodSubtype is found as local:zh_CN
12-24 17:30:41.950 26932 26932 D ViewRootImpl: ViewPostImeInputStage processKey 0
12-24 17:30:41.950   847  2132 D ClipboardUIManager: ClipboardUIManager isShowingClipBoard()
12-24 17:30:41.950  4420  1563 D InputMethodFrameWorkUtils: InputMethodSubtype is set as local:zh_CN
12-24 17:30:41.950   847  2132 E ClipboardUIManager: Failed to get ClipboardService
12-24 17:30:41.950  4420  1562 W ContextImpl: Calling a method in the system process without a qualified user: android.app.ContextImpl.sendBroadcast:834 android.content.ContextWrapper.sendBroadcast:410 com.sec.android.inputmethod.base.common.InputManagerImpl$43.run:13417 java.lang.Thread.run:818 <bottom of call stack> 
12-24 17:30:41.950  4420  1563 W ContextImpl: Calling a method in the system process without a qualified user: android.app.ContextImpl.sendBroadcast:834 android.content.ContextWrapper.sendBroadcast:410 com.sec.android.inputmethod.inputmethodframework.InputMethodFrameWorkUtils$1.run:51 java.lang.Thread.run:818 <bottom of call stack> 
12-24 17:30:41.960 26932 26932 D ViewRootImpl: The input has been finished in ImeInputStage.
12-24 17:30:41.960 26932 26932 D ViewRootImpl: ViewPostImeInputStage processKey 0
12-24 17:30:41.960   847  1644 D ClipboardUIManager: ClipboardUIManager isShowingClipBoard()
12-24 17:30:41.960   847  1644 E ClipboardUIManager: Failed to get ClipboardService
12-24 17:30:41.960 26932 26932 D ViewRootImpl: The input has been finished in ImeInputStage.
12-24 17:30:41.960 26932 26932 D ViewRootImpl: ViewPostImeInputStage processKey 0
12-24 17:30:41.960   847  2124 D ClipboardUIManager: ClipboardUIManager isShowingClipBoard()
12-24 17:30:41.960   847  2124 E ClipboardUIManager: Failed to get ClipboardService
12-24 17:30:41.960 26932 26932 D ViewRootImpl: The input has been finished in ImeInputStage.
12-24 17:30:41.960 26932 26932 D ViewRootImpl: ViewPostImeInputStage processKey 0
12-24 17:30:41.960   847  2122 D ClipboardUIManager: ClipboardUIManager isShowingClipBoard()
12-24 17:30:41.960   847  2122 E ClipboardUIManager: Failed to get ClipboardService
12-24 17:30:41.970   847  1644 D ClipboardUIManager: ClipboardUIManager isShowingClipBoard()
12-24 17:30:41.970   847  1644 E ClipboardUIManager: Failed to get ClipboardService
12-24 17:30:41.970   847  2124 D ClipboardUIManager: ClipboardUIManager isShowingClipBoard()
12-24 17:30:41.970   847  2124 E ClipboardUIManager: Failed to get ClipboardService
12-24 17:30:41.980   847  2126 D ClipboardUIManager: ClipboardUIManager isShowingClipBoard()
12-24 17:30:41.980   847  2126 E ClipboardUIManager: Failed to get ClipboardService
12-24 17:30:41.980   847  1705 D ClipboardUIManager: ClipboardUIManager isShowingClipBoard()
12-24 17:30:41.980   847  1705 E ClipboardUIManager: Failed to get ClipboardService
12-24 17:30:41.990   847  4320 D BatteryService: !@BatteryListener : batteryPropertiesChanged!
12-24 17:30:41.990   847  4320 D BatteryService: level:92, scale:100, status:2, health:2, present:true, voltage: 4160, temperature: 370, technology: Li-ion, AC powered:false, USB powered:true, POGO powered:false, Wireless powered:false, icon:17303564, invalid charger:0, maxChargingCurrent:0
12-24 17:30:41.990   847  4320 D BatteryService: online:4, current avg:450, charge type:1, power sharing:false, high voltage charger:false, capacity:280000, batterySWSelfDischarging:false, current_now:450
12-24 17:30:41.990   847   847 D BatteryService: Sending ACTION_BATTERY_CHANGED.
12-24 17:30:41.990   847   847 I MotionRecognitionService: Plugged
12-24 17:30:41.990   847   847 D MotionRecognitionService:   cableConnection= 1
12-24 17:30:41.990   847   847 D MotionRecognitionService: setPowerConnected | current backoffstate  = 1024 , state =1024
12-24 17:30:41.990   847   847 D MotionRecognitionService: skip setTransmitPower. 
12-24 17:30:42.000  1325  1325 D KeyguardUpdateMonitor: received broadcast android.intent.action.BATTERY_CHANGED
12-24 17:30:42.000  1325  1325 I PERF    : received broadcast android.intent.action.BATTERY_CHANGED
12-24 17:30:42.000  1325  1325 D KeyguardUpdateMonitor: handleBatteryUpdate
12-24 17:30:42.010 30386 30386 D SMUSIC-SV: mSystemReceiver - batteryLevel: 92 batteryStatus: 2
12-24 17:30:42.010  1325  1325 D BatteryMeterView: ACTION_BATTERY_CHANGED : level:92 status:2 health:2
12-24 17:30:42.010  1325  1325 D BatteryMeterView: ACTION_BATTERY_CHANGED : level:92 status:2 health:2
12-24 17:30:42.010  1325  1325 D BatteryMeterView: ACTION_BATTERY_CHANGED : level:92 status:2 health:2
12-24 17:30:42.030  4420  4420 E SamsungIME: <AbstractKeyboardView> - onDraw() called
12-24 17:30:42.040  4420  4420 I SamsungIME: drawAllKey
12-24 17:30:42.050 26932 26932 D ViewRootImpl: ViewPostImeInputStage processKey 1
12-24 17:30:42.050 26932 26932 D ViewRootImpl: ViewPostImeInputStage processKey 0
12-24 17:30:42.050   847  1230 I InputDispatcher: Delivering key to (26932): action: 0x1 (0)
12-24 17:30:42.050 30031 30031 E File    : fail readDirectory() errno=13
12-24 17:30:42.070  4420  4420 W ContextImpl: Calling a method in the system process without a qualified user: android.app.ContextImpl.sendBroadcast:834 android.content.ContextWrapper.sendBroadcast:410 android.inputmethodservice.InputMethodService.sendInputViewShownState:443 android.inputmethodservice.InputMethodService.showWindow:2092 android.inputmethodservice.InputMethodService$InputMethodImpl.showSoftInput:651 
12-24 17:30:42.070   847   847 D InputMethodManagerService: [HARDWARE_KEYBOARD] (refreshImeWindowVis) isChineseRegion = true, isFolderPhone= false isFolderOpen = false hardKeyShown = false
12-24 17:30:42.070   847   847 D InputMethodManagerService: [HARDWARE_KEYBOARD] (refreshImeWindowVis) mImeWindowVis= 3 inputVisible = truehaveHardKeyboard = false hardKeyShown = false
12-24 17:30:42.080 26932 26932 D ViewRootImpl: ViewPostImeInputStage processKey 1
12-24 17:30:42.080   847  1641 D ApplicationPolicy: isStatusBarNotificationAllowedAsUser: packageName = android,userId = -1
12-24 17:30:42.080   847  1365 D ClipboardUIManager: ClipboardUIManager isShowingClipBoard()
12-24 17:30:42.080   847  1365 E ClipboardUIManager: Failed to get ClipboardService
12-24 17:30:42.090   847  1713 D ClipboardUIManager: ClipboardUIManager isShowingClipBoard()
12-24 17:30:42.090   847  1713 E ClipboardUIManager: Failed to get ClipboardService
12-24 17:30:42.090 26101 26101 D EventStateReceiver: [c] IS_VISIBLE_WINDOW #1:true, IS_MOVABLE_KEYPAD:false
12-24 17:30:42.090 26101 26101 E EventStateReceiver: mIsOpenIME:true  isOpenIME:true
12-24 17:30:42.090   847  1542 D ClipboardUIManager: ClipboardUIManager isShowingClipBoard()
12-24 17:30:42.090   847  1542 E ClipboardUIManager: Failed to get ClipboardService
12-24 17:30:42.090   847  1641 D ClipboardUIManager: ClipboardUIManager isShowingClipBoard()
12-24 17:30:42.090   847  1641 E ClipboardUIManager: Failed to get ClipboardService
12-24 17:30:42.090  4420  4420 D HWManager: hideBoxHandwritingView
12-24 17:30:42.090  4420  4420 D HWManager: hideFSHandwritingView
12-24 17:30:42.090  4420  4420 D HWManager: dismissHandwritingView 
12-24 17:30:42.090  4420  4420 E KeyboardInfoUtils: getInstance start
12-24 17:30:42.090  4420  4420 E KeyboardInfoUtils: sendSIPInformation state:6  isAbstractKeyboardView : false
12-24 17:30:42.090  4420  4420 D SamsungIME_UnifiedIME: InputManagerImpl, mCloudHandler: 72
12-24 17:30:42.090  4420  4420 D SogouWrapper: getInputTransResult()
12-24 17:30:42.090  4420  4420 D SamsungIME_UnifiedIME: setToolbarVisiblility, visible = false
12-24 17:30:42.090  4420  4420 D SamsungIME: IMPL finishInput
12-24 17:30:42.090 26932 26932 W IInputConnectionWrapper: performPrivateCommand on inactive InputConnection
12-24 17:30:42.090  4420  4420 D SamsungIME: onStartInput: No inputType, No imeOption, isInputViewShown = true, isExtractViewShown = false, isShowInputRequested = true, isConfigChanged = false
12-24 17:30:42.090  4420  4420 D SamsungIME: onStartInputView: No inputType, No imeOption, isInputViewShown = true, isExtractViewShown = false, isShowInputRequested = true, isConfigChanged = false
12-24 17:30:42.090   847  1003 V BroadcastQueue: [background] Process cur broadcast BroadcastRecord{a65b17d u0 ResponseAxT9Info qIdx=4}, state= (APP_RECEIVE) DELIVERED for app ProcessRecord{63df037 26101:com.bst.airmessage/u0a1}
12-24 17:30:42.100 27537 27537 E ProxyStatusReceiver: no this type!
12-24 17:30:42.100 30031 30031 E File    : fail readDirectory() errno=13
12-24 17:30:42.100  4420  4420 W ContextImpl: Calling a method in the system process without a qualified user: android.app.ContextImpl.sendBroadcast:834 android.content.ContextWrapper.sendBroadcast:410 android.inputmethodservice.InputMethodService.sendInputViewShownState:443 android.inputmethodservice.InputMethodService.showWindow:2092 android.inputmethodservice.InputMethodService$InputMethodImpl.showSoftInput:651 
12-24 17:30:42.100   847  2126 V BroadcastQueue: [background] Process cur broadcast BroadcastRecord{a65b17d u0 ResponseAxT9Info qIdx=4}, state= (APP_RECEIVE) DELIVERED for app ProcessRecord{b27e90e 27537:com.bst.floatingmsgproxy/u0a1}
12-24 17:30:42.110   847  1230 I InputDispatcher: Delivering key to (26932): action: 0x0 (0)
12-24 17:30:42.110 30031 30031 E File    : fail readDirectory() errno=13
12-24 17:30:42.110   847  1230 D InputDispatcher: Waiting for application to become ready for input: 26932.  Reason: Waiting to send key event because the focused window has not finished processing all of the input events that were previously delivered to it.  Outbound queue length: 0.  Wait queue length: 1.
12-24 17:30:42.120   847  2118 D ApplicationPolicy: isStatusBarNotificationAllowedAsUser: packageName = android,userId = -1
12-24 17:30:42.120 26932 26932 D ViewRootImpl: ViewPostImeInputStage processKey 0
12-24 17:30:42.120   847  1644 D ClipboardUIManager: ClipboardUIManager isShowingClipBoard()
12-24 17:30:42.120   847  1644 E ClipboardUIManager: Failed to get ClipboardService
12-24 17:30:42.120  4420  4420 D HWManager: hideBoxHandwritingView
12-24 17:30:42.120  4420  4420 D HWManager: hideFSHandwritingView
12-24 17:30:42.120  4420  4420 E SamsungIME: resetNeedToLoadHwrLibrary : 1
12-24 17:30:42.120  4420  4420 D HWManager: dismissHandwritingView 
12-24 17:30:42.120   847  1230 I InputDispatcher: Delivering key to (26932): action: 0x1 (0)
12-24 17:30:42.120  4420  4420 E KeyboardInfoUtils: getInstance start
12-24 17:30:42.120  4420  4420 E KeyboardInfoUtils: sendSIPInformation state:6  isAbstractKeyboardView : false
12-24 17:30:42.120  4420  4420 D SamsungIME_UnifiedIME: InputManagerImpl, mCloudHandler: 72
12-24 17:30:42.120  4420  4420 D SogouWrapper: getInputTransResult()
12-24 17:30:42.120  4420  4420 D SamsungIME_UnifiedIME: setToolbarVisiblility, visible = false
12-24 17:30:42.120  4420  4420 D SamsungIME: IMPL finishInput
12-24 17:30:42.120 30031 30031 E File    : fail readDirectory() errno=13
12-24 17:30:42.120  4420  4420 D SogouWrapper: clearContext()
12-24 17:30:42.120  4420  4420 D SogouWrapper: stopCloudInput()
12-24 17:30:42.120  4420  4420 D SogouWrapper: getInputTransResult()
12-24 17:30:42.120  4420  4420 E SamsungIME: resetNeedToLoadHwrLibrary : 1
12-24 17:30:42.120  4420  4420 D SogouWrapper: getInputTransResult()
12-24 17:30:42.120  4420  4420 D SamsungIME_UnifiedIME: setToolbarVisiblility, visible = false
12-24 17:30:42.120  4420  4420 D SamsungIME: onStartInputView requsted restarting value = false
12-24 17:30:42.120  4420  4420 D SamsungIME: onStartInputView After call super -  restarting value = false
12-24 17:30:42.120  4420  4420 D SamsungIME: disable handwriting input icon : handwriting is not enabled or improper edit field
12-24 17:30:42.120   847   847 D InputMethodManagerService: [HARDWARE_KEYBOARD] (refreshImeWindowVis) isChineseRegion = true, isFolderPhone= false isFolderOpen = false hardKeyShown = false
12-24 17:30:42.120   847   847 D InputMethodManagerService: [HARDWARE_KEYBOARD] (refreshImeWindowVis) mImeWindowVis= 3 inputVisible = truehaveHardKeyboard = false hardKeyShown = false
12-24 17:30:42.120   847   847 D MARsPolicyManager: NotificationListenerService OngoingNotificationPosted : android
12-24 17:30:42.130  4420  4420 D SamsungIME_HWR: DynamicHwrLoadPerf, InitHwrLib time = 0 ms
12-24 17:30:42.130  4420  4420 D SamsungIME_HWR: DynamicHwrLoadPerf, setAvailableHWRLanguage time = 0 ms
12-24 17:30:42.130  4420  4420 D SamsungIME_HWR: DynamicHwrLoadPerf, updateHwrInputModule time = 0 ms
12-24 17:30:42.130  4420  4420 D DragonTrigger: isVoiceSupportedModelWithoutSvoice : true device : klte
12-24 17:30:42.130  4420  4420 D SamsungIME: [startInputView] info.inputType = 2 info.imeOptions = 469762053
12-24 17:30:42.130  4420  4420 I SamsungIME: Update SetupWizard State usc : 1 pss : false
12-24 17:30:42.130 26101 26101 D EventStateReceiver: [c] IS_VISIBLE_WINDOW #1:true, IS_MOVABLE_KEYPAD:false
12-24 17:30:42.130 26101 26101 E EventStateReceiver: mIsOpenIME:true  isOpenIME:true
12-24 17:30:42.130  4420  4420 I SamsungIME: Update SetupWizard State usc : 1 pss : false
12-24 17:30:42.130   847  2126 V BroadcastQueue: [background] Process cur broadcast BroadcastRecord{d0ed872 u0 ResponseAxT9Info qIdx=4}, state= (APP_RECEIVE) DELIVERED for app ProcessRecord{63df037 26101:com.bst.airmessage/u0a1}
12-24 17:30:42.130   847  1365 D SettingsProvider: isChangeAllowed() SettingsProvider : name = onehand_direction
12-24 17:30:42.140  4420  4420 D DragonTrigger: isVoiceSupportedModelWithoutSvoice : true device : klte
12-24 17:30:42.140 26932 26932 W IInputConnectionWrapper: performPrivateCommand on inactive InputConnection
12-24 17:30:42.140 26932 26932 D ViewRootImpl: ViewPostImeInputStage processKey 1
12-24 17:30:42.140   847   847 D MARsPolicyManager: NotificationListenerService OngoingNotificationPosted : android
12-24 17:30:42.150 27537 27537 E ProxyStatusReceiver: no this type!
12-24 17:30:42.150  4420  4420 D SogouWrapper: updateEngine()
12-24 17:30:42.150  4420  4420 D SogouWrapper: updateEngine() IME_TYPE_PINYIN IME_KEYBOARD_PHONE
12-24 17:30:42.150  4420  4420 D SogouWrapper: initIM() imeType : 2 keyboardMode : 1
12-24 17:30:42.150  4420  4420 D SogouWrapper: clearContext()
12-24 17:30:42.150  4420  4420 D SogouWrapper: stopCloudInput()
12-24 17:30:42.150  4420  4420 D SogouWrapper: getInputTransResult()
12-24 17:30:42.150  4420  4420 D SamsungIME_UnifiedIME: setToolbarVisiblility, visible = false
12-24 17:30:42.150  4420  4420 I SamsungIME: ET9CPLdbValidate : 10
12-24 17:30:42.150  4420  4420 D SamsungIME: ET9AW_LdbReadData : file is null
12-24 17:30:42.150  4420  4420 D SamsungIME: ET9AW_LdbReadData, ldbcode : 481
12-24 17:30:42.150  4420  4420 I SKBD Xt994Wrapper: setDLMLoadFlag() SMT_DB_TYPE true
12-24 17:30:42.150   847  1713 V BroadcastQueue: [background] Process cur broadcast BroadcastRecord{d0ed872 u0 ResponseAxT9Info qIdx=4}, state= (APP_RECEIVE) DELIVERED for app ProcessRecord{b27e90e 27537:com.bst.floatingmsgproxy/u0a1}
12-24 17:30:42.160  4420  4420 I SKBD Xt994Wrapper: setDLMLoadFlag() SMT_DB_TYPE false
12-24 17:30:42.160  4420  4420 I SKBD Xt994Wrapper: setDLMLoadFlag() DLM_DB_TYPE true
12-24 17:30:42.160  1325  1325 D StatusBar: ----- contentsUnchanged : true, bigContentsUnchanged - true, headsUpContentsUnchanged - true , publicUnchanged true
12-24 17:30:42.160  4420  4420 I SKBD Xt994Wrapper: setDLMLoadFlag() DLM_DB_TYPE false
12-24 17:30:42.160  4420  4420 I SKBD Xt994Wrapper: setDLMLoadFlag() CDLM_DB_TYPE true
12-24 17:30:42.160  4420  4420 I SKBD Xt994Wrapper: setDLMLoadFlag() CDLM_DB_TYPE false
12-24 17:30:42.160  4420  4420 I SamsungIME: ET9CDLMInit : 2
12-24 17:30:42.160  4420  4420 D SamsungIME: isEnableAutoCorrection() mIsEnableAutoCorrection : true but s-chinese case
12-24 17:30:42.160  4420  4420 D SamsungIME: isEnableAutoCorrection() mIsEnableAutoCorrection : true but s-chinese case
12-24 17:30:42.160  4420  4420 W ContextImpl: Calling a method in the system process without a qualified user: android.app.ContextImpl.sendBroadcast:834 android.content.ContextWrapper.sendBroadcast:410 com.sec.android.inputmethod.base.common.InputManagerImpl.sendInputLanguage:13627 com.sec.android.inputmethod.base.common.InputManagerImpl.initDefaultLanguage:8220 com.sec.android.inputmethod.base.common.InputManagerImpl.initSelectedLanguage:8466 
12-24 17:30:42.170  4420  4420 E SamsungIME: lang.getLanguageCode():en, lang.getCountryCode():US
12-24 17:30:42.170  4420  4420 E SamsungIME: lang.getLanguageCode():zh, lang.getCountryCode():CN
12-24 17:30:42.170  4420  4420 W SamsungIME: makeSelectedLanguageList:en_US;zh_CN;
12-24 17:30:42.170  4420  4420 I SamsungIME: [IMI] isChangedMainValues - bRetVal : true
12-24 17:30:42.170  4420  1566 E SamsungIME: sendInputLanguage() : zh_CN, en_US;zh_CN;
12-24 17:30:42.170  1325  1325 D PanelView: kidsfalse mQsExpansionEnabled:true
12-24 17:30:42.170 30031 30031 E File    : fail readDirectory() errno=13
12-24 17:30:42.170   847  1644 D SettingsProvider: isChangeAllowed() SettingsProvider : name = sip_input_language
12-24 17:30:42.170   847   864 D SettingsProvider: isChangeAllowed() SettingsProvider : name = handwriting_language_list
12-24 17:30:42.180   847  1230 I InputDispatcher: Delivering key to (26932): action: 0x0 (0)
12-24 17:30:42.180 30031 30031 E File    : fail readDirectory() errno=13
12-24 17:30:42.180   847  1230 D InputDispatcher: Waiting for application to become ready for input: 26932.  Reason: Waiting to send key event because the focused window has not finished processing all of the input events that were previously delivered to it.  Outbound queue length: 0.  Wait queue length: 1.
12-24 17:30:42.190  1325  1325 D PanelView: kidsfalse mQsExpansionEnabled:true
12-24 17:30:42.190  1325  1325 D StatusBar: ----- contentsUnchanged : true, bigContentsUnchanged - true, headsUpContentsUnchanged - true , publicUnchanged true
12-24 17:30:42.200  1325  1325 D PanelView: kidsfalse mQsExpansionEnabled:true
12-24 17:30:42.210  1325  1325 D PanelView: kidsfalse mQsExpansionEnabled:true
12-24 17:30:42.220  4420  4420 D HWManager: hideBoxHandwritingView
12-24 17:30:42.220  4420  4420 D HWManager: hideFSHandwritingView
12-24 17:30:42.220  4420  4420 D SogouWrapper: clearContext()
12-24 17:30:42.220  4420  4420 D SogouWrapper: stopCloudInput()
12-24 17:30:42.220  4420  4420 D SogouWrapper: getInputTransResult()
12-24 17:30:42.220  4420  4420 D SamsungIME_UnifiedIME: setToolbarVisiblility, visible = false
12-24 17:30:42.220  4420  4420 D SamsungIME: Dismiss ExpandCandiate
12-24 17:30:42.220  4420  4420 D SogouWrapper: updateEngine()
12-24 17:30:42.220  4420  4420 D SogouWrapper: updateEngine() IME_TYPE_PINYIN IME_KEYBOARD_PHONE
12-24 17:30:42.220  4420  4420 D SogouWrapper: initIM() imeType : 2 keyboardMode : 1
12-24 17:30:42.220  4420  4420 D SogouWrapper: clearContext()
12-24 17:30:42.220  4420  4420 D SogouWrapper: stopCloudInput()
12-24 17:30:42.220  4420  4420 D SogouWrapper: getInputTransResult()
12-24 17:30:42.220  4420  4420 D SamsungIME_UnifiedIME: setToolbarVisiblility, visible = false
12-24 17:30:42.220  4420  4420 I SamsungIME: ET9CPLdbValidate : 10
12-24 17:30:42.220  4420  4420 D SamsungIME: ET9AW_LdbReadData : file is null
12-24 17:30:42.220  4420  4420 D SamsungIME: ET9AW_LdbReadData, ldbcode : 481
12-24 17:30:42.220  4420  4420 I SKBD Xt994Wrapper: setDLMLoadFlag() SMT_DB_TYPE true
12-24 17:30:42.220  4420  4420 I SKBD Xt994Wrapper: setDLMLoadFlag() SMT_DB_TYPE false
12-24 17:30:42.220  4420  4420 I SKBD Xt994Wrapper: setDLMLoadFlag() DLM_DB_TYPE true
12-24 17:30:42.220  4420  4420 I SKBD Xt994Wrapper: setDLMLoadFlag() DLM_DB_TYPE false
12-24 17:30:42.220  4420  4420 I SKBD Xt994Wrapper: setDLMLoadFlag() CDLM_DB_TYPE true
12-24 17:30:42.220  4420  4420 I SKBD Xt994Wrapper: setDLMLoadFlag() CDLM_DB_TYPE false
12-24 17:30:42.230  4420  4420 I SamsungIME: ET9CDLMInit : 2
12-24 17:30:42.230  4420  4420 D SamsungIME: isEnableAutoCorrection() mIsEnableAutoCorrection : true but s-chinese case
12-24 17:30:42.230  4420  4420 D SamsungIME: isEnableAutoCorrection() mIsEnableAutoCorrection : true but s-chinese case
12-24 17:30:42.230  4420  4420 D HWManager: hideBoxHandwritingView
12-24 17:30:42.230  4420  4420 D HWManager: hideFSHandwritingView
12-24 17:30:42.230  4420  4420 D SogouWrapper: clearContext()
12-24 17:30:42.230  4420  4420 D SogouWrapper: stopCloudInput()
12-24 17:30:42.230  4420  4420 D SogouWrapper: getInputTransResult()
12-24 17:30:42.230  4420  4420 D SamsungIME_UnifiedIME: setToolbarVisiblility, visible = false
12-24 17:30:42.230  4420  4420 D SamsungIME: Dismiss ExpandCandiate
12-24 17:30:42.230  4420  4420 D SogouWrapper: updateEngine()
12-24 17:30:42.230  4420  4420 D SogouWrapper: updateEngine() IME_TYPE_PINYIN IME_KEYBOARD_PHONE
12-24 17:30:42.230  4420  4420 D SogouWrapper: initIM() imeType : 2 keyboardMode : 1
12-24 17:30:42.230  4420  4420 D SogouWrapper: clearContext()
12-24 17:30:42.230  4420  4420 D SogouWrapper: stopCloudInput()
12-24 17:30:42.230  4420  4420 D SogouWrapper: getInputTransResult()
12-24 17:30:42.230  4420  4420 D SamsungIME_UnifiedIME: setToolbarVisiblility, visible = false
12-24 17:30:42.230  4420  4420 I SamsungIME: ET9CPLdbValidate : 10
12-24 17:30:42.230  4420  4420 D SamsungIME: ET9AW_LdbReadData : file is null
12-24 17:30:42.230  4420  4420 D SamsungIME: ET9AW_LdbReadData, ldbcode : 481
12-24 17:30:42.230  4420  4420 I SKBD Xt994Wrapper: setDLMLoadFlag() SMT_DB_TYPE true
12-24 17:30:42.230  4420  4420 I SKBD Xt994Wrapper: setDLMLoadFlag() SMT_DB_TYPE false
12-24 17:30:42.230  4420  4420 I SKBD Xt994Wrapper: setDLMLoadFlag() DLM_DB_TYPE true
12-24 17:30:42.230  4420  4420 I SKBD Xt994Wrapper: setDLMLoadFlag() DLM_DB_TYPE false
12-24 17:30:42.230  4420  4420 I SKBD Xt994Wrapper: setDLMLoadFlag() CDLM_DB_TYPE true
12-24 17:30:42.230  4420  4420 I SKBD Xt994Wrapper: setDLMLoadFlag() CDLM_DB_TYPE false
12-24 17:30:42.230  4420  4420 I SamsungIME: ET9CDLMInit : 2
12-24 17:30:42.230  4420  4420 D SamsungIME: isEnableAutoCorrection() mIsEnableAutoCorrection : true but s-chinese case
12-24 17:30:42.240  4420  4420 D SamsungIME: isEnableAutoCorrection() mIsEnableAutoCorrection : true but s-chinese case
12-24 17:30:42.240  4420  4420 D HWManager: hideBoxHandwritingView
12-24 17:30:42.240  4420  4420 D HWManager: hideFSHandwritingView
12-24 17:30:42.240  4420  4420 D SogouWrapper: clearContext()
12-24 17:30:42.240  4420  4420 D SogouWrapper: stopCloudInput()
12-24 17:30:42.240  4420  4420 D SogouWrapper: getInputTransResult()
12-24 17:30:42.240  4420  4420 D SamsungIME_UnifiedIME: setToolbarVisiblility, visible = false
12-24 17:30:42.240  4420  4420 D SamsungIME: Dismiss ExpandCandiate
12-24 17:30:42.240  4420  4420 D SogouWrapper: updateEngine()
12-24 17:30:42.240  4420  4420 D SogouWrapper: updateEngine() IME_TYPE_PINYIN IME_KEYBOARD_PHONE
12-24 17:30:42.240  4420  4420 D SogouWrapper: initIM() imeType : 2 keyboardMode : 1
12-24 17:30:42.240  4420  4420 D SogouWrapper: clearContext()
12-24 17:30:42.240  4420  4420 D SogouWrapper: stopCloudInput()
12-24 17:30:42.240  4420  4420 D SogouWrapper: getInputTransResult()
12-24 17:30:42.240  4420  4420 D SamsungIME_UnifiedIME: setToolbarVisiblility, visible = false
12-24 17:30:42.240  4420  4420 I SamsungIME: ET9CPLdbValidate : 10
12-24 17:30:42.240  4420  4420 D SamsungIME: ET9AW_LdbReadData : file is null
12-24 17:30:42.240  4420  4420 D SamsungIME: ET9AW_LdbReadData, ldbcode : 481
12-24 17:30:42.240  4420  4420 I SKBD Xt994Wrapper: setDLMLoadFlag() SMT_DB_TYPE true
12-24 17:30:42.240  4420  4420 I SKBD Xt994Wrapper: setDLMLoadFlag() SMT_DB_TYPE false
12-24 17:30:42.240  4420  4420 I SKBD Xt994Wrapper: setDLMLoadFlag() DLM_DB_TYPE true
12-24 17:30:42.240  4420  4420 I SKBD Xt994Wrapper: setDLMLoadFlag() DLM_DB_TYPE false
12-24 17:30:42.240  4420  4420 I SKBD Xt994Wrapper: setDLMLoadFlag() CDLM_DB_TYPE true
12-24 17:30:42.240  4420  4420 I SKBD Xt994Wrapper: setDLMLoadFlag() CDLM_DB_TYPE false
12-24 17:30:42.240  4420  4420 I SamsungIME: ET9CDLMInit : 2
12-24 17:30:42.240  4420  4420 D SamsungIME: isEnableAutoCorrection() mIsEnableAutoCorrection : true but s-chinese case
12-24 17:30:42.240  4420  4420 D SamsungIME: isEnableAutoCorrection() mIsEnableAutoCorrection : true but s-chinese case
12-24 17:30:42.240  4420  4420 D SamsungIME: [AbstractKeyboardView] onDetachedFromWindow.
12-24 17:30:42.250  4420  4420 I SamsungIME: getDebugLevel  : 0x4f4c
12-24 17:30:42.250  4420  4420 I SamsungIME: KeybaordView init() : load resources
12-24 17:30:42.260  4420  4420 I SamsungIME: getCurrentKeyboard
12-24 17:30:42.260  4420  4420 I SamsungIME: getNumberKeyboard
12-24 17:30:42.260  4420  4420 D SamsungIME: mDisplayWidth is 1080
12-24 17:30:42.260  4420  4420 D SamsungIME: mDisplayHeight is 1920
12-24 17:30:42.260  4420  4420 D SamsungIME: isOrientationLandscape false
12-24 17:30:42.260  4420  4420 D SamsungIME: mDisplayWidth is 1080
12-24 17:30:42.260  4420  4420 D SamsungIME: mDisplayHeight is 1920
12-24 17:30:42.260  4420  4420 D SamsungIME: isOrientationLandscape false
12-24 17:30:42.260  4420  4420 D SamsungIME: mIsUseStaticTouchRecognizedArea =  false
12-24 17:30:42.260  4420  4420 D SogouWrapper: setKeyboard()
12-24 17:30:42.260  4420  4420 D SamsungIME: isEnableAutoCorrection() mIsEnableAutoCorrection : true but s-chinese case
12-24 17:30:42.260  4420  4420 D SogouWrapper: setKeyboard() set auto-correct on
12-24 17:30:42.260  4420  4420 D SogouWrapper: updateParameter()
12-24 17:30:42.260  4420  4420 D SogouWrapper: updateParameter() disable slide input
12-24 17:30:42.260  4420  4420 D SogouWrapper: updateParameter() enable rare word input
12-24 17:30:42.260  4420  4420 D SogouWrapper: updateParameter() disable emoji prediction input
12-24 17:30:42.260  4420  4420 D SogouWrapper: updateParameter() enable email prediction input
12-24 17:30:42.260  4420  4420 D SogouWrapper: updateParameter() disable trad chinese input
12-24 17:30:42.260  4420  4420 D SogouWrapper: updateParameter() default associate disable
12-24 17:30:42.290  4420  4420 D SamsungIME: Magnification Enabled = false
12-24 17:30:42.290  4420  4420 D SamsungIME: Dismiss ExpandCandiate
12-24 17:30:42.290  4420  4420 E SamsungIME: lang.getLanguageCode():en, lang.getCountryCode():US
12-24 17:30:42.290  4420  4420 E SamsungIME: lang.getLanguageCode():zh, lang.getCountryCode():CN
12-24 17:30:42.290  4420  4420 W SamsungIME: makeSelectedLanguageList:en_US;zh_CN;
12-24 17:30:42.290  4420  4420 D HWManager: hideBoxHandwritingView
12-24 17:30:42.290  4420  4420 D HWManager: hideFSHandwritingView
12-24 17:30:42.290  4420  4420 D HWManager: hideBoxHandwritingView
12-24 17:30:42.290  4420  1567 E SamsungIME: sendInputLanguage() : zh_CN, en_US;zh_CN;
12-24 17:30:42.290  4420  4420 D HWManager: hideFSHandwritingView
12-24 17:30:42.290  4420  4420 D SogouWrapper: clearContext()
12-24 17:30:42.290  4420  4420 D SogouWrapper: stopCloudInput()
12-24 17:30:42.290  4420  4420 D SogouWrapper: getInputTransResult()
12-24 17:30:42.290  4420  4420 D SamsungIME_UnifiedIME: setToolbarVisiblility, visible = false
12-24 17:30:42.290  4420  4420 D SamsungIME: Dismiss ExpandCandiate
12-24 17:30:42.290  4420  4420 D SogouWrapper: updateEngine()
12-24 17:30:42.290  4420  4420 D SogouWrapper: updateEngine() IME_TYPE_PINYIN IME_KEYBOARD_PHONE
12-24 17:30:42.290  4420  4420 D SogouWrapper: initIM() imeType : 2 keyboardMode : 1
12-24 17:30:42.290  4420  4420 D SogouWrapper: clearContext()
12-24 17:30:42.290  4420  4420 D SogouWrapper: stopCloudInput()
12-24 17:30:42.290  4420  4420 D SogouWrapper: getInputTransResult()
12-24 17:30:42.290  4420  4420 D SamsungIME_UnifiedIME: setToolbarVisiblility, visible = false
12-24 17:30:42.290  4420  4420 I SamsungIME: ET9CPLdbValidate : 10
12-24 17:30:42.290  4420  4420 W ContextImpl: Calling a method in the system process without a qualified user: android.app.ContextImpl.sendBroadcast:834 android.content.ContextWrapper.sendBroadcast:410 com.sec.android.inputmethod.base.common.InputManagerImpl.sendInputLanguage:13627 com.sec.android.inputmethod.base.common.InputManagerImpl.setLanguage:8881 com.sec.android.inputmethod.base.common.InputManagerImpl.startInputViewContinue:5956 
12-24 17:30:42.300  4420  4420 D SamsungIME: ET9AW_LdbReadData : file is null
12-24 17:30:42.300  4420  4420 D SamsungIME: ET9AW_LdbReadData, ldbcode : 481
12-24 17:30:42.300  4420  4420 I SKBD Xt994Wrapper: setDLMLoadFlag() SMT_DB_TYPE true
12-24 17:30:42.300  4420  4420 I SKBD Xt994Wrapper: setDLMLoadFlag() SMT_DB_TYPE false
12-24 17:30:42.300  4420  4420 I SKBD Xt994Wrapper: setDLMLoadFlag() DLM_DB_TYPE true
12-24 17:30:42.300  4420  4420 I SKBD Xt994Wrapper: setDLMLoadFlag() DLM_DB_TYPE false
12-24 17:30:42.300  4420  4420 I SKBD Xt994Wrapper: setDLMLoadFlag() CDLM_DB_TYPE true
12-24 17:30:42.300  4420  4420 I SKBD Xt994Wrapper: setDLMLoadFlag() CDLM_DB_TYPE false
12-24 17:30:42.300  4420  4420 I SamsungIME: ET9CDLMInit : 2
12-24 17:30:42.300  4420  4420 D SamsungIME: isEnableAutoCorrection() mIsEnableAutoCorrection : true but s-chinese case
12-24 17:30:42.300  4420  4420 D SamsungIME: isEnableAutoCorrection() mIsEnableAutoCorrection : true but s-chinese case
12-24 17:30:42.300   847   865 D ClipboardUIManager: ClipboardUIManager isShowingClipBoard()
12-24 17:30:42.300   847   865 E ClipboardUIManager: Failed to get ClipboardService
12-24 17:30:42.300  4420  4420 I SamsungIME: getCurrentKeyboard
12-24 17:30:42.300  4420  4420 I SamsungIME: getNumberKeyboard
12-24 17:30:42.300  4420  4420 D SamsungIME: mIsUseStaticTouchRecognizedArea =  false
12-24 17:30:42.300  4420  4420 D SogouWrapper: setKeyboard()
12-24 17:30:42.300  4420  4420 D SamsungIME: isEnableAutoCorrection() mIsEnableAutoCorrection : true but s-chinese case
12-24 17:30:42.300  4420  4420 D SogouWrapper: setKeyboard() set auto-correct on
12-24 17:30:42.300  4420  4420 D SogouWrapper: updateParameter()
12-24 17:30:42.300  4420  4420 D SogouWrapper: updateParameter() disable slide input
12-24 17:30:42.300  4420  4420 D SogouWrapper: updateParameter() enable rare word input
12-24 17:30:42.300  4420  4420 D SogouWrapper: updateParameter() disable emoji prediction input
12-24 17:30:42.300  4420  4420 D SogouWrapper: updateParameter() enable email prediction input
12-24 17:30:42.300  4420  4420 D SogouWrapper: updateParameter() disable trad chinese input
12-24 17:30:42.300  4420  4420 D SogouWrapper: updateParameter() default associate disable
12-24 17:30:42.300  4420  4420 D HWManager: hideBoxHandwritingView
12-24 17:30:42.300  4420  4420 D HWManager: hideFSHandwritingView
12-24 17:30:42.300  4420  4420 D SogouWrapper: clearContext()
12-24 17:30:42.300  4420  4420 D SogouWrapper: stopCloudInput()
12-24 17:30:42.300  4420  4420 D SogouWrapper: getInputTransResult()
12-24 17:30:42.300  4420  4420 D SamsungIME_UnifiedIME: setToolbarVisiblility, visible = false
12-24 17:30:42.300  4420  4420 D SamsungIME: Dismiss ExpandCandiate
12-24 17:30:42.300  4420  4420 D SogouWrapper: updateEngine()
12-24 17:30:42.300  4420  4420 D SogouWrapper: updateEngine() IME_TYPE_PINYIN IME_KEYBOARD_PHONE
12-24 17:30:42.300  4420  4420 D SogouWrapper: initIM() imeType : 2 keyboardMode : 1
12-24 17:30:42.300  4420  4420 D SogouWrapper: clearContext()
12-24 17:30:42.300  4420  4420 D SogouWrapper: stopCloudInput()
12-24 17:30:42.300  4420  4420 D SogouWrapper: getInputTransResult()
12-24 17:30:42.300  4420  4420 D SamsungIME_UnifiedIME: setToolbarVisiblility, visible = false
12-24 17:30:42.300   847  1705 D SettingsProvider: isChangeAllowed() SettingsProvider : name = sip_input_language
12-24 17:30:42.300   847  1542 D SettingsProvider: isChangeAllowed() SettingsProvider : name = handwriting_language_list
12-24 17:30:42.310  4420  4420 I SamsungIME: ET9CPLdbValidate : 10
12-24 17:30:42.310  4420  4420 D SamsungIME: ET9AW_LdbReadData : file is null
12-24 17:30:42.310  4420  4420 D SamsungIME: ET9AW_LdbReadData, ldbcode : 481
12-24 17:30:42.310  4420  4420 I SKBD Xt994Wrapper: setDLMLoadFlag() SMT_DB_TYPE true
12-24 17:30:42.310  4420  4420 I SKBD Xt994Wrapper: setDLMLoadFlag() SMT_DB_TYPE false
12-24 17:30:42.310  4420  4420 I SKBD Xt994Wrapper: setDLMLoadFlag() DLM_DB_TYPE true
12-24 17:30:42.310  4420  4420 I SKBD Xt994Wrapper: setDLMLoadFlag() DLM_DB_TYPE false
12-24 17:30:42.310  4420  4420 I SKBD Xt994Wrapper: setDLMLoadFlag() CDLM_DB_TYPE true
12-24 17:30:42.310  4420  4420 I SKBD Xt994Wrapper: setDLMLoadFlag() CDLM_DB_TYPE false
12-24 17:30:42.310  4420  4420 I SamsungIME: ET9CDLMInit : 2
12-24 17:30:42.310  4420  4420 D SamsungIME: isEnableAutoCorrection() mIsEnableAutoCorrection : true but s-chinese case
12-24 17:30:42.310  4420  4420 D SamsungIME: isEnableAutoCorrection() mIsEnableAutoCorrection : true but s-chinese case
12-24 17:30:42.310 26932 26932 W IInputConnectionWrapper: getSelectedText on inactive InputConnection
12-24 17:30:42.310 26932 26932 W IInputConnectionWrapper: getTextBeforeCursor on inactive InputConnection
12-24 17:30:42.310 26932 26932 W IInputConnectionWrapper: getTextAfterCursor on inactive InputConnection
12-24 17:30:42.310  4420  4420 D SamsungIME: Dismiss ExpandCandiate
12-24 17:30:42.310  4420  4420 D SogouWrapper: clearContext()
12-24 17:30:42.310  4420  4420 D SogouWrapper: stopCloudInput()
12-24 17:30:42.310  4420  4420 D SogouWrapper: getInputTransResult()
12-24 17:30:42.310  4420  4420 D SamsungIME_UnifiedIME: setToolbarVisiblility, visible = false
12-24 17:30:42.310  4420  4420 D SogouWrapper: getInputTransResult()
12-24 17:30:42.310  4420  4420 D SamsungIME_UnifiedIME: setToolbarVisiblility, visible = false
12-24 17:30:42.310  4420  4420 D SamsungIME: startInputViewContinue : true true
12-24 17:30:42.310  4420  4420 D SamsungIME: [showDiscoverability] this is auto replacement discoverity popup
12-24 17:30:42.310  4420  4420 D SamsungIME: conditions for show dialog : true false true false
12-24 17:30:42.310  4420  4420 D SamsungIME: showDlgMsgBox : true true true
12-24 17:30:42.310  4420  4420 D SamsungIME: showDlgMsgBox inner condition : true true
12-24 17:30:42.310  4420  4420 I SamsungIME: [IMI] startInputView - caller pid : 26932, caller uid : 10441
12-24 17:30:42.310  4420  4420 D HWManager: hideBoxHandwritingView
12-24 17:30:42.310  4420  4420 D HWManager: hideFSHandwritingView
12-24 17:30:42.310  4420  1570 D InputMethodFrameWorkUtils: InputMethodSubtype is found as local:zh_CN
12-24 17:30:42.310   847   864 D ClipboardUIManager: ClipboardUIManager isShowingClipBoard()
12-24 17:30:42.310  4420  1569 W ContextImpl: Calling a method in the system process without a qualified user: android.app.ContextImpl.sendBroadcast:834 android.content.ContextWrapper.sendBroadcast:410 com.sec.android.inputmethod.base.common.InputManagerImpl$43.run:13417 java.lang.Thread.run:818 <bottom of call stack> 
12-24 17:30:42.310  4420  1570 W ContextImpl: Calling a method in the system process without a qualified user: android.app.ContextImpl.sendBroadcast:834 android.content.ContextWrapper.sendBroadcast:410 com.sec.android.inputmethod.inputmethodframework.InputMethodFrameWorkUtils$1.run:51 java.lang.Thread.run:818 <bottom of call stack> 
12-24 17:30:42.320   847   864 E ClipboardUIManager: Failed to get ClipboardService
12-24 17:30:42.320  4420  1570 D InputMethodFrameWorkUtils: InputMethodSubtype is set as local:zh_CN
12-24 17:30:42.320 26932 26932 D ViewRootImpl: ViewPostImeInputStage processKey 0
12-24 17:30:42.320   847  2118 D ClipboardUIManager: ClipboardUIManager isShowingClipBoard()
12-24 17:30:42.320   847  2118 E ClipboardUIManager: Failed to get ClipboardService
12-24 17:30:42.320   847  1230 I InputDispatcher: Delivering key to (26932): action: 0x1 (0)
12-24 17:30:42.320 30031 30031 E File    : fail readDirectory() errno=13
12-24 17:30:42.320   847  2122 D ApplicationPolicy: isStatusBarNotificationAllowedAsUser: packageName = android,userId = -1
12-24 17:30:42.320  4420  4420 W ContextImpl: Calling a method in the system process without a qualified user: android.app.ContextImpl.sendBroadcast:834 android.content.ContextWrapper.sendBroadcast:410 android.inputmethodservice.InputMethodService.sendInputViewShownState:443 android.inputmethodservice.InputMethodService.showWindow:2092 android.inputmethodservice.InputMethodService$InputMethodImpl.showSoftInput:651 
12-24 17:30:42.320   847   847 D InputMethodManagerService: [HARDWARE_KEYBOARD] (refreshImeWindowVis) isChineseRegion = true, isFolderPhone= false isFolderOpen = false hardKeyShown = false
12-24 17:30:42.320   847   847 D InputMethodManagerService: [HARDWARE_KEYBOARD] (refreshImeWindowVis) mImeWindowVis= 3 inputVisible = truehaveHardKeyboard = false hardKeyShown = false
12-24 17:30:42.330   847  4320 D ClipboardUIManager: ClipboardUIManager isShowingClipBoard()
12-24 17:30:42.330   847  4320 E ClipboardUIManager: Failed to get ClipboardService
12-24 17:30:42.330   847  2124 D ClipboardUIManager: ClipboardUIManager isShowingClipBoard()
12-24 17:30:42.330   847  2124 E ClipboardUIManager: Failed to get ClipboardService
12-24 17:30:42.330 26101 26101 D EventStateReceiver: [c] IS_VISIBLE_WINDOW #1:true, IS_MOVABLE_KEYPAD:false
12-24 17:30:42.330   847  2132 D ClipboardUIManager: ClipboardUIManager isShowingClipBoard()
12-24 17:30:42.330 26101 26101 E EventStateReceiver: mIsOpenIME:true  isOpenIME:true
12-24 17:30:42.330   847  2132 E ClipboardUIManager: Failed to get ClipboardService
12-24 17:30:42.330   847  1003 V BroadcastQueue: [background] Process cur broadcast BroadcastRecord{f7114c3 u0 ResponseAxT9Info qIdx=4}, state= (APP_RECEIVE) DELIVERED for app ProcessRecord{63df037 26101:com.bst.airmessage/u0a1}
12-24 17:30:42.330   847   847 D MARsPolicyManager: NotificationListenerService OngoingNotificationPosted : android
