12-24 17:30:44.720  4420  4420 I SKBD Xt994Wrapper: setDLMLoadFlag() DLM_DB_TYPE true
12-24 17:30:44.720   847  2124 D SettingsProvider: isChangeAllowed() SettingsProvider : name = sip_input_language
12-24 17:30:44.720   847  1354 D SettingsProvider: isChangeAllowed() SettingsProvider : name = handwriting_language_list
12-24 17:30:44.730  4420  4420 I SKBD Xt994Wrapper: setDLMLoadFlag() DLM_DB_TYPE false
12-24 17:30:44.730  4420  4420 I SKBD Xt994Wrapper: setDLMLoadFlag() CDLM_DB_TYPE true
12-24 17:30:44.730  4420  4420 I SKBD Xt994Wrapper: setDLMLoadFlag() CDLM_DB_TYPE false
12-24 17:30:44.730  4420  4420 I SamsungIME: ET9CDLMInit : 2
12-24 17:30:44.730  4420  4420 D SamsungIME: isEnableAutoCorrection() mIsEnableAutoCorrection : true but s-chinese case
12-24 17:30:44.730  4420  4420 D SamsungIME: isEnableAutoCorrection() mIsEnableAutoCorrection : true but s-chinese case
12-24 17:30:44.730   847  2132 D ClipboardUIManager: ClipboardUIManager isShowingClipBoard()
12-24 17:30:44.730   847  2132 E ClipboardUIManager: Failed to get ClipboardService
12-24 17:30:44.730  4420  4420 I SamsungIME: getCurrentKeyboard
12-24 17:30:44.730  4420  4420 I SamsungIME: getNumberKeyboard
12-24 17:30:44.730  4420  4420 D SamsungIME: mIsUseStaticTouchRecognizedArea =  false
12-24 17:30:44.730  4420  4420 D SogouWrapper: setKeyboard()
12-24 17:30:44.730  4420  4420 D SamsungIME: isEnableAutoCorrection() mIsEnableAutoCorrection : true but s-chinese case
12-24 17:30:44.730  4420  4420 D SogouWrapper: setKeyboard() set auto-correct on
12-24 17:30:44.730  4420  4420 D SogouWrapper: updateParameter()
12-24 17:30:44.730  4420  4420 D SogouWrapper: updateParameter() disable slide input
12-24 17:30:44.730  4420  4420 D SogouWrapper: updateParameter() enable rare word input
12-24 17:30:44.730  4420  4420 D SogouWrapper: updateParameter() disable emoji prediction input
12-24 17:30:44.730  4420  4420 D SogouWrapper: updateParameter() enable email prediction input
12-24 17:30:44.730  4420  4420 D SogouWrapper: updateParameter() disable trad chinese input
12-24 17:30:44.730  4420  4420 D SogouWrapper: updateParameter() default associate disable
12-24 17:30:44.730  4420  4420 D HWManager: hideBoxHandwritingView
12-24 17:30:44.730  4420  4420 D HWManager: hideFSHandwritingView
12-24 17:30:44.730  4420  4420 D SogouWrapper: clearContext()
12-24 17:30:44.730  4420  4420 D SogouWrapper: stopCloudInput()
12-24 17:30:44.730  4420  4420 D SogouWrapper: getInputTransResult()
12-24 17:30:44.730  4420  4420 D SamsungIME_UnifiedIME: setToolbarVisiblility, visible = false
12-24 17:30:44.730  4420  4420 D SamsungIME: Dismiss ExpandCandiate
12-24 17:30:44.730  4420  4420 D SogouWrapper: updateEngine()
12-24 17:30:44.730  4420  4420 D SogouWrapper: updateEngine() IME_TYPE_PINYIN IME_KEYBOARD_PHONE
12-24 17:30:44.730  4420  4420 D SogouWrapper: initIM() imeType : 2 keyboardMode : 1
12-24 17:30:44.730  4420  4420 D SogouWrapper: clearContext()
12-24 17:30:44.730  4420  4420 D SogouWrapper: stopCloudInput()
12-24 17:30:44.730  4420  4420 D SogouWrapper: getInputTransResult()
12-24 17:30:44.730  4420  4420 D SamsungIME_UnifiedIME: setToolbarVisiblility, visible = false
12-24 17:30:44.730  4420  4420 I SamsungIME: ET9CPLdbValidate : 10
12-24 17:30:44.730  4420  4420 D SamsungIME: ET9AW_LdbReadData : file is null
12-24 17:30:44.730  4420  4420 D SamsungIME: ET9AW_LdbReadData, ldbcode : 481
12-24 17:30:44.730  4420  4420 I SKBD Xt994Wrapper: setDLMLoadFlag() SMT_DB_TYPE true
12-24 17:30:44.730  4420  4420 I SKBD Xt994Wrapper: setDLMLoadFlag() SMT_DB_TYPE false
12-24 17:30:44.730  4420  4420 I SKBD Xt994Wrapper: setDLMLoadFlag() DLM_DB_TYPE true
12-24 17:30:44.730  4420  4420 I SKBD Xt994Wrapper: setDLMLoadFlag() DLM_DB_TYPE false
12-24 17:30:44.730  4420  4420 I SKBD Xt994Wrapper: setDLMLoadFlag() CDLM_DB_TYPE true
12-24 17:30:44.730  4420  4420 I SKBD Xt994Wrapper: setDLMLoadFlag() CDLM_DB_TYPE false
12-24 17:30:44.730  4420  4420 I SamsungIME: ET9CDLMInit : 2
12-24 17:30:44.730  4420  4420 D SamsungIME: isEnableAutoCorrection() mIsEnableAutoCorrection : true but s-chinese case
12-24 17:30:44.730  4420  4420 D SamsungIME: isEnableAutoCorrection() mIsEnableAutoCorrection : true but s-chinese case
12-24 17:30:44.740 26932 26932 W IInputConnectionWrapper: getSelectedText on inactive InputConnection
12-24 17:30:44.740 26932 26932 W IInputConnectionWrapper: getTextBeforeCursor on inactive InputConnection
12-24 17:30:44.740 26932 26932 W IInputConnectionWrapper: getTextAfterCursor on inactive InputConnection
12-24 17:30:44.740  4420  4420 D SamsungIME: Dismiss ExpandCandiate
12-24 17:30:44.740  4420  4420 D SogouWrapper: clearContext()
12-24 17:30:44.740  4420  4420 D SogouWrapper: stopCloudInput()
12-24 17:30:44.740  4420  4420 D SogouWrapper: getInputTransResult()
12-24 17:30:44.740  4420  4420 D SamsungIME_UnifiedIME: setToolbarVisiblility, visible = false
12-24 17:30:44.740  4420  4420 D SogouWrapper: getInputTransResult()
12-24 17:30:44.740  4420  4420 D SamsungIME_UnifiedIME: setToolbarVisiblility, visible = false
12-24 17:30:44.740  4420  4420 D SamsungIME: startInputViewContinue : true true
12-24 17:30:44.740  4420  4420 D SamsungIME: [showDiscoverability] this is auto replacement discoverity popup
12-24 17:30:44.740  4420  4420 D SamsungIME: conditions for show dialog : true false true false
12-24 17:30:44.740  4420  4420 D SamsungIME: showDlgMsgBox : true true true
12-24 17:30:44.740  4420  4420 D SamsungIME: showDlgMsgBox inner condition : true true
12-24 17:30:44.740  4420  4420 I SamsungIME: [IMI] startInputView - caller pid : 26932, caller uid : 10441
12-24 17:30:44.740  4420  4420 D HWManager: hideBoxHandwritingView
12-24 17:30:44.740  4420  4420 D HWManager: hideFSHandwritingView
12-24 17:30:44.740 26932 26932 D ViewRootImpl: ViewPostImeInputStage processKey 0
12-24 17:30:44.740  4420  1650 D InputMethodFrameWorkUtils: InputMethodSubtype is found as local:zh_CN
12-24 17:30:44.740   847  1230 I InputDispatcher: Delivering key to (26932): action: 0x1 (0)
12-24 17:30:44.740 30031 30031 E File    : fail readDirectory() errno=13
12-24 17:30:44.740  4420  1650 D InputMethodFrameWorkUtils: InputMethodSubtype is set as local:zh_CN
12-24 17:30:44.740  4420  1649 W ContextImpl: Calling a method in the system process without a qualified user: android.app.ContextImpl.sendBroadcast:834 android.content.ContextWrapper.sendBroadcast:410 com.sec.android.inputmethod.base.common.InputManagerImpl$43.run:13417 java.lang.Thread.run:818 <bottom of call stack> 
12-24 17:30:44.740  4420  1650 W ContextImpl: Calling a method in the system process without a qualified user: android.app.ContextImpl.sendBroadcast:834 android.content.ContextWrapper.sendBroadcast:410 com.sec.android.inputmethod.inputmethodframework.InputMethodFrameWorkUtils$1.run:51 java.lang.Thread.run:818 <bottom of call stack> 
12-24 17:30:44.740  4420  4420 W ContextImpl: Calling a method in the system process without a qualified user: android.app.ContextImpl.sendBroadcast:834 android.content.ContextWrapper.sendBroadcast:410 android.inputmethodservice.InputMethodService.sendInputViewShownState:443 android.inputmethodservice.InputMethodService.showWindow:2092 android.inputmethodservice.InputMethodService$InputMethodImpl.showSoftInput:651 
12-24 17:30:44.740   847   847 D InputMethodManagerService: [HARDWARE_KEYBOARD] (refreshImeWindowVis) isChineseRegion = true, isFolderPhone= false isFolderOpen = false hardKeyShown = false
12-24 17:30:44.740   847   847 D InputMethodManagerService: [HARDWARE_KEYBOARD] (refreshImeWindowVis) mImeWindowVis= 3 inputVisible = truehaveHardKeyboard = false hardKeyShown = false
12-24 17:30:44.750   847  4320 D ApplicationPolicy: isStatusBarNotificationAllowedAsUser: packageName = android,userId = -1
12-24 17:30:44.760   847  2118 D ClipboardUIManager: ClipboardUIManager isShowingClipBoard()
12-24 17:30:44.760   847  2118 E ClipboardUIManager: Failed to get ClipboardService
12-24 17:30:44.760 26932 26932 D ViewRootImpl: ViewPostImeInputStage processKey 1
12-24 17:30:44.760   847  1542 D ClipboardUIManager: ClipboardUIManager isShowingClipBoard()
12-24 17:30:44.760   847  1542 E ClipboardUIManager: Failed to get ClipboardService
12-24 17:30:44.760   847  1365 D ClipboardUIManager: ClipboardUIManager isShowingClipBoard()
12-24 17:30:44.760   847  1365 E ClipboardUIManager: Failed to get ClipboardService
12-24 17:30:44.760   847  1230 I InputDispatcher: Delivering key to (26932): action: 0x1 (0)
12-24 17:30:44.760   847  1644 D ClipboardUIManager: ClipboardUIManager isShowingClipBoard()
12-24 17:30:44.760   847  1644 E ClipboardUIManager: Failed to get ClipboardService
12-24 17:30:44.760 26101 26101 D EventStateReceiver: [c] IS_VISIBLE_WINDOW #1:true, IS_MOVABLE_KEYPAD:false
12-24 17:30:44.760   847  1003 V BroadcastQueue: [background] Process cur broadcast BroadcastRecord{c522db1 u0 ResponseAxT9Info qIdx=4}, state= (APP_RECEIVE) DELIVERED for app ProcessRecord{63df037 26101:com.bst.airmessage/u0a1}
12-24 17:30:44.760   847   847 D MARsPolicyManager: NotificationListenerService OngoingNotificationPosted : android
12-24 17:30:44.770 26101 26101 E EventStateReceiver: mIsOpenIME:true  isOpenIME:true
12-24 17:30:44.770   847  2118 D ClipboardUIManager: ClipboardUIManager isShowingClipBoard()
12-24 17:30:44.770   847  2118 E ClipboardUIManager: Failed to get ClipboardService
12-24 17:30:44.770  4420  4420 D SamsungIME: onViewClicked
12-24 17:30:44.770  4420  4420 D SogouWrapper: clearContext()
12-24 17:30:44.770  4420  4420 D SogouWrapper: stopCloudInput()
12-24 17:30:44.770  4420  4420 D SogouWrapper: getInputTransResult()
12-24 17:30:44.770  4420  4420 D SamsungIME_UnifiedIME: setToolbarVisiblility, visible = false
12-24 17:30:44.770  4420  4420 D SogouWrapper: clearContext()
12-24 17:30:44.770  4420  4420 D SogouWrapper: stopCloudInput()
12-24 17:30:44.770  4420  4420 D SogouWrapper: getInputTransResult()
12-24 17:30:44.770  4420  4420 D SamsungIME_UnifiedIME: setToolbarVisiblility, visible = false
12-24 17:30:44.770 26932 26932 D ViewRootImpl: ViewPostImeInputStage processKey 1
12-24 17:30:44.770 27537 27537 E ProxyStatusReceiver: no this type!
12-24 17:30:44.770  4420  4420 W ContextImpl: Calling a method in the system process without a qualified user: android.app.ContextImpl.sendBroadcast:834 android.content.ContextWrapper.sendBroadcast:410 android.inputmethodservice.InputMethodService.sendInputViewShownState:443 android.inputmethodservice.InputMethodService.showWindow:2092 android.inputmethodservice.InputMethodService$InputMethodImpl.showSoftInput:651 
12-24 17:30:44.770   847  1641 V BroadcastQueue: [background] Process cur broadcast BroadcastRecord{c522db1 u0 ResponseAxT9Info qIdx=4}, state= (APP_RECEIVE) DELIVERED for app ProcessRecord{b27e90e 27537:com.bst.floatingmsgproxy/u0a1}
12-24 17:30:44.780  1325  1325 D StatusBar: ----- contentsUnchanged : true, bigContentsUnchanged - true, headsUpContentsUnchanged - true , publicUnchanged true
12-24 17:30:44.780   847  2122 D ApplicationPolicy: isStatusBarNotificationAllowedAsUser: packageName = android,userId = -1
12-24 17:30:44.780   847  1365 D ClipboardUIManager: ClipboardUIManager isShowingClipBoard()
12-24 17:30:44.780   847  1365 E ClipboardUIManager: Failed to get ClipboardService
12-24 17:30:44.780   847  2126 D ClipboardUIManager: ClipboardUIManager isShowingClipBoard()
12-24 17:30:44.780   847  2126 E ClipboardUIManager: Failed to get ClipboardService
12-24 17:30:44.780   847  1542 D ClipboardUIManager: ClipboardUIManager isShowingClipBoard()
12-24 17:30:44.780   847  1542 E ClipboardUIManager: Failed to get ClipboardService
12-24 17:30:44.780   847   847 D InputMethodManagerService: [HARDWARE_KEYBOARD] (refreshImeWindowVis) isChineseRegion = true, isFolderPhone= false isFolderOpen = false hardKeyShown = false
12-24 17:30:44.780   847   847 D InputMethodManagerService: [HARDWARE_KEYBOARD] (refreshImeWindowVis) mImeWindowVis= 3 inputVisible = truehaveHardKeyboard = false hardKeyShown = false
12-24 17:30:44.790   847  1354 D ClipboardUIManager: ClipboardUIManager isShowingClipBoard()
12-24 17:30:44.790   847  1354 E ClipboardUIManager: Failed to get ClipboardService
12-24 17:30:44.790   847  1713 D ClipboardUIManager: ClipboardUIManager isShowingClipBoard()
12-24 17:30:44.790   847  1713 E ClipboardUIManager: Failed to get ClipboardService
12-24 17:30:44.790   847  2118 D ClipboardUIManager: ClipboardUIManager isShowingClipBoard()
12-24 17:30:44.790   847  2118 E ClipboardUIManager: Failed to get ClipboardService
12-24 17:30:44.790 30031 30031 E File    : fail readDirectory() errno=13
12-24 17:30:44.790   847  1003 V BroadcastQueue: [background] Process cur broadcast BroadcastRecord{cf9296 u0 ResponseAxT9Info qIdx=4}, state= (APP_RECEIVE) DELIVERED for app ProcessRecord{63df037 26101:com.bst.airmessage/u0a1}
12-24 17:30:44.800 26101 26101 D EventStateReceiver: [c] IS_VISIBLE_WINDOW #1:true, IS_MOVABLE_KEYPAD:false
12-24 17:30:44.800 26101 26101 E EventStateReceiver: mIsOpenIME:true  isOpenIME:true
12-24 17:30:44.800   847  1230 I InputDispatcher: Delivering touch to (1325): action: 0x4, toolType: 0
12-24 17:30:44.800   847  1230 I InputDispatcher: Delivering touch to (26101): action: 0x4, toolType: 0
12-24 17:30:44.800   847  1230 I InputDispatcher: Delivering touch to (26932): action: 0x0, toolType: 0
12-24 17:30:44.800 26101 26101 D AutoHideHelper: ###check Single invalid
12-24 17:30:44.800 26932 26932 D ViewRootImpl: ViewPostImeInputStage processPointer 0
12-24 17:30:44.800 30031 30031 E File    : fail readDirectory() errno=13
12-24 17:30:44.800 30031 30031 E File    : fail readDirectory() errno=13
12-24 17:30:44.800   847  1230 I InputDispatcher: Delivering touch to (26932): action: 0x1, toolType: 0
12-24 17:30:44.800 30031 30031 E File    : fail readDirectory() errno=13
12-24 17:30:44.810 26932 26932 D ViewRootImpl: ViewPostImeInputStage processPointer 1
12-24 17:30:44.810   847   864 D ClipboardUIManager: ClipboardUIManager isShowingClipBoard()
12-24 17:30:44.810   847   864 E ClipboardUIManager: Failed to get ClipboardService
12-24 17:30:44.810   847   847 D MARsPolicyManager: NotificationListenerService OngoingNotificationPosted : android
12-24 17:30:44.830 27537 27537 E ProxyStatusReceiver: no this type!
12-24 17:30:44.830  1325  1325 D PanelView: kidsfalse mQsExpansionEnabled:true
12-24 17:30:44.830   847  1786 V BroadcastQueue: [background] Process cur broadcast BroadcastRecord{cf9296 u0 ResponseAxT9Info qIdx=4}, state= (APP_RECEIVE) DELIVERED for app ProcessRecord{b27e90e 27537:com.bst.floatingmsgproxy/u0a1}
12-24 17:30:44.840  1325  1325 D PanelView: kidsfalse mQsExpansionEnabled:true
12-24 17:30:44.850  1325  1325 D StatusBar: ----- contentsUnchanged : true, bigContentsUnchanged - true, headsUpContentsUnchanged - true , publicUnchanged true
12-24 17:30:44.850 30031 30031 E File    : fail readDirectory() errno=13
12-24 17:30:44.850   847  1230 I InputDispatcher: Delivering touch to (1325): action: 0x4, toolType: 0
12-24 17:30:44.850   847  1230 I InputDispatcher: Delivering touch to (26101): action: 0x4, toolType: 0
12-24 17:30:44.850   847  1230 I InputDispatcher: Delivering touch to (26932): action: 0x0, toolType: 0
12-24 17:30:44.860 30031 30031 E File    : fail readDirectory() errno=13
12-24 17:30:44.860   847  1230 I InputDispatcher: Delivering touch to (26932): action: 0x1, toolType: 0
12-24 17:30:44.860 30031 30031 E File    : fail readDirectory() errno=13
12-24 17:30:44.860 26932 26932 D ViewRootImpl: ViewPostImeInputStage processPointer 0
12-24 17:30:44.860 26932 26932 D ViewRootImpl: ViewPostImeInputStage processPointer 1
12-24 17:30:44.860 26101 26101 D AutoHideHelper: ###check Single invalid
12-24 17:30:44.860  1325  1325 D PanelView: kidsfalse mQsExpansionEnabled:true
12-24 17:30:44.870  1325  1325 D PanelView: kidsfalse mQsExpansionEnabled:true
12-24 17:30:44.900  4420  4420 D HWManager: hideBoxHandwritingView
12-24 17:30:44.900  4420  4420 D HWManager: hideFSHandwritingView
12-24 17:30:44.900  4420  4420 D HWManager: dismissHandwritingView 
12-24 17:30:44.900  4420  4420 E KeyboardInfoUtils: getInstance start
12-24 17:30:44.900  4420  4420 E KeyboardInfoUtils: sendSIPInformation state:6  isAbstractKeyboardView : false
12-24 17:30:44.900  4420  4420 D SamsungIME_UnifiedIME: InputManagerImpl, mCloudHandler: 72
12-24 17:30:44.900  4420  4420 D SogouWrapper: getInputTransResult()
12-24 17:30:44.900  4420  4420 D SamsungIME_UnifiedIME: setToolbarVisiblility, visible = false
12-24 17:30:44.900  4420  4420 D SamsungIME: onWindowHidden
12-24 17:30:44.900   847   847 D EdgeLight: Turning off
12-24 17:30:44.900   346   561 I NuPlayerRenderer: fillAudioBuffer() offload, request_size (32768), return size (32768)
12-24 17:30:44.900   346   563 V audio_hw_primary: offload_thread_loop RUNNING
12-24 17:30:44.900   847   847 D LightsService: [api] [SvcLED] turnOff:: id = 6 (uid: 1000 pid: 847) 
12-24 17:30:44.900   847   847 D LightsService: [SvcLED] setSvcLedStateLocked:: SvcLEDState : 0x0 -> 0x0 | SvcLED(id=6) set Off
12-24 17:30:44.900   847  1112 D LightsService: [SvcLED] handleForcedSvcLEDTask()
12-24 17:30:44.900   847  1112 D LightsService: [SvcLED]  setSvcLedLightLocked :: Current SvcLED(id=5) maintains its priority right
12-24 17:30:44.900   847   847 D MARsPolicyManager: NotificationListenerService OngoingNotificationRemoved : android
12-24 17:30:44.910 26932 26932 W IInputConnectionWrapper: performPrivateCommand on inactive InputConnection
12-24 17:30:44.910 30031 30031 E File    : fail readDirectory() errno=13
12-24 17:30:44.910   847  1230 I InputDispatcher: Delivering touch to (1325): action: 0x4, toolType: 0
12-24 17:30:44.910   847  1230 I InputDispatcher: Delivering touch to (26101): action: 0x4, toolType: 0
12-24 17:30:44.910   847  1230 I InputDispatcher: Delivering touch to (4420): action: 0x0, toolType: 0
12-24 17:30:44.910 26101 26101 D AutoHideHelper: ###check Single invalid
12-24 17:30:44.910 30031 30031 E File    : fail readDirectory() errno=13
12-24 17:30:44.910 30031 30031 E File    : fail readDirectory() errno=13
12-24 17:30:44.910 30031 30031 E File    : fail readDirectory() errno=13
12-24 17:30:44.920 30031 30031 E File    : fail readDirectory() errno=13
12-24 17:30:44.920 30031 30031 E File    : fail readDirectory() errno=13
12-24 17:30:44.920 30031 30031 E File    : fail readDirectory() errno=13
12-24 17:30:44.920 30031 30031 E File    : fail readDirectory() errno=13
12-24 17:30:44.920 30031 30031 E File    : fail readDirectory() errno=13
12-24 17:30:44.920   847  1230 I InputDispatcher: Delivering touch to (4420): action: 0x1, toolType: 0
12-24 17:30:44.920 30031 30031 E File    : fail readDirectory() errno=13
12-24 17:30:44.920  1325  1325 D PanelView: kidsfalse mQsExpansionEnabled:true
12-24 17:30:44.930  1325  1325 D PanelView: kidsfalse mQsExpansionEnabled:true
12-24 17:30:44.930  1325  1325 D BatteryMeterView: onDraw batteryColor : -1107296257
12-24 17:30:44.970 30031 30031 E File    : fail readDirectory() errno=13
12-24 17:30:44.980   847  1230 I InputDispatcher: Delivering key to (26932): action: 0x0 (0)
12-24 17:30:44.980 30031 30031 E File    : fail readDirectory() errno=13
12-24 17:30:44.980   847  1230 D InputDispatcher: Waiting for application to become ready for input: 26932.  Reason: Waiting to send key event because the focused window has not finished processing all of the input events that were previously delivered to it.  Outbound queue length: 0.  Wait queue length: 1.
12-24 17:30:45.000  4420  4420 D SogouWrapper: getInputTransResult()
12-24 17:30:45.000  4420  4420 D SamsungIME_UnifiedIME: setToolbarVisiblility, visible = false
12-24 17:30:45.000  4420  4420 D ViewRootImpl: ViewPostImeInputStage processPointer 0
12-24 17:30:45.000  4420  4420 W ContextImpl: Calling a method in the system process without a qualified user: android.app.ContextImpl.sendBroadcast:834 android.content.ContextWrapper.sendBroadcast:410 android.inputmethodservice.InputMethodService.sendInputViewShownState:443 android.inputmethodservice.InputMethodService.hideWindow:2310 android.inputmethodservice.InputMethodService.doHideWindow:2288 
12-24 17:30:45.000   847   847 D InputMethodManagerService: [HARDWARE_KEYBOARD] (refreshImeWindowVis) isChineseRegion = true, isFolderPhone= false isFolderOpen = false hardKeyShown = false
12-24 17:30:45.000   847   847 D InputMethodManagerService: [HARDWARE_KEYBOARD] (refreshImeWindowVis) mImeWindowVis= 3 inputVisible = truehaveHardKeyboard = false hardKeyShown = false
12-24 17:30:45.010  4420  4420 D ViewRootImpl: ViewPostImeInputStage processPointer 1
12-24 17:30:45.010  4420  4420 D SamsungIME: IMPL finishInput
12-24 17:30:45.010  4420  4420 D SogouWrapper: clearContext()
12-24 17:30:45.010  4420  4420 D SogouWrapper: stopCloudInput()
12-24 17:30:45.010  4420  4420 D SamsungIME: onViewClicked
12-24 17:30:45.010  4420  4420 D SogouWrapper: clearContext()
12-24 17:30:45.010  4420  4420 D SogouWrapper: stopCloudInput()
12-24 17:30:45.010 26932 26932 D ViewRootImpl: ViewPostImeInputStage processKey 0
12-24 17:30:45.010   847  1230 I InputDispatcher: Delivering key to (26932): action: 0x1 (0)
12-24 17:30:45.010   847   865 D CustomFrequencyManagerService: acquireDVFSLockLocked : type : DVFS_MIN_LIMIT  frequency : 1958400  uid : 1000  pid : 847  pkgName : com.sec.android.inputmethod@1
12-24 17:30:45.020 30031 30031 E File    : fail readDirectory() errno=13
12-24 17:30:45.020 26101 26101 D EventStateReceiver: [c] IS_VISIBLE_WINDOW #1:false, IS_MOVABLE_KEYPAD:false
12-24 17:30:45.020 26101 26101 E EventStateReceiver: mIsOpenIME:true  isOpenIME:false
12-24 17:30:45.020 26101 26101 I AirMessagePosHelper: imeStatusChanged  isOpenIME:  false
12-24 17:30:45.020 26101 26101 I SpApplication: getIMEService
12-24 17:30:45.020 26101 26101 I SpApplication: getIMEService
12-24 17:30:45.020 26101 26101 I SpApplication: getIMEService
12-24 17:30:45.020 26101 26101 I SpApplication: getIMEService
12-24 17:30:45.020 26101 26101 E AirMessagePosHelper: mImeService is not binded!!
12-24 17:30:45.020 26101 26101 I AirViewBST: # isShowfalse
12-24 17:30:45.020  4420  4420 D SamsungIME: onStartInputView requsted restarting value = false
12-24 17:30:45.020  4420  4420 D SamsungIME: onStartInputView After call super -  restarting value = false
12-24 17:30:45.020   847  1008 V toolbox : playAnimationFadeIn()
12-24 17:30:45.020  4420  4420 E SamsungIME: resetNeedToLoadHwrLibrary : 1
12-24 17:30:45.020  4420  4420 D SamsungIME: disable handwriting input icon : handwriting is not enabled or improper edit field
12-24 17:30:45.020  4420  4420 D SamsungIME_HWR: DynamicHwrLoadPerf, InitHwrLib time = 0 ms
12-24 17:30:45.020  4420  4420 D SamsungIME_HWR: DynamicHwrLoadPerf, setAvailableHWRLanguage time = 0 ms
12-24 17:30:45.020  4420  4420 D SamsungIME_HWR: DynamicHwrLoadPerf, updateHwrInputModule time = 0 ms
12-24 17:30:45.020  4420  4420 D DragonTrigger: isVoiceSupportedModelWithoutSvoice : true device : klte
12-24 17:30:45.020  4420  4420 D SamsungIME: [startInputView] info.inputType = 2 info.imeOptions = 402653189
12-24 17:30:45.020   847  1003 V BroadcastQueue: [background] Process cur broadcast BroadcastRecord{d0f4e17 u0 ResponseAxT9Info qIdx=4}, state= (APP_RECEIVE) DELIVERED for app ProcessRecord{63df037 26101:com.bst.airmessage/u0a1}
12-24 17:30:45.030  4420  4420 I SamsungIME: Update SetupWizard State usc : 1 pss : false
12-24 17:30:45.030  4420  4420 I SamsungIME: Update SetupWizard State usc : 1 pss : false
12-24 17:30:45.030 26932 26932 W IInputConnectionWrapper: performPrivateCommand on inactive InputConnection
12-24 17:30:45.030   847  1713 D SettingsProvider: isChangeAllowed() SettingsProvider : name = onehand_direction
12-24 17:30:45.030   847  1786 V BroadcastQueue: [background] Process cur broadcast BroadcastRecord{d0f4e17 u0 ResponseAxT9Info qIdx=4}, state= (APP_RECEIVE) DELIVERED for app ProcessRecord{b27e90e 27537:com.bst.floatingmsgproxy/u0a1}
12-24 17:30:45.040 27537 27537 E ProxyStatusReceiver: no this type!
12-24 17:30:45.040  4420  4420 D DragonTrigger: isVoiceSupportedModelWithoutSvoice : true device : klte
12-24 17:30:45.040  4420  4420 D SogouWrapper: updateEngine()
12-24 17:30:45.040  4420  4420 D SogouWrapper: updateEngine() IME_TYPE_PINYIN IME_KEYBOARD_PHONE
12-24 17:30:45.040  4420  4420 D SogouWrapper: initIM() imeType : 2 keyboardMode : 1
12-24 17:30:45.040  4420  4420 D SogouWrapper: clearContext()
12-24 17:30:45.040  4420  4420 D SogouWrapper: stopCloudInput()
12-24 17:30:45.040  4420  4420 D SogouWrapper: getInputTransResult()
12-24 17:30:45.040  4420  4420 D SamsungIME_UnifiedIME: setToolbarVisiblility, visible = false
12-24 17:30:45.040  4420  4420 I SamsungIME: ET9CPLdbValidate : 10
12-24 17:30:45.040  4420  4420 D SamsungIME: ET9AW_LdbReadData : file is null
12-24 17:30:45.040  4420  4420 D SamsungIME: ET9AW_LdbReadData, ldbcode : 481
12-24 17:30:45.040  4420  4420 I SKBD Xt994Wrapper: setDLMLoadFlag() SMT_DB_TYPE true
12-24 17:30:45.040  4420  4420 I SKBD Xt994Wrapper: setDLMLoadFlag() SMT_DB_TYPE false
12-24 17:30:45.050  4420  4420 I SKBD Xt994Wrapper: setDLMLoadFlag() DLM_DB_TYPE true
12-24 17:30:45.050  4420  4420 I SKBD Xt994Wrapper: setDLMLoadFlag() DLM_DB_TYPE false
12-24 17:30:45.050  4420  4420 I SKBD Xt994Wrapper: setDLMLoadFlag() CDLM_DB_TYPE true
12-24 17:30:45.050  4420  4420 I SKBD Xt994Wrapper: setDLMLoadFlag() CDLM_DB_TYPE false
12-24 17:30:45.050  4420  4420 I SamsungIME: ET9CDLMInit : 2
12-24 17:30:45.050  4420  4420 D SamsungIME: isEnableAutoCorrection() mIsEnableAutoCorrection : true but s-chinese case
12-24 17:30:45.050  4420  4420 D SamsungIME: isEnableAutoCorrection() mIsEnableAutoCorrection : true but s-chinese case
12-24 17:30:45.050  4420  4420 W ContextImpl: Calling a method in the system process without a qualified user: android.app.ContextImpl.sendBroadcast:834 android.content.ContextWrapper.sendBroadcast:410 com.sec.android.inputmethod.base.common.InputManagerImpl.sendInputLanguage:13627 com.sec.android.inputmethod.base.common.InputManagerImpl.initDefaultLanguage:8220 com.sec.android.inputmethod.base.common.InputManagerImpl.initSelectedLanguage:8466 
12-24 17:30:45.060  4420  4420 E SamsungIME: lang.getLanguageCode():en, lang.getCountryCode():US
12-24 17:30:45.060  4420  4420 E SamsungIME: lang.getLanguageCode():zh, lang.getCountryCode():CN
12-24 17:30:45.060  4420  4420 W SamsungIME: makeSelectedLanguageList:en_US;zh_CN;
12-24 17:30:45.060  4420  4420 I SamsungIME: [IMI] isChangedMainValues - bRetVal : true
12-24 17:30:45.060  4420  1655 E SamsungIME: sendInputLanguage() : zh_CN, en_US;zh_CN;
12-24 17:30:45.060   847   865 D SettingsProvider: isChangeAllowed() SettingsProvider : name = sip_input_language
12-24 17:30:45.060   847  2118 D SettingsProvider: isChangeAllowed() SettingsProvider : name = handwriting_language_list
12-24 17:30:45.070 30031 30031 E File    : fail readDirectory() errno=13
12-24 17:30:45.070   317   317 D libEGL  : eglInitialize EGLDisplay = 0xbeedc394
12-24 17:30:45.070   847  1230 D InputDispatcher: Waiting for application to become ready for input: 26932.  Reason: Waiting to send key event because the focused window has not finished processing all of the input events that were previously delivered to it.  Outbound queue length: 0.  Wait queue length: 1.
12-24 17:30:45.100   317   317 D libEGL  : eglInitialize EGLDisplay = 0xbeedc394
12-24 17:30:45.120  4420  4420 D HWManager: hideBoxHandwritingView
12-24 17:30:45.120  4420  4420 D HWManager: hideFSHandwritingView
12-24 17:30:45.120  4420  4420 D SogouWrapper: clearContext()
12-24 17:30:45.120  4420  4420 D SogouWrapper: stopCloudInput()
12-24 17:30:45.120  4420  4420 D SogouWrapper: getInputTransResult()
12-24 17:30:45.120  4420  4420 D SamsungIME_UnifiedIME: setToolbarVisiblility, visible = false
12-24 17:30:45.120  4420  4420 D SamsungIME: Dismiss ExpandCandiate
12-24 17:30:45.120  4420  4420 D SogouWrapper: updateEngine()
12-24 17:30:45.120  4420  4420 D SogouWrapper: updateEngine() IME_TYPE_PINYIN IME_KEYBOARD_PHONE
12-24 17:30:45.120  4420  4420 D SogouWrapper: initIM() imeType : 2 keyboardMode : 1
12-24 17:30:45.120  4420  4420 D SogouWrapper: clearContext()
12-24 17:30:45.120  4420  4420 D SogouWrapper: stopCloudInput()
12-24 17:30:45.120  4420  4420 D SogouWrapper: getInputTransResult()
12-24 17:30:45.120  4420  4420 D SamsungIME_UnifiedIME: setToolbarVisiblility, visible = false
12-24 17:30:45.120  4420  4420 I SamsungIME: ET9CPLdbValidate : 10
12-24 17:30:45.120  4420  4420 D SamsungIME: ET9AW_LdbReadData : file is null
12-24 17:30:45.120  4420  4420 D SamsungIME: ET9AW_LdbReadData, ldbcode : 481
12-24 17:30:45.120  4420  4420 I SKBD Xt994Wrapper: setDLMLoadFlag() SMT_DB_TYPE true
12-24 17:30:45.130  4420  4420 I SKBD Xt994Wrapper: setDLMLoadFlag() SMT_DB_TYPE false
12-24 17:30:45.130  4420  4420 I SKBD Xt994Wrapper: setDLMLoadFlag() DLM_DB_TYPE true
12-24 17:30:45.130  4420  4420 I SKBD Xt994Wrapper: setDLMLoadFlag() DLM_DB_TYPE false
12-24 17:30:45.130  4420  4420 I SKBD Xt994Wrapper: setDLMLoadFlag() CDLM_DB_TYPE true
12-24 17:30:45.130  4420  4420 I SKBD Xt994Wrapper: setDLMLoadFlag() CDLM_DB_TYPE false
12-24 17:30:45.130  4420  4420 I SamsungIME: ET9CDLMInit : 2
12-24 17:30:45.130  4420  4420 D SamsungIME: isEnableAutoCorrection() mIsEnableAutoCorrection : true but s-chinese case
12-24 17:30:45.130  4420  4420 D SamsungIME: isEnableAutoCorrection() mIsEnableAutoCorrection : true but s-chinese case
12-24 17:30:45.130  4420  4420 D HWManager: hideBoxHandwritingView
12-24 17:30:45.130  4420  4420 D HWManager: hideFSHandwritingView
12-24 17:30:45.130  4420  4420 D SogouWrapper: clearContext()
12-24 17:30:45.130  4420  4420 D SogouWrapper: stopCloudInput()
12-24 17:30:45.130  4420  4420 D SogouWrapper: getInputTransResult()
12-24 17:30:45.130  4420  4420 D SamsungIME_UnifiedIME: setToolbarVisiblility, visible = false
12-24 17:30:45.130  4420  4420 D SamsungIME: Dismiss ExpandCandiate
12-24 17:30:45.130  4420  4420 D SogouWrapper: updateEngine()
12-24 17:30:45.130  4420  4420 D SogouWrapper: updateEngine() IME_TYPE_PINYIN IME_KEYBOARD_PHONE
12-24 17:30:45.130  4420  4420 D SogouWrapper: initIM() imeType : 2 keyboardMode : 1
12-24 17:30:45.130  4420  4420 D SogouWrapper: clearContext()
12-24 17:30:45.130  4420  4420 D SogouWrapper: stopCloudInput()
12-24 17:30:45.130  4420  4420 D SogouWrapper: getInputTransResult()
12-24 17:30:45.130  4420  4420 D SamsungIME_UnifiedIME: setToolbarVisiblility, visible = false
12-24 17:30:45.140  4420  4420 I SamsungIME: ET9CPLdbValidate : 10
12-24 17:30:45.140  4420  4420 D SamsungIME: ET9AW_LdbReadData : file is null
12-24 17:30:45.140  4420  4420 D SamsungIME: ET9AW_LdbReadData, ldbcode : 481
12-24 17:30:45.140  4420  4420 I SKBD Xt994Wrapper: setDLMLoadFlag() SMT_DB_TYPE true
12-24 17:30:45.140  4420  4420 I SKBD Xt994Wrapper: setDLMLoadFlag() SMT_DB_TYPE false
12-24 17:30:45.140  4420  4420 I SKBD Xt994Wrapper: setDLMLoadFlag() DLM_DB_TYPE true
12-24 17:30:45.140  4420  4420 I SKBD Xt994Wrapper: setDLMLoadFlag() DLM_DB_TYPE false
12-24 17:30:45.140  4420  4420 I SKBD Xt994Wrapper: setDLMLoadFlag() CDLM_DB_TYPE true
12-24 17:30:45.140  4420  4420 I SKBD Xt994Wrapper: setDLMLoadFlag() CDLM_DB_TYPE false
12-24 17:30:45.140  4420  4420 I SamsungIME: ET9CDLMInit : 2
12-24 17:30:45.140  4420  4420 D SamsungIME: isEnableAutoCorrection() mIsEnableAutoCorrection : true but s-chinese case
12-24 17:30:45.140  4420  4420 D SamsungIME: isEnableAutoCorrection() mIsEnableAutoCorrection : true but s-chinese case
12-24 17:30:45.140  4420  4420 D HWManager: hideBoxHandwritingView
12-24 17:30:45.140  4420  4420 D HWManager: hideFSHandwritingView
12-24 17:30:45.140  4420  4420 D SogouWrapper: clearContext()
12-24 17:30:45.140  4420  4420 D SogouWrapper: stopCloudInput()
12-24 17:30:45.140  4420  4420 D SogouWrapper: getInputTransResult()
12-24 17:30:45.140  4420  4420 D SamsungIME_UnifiedIME: setToolbarVisiblility, visible = false
12-24 17:30:45.140  4420  4420 D SamsungIME: Dismiss ExpandCandiate
12-24 17:30:45.140  4420  4420 D SogouWrapper: updateEngine()
12-24 17:30:45.140  4420  4420 D SogouWrapper: updateEngine() IME_TYPE_PINYIN IME_KEYBOARD_PHONE
12-24 17:30:45.140  4420  4420 D SogouWrapper: initIM() imeType : 2 keyboardMode : 1
12-24 17:30:45.140  4420  4420 D SogouWrapper: clearContext()
12-24 17:30:45.140  4420  4420 D SogouWrapper: stopCloudInput()
12-24 17:30:45.140  4420  4420 D SogouWrapper: getInputTransResult()
12-24 17:30:45.140  4420  4420 D SamsungIME_UnifiedIME: setToolbarVisiblility, visible = false
12-24 17:30:45.140  4420  4420 I SamsungIME: ET9CPLdbValidate : 10
12-24 17:30:45.150  4420  4420 D SamsungIME: ET9AW_LdbReadData : file is null
12-24 17:30:45.150  4420  4420 D SamsungIME: ET9AW_LdbReadData, ldbcode : 481
12-24 17:30:45.150  4420  4420 I SKBD Xt994Wrapper: setDLMLoadFlag() SMT_DB_TYPE true
12-24 17:30:45.150  4420  4420 I SKBD Xt994Wrapper: setDLMLoadFlag() SMT_DB_TYPE false
12-24 17:30:45.150  4420  4420 I SKBD Xt994Wrapper: setDLMLoadFlag() DLM_DB_TYPE true
12-24 17:30:45.150  4420  4420 I SKBD Xt994Wrapper: setDLMLoadFlag() DLM_DB_TYPE false
12-24 17:30:45.150  4420  4420 I SKBD Xt994Wrapper: setDLMLoadFlag() CDLM_DB_TYPE true
12-24 17:30:45.150  4420  4420 I SKBD Xt994Wrapper: setDLMLoadFlag() CDLM_DB_TYPE false
12-24 17:30:45.150  4420  4420 I SamsungIME: ET9CDLMInit : 2
12-24 17:30:45.150  4420  4420 D SamsungIME: isEnableAutoCorrection() mIsEnableAutoCorrection : true but s-chinese case
12-24 17:30:45.150  4420  4420 D SamsungIME: isEnableAutoCorrection() mIsEnableAutoCorrection : true but s-chinese case
12-24 17:30:45.150  4420  4420 D SamsungIME: [AbstractKeyboardView] onDetachedFromWindow.
12-24 17:30:45.160  4420  4420 I SamsungIME: getDebugLevel  : 0x4f4c
12-24 17:30:45.170  4420  4420 I SamsungIME: KeybaordView init() : load resources
12-24 17:30:45.170  4420  4420 I SamsungIME: getCurrentKeyboard
12-24 17:30:45.170  4420  4420 I SamsungIME: getNumberKeyboard
12-24 17:30:45.180  4420  4420 D SamsungIME: mDisplayWidth is 1080
12-24 17:30:45.180  4420  4420 D SamsungIME: mDisplayHeight is 1920
12-24 17:30:45.180  4420  4420 D SamsungIME: isOrientationLandscape false
12-24 17:30:45.180  4420  4420 D SamsungIME: mDisplayWidth is 1080
12-24 17:30:45.180  4420  4420 D SamsungIME: mDisplayHeight is 1920
12-24 17:30:45.180  4420  4420 D SamsungIME: isOrientationLandscape false
12-24 17:30:45.180  4420  4420 D SamsungIME: mIsUseStaticTouchRecognizedArea =  false
12-24 17:30:45.180  4420  4420 D SogouWrapper: setKeyboard()
12-24 17:30:45.180  4420  4420 D SamsungIME: isEnableAutoCorrection() mIsEnableAutoCorrection : true but s-chinese case
12-24 17:30:45.180  4420  4420 D SogouWrapper: setKeyboard() set auto-correct on
12-24 17:30:45.180  4420  4420 D SogouWrapper: updateParameter()
12-24 17:30:45.180  4420  4420 D SogouWrapper: updateParameter() disable slide input
12-24 17:30:45.180  4420  4420 D SogouWrapper: updateParameter() enable rare word input
12-24 17:30:45.180  4420  4420 D SogouWrapper: updateParameter() disable emoji prediction input
12-24 17:30:45.180  4420  4420 D SogouWrapper: updateParameter() enable email prediction input
12-24 17:30:45.180  4420  4420 D SogouWrapper: updateParameter() disable trad chinese input
12-24 17:30:45.180  4420  4420 D SogouWrapper: updateParameter() default associate disable
12-24 17:30:45.210  4420  4420 D SamsungIME: Magnification Enabled = false
12-24 17:30:45.210  4420  4420 D SamsungIME: Dismiss ExpandCandiate
12-24 17:30:45.220  4420  4420 E SamsungIME: lang.getLanguageCode():en, lang.getCountryCode():US
12-24 17:30:45.220  4420  4420 E SamsungIME: lang.getLanguageCode():zh, lang.getCountryCode():CN
12-24 17:30:45.220  4420  4420 W SamsungIME: makeSelectedLanguageList:en_US;zh_CN;
12-24 17:30:45.220  4420  4420 D HWManager: hideBoxHandwritingView
12-24 17:30:45.220  4420  4420 D HWManager: hideFSHandwritingView
12-24 17:30:45.220  4420  4420 D HWManager: hideBoxHandwritingView
12-24 17:30:45.220  4420  4420 D HWManager: hideFSHandwritingView
12-24 17:30:45.220  4420  4420 D SogouWrapper: clearContext()
12-24 17:30:45.220  4420  4420 D SogouWrapper: stopCloudInput()
12-24 17:30:45.220  4420  4420 D SogouWrapper: getInputTransResult()
12-24 17:30:45.220  4420  4420 D SamsungIME_UnifiedIME: setToolbarVisiblility, visible = false
12-24 17:30:45.220  4420  4420 D SamsungIME: Dismiss ExpandCandiate
12-24 17:30:45.220  4420  4420 W ContextImpl: Calling a method in the system process without a qualified user: android.app.ContextImpl.sendBroadcast:834 android.content.ContextWrapper.sendBroadcast:410 com.sec.android.inputmethod.base.common.InputManagerImpl.sendInputLanguage:13627 com.sec.android.inputmethod.base.common.InputManagerImpl.setLanguage:8881 com.sec.android.inputmethod.base.common.InputManagerImpl.startInputViewContinue:5956 
12-24 17:30:45.230  4420  4420 D SogouWrapper: updateEngine()
12-24 17:30:45.230  4420  4420 D SogouWrapper: updateEngine() IME_TYPE_PINYIN IME_KEYBOARD_PHONE
12-24 17:30:45.230  4420  4420 D SogouWrapper: initIM() imeType : 2 keyboardMode : 1
12-24 17:30:45.230  4420  4420 D SogouWrapper: clearContext()
12-24 17:30:45.230  4420  4420 D SogouWrapper: stopCloudInput()
12-24 17:30:45.230  4420  4420 D SogouWrapper: getInputTransResult()
12-24 17:30:45.230  4420  4420 D SamsungIME_UnifiedIME: setToolbarVisiblility, visible = false
12-24 17:30:45.230  4420  4420 I SamsungIME: ET9CPLdbValidate : 10
12-24 17:30:45.230  4420  4420 D SamsungIME: ET9AW_LdbReadData : file is null
12-24 17:30:45.230  4420  4420 D SamsungIME: ET9AW_LdbReadData, ldbcode : 481
12-24 17:30:45.230  4420  4420 I SKBD Xt994Wrapper: setDLMLoadFlag() SMT_DB_TYPE true
12-24 17:30:45.230  4420  4420 I SKBD Xt994Wrapper: setDLMLoadFlag() SMT_DB_TYPE false
12-24 17:30:45.230  4420  4420 I SKBD Xt994Wrapper: setDLMLoadFlag() DLM_DB_TYPE true
12-24 17:30:45.230  4420  4420 I SKBD Xt994Wrapper: setDLMLoadFlag() DLM_DB_TYPE false
12-24 17:30:45.230  4420  4420 I SKBD Xt994Wrapper: setDLMLoadFlag() CDLM_DB_TYPE true
12-24 17:30:45.230  4420  4420 I SKBD Xt994Wrapper: setDLMLoadFlag() CDLM_DB_TYPE false
12-24 17:30:45.230  4420  4420 I SamsungIME: ET9CDLMInit : 2
12-24 17:30:45.230  4420  4420 D SamsungIME: isEnableAutoCorrection() mIsEnableAutoCorrection : true but s-chinese case
12-24 17:30:45.230  4420  4420 D SamsungIME: isEnableAutoCorrection() mIsEnableAutoCorrection : true but s-chinese case
12-24 17:30:45.230   847  2124 D ClipboardUIManager: ClipboardUIManager isShowingClipBoard()
12-24 17:30:45.230   847  2124 E ClipboardUIManager: Failed to get ClipboardService
12-24 17:30:45.230  4420  4420 I SamsungIME: getCurrentKeyboard
12-24 17:30:45.230  4420  4420 I SamsungIME: getNumberKeyboard
12-24 17:30:45.240  4420  4420 D SamsungIME: mIsUseStaticTouchRecognizedArea =  false
12-24 17:30:45.240  4420  4420 D SogouWrapper: setKeyboard()
12-24 17:30:45.240  4420  4420 D SamsungIME: isEnableAutoCorrection() mIsEnableAutoCorrection : true but s-chinese case
12-24 17:30:45.240  4420  4420 D SogouWrapper: setKeyboard() set auto-correct on
12-24 17:30:45.240  4420  4420 D SogouWrapper: updateParameter()
12-24 17:30:45.240  4420  4420 D SogouWrapper: updateParameter() disable slide input
12-24 17:30:45.240  4420  4420 D SogouWrapper: updateParameter() enable rare word input
12-24 17:30:45.240  4420  4420 D SogouWrapper: updateParameter() disable emoji prediction input
12-24 17:30:45.240  4420  4420 D SogouWrapper: updateParameter() enable email prediction input
12-24 17:30:45.240  4420  4420 D SogouWrapper: updateParameter() disable trad chinese input
12-24 17:30:45.240  4420  4420 D SogouWrapper: updateParameter() default associate disable
12-24 17:30:45.240  4420  4420 D HWManager: hideBoxHandwritingView
12-24 17:30:45.240  4420  4420 D HWManager: hideFSHandwritingView
12-24 17:30:45.240  4420  1656 E SamsungIME: sendInputLanguage() : zh_CN, en_US;zh_CN;
12-24 17:30:45.240  4420  4420 D SogouWrapper: clearContext()
12-24 17:30:45.240  4420  4420 D SogouWrapper: stopCloudInput()
12-24 17:30:45.240  4420  4420 D SogouWrapper: getInputTransResult()
12-24 17:30:45.240  4420  4420 D SamsungIME_UnifiedIME: setToolbarVisiblility, visible = false
12-24 17:30:45.240  4420  4420 D SamsungIME: Dismiss ExpandCandiate
12-24 17:30:45.240  4420  4420 D SogouWrapper: updateEngine()
12-24 17:30:45.240  4420  4420 D SogouWrapper: updateEngine() IME_TYPE_PINYIN IME_KEYBOARD_PHONE
12-24 17:30:45.240  4420  4420 D SogouWrapper: initIM() imeType : 2 keyboardMode : 1
12-24 17:30:45.240  4420  4420 D SogouWrapper: clearContext()
12-24 17:30:45.240  4420  4420 D SogouWrapper: stopCloudInput()
12-24 17:30:45.240  4420  4420 D SogouWrapper: getInputTransResult()
12-24 17:30:45.240  4420  4420 D SamsungIME_UnifiedIME: setToolbarVisiblility, visible = false
12-24 17:30:45.240  4420  4420 I SamsungIME: ET9CPLdbValidate : 10
12-24 17:30:45.240  4420  4420 D SamsungIME: ET9AW_LdbReadData : file is null
12-24 17:30:45.240  4420  4420 D SamsungIME: ET9AW_LdbReadData, ldbcode : 481
12-24 17:30:45.240  4420  4420 I SKBD Xt994Wrapper: setDLMLoadFlag() SMT_DB_TYPE true
12-24 17:30:45.240  4420  4420 I SKBD Xt994Wrapper: setDLMLoadFlag() SMT_DB_TYPE false
12-24 17:30:45.240  4420  4420 I SKBD Xt994Wrapper: setDLMLoadFlag() DLM_DB_TYPE true
12-24 17:30:45.240  4420  4420 I SKBD Xt994Wrapper: setDLMLoadFlag() DLM_DB_TYPE false
12-24 17:30:45.240  4420  4420 I SKBD Xt994Wrapper: setDLMLoadFlag() CDLM_DB_TYPE true
12-24 17:30:45.240  4420  4420 I SKBD Xt994Wrapper: setDLMLoadFlag() CDLM_DB_TYPE false
12-24 17:30:45.240  4420  4420 I SamsungIME: ET9CDLMInit : 2
12-24 17:30:45.240  4420  4420 D SamsungIME: isEnableAutoCorrection() mIsEnableAutoCorrection : true but s-chinese case
12-24 17:30:45.240  4420  4420 D SamsungIME: isEnableAutoCorrection() mIsEnableAutoCorrection : true but s-chinese case
12-24 17:30:45.240  4420  4420 D SogouWrapper: getInputTransResult()
12-24 17:30:45.240  4420  4420 D SamsungIME_UnifiedIME: setToolbarVisiblility, visible = false
12-24 17:30:45.240   847  2126 D SettingsProvider: isChangeAllowed() SettingsProvider : name = sip_input_language
12-24 17:30:45.240   847   864 D SettingsProvider: isChangeAllowed() SettingsProvider : name = handwriting_language_list
12-24 17:30:45.250  4420  4420 D SamsungIME: startInputViewContinue : true true
12-24 17:30:45.250  4420  4420 D SamsungIME: [showDiscoverability] this is auto replacement discoverity popup
12-24 17:30:45.250  4420  4420 D SamsungIME: conditions for show dialog : true true true false
12-24 17:30:45.250  4420  4420 D SamsungIME: showDlgMsgBox : true true true
12-24 17:30:45.250  4420  4420 D SamsungIME: showDlgMsgBox inner condition : true true
12-24 17:30:45.250  4420  4420 I SamsungIME: [IMI] startInputView - caller pid : 26932, caller uid : 10441
12-24 17:30:45.250  4420  4420 D HWManager: hideBoxHandwritingView
12-24 17:30:45.250  4420  4420 D HWManager: hideFSHandwritingView
12-24 17:30:45.250  4420  1661 D InputMethodFrameWorkUtils: InputMethodSubtype is found as local:zh_CN
12-24 17:30:45.250   847  1705 D ApplicationPolicy: isStatusBarNotificationAllowedAsUser: packageName = android,userId = -1
12-24 17:30:45.250  4420  1660 W ContextImpl: Calling a method in the system process without a qualified user: android.app.ContextImpl.sendBroadcast:834 android.content.ContextWrapper.sendBroadcast:410 com.sec.android.inputmethod.base.common.InputManagerImpl$43.run:13417 java.lang.Thread.run:818 <bottom of call stack> 
12-24 17:30:45.260  4420  4420 D SamsungIME: onWindowShown
12-24 17:30:45.260  4420  4420 D SogouWrapper: getInputTransResult()
12-24 17:30:45.260  4420  4420 D SamsungIME_UnifiedIME: setToolbarVisiblility, visible = false
12-24 17:30:45.260  4420  1661 D InputMethodFrameWorkUtils: InputMethodSubtype is set as local:zh_CN
12-24 17:30:45.260   847   847 D MARsPolicyManager: NotificationListenerService OngoingNotificationPosted : android
12-24 17:30:45.260  4420  4420 W ContextImpl: Calling a method in the system process without a qualified user: android.app.ContextImpl.sendBroadcast:834 android.content.ContextWrapper.sendBroadcast:410 android.inputmethodservice.InputMethodService.sendInputViewShownState:443 android.inputmethodservice.InputMethodService.showWindow:2092 android.inputmethodservice.InputMethodService$InputMethodImpl.showSoftInput:651 
12-24 17:30:45.260  4420  1661 W ContextImpl: Calling a method in the system process without a qualified user: android.app.ContextImpl.sendBroadcast:834 android.content.ContextWrapper.sendBroadcast:410 com.sec.android.inputmethod.inputmethodframework.InputMethodFrameWorkUtils$1.run:51 java.lang.Thread.run:818 <bottom of call stack> 
12-24 17:30:45.260   847   847 D InputMethodManagerService: [HARDWARE_KEYBOARD] (refreshImeWindowVis) isChineseRegion = true, isFolderPhone= false isFolderOpen = false hardKeyShown = false
12-24 17:30:45.260   847   847 D InputMethodManagerService: [HARDWARE_KEYBOARD] (refreshImeWindowVis) mImeWindowVis= 3 inputVisible = truehaveHardKeyboard = false hardKeyShown = false
12-24 17:30:45.270   847  1008 V toolbox : playAnimationFadeOut()
12-24 17:30:45.280   847   865 D ApplicationPolicy: isStatusBarNotificationAllowedAsUser: packageName = android,userId = -1
12-24 17:30:45.280   847  1003 V BroadcastQueue: [background] Process cur broadcast BroadcastRecord{6197204 u0 ResponseAxT9Info qIdx=4}, state= (APP_RECEIVE) DELIVERED for app ProcessRecord{63df037 26101:com.bst.airmessage/u0a1}
12-24 17:30:45.280   847   847 D MARsPolicyManager: NotificationListenerService OngoingNotificationPosted : android
12-24 17:30:45.290   847  1644 D ClipboardUIManager: ClipboardUIManager isShowingClipBoard()
12-24 17:30:45.290   847  1644 E ClipboardUIManager: Failed to get ClipboardService
12-24 17:30:45.300 26932 26932 D ViewRootImpl: ViewPostImeInputStage processKey 1
12-24 17:30:45.300 26101 26101 D EventStateReceiver: [c] IS_VISIBLE_WINDOW #1:true, IS_MOVABLE_KEYPAD:false
12-24 17:30:45.300 26101 26101 E EventStateReceiver: mIsOpenIME:false  isOpenIME:true
12-24 17:30:45.300 26101 26101 I AirMessagePosHelper: imeStatusChanged  isOpenIME:  true
12-24 17:30:45.300 26101 26101 I SpApplication: getIMEService
12-24 17:30:45.300 26101 26101 I SpApplication: getIMEService
12-24 17:30:45.300 26101 26101 I SpApplication: getIMEService
12-24 17:30:45.300 26101 26101 I SpApplication: getIMEService
12-24 17:30:45.300 26101 26101 I SpApplication: getIMEService
12-24 17:30:45.300 26101 26101 E AirMessagePosHelper: mImeService is not binded!!
12-24 17:30:45.300 26101 26101 I AirViewBST: # isShowfalse
12-24 17:30:45.320   847  1230 I InputDispatcher: Delivering key to (26932): action: 0x0 (0)
12-24 17:30:45.320 30031 30031 E File    : fail readDirectory() errno=13
12-24 17:30:45.320  1325  1325 D KnoxNotification: ----- inflateViews : modified publicViewLocal -----
12-24 17:30:45.320 27537 27537 E ProxyStatusReceiver: no this type!
12-24 17:30:45.320   847  2118 V BroadcastQueue: [background] Process cur broadcast BroadcastRecord{6197204 u0 ResponseAxT9Info qIdx=4}, state= (APP_RECEIVE) DELIVERED for app ProcessRecord{b27e90e 27537:com.bst.floatingmsgproxy/u0a1}
12-24 17:30:45.350   847  1230 D InputDispatcher: Waiting for application to become ready for input: 26932.  Reason: Waiting to send key event because the focused window has not finished processing all of the input events that were previously delivered to it.  Outbound queue length: 0.  Wait queue length: 1.
12-24 17:30:45.350  1325  1325 D KnoxNotification: ----- inflateViews : modified KnoxViewLocal -----
12-24 17:30:45.350  4420  4429 I art     : Background sticky concurrent mark sweep GC freed 53524(4MB) AllocSpace objects, 173(6MB) LOS objects, 21% free, 40MB/51MB, paused 883us total 113.694ms
12-24 17:30:45.370  1325  1325 D PanelView: kidsfalse mQsExpansionEnabled:true
12-24 17:30:45.390  1325  1325 D PanelView: kidsfalse mQsExpansionEnabled:true
12-24 17:30:45.410  1325  1325 D StatusBar: ----- contentsUnchanged : true, bigContentsUnchanged - true, headsUpContentsUnchanged - true , publicUnchanged true
12-24 17:30:45.410  1325  1325 D BatteryMeterView: onDraw batteryColor : -1107296257
12-24 17:30:45.430  1325  1325 D PanelView: kidsfalse mQsExpansionEnabled:true
12-24 17:30:45.460  1325  1325 D PanelView: kidsfalse mQsExpansionEnabled:true
12-24 17:30:45.470 26932 26932 D ViewRootImpl: ViewPostImeInputStage processKey 0
12-24 17:30:45.480   847  1230 I InputDispatcher: Delivering key to (26932): action: 0x1 (0)
12-24 17:30:45.480 30031 30031 E File    : fail readDirectory() errno=13
12-24 17:30:45.510 26932 26932 D ViewRootImpl: ViewPostImeInputStage processKey 1
12-24 17:30:45.530 30031 30031 E File    : fail readDirectory() errno=13
12-24 17:30:45.530   847  1230 I InputDispatcher: Delivering touch to (1325): action: 0x4, toolType: 0
12-24 17:30:45.530   847  1230 I InputDispatcher: Delivering touch to (26101): action: 0x4, toolType: 0
12-24 17:30:45.530   847  1230 I InputDispatcher: Delivering touch to (26932): action: 0x0, toolType: 0
12-24 17:30:45.530 30031 30031 E File    : fail readDirectory() errno=13
12-24 17:30:45.530 26932 26932 D ViewRootImpl: ViewPostImeInputStage processPointer 0
12-24 17:30:45.530 30031 30031 E File    : fail readDirectory() errno=13
12-24 17:30:45.540 30031 30031 E File    : fail readDirectory() errno=13
12-24 17:30:45.540 30031 30031 E File    : fail readDirectory() errno=13
12-24 17:30:45.540 30031 30031 E File    : fail readDirectory() errno=13
12-24 17:30:45.540 30031 30031 E File    : fail readDirectory() errno=13
12-24 17:30:45.540   847  1230 I InputDispatcher: Delivering touch to (26932): action: 0x1, toolType: 0
12-24 17:30:45.540 30031 30031 E File    : fail readDirectory() errno=13
12-24 17:30:45.550 26932 26932 D ViewRootImpl: ViewPostImeInputStage processPointer 1
