12-24 17:18:43.710   847  1003 I am_proc_start: [0,26703,10201,com.samsung.android.app.sreminder:reminderservice,broadcast-3,com.samsung.android.app.sreminder/com.samsung.android.intelligenceservice.useranalysis.detector.IntelligenceServiceLocationManager$ProximityEventReceiver]
12-24 17:18:43.760   847  1705 I am_proc_bound: [0,26703,com.samsung.android.app.sreminder:reminderservice]
12-24 17:18:44.160   847  1713 I am_kill : [0,26046,com.samsung.android.sconnect,15,DHA:empty #25]
12-24 17:18:44.190   847  1641 I am_proc_died: [0,26046,com.samsung.android.sconnect,15,158,477]
12-24 17:18:44.680   847  2122 I am_proc_died: [0,25964,com.tencent.mobileqq:tool,15,165,480]
12-24 17:18:44.770   847  2132 I notification_visibility: [-1|android|17040368|null|1000,0,440013,440013,0,11]
12-24 17:18:44.770   847  2132 I notification_visibility: [0|com.sec.android.app.eventnotification|268435457|UpdateNotificationIntentService|10091,0,19124101,19124101,0,0]
12-24 17:18:44.770   847  2132 I notification_visibility: [0|com.android.systemui|789|null|10017,0,3726508,3725613,0,1]
12-24 17:18:44.770   847  2132 I notification_visibility: [0|flipboard.cn|11|null|10095,0,107277384,107277384,0,5]
12-24 17:18:44.770   847  2132 I notification_visibility: [0|flipboard.cn|12|null|10095,0,69298426,69298426,0,4]
12-24 17:18:44.770   847  2132 I notification_visibility: [0|flipboard.cn|13|null|10095,0,65098844,65098844,0,3]
12-24 17:18:44.770   847  2132 I notification_visibility: [0|com.sec.spp.push|123456|null|10034,0,45153853,45153853,0,2]
12-24 17:18:44.770   847  1641 I notification_panel_hidden: []
12-24 17:18:44.780   847  1365 I notification_cancel_all: [10017,1325,NULL,0,0,0,3,NULL]
12-24 17:18:44.790   847  1365 I sysui_histogram: [note_dismiss_longevity,4065]
12-24 17:18:44.790   847  1365 I notification_canceled: [0|flipboard.cn|7|null|10095,3,243777252,243777252,0]
12-24 17:18:44.800   847  1365 I sysui_histogram: [note_dismiss_longevity,3985]
12-24 17:18:44.800   847  1365 I notification_canceled: [0|flipboard.cn|8|null|10095,3,238531850,238531850,157603809]
12-24 17:18:44.800   847  1365 I sysui_histogram: [note_dismiss_longevity,2720]
12-24 17:18:44.800   847  1365 I notification_canceled: [0|com.sec.android.app.samsungapps|82374598|null|10038,3,163248513,163248513,154393957]
12-24 17:18:44.800   847  1365 I sysui_histogram: [note_dismiss_longevity,2625]
12-24 17:18:44.800   847  1365 I notification_canceled: [0|flipboard.cn|9|null|10095,3,157498763,157498763,151124884]
12-24 17:18:44.800   847  1365 I sysui_histogram: [note_dismiss_longevity,2545]
12-24 17:18:44.800   847  1365 I notification_canceled: [0|flipboard.cn|10|null|10095,3,152698121,152698121,151124887]
12-24 17:18:44.800   847  1365 I sysui_histogram: [note_dismiss_longevity,1788]
12-24 17:18:44.800   847  1365 I notification_canceled: [0|flipboard.cn|11|null|10095,3,107277411,107277411,5516]
12-24 17:18:44.800   847  1365 I sysui_histogram: [note_dismiss_longevity,1155]
12-24 17:18:44.800   847  1365 I notification_canceled: [0|flipboard.cn|12|null|10095,3,69298454,69298454,5517]
12-24 17:18:44.800   847  1365 I sysui_histogram: [note_dismiss_longevity,1085]
12-24 17:18:44.800   847  1365 I notification_canceled: [0|flipboard.cn|13|null|10095,3,65098873,65098873,5518]
12-24 17:18:44.800   847  1365 I sysui_histogram: [note_dismiss_longevity,752]
12-24 17:18:44.800   847  1365 I notification_canceled: [0|com.sec.spp.push|123456|null|10034,3,45153882,45153882,5518]
12-24 17:18:44.810   847  1365 I sysui_histogram: [note_dismiss_longevity,62]
12-24 17:18:44.810   847  1365 I notification_canceled: [0|com.android.systemui|789|null|10017,3,3726544,3725649,5525]
12-24 17:18:44.810   847  1365 I sysui_histogram: [note_dismiss_longevity,318]
12-24 17:18:44.810   847  1365 I notification_canceled: [0|com.sec.android.app.eventnotification|268435457|UpdateNotificationIntentService|10091,3,19124142,19124142,6071]
12-24 17:18:45.130   847  1264 I power_partial_wake_state: [1,NetworkStats]
12-24 17:18:45.140   847  1264 I netstats_mobile_sample: [0,0,0,0,0,0,0,0,0,0,0,0,1514107122837]
12-24 17:18:45.140   847  1264 I netstats_wifi_sample: [557666938,436747,24650828,295098,557597342,436183,20505017,294653,557595926,436170,20505017,294653,1514107122837]
12-24 17:18:45.160   847  1264 I power_partial_wake_state: [0,NetworkStats]
12-24 17:18:45.160   847  1264 I power_partial_wake_state: [1,NetworkStats]
12-24 17:18:45.170   847  1264 I netstats_mobile_sample: [0,0,0,0,0,0,0,0,0,0,0,0,1514107122865]
12-24 17:18:45.170   847  1264 I netstats_wifi_sample: [557666938,436747,24650828,295098,557597342,436183,20505017,294653,557595926,436170,20505017,294653,1514107122865]
12-24 17:18:45.180   847  1264 I power_partial_wake_state: [0,NetworkStats]
12-24 17:18:45.260   847   983 I power_partial_wake_state: [1,SyncLoopWakeLock]
12-24 17:18:45.270   847  1638 I power_partial_wake_state: [1,NetworkTimeUpdateService]
12-24 17:18:45.270   847   983 I power_partial_wake_state: [0,SyncLoopWakeLock]
12-24 17:18:45.270   847   983 I power_partial_wake_state: [1,GpsLocationProvider]
12-24 17:18:45.390   847  1638 I power_partial_wake_state: [0,NetworkTimeUpdateService]
12-24 17:18:45.490   847  2132 I force_gc: Binder
12-24 17:18:45.560   847  2132 I power_partial_wake_state: [1,flipboard.cn_JPush]
12-24 17:18:45.600   847  4320 I power_partial_wake_state: [0,flipboard.cn_JPush]
12-24 17:18:45.640   847  1003 I am_proc_start: [0,26822,10201,com.samsung.android.app.sreminder,broadcast-3,com.samsung.android.app.sreminder/com.samsung.android.reminder.service.backup.BackupManager$BackupBroadcastReceiver]
12-24 17:18:45.740   847  2132 I am_proc_bound: [0,26822,com.samsung.android.app.sreminder]
12-24 17:18:46.020   847  1644 I power_partial_wake_state: [1,h]
12-24 17:18:46.120   847   983 I power_partial_wake_state: [0,GpsLocationProvider]
12-24 17:18:46.180   847  1786 I power_partial_wake_state: [1,WakeLockManager]
12-24 17:18:46.200   847  2124 I power_partial_wake_state: [0,WakeLockManager]
12-24 17:18:46.230   847  4320 I power_partial_wake_state: [1,h]
12-24 17:18:46.230   847  1641 I power_partial_wake_state: [1,h]
12-24 17:18:46.250   847  4320 I power_partial_wake_state: [1,WakeLockManager]
12-24 17:18:46.270   847  2126 I power_partial_wake_state: [1,h]
12-24 17:18:46.280   847  2122 I power_partial_wake_state: [0,h]
12-24 17:18:46.280   847  1354 I power_partial_wake_state: [0,WakeLockManager]
12-24 17:18:46.280   847   865 I power_partial_wake_state: [1,h]
12-24 17:18:46.290   847  1705 I power_partial_wake_state: [1,h]
12-24 17:18:46.290   847  1713 I power_partial_wake_state: [0,h]
12-24 17:18:46.320   847   864 I power_partial_wake_state: [0,h]
12-24 17:18:46.330   847  2126 I power_partial_wake_state: [0,h]
12-24 17:18:46.370   847  4320 I power_partial_wake_state: [0,h]
12-24 17:18:46.380   847  1705 I power_partial_wake_state: [0,h]
12-24 17:18:46.410   847  1365 I power_partial_wake_state: [1,WakeLockManager]
12-24 17:18:46.430   847  1354 I power_partial_wake_state: [0,WakeLockManager]
12-24 17:18:46.570   847  2126 I power_partial_wake_state: [1,h]
12-24 17:18:46.700   847  1542 I power_partial_wake_state: [0,h]
12-24 17:18:47.470   847  1705 I am_focus_stack: [1,exsiting-zone]
12-24 17:18:47.470   847  1705 I am_create_task: [0,5719]
12-24 17:18:47.470   847  1705 I am_create_activity: [0,123437990,5719,com.tianyancha.skyeye/.SplashPage,android.intent.action.MAIN,NULL,NULL,270532608,com.sec.android.app.launcher,0]
12-24 17:18:47.470   847  1705 I wm_task_created: [5719,1]
12-24 17:18:47.470   847  1705 I wm_task_moved: [5719,1,2]
12-24 17:18:47.470   847  1705 I am_pause_activity: [0,67500558,com.sec.android.app.launcher/com.android.launcher2.Launcher,0]
12-24 17:18:47.470   847  1705 I power_partial_wake_state: [1,*launch*]
12-24 17:18:47.470   847  1705 I wm_task_moved: [5719,1,2]
12-24 17:18:47.480   847  1705 I am_focused_activity: [0,com.tianyancha.skyeye/.SplashPage]
12-24 17:18:47.480  1700  1700 I am_on_paused_called: [0,com.android.launcher2.Launcher]
12-24 17:18:47.520   847  1644 I am_proc_start: [0,26932,10441,com.tianyancha.skyeye,activity,com.tianyancha.skyeye/.SplashPage]
12-24 17:18:47.620   847   864 I am_proc_bound: [0,26932,com.tianyancha.skyeye]
12-24 17:18:47.620   847   864 I am_restart_activity: [0,123437990,5719,com.tianyancha.skyeye/.SplashPage,0]
12-24 17:18:47.640   847  3377 I power_partial_wake_state: [1,RILJ0]
12-24 17:18:47.640   847  2124 I power_partial_wake_state: [0,RILJ0]
12-24 17:18:47.790   847   983 I am_pss  : [1700,10008,com.sec.android.app.launcher,87079936,85938176]
12-24 17:18:47.900   847   983 I am_pss  : [2205,10073,com.sec.android.widgetapp.ap.hero.cmaweather:SurfaceWidget,5123072,4734976]
12-24 17:18:47.940   847   865 I power_partial_wake_state: [1,LocationManagerService]
12-24 17:18:47.940   847  2118 I power_partial_wake_state: [0,LocationManagerService]
12-24 17:18:48.030   317   317 I sf_frame_dur: [com.sec.android.app.launcher/com.android.launcher2.Launcher,10,3,0,1,1,1,2]
12-24 17:18:48.060   847  2124 I power_partial_wake_state: [1,RILJ0]
12-24 17:18:48.080   847  1365 I power_partial_wake_state: [0,RILJ0]
12-24 17:18:48.810 26932 26932 I am_on_resume_called: [0,com.tianyancha.skyeye.SplashPage]
12-24 17:18:49.160   847  1090 I am_activity_launch_time: [0,123437990,com.tianyancha.skyeye/.SplashPage,1657,1657,0]
12-24 17:18:49.160   847  1354 I power_partial_wake_state: [0,*launch*]
12-24 17:18:49.290   847  2122 I power_partial_wake_state: [1,LocationManagerService]
12-24 17:18:49.290   847  1354 I power_partial_wake_state: [0,LocationManagerService]
12-24 17:18:49.300   847  1644 I wm_task_moved: [5719,1,2]
12-24 17:18:49.310   847  1644 I wm_task_moved: [5719,1,2]
12-24 17:18:49.310   847  1644 I am_create_activity: [0,178141293,5719,com.tianyancha.skyeye/.MainActivity,NULL,NULL,NULL,268435456,com.tianyancha.skyeye,0]
12-24 17:18:49.310   847  1644 I am_pause_activity: [0,123437990,com.tianyancha.skyeye/.SplashPage,0]
12-24 17:18:49.310   847  1644 I power_partial_wake_state: [1,*launch*]
12-24 17:18:49.310   847  1644 I wm_task_moved: [5719,1,2]
12-24 17:18:49.310   847  1644 I am_focused_activity: [0,com.tianyancha.skyeye/.MainActivity]
12-24 17:18:49.320   847  1786 I am_finish_activity: [0,123437990,5719,com.tianyancha.skyeye/.SplashPage,app-request,0]
12-24 17:18:49.320 26932 26932 I am_on_paused_called: [0,com.tianyancha.skyeye.SplashPage]
12-24 17:18:49.320   847   864 I am_restart_activity: [0,178141293,5719,com.tianyancha.skyeye/.MainActivity,0]
12-24 17:18:49.330   847  1542 I power_partial_wake_state: [1,RILJ0]
12-24 17:18:49.340   847  2118 I power_partial_wake_state: [0,RILJ0]
12-24 17:18:49.970   847  1641 I force_gc: Binder
12-24 17:18:50.210   847  1713 I power_partial_wake_state: [1,RILJ0]
12-24 17:18:50.210   847  1705 I power_partial_wake_state: [0,RILJ0]
12-24 17:18:50.350 26932 26932 I am_on_resume_called: [0,com.tianyancha.skyeye.MainActivity]
12-24 17:18:51.220   847  1254 I power_partial_wake_state: [1,NetworkStats]
12-24 17:18:51.230   847  1254 I netstats_mobile_sample: [0,0,0,0,0,0,0,0,0,0,0,0,1514107128927]
12-24 17:18:51.230   847  1254 I netstats_wifi_sample: [558074178,437353,24780317,295772,558003993,436788,20625042,295326,558002577,436775,20625042,295326,1514107128927]
12-24 17:18:51.230   847  1254 I power_partial_wake_state: [0,NetworkStats]
12-24 17:18:51.590   847  1090 I am_activity_launch_time: [0,178141293,com.tianyancha.skyeye/.MainActivity,2272,2272,0]
12-24 17:18:51.930   847  1354 I power_partial_wake_state: [0,*launch*]
12-24 17:18:52.140   847  1003 I am_destroy_activity: [0,123437990,5719,com.tianyancha.skyeye/.SplashPage,finish-imm,0]
12-24 17:18:53.660   847  3377 I power_partial_wake_state: [1,RILJ0]
12-24 17:18:53.670   847  1705 I power_partial_wake_state: [0,RILJ0]
12-24 17:18:56.010 23381 23420 I force_gc: Binder
12-24 17:18:58.220   847  2126 I am_proc_start: [0,27216,10441,com.tianyancha.skyeye:channel,service,com.tianyancha.skyeye/com.taobao.accs.ChannelService]
12-24 17:18:58.260   847  1641 I am_proc_bound: [0,27216,com.tianyancha.skyeye:channel]
12-24 17:18:58.340   847   983 I am_pss  : [26932,10441,com.tianyancha.skyeye,167208960,162689024]
12-24 17:18:58.380   847   983 I am_pss  : [1418,10017,com.android.systemui.recents,20173824,18788352]
12-24 17:19:00.050   847  1003 I am_proc_start: [0,27283,1000,com.sec.android.diagmonagent,broadcast-5,com.sec.android.diagmonagent/.DiagMonConnectivityChangeReciever]
12-24 17:19:00.050   847  1216 I power_partial_wake_state: [1,*alarm*]
12-24 17:19:00.140   847  1713 I am_proc_bound: [0,27283,com.sec.android.diagmonagent]
12-24 17:19:00.230   847   847 I power_partial_wake_state: [0,*alarm*]
12-24 17:19:00.410   847  2126 I am_proc_start: [0,27307,1000,com.sec.knox.switcher,broadcast-5,com.sec.knox.switcher/.knoxusage.KnoxUsageReceiver]
12-24 17:19:00.410   847  2126 I am_kill : [0,26058,com.samsung.knox.rcp.components,15,DHA:empty #25]
12-24 17:19:00.440   847  1644 I am_proc_died: [0,26058,com.samsung.knox.rcp.components,15,57,451]
12-24 17:19:00.470   847  2122 I am_proc_bound: [0,27307,com.sec.knox.switcher]
12-24 17:19:00.500 25228 25258 I force_gc: Binder
12-24 17:19:00.530   847  1641 I am_proc_start: [0,27319,10114,com.samsung.android.sm.policy,broadcast-5,com.samsung.android.sm.policy/.PolicyBroadCastReceiver]
12-24 17:19:00.530   847  1641 I am_kill : [0,25870,com.sec.android.app.sbrowser,15,DHA:empty #25]
12-24 17:19:00.550   847  2122 I am_proc_died: [0,25870,com.sec.android.app.sbrowser,15,56,452]
12-24 17:19:00.570   847  1542 I am_proc_bound: [0,27319,com.samsung.android.sm.policy]
12-24 17:19:00.790   847   864 I am_proc_start: [0,27334,1000,com.policydm,content provider,com.policydm/com.sec.android.policydm.log.MasterLogProvider]
12-24 17:19:00.850   847  1705 I am_proc_bound: [0,27334,com.policydm]
12-24 17:19:00.870   847  2122 I force_gc: Binder
12-24 17:19:01.000   847  1003 I am_proc_start: [0,27347,10039,com.osp.app.signin,broadcast-5,com.osp.app.signin/.OspReceiver]
12-24 17:19:01.020   847   983 I am_pss  : [1592,10018,android.process.acore,5406720,5099520]
12-24 17:19:01.030   847  1713 I am_proc_bound: [0,27347,com.osp.app.signin]
12-24 17:19:01.060   847  2132 I am_proc_start: [0,27361,1000,com.sec.android.soagent,content provider,com.sec.android.soagent/.log.MasterLogProvider]
12-24 17:19:01.100   847  1705 I am_proc_bound: [0,27361,com.sec.android.soagent]
12-24 17:19:01.170   847  2124 I am_proc_start: [0,27377,10133,com.sec.android.app.sbrowser:CustomLogger,content provider,com.sec.android.app.sbrowser/.logging.CustomLoggingProvider]
12-24 17:19:01.200   847  1786 I am_proc_start: [0,27391,1000,com.samsung.aasaservice,service,com.samsung.aasaservice/.AASAService]
12-24 17:19:01.220   847  2126 I am_proc_bound: [0,27377,com.sec.android.app.sbrowser:CustomLogger]
12-24 17:19:01.250   847  4320 I am_proc_bound: [0,27391,com.samsung.aasaservice]
12-24 17:19:01.300   847  2132 I am_kill : [0,26141,com.samsung.android.coreapps,15,DHA:empty #25]
12-24 17:19:01.330   847  1644 I am_proc_died: [0,26141,com.samsung.android.coreapps,15,70,437]
12-24 17:19:01.370   847  1786 I am_proc_start: [0,27411,1000,com.wssyncmldm,content provider,com.wssyncmldm/com.samsung.android.app.fotaclient.log.MasterLogProvider]
12-24 17:19:01.410   847  1354 I am_proc_bound: [0,27411,com.wssyncmldm]
12-24 17:19:01.570   847  4320 I am_kill : [0,25603,com.android.defcontainer,15,DHA:empty #25]
12-24 17:19:01.570   847  4320 I am_kill : [0,25886,com.sec.android.app.samsungapps,15,DHA:empty #25]
12-24 17:19:01.570   847  4320 I am_kill : [0,25913,com.sec.android.app.shealth:remote,15,DHA:empty #25]
12-24 17:19:01.570   847  4320 I am_kill : [0,26089,com.bst.floatingmsgproxy,15,DHA:empty #25]
12-24 17:19:01.570   847  4320 I am_kill : [0,26227,com.sec.spp.push:RemoteDlcProcess,15,DHA:empty #25]
12-24 17:19:01.570   847  4320 I am_kill : [0,25931,com.sec.android.app.shealth,15,DHA:empty #25]
12-24 17:19:01.590   847  1365 I am_proc_died: [0,26089,com.bst.floatingmsgproxy,15,77,437]
12-24 17:19:01.600   847  1705 I am_proc_died: [0,25603,com.android.defcontainer,15,79,438]
12-24 17:19:01.610   847  1542 I am_proc_died: [0,25886,com.sec.android.app.samsungapps,15,88,438]
12-24 17:19:01.610   847  2124 I am_proc_died: [0,26227,com.sec.spp.push:RemoteDlcProcess,15,88,438]
12-24 17:19:01.620   847  2132 I am_proc_died: [0,25913,com.sec.android.app.shealth:remote,15,89,438]
12-24 17:19:01.620   847  2132 I am_schedule_service_restart: [0,com.sec.android.app.shealth/com.samsung.android.service.health.HealthService,1000]
12-24 17:19:01.630   847  2118 I am_proc_died: [0,25931,com.sec.android.app.shealth,15,89,438]
12-24 17:19:04.670   847  1003 I am_proc_start: [0,27462,10266,com.tencent.mm:push,broadcast-5,com.tencent.mm/.booter.MMReceivers$ConnectionReceiver]
12-24 17:19:04.720   847  1713 I am_proc_bound: [0,27462,com.tencent.mm:push]
12-24 17:19:05.000 23381 23420 I force_gc: Binder
12-24 17:19:06.180   847  2126 I am_kill : [0,26186,com.sec.android.app.camera,15,DHA:empty #25]
12-24 17:19:06.200   847  2122 I am_proc_died: [0,26186,com.sec.android.app.camera,15,71,451]
12-24 17:19:08.020   847  1003 I am_proc_start: [0,27503,10073,com.sec.android.widgetapp.ap.hero.cmaweather,broadcast-5,com.sec.android.widgetapp.ap.hero.cmaweather/.easy.widget.WeatherClock]
12-24 17:19:08.080   847  2126 I am_proc_bound: [0,27503,com.sec.android.widgetapp.ap.hero.cmaweather]
12-24 17:19:08.260   847  2132 I am_kill : [0,26211,com.sec.android.GeoLookout,15,DHA:empty #25]
12-24 17:19:08.290   847  1713 I am_proc_died: [0,26211,com.sec.android.GeoLookout,15,66,455]
12-24 17:19:08.510 25228 25238 I force_gc: Binder
12-24 17:19:09.610   847   865 I force_gc: Binder
12-24 17:19:11.110   847  1003 I am_proc_start: [0,27537,10001,com.bst.floatingmsgproxy,broadcast-5,com.bst.floatingmsgproxy/.receiver.StatusReceiver]
12-24 17:19:11.160   847  1786 I am_proc_bound: [0,27537,com.bst.floatingmsgproxy]
12-24 17:19:11.210   847   983 I am_pss  : [26586,5005,com.samsung.android.app.FileShareServer,2335744,1880064]
12-24 17:19:11.290   847  2124 I am_kill : [0,26561,com.samsung.hs20provider,15,DHA:empty #25]
12-24 17:19:11.300   847   983 I am_pss  : [26574,5005,com.samsung.android.app.FileShareClient,2667520,2076672]
12-24 17:19:11.320   847  1542 I am_proc_died: [0,26561,com.samsung.hs20provider,15,64,459]
12-24 17:19:11.380   847   983 I am_pss  : [26598,1000,com.samsung.android.securitylogagent,2479104,2031616]
12-24 17:19:11.970   847  1003 I am_proc_start: [0,27573,1000,com.samsung.android.sm,broadcast-5,com.samsung.android.sm/.ui.uds.UDSReceiver]
12-24 17:19:12.040   847   864 I am_proc_bound: [0,27573,com.samsung.android.sm]
12-24 17:19:12.180   847  2132 I am_kill : [0,26574,com.samsung.android.app.FileShareClient,15,DHA:empty #25]
12-24 17:19:12.220   847  1786 I am_proc_died: [0,26574,com.samsung.android.app.FileShareClient,15,62,461]
12-24 17:19:12.830 23381 23419 I force_gc: Binder
12-24 17:19:13.320   847  1003 I am_proc_start: [0,27585,5011,com.samsung.android.coreapps,broadcast-5,com.samsung.android.coreapps/.easysignup.receiver.NetworkStateListener]
12-24 17:19:13.400   847  2122 I am_proc_bound: [0,27585,com.samsung.android.coreapps]
12-24 17:19:13.800   847  1354 I am_proc_start: [0,27617,10171,com.samsung.android.service.travel,broadcast-5,com.samsung.android.service.travel/com.samsung.android.travel.bindService.TravelBroadcastReceiver]
12-24 17:19:13.800   847  1354 I am_kill : [0,26586,com.samsung.android.app.FileShareServer,15,DHA:empty #25]
12-24 17:19:13.830   847  1713 I am_proc_died: [0,26586,com.samsung.android.app.FileShareServer,15,55,463]
12-24 17:19:13.860   847  1705 I am_proc_bound: [0,27617,com.samsung.android.service.travel]
12-24 17:19:13.950   847  1365 I am_proc_start: [0,27636,10155,com.android.email,broadcast-5,com.android.email/.EmailConnectivityManager]
12-24 17:19:13.950   847  1365 I am_kill : [0,26598,com.samsung.android.securitylogagent,15,DHA:empty #25]
12-24 17:19:13.990   847   864 I am_proc_died: [0,26598,com.samsung.android.securitylogagent,15,55,463]
12-24 17:19:14.030   847  1713 I am_proc_bound: [0,27636,com.android.email]
12-24 17:19:14.250   847   983 I am_pss  : [26703,10201,com.samsung.android.app.sreminder:reminderservice,7522304,4825088]
12-24 17:19:14.430   847  1003 I am_proc_start: [0,27666,10156,com.android.exchange,broadcast-3,com.android.exchange/.service.ExchangeBroadcastReceiver]
12-24 17:19:14.470   847  1641 I am_proc_bound: [0,27666,com.android.exchange]
12-24 17:19:14.490   847  2126 I am_kill : [0,26117,com.android.mms,15,DHA:empty #25]
12-24 17:19:14.530   847  1542 I am_proc_died: [0,26117,com.android.mms,15,68,451]
12-24 17:19:14.570   847  2122 I am_kill : [0,25591,com.android.settings,15,DHA:empty #25]
12-24 17:19:14.580 25228 25238 I force_gc: Binder
12-24 17:19:14.600   847  4320 I am_proc_died: [0,25591,com.android.settings,15,70,452]
12-24 17:19:16.390   847  1365 I power_partial_wake_state: [1,h]
12-24 17:19:16.430   847  2118 I power_partial_wake_state: [0,h]
12-24 17:19:16.970   847  2126 I am_proc_start: [0,27688,10153,com.baidu.searchbox_samsung:bdservice_v1,broadcast-5,com.baidu.searchbox_samsung/com.baidu.android.pushservice.PushServiceReceiver]
12-24 17:19:16.970   847   983 I am_pss  : [26540,1000,com.samsung.android.sm.provider,3049472,2560000]
12-24 17:19:17.000   847  1644 I am_proc_bound: [0,27688,com.baidu.searchbox_samsung:bdservice_v1]
12-24 17:19:17.030   847   983 I am_pss  : [26822,10201,com.samsung.android.app.sreminder,7746560,4952064]
12-24 17:19:17.070   847   983 I am_pss  : [26499,5004,com.samsung.dcm:DCMService,7313408,6692864]
12-24 17:19:17.820 23381 23419 I force_gc: Binder
12-24 17:19:17.850   847   983 I am_pss  : [26199,10070,com.sec.android.provider.badge,2836480,2367488]
12-24 17:19:17.910   847  1705 I am_kill : [0,26499,com.samsung.dcm:DCMService,15,DHA:empty #25]
12-24 17:19:17.920   847  2126 I force_gc: Binder
12-24 17:19:17.930   847  2132 I am_proc_died: [0,26499,com.samsung.dcm:DCMService,15,80,445]
12-24 17:19:18.330   847   983 I am_pss  : [27216,10441,com.tianyancha.skyeye:channel,18545664,10436608]
12-24 17:19:20.060   847   983 I am_pss  : [1700,10008,com.sec.android.app.launcher,47756288,46743552]
12-24 17:19:20.100   847   983 I am_pss  : [2205,10073,com.sec.android.widgetapp.ap.hero.cmaweather:SurfaceWidget,4874240,4497408]
12-24 17:19:20.140   847  2132 I power_partial_wake_state: [1,b]
12-24 17:19:20.140   847  1786 I power_partial_wake_state: [0,b]
12-24 17:19:20.370   847  1542 I power_partial_wake_state: [1,b]
12-24 17:19:20.370   847  1365 I power_partial_wake_state: [0,b]
12-24 17:19:20.870   847  1786 I am_proc_start: [0,27734,10038,com.sec.android.app.samsungapps,broadcast-5,com.sec.android.app.samsungapps/.networkstatereceiver.NetworkStateReceiver]
12-24 17:19:20.920   847  1705 I am_proc_bound: [0,27734,com.sec.android.app.samsungapps]
12-24 17:19:21.340   847  2124 I am_kill : [0,26822,com.samsung.android.app.sreminder,15,DHA:empty #25]
12-24 17:19:21.370   847  1713 I am_proc_died: [0,26822,com.samsung.android.app.sreminder,15,58,464]
12-24 17:19:21.810   847  1216 I power_partial_wake_state: [1,*alarm*]
12-24 17:19:21.870   847   847 I power_partial_wake_state: [0,*alarm*]
12-24 17:19:21.890   847  1365 I power_partial_wake_state: [1,WakeLockManager]
12-24 17:19:21.900   847  2126 I power_partial_wake_state: [0,WakeLockManager]
12-24 17:19:22.060 25228 25258 I force_gc: Binder
12-24 17:19:22.130   847  1254 I power_partial_wake_state: [1,NetworkStats]
12-24 17:19:22.140   847  1254 I netstats_mobile_sample: [0,0,0,0,0,0,0,0,0,0,0,0,1514107159840]
12-24 17:19:22.140   847  1254 I netstats_wifi_sample: [558163742,437706,24828147,296100,558093171,437141,20668280,295654,558091755,437128,20668280,295654,1514107159840]
12-24 17:19:22.140   847  1254 I power_partial_wake_state: [0,NetworkStats]
12-24 17:19:22.860   847  1542 I power_partial_wake_state: [1,flipboard.cn_JPush]
12-24 17:19:22.860   847   865 I power_partial_wake_state: [0,flipboard.cn_JPush]
12-24 17:19:24.370   847  1216 I power_partial_wake_state: [1,*alarm*]
12-24 17:19:24.370   847   847 I power_partial_wake_state: [0,*alarm*]
12-24 17:19:31.330   847   983 I am_pss  : [27334,1000,com.policydm,5023744,4296704]
12-24 17:19:31.380   847   983 I am_pss  : [27377,10133,com.sec.android.app.sbrowser:CustomLogger,8093696,7471104]
12-24 17:19:31.420   847   983 I am_pss  : [27361,1000,com.sec.android.soagent,2512896,2064384]
12-24 17:19:31.460   847   983 I am_pss  : [27347,10039,com.osp.app.signin,7799808,6840320]
12-24 17:19:31.490   847   983 I am_pss  : [27319,10114,com.samsung.android.sm.policy,2748416,2248704]
12-24 17:19:31.530   847   983 I am_pss  : [27307,1000,com.sec.knox.switcher,2740224,2285568]
12-24 17:19:31.560   847   983 I am_pss  : [27283,1000,com.sec.android.diagmonagent,3503104,2953216]
12-24 17:19:42.340  1592  1652 I content_query_sample: contents_sample_state: [ contacts(6) data(12) accounts({vnd.sec.contact.phone (1)=6}) accounts deleted({}) calls([logtype:100 cnt:23, logtype:300 cnt:3])  ]
12-24 17:19:42.340  1592  1652 I content_query_sample: contents_sample_state: [ agr({[1]=6})  ]
12-24 17:20:00.000   847  1216 I power_partial_wake_state: [1,*alarm*]
12-24 17:20:00.140   847   983 I am_pss  : [27688,10153,com.baidu.searchbox_samsung:bdservice_v1,5907456,5160960]
12-24 17:20:00.180   847   847 I power_partial_wake_state: [0,*alarm*]
12-24 17:20:00.200   847   983 I am_pss  : [27666,10156,com.android.exchange,3829760,3325952]
12-24 17:20:00.250   847   983 I am_pss  : [27636,10155,com.android.email,15154176,13914112]
12-24 17:20:00.300   847   983 I am_pss  : [27617,10171,com.samsung.android.service.travel,2353152,1933312]
12-24 17:20:00.340   847   983 I am_pss  : [27585,5011,com.samsung.android.coreapps,8383488,7507968]
12-24 17:20:00.380   847   983 I am_pss  : [27573,1000,com.samsung.android.sm,3219456,2752512]
12-24 17:20:00.410   847   983 I am_pss  : [27411,1000,com.wssyncmldm,5982208,5267456]
12-24 17:20:00.440   847   983 I am_pss  : [27537,10001,com.bst.floatingmsgproxy,3503104,3002368]
12-24 17:20:00.480   847   983 I am_pss  : [27503,10073,com.sec.android.widgetapp.ap.hero.cmaweather,4100096,3567616]
12-24 17:20:00.550   847   983 I am_pss  : [27462,10266,com.tencent.mm:push,29107200,27983872]
12-24 17:20:00.590   847   983 I am_pss  : [27391,1000,com.samsung.aasaservice,2364416,1945600]
12-24 17:20:27.900   847   983 I am_pss  : [27734,10038,com.sec.android.app.samsungapps,10714112,9936896]
12-24 17:20:28.120 23381 23419 I force_gc: Binder
12-24 17:20:31.450   847  1254 I power_partial_wake_state: [1,NetworkStats]
12-24 17:20:31.470   847  1254 I netstats_mobile_sample: [0,0,0,0,0,0,0,0,0,0,0,0,1514107229169]
12-24 17:20:31.470   847  1254 I netstats_wifi_sample: [558204831,438075,24844549,296312,558134164,437509,20681686,295865,558132748,437496,20681686,295865,1514107229169]
12-24 17:20:31.470   847  1254 I power_partial_wake_state: [0,NetworkStats]
12-24 17:20:37.240   847  1354 I force_gc: Binder
12-24 17:20:42.460  1592  1652 I content_query_sample: contents_sample_state: [ contacts(6) data(12) accounts({vnd.sec.contact.phone (1)=6}) accounts deleted({}) calls([logtype:100 cnt:23, logtype:300 cnt:3])  ]
12-24 17:20:42.460  1592  1652 I content_query_sample: contents_sample_state: [ agr({[1]=6})  ]
12-24 17:20:53.360   847  1254 I power_partial_wake_state: [1,NetworkStats]
12-24 17:20:53.360   847  1254 I netstats_mobile_sample: [0,0,0,0,0,0,0,0,0,0,0,0,1514107251064]
12-24 17:20:53.370   847  1254 I netstats_wifi_sample: [558211370,438149,24845125,296318,558140697,437583,20682178,295871,558139281,437570,20682178,295871,1514107251064]
12-24 17:20:53.370   847  1254 I power_partial_wake_state: [0,NetworkStats]
12-24 17:20:59.990   847  1216 I power_partial_wake_state: [1,*alarm*]
12-24 17:21:00.160   847   847 I power_partial_wake_state: [0,*alarm*]
12-24 17:21:00.170   847   983 I am_pss  : [26932,10441,com.tianyancha.skyeye,164175872,154009600]
12-24 17:21:27.930   847  1216 I power_partial_wake_state: [1,*alarm*]
12-24 17:21:27.940   847   847 I power_partial_wake_state: [0,*alarm*]
12-24 17:21:27.950   847  2122 I power_partial_wake_state: [1,flipboard.cn_JPush]
12-24 17:21:27.950   847  1705 I power_partial_wake_state: [0,flipboard.cn_JPush]
12-24 17:21:30.090   847  1254 I power_partial_wake_state: [1,NetworkStats]
12-24 17:21:30.120   847  1254 I netstats_mobile_sample: [0,0,0,0,0,0,0,0,0,0,0,0,1514107287822]
12-24 17:21:30.130   847  1254 I netstats_wifi_sample: [558223185,438296,24845673,296326,558152512,437730,20682614,295879,558151096,437717,20682614,295879,1514107287822]
12-24 17:21:30.130   847  1254 I power_partial_wake_state: [0,NetworkStats]
12-24 17:21:42.610  1592  1652 I content_query_sample: contents_sample_state: [ contacts(6) data(12) accounts({vnd.sec.contact.phone (1)=6}) accounts deleted({}) calls([logtype:100 cnt:23, logtype:300 cnt:3])  ]
12-24 17:21:42.610  1592  1652 I content_query_sample: contents_sample_state: [ agr({[1]=6})  ]
12-24 17:21:59.990   847  1216 I power_partial_wake_state: [1,*alarm*]
12-24 17:22:00.150   847   847 I power_partial_wake_state: [0,*alarm*]
12-24 17:22:06.980   847  1254 I power_partial_wake_state: [1,NetworkStats]
12-24 17:22:06.990   847  1254 I netstats_mobile_sample: [0,0,0,0,0,0,0,0,0,0,0,0,1514107324684]
12-24 17:22:06.990   847  1254 I netstats_wifi_sample: [558235592,438443,24845821,296328,558164919,437877,20682734,295881,558163503,437864,20682734,295881,1514107324684]
12-24 17:22:06.990   847  1254 I power_partial_wake_state: [0,NetworkStats]
12-24 17:22:38.440   847  1211 I power_partial_wake_state: [1,TimaService]
12-24 17:22:39.600   847  1211 I power_partial_wake_state: [0,TimaService]
12-24 17:22:42.730  1592  1652 I content_query_sample: contents_sample_state: [ contacts(6) data(12) accounts({vnd.sec.contact.phone (1)=6}) accounts deleted({}) calls([logtype:100 cnt:23, logtype:300 cnt:3])  ]
12-24 17:22:42.730  1592  1652 I content_query_sample: contents_sample_state: [ agr({[1]=6})  ]
12-24 17:22:43.170   847  1254 I power_partial_wake_state: [1,NetworkStats]
12-24 17:22:43.200   847  1254 I netstats_mobile_sample: [0,0,0,0,0,0,0,0,0,0,0,0,1514107360895]
12-24 17:22:43.200   847  1254 I netstats_wifi_sample: [558248212,438573,24845969,296330,558177533,438007,20682854,295883,558176117,437994,20682854,295883,1514107360895]
12-24 17:22:43.200   847  1254 I power_partial_wake_state: [0,NetworkStats]
12-24 17:22:52.930   847  1003 I am_kill : [0,20121,com.sec.android.pagebuddynotisvc,15,DHA:SPC_empty #25]
12-24 17:22:53.000   847   864 I am_proc_died: [0,20121,com.sec.android.pagebuddynotisvc,15,58,445]
12-24 17:22:53.000   847   864 I am_schedule_service_restart: [0,com.sec.android.pagebuddynotisvc/.PageBuddyNotiSvc,1000]
12-24 17:22:54.040   847  1003 I am_proc_start: [0,28659,10028,com.sec.android.pagebuddynotisvc,service,com.sec.android.pagebuddynotisvc/.PageBuddyNotiSvc]
12-24 17:22:54.130   847  1786 I am_proc_bound: [0,28659,com.sec.android.pagebuddynotisvc]
12-24 17:22:59.990   847  1216 I power_partial_wake_state: [1,*alarm*]
12-24 17:23:00.150   847   983 I am_pss  : [26932,10441,com.tianyancha.skyeye,179948544,169807872]
12-24 17:23:00.160   847   847 I power_partial_wake_state: [0,*alarm*]
12-24 17:23:19.840   847  1254 I power_partial_wake_state: [1,NetworkStats]
12-24 17:23:19.850   847  1254 I netstats_mobile_sample: [0,0,0,0,0,0,0,0,0,0,0,0,1514107397548]
12-24 17:23:19.850   847  1254 I netstats_wifi_sample: [558262381,438728,24846359,296333,558191640,438160,20683202,295886,558190224,438147,20683202,295886,1514107397548]
12-24 17:23:19.850   847  1254 I power_partial_wake_state: [0,NetworkStats]
12-24 17:23:28.500   847  1713 I force_gc: Binder
12-24 17:23:42.850  1592  1652 I content_query_sample: contents_sample_state: [ contacts(6) data(12) accounts({vnd.sec.contact.phone (1)=6}) accounts deleted({}) calls([logtype:100 cnt:23, logtype:300 cnt:3])  ]
12-24 17:23:42.850  1592  1652 I content_query_sample: contents_sample_state: [ agr({[1]=6})  ]
12-24 17:23:56.580   847  1254 I power_partial_wake_state: [1,NetworkStats]
12-24 17:23:56.590   847  1254 I netstats_mobile_sample: [0,0,0,0,0,0,0,0,0,0,0,0,1514107434286]
12-24 17:23:56.590   847  1254 I netstats_wifi_sample: [558276679,438887,24853758,296435,558205902,438319,20689173,295988,558204486,438306,20689173,295988,1514107434286]
12-24 17:23:56.590   847  1254 I power_partial_wake_state: [0,NetworkStats]
12-24 17:23:59.990   847  1216 I power_partial_wake_state: [1,*alarm*]
12-24 17:24:00.120   847   983 I am_pss  : [28659,10028,com.sec.android.pagebuddynotisvc,2701312,2228224]
12-24 17:24:00.200   847   847 I power_partial_wake_state: [0,*alarm*]
12-24 17:24:22.030   847  1216 I power_partial_wake_state: [1,*alarm*]
12-24 17:24:22.080   847   847 I power_partial_wake_state: [0,*alarm*]
12-24 17:24:29.410 23381 23408 I force_gc: Binder
12-24 17:24:33.280   847  1254 I power_partial_wake_state: [1,NetworkStats]
12-24 17:24:33.290   847  1254 I netstats_mobile_sample: [0,0,0,0,0,0,0,0,0,0,0,0,1514107470994]
12-24 17:24:33.300   847  1254 I netstats_wifi_sample: [558288412,439014,24856894,296484,558217587,438445,20691595,296036,558216171,438432,20691595,296036,1514107470994]
12-24 17:24:33.300   847  1254 I power_partial_wake_state: [0,NetworkStats]
12-24 17:24:40.900   847  1216 I power_partial_wake_state: [1,*alarm*]
12-24 17:24:40.960   847  1365 I power_partial_wake_state: [1,WakeLockManager]
12-24 17:24:40.960   847   847 I power_partial_wake_state: [0,*alarm*]
12-24 17:24:40.970   847  1786 I power_partial_wake_state: [0,WakeLockManager]
12-24 17:24:41.010   847  1713 I power_partial_wake_state: [1,i]
12-24 17:24:41.170   847  1354 I power_partial_wake_state: [1,i]
12-24 17:24:41.170   847  2124 I power_partial_wake_state: [0,i]
12-24 17:24:41.240   847  1542 I power_partial_wake_state: [0,i]
12-24 17:24:42.980  1592  1652 I content_query_sample: contents_sample_state: [ contacts(6) data(12) accounts({vnd.sec.contact.phone (1)=6}) accounts deleted({}) calls([logtype:100 cnt:23, logtype:300 cnt:3])  ]
12-24 17:24:42.980  1592  1652 I content_query_sample: contents_sample_state: [ agr({[1]=6})  ]
12-24 17:24:59.990   847  1216 I power_partial_wake_state: [1,*alarm*]
12-24 17:25:00.160   847   847 I power_partial_wake_state: [0,*alarm*]
12-24 17:25:00.170   847   983 I am_pss  : [26932,10441,com.tianyancha.skyeye,195190784,185053184]
12-24 17:25:03.840   847  1254 I power_partial_wake_state: [1,NetworkStats]
12-24 17:25:03.860   847  1254 I netstats_mobile_sample: [0,0,0,0,0,0,0,0,0,0,0,0,1514107501559]
12-24 17:25:03.860   847  1254 I netstats_wifi_sample: [558298311,439115,24862703,296514,558227462,438546,20696984,296066,558226046,438533,20696984,296066,1514107501559]
12-24 17:25:03.860   847  1254 I power_partial_wake_state: [0,NetworkStats]
12-24 17:25:29.350   847  1254 I power_partial_wake_state: [1,NetworkStats]
12-24 17:25:29.350   847  1254 I netstats_mobile_sample: [0,0,0,0,0,0,0,0,0,0,0,0,1514107527050]
12-24 17:25:29.350   847  1254 I netstats_wifi_sample: [558305606,439175,24874245,296535,558234691,438606,20708232,296087,558233275,438593,20708232,296087,1514107527050]
12-24 17:25:29.350   847  1254 I power_partial_wake_state: [0,NetworkStats]
12-24 17:25:43.110  1592  1652 I content_query_sample: contents_sample_state: [ contacts(6) data(12) accounts({vnd.sec.contact.phone (1)=6}) accounts deleted({}) calls([logtype:100 cnt:23, logtype:300 cnt:3])  ]
12-24 17:25:43.110  1592  1652 I content_query_sample: contents_sample_state: [ agr({[1]=6})  ]
12-24 17:25:59.620   847  1644 I force_gc: Binder
12-24 17:25:59.990   847  1216 I power_partial_wake_state: [1,*alarm*]
12-24 17:26:00.130   847   847 I power_partial_wake_state: [0,*alarm*]
12-24 17:26:06.010   847  1254 I power_partial_wake_state: [1,NetworkStats]
12-24 17:26:06.020   847  1254 I netstats_mobile_sample: [0,0,0,0,0,0,0,0,0,0,0,0,1514107563720]
12-24 17:26:06.030   847  1254 I netstats_wifi_sample: [558317873,439295,24875499,296544,558246928,438726,20709360,296096,558245512,438713,20709360,296096,1514107563720]
12-24 17:26:06.030   847  1254 I power_partial_wake_state: [0,NetworkStats]
12-24 17:26:17.950   847  1216 I power_partial_wake_state: [1,*alarm*]
12-24 17:26:17.970   847  2118 I power_partial_wake_state: [1,flipboard.cn_JPush]
12-24 17:26:17.970   847   847 I power_partial_wake_state: [0,*alarm*]
12-24 17:26:17.980   847  2124 I power_partial_wake_state: [0,flipboard.cn_JPush]
12-24 17:26:19.220   847  1003 I am_proc_start: [0,29804,10048,com.sec.android.app.videoplayer,broadcast-3,com.sec.android.app.videoplayer/.videowall.TranscodeReceiver]
12-24 17:26:19.240   847  3377 I power_partial_wake_state: [1,RILJ0]
12-24 17:26:19.250   847   865 I power_partial_wake_state: [0,RILJ0]
12-24 17:26:19.360   847  4320 I am_proc_bound: [0,29804,com.sec.android.app.videoplayer]
12-24 17:26:19.620   847  2126 I am_kill : [0,26703,com.samsung.android.app.sreminder:reminderservice,15,DHA:empty #25]
12-24 17:26:19.640   847  2122 I am_proc_died: [0,26703,com.samsung.android.app.sreminder:reminderservice,15,59,442]
12-24 17:26:29.850  3153  3175 I force_gc: Binder
12-24 17:26:35.470   847  1254 I power_partial_wake_state: [1,NetworkStats]
12-24 17:26:35.480   847  1254 I netstats_mobile_sample: [0,0,0,0,0,0,0,0,0,0,0,0,1514107593176]
12-24 17:26:35.480   847  1254 I netstats_wifi_sample: [558330668,439398,24875795,296548,558259723,438829,20709600,296100,558258307,438816,20709600,296100,1514107593176]
12-24 17:26:35.480   847  1254 I power_partial_wake_state: [0,NetworkStats]
12-24 17:26:43.250  1592  1652 I content_query_sample: contents_sample_state: [ contacts(6) data(12) accounts({vnd.sec.contact.phone (1)=6}) accounts deleted({}) calls([logtype:100 cnt:23, logtype:300 cnt:3])  ]
12-24 17:26:43.250  1592  1652 I content_query_sample: contents_sample_state: [ agr({[1]=6})  ]
12-24 17:26:54.950   847   865 I wm_task_moved: [5719,1,2]
12-24 17:26:54.960   847   865 I am_new_intent: [0,128608169,5719,com.tianyancha.skyeye/.MainActivity,NULL,NULL,NULL,268435456,NULL,0]
12-24 17:26:54.960   847   865 I am_focused_activity: [0,com.tianyancha.skyeye/.MainActivity]
12-24 17:26:57.710   847  1641 I wm_task_moved: [5719,1,2]
12-24 17:26:57.710   847  1641 I am_focused_activity: [0,com.tianyancha.skyeye/.MainActivity]
12-24 17:26:57.880   847  1365 I wm_task_moved: [5719,1,2]
12-24 17:26:57.880   847  1365 I am_create_activity: [0,45470266,5719,com.tianyancha.skyeye/.FeedBackPage,NULL,NULL,NULL,0,com.tianyancha.skyeye,0]
12-24 17:26:57.880   847  1365 I am_pause_activity: [0,178141293,com.tianyancha.skyeye/.MainActivity,0]
12-24 17:26:57.880   847  1365 I power_partial_wake_state: [1,*launch*]
12-24 17:26:57.890   847  1365 I wm_task_moved: [5719,1,2]
12-24 17:26:57.890   847  1365 I am_focused_activity: [0,com.tianyancha.skyeye/.FeedBackPage]
12-24 17:26:57.890 26932 26932 I am_on_paused_called: [0,com.tianyancha.skyeye.MainActivity]
12-24 17:26:57.900   847  4320 I am_restart_activity: [0,45470266,5719,com.tianyancha.skyeye/.FeedBackPage,0]
12-24 17:26:57.980   847   983 I am_pss  : [4420,1000,com.sec.android.inputmethod,10808320,10498048]
12-24 17:26:58.010 26932 26932 I am_on_resume_called: [0,com.tianyancha.skyeye.FeedBackPage]
12-24 17:26:58.030   847   983 I am_pss  : [2017,1002,com.android.bluetooth,959488,806912]
12-24 17:26:58.090   847   983 I am_pss  : [29804,10048,com.sec.android.app.videoplayer,4834304,4083712]
12-24 17:26:58.120   847  1090 I am_activity_launch_time: [0,45470266,com.tianyancha.skyeye/.FeedBackPage,234,234,0]
12-24 17:26:58.170   847   983 I am_pss  : [5840,1000,com.samsung.android.MtpApplication,832512,602112]
12-24 17:26:58.190   317   317 I sf_frame_dur: [com.tianyancha.skyeye/com.tianyancha.skyeye.MainActivity,15960,3926,5,4,3,1,2]
12-24 17:26:58.210   847   983 I am_pss  : [2005,1000,com.samsung.ucs.ucspinpad,457728,352256]
12-24 17:26:58.230   847  2132 I power_partial_wake_state: [0,*launch*]
12-24 17:26:58.270   847   983 I am_pss  : [1621,5013,com.sec.location.nsflp2,1220608,1073152]
12-24 17:26:58.320   847   983 I am_pss  : [1861,10177,org.simalliance.openmobileapi.service:remote,886784,774144]
12-24 17:26:58.350   847   983 I am_pss  : [1743,1000,com.samsung.ucs.agent.boot,626688,512000]
12-24 17:26:58.390   847   983 I am_pss  : [1730,10166,com.sec.smartcard.manager,803840,684032]
12-24 17:26:58.420   847   983 I am_pss  : [1571,10017,com.android.systemui.imagewallpaper,1017856,884736]
12-24 17:26:58.760   847   847 I notification_enqueue: [1000,847,android,17040375,InputMethodManagerService_Noti,-1,Notification(pri=-2 contentView=null vibrate=null sound=null defaults=0x0 flags=0x1002 color=0x00000000 category=sys vis=PRIVATE secFlags=0x0 secPriority=0),0]
12-24 17:26:58.820   847   847 I notification_enqueue: [1000,847,android,17040375,InputMethodManagerService_Noti,-1,Notification(pri=-2 contentView=null vibrate=null sound=null defaults=0x0 flags=0x1002 color=0x00000000 category=sys vis=PRIVATE secFlags=0x0 secPriority=0),1]
12-24 17:26:58.820   847   847 I notification_enqueue: [1000,847,android,17040375,InputMethodManagerService_Noti,-1,Notification(pri=-2 contentView=null vibrate=null sound=null defaults=0x0 flags=0x1002 color=0x00000000 category=sys vis=PRIVATE secFlags=0x0 secPriority=0),1]
12-24 17:26:58.940   847  1354 I notification_expansion: [-1|android|17040375|InputMethodManagerService_Noti|1000,0,1,174,115,0]
12-24 17:26:58.940   847  1786 I notification_expansion: [-1|android|17040368|null|1000,0,0,934179,934179,500197]
12-24 17:26:59.150   847   847 I notification_enqueue: [1000,847,android,17040375,InputMethodManagerService_Noti,-1,Notification(pri=-2 contentView=null vibrate=null sound=null defaults=0x0 flags=0x1002 color=0x00000000 category=sys vis=PRIVATE secFlags=0x0 secPriority=0),1]
12-24 17:26:59.170   847   847 I notification_enqueue: [1000,847,android,17040375,InputMethodManagerService_Noti,-1,Notification(pri=-2 contentView=null vibrate=null sound=null defaults=0x0 flags=0x1002 color=0x00000000 category=sys vis=PRIVATE secFlags=0x0 secPriority=0),1]
12-24 17:26:59.170   317   317 I sf_frame_dur: [TwToolBoxFloatingViewer,71,4,1,7,2,4,35]
12-24 17:26:59.170   847   847 I notification_canceled: [-1|android|17040375|InputMethodManagerService_Noti|1000,8,410,4,0]
12-24 17:26:59.300   847  2118 I notification_expansion: [-1|android|17040368|null|1000,0,1,934536,934536,500554]
12-24 17:26:59.420   847   847 I notification_enqueue: [1000,847,android,17040375,InputMethodManagerService_Noti,-1,Notification(pri=-2 contentView=null vibrate=null sound=null defaults=0x0 flags=0x1002 color=0x00000000 category=sys vis=PRIVATE secFlags=0x0 secPriority=0),0]
12-24 17:26:59.440   847   847 I notification_enqueue: [1000,847,android,17040375,InputMethodManagerService_Noti,-1,Notification(pri=-2 contentView=null vibrate=null sound=null defaults=0x0 flags=0x1002 color=0x00000000 category=sys vis=PRIVATE secFlags=0x0 secPriority=0),1]
12-24 17:26:59.510   847  2126 I wm_task_moved: [5719,1,2]
12-24 17:26:59.520   847  2126 I am_focused_activity: [0,com.tianyancha.skyeye/.FeedBackPage]
12-24 17:26:59.520   847  1542 I notification_expansion: [-1|android|17040375|InputMethodManagerService_Noti|1000,0,1,104,78,0]
12-24 17:26:59.520   847  2132 I notification_expansion: [-1|android|17040368|null|1000,0,0,934763,934763,500781]
12-24 17:26:59.750   847   847 I notification_enqueue: [1000,847,android,17040375,InputMethodManagerService_Noti,-1,Notification(pri=-2 contentView=null vibrate=null sound=null defaults=0x0 flags=0x1002 color=0x00000000 category=sys vis=PRIVATE secFlags=0x0 secPriority=0),1]
12-24 17:26:59.790   317   317 I sf_frame_dur: [TwToolBoxFloatingViewer,23,2,1,0,0,0,0]
12-24 17:26:59.810   847  1365 I power_partial_wake_state: [1,AudioMix]
12-24 17:26:59.830   847  1644 I power_partial_wake_state: [1,VibratorService]
12-24 17:26:59.840   847 30082 I power_partial_wake_state: [0,VibratorService]
12-24 17:26:59.900   847  1254 I power_partial_wake_state: [1,NetworkStats]
12-24 17:26:59.910   847  1254 I netstats_mobile_sample: [0,0,0,0,0,0,0,0,0,0,0,0,1514107617607]
12-24 17:26:59.910   847  1254 I netstats_wifi_sample: [558374057,439496,24880801,296587,558303112,438927,20714060,296139,558301696,438914,20714060,296139,1514107617607]
12-24 17:26:59.910   847  1254 I power_partial_wake_state: [0,NetworkStats]
12-24 17:26:59.950   847   847 I notification_canceled: [-1|android|17040375|InputMethodManagerService_Noti|1000,8,534,200,0]
12-24 17:26:59.960   847  2132 I notification_expansion: [-1|android|17040368|null|1000,0,1,935203,935203,501221]
12-24 17:26:59.990   847  1216 I power_partial_wake_state: [1,*alarm*]
12-24 17:27:00.150   847   865 I wm_task_moved: [5719,1,2]
12-24 17:27:00.160   847   865 I am_focused_activity: [0,com.tianyancha.skyeye/.FeedBackPage]
12-24 17:27:00.160   847   847 I power_partial_wake_state: [0,*alarm*]
12-24 17:27:00.180   847   983 I am_pss  : [26932,10441,com.tianyancha.skyeye,172374016,163414016]
12-24 17:27:00.340   317   317 I sf_frame_dur: [InputMethod,0,0,2,0,0,0,0]
12-24 17:27:00.480   847   847 I notification_enqueue: [1000,847,android,17040375,InputMethodManagerService_Noti,-1,Notification(pri=-2 contentView=null vibrate=null sound=null defaults=0x0 flags=0x1002 color=0x00000000 category=sys vis=PRIVATE secFlags=0x0 secPriority=0),0]
12-24 17:27:00.490   847   847 I notification_enqueue: [1000,847,android,17040375,InputMethodManagerService_Noti,-1,Notification(pri=-2 contentView=null vibrate=null sound=null defaults=0x0 flags=0x1002 color=0x00000000 category=sys vis=PRIVATE secFlags=0x0 secPriority=0),1]
12-24 17:27:00.540   847  2132 I notification_expansion: [-1|android|17040375|InputMethodManagerService_Noti|1000,0,1,65,53,0]
12-24 17:27:00.550   847  2122 I notification_expansion: [-1|android|17040368|null|1000,0,0,935787,935787,501805]
12-24 17:27:00.780   847   847 I notification_enqueue: [1000,847,android,17040375,InputMethodManagerService_Noti,-1,Notification(pri=-2 contentView=null vibrate=null sound=null defaults=0x0 flags=0x1002 color=0x00000000 category=sys vis=PRIVATE secFlags=0x0 secPriority=0),1]
12-24 17:27:00.820   317   317 I sf_frame_dur: [TwToolBoxFloatingViewer,34,1,0,1,0,0,0]
12-24 17:27:00.970   847  1365 I power_partial_wake_state: [1,VibratorService]
12-24 17:27:00.980   847 30099 I power_partial_wake_state: [0,VibratorService]
12-24 17:27:01.010   847   847 I notification_canceled: [-1|android|17040375|InputMethodManagerService_Noti|1000,8,529,224,0]
12-24 17:27:01.030   847  1705 I notification_expansion: [-1|android|17040368|null|1000,0,1,936269,936269,502287]
12-24 17:27:01.150   847   847 I notification_enqueue: [1000,847,android,17040375,InputMethodManagerService_Noti,-1,Notification(pri=-2 contentView=null vibrate=null sound=null defaults=0x0 flags=0x1002 color=0x00000000 category=sys vis=PRIVATE secFlags=0x0 secPriority=0),0]
12-24 17:27:01.170   847   847 I notification_enqueue: [1000,847,android,17040375,InputMethodManagerService_Noti,-1,Notification(pri=-2 contentView=null vibrate=null sound=null defaults=0x0 flags=0x1002 color=0x00000000 category=sys vis=PRIVATE secFlags=0x0 secPriority=0),1]
12-24 17:27:01.230   847  2124 I notification_expansion: [-1|android|17040375|InputMethodManagerService_Noti|1000,0,1,82,61,0]
12-24 17:27:01.230   847   865 I notification_expansion: [-1|android|17040368|null|1000,0,0,936471,936471,502489]
12-24 17:27:01.380   847   847 I notification_enqueue: [1000,847,android,17040375,InputMethodManagerService_Noti,-1,Notification(pri=-2 contentView=null vibrate=null sound=null defaults=0x0 flags=0x1002 color=0x00000000 category=sys vis=PRIVATE secFlags=0x0 secPriority=0),1]
12-24 17:27:01.490   317   317 I sf_frame_dur: [TwToolBoxFloatingViewer,21,1,0,0,0,0,0]
12-24 17:27:01.490   847   847 I notification_enqueue: [1000,847,android,17040375,InputMethodManagerService_Noti,-1,Notification(pri=-2 contentView=null vibrate=null sound=null defaults=0x0 flags=0x1002 color=0x00000000 category=sys vis=PRIVATE secFlags=0x0 secPriority=0),1]
12-24 17:27:01.560   847   847 I notification_enqueue: [1000,847,android,17040375,InputMethodManagerService_Noti,-1,Notification(pri=-2 contentView=null vibrate=null sound=null defaults=0x0 flags=0x1002 color=0x00000000 category=sys vis=PRIVATE secFlags=0x0 secPriority=0),1]
12-24 17:27:01.580   847   847 I notification_enqueue: [1000,847,android,17040375,InputMethodManagerService_Noti,-1,Notification(pri=-2 contentView=null vibrate=null sound=null defaults=0x0 flags=0x1002 color=0x00000000 category=sys vis=PRIVATE secFlags=0x0 secPriority=0),1]
12-24 17:27:02.080   847  1644 I power_partial_wake_state: [1,VibratorService]
12-24 17:27:02.090   847 30122 I power_partial_wake_state: [0,VibratorService]
12-24 17:27:02.130   847  2122 I power_partial_wake_state: [1,VibratorService]
12-24 17:27:02.140   847 30124 I power_partial_wake_state: [0,VibratorService]
12-24 17:27:02.270   847   847 I notification_enqueue: [1000,847,android,17040375,InputMethodManagerService_Noti,-1,Notification(pri=-2 contentView=null vibrate=null sound=null defaults=0x0 flags=0x1002 color=0x00000000 category=sys vis=PRIVATE secFlags=0x0 secPriority=0),1]
12-24 17:27:02.610   847   847 I notification_enqueue: [1000,847,android,17040375,InputMethodManagerService_Noti,-1,Notification(pri=-2 contentView=null vibrate=null sound=null defaults=0x0 flags=0x1002 color=0x00000000 category=sys vis=PRIVATE secFlags=0x0 secPriority=0),1]
12-24 17:27:02.720   847   847 I notification_enqueue: [1000,847,android,17040375,InputMethodManagerService_Noti,-1,Notification(pri=-2 contentView=null vibrate=null sound=null defaults=0x0 flags=0x1002 color=0x00000000 category=sys vis=PRIVATE secFlags=0x0 secPriority=0),1]
