12-24 17:29:18.970   847   847 I notification_canceled: [-1|android|17040375|InputMethodManagerService_Noti|1000,8,304,296,0]
12-24 17:29:18.980   847  2124 I power_partial_wake_state: [1,VibratorService]
12-24 17:29:18.990   847 32560 I power_partial_wake_state: [0,VibratorService]
12-24 17:29:19.310   847   847 I notification_enqueue: [1000,847,android,17040375,InputMethodManagerService_Noti,-1,Notification(pri=-2 contentView=null vibrate=null sound=null defaults=0x0 flags=0x1002 color=0x00000000 category=sys vis=PRIVATE secFlags=0x0 secPriority=0),0]
12-24 17:29:19.340   847   847 I notification_enqueue: [1000,847,android,17040375,InputMethodManagerService_Noti,-1,Notification(pri=-2 contentView=null vibrate=null sound=null defaults=0x0 flags=0x1002 color=0x00000000 category=sys vis=PRIVATE secFlags=0x0 secPriority=0),1]
12-24 17:29:19.670   317   317 I sf_frame_dur: [TwToolBoxFloatingViewer,103,4,0,0,0,1,0]
12-24 17:29:19.700   847   847 I notification_enqueue: [1000,847,android,17040375,InputMethodManagerService_Noti,-1,Notification(pri=-2 contentView=null vibrate=null sound=null defaults=0x0 flags=0x1002 color=0x00000000 category=sys vis=PRIVATE secFlags=0x0 secPriority=0),1]
12-24 17:29:19.740   847   847 I notification_enqueue: [1000,847,android,17040375,InputMethodManagerService_Noti,-1,Notification(pri=-2 contentView=null vibrate=null sound=null defaults=0x0 flags=0x1002 color=0x00000000 category=sys vis=PRIVATE secFlags=0x0 secPriority=0),1]
12-24 17:29:19.910   847   847 I notification_canceled: [-1|android|17040375|InputMethodManagerService_Noti|1000,8,597,169,0]
12-24 17:29:19.940   847  1254 I power_partial_wake_state: [1,NetworkStats]
12-24 17:29:19.950   847  1254 I netstats_mobile_sample: [0,0,0,0,0,0,0,0,0,0,0,0,1514107757646]
12-24 17:29:19.950   847  1254 I netstats_wifi_sample: [558443617,440173,25530939,297078,558372630,439604,21357324,296630,558371214,439591,21357324,296630,1514107757646]
12-24 17:29:19.950   847  1254 I power_partial_wake_state: [0,NetworkStats]
12-24 17:29:20.210   847   847 I notification_enqueue: [1000,847,android,17040375,InputMethodManagerService_Noti,-1,Notification(pri=-2 contentView=null vibrate=null sound=null defaults=0x0 flags=0x1002 color=0x00000000 category=sys vis=PRIVATE secFlags=0x0 secPriority=0),0]
12-24 17:29:20.230   847   847 I notification_enqueue: [1000,847,android,17040375,InputMethodManagerService_Noti,-1,Notification(pri=-2 contentView=null vibrate=null sound=null defaults=0x0 flags=0x1002 color=0x00000000 category=sys vis=PRIVATE secFlags=0x0 secPriority=0),1]
12-24 17:29:20.540   317   317 I sf_frame_dur: [Toast,1,0,0,0,0,0,0]
12-24 17:29:20.610   317   317 I sf_frame_dur: [TwToolBoxFloatingViewer,24,5,0,0,0,0,0]
12-24 17:29:20.620   847   847 I notification_canceled: [-1|android|17040375|InputMethodManagerService_Noti|1000,8,415,390,0]
12-24 17:29:20.990   847   847 I notification_enqueue: [1000,847,android,17040375,InputMethodManagerService_Noti,-1,Notification(pri=-2 contentView=null vibrate=null sound=null defaults=0x0 flags=0x1002 color=0x00000000 category=sys vis=PRIVATE secFlags=0x0 secPriority=0),0]
12-24 17:29:21.000   847   847 I notification_enqueue: [1000,847,android,17040375,InputMethodManagerService_Noti,-1,Notification(pri=-2 contentView=null vibrate=null sound=null defaults=0x0 flags=0x1002 color=0x00000000 category=sys vis=PRIVATE secFlags=0x0 secPriority=0),1]
12-24 17:29:21.020   317   317 I sf_frame_dur: [InputMethod,0,0,0,3,1,1,0]
12-24 17:29:21.100   847  1354 I power_partial_wake_state: [1,VibratorService]
12-24 17:29:21.120   847 32601 I power_partial_wake_state: [0,VibratorService]
12-24 17:29:21.370   317   317 I sf_frame_dur: [TwToolBoxFloatingViewer,30,5,0,0,0,0,0]
12-24 17:29:21.390   847   847 I notification_canceled: [-1|android|17040375|InputMethodManagerService_Noti|1000,8,403,396,0]
12-24 17:29:21.440   847  2118 I battery_level: [92,4186,363]
12-24 17:29:21.790   847   847 I notification_enqueue: [1000,847,android,17040375,InputMethodManagerService_Noti,-1,Notification(pri=-2 contentView=null vibrate=null sound=null defaults=0x0 flags=0x1002 color=0x00000000 category=sys vis=PRIVATE secFlags=0x0 secPriority=0),0]
12-24 17:29:21.790   847   847 I notification_enqueue: [1000,847,android,17040375,InputMethodManagerService_Noti,-1,Notification(pri=-2 contentView=null vibrate=null sound=null defaults=0x0 flags=0x1002 color=0x00000000 category=sys vis=PRIVATE secFlags=0x0 secPriority=0),1]
12-24 17:29:21.800   847   847 I notification_enqueue: [1000,847,android,17040375,InputMethodManagerService_Noti,-1,Notification(pri=-2 contentView=null vibrate=null sound=null defaults=0x0 flags=0x1002 color=0x00000000 category=sys vis=PRIVATE secFlags=0x0 secPriority=0),1]
12-24 17:29:22.040   847   847 I notification_enqueue: [1000,847,android,17040375,InputMethodManagerService_Noti,-1,Notification(pri=-2 contentView=null vibrate=null sound=null defaults=0x0 flags=0x1002 color=0x00000000 category=sys vis=PRIVATE secFlags=0x0 secPriority=0),1]
12-24 17:29:22.160   317   317 I sf_frame_dur: [TwToolBoxFloatingViewer,27,2,0,0,0,0,0]
12-24 17:29:22.360   847   847 I notification_enqueue: [1000,847,android,17040375,InputMethodManagerService_Noti,-1,Notification(pri=-2 contentView=null vibrate=null sound=null defaults=0x0 flags=0x1002 color=0x00000000 category=sys vis=PRIVATE secFlags=0x0 secPriority=0),1]
12-24 17:29:22.370   847   847 I notification_enqueue: [1000,847,android,17040375,InputMethodManagerService_Noti,-1,Notification(pri=-2 contentView=null vibrate=null sound=null defaults=0x0 flags=0x1002 color=0x00000000 category=sys vis=PRIVATE secFlags=0x0 secPriority=0),1]
12-24 17:29:22.390   847   847 I notification_canceled: [-1|android|17040375|InputMethodManagerService_Noti|1000,8,602,14,0]
12-24 17:29:22.920   847   847 I notification_enqueue: [1000,847,android,17040375,InputMethodManagerService_Noti,-1,Notification(pri=-2 contentView=null vibrate=null sound=null defaults=0x0 flags=0x1002 color=0x00000000 category=sys vis=PRIVATE secFlags=0x0 secPriority=0),0]
12-24 17:29:23.030   847   847 I notification_enqueue: [1000,847,android,17040375,InputMethodManagerService_Noti,-1,Notification(pri=-2 contentView=null vibrate=null sound=null defaults=0x0 flags=0x1002 color=0x00000000 category=sys vis=PRIVATE secFlags=0x0 secPriority=0),1]
12-24 17:29:23.040   847   847 I notification_canceled: [-1|android|17040375|InputMethodManagerService_Noti|1000,8,125,11,0]
12-24 17:29:23.220   847  1644 I am_finish_activity: [0,267029837,5719,com.tianyancha.skyeye/.activity.ResetPasswordActivity,app-request,0]
12-24 17:29:23.240   847  1644 I wm_task_moved: [5719,1,2]
12-24 17:29:23.250   847  1644 I am_focused_activity: [0,com.tianyancha.skyeye/.LoginActivity]
12-24 17:29:23.250   847  1644 I am_pause_activity: [0,267029837,com.tianyancha.skyeye/.activity.ResetPasswordActivity,0]
12-24 17:29:23.250   847  1644 I power_partial_wake_state: [1,*launch*]
12-24 17:29:23.260 26932 26932 I am_on_paused_called: [0,com.tianyancha.skyeye.activity.ResetPasswordActivity]
12-24 17:29:23.290   847  1641 I am_resume_activity: [0,158684092,5719,com.tianyancha.skyeye/.LoginActivity,0]
12-24 17:29:23.330   317   317 I sf_frame_dur: [Toast,0,1,0,0,0,0,0]
12-24 17:29:23.360 26932 26932 I am_on_resume_called: [0,com.tianyancha.skyeye.LoginActivity]
12-24 17:29:23.550   847  1003 I am_destroy_activity: [0,267029837,5719,com.tianyancha.skyeye/.activity.ResetPasswordActivity,finish-imm,0]
12-24 17:29:23.550   847   847 I notification_enqueue: [1000,847,android,17040375,InputMethodManagerService_Noti,-1,Notification(pri=-2 contentView=null vibrate=null sound=null defaults=0x0 flags=0x1002 color=0x00000000 category=sys vis=PRIVATE secFlags=0x0 secPriority=0),0]
12-24 17:29:23.580   847   847 I notification_enqueue: [1000,847,android,17040375,InputMethodManagerService_Noti,-1,Notification(pri=-2 contentView=null vibrate=null sound=null defaults=0x0 flags=0x1002 color=0x00000000 category=sys vis=PRIVATE secFlags=0x0 secPriority=0),1]
12-24 17:29:23.740   317   317 I sf_frame_dur: [com.tianyancha.skyeye/com.tianyancha.skyeye.activity.ResetPasswordActivity,53,45,62,63,72,11,0]
12-24 17:29:23.770   847   847 I notification_canceled: [-1|android|17040375|InputMethodManagerService_Noti|1000,8,216,186,0]
12-24 17:29:23.770   847  1644 I power_partial_wake_state: [0,*launch*]
12-24 17:29:24.150   847   847 I notification_enqueue: [1000,847,android,17040375,InputMethodManagerService_Noti,-1,Notification(pri=-2 contentView=null vibrate=null sound=null defaults=0x0 flags=0x1002 color=0x00000000 category=sys vis=PRIVATE secFlags=0x0 secPriority=0),0]
12-24 17:29:24.180   847   847 I notification_enqueue: [1000,847,android,17040375,InputMethodManagerService_Noti,-1,Notification(pri=-2 contentView=null vibrate=null sound=null defaults=0x0 flags=0x1002 color=0x00000000 category=sys vis=PRIVATE secFlags=0x0 secPriority=0),1]
12-24 17:29:24.260   847  4320 I power_partial_wake_state: [0,AudioMix]
12-24 17:29:24.500   847   847 I notification_enqueue: [1000,847,android,17040375,InputMethodManagerService_Noti,-1,Notification(pri=-2 contentView=null vibrate=null sound=null defaults=0x0 flags=0x1002 color=0x00000000 category=sys vis=PRIVATE secFlags=0x0 secPriority=0),1]
12-24 17:29:24.610   317   317 I sf_frame_dur: [TwToolBoxFloatingViewer,65,15,1,1,0,0,0]
12-24 17:29:24.640   847   847 I notification_enqueue: [1000,847,android,17040375,InputMethodManagerService_Noti,-1,Notification(pri=-2 contentView=null vibrate=null sound=null defaults=0x0 flags=0x1002 color=0x00000000 category=sys vis=PRIVATE secFlags=0x0 secPriority=0),1]
12-24 17:29:24.680   847   847 I notification_enqueue: [1000,847,android,17040375,InputMethodManagerService_Noti,-1,Notification(pri=-2 contentView=null vibrate=null sound=null defaults=0x0 flags=0x1002 color=0x00000000 category=sys vis=PRIVATE secFlags=0x0 secPriority=0),1]
12-24 17:29:24.940   847   847 I notification_enqueue: [1000,847,android,17040375,InputMethodManagerService_Noti,-1,Notification(pri=-2 contentView=null vibrate=null sound=null defaults=0x0 flags=0x1002 color=0x00000000 category=sys vis=PRIVATE secFlags=0x0 secPriority=0),1]
12-24 17:29:25.110   847   847 I notification_enqueue: [1000,847,android,17040375,InputMethodManagerService_Noti,-1,Notification(pri=-2 contentView=null vibrate=null sound=null defaults=0x0 flags=0x1002 color=0x00000000 category=sys vis=PRIVATE secFlags=0x0 secPriority=0),1]
12-24 17:29:25.240   847  1542 I power_partial_wake_state: [1,AudioMix]
12-24 17:29:25.250   847  1786 I power_partial_wake_state: [1,VibratorService]
12-24 17:29:25.260   847 32665 I power_partial_wake_state: [0,VibratorService]
12-24 17:29:25.580   847   847 I notification_enqueue: [1000,847,android,17040375,InputMethodManagerService_Noti,-1,Notification(pri=-2 contentView=null vibrate=null sound=null defaults=0x0 flags=0x1002 color=0x00000000 category=sys vis=PRIVATE secFlags=0x0 secPriority=0),1]
12-24 17:29:25.590   847   847 I notification_enqueue: [1000,847,android,17040375,InputMethodManagerService_Noti,-1,Notification(pri=-2 contentView=null vibrate=null sound=null defaults=0x0 flags=0x1002 color=0x00000000 category=sys vis=PRIVATE secFlags=0x0 secPriority=0),1]
12-24 17:29:25.840   847   847 I notification_enqueue: [1000,847,android,17040375,InputMethodManagerService_Noti,-1,Notification(pri=-2 contentView=null vibrate=null sound=null defaults=0x0 flags=0x1002 color=0x00000000 category=sys vis=PRIVATE secFlags=0x0 secPriority=0),1]
12-24 17:29:26.220   847   847 I notification_enqueue: [1000,847,android,17040375,InputMethodManagerService_Noti,-1,Notification(pri=-2 contentView=null vibrate=null sound=null defaults=0x0 flags=0x1002 color=0x00000000 category=sys vis=PRIVATE secFlags=0x0 secPriority=0),1]
12-24 17:29:26.260   847   847 I notification_enqueue: [1000,847,android,17040375,InputMethodManagerService_Noti,-1,Notification(pri=-2 contentView=null vibrate=null sound=null defaults=0x0 flags=0x1002 color=0x00000000 category=sys vis=PRIVATE secFlags=0x0 secPriority=0),1]
12-24 17:29:26.610   847   847 I notification_enqueue: [1000,847,android,17040375,InputMethodManagerService_Noti,-1,Notification(pri=-2 contentView=null vibrate=null sound=null defaults=0x0 flags=0x1002 color=0x00000000 category=sys vis=PRIVATE secFlags=0x0 secPriority=0),1]
12-24 17:29:26.610   847   847 I notification_enqueue: [1000,847,android,17040375,InputMethodManagerService_Noti,-1,Notification(pri=-2 contentView=null vibrate=null sound=null defaults=0x0 flags=0x1002 color=0x00000000 category=sys vis=PRIVATE secFlags=0x0 secPriority=0),1]
12-24 17:29:26.820   847   847 I notification_enqueue: [1000,847,android,17040375,InputMethodManagerService_Noti,-1,Notification(pri=-2 contentView=null vibrate=null sound=null defaults=0x0 flags=0x1002 color=0x00000000 category=sys vis=PRIVATE secFlags=0x0 secPriority=0),1]
12-24 17:29:27.670   847   847 I notification_enqueue: [1000,847,android,17040375,InputMethodManagerService_Noti,-1,Notification(pri=-2 contentView=null vibrate=null sound=null defaults=0x0 flags=0x1002 color=0x00000000 category=sys vis=PRIVATE secFlags=0x0 secPriority=0),1]
12-24 17:29:27.700   847   847 I notification_enqueue: [1000,847,android,17040375,InputMethodManagerService_Noti,-1,Notification(pri=-2 contentView=null vibrate=null sound=null defaults=0x0 flags=0x1002 color=0x00000000 category=sys vis=PRIVATE secFlags=0x0 secPriority=0),1]
12-24 17:29:27.860   847   847 I notification_enqueue: [1000,847,android,17040375,InputMethodManagerService_Noti,-1,Notification(pri=-2 contentView=null vibrate=null sound=null defaults=0x0 flags=0x1002 color=0x00000000 category=sys vis=PRIVATE secFlags=0x0 secPriority=0),1]
12-24 17:29:28.020   847   847 I notification_enqueue: [1000,847,android,17040375,InputMethodManagerService_Noti,-1,Notification(pri=-2 contentView=null vibrate=null sound=null defaults=0x0 flags=0x1002 color=0x00000000 category=sys vis=PRIVATE secFlags=0x0 secPriority=0),1]
12-24 17:29:28.180   317   317 I sf_frame_dur: [Toast,0,0,0,0,0,1,0]
12-24 17:29:28.330   847   847 I notification_enqueue: [1000,847,android,17040375,InputMethodManagerService_Noti,-1,Notification(pri=-2 contentView=null vibrate=null sound=null defaults=0x0 flags=0x1002 color=0x00000000 category=sys vis=PRIVATE secFlags=0x0 secPriority=0),1]
12-24 17:29:28.360   847   847 I notification_enqueue: [1000,847,android,17040375,InputMethodManagerService_Noti,-1,Notification(pri=-2 contentView=null vibrate=null sound=null defaults=0x0 flags=0x1002 color=0x00000000 category=sys vis=PRIVATE secFlags=0x0 secPriority=0),1]
12-24 17:29:28.500   847  1354 I power_partial_wake_state: [0,AudioMix]
12-24 17:29:28.500   847  1365 I power_partial_wake_state: [1,AudioMix]
12-24 17:29:28.520   847  1713 I power_partial_wake_state: [1,VibratorService]
12-24 17:29:28.520   847  1644 I wm_task_moved: [5719,1,2]
12-24 17:29:28.520   847  1644 I am_create_activity: [0,152024902,5719,com.tianyancha.skyeye/.activity.ResetPasswordActivity,NULL,NULL,NULL,0,com.tianyancha.skyeye,0]
12-24 17:29:28.530   847 32708 I power_partial_wake_state: [0,VibratorService]
12-24 17:29:28.530   847  1644 I am_pause_activity: [0,158684092,com.tianyancha.skyeye/.LoginActivity,0]
12-24 17:29:28.530   847  1644 I power_partial_wake_state: [1,*launch*]
12-24 17:29:28.530   847  1644 I wm_task_moved: [5719,1,2]
12-24 17:29:28.540   847  1644 I am_focused_activity: [0,com.tianyancha.skyeye/.activity.ResetPasswordActivity]
12-24 17:29:28.550 26932 26932 I am_on_paused_called: [0,com.tianyancha.skyeye.LoginActivity]
12-24 17:29:28.560   847   865 I am_restart_activity: [0,152024902,5719,com.tianyancha.skyeye/.activity.ResetPasswordActivity,0]
12-24 17:29:28.660 26932 26932 I am_on_resume_called: [0,com.tianyancha.skyeye.activity.ResetPasswordActivity]
12-24 17:29:28.770   847  1090 I am_activity_launch_time: [0,152024902,com.tianyancha.skyeye/.activity.ResetPasswordActivity,215,215,0]
12-24 17:29:28.840   847  4320 I power_partial_wake_state: [0,*launch*]
12-24 17:29:28.870   847  1254 I power_partial_wake_state: [1,NetworkStats]
12-24 17:29:28.870   847  1254 I netstats_mobile_sample: [0,0,0,0,0,0,0,0,0,0,0,0,1514107766572]
12-24 17:29:28.880   847  1254 I netstats_wifi_sample: [558446319,440201,25531540,297080,558375332,439632,21357897,296632,558373916,439619,21357897,296632,1514107766572]
12-24 17:29:28.880   847  1254 I power_partial_wake_state: [0,NetworkStats]
12-24 17:29:28.950   847   847 I notification_enqueue: [1000,847,android,17040375,InputMethodManagerService_Noti,-1,Notification(pri=-2 contentView=null vibrate=null sound=null defaults=0x0 flags=0x1002 color=0x00000000 category=sys vis=PRIVATE secFlags=0x0 secPriority=0),1]
12-24 17:29:28.980   847   847 I notification_enqueue: [1000,847,android,17040375,InputMethodManagerService_Noti,-1,Notification(pri=-2 contentView=null vibrate=null sound=null defaults=0x0 flags=0x1002 color=0x00000000 category=sys vis=PRIVATE secFlags=0x0 secPriority=0),1]
12-24 17:29:29.060   317   317 I sf_frame_dur: [com.tianyancha.skyeye/com.tianyancha.skyeye.MainActivity,162,39,4,1,1,0,0]
12-24 17:29:29.060   317   317 I sf_frame_dur: [com.tianyancha.skyeye/com.tianyancha.skyeye.LoginActivity,87,23,7,4,3,0,0]
12-24 17:29:29.140   847   847 I notification_canceled: [-1|android|17040375|InputMethodManagerService_Noti|1000,8,4986,158,0]
12-24 17:29:29.580   847   865 I power_partial_wake_state: [1,VibratorService]
12-24 17:29:29.590   847 32726 I power_partial_wake_state: [0,VibratorService]
12-24 17:29:29.770   847  2132 I am_finish_activity: [0,152024902,5719,com.tianyancha.skyeye/.activity.ResetPasswordActivity,app-request,0]
12-24 17:29:29.780   847  2132 I wm_task_moved: [5719,1,2]
12-24 17:29:29.780   847  2132 I am_focused_activity: [0,com.tianyancha.skyeye/.LoginActivity]
12-24 17:29:29.780   847  2132 I am_pause_activity: [0,152024902,com.tianyancha.skyeye/.activity.ResetPasswordActivity,0]
12-24 17:29:29.780   847  2132 I power_partial_wake_state: [1,*launch*]
12-24 17:29:29.780 26932 26932 I am_on_paused_called: [0,com.tianyancha.skyeye.activity.ResetPasswordActivity]
12-24 17:29:29.800   847   864 I am_resume_activity: [0,158684092,5719,com.tianyancha.skyeye/.LoginActivity,0]
12-24 17:29:29.820 26932 26932 I am_on_resume_called: [0,com.tianyancha.skyeye.LoginActivity]
12-24 17:29:29.940   317   317 I sf_frame_dur: [InputMethod,1,1,1,3,4,2,0]
12-24 17:29:29.970   847  1003 I am_destroy_activity: [0,152024902,5719,com.tianyancha.skyeye/.activity.ResetPasswordActivity,finish-imm,0]
12-24 17:29:30.070   317   317 I sf_frame_dur: [com.tianyancha.skyeye/com.tianyancha.skyeye.activity.ResetPasswordActivity,0,2,1,3,0,1,0]
12-24 17:29:30.070   847  1786 I power_partial_wake_state: [0,*launch*]
12-24 17:29:30.460   847  3377 I power_partial_wake_state: [1,RILJ0]
12-24 17:29:30.470   847  2124 I power_partial_wake_state: [0,RILJ0]
12-24 17:29:30.820   847  1786 I force_gc: Binder
12-24 17:29:32.280   317   317 I sf_frame_dur: [com.tianyancha.skyeye/com.tianyancha.skyeye.LoginActivity,0,0,0,0,1,0,0]
12-24 17:29:32.430   847  1786 I wm_task_moved: [5719,1,2]
12-24 17:29:32.450   847  1786 I am_focused_activity: [0,com.tianyancha.skyeye/.LoginActivity]
12-24 17:29:32.620 25228 25240 I force_gc: Binder
12-24 17:29:32.760   847  1354 I power_partial_wake_state: [0,AudioMix]
12-24 17:29:33.500 23381 23430 I force_gc: Binder
12-24 17:29:33.630   847   847 I notification_enqueue: [1000,847,android,17040375,InputMethodManagerService_Noti,-1,Notification(pri=-2 contentView=null vibrate=null sound=null defaults=0x0 flags=0x1002 color=0x00000000 category=sys vis=PRIVATE secFlags=0x0 secPriority=0),0]
12-24 17:29:33.660   847   847 I notification_enqueue: [1000,847,android,17040375,InputMethodManagerService_Noti,-1,Notification(pri=-2 contentView=null vibrate=null sound=null defaults=0x0 flags=0x1002 color=0x00000000 category=sys vis=PRIVATE secFlags=0x0 secPriority=0),1]
12-24 17:29:33.670   847   847 I notification_enqueue: [1000,847,android,17040375,InputMethodManagerService_Noti,-1,Notification(pri=-2 contentView=null vibrate=null sound=null defaults=0x0 flags=0x1002 color=0x00000000 category=sys vis=PRIVATE secFlags=0x0 secPriority=0),1]
12-24 17:29:33.940   847  1354 I power_partial_wake_state: [1,AudioMix]
12-24 17:29:33.980   847  1786 I power_partial_wake_state: [1,VibratorService]
12-24 17:29:34.000   847   305 I power_partial_wake_state: [0,VibratorService]
12-24 17:29:34.020   847   865 I power_partial_wake_state: [1,VibratorService]
12-24 17:29:34.030   847   307 I power_partial_wake_state: [0,VibratorService]
12-24 17:29:34.040   317   317 I sf_frame_dur: [TwToolBoxFloatingViewer,19,8,1,1,2,1,1]
12-24 17:29:34.060   847  1365 I power_partial_wake_state: [1,VibratorService]
12-24 17:29:34.070   847   309 I power_partial_wake_state: [0,VibratorService]
12-24 17:29:34.300   847   847 I notification_enqueue: [1000,847,android,17040375,InputMethodManagerService_Noti,-1,Notification(pri=-2 contentView=null vibrate=null sound=null defaults=0x0 flags=0x1002 color=0x00000000 category=sys vis=PRIVATE secFlags=0x0 secPriority=0),1]
12-24 17:29:34.340   847   847 I notification_enqueue: [1000,847,android,17040375,InputMethodManagerService_Noti,-1,Notification(pri=-2 contentView=null vibrate=null sound=null defaults=0x0 flags=0x1002 color=0x00000000 category=sys vis=PRIVATE secFlags=0x0 secPriority=0),1]
12-24 17:29:34.450   847   847 I notification_enqueue: [1000,847,android,17040375,InputMethodManagerService_Noti,-1,Notification(pri=-2 contentView=null vibrate=null sound=null defaults=0x0 flags=0x1002 color=0x00000000 category=sys vis=PRIVATE secFlags=0x0 secPriority=0),1]
12-24 17:29:34.900   847   847 I notification_enqueue: [1000,847,android,17040375,InputMethodManagerService_Noti,-1,Notification(pri=-2 contentView=null vibrate=null sound=null defaults=0x0 flags=0x1002 color=0x00000000 category=sys vis=PRIVATE secFlags=0x0 secPriority=0),1]
12-24 17:29:35.090   847  2124 I power_partial_wake_state: [1,VibratorService]
12-24 17:29:35.100   847   353 I power_partial_wake_state: [0,VibratorService]
12-24 17:29:35.200   847   847 I notification_enqueue: [10150,30386,com.sec.android.app.music,117506050,NULL,0,Notification(pri=0 contentView=com.sec.android.app.music/0x7f0400b8 vibrate=null sound=null defaults=0x0 flags=0x0 color=0x00000000 vis=PUBLIC secFlags=0x0 secPriority=0),1]
12-24 17:29:35.230   847   847 I notification_canceled: [0|com.sec.android.app.music|117506050|null|10150,8,90010,36,17383]
12-24 17:29:35.290   847   864 I notification_expansion: [-1|android|17040375|InputMethodManagerService_Noti|1000,0,1,1650,389,0]
12-24 17:29:35.420   847   847 I notification_enqueue: [1000,847,android,17040375,InputMethodManagerService_Noti,-1,Notification(pri=-2 contentView=null vibrate=null sound=null defaults=0x0 flags=0x1002 color=0x00000000 category=sys vis=PRIVATE secFlags=0x0 secPriority=0),1]
12-24 17:29:35.450   847   847 I notification_enqueue: [1000,847,android,17040375,InputMethodManagerService_Noti,-1,Notification(pri=-2 contentView=null vibrate=null sound=null defaults=0x0 flags=0x1002 color=0x00000000 category=sys vis=PRIVATE secFlags=0x0 secPriority=0),1]
12-24 17:29:35.490   847   847 I notification_enqueue: [1000,847,android,17040375,InputMethodManagerService_Noti,-1,Notification(pri=-2 contentView=null vibrate=null sound=null defaults=0x0 flags=0x1002 color=0x00000000 category=sys vis=PRIVATE secFlags=0x0 secPriority=0),1]
12-24 17:29:35.850   847   847 I notification_enqueue: [1000,847,android,17040375,InputMethodManagerService_Noti,-1,Notification(pri=-2 contentView=null vibrate=null sound=null defaults=0x0 flags=0x1002 color=0x00000000 category=sys vis=PRIVATE secFlags=0x0 secPriority=0),1]
12-24 17:29:35.900   847   847 I notification_enqueue: [1000,847,android,17040375,InputMethodManagerService_Noti,-1,Notification(pri=-2 contentView=null vibrate=null sound=null defaults=0x0 flags=0x1002 color=0x00000000 category=sys vis=PRIVATE secFlags=0x0 secPriority=0),1]
12-24 17:29:36.060   847   847 I notification_enqueue: [1000,847,android,17040375,InputMethodManagerService_Noti,-1,Notification(pri=-2 contentView=null vibrate=null sound=null defaults=0x0 flags=0x1002 color=0x00000000 category=sys vis=PRIVATE secFlags=0x0 secPriority=0),1]
12-24 17:29:36.080   847   847 I notification_enqueue: [1000,847,android,17040375,InputMethodManagerService_Noti,-1,Notification(pri=-2 contentView=null vibrate=null sound=null defaults=0x0 flags=0x1002 color=0x00000000 category=sys vis=PRIVATE secFlags=0x0 secPriority=0),1]
12-24 17:29:36.350   847   847 I notification_enqueue: [1000,847,android,17040375,InputMethodManagerService_Noti,-1,Notification(pri=-2 contentView=null vibrate=null sound=null defaults=0x0 flags=0x1002 color=0x00000000 category=sys vis=PRIVATE secFlags=0x0 secPriority=0),1]
12-24 17:29:36.770   847   847 I notification_enqueue: [1000,847,android,17040375,InputMethodManagerService_Noti,-1,Notification(pri=-2 contentView=null vibrate=null sound=null defaults=0x0 flags=0x1002 color=0x00000000 category=sys vis=PRIVATE secFlags=0x0 secPriority=0),1]
12-24 17:29:37.170   847   847 I notification_enqueue: [1000,847,android,17040375,InputMethodManagerService_Noti,-1,Notification(pri=-2 contentView=null vibrate=null sound=null defaults=0x0 flags=0x1002 color=0x00000000 category=sys vis=PRIVATE secFlags=0x0 secPriority=0),1]
12-24 17:29:37.670   847   847 I notification_enqueue: [1000,847,android,17040375,InputMethodManagerService_Noti,-1,Notification(pri=-2 contentView=null vibrate=null sound=null defaults=0x0 flags=0x1002 color=0x00000000 category=sys vis=PRIVATE secFlags=0x0 secPriority=0),1]
12-24 17:29:37.700   847   847 I notification_enqueue: [1000,847,android,17040375,InputMethodManagerService_Noti,-1,Notification(pri=-2 contentView=null vibrate=null sound=null defaults=0x0 flags=0x1002 color=0x00000000 category=sys vis=PRIVATE secFlags=0x0 secPriority=0),1]
12-24 17:29:37.790   847  4320 I wm_task_moved: [5719,1,2]
12-24 17:29:37.800   847  4320 I am_create_activity: [0,168293434,5719,com.tianyancha.skyeye/.WebDetailActivity,NULL,NULL,NULL,0,com.tianyancha.skyeye,0]
12-24 17:29:37.800   847  4320 I am_pause_activity: [0,158684092,com.tianyancha.skyeye/.LoginActivity,0]
12-24 17:29:37.800   847  4320 I power_partial_wake_state: [1,*launch*]
12-24 17:29:37.800   847  4320 I wm_task_moved: [5719,1,2]
12-24 17:29:37.810   847  4320 I am_focused_activity: [0,com.tianyancha.skyeye/.WebDetailActivity]
12-24 17:29:37.810 26932 26932 I am_on_paused_called: [0,com.tianyancha.skyeye.LoginActivity]
12-24 17:29:37.830   847  4320 I am_restart_activity: [0,168293434,5719,com.tianyancha.skyeye/.WebDetailActivity,0]
12-24 17:29:37.830   847  1254 I power_partial_wake_state: [1,NetworkStats]
12-24 17:29:37.830   847  1254 I netstats_mobile_sample: [0,0,0,0,0,0,0,0,0,0,0,0,1514107775532]
12-24 17:29:37.830   847  1254 I netstats_wifi_sample: [558450868,440239,25532461,297086,558379875,439670,21358734,296638,558378459,439657,21358734,296638,1514107775532]
12-24 17:29:37.850   847  1254 I power_partial_wake_state: [0,NetworkStats]
12-24 17:29:38.250   847   865 I power_partial_wake_state: [0,AudioMix]
12-24 17:29:38.400 26932 26932 I am_on_resume_called: [0,com.tianyancha.skyeye.WebDetailActivity]
12-24 17:29:38.480   847  2118 I power_partial_wake_state: [1,AudioMix]
12-24 17:29:38.500   847  1644 I power_partial_wake_state: [1,VibratorService]
12-24 17:29:38.520   847   489 I power_partial_wake_state: [0,VibratorService]
12-24 17:29:38.520   847  2126 I power_partial_wake_state: [1,VibratorService]
12-24 17:29:38.530   847   493 I power_partial_wake_state: [0,VibratorService]
12-24 17:29:38.610   847   847 I notification_canceled: [-1|android|17040375|InputMethodManagerService_Noti|1000,8,4979,911,0]
12-24 17:29:38.620   847  1090 I am_activity_launch_time: [0,168293434,com.tianyancha.skyeye/.WebDetailActivity,800,800,0]
12-24 17:29:38.670   847   865 I notification_expansion: [-1|android|17040368|null|1000,0,1,1093914,1093914,24217]
12-24 17:29:38.840   847  2122 I power_partial_wake_state: [0,*launch*]
12-24 17:29:38.900   317   317 I sf_frame_dur: [com.tianyancha.skyeye/com.tianyancha.skyeye.MainActivity,248,73,8,1,0,0,0]
12-24 17:29:38.900   317   317 I sf_frame_dur: [com.tianyancha.skyeye/com.tianyancha.skyeye.LoginActivity,103,34,6,17,3,0,0]
12-24 17:29:39.030   317   317 I sf_frame_dur: [InputMethod,1,0,2,1,2,3,0]
12-24 17:29:40.810   847  1254 I power_partial_wake_state: [1,NetworkStats]
12-24 17:29:40.820   847  1254 I netstats_mobile_sample: [0,0,0,0,0,0,0,0,0,0,0,0,1514107778517]
12-24 17:29:40.830   847  1254 I netstats_wifi_sample: [558471757,440278,25535363,297111,558400746,439709,21361286,296663,558399330,439696,21361286,296663,1514107778517]
12-24 17:29:40.830   847  1254 I power_partial_wake_state: [0,NetworkStats]
12-24 17:29:41.120   847  1641 I power_partial_wake_state: [1,AudioMix]
12-24 17:29:41.120  1325  1448 I sysui_action: [210,2]
12-24 17:29:41.140  1325  1448 I sysui_action: [211,9]
12-24 17:29:41.180  1325  1325 I sysui_view_visibility: [207,100]
12-24 17:29:41.180  1325  1325 I sysui_histogram: [volume_from_keyguard,0]
12-24 17:29:41.290   847  1641 I force_gc: Binder
12-24 17:29:41.710  1325  1325 I sysui_view_visibility: [207,0]
12-24 17:29:41.720  1325  1448 I sysui_action: [210,-1]
12-24 17:29:41.720   847  1365 I power_partial_wake_state: [0,AudioMix]
12-24 17:29:41.860   847  1705 I wm_task_moved: [5719,1,2]
12-24 17:29:41.870   847  1705 I am_focused_activity: [0,com.tianyancha.skyeye/.WebDetailActivity]
12-24 17:29:42.090   317   317 I sf_frame_dur: [SecVolumeDialog,40,4,0,0,0,0,0]
12-24 17:29:42.500   847  1254 I power_partial_wake_state: [1,NetworkStats]
12-24 17:29:42.510   847  1254 I netstats_mobile_sample: [0,0,0,0,0,0,0,0,0,0,0,0,1514107780209]
12-24 17:29:42.510   847  1254 I netstats_wifi_sample: [558472225,440284,25535363,297111,558401214,439715,21361286,296663,558399798,439702,21361286,296663,1514107780209]
12-24 17:29:42.510   847  1254 I power_partial_wake_state: [0,NetworkStats]
12-24 17:29:42.880  1325  1448 I sysui_action: [210,2]
12-24 17:29:42.880   847   865 I power_partial_wake_state: [1,AudioMix]
12-24 17:29:42.890  1325  1448 I sysui_action: [211,10]
12-24 17:29:42.920  1325  1325 I sysui_view_visibility: [207,100]
12-24 17:29:42.920  1325  1325 I sysui_histogram: [volume_from_keyguard,0]
12-24 17:29:43.100   847   864 I wm_task_moved: [5719,1,2]
12-24 17:29:43.100   847   864 I am_focused_activity: [0,com.tianyancha.skyeye/.WebDetailActivity]
12-24 17:29:43.490  1325  1325 I sysui_view_visibility: [207,0]
12-24 17:29:43.500  1325  1448 I sysui_action: [210,-1]
12-24 17:29:43.590  1592  1652 I content_query_sample: contents_sample_state: [ contacts(6) data(12) accounts({vnd.sec.contact.phone (1)=6}) accounts deleted({}) calls([logtype:100 cnt:23, logtype:300 cnt:3])  ]
12-24 17:29:43.590  1592  1652 I content_query_sample: contents_sample_state: [ agr({[1]=6})  ]
12-24 17:29:43.840   317   317 I sf_frame_dur: [SecVolumeDialog,49,0,0,0,0,0,0]
12-24 17:29:45.240   847  1254 I power_partial_wake_state: [1,NetworkStats]
12-24 17:29:45.250   847  1254 I netstats_mobile_sample: [0,0,0,0,0,0,0,0,0,0,0,0,1514107782947]
12-24 17:29:45.250   847  1254 I netstats_wifi_sample: [558473239,440297,25535363,297111,558402228,439728,21361286,296663,558400812,439715,21361286,296663,1514107782947]
12-24 17:29:45.260   847  1254 I power_partial_wake_state: [0,NetworkStats]
12-24 17:29:45.400   847  1641 I power_partial_wake_state: [1,android.media.MediaPlayer]
12-24 17:29:45.430   847  1705 I power_partial_wake_state: [1,AudioOffload]
12-24 17:29:45.430   847   847 I notification_enqueue: [10150,30386,com.sec.android.app.music,117506050,NULL,0,Notification(pri=0 contentView=com.sec.android.app.music/0x7f0400b8 vibrate=null sound=null defaults=0x0 flags=0x40 color=0x00000000 vis=PUBLIC secFlags=0x0 secPriority=0),0]
12-24 17:29:45.430   847  1641 I power_partial_wake_state: [0,AudioOffload]
12-24 17:29:45.430   847  1641 I power_partial_wake_state: [1,AudioOffload]
12-24 17:29:45.460   847  2122 I power_partial_wake_state: [1,AudioOffloadThread]
12-24 17:29:45.570   847   847 I notification_enqueue: [10150,30386,com.sec.android.app.music,117506050,NULL,0,Notification(pri=0 contentView=com.sec.android.app.music/0x7f0400b8 vibrate=null sound=null defaults=0x0 flags=0x0 color=0x00000000 vis=PUBLIC secFlags=0x0 secPriority=0),1]
12-24 17:29:45.640   847  2124 I notification_expansion: [0|com.sec.android.app.music|117506050|null|10150,0,1,214,73,0]
12-24 17:29:45.640   847  2122 I notification_expansion: [-1|android|17040368|null|1000,0,0,1100883,1100883,31186]
12-24 17:29:45.770   847  2118 I power_partial_wake_state: [0,AudioOffload]
12-24 17:29:45.890   847  2118 I power_partial_wake_state: [0,AudioMix]
12-24 17:29:46.250   847  2118 I power_partial_wake_state: [0,AudioMix]
12-24 17:29:46.840   847  1254 I power_partial_wake_state: [1,NetworkStats]
12-24 17:29:46.850   847  1254 I netstats_mobile_sample: [0,0,0,0,0,0,0,0,0,0,0,0,1514107784549]
12-24 17:29:46.850   847  1254 I netstats_wifi_sample: [558474071,440305,25535363,297111,558403060,439736,21361286,296663,558401644,439723,21361286,296663,1514107784549]
12-24 17:29:46.860   847  1254 I power_partial_wake_state: [0,NetworkStats]
12-24 17:29:46.990  1325  1325 I sysui_panelholder_touch: [0,840,35]
12-24 17:29:47.010   847   865 I notification_panel_revealed: -1
12-24 17:29:47.030   847  2118 I notification_visibility: [0|com.sec.android.app.music|117506050|null|10150,1,1597,1456,0,0]
12-24 17:29:47.030   847  2118 I notification_visibility: [-1|android|17040368|null|1000,1,1102265,1102265,0,2]
12-24 17:29:47.040   847  2122 I notification_visibility: [0|com.sec.android.app.music|117506050|null|10150,0,1608,1467,0,0]
12-24 17:29:47.040   847  2122 I notification_visibility: [-1|android|17040368|null|1000,0,1102276,1102276,0,2]
12-24 17:29:47.040   847  2118 I notification_panel_hidden: []
12-24 17:29:47.100   847   864 I wm_task_moved: [5719,1,2]
12-24 17:29:47.110   847   864 I am_focused_activity: [0,com.tianyancha.skyeye/.WebDetailActivity]
12-24 17:29:47.490   847  2122 I wm_task_moved: [5719,1,2]
12-24 17:29:47.490   847  2122 I am_focused_activity: [0,com.tianyancha.skyeye/.WebDetailActivity]
12-24 17:29:47.520   847  2126 I power_partial_wake_state: [1,AudioOffload]
12-24 17:29:47.560   847  1644 I power_partial_wake_state: [0,AudioOffload]
12-24 17:29:47.900   847  1254 I power_partial_wake_state: [1,NetworkStats]
12-24 17:29:47.910   847  1254 I netstats_mobile_sample: [0,0,0,0,0,0,0,0,0,0,0,0,1514107785612]
12-24 17:29:47.920   847  1254 I netstats_wifi_sample: [558474497,440311,25535363,297111,558403486,439742,21361286,296663,558402070,439729,21361286,296663,1514107785612]
12-24 17:29:47.920   847  1254 I power_partial_wake_state: [0,NetworkStats]
12-24 17:29:47.980   847  1644 I wm_task_moved: [5719,1,2]
12-24 17:29:47.990   847  1644 I am_focused_activity: [0,com.tianyancha.skyeye/.WebDetailActivity]
12-24 17:29:48.660   317   317 I sf_frame_dur: [AssistDisclosure,52,1,0,0,0,0,0]
12-24 17:29:48.770  1325  1448 I sysui_action: [210,3]
12-24 17:29:48.780  1325  1448 I sysui_action: [211,0]
12-24 17:29:48.810  1325  1325 I sysui_view_visibility: [207,100]
12-24 17:29:48.810  1325  1325 I sysui_histogram: [volume_from_keyguard,0]
12-24 17:29:49.120   317   317 I sf_frame_dur: [AssistPreviewPanel,34,3,0,0,0,1,0]
12-24 17:29:49.410  1325  1325 I sysui_action: [212,2]
12-24 17:29:49.410   847  2122 I power_partial_wake_state: [1,AudioMix]
12-24 17:29:49.420   847   865 I power_partial_wake_state: [1,AudioMix]
12-24 17:29:49.420   847   865 I power_partial_wake_state: [1,AudioOffload]
12-24 17:29:49.420   847   865 I power_partial_wake_state: [0,AudioOffload]
12-24 17:29:49.420   847  2124 I power_partial_wake_state: [1,AudioOffload]
12-24 17:29:49.420   847  2124 I power_partial_wake_state: [0,AudioOffload]
12-24 17:29:49.420   847  1641 I power_partial_wake_state: [1,AudioOffload]
12-24 17:29:49.420   847  1641 I power_partial_wake_state: [0,AudioOffload]
12-24 17:29:49.420   847   864 I power_partial_wake_state: [1,AudioOffload]
12-24 17:29:49.420   847   864 I power_partial_wake_state: [0,AudioOffload]
12-24 17:29:49.430   847  2122 I power_partial_wake_state: [1,AudioOffload]
12-24 17:29:49.430   847  2122 I power_partial_wake_state: [0,AudioOffload]
12-24 17:29:49.460  1325  1325 I sysui_view_visibility: [207,0]
12-24 17:29:49.460  1325  1448 I sysui_action: [210,-1]
12-24 17:29:49.560   847  4320 I power_partial_wake_state: [1,AudioOffload]
12-24 17:29:49.610   847  1542 I power_partial_wake_state: [0,AudioOffload]
12-24 17:29:49.820   317   317 I sf_frame_dur: [SecVolumeDialog,51,3,0,0,0,0,0]
12-24 17:29:51.630   847  2118 I power_partial_wake_state: [1,AudioOffload]
12-24 17:29:51.680   847  1641 I power_partial_wake_state: [0,AudioOffload]
12-24 17:29:52.420   847  2118 I power_partial_wake_state: [0,AudioMix]
12-24 17:29:52.420   847  2118 I power_partial_wake_state: [0,AudioMix]
12-24 17:29:52.500   847  1254 I power_partial_wake_state: [1,NetworkStats]
12-24 17:29:52.500   847  1254 I netstats_mobile_sample: [0,0,0,0,0,0,0,0,0,0,0,0,1514107790202]
12-24 17:29:52.500   847  1254 I netstats_wifi_sample: [558477851,440344,25535525,297113,558406812,439774,21361392,296664,558405396,439761,21361392,296664,1514107790202]
12-24 17:29:52.500   847  1254 I power_partial_wake_state: [0,NetworkStats]
12-24 17:29:53.670   847  1705 I power_partial_wake_state: [1,AudioOffload]
12-24 17:29:53.700   847  2126 I power_partial_wake_state: [0,AudioOffload]
12-24 17:29:54.200   847  1786 I am_finish_activity: [0,168293434,5719,com.tianyancha.skyeye/.WebDetailActivity,app-request,0]
12-24 17:29:54.200   847  1786 I wm_task_moved: [5719,1,2]
12-24 17:29:54.200   847  1786 I am_focused_activity: [0,com.tianyancha.skyeye/.LoginActivity]
12-24 17:29:54.210   847  1786 I am_pause_activity: [0,168293434,com.tianyancha.skyeye/.WebDetailActivity,0]
12-24 17:29:54.210   847  1786 I power_partial_wake_state: [1,*launch*]
12-24 17:29:54.210 26932 26932 I am_on_paused_called: [0,com.tianyancha.skyeye.WebDetailActivity]
12-24 17:29:54.220   847  2132 I am_resume_activity: [0,158684092,5719,com.tianyancha.skyeye/.LoginActivity,0]
12-24 17:29:54.250 26932 26932 I am_on_resume_called: [0,com.tianyancha.skyeye.LoginActivity]
12-24 17:29:54.390   847  1003 I am_destroy_activity: [0,168293434,5719,com.tianyancha.skyeye/.WebDetailActivity,finish-imm,0]
12-24 17:29:54.500   317   317 I sf_frame_dur: [com.tianyancha.skyeye/com.tianyancha.skyeye.WebDetailActivity,528,24,10,8,10,0,0]
12-24 17:29:54.510   847  1641 I power_partial_wake_state: [0,*launch*]
12-24 17:29:54.560   847  2118 I wm_task_moved: [5719,1,2]
12-24 17:29:54.570   847  2118 I am_focused_activity: [0,com.tianyancha.skyeye/.LoginActivity]
12-24 17:29:55.700   847  1705 I power_partial_wake_state: [1,AudioOffload]
12-24 17:29:55.750   847  1365 I power_partial_wake_state: [0,AudioOffload]
12-24 17:29:56.720   317   317 I sf_frame_dur: [Toast,0,1,0,0,0,0,0]
12-24 17:29:56.840   847   847 I notification_enqueue: [1000,847,android,17040375,InputMethodManagerService_Noti,-1,Notification(pri=-2 contentView=null vibrate=null sound=null defaults=0x0 flags=0x1002 color=0x00000000 category=sys vis=PRIVATE secFlags=0x0 secPriority=0),0]
12-24 17:29:56.850   847   847 I notification_enqueue: [1000,847,android,17040375,InputMethodManagerService_Noti,-1,Notification(pri=-2 contentView=null vibrate=null sound=null defaults=0x0 flags=0x1002 color=0x00000000 category=sys vis=PRIVATE secFlags=0x0 secPriority=0),1]
12-24 17:29:56.940   847   847 I notification_enqueue: [1000,847,android,17040375,InputMethodManagerService_Noti,-1,Notification(pri=-2 contentView=null vibrate=null sound=null defaults=0x0 flags=0x1002 color=0x00000000 category=sys vis=PRIVATE secFlags=0x0 secPriority=0),1]
12-24 17:29:57.060   847  2124 I power_partial_wake_state: [1,AudioMix]
12-24 17:29:57.080   847  1705 I power_partial_wake_state: [1,VibratorService]
12-24 17:29:57.090   847   679 I power_partial_wake_state: [0,VibratorService]
12-24 17:29:57.220   317   317 I sf_frame_dur: [TwToolBoxFloatingViewer,89,16,3,0,1,1,3]
12-24 17:29:57.370  1325  1325 I sysui_panelholder_touch: [0,882,15]
12-24 17:29:57.390   847  2126 I notification_panel_revealed: -1
12-24 17:29:57.400   847  1786 I notification_visibility: [0|com.sec.android.app.music|117506050|null|10150,1,11974,11833,0,0]
12-24 17:29:57.400   847  1786 I notification_visibility: [-1|android|17040368|null|1000,1,1112642,1112642,0,3]
12-24 17:29:57.410   847   865 I notification_visibility: [0|com.sec.android.app.music|117506050|null|10150,0,11983,11842,0,0]
12-24 17:29:57.410   847   865 I notification_visibility: [-1|android|17040368|null|1000,0,1112651,1112651,0,3]
12-24 17:29:57.410   847  1786 I notification_panel_hidden: []
12-24 17:29:57.440   847   847 I notification_enqueue: [1000,847,android,17040375,InputMethodManagerService_Noti,-1,Notification(pri=-2 contentView=null vibrate=null sound=null defaults=0x0 flags=0x1002 color=0x00000000 category=sys vis=PRIVATE secFlags=0x0 secPriority=0),1]
12-24 17:29:57.480   847  1644 I wm_task_moved: [5719,1,2]
12-24 17:29:57.480   847  1644 I am_focused_activity: [0,com.tianyancha.skyeye/.LoginActivity]
12-24 17:29:57.760   847  1644 I power_partial_wake_state: [1,AudioOffload]
12-24 17:29:57.810   847  1354 I power_partial_wake_state: [0,AudioOffload]
12-24 17:29:57.870   847   847 I notification_enqueue: [1000,847,android,17040375,InputMethodManagerService_Noti,-1,Notification(pri=-2 contentView=null vibrate=null sound=null defaults=0x0 flags=0x1002 color=0x00000000 category=sys vis=PRIVATE secFlags=0x0 secPriority=0),1]
12-24 17:29:58.190   847   847 I notification_enqueue: [1000,847,android,17040375,InputMethodManagerService_Noti,-1,Notification(pri=-2 contentView=null vibrate=null sound=null defaults=0x0 flags=0x1002 color=0x00000000 category=sys vis=PRIVATE secFlags=0x0 secPriority=0),1]
12-24 17:29:58.450   847  2124 I power_partial_wake_state: [1,VibratorService]
12-24 17:29:58.460   847   700 I power_partial_wake_state: [0,VibratorService]
12-24 17:29:58.830   847   847 I notification_enqueue: [1000,847,android,17040375,InputMethodManagerService_Noti,-1,Notification(pri=-2 contentView=null vibrate=null sound=null defaults=0x0 flags=0x1002 color=0x00000000 category=sys vis=PRIVATE secFlags=0x0 secPriority=0),1]
12-24 17:29:58.900   847   864 I wm_task_moved: [5719,1,2]
12-24 17:29:58.910   847   864 I am_focused_activity: [0,com.tianyancha.skyeye/.LoginActivity]
12-24 17:29:58.920   847   847 I notification_enqueue: [1000,847,android,17040375,InputMethodManagerService_Noti,-1,Notification(pri=-2 contentView=null vibrate=null sound=null defaults=0x0 flags=0x1002 color=0x00000000 category=sys vis=PRIVATE secFlags=0x0 secPriority=0),1]
12-24 17:29:59.310   847   847 I notification_enqueue: [1000,847,android,17040375,InputMethodManagerService_Noti,-1,Notification(pri=-2 contentView=null vibrate=null sound=null defaults=0x0 flags=0x1002 color=0x00000000 category=sys vis=PRIVATE secFlags=0x0 secPriority=0),1]
12-24 17:29:59.350   847   847 I notification_enqueue: [1000,847,android,17040375,InputMethodManagerService_Noti,-1,Notification(pri=-2 contentView=null vibrate=null sound=null defaults=0x0 flags=0x1002 color=0x00000000 category=sys vis=PRIVATE secFlags=0x0 secPriority=0),1]
12-24 17:29:59.730   847   847 I notification_enqueue: [1000,847,android,17040375,InputMethodManagerService_Noti,-1,Notification(pri=-2 contentView=null vibrate=null sound=null defaults=0x0 flags=0x1002 color=0x00000000 category=sys vis=PRIVATE secFlags=0x0 secPriority=0),1]
12-24 17:29:59.760   847   847 I notification_enqueue: [1000,847,android,17040375,InputMethodManagerService_Noti,-1,Notification(pri=-2 contentView=null vibrate=null sound=null defaults=0x0 flags=0x1002 color=0x00000000 category=sys vis=PRIVATE secFlags=0x0 secPriority=0),1]
12-24 17:29:59.800   847  2122 I power_partial_wake_state: [1,AudioOffload]
12-24 17:29:59.850   847  2126 I power_partial_wake_state: [0,AudioOffload]
12-24 17:29:59.910   847  1705 I wm_task_moved: [5719,1,2]
12-24 17:29:59.910   847  1705 I am_focused_activity: [0,com.tianyancha.skyeye/.LoginActivity]
12-24 17:29:59.990   847  1216 I power_partial_wake_state: [1,*alarm*]
12-24 17:30:00.030   847   847 I notification_enqueue: [1000,847,android,17040375,InputMethodManagerService_Noti,-1,Notification(pri=-2 contentView=null vibrate=null sound=null defaults=0x0 flags=0x1002 color=0x00000000 category=sys vis=PRIVATE secFlags=0x0 secPriority=0),1]
12-24 17:30:00.110   847  1365 I wm_task_moved: [5719,1,2]
12-24 17:30:00.120   847  1365 I am_focused_activity: [0,com.tianyancha.skyeye/.LoginActivity]
12-24 17:30:00.300   847   847 I power_partial_wake_state: [0,*alarm*]
12-24 17:30:00.650   847   847 I notification_enqueue: [1000,847,android,17040375,InputMethodManagerService_Noti,-1,Notification(pri=-2 contentView=null vibrate=null sound=null defaults=0x0 flags=0x1002 color=0x00000000 category=sys vis=PRIVATE secFlags=0x0 secPriority=0),1]
12-24 17:30:00.680   847   864 I power_partial_wake_state: [1,VibratorService]
12-24 17:30:00.700   847   739 I power_partial_wake_state: [0,VibratorService]
12-24 17:30:01.100   847   847 I notification_enqueue: [1000,847,android,17040375,InputMethodManagerService_Noti,-1,Notification(pri=-2 contentView=null vibrate=null sound=null defaults=0x0 flags=0x1002 color=0x00000000 category=sys vis=PRIVATE secFlags=0x0 secPriority=0),1]
12-24 17:30:01.120   847   847 I notification_enqueue: [1000,847,android,17040375,InputMethodManagerService_Noti,-1,Notification(pri=-2 contentView=null vibrate=null sound=null defaults=0x0 flags=0x1002 color=0x00000000 category=sys vis=PRIVATE secFlags=0x0 secPriority=0),1]
12-24 17:30:01.520   847   847 I notification_enqueue: [1000,847,android,17040375,InputMethodManagerService_Noti,-1,Notification(pri=-2 contentView=null vibrate=null sound=null defaults=0x0 flags=0x1002 color=0x00000000 category=sys vis=PRIVATE secFlags=0x0 secPriority=0),1]
12-24 17:30:01.520   847  1254 I power_partial_wake_state: [1,NetworkStats]
12-24 17:30:01.530   847  1254 I netstats_mobile_sample: [0,0,0,0,0,0,0,0,0,0,0,0,1514107799227]
12-24 17:30:01.530   847  1254 I netstats_wifi_sample: [558481926,440383,25539388,297124,558410829,439812,21365073,296674,558409413,439799,21365073,296674,1514107799227]
12-24 17:30:01.540   847  1254 I power_partial_wake_state: [0,NetworkStats]
12-24 17:30:01.570   847   847 I notification_enqueue: [1000,847,android,17040375,InputMethodManagerService_Noti,-1,Notification(pri=-2 contentView=null vibrate=null sound=null defaults=0x0 flags=0x1002 color=0x00000000 category=sys vis=PRIVATE secFlags=0x0 secPriority=0),1]
12-24 17:30:01.860   847   847 I notification_enqueue: [1000,847,android,17040375,InputMethodManagerService_Noti,-1,Notification(pri=-2 contentView=null vibrate=null sound=null defaults=0x0 flags=0x1002 color=0x00000000 category=sys vis=PRIVATE secFlags=0x0 secPriority=0),1]
12-24 17:30:01.870   847  1713 I power_partial_wake_state: [1,AudioOffload]
12-24 17:30:01.920   847   865 I power_partial_wake_state: [0,AudioOffload]
12-24 17:30:02.120   847   847 I notification_enqueue: [1000,847,android,17040375,InputMethodManagerService_Noti,-1,Notification(pri=-2 contentView=null vibrate=null sound=null defaults=0x0 flags=0x1002 color=0x00000000 category=sys vis=PRIVATE secFlags=0x0 secPriority=0),1]
12-24 17:30:02.760   847   847 I notification_enqueue: [1000,847,android,17040375,InputMethodManagerService_Noti,-1,Notification(pri=-2 contentView=null vibrate=null sound=null defaults=0x0 flags=0x1002 color=0x00000000 category=sys vis=PRIVATE secFlags=0x0 secPriority=0),1]
12-24 17:30:02.770   847   847 I notification_enqueue: [1000,847,android,17040375,InputMethodManagerService_Noti,-1,Notification(pri=-2 contentView=null vibrate=null sound=null defaults=0x0 flags=0x1002 color=0x00000000 category=sys vis=PRIVATE secFlags=0x0 secPriority=0),1]
12-24 17:30:02.800   847   847 I notification_enqueue: [1000,847,android,17040375,InputMethodManagerService_Noti,-1,Notification(pri=-2 contentView=null vibrate=null sound=null defaults=0x0 flags=0x1002 color=0x00000000 category=sys vis=PRIVATE secFlags=0x0 secPriority=0),1]
12-24 17:30:03.030   847   847 I notification_enqueue: [1000,847,android,17040375,InputMethodManagerService_Noti,-1,Notification(pri=-2 contentView=null vibrate=null sound=null defaults=0x0 flags=0x1002 color=0x00000000 category=sys vis=PRIVATE secFlags=0x0 secPriority=0),1]
12-24 17:30:03.140   847   847 I notification_enqueue: [1000,847,android,17040375,InputMethodManagerService_Noti,-1,Notification(pri=-2 contentView=null vibrate=null sound=null defaults=0x0 flags=0x1002 color=0x00000000 category=sys vis=PRIVATE secFlags=0x0 secPriority=0),1]
12-24 17:30:03.180   847   847 I notification_enqueue: [1000,847,android,17040375,InputMethodManagerService_Noti,-1,Notification(pri=-2 contentView=null vibrate=null sound=null defaults=0x0 flags=0x1002 color=0x00000000 category=sys vis=PRIVATE secFlags=0x0 secPriority=0),1]
12-24 17:30:03.400   847   847 I notification_enqueue: [1000,847,android,17040375,InputMethodManagerService_Noti,-1,Notification(pri=-2 contentView=null vibrate=null sound=null defaults=0x0 flags=0x1002 color=0x00000000 category=sys vis=PRIVATE secFlags=0x0 secPriority=0),1]
12-24 17:30:03.790   847   847 I notification_enqueue: [1000,847,android,17040375,InputMethodManagerService_Noti,-1,Notification(pri=-2 contentView=null vibrate=null sound=null defaults=0x0 flags=0x1002 color=0x00000000 category=sys vis=PRIVATE secFlags=0x0 secPriority=0),1]
12-24 17:30:03.820   847  2124 I power_partial_wake_state: [0,AudioMix]
12-24 17:30:03.900   847  1786 I power_partial_wake_state: [1,AudioOffload]
