12-24 17:28:12.040   847  4320 I am_proc_start: [0,31326,10140,com.android.calendar,broadcast-3,com.android.calendar/.alerts.AlertReceiver]
12-24 17:28:12.040   847  4320 I am_kill : [0,27361,com.sec.android.soagent,15,DHA:empty #25]
12-24 17:28:12.070   847  2132 I am_proc_died: [0,27361,com.sec.android.soagent,15,57,319]
12-24 17:28:12.080   847   864 I am_proc_bound: [0,31326,com.android.calendar]
12-24 17:28:12.200   847  1542 I power_partial_wake_state: [1,StartingAlertService]
12-24 17:28:12.220   847  2132 I power_partial_wake_state: [1,StartingAlertService]
12-24 17:28:12.240   847  2122 I am_proc_start: [0,31343,10222,com.sec.android.widget.greetingcardwidget,broadcast-3,com.sec.android.widget.greetingcardwidget/.CardTempleteProvider]
12-24 17:28:12.250   847   865 I power_partial_wake_state: [0,StartingAlertService]
12-24 17:28:12.280   847  1713 I am_proc_bound: [0,31343,com.sec.android.widget.greetingcardwidget]
12-24 17:28:12.330   847  1644 I power_partial_wake_state: [0,StartingAlertService]
12-24 17:28:12.330   847  2118 I am_kill : [0,27377,com.sec.android.app.sbrowser:CustomLogger,15,DHA:empty #25]
12-24 17:28:12.340   847  2126 I am_kill : [0,27391,com.samsung.aasaservice,15,DHA:empty #25]
12-24 17:28:12.350   847   864 I am_proc_died: [0,27377,com.sec.android.app.sbrowser:CustomLogger,15,48,325]
12-24 17:28:12.360   847   865 I am_proc_died: [0,27391,com.samsung.aasaservice,15,49,326]
12-24 17:28:12.360   847   865 I am_schedule_service_restart: [0,com.samsung.aasaservice/.AASAService,1000]
12-24 17:28:13.010 25228 25260 I force_gc: Binder
12-24 17:28:13.420   847  1003 I am_proc_start: [0,31367,1000,com.samsung.aasaservice,service,com.samsung.aasaservice/.AASAService]
12-24 17:28:13.450   847  2132 I power_partial_wake_state: [1,AudioOffload]
12-24 17:28:13.490   847  1354 I power_partial_wake_state: [0,AudioOffload]
12-24 17:28:13.530   847  1705 I am_proc_bound: [0,31367,com.samsung.aasaservice]
12-24 17:28:13.590   847   865 I am_kill : [0,27334,com.policydm,15,DHA:empty #25]
12-24 17:28:13.620   847  1786 I am_proc_died: [0,27334,com.policydm,15,52,327]
12-24 17:28:13.680   847  4320 I am_proc_died: [0,31367,com.samsung.aasaservice,0,54,327]
12-24 17:28:15.230  1325  1325 I sysui_panelholder_touch: [0,811,45]
12-24 17:28:15.270   847  2118 I notification_panel_revealed: -1
12-24 17:28:15.290   847  2122 I notification_visibility: [0|com.sec.android.app.music|117506050|null|10150,1,10073,10073,0,0]
12-24 17:28:15.290   847  2122 I notification_visibility: [-1|android|17040368|null|1000,1,1010535,1010535,0,2]
12-24 17:28:15.300   847  1641 I notification_visibility: [0|com.sec.android.app.music|117506050|null|10150,0,10080,10080,0,0]
12-24 17:28:15.300   847  1641 I notification_visibility: [-1|android|17040368|null|1000,0,1010542,1010542,0,2]
12-24 17:28:15.300   847  2122 I notification_panel_hidden: []
12-24 17:28:15.490   847  1365 I power_partial_wake_state: [1,AudioOffload]
12-24 17:28:15.530   847  1641 I power_partial_wake_state: [0,AudioOffload]
12-24 17:28:17.550   847   864 I power_partial_wake_state: [1,AudioOffload]
12-24 17:28:17.590   847  1713 I power_partial_wake_state: [0,AudioOffload]
12-24 17:28:17.690   847  2118 I am_finish_activity: [0,67456483,5719,com.tianyancha.skyeye/.activity.ContactUsActivity,app-request,0]
12-24 17:28:17.690   847  2118 I wm_task_moved: [5719,1,2]
12-24 17:28:17.710   847  2118 I am_focused_activity: [0,com.tianyancha.skyeye/.MainActivity]
12-24 17:28:17.710   847  2118 I am_pause_activity: [0,67456483,com.tianyancha.skyeye/.activity.ContactUsActivity,0]
12-24 17:28:17.710   847  2118 I power_partial_wake_state: [1,*launch*]
12-24 17:28:17.710 26932 26932 I am_on_paused_called: [0,com.tianyancha.skyeye.activity.ContactUsActivity]
12-24 17:28:17.730   847  1705 I am_resume_activity: [0,178141293,5719,com.tianyancha.skyeye/.MainActivity,0]
12-24 17:28:17.860 26932 26932 I am_on_resume_called: [0,com.tianyancha.skyeye.MainActivity]
12-24 17:28:17.990   317   317 I sf_frame_dur: [com.tianyancha.skyeye/com.tianyancha.skyeye.activity.ContactUsActivity,20,30,38,31,11,0,0]
12-24 17:28:18.000   847  4320 I power_partial_wake_state: [0,*launch*]
12-24 17:28:18.270   847  1641 I wm_task_moved: [5719,1,2]
12-24 17:28:18.280   847  1641 I am_create_activity: [0,158684092,5719,com.tianyancha.skyeye/.LoginActivity,NULL,NULL,NULL,0,com.tianyancha.skyeye,0]
12-24 17:28:18.280   847  1641 I am_pause_activity: [0,178141293,com.tianyancha.skyeye/.MainActivity,0]
12-24 17:28:18.280   847  1641 I power_partial_wake_state: [1,*launch*]
12-24 17:28:18.280   847  1641 I wm_task_moved: [5719,1,2]
12-24 17:28:18.280   847  1641 I am_focused_activity: [0,com.tianyancha.skyeye/.LoginActivity]
12-24 17:28:18.290 26932 26932 I am_on_paused_called: [0,com.tianyancha.skyeye.MainActivity]
12-24 17:28:18.300   847  1705 I am_restart_activity: [0,158684092,5719,com.tianyancha.skyeye/.LoginActivity,0]
12-24 17:28:18.320   847  1003 I am_destroy_activity: [0,67456483,5719,com.tianyancha.skyeye/.activity.ContactUsActivity,finish-imm,0]
12-24 17:28:18.390 26932 26932 I am_on_resume_called: [0,com.tianyancha.skyeye.LoginActivity]
12-24 17:28:18.520   847  1090 I am_activity_launch_time: [0,158684092,com.tianyancha.skyeye/.LoginActivity,232,232,0]
12-24 17:28:18.570   847  1644 I power_partial_wake_state: [0,*launch*]
12-24 17:28:18.730   847   847 I notification_enqueue: [1000,847,android,17040375,InputMethodManagerService_Noti,-1,Notification(pri=-2 contentView=null vibrate=null sound=null defaults=0x0 flags=0x1002 color=0x00000000 category=sys vis=PRIVATE secFlags=0x0 secPriority=0),0]
12-24 17:28:18.750   847   847 I notification_enqueue: [1000,847,android,17040375,InputMethodManagerService_Noti,-1,Notification(pri=-2 contentView=null vibrate=null sound=null defaults=0x0 flags=0x1002 color=0x00000000 category=sys vis=PRIVATE secFlags=0x0 secPriority=0),1]
12-24 17:28:18.940   847  1705 I power_partial_wake_state: [1,AudioMix]
12-24 17:28:18.960   847  1354 I power_partial_wake_state: [1,VibratorService]
12-24 17:28:18.970   847 31440 I power_partial_wake_state: [0,VibratorService]
12-24 17:28:19.100   847   847 I notification_enqueue: [1000,847,android,17040375,InputMethodManagerService_Noti,-1,Notification(pri=-2 contentView=null vibrate=null sound=null defaults=0x0 flags=0x1002 color=0x00000000 category=sys vis=PRIVATE secFlags=0x0 secPriority=0),1]
12-24 17:28:19.110   847  1254 I power_partial_wake_state: [1,NetworkStats]
12-24 17:28:19.140   317   317 I sf_frame_dur: [TwToolBoxFloatingViewer,122,13,1,4,2,4,6]
12-24 17:28:19.150   847  1254 I netstats_mobile_sample: [0,0,0,0,0,0,0,0,0,0,0,0,1514107696849]
12-24 17:28:19.160   847  1254 I netstats_wifi_sample: [558422448,439955,25530047,297072,558351473,439386,21356516,296624,558350057,439373,21356516,296624,1514107696849]
12-24 17:28:19.160   847  1254 I power_partial_wake_state: [0,NetworkStats]
12-24 17:28:19.310   847  2124 I power_partial_wake_state: [1,VibratorService]
12-24 17:28:19.320   847 31444 I power_partial_wake_state: [0,VibratorService]
12-24 17:28:19.380   847  3378 I am_proc_start: [0,31446,1000,com.samsung.android.sm.provider,content provider,com.samsung.android.sm.provider/com.samsung.android.sm.database.lowpowercontext.LowpowerContextProvider]
12-24 17:28:19.440   847  2132 I am_proc_bound: [0,31446,com.samsung.android.sm.provider]
12-24 17:28:19.580   847  2122 I power_partial_wake_state: [1,AudioOffload]
12-24 17:28:19.630   847  1641 I power_partial_wake_state: [0,AudioOffload]
12-24 17:28:19.660   847   847 I notification_enqueue: [1000,847,android,17040375,InputMethodManagerService_Noti,-1,Notification(pri=-2 contentView=null vibrate=null sound=null defaults=0x0 flags=0x1002 color=0x00000000 category=sys vis=PRIVATE secFlags=0x0 secPriority=0),1]
12-24 17:28:19.700   847   847 I notification_enqueue: [1000,847,android,17040375,InputMethodManagerService_Noti,-1,Notification(pri=-2 contentView=null vibrate=null sound=null defaults=0x0 flags=0x1002 color=0x00000000 category=sys vis=PRIVATE secFlags=0x0 secPriority=0),1]
12-24 17:28:19.840   847   847 I notification_enqueue: [1000,847,android,17040375,InputMethodManagerService_Noti,-1,Notification(pri=-2 contentView=null vibrate=null sound=null defaults=0x0 flags=0x1002 color=0x00000000 category=sys vis=PRIVATE secFlags=0x0 secPriority=0),1]
12-24 17:28:19.900   847  2126 I force_gc: Binder
12-24 17:28:20.030   847  3377 I power_partial_wake_state: [1,RILJ0]
12-24 17:28:20.040   847  1786 I power_partial_wake_state: [0,RILJ0]
12-24 17:28:20.330   847   847 I notification_enqueue: [1000,847,android,17040375,InputMethodManagerService_Noti,-1,Notification(pri=-2 contentView=null vibrate=null sound=null defaults=0x0 flags=0x1002 color=0x00000000 category=sys vis=PRIVATE secFlags=0x0 secPriority=0),1]
12-24 17:28:20.490   847   847 I notification_enqueue: [1000,847,android,17040375,InputMethodManagerService_Noti,-1,Notification(pri=-2 contentView=null vibrate=null sound=null defaults=0x0 flags=0x1002 color=0x00000000 category=sys vis=PRIVATE secFlags=0x0 secPriority=0),1]
12-24 17:28:20.520   847  2126 I power_partial_wake_state: [1,VibratorService]
12-24 17:28:20.540   847 31481 I power_partial_wake_state: [0,VibratorService]
12-24 17:28:21.460 23381 23430 I force_gc: Binder
12-24 17:28:21.550   847   847 I notification_enqueue: [1000,847,android,17040375,InputMethodManagerService_Noti,-1,Notification(pri=-2 contentView=null vibrate=null sound=null defaults=0x0 flags=0x1002 color=0x00000000 category=sys vis=PRIVATE secFlags=0x0 secPriority=0),1]
12-24 17:28:21.650   847  1641 I power_partial_wake_state: [1,AudioOffload]
12-24 17:28:21.710   847   865 I power_partial_wake_state: [0,AudioOffload]
12-24 17:28:21.710   847   847 I notification_enqueue: [1000,847,android,17040375,InputMethodManagerService_Noti,-1,Notification(pri=-2 contentView=null vibrate=null sound=null defaults=0x0 flags=0x1002 color=0x00000000 category=sys vis=PRIVATE secFlags=0x0 secPriority=0),1]
12-24 17:28:22.100   847   847 I notification_enqueue: [1000,847,android,17040375,InputMethodManagerService_Noti,-1,Notification(pri=-2 contentView=null vibrate=null sound=null defaults=0x0 flags=0x1002 color=0x00000000 category=sys vis=PRIVATE secFlags=0x0 secPriority=0),1]
12-24 17:28:22.220   847  2132 I power_partial_wake_state: [1,VibratorService]
12-24 17:28:22.230   847 31499 I power_partial_wake_state: [0,VibratorService]
12-24 17:28:22.490   847   847 I notification_enqueue: [1000,847,android,17040375,InputMethodManagerService_Noti,-1,Notification(pri=-2 contentView=null vibrate=null sound=null defaults=0x0 flags=0x1002 color=0x00000000 category=sys vis=PRIVATE secFlags=0x0 secPriority=0),1]
12-24 17:28:22.890   847   847 I notification_enqueue: [1000,847,android,17040375,InputMethodManagerService_Noti,-1,Notification(pri=-2 contentView=null vibrate=null sound=null defaults=0x0 flags=0x1002 color=0x00000000 category=sys vis=PRIVATE secFlags=0x0 secPriority=0),1]
12-24 17:28:22.930   847   847 I notification_enqueue: [1000,847,android,17040375,InputMethodManagerService_Noti,-1,Notification(pri=-2 contentView=null vibrate=null sound=null defaults=0x0 flags=0x1002 color=0x00000000 category=sys vis=PRIVATE secFlags=0x0 secPriority=0),1]
12-24 17:28:23.120   847   847 I notification_enqueue: [1000,847,android,17040375,InputMethodManagerService_Noti,-1,Notification(pri=-2 contentView=null vibrate=null sound=null defaults=0x0 flags=0x1002 color=0x00000000 category=sys vis=PRIVATE secFlags=0x0 secPriority=0),1]
12-24 17:28:23.120   847  2132 I power_partial_wake_state: [1,VibratorService]
12-24 17:28:23.140   847 31518 I power_partial_wake_state: [0,VibratorService]
12-24 17:28:23.310   847  1644 I power_partial_wake_state: [1,VibratorService]
12-24 17:28:23.330   847 31520 I power_partial_wake_state: [0,VibratorService]
12-24 17:28:23.680   847   847 I notification_enqueue: [1000,847,android,17040375,InputMethodManagerService_Noti,-1,Notification(pri=-2 contentView=null vibrate=null sound=null defaults=0x0 flags=0x1002 color=0x00000000 category=sys vis=PRIVATE secFlags=0x0 secPriority=0),1]
12-24 17:28:23.690   847  2124 I power_partial_wake_state: [1,AudioOffload]
12-24 17:28:23.730   847  2126 I power_partial_wake_state: [0,AudioOffload]
12-24 17:28:23.960   847   847 I notification_enqueue: [1000,847,android,17040375,InputMethodManagerService_Noti,-1,Notification(pri=-2 contentView=null vibrate=null sound=null defaults=0x0 flags=0x1002 color=0x00000000 category=sys vis=PRIVATE secFlags=0x0 secPriority=0),1]
12-24 17:28:24.460   847   847 I notification_enqueue: [1000,847,android,17040375,InputMethodManagerService_Noti,-1,Notification(pri=-2 contentView=null vibrate=null sound=null defaults=0x0 flags=0x1002 color=0x00000000 category=sys vis=PRIVATE secFlags=0x0 secPriority=0),1]
12-24 17:28:24.720   847   847 I notification_enqueue: [1000,847,android,17040375,InputMethodManagerService_Noti,-1,Notification(pri=-2 contentView=null vibrate=null sound=null defaults=0x0 flags=0x1002 color=0x00000000 category=sys vis=PRIVATE secFlags=0x0 secPriority=0),1]
12-24 17:28:24.780   847   983 I am_pss  : [2090,1001,com.android.incallui,563200,446464]
12-24 17:28:24.840   847  1542 I power_partial_wake_state: [1,VibratorService]
12-24 17:28:24.850   847 31538 I power_partial_wake_state: [0,VibratorService]
12-24 17:28:24.860   847   847 I notification_enqueue: [1000,847,android,17040375,InputMethodManagerService_Noti,-1,Notification(pri=-2 contentView=null vibrate=null sound=null defaults=0x0 flags=0x1002 color=0x00000000 category=sys vis=PRIVATE secFlags=0x0 secPriority=0),1]
12-24 17:28:24.870   847   983 I am_pss  : [2075,10074,com.samsung.android.providers.context,3302400,3104768]
12-24 17:28:24.950   847   983 I am_pss  : [2040,1000,com.sec.android.app.wfdbroker,485376,385024]
12-24 17:28:24.980   847  2122 I power_partial_wake_state: [1,VibratorService]
12-24 17:28:24.990   847 31541 I power_partial_wake_state: [0,VibratorService]
12-24 17:28:25.060   847   983 I am_pss  : [1686,1027,com.android.nfc,2430976,2285568]
12-24 17:28:25.140   847   983 I am_pss  : [1611,10090,com.amap.android.location,2230272,2015232]
12-24 17:28:25.310   847   983 I am_pss  : [1325,10017,com.android.systemui,71037952,67874816]
12-24 17:28:25.410   847   847 I notification_enqueue: [1000,847,android,17040375,InputMethodManagerService_Noti,-1,Notification(pri=-2 contentView=null vibrate=null sound=null defaults=0x0 flags=0x1002 color=0x00000000 category=sys vis=PRIVATE secFlags=0x0 secPriority=0),1]
12-24 17:28:25.420   847   983 I am_pss  : [1301,1001,com.android.phone,12654592,12279808]
12-24 17:28:25.420   847   847 I notification_enqueue: [1000,847,android,17040375,InputMethodManagerService_Noti,-1,Notification(pri=-2 contentView=null vibrate=null sound=null defaults=0x0 flags=0x1002 color=0x00000000 category=sys vis=PRIVATE secFlags=0x0 secPriority=0),1]
12-24 17:28:25.570   847  1254 I power_partial_wake_state: [1,NetworkStats]
12-24 17:28:25.580   847  1254 I netstats_mobile_sample: [0,0,0,0,0,0,0,0,0,0,0,0,1514107703279]
12-24 17:28:25.580   847  1254 I netstats_wifi_sample: [558424168,439976,25530047,297072,558353193,439407,21356516,296624,558351777,439394,21356516,296624,1514107703279]
12-24 17:28:25.580   847  1254 I power_partial_wake_state: [0,NetworkStats]
12-24 17:28:25.680   847   847 I notification_enqueue: [1000,847,android,17040375,InputMethodManagerService_Noti,-1,Notification(pri=-2 contentView=null vibrate=null sound=null defaults=0x0 flags=0x1002 color=0x00000000 category=sys vis=PRIVATE secFlags=0x0 secPriority=0),1]
12-24 17:28:25.710   847   983 I am_pss  : [847,1000,system,96800768,94138368]
12-24 17:28:25.730   847  1354 I power_partial_wake_state: [1,AudioOffload]
12-24 17:28:25.770   847  1713 I power_partial_wake_state: [0,AudioOffload]
12-24 17:28:25.880   847   983 I am_pss  : [30386,10150,com.sec.android.app.music:service,33998848,31178752]
12-24 17:28:26.280   847   847 I notification_enqueue: [1000,847,android,17040375,InputMethodManagerService_Noti,-1,Notification(pri=-2 contentView=null vibrate=null sound=null defaults=0x0 flags=0x1002 color=0x00000000 category=sys vis=PRIVATE secFlags=0x0 secPriority=0),1]
12-24 17:28:26.280   847   847 I notification_enqueue: [1000,847,android,17040375,InputMethodManagerService_Noti,-1,Notification(pri=-2 contentView=null vibrate=null sound=null defaults=0x0 flags=0x1002 color=0x00000000 category=sys vis=PRIVATE secFlags=0x0 secPriority=0),1]
12-24 17:28:26.330   847  2118 I wm_task_moved: [5719,1,2]
12-24 17:28:26.340   847  2118 I am_focused_activity: [0,com.tianyancha.skyeye/.LoginActivity]
12-24 17:28:26.940   847   847 I notification_enqueue: [1000,847,android,17040375,InputMethodManagerService_Noti,-1,Notification(pri=-2 contentView=null vibrate=null sound=null defaults=0x0 flags=0x1002 color=0x00000000 category=sys vis=PRIVATE secFlags=0x0 secPriority=0),1]
12-24 17:28:26.970   847   847 I notification_enqueue: [1000,847,android,17040375,InputMethodManagerService_Noti,-1,Notification(pri=-2 contentView=null vibrate=null sound=null defaults=0x0 flags=0x1002 color=0x00000000 category=sys vis=PRIVATE secFlags=0x0 secPriority=0),1]
12-24 17:28:27.030   847  1713 I wm_task_moved: [5719,1,2]
12-24 17:28:27.030   847  1713 I am_create_activity: [0,267029837,5719,com.tianyancha.skyeye/.activity.ResetPasswordActivity,NULL,NULL,NULL,0,com.tianyancha.skyeye,0]
12-24 17:28:27.040   847  1713 I am_pause_activity: [0,158684092,com.tianyancha.skyeye/.LoginActivity,0]
12-24 17:28:27.040   847  1713 I power_partial_wake_state: [1,*launch*]
12-24 17:28:27.040   847  1713 I wm_task_moved: [5719,1,2]
12-24 17:28:27.040   847  1713 I am_focused_activity: [0,com.tianyancha.skyeye/.activity.ResetPasswordActivity]
12-24 17:28:27.050 26932 26932 I am_on_paused_called: [0,com.tianyancha.skyeye.LoginActivity]
12-24 17:28:27.060   847   865 I am_restart_activity: [0,267029837,5719,com.tianyancha.skyeye/.activity.ResetPasswordActivity,0]
12-24 17:28:27.180 26932 26932 I am_on_resume_called: [0,com.tianyancha.skyeye.activity.ResetPasswordActivity]
12-24 17:28:27.190   847   847 I notification_enqueue: [1000,847,android,17040375,InputMethodManagerService_Noti,-1,Notification(pri=-2 contentView=null vibrate=null sound=null defaults=0x0 flags=0x1002 color=0x00000000 category=sys vis=PRIVATE secFlags=0x0 secPriority=0),1]
12-24 17:28:27.310   847  1090 I am_activity_launch_time: [0,267029837,com.tianyancha.skyeye/.activity.ResetPasswordActivity,249,249,0]
12-24 17:28:27.480   847   847 I notification_enqueue: [1000,847,android,17040375,InputMethodManagerService_Noti,-1,Notification(pri=-2 contentView=null vibrate=null sound=null defaults=0x0 flags=0x1002 color=0x00000000 category=sys vis=PRIVATE secFlags=0x0 secPriority=0),1]
12-24 17:28:27.510   847  2132 I power_partial_wake_state: [0,*launch*]
12-24 17:28:27.530   847   847 I notification_canceled: [-1|android|17040375|InputMethodManagerService_Noti|1000,8,8793,47,0]
12-24 17:28:27.590   317   317 I sf_frame_dur: [com.tianyancha.skyeye/com.tianyancha.skyeye.MainActivity,262,90,15,1,0,0,0]
12-24 17:28:27.590   317   317 I sf_frame_dur: [com.tianyancha.skyeye/com.tianyancha.skyeye.LoginActivity,137,68,11,2,2,2,0]
12-24 17:28:27.780   847  2122 I power_partial_wake_state: [1,AudioOffload]
12-24 17:28:27.830   847  2122 I power_partial_wake_state: [0,AudioOffload]
12-24 17:28:27.990   847   847 I notification_enqueue: [1000,847,android,17040375,InputMethodManagerService_Noti,-1,Notification(pri=-2 contentView=null vibrate=null sound=null defaults=0x0 flags=0x1002 color=0x00000000 category=sys vis=PRIVATE secFlags=0x0 secPriority=0),0]
12-24 17:28:28.010   847   847 I notification_enqueue: [1000,847,android,17040375,InputMethodManagerService_Noti,-1,Notification(pri=-2 contentView=null vibrate=null sound=null defaults=0x0 flags=0x1002 color=0x00000000 category=sys vis=PRIVATE secFlags=0x0 secPriority=0),1]
12-24 17:28:28.030   847   847 I notification_enqueue: [1000,847,android,17040375,InputMethodManagerService_Noti,-1,Notification(pri=-2 contentView=null vibrate=null sound=null defaults=0x0 flags=0x1002 color=0x00000000 category=sys vis=PRIVATE secFlags=0x0 secPriority=0),1]
12-24 17:28:28.130   847  2122 I power_partial_wake_state: [0,AudioMix]
12-24 17:28:28.240   847   847 I notification_enqueue: [1000,847,android,17040375,InputMethodManagerService_Noti,-1,Notification(pri=-2 contentView=null vibrate=null sound=null defaults=0x0 flags=0x1002 color=0x00000000 category=sys vis=PRIVATE secFlags=0x0 secPriority=0),1]
12-24 17:28:28.360   317   317 I sf_frame_dur: [TwToolBoxFloatingViewer,24,7,1,1,1,0,1]
12-24 17:28:28.530   847   847 I notification_enqueue: [1000,847,android,17040375,InputMethodManagerService_Noti,-1,Notification(pri=-2 contentView=null vibrate=null sound=null defaults=0x0 flags=0x1002 color=0x00000000 category=sys vis=PRIVATE secFlags=0x0 secPriority=0),1]
12-24 17:28:28.550   847   847 I notification_enqueue: [1000,847,android,17040375,InputMethodManagerService_Noti,-1,Notification(pri=-2 contentView=null vibrate=null sound=null defaults=0x0 flags=0x1002 color=0x00000000 category=sys vis=PRIVATE secFlags=0x0 secPriority=0),1]
12-24 17:28:28.620   847   847 I notification_enqueue: [1000,847,android,17040375,InputMethodManagerService_Noti,-1,Notification(pri=-2 contentView=null vibrate=null sound=null defaults=0x0 flags=0x1002 color=0x00000000 category=sys vis=PRIVATE secFlags=0x0 secPriority=0),1]
12-24 17:28:29.000   847   847 I notification_enqueue: [1000,847,android,17040375,InputMethodManagerService_Noti,-1,Notification(pri=-2 contentView=null vibrate=null sound=null defaults=0x0 flags=0x1002 color=0x00000000 category=sys vis=PRIVATE secFlags=0x0 secPriority=0),1]
12-24 17:28:29.040   847   847 I notification_enqueue: [1000,847,android,17040375,InputMethodManagerService_Noti,-1,Notification(pri=-2 contentView=null vibrate=null sound=null defaults=0x0 flags=0x1002 color=0x00000000 category=sys vis=PRIVATE secFlags=0x0 secPriority=0),1]
12-24 17:28:29.330   847   847 I notification_canceled: [-1|android|17040375|InputMethodManagerService_Noti|1000,8,1332,284,0]
12-24 17:28:29.730   317   317 I sf_frame_dur: [InputMethod,2,0,4,6,4,8,1]
12-24 17:28:29.810  1325  1325 I sysui_panelholder_touch: [0,461,34]
12-24 17:28:29.820   847   864 I power_partial_wake_state: [1,AudioOffload]
12-24 17:28:29.830   847  1713 I notification_panel_revealed: -1
12-24 17:28:29.850   847  1713 I notification_visibility: [0|com.sec.android.app.music|117506050|null|10150,1,24631,24631,0,0]
12-24 17:28:29.850   847  1713 I notification_visibility: [-1|android|17040368|null|1000,1,1025093,1025093,0,2]
12-24 17:28:29.870   847   864 I notification_visibility: [0|com.sec.android.app.music|117506050|null|10150,0,24644,24644,0,0]
12-24 17:28:29.870   847   864 I notification_visibility: [-1|android|17040368|null|1000,0,1025106,1025106,0,2]
12-24 17:28:29.870   847  2124 I power_partial_wake_state: [0,AudioOffload]
12-24 17:28:29.870   847  2126 I notification_panel_hidden: []
12-24 17:28:29.930   847   983 I am_pss  : [31245,5004,com.samsung.dcm:DCMService,23833600,22917120]
12-24 17:28:30.090   847   847 I notification_enqueue: [1000,847,android,17040375,InputMethodManagerService_Noti,-1,Notification(pri=-2 contentView=null vibrate=null sound=null defaults=0x0 flags=0x1002 color=0x00000000 category=sys vis=PRIVATE secFlags=0x0 secPriority=0),0]
12-24 17:28:30.110   847   847 I notification_enqueue: [1000,847,android,17040375,InputMethodManagerService_Noti,-1,Notification(pri=-2 contentView=null vibrate=null sound=null defaults=0x0 flags=0x1002 color=0x00000000 category=sys vis=PRIVATE secFlags=0x0 secPriority=0),1]
12-24 17:28:30.110   847   847 I notification_enqueue: [1000,847,android,17040375,InputMethodManagerService_Noti,-1,Notification(pri=-2 contentView=null vibrate=null sound=null defaults=0x0 flags=0x1002 color=0x00000000 category=sys vis=PRIVATE secFlags=0x0 secPriority=0),1]
12-24 17:28:30.310   847   983 I am_pss  : [2354,10041,android.process.media,6876160,6529024]
12-24 17:28:30.490   317   317 I sf_frame_dur: [TwToolBoxFloatingViewer,26,6,1,0,1,0,0]
12-24 17:28:30.570   847   847 I notification_enqueue: [1000,847,android,17040375,InputMethodManagerService_Noti,-1,Notification(pri=-2 contentView=null vibrate=null sound=null defaults=0x0 flags=0x1002 color=0x00000000 category=sys vis=PRIVATE secFlags=0x0 secPriority=0),1]
12-24 17:28:30.610   847   847 I notification_enqueue: [1000,847,android,17040375,InputMethodManagerService_Noti,-1,Notification(pri=-2 contentView=null vibrate=null sound=null defaults=0x0 flags=0x1002 color=0x00000000 category=sys vis=PRIVATE secFlags=0x0 secPriority=0),1]
12-24 17:28:30.720  1325  1325 I sysui_panelholder_touch: [0,524,37]
12-24 17:28:30.740   847  1365 I notification_panel_revealed: -1
12-24 17:28:30.760   847  4320 I notification_visibility: [0|com.sec.android.app.music|117506050|null|10150,1,25536,25536,0,0]
12-24 17:28:30.760   847  4320 I notification_visibility: [-1|android|17040368|null|1000,1,1025998,1025998,0,3]
12-24 17:28:30.770   847  2132 I notification_visibility: [0|com.sec.android.app.music|117506050|null|10150,0,25548,25548,0,0]
12-24 17:28:30.770   847  2132 I notification_visibility: [-1|android|17040368|null|1000,0,1026010,1026010,0,3]
12-24 17:28:30.770   847  1786 I notification_panel_hidden: []
12-24 17:28:30.960   847   847 I notification_enqueue: [1000,847,android,17040375,InputMethodManagerService_Noti,-1,Notification(pri=-2 contentView=null vibrate=null sound=null defaults=0x0 flags=0x1002 color=0x00000000 category=sys vis=PRIVATE secFlags=0x0 secPriority=0),1]
12-24 17:28:31.230   847   847 I notification_enqueue: [1000,847,android,17040375,InputMethodManagerService_Noti,-1,Notification(pri=-2 contentView=null vibrate=null sound=null defaults=0x0 flags=0x1002 color=0x00000000 category=sys vis=PRIVATE secFlags=0x0 secPriority=0),1]
12-24 17:28:31.230   847   847 I notification_enqueue: [1000,847,android,17040375,InputMethodManagerService_Noti,-1,Notification(pri=-2 contentView=null vibrate=null sound=null defaults=0x0 flags=0x1002 color=0x00000000 category=sys vis=PRIVATE secFlags=0x0 secPriority=0),1]
12-24 17:28:31.240   847   847 I notification_enqueue: [1000,847,android,17040375,InputMethodManagerService_Noti,-1,Notification(pri=-2 contentView=null vibrate=null sound=null defaults=0x0 flags=0x1002 color=0x00000000 category=sys vis=PRIVATE secFlags=0x0 secPriority=0),1]
12-24 17:28:31.540   847   847 I notification_enqueue: [1000,847,android,17040375,InputMethodManagerService_Noti,-1,Notification(pri=-2 contentView=null vibrate=null sound=null defaults=0x0 flags=0x1002 color=0x00000000 category=sys vis=PRIVATE secFlags=0x0 secPriority=0),1]
12-24 17:28:31.740   847   847 I notification_canceled: [-1|android|17040375|InputMethodManagerService_Noti|1000,8,1651,195,0]
12-24 17:28:31.890   847  2122 I power_partial_wake_state: [1,AudioOffload]
12-24 17:28:31.950   847  1365 I power_partial_wake_state: [0,AudioOffload]
12-24 17:28:32.150   317   317 I sf_frame_dur: [InputMethod,0,0,1,0,0,1,0]
12-24 17:28:32.230   847   847 I notification_enqueue: [1000,847,android,17040375,InputMethodManagerService_Noti,-1,Notification(pri=-2 contentView=null vibrate=null sound=null defaults=0x0 flags=0x1002 color=0x00000000 category=sys vis=PRIVATE secFlags=0x0 secPriority=0),0]
12-24 17:28:32.240   847   847 I notification_enqueue: [1000,847,android,17040375,InputMethodManagerService_Noti,-1,Notification(pri=-2 contentView=null vibrate=null sound=null defaults=0x0 flags=0x1002 color=0x00000000 category=sys vis=PRIVATE secFlags=0x0 secPriority=0),1]
12-24 17:28:32.250   847   847 I notification_enqueue: [1000,847,android,17040375,InputMethodManagerService_Noti,-1,Notification(pri=-2 contentView=null vibrate=null sound=null defaults=0x0 flags=0x1002 color=0x00000000 category=sys vis=PRIVATE secFlags=0x0 secPriority=0),1]
12-24 17:28:32.600   317   317 I sf_frame_dur: [TwToolBoxFloatingViewer,30,3,0,1,0,0,0]
12-24 17:28:32.690   847   847 I notification_enqueue: [1000,847,android,17040375,InputMethodManagerService_Noti,-1,Notification(pri=-2 contentView=null vibrate=null sound=null defaults=0x0 flags=0x1002 color=0x00000000 category=sys vis=PRIVATE secFlags=0x0 secPriority=0),1]
12-24 17:28:32.950   847  1542 I power_partial_wake_state: [1,AudioMix]
12-24 17:28:32.960   847  2126 I power_partial_wake_state: [1,VibratorService]
12-24 17:28:32.970   847 31647 I power_partial_wake_state: [0,VibratorService]
12-24 17:28:33.260   847   847 I notification_enqueue: [1000,847,android,17040375,InputMethodManagerService_Noti,-1,Notification(pri=-2 contentView=null vibrate=null sound=null defaults=0x0 flags=0x1002 color=0x00000000 category=sys vis=PRIVATE secFlags=0x0 secPriority=0),1]
12-24 17:28:33.280   847   847 I notification_enqueue: [1000,847,android,17040375,InputMethodManagerService_Noti,-1,Notification(pri=-2 contentView=null vibrate=null sound=null defaults=0x0 flags=0x1002 color=0x00000000 category=sys vis=PRIVATE secFlags=0x0 secPriority=0),1]
12-24 17:28:33.300   847   847 I notification_enqueue: [1000,847,android,17040375,InputMethodManagerService_Noti,-1,Notification(pri=-2 contentView=null vibrate=null sound=null defaults=0x0 flags=0x1002 color=0x00000000 category=sys vis=PRIVATE secFlags=0x0 secPriority=0),1]
12-24 17:28:33.470   847  1644 I power_partial_wake_state: [1,VibratorService]
12-24 17:28:33.480   847 31657 I power_partial_wake_state: [0,VibratorService]
12-24 17:28:33.520   847   847 I notification_enqueue: [1000,847,android,17040375,InputMethodManagerService_Noti,-1,Notification(pri=-2 contentView=null vibrate=null sound=null defaults=0x0 flags=0x1002 color=0x00000000 category=sys vis=PRIVATE secFlags=0x0 secPriority=0),1]
12-24 17:28:33.620   847   847 I notification_canceled: [-1|android|17040375|InputMethodManagerService_Noti|1000,8,1387,103,0]
12-24 17:28:33.670   847  2124 I wm_task_moved: [5719,1,2]
12-24 17:28:33.670   847  2124 I am_focused_activity: [0,com.tianyancha.skyeye/.activity.ResetPasswordActivity]
12-24 17:28:33.920   847  1254 I power_partial_wake_state: [1,NetworkStats]
12-24 17:28:33.920   847  1705 I power_partial_wake_state: [1,AudioOffload]
12-24 17:28:33.930   847  1254 I netstats_mobile_sample: [0,0,0,0,0,0,0,0,0,0,0,0,1514107711625]
12-24 17:28:33.930   847  1254 I netstats_wifi_sample: [558425884,439998,25530047,297072,558354909,439429,21356516,296624,558353493,439416,21356516,296624,1514107711625]
12-24 17:28:33.930   847  1254 I power_partial_wake_state: [0,NetworkStats]
12-24 17:28:33.980   847  1641 I power_partial_wake_state: [0,AudioOffload]
12-24 17:28:34.000   317   317 I sf_frame_dur: [InputMethod,1,1,0,1,2,0,0]
12-24 17:28:34.000   847   847 I notification_enqueue: [1000,847,android,17040375,InputMethodManagerService_Noti,-1,Notification(pri=-2 contentView=null vibrate=null sound=null defaults=0x0 flags=0x1002 color=0x00000000 category=sys vis=PRIVATE secFlags=0x0 secPriority=0),0]
12-24 17:28:34.020   847   847 I notification_enqueue: [1000,847,android,17040375,InputMethodManagerService_Noti,-1,Notification(pri=-2 contentView=null vibrate=null sound=null defaults=0x0 flags=0x1002 color=0x00000000 category=sys vis=PRIVATE secFlags=0x0 secPriority=0),1]
12-24 17:28:34.190   847   847 I notification_canceled: [-1|android|17040375|InputMethodManagerService_Noti|1000,8,196,174,0]
12-24 17:28:34.260   847  1644 I wm_task_moved: [5719,1,2]
12-24 17:28:34.270   847  1644 I am_focused_activity: [0,com.tianyancha.skyeye/.activity.ResetPasswordActivity]
12-24 17:28:34.740   847   847 I notification_enqueue: [1000,847,android,17040375,InputMethodManagerService_Noti,-1,Notification(pri=-2 contentView=null vibrate=null sound=null defaults=0x0 flags=0x1002 color=0x00000000 category=sys vis=PRIVATE secFlags=0x0 secPriority=0),0]
12-24 17:28:34.780   847   847 I notification_enqueue: [1000,847,android,17040375,InputMethodManagerService_Noti,-1,Notification(pri=-2 contentView=null vibrate=null sound=null defaults=0x0 flags=0x1002 color=0x00000000 category=sys vis=PRIVATE secFlags=0x0 secPriority=0),1]
12-24 17:28:34.950   847  2126 I power_partial_wake_state: [1,VibratorService]
12-24 17:28:34.960   847 31687 I power_partial_wake_state: [0,VibratorService]
12-24 17:28:35.130   317   317 I sf_frame_dur: [TwToolBoxFloatingViewer,58,6,0,1,0,0,0]
12-24 17:28:35.160   847   864 I force_gc: Binder
12-24 17:28:35.330   847   864 I power_partial_wake_state: [1,MusicSyncService]
12-24 17:28:35.360   847   847 I notification_enqueue: [1000,847,android,17040375,InputMethodManagerService_Noti,-1,Notification(pri=-2 contentView=null vibrate=null sound=null defaults=0x0 flags=0x1002 color=0x00000000 category=sys vis=PRIVATE secFlags=0x0 secPriority=0),1]
12-24 17:28:35.470   847   847 I notification_canceled: [-1|android|17040375|InputMethodManagerService_Noti|1000,8,730,112,0]
12-24 17:28:35.580   847  1365 I power_partial_wake_state: [0,MusicSyncService]
12-24 17:28:35.670   847  1705 I wm_task_moved: [5719,1,2]
12-24 17:28:35.670   847  1705 I am_focused_activity: [0,com.tianyancha.skyeye/.activity.ResetPasswordActivity]
12-24 17:28:35.900   847   847 I notification_enqueue: [1000,847,android,17040375,InputMethodManagerService_Noti,-1,Notification(pri=-2 contentView=null vibrate=null sound=null defaults=0x0 flags=0x1002 color=0x00000000 category=sys vis=PRIVATE secFlags=0x0 secPriority=0),0]
12-24 17:28:35.910   847   847 I notification_enqueue: [1000,847,android,17040375,InputMethodManagerService_Noti,-1,Notification(pri=-2 contentView=null vibrate=null sound=null defaults=0x0 flags=0x1002 color=0x00000000 category=sys vis=PRIVATE secFlags=0x0 secPriority=0),1]
12-24 17:28:35.920   847   847 I notification_enqueue: [1000,847,android,17040375,InputMethodManagerService_Noti,-1,Notification(pri=-2 contentView=null vibrate=null sound=null defaults=0x0 flags=0x1002 color=0x00000000 category=sys vis=PRIVATE secFlags=0x0 secPriority=0),1]
12-24 17:28:35.960   847  1705 I power_partial_wake_state: [1,AudioOffload]
12-24 17:28:36.020   847  1542 I power_partial_wake_state: [0,AudioOffload]
12-24 17:28:36.140   847   847 I notification_enqueue: [1000,847,android,17040375,InputMethodManagerService_Noti,-1,Notification(pri=-2 contentView=null vibrate=null sound=null defaults=0x0 flags=0x1002 color=0x00000000 category=sys vis=PRIVATE secFlags=0x0 secPriority=0),1]
12-24 17:28:36.250   317   317 I sf_frame_dur: [TwToolBoxFloatingViewer,19,3,2,0,0,0,0]
12-24 17:28:36.520   847   847 I notification_enqueue: [1000,847,android,17040375,InputMethodManagerService_Noti,-1,Notification(pri=-2 contentView=null vibrate=null sound=null defaults=0x0 flags=0x1002 color=0x00000000 category=sys vis=PRIVATE secFlags=0x0 secPriority=0),1]
12-24 17:28:36.530   847   847 I notification_enqueue: [1000,847,android,17040375,InputMethodManagerService_Noti,-1,Notification(pri=-2 contentView=null vibrate=null sound=null defaults=0x0 flags=0x1002 color=0x00000000 category=sys vis=PRIVATE secFlags=0x0 secPriority=0),1]
12-24 17:28:36.860   847   847 I notification_canceled: [-1|android|17040375|InputMethodManagerService_Noti|1000,8,959,336,0]
12-24 17:28:36.870   847   847 I notification_enqueue: [1000,847,android,17040375,InputMethodManagerService_Noti,-1,Notification(pri=-2 contentView=null vibrate=null sound=null defaults=0x0 flags=0x1002 color=0x00000000 category=sys vis=PRIVATE secFlags=0x0 secPriority=0),0]
12-24 17:28:37.110   847   847 I notification_enqueue: [1000,847,android,17040375,InputMethodManagerService_Noti,-1,Notification(pri=-2 contentView=null vibrate=null sound=null defaults=0x0 flags=0x1002 color=0x00000000 category=sys vis=PRIVATE secFlags=0x0 secPriority=0),1]
12-24 17:28:37.300   847   847 I notification_enqueue: [1000,847,android,17040375,InputMethodManagerService_Noti,-1,Notification(pri=-2 contentView=null vibrate=null sound=null defaults=0x0 flags=0x1002 color=0x00000000 category=sys vis=PRIVATE secFlags=0x0 secPriority=0),1]
12-24 17:28:37.310   847   847 I notification_canceled: [-1|android|17040375|InputMethodManagerService_Noti|1000,8,439,6,0]
12-24 17:28:37.700   847   847 I notification_enqueue: [1000,847,android,17040375,InputMethodManagerService_Noti,-1,Notification(pri=-2 contentView=null vibrate=null sound=null defaults=0x0 flags=0x1002 color=0x00000000 category=sys vis=PRIVATE secFlags=0x0 secPriority=0),0]
12-24 17:28:37.720   847   847 I notification_enqueue: [1000,847,android,17040375,InputMethodManagerService_Noti,-1,Notification(pri=-2 contentView=null vibrate=null sound=null defaults=0x0 flags=0x1002 color=0x00000000 category=sys vis=PRIVATE secFlags=0x0 secPriority=0),1]
12-24 17:28:37.740   847   847 I notification_enqueue: [1000,847,android,17040375,InputMethodManagerService_Noti,-1,Notification(pri=-2 contentView=null vibrate=null sound=null defaults=0x0 flags=0x1002 color=0x00000000 category=sys vis=PRIVATE secFlags=0x0 secPriority=0),1]
12-24 17:28:38.020   847  1786 I power_partial_wake_state: [1,AudioOffload]
12-24 17:28:38.080   847  1003 I am_proc_start: [0,31740,1000,com.android.settings,broadcast-3,com.android.settings/.SettingsIntentReceiver]
12-24 17:28:38.080   847  1644 I power_partial_wake_state: [0,AudioOffload]
12-24 17:28:38.100   847  1705 I power_partial_wake_state: [0,AudioMix]
12-24 17:28:38.120   317   317 I sf_frame_dur: [TwToolBoxFloatingViewer,26,3,0,0,0,0,0]
12-24 17:28:38.150   847  2122 I am_proc_bound: [0,31740,com.android.settings]
12-24 17:28:38.320   847   847 I notification_enqueue: [1000,847,android,17040375,InputMethodManagerService_Noti,-1,Notification(pri=-2 contentView=null vibrate=null sound=null defaults=0x0 flags=0x1002 color=0x00000000 category=sys vis=PRIVATE secFlags=0x0 secPriority=0),1]
12-24 17:28:38.620 25228 25253 I force_gc: Binder
12-24 17:28:38.620   847   847 I notification_enqueue: [1000,847,android,17040375,InputMethodManagerService_Noti,-1,Notification(pri=-2 contentView=null vibrate=null sound=null defaults=0x0 flags=0x1002 color=0x00000000 category=sys vis=PRIVATE secFlags=0x0 secPriority=0),1]
12-24 17:28:38.640   847   847 I notification_enqueue: [1000,847,android,17040375,InputMethodManagerService_Noti,-1,Notification(pri=-2 contentView=null vibrate=null sound=null defaults=0x0 flags=0x1002 color=0x00000000 category=sys vis=PRIVATE secFlags=0x0 secPriority=0),1]
12-24 17:28:38.790  1325  1325 I sysui_panelholder_touch: [0,530,12]
12-24 17:28:38.820   847  2122 I notification_panel_revealed: -1
12-24 17:28:38.840   847  2132 I notification_visibility: [0|com.sec.android.app.music|117506050|null|10150,1,33621,33621,0,0]
12-24 17:28:38.880   847   864 I notification_visibility: [0|com.sec.android.app.music|117506050|null|10150,0,33655,33655,0,0]
12-24 17:28:38.880   847   865 I notification_panel_hidden: []
12-24 17:28:39.030   847  1354 I power_partial_wake_state: [1,AudioMix]
12-24 17:28:39.040   847  1786 I power_partial_wake_state: [1,VibratorService]
12-24 17:28:39.060   847 31763 I power_partial_wake_state: [0,VibratorService]
12-24 17:28:39.090   847   847 I notification_canceled: [-1|android|17040375|InputMethodManagerService_Noti|1000,8,1390,454,0]
12-24 17:28:39.340   847   847 I notification_enqueue: [1000,847,android,17040375,InputMethodManagerService_Noti,-1,Notification(pri=-2 contentView=null vibrate=null sound=null defaults=0x0 flags=0x1002 color=0x00000000 category=sys vis=PRIVATE secFlags=0x0 secPriority=0),0]
12-24 17:28:39.360   847   847 I notification_enqueue: [1000,847,android,17040375,InputMethodManagerService_Noti,-1,Notification(pri=-2 contentView=null vibrate=null sound=null defaults=0x0 flags=0x1002 color=0x00000000 category=sys vis=PRIVATE secFlags=0x0 secPriority=0),1]
12-24 17:28:39.600   847  2132 I am_kill : [0,27462,com.tencent.mm:push,15,DHA:empty #25]
12-24 17:28:39.650   847  1713 I am_proc_died: [0,27462,com.tencent.mm:push,15,110,328]
12-24 17:28:39.650   847   847 I notification_enqueue: [1000,847,android,17040375,InputMethodManagerService_Noti,-1,Notification(pri=-2 contentView=null vibrate=null sound=null defaults=0x0 flags=0x1002 color=0x00000000 category=sys vis=PRIVATE secFlags=0x0 secPriority=0),1]
12-24 17:28:39.740   317   317 I sf_frame_dur: [TwToolBoxFloatingViewer,24,1,1,0,0,0,0]
12-24 17:28:39.820   847   983 I am_pss  : [31232,5004,com.sec.face:FaceProvider,3194880,2715648]
12-24 17:28:39.860   847   847 I notification_enqueue: [1000,847,android,17040375,InputMethodManagerService_Noti,-1,Notification(pri=-2 contentView=null vibrate=null sound=null defaults=0x0 flags=0x1002 color=0x00000000 category=sys vis=PRIVATE secFlags=0x0 secPriority=0),1]
12-24 17:28:39.930   847   983 I am_pss  : [31209,10017,com.android.systemui:screenshot,10242048,8380416]
12-24 17:28:40.060   847  4320 I power_partial_wake_state: [1,AudioOffload]
12-24 17:28:40.110   847  2122 I power_partial_wake_state: [0,AudioOffload]
12-24 17:28:40.200   847   847 I notification_enqueue: [1000,847,android,17040375,InputMethodManagerService_Noti,-1,Notification(pri=-2 contentView=null vibrate=null sound=null defaults=0x0 flags=0x1002 color=0x00000000 category=sys vis=PRIVATE secFlags=0x0 secPriority=0),1]
12-24 17:28:40.540   847   847 I notification_enqueue: [1000,847,android,17040375,InputMethodManagerService_Noti,-1,Notification(pri=-2 contentView=null vibrate=null sound=null defaults=0x0 flags=0x1002 color=0x00000000 category=sys vis=PRIVATE secFlags=0x0 secPriority=0),1]
12-24 17:28:40.560   847   847 I notification_enqueue: [1000,847,android,17040375,InputMethodManagerService_Noti,-1,Notification(pri=-2 contentView=null vibrate=null sound=null defaults=0x0 flags=0x1002 color=0x00000000 category=sys vis=PRIVATE secFlags=0x0 secPriority=0),1]
12-24 17:28:40.640   847   983 I am_pss  : [31257,1000,com.samsung.clipboardsaveservice,2707456,2150400]
12-24 17:28:40.660   847  1542 I wm_task_moved: [5719,1,2]
12-24 17:28:40.670   847  1542 I am_focused_activity: [0,com.tianyancha.skyeye/.activity.ResetPasswordActivity]
12-24 17:28:40.760   847   847 I notification_canceled: [-1|android|17040375|InputMethodManagerService_Noti|1000,8,1424,203,0]
12-24 17:28:41.190   317   317 I sf_frame_dur: [InputMethod,0,2,1,1,5,3,1]
12-24 17:28:41.320   847   847 I notification_enqueue: [1000,847,android,17040375,InputMethodManagerService_Noti,-1,Notification(pri=-2 contentView=null vibrate=null sound=null defaults=0x0 flags=0x1002 color=0x00000000 category=sys vis=PRIVATE secFlags=0x0 secPriority=0),0]
12-24 17:28:41.330   847   847 I notification_enqueue: [1000,847,android,17040375,InputMethodManagerService_Noti,-1,Notification(pri=-2 contentView=null vibrate=null sound=null defaults=0x0 flags=0x1002 color=0x00000000 category=sys vis=PRIVATE secFlags=0x0 secPriority=0),1]
12-24 17:28:41.400   847   847 I notification_enqueue: [1000,847,android,17040375,InputMethodManagerService_Noti,-1,Notification(pri=-2 contentView=null vibrate=null sound=null defaults=0x0 flags=0x1002 color=0x00000000 category=sys vis=PRIVATE secFlags=0x0 secPriority=0),1]
12-24 17:28:41.590   847   864 I power_partial_wake_state: [1,VibratorService]
12-24 17:28:41.610   847 31838 I power_partial_wake_state: [0,VibratorService]
12-24 17:28:41.630   847  2132 I power_partial_wake_state: [1,VibratorService]
12-24 17:28:41.640   847 31840 I power_partial_wake_state: [0,VibratorService]
12-24 17:28:41.670   847   847 I notification_canceled: [-1|android|17040375|InputMethodManagerService_Noti|1000,8,347,273,0]
12-24 17:28:41.680   317   317 I sf_frame_dur: [TwToolBoxFloatingViewer,20,10,0,1,0,0,0]
12-24 17:28:42.080   847   847 I notification_enqueue: [1000,847,android,17040375,InputMethodManagerService_Noti,-1,Notification(pri=-2 contentView=null vibrate=null sound=null defaults=0x0 flags=0x1002 color=0x00000000 category=sys vis=PRIVATE secFlags=0x0 secPriority=0),0]
12-24 17:28:42.090   847   847 I notification_enqueue: [1000,847,android,17040375,InputMethodManagerService_Noti,-1,Notification(pri=-2 contentView=null vibrate=null sound=null defaults=0x0 flags=0x1002 color=0x00000000 category=sys vis=PRIVATE secFlags=0x0 secPriority=0),1]
12-24 17:28:42.100   847   847 I notification_canceled: [-1|android|17040375|InputMethodManagerService_Noti|1000,8,23,14,0]
12-24 17:28:42.130   847  2124 I power_partial_wake_state: [1,AudioOffload]
12-24 17:28:42.190   847  1354 I power_partial_wake_state: [0,AudioOffload]
12-24 17:28:42.270   847   983 I am_pss  : [31314,10141,com.sec.android.widgetapp.SPlannerAppWidget,2766848,2379776]
12-24 17:28:42.350   847   983 I am_pss  : [31302,10219,com.sec.android.widget.festivalmemorywidget,2316288,1916928]
12-24 17:28:42.840   847   847 I notification_enqueue: [1000,847,android,17040375,InputMethodManagerService_Noti,-1,Notification(pri=-2 contentView=null vibrate=null sound=null defaults=0x0 flags=0x1002 color=0x00000000 category=sys vis=PRIVATE secFlags=0x0 secPriority=0),0]
12-24 17:28:42.850   847   847 I notification_enqueue: [1000,847,android,17040375,InputMethodManagerService_Noti,-1,Notification(pri=-2 contentView=null vibrate=null sound=null defaults=0x0 flags=0x1002 color=0x00000000 category=sys vis=PRIVATE secFlags=0x0 secPriority=0),1]
12-24 17:28:42.860   847   847 I notification_enqueue: [1000,847,android,17040375,InputMethodManagerService_Noti,-1,Notification(pri=-2 contentView=null vibrate=null sound=null defaults=0x0 flags=0x1002 color=0x00000000 category=sys vis=PRIVATE secFlags=0x0 secPriority=0),1]
12-24 17:28:42.980   847   983 I am_pss  : [31343,10222,com.sec.android.widget.greetingcardwidget,2243584,1855488]
12-24 17:28:43.060   847   983 I am_pss  : [31326,10140,com.android.calendar,4593664,4100096]
12-24 17:28:43.140   847   983 I am_pss  : [31279,10040,com.android.providers.calendar,4455424,3694592]
12-24 17:28:43.200   317   317 I sf_frame_dur: [TwToolBoxFloatingViewer,51,5,0,0,1,0,0]
12-24 17:28:43.260   847   847 I notification_enqueue: [1000,847,android,17040375,InputMethodManagerService_Noti,-1,Notification(pri=-2 contentView=null vibrate=null sound=null defaults=0x0 flags=0x1002 color=0x00000000 category=sys vis=PRIVATE secFlags=0x0 secPriority=0),1]
12-24 17:28:43.480  1592  1652 I content_query_sample: contents_sample_state: [ contacts(6) data(12) accounts({vnd.sec.contact.phone (1)=6}) accounts deleted({}) calls([logtype:100 cnt:23, logtype:300 cnt:3])  ]
12-24 17:28:43.480  1592  1652 I content_query_sample: contents_sample_state: [ agr({[1]=6})  ]
12-24 17:28:43.760   847   847 I notification_enqueue: [1000,847,android,17040375,InputMethodManagerService_Noti,-1,Notification(pri=-2 contentView=null vibrate=null sound=null defaults=0x0 flags=0x1002 color=0x00000000 category=sys vis=PRIVATE secFlags=0x0 secPriority=0),1]
12-24 17:28:43.790   847   847 I notification_enqueue: [1000,847,android,17040375,InputMethodManagerService_Noti,-1,Notification(pri=-2 contentView=null vibrate=null sound=null defaults=0x0 flags=0x1002 color=0x00000000 category=sys vis=PRIVATE secFlags=0x0 secPriority=0),1]
12-24 17:28:43.940   847  1542 I power_partial_wake_state: [1,VibratorService]
12-24 17:28:43.950   847 31880 I power_partial_wake_state: [0,VibratorService]
12-24 17:28:44.160   847  2122 I power_partial_wake_state: [1,AudioOffload]
12-24 17:28:44.210   847  1713 I power_partial_wake_state: [0,AudioOffload]
12-24 17:28:44.330   847   847 I notification_enqueue: [1000,847,android,17040375,InputMethodManagerService_Noti,-1,Notification(pri=-2 contentView=null vibrate=null sound=null defaults=0x0 flags=0x1002 color=0x00000000 category=sys vis=PRIVATE secFlags=0x0 secPriority=0),1]
12-24 17:28:44.370   847   847 I notification_enqueue: [1000,847,android,17040375,InputMethodManagerService_Noti,-1,Notification(pri=-2 contentView=null vibrate=null sound=null defaults=0x0 flags=0x1002 color=0x00000000 category=sys vis=PRIVATE secFlags=0x0 secPriority=0),1]
12-24 17:28:44.680   847   847 I notification_enqueue: [1000,847,android,17040375,InputMethodManagerService_Noti,-1,Notification(pri=-2 contentView=null vibrate=null sound=null defaults=0x0 flags=0x1002 color=0x00000000 category=sys vis=PRIVATE secFlags=0x0 secPriority=0),1]
12-24 17:28:44.710   847   847 I notification_enqueue: [1000,847,android,17040375,InputMethodManagerService_Noti,-1,Notification(pri=-2 contentView=null vibrate=null sound=null defaults=0x0 flags=0x1002 color=0x00000000 category=sys vis=PRIVATE secFlags=0x0 secPriority=0),1]
12-24 17:28:45.130   847   847 I notification_enqueue: [1000,847,android,17040375,InputMethodManagerService_Noti,-1,Notification(pri=-2 contentView=null vibrate=null sound=null defaults=0x0 flags=0x1002 color=0x00000000 category=sys vis=PRIVATE secFlags=0x0 secPriority=0),1]
12-24 17:28:45.140   847   847 I notification_enqueue: [1000,847,android,17040375,InputMethodManagerService_Noti,-1,Notification(pri=-2 contentView=null vibrate=null sound=null defaults=0x0 flags=0x1002 color=0x00000000 category=sys vis=PRIVATE secFlags=0x0 secPriority=0),1]
12-24 17:28:45.320   847   847 I notification_enqueue: [1000,847,android,17040375,InputMethodManagerService_Noti,-1,Notification(pri=-2 contentView=null vibrate=null sound=null defaults=0x0 flags=0x1002 color=0x00000000 category=sys vis=PRIVATE secFlags=0x0 secPriority=0),1]
12-24 17:28:45.720   847   847 I notification_enqueue: [1000,847,android,17040375,InputMethodManagerService_Noti,-1,Notification(pri=-2 contentView=null vibrate=null sound=null defaults=0x0 flags=0x1002 color=0x00000000 category=sys vis=PRIVATE secFlags=0x0 secPriority=0),1]
12-24 17:28:45.750   847   847 I notification_enqueue: [1000,847,android,17040375,InputMethodManagerService_Noti,-1,Notification(pri=-2 contentView=null vibrate=null sound=null defaults=0x0 flags=0x1002 color=0x00000000 category=sys vis=PRIVATE secFlags=0x0 secPriority=0),1]
12-24 17:28:45.910   847  1786 I force_gc: Binder
12-24 17:28:46.200   847  1705 I power_partial_wake_state: [1,AudioOffload]
