12-24 17:13:12.690   847   864 I wm_task_moved: [5714,1,9]
12-24 17:13:12.700   847   864 I am_create_activity: [0,42215118,5714,com.tianyancha.skyeye/.activity.LaunchActivity,NULL,NULL,NULL,0,com.tianyancha.skyeye,0]
12-24 17:13:12.700   847   864 I am_pause_activity: [0,133528200,com.tianyancha.skyeye/.SplashPage,0]
12-24 17:13:12.700   847   864 I power_partial_wake_state: [1,*launch*]
12-24 17:13:12.700   847   864 I wm_task_moved: [5714,1,9]
12-24 17:13:12.700   847   864 I am_focused_activity: [0,com.tianyancha.skyeye/.activity.LaunchActivity]
12-24 17:13:12.710   847  2126 I am_finish_activity: [0,133528200,5714,com.tianyancha.skyeye/.SplashPage,app-request,0]
12-24 17:13:12.720   847  1705 I am_restart_activity: [0,42215118,5714,com.tianyancha.skyeye/.activity.LaunchActivity,0]
12-24 17:13:13.040 23133 23133 I am_on_resume_called: [0,com.tianyancha.skyeye.activity.LaunchActivity]
12-24 17:13:13.300   847  2122 I wm_task_moved: [5714,1,9]
12-24 17:13:13.300   847  2122 I am_new_intent: [0,42215118,5714,com.tianyancha.skyeye/.activity.LaunchActivity,NULL,NULL,NULL,0,com.tianyancha.skyeye,0]
12-24 17:13:13.300   847  1090 I am_activity_launch_time: [0,42215118,com.tianyancha.skyeye/.activity.LaunchActivity,589,1645,0]
12-24 17:13:13.310   847   865 I power_partial_wake_state: [0,*launch*]
12-24 17:13:13.320   847   865 I am_destroy_activity: [0,133528200,5714,com.tianyancha.skyeye/.SplashPage,finish-idle,0]
12-24 17:13:14.530   847  1713 I force_gc: Binder
12-24 17:13:17.750   847  3377 I power_partial_wake_state: [1,RILJ0]
12-24 17:13:17.750   847  1705 I power_partial_wake_state: [0,RILJ0]
12-24 17:13:17.930   847   983 I am_pss  : [22356,1000,com.samsung.helphub,3417088,2932736]
12-24 17:13:17.980   847   983 I am_pss  : [4489,10016,com.samsung.klmsagent,1595392,1409024]
12-24 17:13:22.260   847  1365 I am_proc_start: [0,23225,10441,com.tianyancha.skyeye:channel,service,com.tianyancha.skyeye/com.taobao.accs.ChannelService]
12-24 17:13:22.330   847  2122 I am_proc_bound: [0,23225,com.tianyancha.skyeye:channel]
12-24 17:13:22.410   847   983 I am_pss  : [23133,10441,com.tianyancha.skyeye,93709312,88190976]
12-24 17:13:22.480   847   983 I am_pss  : [22452,10193,com.sec.android.app.shealth:remote,20093952,15462400]
12-24 17:13:22.560   847   983 I am_pss  : [22505,10356,com.tencent.mobileqq:tool,20048896,17608704]
12-24 17:13:22.610   847   983 I am_pss  : [22433,10133,com.sec.android.app.sbrowser,10493952,9596928]
12-24 17:13:22.660   847   983 I am_pss  : [22798,10037,com.samsung.android.sdk.samsunglink,14220288,13074432]
12-24 17:13:22.690   847   983 I am_pss  : [22786,10159,com.sec.kidsplat.installer,2445312,1970176]
12-24 17:13:22.750   847   983 I am_pss  : [22773,1000,com.samsung.android.app.mirrorlink,3080192,2625536]
12-24 17:13:22.800   847   983 I am_pss  : [22762,10025,com.wsomacp,4185088,3538944]
12-24 17:13:22.970   847   983 I am_pss  : [22912,10193,com.sec.android.app.shealth,11644928,7446528]
12-24 17:13:23.020   847   983 I am_pss  : [22896,10130,com.samsung.knox.rcp.components,2425856,1990656]
12-24 17:13:23.060   847   983 I am_pss  : [22884,10129,com.samsung.android.sconnect,2843648,2424832]
12-24 17:13:23.110   847   983 I am_pss  : [22857,1000,com.samsung.android.app.assistantmenu,3401728,2850816]
12-24 17:13:23.390   847   983 I am_pss  : [22952,10151,com.sec.android.widgetapp.activeapplicationwidget,2359296,1933312]
12-24 17:13:24.490   847  1254 I power_partial_wake_state: [1,NetworkStats]
12-24 17:13:24.500   847  1254 I netstats_mobile_sample: [0,0,0,0,0,0,0,0,0,0,0,0,1514106802199]
12-24 17:13:24.500   847  1254 I netstats_wifi_sample: [557666938,436747,24650828,295098,557597342,436183,20505017,294653,557595926,436170,20505017,294653,1514106802199]
12-24 17:13:24.500   847  1254 I power_partial_wake_state: [0,NetworkStats]
12-24 17:13:24.720   847   983 I am_pss  : [23079,10145,com.sec.android.app.camera,2951168,2502656]
12-24 17:13:24.760   847   983 I am_pss  : [22648,10123,com.android.packageinstaller,17248256,14532608]
12-24 17:13:24.830   847   983 I am_pss  : [23042,5011,com.samsung.android.coreapps,8015872,6950912]
12-24 17:13:24.880   847   983 I am_pss  : [23024,10044,com.android.mms,18500608,16547840]
12-24 17:13:24.930   847   983 I am_pss  : [22980,10034,com.sec.spp.push:RemoteDlcProcess,3784704,2932736]
12-24 17:13:24.970   847   983 I am_pss  : [2090,1001,com.android.incallui,602112,442368]
12-24 17:13:25.010   847   983 I am_pss  : [2075,10074,com.samsung.android.providers.context,2391040,2170880]
12-24 17:13:25.040   847   983 I am_pss  : [2040,1000,com.sec.android.app.wfdbroker,601088,454656]
12-24 17:13:25.080   847   983 I am_pss  : [1686,1027,com.android.nfc,8029184,7000064]
12-24 17:13:25.120   847   983 I am_pss  : [1611,10090,com.amap.android.location,627712,446464]
12-24 17:13:25.190   847   983 I am_pss  : [1325,10017,com.android.systemui,108043264,105467904]
12-24 17:13:25.230   847   983 I am_pss  : [1301,1001,com.android.phone,13488128,13131776]
12-24 17:13:25.330   847   983 I am_pss  : [847,1000,system,109987840,107319296]
12-24 17:13:28.380   847   983 I am_pss  : [22831,10038,com.sec.android.app.samsungapps,9756672,8810496]
12-24 17:13:28.420   847   983 I am_pss  : [23091,10097,com.sec.android.GeoLookout,3646464,3174400]
12-24 17:13:32.880   847   983 I am_pss  : [22637,10006,com.android.defcontainer,2469888,1994752]
12-24 17:13:38.410   847   983 I am_pss  : [21564,10266,com.tencent.mm,9827328,9338880]
12-24 17:13:38.470   847   983 I am_pss  : [22964,10001,com.bst.floatingmsgproxy,3655680,3145728]
12-24 17:13:41.690  1592  1652 I content_query_sample: contents_sample_state: [ contacts(6) data(12) accounts({vnd.sec.contact.phone (1)=6}) accounts deleted({}) calls([logtype:100 cnt:23, logtype:300 cnt:3])  ]
12-24 17:13:41.690  1592  1652 I content_query_sample: contents_sample_state: [ agr({[1]=6})  ]
12-24 17:13:42.510   847   847 I free_storage_changed: 4110680064
12-24 17:13:43.550   847   983 I am_pss  : [1700,10008,com.sec.android.app.launcher,42159104,41058304]
12-24 17:13:43.600   847   983 I am_pss  : [2205,10073,com.sec.android.widgetapp.ap.hero.cmaweather:SurfaceWidget,5544960,4980736]
12-24 17:13:43.650   847   983 I am_pss  : [23225,10441,com.tianyancha.skyeye:channel,14855168,7716864]
12-24 17:14:00.000   847  1216 I power_partial_wake_state: [1,*alarm*]
12-24 17:14:00.150   847   847 I power_partial_wake_state: [0,*alarm*]
12-24 17:14:03.650   847  1003 I am_kill : [0,18804,com.tencent.mobileqq:TMAssistantDownloadSDKService,15,DHA:SPC_empty #25]
12-24 17:14:03.710   847  1786 I am_proc_died: [0,18804,com.tencent.mobileqq:TMAssistantDownloadSDKService,15,58,512]
12-24 17:14:03.710   847  1786 I am_schedule_service_restart: [0,com.tencent.mobileqq/com.tencent.tmdownloader.TMAssistantDownloadService,1000]
12-24 17:14:04.740   847  1003 I am_proc_start: [0,23320,10356,com.tencent.mobileqq:TMAssistantDownloadSDKService,service,com.tencent.mobileqq/com.tencent.tmdownloader.TMAssistantDownloadService]
12-24 17:14:04.800   847  1644 I am_proc_bound: [0,23320,com.tencent.mobileqq:TMAssistantDownloadSDKService]
12-24 17:14:05.220 19255 19265 I force_gc: Binder
12-24 17:14:05.240   847  1786 I am_create_task: [0,5715]
12-24 17:14:05.240   847  1786 I am_create_activity: [0,173272915,5715,com.tencent.android.qqdownloader/com.tencent.pangu.link.LinkProxyActivity,NULL,NULL,NULL,268435456,com.tencent.mobileqq,0]
12-24 17:14:05.240   847  1786 I wm_task_created: [5715,1]
12-24 17:14:05.240   847  1786 I wm_task_moved: [5715,1,10]
12-24 17:14:05.270   847  1786 I am_pause_activity: [0,42215118,com.tianyancha.skyeye/.activity.LaunchActivity,0]
12-24 17:14:05.270   847  1786 I power_partial_wake_state: [1,*launch*]
12-24 17:14:05.270 23133 23133 I am_on_paused_called: [0,com.tianyancha.skyeye.activity.LaunchActivity]
12-24 17:14:05.270   847  1786 I wm_task_moved: [5715,1,10]
12-24 17:14:05.270   847  1786 I am_focused_activity: [0,com.tencent.android.qqdownloader/com.tencent.pangu.link.LinkProxyActivity]
12-24 17:14:05.300   847  2118 I am_proc_start: [0,23368,10406,com.tencent.android.qqdownloader:daemon,activity,com.tencent.android.qqdownloader/com.tencent.pangu.link.LinkProxyActivity]
12-24 17:14:05.320   847  1644 I am_proc_bound: [0,23368,com.tencent.android.qqdownloader:daemon]
12-24 17:14:05.330   847  1644 I am_restart_activity: [0,173272915,5715,com.tencent.android.qqdownloader/com.tencent.pangu.link.LinkProxyActivity,0]
12-24 17:14:05.350   847  3377 I power_partial_wake_state: [1,RILJ0]
12-24 17:14:05.360   847  2122 I power_partial_wake_state: [0,RILJ0]
12-24 17:14:05.440   847  2132 I am_proc_start: [0,23381,10406,com.tencent.android.qqdownloader,service,com.tencent.android.qqdownloader/com.tencent.assistant.sdk.SDKSupportService]
12-24 17:14:05.480   847  2124 I am_proc_bound: [0,23381,com.tencent.android.qqdownloader]
12-24 17:14:05.580 23320 23348 I force_gc: Binder
12-24 17:14:05.840   847  2126 I am_finish_activity: [0,173272915,5715,com.tencent.android.qqdownloader/com.tencent.pangu.link.LinkProxyActivity,app-request,0]
12-24 17:14:05.840   847  2126 I wm_task_moved: [5715,1,10]
12-24 17:14:05.840   847  2126 I am_focused_activity: [0,com.tianyancha.skyeye/.activity.LaunchActivity]
12-24 17:14:05.850   847  2126 I am_pause_activity: [0,173272915,com.tencent.android.qqdownloader/com.tencent.pangu.link.LinkProxyActivity,0]
12-24 17:14:05.850   847  2126 I power_partial_wake_state: [1,*launch*]
12-24 17:14:05.870   847  2122 I am_resume_activity: [0,42215118,5714,com.tianyancha.skyeye/.activity.LaunchActivity,0]
12-24 17:14:05.870 23133 23133 I am_on_resume_called: [0,com.tianyancha.skyeye.activity.LaunchActivity]
12-24 17:14:05.890   847  2126 I power_partial_wake_state: [0,*launch*]
12-24 17:14:05.890   847  2126 I am_destroy_activity: [0,173272915,5715,com.tencent.android.qqdownloader/com.tencent.pangu.link.LinkProxyActivity,finish-idle,0]
12-24 17:14:05.900   847  2126 I am_kill : [0,22356,com.samsung.helphub,15,DHA:empty #25]
12-24 17:14:05.920   847  1705 I am_proc_died: [0,22356,com.samsung.helphub,15,58,509]
12-24 17:14:05.980   847  1641 I wm_task_removed: [5715,removeAppToken: last token]
12-24 17:14:05.980   847  1641 I wm_task_removed: [5715,removeTask]
12-24 17:14:06.220   847  1644 I am_proc_start: [0,23482,10406,com.tencent.android.qqdownloader:tools,service,com.tencent.android.qqdownloader/com.tencent.assistant.tools.ToolService]
12-24 17:14:06.250   847  1365 I am_proc_bound: [0,23482,com.tencent.android.qqdownloader:tools]
12-24 17:14:09.890   847  2122 I am_proc_start: [0,23544,10406,com.tencent.android.qqdownloader:wns,service,com.tencent.android.qqdownloader/com.tencent.wns.service.WnsMain]
12-24 17:14:09.940   847  4320 I am_proc_bound: [0,23544,com.tencent.android.qqdownloader:wns]
12-24 17:14:11.220   847  2132 I am_kill : [0,19246,com.qualcomm.telephony,15,DHA:SPC_empty #25]
12-24 17:14:11.240   847  1354 I am_proc_died: [0,19246,com.qualcomm.telephony,15,90,475]
12-24 17:14:11.240   847  1354 I am_schedule_service_restart: [0,com.qualcomm.atfwd/.AtFwdService,1000]
12-24 17:14:11.680   847   864 I am_proc_start: [0,23651,10406,com.tencent.android.qqdownloader:connect,service,com.tencent.android.qqdownloader/com.qq.AppService.IPCService]
12-24 17:14:11.700   847  1542 I am_proc_bound: [0,23651,com.tencent.android.qqdownloader:connect]
12-24 17:14:11.750   847  2126 I power_partial_wake_state: [1,RILJ0]
12-24 17:14:11.760   847  1542 I power_partial_wake_state: [0,RILJ0]
12-24 17:14:12.060   847  1705 I power_partial_wake_state: [1,RILJ0]
12-24 17:14:12.080   847   865 I power_partial_wake_state: [0,RILJ0]
12-24 17:14:12.250   847  3377 I power_partial_wake_state: [1,RILJ0]
12-24 17:14:12.260   847  1003 I am_proc_start: [0,23696,1000,com.qualcomm.telephony,service,com.qualcomm.atfwd/.AtFwdService]
12-24 17:14:12.270   847  2118 I power_partial_wake_state: [0,RILJ0]
12-24 17:14:12.310   847  2118 I am_proc_bound: [0,23696,com.qualcomm.telephony]
12-24 17:14:12.960   847  2126 I force_gc: Binder
12-24 17:14:14.940   847  3377 I power_partial_wake_state: [1,RILJ0]
12-24 17:14:14.940   847  2124 I power_partial_wake_state: [0,RILJ0]
12-24 17:14:16.090   847  2132 I power_partial_wake_state: [1,wk_mgr]
12-24 17:14:16.230   847  1705 I power_partial_wake_state: [0,wk_mgr]
12-24 17:14:16.240   847  2122 I power_partial_wake_state: [1,wk_mgr]
12-24 17:14:16.330   847  4320 I power_partial_wake_state: [0,wk_mgr]
12-24 17:14:17.170 23368 23726 I force_gc: Binder
12-24 17:14:21.830   847  1216 I power_partial_wake_state: [1,*alarm*]
12-24 17:14:21.940   847   847 I power_partial_wake_state: [0,*alarm*]
12-24 17:14:25.050   847  3377 I power_partial_wake_state: [1,RILJ0]
12-24 17:14:25.100   847   865 I power_partial_wake_state: [0,RILJ0]
12-24 17:14:25.860   847   983 I am_pss  : [23381,10406,com.tencent.android.qqdownloader,16631808,15278080]
12-24 17:14:25.900   847   983 I am_pss  : [23320,10356,com.tencent.mobileqq:TMAssistantDownloadSDKService,1644544,1355776]
12-24 17:14:25.940   847   983 I am_pss  : [23368,10406,com.tencent.android.qqdownloader:daemon,17844224,16879616]
12-24 17:14:27.320   847   983 I am_pss  : [23482,10406,com.tencent.android.qqdownloader:tools,5078016,4354048]
12-24 17:14:27.370 23381 23419 I force_gc: Binder
12-24 17:14:29.000   847   983 I am_pss  : [19255,10356,com.tencent.mobileqq,2545664,2207744]
12-24 17:14:29.030   847   983 I am_pss  : [1592,10018,android.process.acore,335872,172032]
12-24 17:14:34.060   847   983 I am_pss  : [23696,1000,com.qualcomm.telephony,211968,65536]
12-24 17:14:34.110   847   983 I am_pss  : [23651,10406,com.tencent.android.qqdownloader:connect,1608704,1044480]
12-24 17:14:34.180   847   983 I am_pss  : [23544,10406,com.tencent.android.qqdownloader:wns,3108864,2551808]
12-24 17:14:41.320   847  1216 I power_partial_wake_state: [1,*alarm*]
12-24 17:14:41.340   847   847 I power_partial_wake_state: [0,*alarm*]
12-24 17:14:41.850  1592  1652 I content_query_sample: contents_sample_state: [ contacts(6) data(12) accounts({vnd.sec.contact.phone (1)=6}) accounts deleted({}) calls([logtype:100 cnt:23, logtype:300 cnt:3])  ]
12-24 17:14:41.850  1592  1652 I content_query_sample: contents_sample_state: [ agr({[1]=6})  ]
12-24 17:14:44.190   847   983 I am_pss  : [1700,10008,com.sec.android.app.launcher,23203840,22913024]
12-24 17:14:44.240   847   983 I am_pss  : [2205,10073,com.sec.android.widgetapp.ap.hero.cmaweather:SurfaceWidget,1067008,909312]
12-24 17:14:49.280   847  1216 I power_partial_wake_state: [1,*alarm*]
12-24 17:14:49.300   847   847 I power_partial_wake_state: [0,*alarm*]
12-24 17:15:00.000   847  1216 I power_partial_wake_state: [1,*alarm*]
12-24 17:15:00.280   847   847 I power_partial_wake_state: [0,*alarm*]
12-24 17:15:04.280   847  1003 I am_kill : [0,19565,com.tencent.engine,15,DHA:SPC_empty #25]
12-24 17:15:04.330   847  1705 I am_proc_died: [0,19565,com.tencent.engine,15,245,626]
12-24 17:15:04.330   847  1705 I am_schedule_service_restart: [0,com.tencent.engine/.DemoSecureService,1000]
12-24 17:15:05.380   847  1003 I am_proc_start: [0,23975,10127,com.tencent.engine,service,com.tencent.engine/.DemoSecureService]
12-24 17:15:05.510   847  1365 I am_proc_bound: [0,23975,com.tencent.engine]
12-24 17:15:05.860   847  2132 I force_gc: Binder
12-24 17:15:06.380   847  1216 I power_partial_wake_state: [1,*alarm*]
12-24 17:15:06.380   847   847 I power_partial_wake_state: [0,*alarm*]
12-24 17:15:22.180   847  1216 I power_partial_wake_state: [1,*alarm*]
12-24 17:15:22.190   847   847 I power_partial_wake_state: [0,*alarm*]
12-24 17:15:24.560   847   983 I am_pss  : [23133,10441,com.tianyancha.skyeye,38006784,37613568]
12-24 17:15:29.610   847   983 I am_pss  : [23975,10127,com.tencent.engine,10329088,7024640]
12-24 17:15:41.960  1592  1652 I content_query_sample: contents_sample_state: [ contacts(6) data(12) accounts({vnd.sec.contact.phone (1)=6}) accounts deleted({}) calls([logtype:100 cnt:23, logtype:300 cnt:3])  ]
12-24 17:15:41.960  1592  1652 I content_query_sample: contents_sample_state: [ agr({[1]=6})  ]
12-24 17:16:00.000   847  1216 I power_partial_wake_state: [1,*alarm*]
12-24 17:16:00.170   847   847 I power_partial_wake_state: [0,*alarm*]
12-24 17:16:27.580   847  1254 I power_partial_wake_state: [1,NetworkStats]
12-24 17:16:27.590   847  1254 I netstats_mobile_sample: [0,0,0,0,0,0,0,0,0,0,0,0,1514106985294]
12-24 17:16:27.600   847  1254 I netstats_wifi_sample: [557666938,436747,24650828,295098,557597342,436183,20505017,294653,557595926,436170,20505017,294653,1514106985294]
12-24 17:16:27.600   847  1254 I power_partial_wake_state: [0,NetworkStats]
12-24 17:16:28.240   847  1254 I power_partial_wake_state: [1,NetworkStats]
12-24 17:16:28.250   847  1254 I netstats_mobile_sample: [0,0,0,0,0,0,0,0,0,0,0,0,1514106985951]
12-24 17:16:28.260   847  1254 I netstats_wifi_sample: [557666938,436747,24650828,295098,557597342,436183,20505017,294653,557595926,436170,20505017,294653,1514106985951]
12-24 17:16:28.260   847  1254 I power_partial_wake_state: [0,NetworkStats]
12-24 17:16:29.050   847  1705 I wm_task_moved: [5714,1,9]
12-24 17:16:29.050   847  1705 I wm_task_moved: [5714,1,9]
12-24 17:16:29.060   847  1705 I am_create_activity: [0,35355906,5714,com.tianyancha.skyeye/.MainActivity,NULL,NULL,NULL,268435456,com.tianyancha.skyeye,0]
12-24 17:16:29.060   847  1705 I am_pause_activity: [0,42215118,com.tianyancha.skyeye/.activity.LaunchActivity,0]
12-24 17:16:29.060   847  1705 I power_partial_wake_state: [1,*launch*]
12-24 17:16:29.070   847  1705 I wm_task_moved: [5714,1,9]
12-24 17:16:29.080   847  1705 I am_focused_activity: [0,com.tianyancha.skyeye/.MainActivity]
12-24 17:16:29.090   847   865 I am_finish_activity: [0,42215118,5714,com.tianyancha.skyeye/.activity.LaunchActivity,app-request,0]
12-24 17:16:29.110 23133 23133 I am_on_paused_called: [0,com.tianyancha.skyeye.activity.LaunchActivity]
12-24 17:16:29.120   847  1705 I am_restart_activity: [0,35355906,5714,com.tianyancha.skyeye/.MainActivity,0]
12-24 17:16:30.080 23133 23133 I am_on_resume_called: [0,com.tianyancha.skyeye.MainActivity]
12-24 17:16:30.780   847  1090 I am_activity_launch_time: [0,35355906,com.tianyancha.skyeye/.MainActivity,1661,145500,0]
12-24 17:16:30.940   317   317 I sf_frame_dur: [com.tianyancha.skyeye/com.tianyancha.skyeye.activity.LaunchActivity,34,1,2,0,0,1,3]
12-24 17:16:31.190   847  2118 I power_partial_wake_state: [0,*launch*]
12-24 17:16:31.190   847  2118 I am_destroy_activity: [0,42215118,5714,com.tianyancha.skyeye/.activity.LaunchActivity,finish-imm,0]
12-24 17:16:33.190   317   317 I sf_frame_dur: [com.tianyancha.skyeye/com.tianyancha.skyeye.MainActivity,0,0,1,0,0,0,1]
12-24 17:16:33.510   847  1254 I power_partial_wake_state: [1,NetworkStats]
12-24 17:16:33.530   847  1254 I netstats_mobile_sample: [0,0,0,0,0,0,0,0,0,0,0,0,1514106991231]
12-24 17:16:33.530   847  1254 I netstats_wifi_sample: [557666938,436747,24650828,295098,557597342,436183,20505017,294653,557595926,436170,20505017,294653,1514106991231]
12-24 17:16:33.530   847  1254 I power_partial_wake_state: [0,NetworkStats]
12-24 17:16:35.700   847  1542 I force_gc: Binder
12-24 17:16:37.890   847  1216 I power_partial_wake_state: [1,*alarm*]
12-24 17:16:37.930   847   847 I power_partial_wake_state: [0,*alarm*]
12-24 17:16:37.940   847  2132 I power_partial_wake_state: [1,flipboard.cn_JPush]
12-24 17:16:37.960   847  2118 I power_partial_wake_state: [0,flipboard.cn_JPush]
12-24 17:16:38.660   847  1230 I am_focus_stack: [0,movestack to true]
12-24 17:16:38.660   847  1230 I wm_task_moved: [5630,1,9]
12-24 17:16:38.670   847  1230 I am_focused_activity: [0,com.sec.android.app.launcher/com.android.launcher2.Launcher]
12-24 17:16:38.700   847  1230 I am_pause_activity: [0,35355906,com.tianyancha.skyeye/.MainActivity,0]
12-24 17:16:38.700   847  1230 I power_partial_wake_state: [1,*launch*]
12-24 17:16:38.700 23133 23133 I am_on_paused_called: [0,com.tianyancha.skyeye.MainActivity]
12-24 17:16:38.710   847  1230 I am_task_to_front: [0,5630]
12-24 17:16:38.710   847  1230 I am_new_intent: [0,235501357,5630,com.sec.android.app.launcher/com.android.launcher2.Launcher,android.intent.action.MAIN,NULL,NULL,283115520,android,0]
12-24 17:16:38.720   847  1230 I am_focused_activity: [0,com.sec.android.app.launcher/com.android.launcher2.Launcher]
12-24 17:16:38.730   847  1705 I am_resume_activity: [0,67500558,5630,com.sec.android.app.launcher/com.android.launcher2.Launcher,0]
12-24 17:16:38.760   847  3377 I power_partial_wake_state: [1,RILJ0]
12-24 17:16:38.770   847  1713 I power_partial_wake_state: [0,RILJ0]
12-24 17:16:38.870  1700  1700 I am_on_resume_called: [0,com.android.launcher2.Launcher]
12-24 17:16:39.110   847  1365 I power_partial_wake_state: [0,*launch*]
12-24 17:16:39.240   847  1254 I power_partial_wake_state: [1,NetworkStats]
12-24 17:16:39.250   847  1254 I netstats_mobile_sample: [0,0,0,0,0,0,0,0,0,0,0,0,1514106996948]
12-24 17:16:39.250   847  1254 I netstats_wifi_sample: [557666938,436747,24650828,295098,557597342,436183,20505017,294653,557595926,436170,20505017,294653,1514106996948]
12-24 17:16:39.250   847  1254 I power_partial_wake_state: [0,NetworkStats]
12-24 17:16:39.480   317   317 I sf_frame_dur: [com.tianyancha.skyeye/com.tianyancha.skyeye.MainActivity,148,7,0,8,1,2,1]
12-24 17:16:40.160   847  1542 I wm_task_moved: [5637,1,9]
12-24 17:16:40.170   847  1542 I am_focused_activity: [0,com.android.systemui/.recents.SeparatedRecentsActivity]
12-24 17:16:40.170   847  1542 I am_pause_activity: [0,67500558,com.sec.android.app.launcher/com.android.launcher2.Launcher,0]
12-24 17:16:40.170   847  1542 I power_partial_wake_state: [1,*launch*]
12-24 17:16:40.180   847  1542 I am_resume_activity: [0,40477346,5637,com.android.systemui/.recents.SeparatedRecentsActivity,0]
12-24 17:16:40.190   847  1542 I am_task_to_front: [0,5637]
12-24 17:16:40.190   847  1542 I am_new_intent: [0,268394213,5637,com.android.systemui/.recents.SeparatedRecentsActivity,NULL,NULL,NULL,281018368,com.android.systemui,0]
12-24 17:16:40.190   847  1542 I am_focused_activity: [0,com.android.systemui/.recents.SeparatedRecentsActivity]
12-24 17:16:40.190  1700  1700 I am_on_paused_called: [0,com.android.launcher2.Launcher]
12-24 17:16:40.220  1418  1418 I sysui_view_visibility: [224,100]
12-24 17:16:40.240  1418  1418 I sysui_count: [overview_trigger_nav_btn,1]
12-24 17:16:40.240  1418  1418 I sysui_count: [overview_source_home,1]
12-24 17:16:40.240  1418  1418 I sysui_histogram: [overview_task_count,12]
12-24 17:16:40.260  1418  1418 I am_on_resume_called: [0,com.android.systemui.recents.SeparatedRecentsActivity]
12-24 17:16:40.410   847  2124 I power_partial_wake_state: [0,*launch*]
12-24 17:16:40.510   317   317 I sf_frame_dur: [com.sec.android.app.launcher/com.android.launcher2.Launcher,1,0,0,0,0,0,0]
12-24 17:16:41.230   847  2122 I am_kill : [0,22433,com.sec.android.app.sbrowser,15,remove task]
12-24 17:16:41.230   847  2122 I am_kill : [0,20895,com.sec.android.gallery3d,15,remove task]
12-24 17:16:41.230   847  2122 I am_finish_activity: [0,25385336,5633,com.android.contacts/.activities.PeopleActivity,removeTask,0]
12-24 17:16:41.230   847  2122 I am_destroy_activity: [0,25385336,5633,com.android.contacts/.activities.PeopleActivity,finish-imm,0]
12-24 17:16:41.240   847  2122 I am_kill : [0,2987,com.android.contacts,11,remove task]
12-24 17:16:41.240   847  2122 I am_finish_activity: [0,125970297,5636,com.android.settings/.Settings$WifiSettingsActivity,removeTask,0]
12-24 17:16:41.250   847  2122 I am_destroy_activity: [0,125970297,5636,com.android.settings/.Settings$WifiSettingsActivity,finish-imm,0]
12-24 17:16:41.250   847  2122 I am_finish_activity: [0,72998152,5656,com.android.mms/.ui.ConversationComposer,removeTask,0]
12-24 17:16:41.250   847  2122 I am_kill : [0,23024,com.android.mms,15,remove task]
12-24 17:16:41.250   847  2122 I am_finish_activity: [0,90192323,5663,flipboard.boxer.app/flipboard.boxer.gui.FeedActivity,removeTask,0]
12-24 17:16:41.250   847  2122 I am_finish_activity: [0,95642313,5696,com.tencent.mm/.ui.LauncherUI,removeTask,0]
12-24 17:16:41.250   847  2122 I am_destroy_activity: [0,95642313,5696,com.tencent.mm/.ui.LauncherUI,finish-imm,0]
12-24 17:16:41.250   847  2122 I am_finish_activity: [0,20118318,5696,com.tencent.mm/.ui.account.LoginPasswordUI,removeTask,0]
12-24 17:16:41.250   847  2122 I am_destroy_activity: [0,20118318,5696,com.tencent.mm/.ui.account.LoginPasswordUI,finish-imm,0]
12-24 17:16:41.270   847  2122 I am_kill : [0,21564,com.tencent.mm,11,remove task]
12-24 17:16:41.280   847  2122 I am_kill : [0,15924,com.tencent.mm:exdevice,11,remove task]
12-24 17:16:41.280   847  2122 I am_finish_activity: [0,192392917,5685,com.android.settings/.GridSettings,removeTask,0]
12-24 17:16:41.280   847  2122 I am_destroy_activity: [0,192392917,5685,com.android.settings/.GridSettings,finish-imm,0]
12-24 17:16:41.280   847  2122 I am_finish_activity: [0,91738554,5685,com.android.settings/.SubSettings,removeTask,0]
12-24 17:16:41.280   847  2122 I am_destroy_activity: [0,91738554,5685,com.android.settings/.SubSettings,finish-imm,0]
12-24 17:16:41.290   847  2122 I am_kill : [0,7010,com.android.settings,11,remove task]
12-24 17:16:41.290   847  2122 I am_finish_activity: [0,150476133,5635,com.tencent.mobileqq/.activity.SplashActivity,removeTask,0]
12-24 17:16:41.290   847  2122 I am_finish_activity: [0,242342891,5635,com.tencent.mobileqq/.filemanager.fileviewer.FileBrowserActivity,removeTask,0]
12-24 17:16:41.290   847  2122 I am_destroy_activity: [0,242342891,5635,com.tencent.mobileqq/.filemanager.fileviewer.FileBrowserActivity,finish-imm,0]
12-24 17:16:41.310   847  2122 I am_kill : [0,19255,com.tencent.mobileqq,9,remove task]
12-24 17:16:41.310   847  2122 I am_kill : [0,19407,com.tencent.mobileqq:MSF,5,remove task]
12-24 17:16:41.310   847  2122 I am_kill : [0,22505,com.tencent.mobileqq:tool,15,remove task]
12-24 17:16:41.320   847  2122 I am_kill : [0,22648,com.android.packageinstaller,15,remove task]
12-24 17:16:41.320   847  2122 I am_finish_activity: [0,35355906,5714,com.tianyancha.skyeye/.MainActivity,removeTask,0]
12-24 17:16:41.320   847  2122 I am_destroy_activity: [0,35355906,5714,com.tianyancha.skyeye/.MainActivity,finish-imm,0]
12-24 17:16:41.350   847  2122 I am_kill : [0,23225,com.tianyancha.skyeye:channel,0,stop com.tianyancha.skyeye cause from pid 847]
12-24 17:16:41.350   847  2122 I am_schedule_service_restart: [0,com.tianyancha.skyeye/com.taobao.accs.ChannelService,1000]
12-24 17:16:41.350   847  2122 I am_kill : [0,23133,com.tianyancha.skyeye,0,stop com.tianyancha.skyeye cause from pid 847]
12-24 17:16:41.350   847  2122 I am_schedule_service_restart: [0,com.tianyancha.skyeye/org.android.agoo.accs.AgooService,10998]
12-24 17:16:41.360   847  2122 I wm_task_removed: [5714,removeAppToken: last token]
12-24 17:16:41.360   847  2122 I wm_task_removed: [5714,removeTask]
12-24 17:16:41.380   847  1713 I am_proc_died: [0,22433,com.sec.android.app.sbrowser,15,218,493]
12-24 17:16:41.390   847  1354 I am_kill : [0,23320,com.tencent.mobileqq:TMAssistantDownloadSDKService,5,remove task]
12-24 17:16:41.390   847  2124 I am_proc_died: [0,20895,com.sec.android.gallery3d,15,219,493]
12-24 17:16:41.400   847  1003 I am_destroy_activity: [0,72998152,5656,com.android.mms/.ui.ConversationComposer,finish-idle,0]
12-24 17:16:41.400   847  1003 I wm_task_removed: [5656,removeAppToken: last token]
12-24 17:16:41.400   847  1003 I wm_task_removed: [5656,removeTask]
12-24 17:16:41.400   847  1003 I am_destroy_activity: [0,90192323,5663,flipboard.boxer.app/flipboard.boxer.gui.FeedActivity,finish-idle,0]
12-24 17:16:41.400   847  1003 I wm_task_removed: [5663,removeAppToken: last token]
12-24 17:16:41.410   847  1003 I wm_task_removed: [5663,removeTask]
12-24 17:16:41.410   847  1003 I am_destroy_activity: [0,150476133,5635,com.tencent.mobileqq/.activity.SplashActivity,finish-idle,0]
12-24 17:16:41.430   847  1786 I wm_task_moved: [5630,1,6]
12-24 17:16:41.430   847  1786 I am_focused_activity: [0,com.sec.android.app.launcher/com.android.launcher2.Launcher]
12-24 17:16:41.430   847  1786 I am_pause_activity: [0,40477346,com.android.systemui/.recents.SeparatedRecentsActivity,0]
12-24 17:16:41.440   847  1786 I power_partial_wake_state: [1,*launch*]
12-24 17:16:41.440   847  1786 I am_task_to_front: [0,5630]
12-24 17:16:41.440   847  1786 I am_new_intent: [0,5807707,5630,com.sec.android.app.launcher/com.android.launcher2.Launcher,android.intent.action.MAIN,NULL,NULL,283115520,com.android.systemui,0]
12-24 17:16:41.440   847  1786 I am_focused_activity: [0,com.sec.android.app.launcher/com.android.launcher2.Launcher]
12-24 17:16:41.440   847  2126 I am_proc_died: [0,15924,com.tencent.mm:exdevice,11,235,493]
12-24 17:16:41.460   847  2122 I am_proc_died: [0,23320,com.tencent.mobileqq:TMAssistantDownloadSDKService,5,237,494]
12-24 17:16:41.460   847  2122 I am_schedule_service_restart: [0,com.tencent.mobileqq/com.tencent.tmdownloader.TMAssistantDownloadService,1000]
12-24 17:16:41.480   847   847 I notification_cancel_all: [1000,847,com.tianyancha.skyeye,0,0,0,5,NULL]
12-24 17:16:41.480   847   847 I notification_cancel_all: [1000,847,com.tianyancha.skyeye,0,0,0,5,NULL]
12-24 17:16:41.490  1418  1418 I am_on_paused_called: [0,com.android.systemui.recents.SeparatedRecentsActivity]
12-24 17:16:41.510   847  2132 I am_proc_died: [0,7010,com.android.settings,11,269,494]
12-24 17:16:41.510   847  2132 I wm_task_removed: [5685,removeAppToken: last token]
12-24 17:16:41.510   847  2132 I wm_task_removed: [5685,removeTask]
12-24 17:16:41.510   847  2132 I wm_task_removed: [5636,removeAppToken: last token]
12-24 17:16:41.510   847  2132 I wm_task_removed: [5636,removeTask]
12-24 17:16:41.530   847   864 I am_proc_died: [0,22505,com.tencent.mobileqq:tool,15,274,494]
12-24 17:16:41.550   847  1705 I am_proc_died: [0,22648,com.android.packageinstaller,15,308,494]
12-24 17:16:41.570   847  1641 I am_resume_activity: [0,67500558,5630,com.sec.android.app.launcher/com.android.launcher2.Launcher,0]
12-24 17:16:41.580   847  1365 I am_proc_died: [0,21564,com.tencent.mm,11,316,494]
12-24 17:16:41.580   847  1365 I wm_task_removed: [5696,removeAppToken: last token]
12-24 17:16:41.580   847  1365 I wm_task_removed: [5696,removeTask]
12-24 17:16:41.600   847  2124 I am_proc_died: [0,2987,com.android.contacts,11,320,495]
12-24 17:16:41.610   847  2124 I wm_task_removed: [5633,removeAppToken: last token]
12-24 17:16:41.610   847  2124 I wm_task_removed: [5633,removeTask]
12-24 17:16:41.610   847  1786 I am_proc_died: [0,23024,com.android.mms,15,329,496]
12-24 17:16:41.620   847  4320 I am_proc_died: [0,19407,com.tencent.mobileqq:MSF,5,333,497]
12-24 17:16:41.620   847  4320 I am_schedule_service_restart: [0,com.tencent.mobileqq/.msf.service.MsfService,10842]
12-24 17:16:41.630   847  2132 I am_proc_died: [0,19255,com.tencent.mobileqq,0,333,497]
12-24 17:16:41.630   847  2132 I wm_task_removed: [5635,removeAppToken: last token]
12-24 17:16:41.630   847  2132 I wm_task_removed: [5635,removeTask]
12-24 17:16:41.650  1700  1700 I am_on_resume_called: [0,com.android.launcher2.Launcher]
12-24 17:16:41.670   847   847 I am_proc_start: [0,24197,5004,com.samsung.dcm:DCMService,broadcast-3,com.samsung.dcm/.framework.broadcastreceivers.ClearDataReceiver]
12-24 17:16:41.730   847  1641 I am_proc_bound: [0,24197,com.samsung.dcm:DCMService]
12-24 17:16:41.820   847  1786 I power_partial_wake_state: [0,*launch*]
12-24 17:16:41.890   847  1354 I am_proc_died: [0,12500,com.tencent.mm:push,0,322,505]
12-24 17:16:42.060  1592  1652 I content_query_sample: contents_sample_state: [ contacts(6) data(12) accounts({vnd.sec.contact.phone (1)=6}) accounts deleted({}) calls([logtype:100 cnt:23, logtype:300 cnt:3])  ]
12-24 17:16:42.060  1592  1652 I content_query_sample: contents_sample_state: [ agr({[1]=6})  ]
12-24 17:16:42.180   317   317 I sf_frame_dur: [com.android.systemui/com.android.systemui.recents.SeparatedRecentsActivity,43,3,1,1,1,0,0]
12-24 17:16:42.190   847  2126 I am_proc_start: [0,24213,1000,com.android.settings,broadcast-3,com.android.settings/.accessibilitywidget.AccessibilityWidgetProviderAssistiveLight]
12-24 17:16:42.210  1418  1418 I sysui_view_visibility: [224,0]
12-24 17:16:42.240   847  1542 I am_proc_bound: [0,24213,com.android.settings]
12-24 17:16:42.470   847  1003 I am_proc_start: [0,24227,10356,com.tencent.mobileqq:TMAssistantDownloadSDKService,service,com.tencent.mobileqq/com.tencent.tmdownloader.TMAssistantDownloadService]
12-24 17:16:42.500   847  2118 I am_proc_bound: [0,24227,com.tencent.mobileqq:TMAssistantDownloadSDKService]
12-24 17:16:42.740   847  1786 I am_proc_start: [0,24241,10356,com.tencent.mobileqq,content provider,com.tencent.mobileqq/com.tencent.mqq.shared_file_accessor.ContentProviderImpl]
12-24 17:16:42.770   847   864 I am_proc_bound: [0,24241,com.tencent.mobileqq]
12-24 17:16:43.160   847  2118 I am_kill : [0,22762,com.wsomacp,15,DHA:empty #25]
12-24 17:16:43.170   847  1003 I am_proc_start: [0,24282,10018,com.android.contacts,broadcast-3,com.android.contacts/com.samsung.contacts.util.ContactsReceiver]
12-24 17:16:43.190   847   864 I am_proc_died: [0,22762,com.wsomacp,15,233,574]
12-24 17:16:43.200   847  4320 I am_proc_bound: [0,24282,com.android.contacts]
12-24 17:16:43.400 24241 24251 I force_gc: Binder
12-24 17:16:43.420   847   865 I am_proc_start: [0,24318,10044,com.android.mms,broadcast-3,com.android.mms/.UIEventReceiver]
12-24 17:16:43.460   847  2132 I am_proc_bound: [0,24318,com.android.mms]
12-24 17:16:43.540 24227 24299 I force_gc: Binder
12-24 17:16:43.850 23381 23430 I force_gc: Binder
12-24 17:16:43.970   847  2122 I force_gc: Binder
12-24 17:16:44.110   847   865 I am_proc_start: [0,24349,10070,com.sec.android.provider.badge,content provider,com.sec.android.provider.badge/.BadgeProvider]
12-24 17:16:44.140   847   864 I am_proc_bound: [0,24349,com.sec.android.provider.badge]
12-24 17:16:44.250   847  1354 I am_proc_start: [0,24362,10025,com.wsomacp,content provider,com.wsomacp/.db.XCPDBSqlProvider]
12-24 17:16:44.280   847  1542 I am_proc_bound: [0,24362,com.wsomacp]
12-24 17:16:44.280   847  1542 I am_kill : [0,22773,com.samsung.android.app.mirrorlink,15,DHA:empty #25]
12-24 17:16:44.290   847  2132 I am_proc_died: [0,22773,com.samsung.android.app.mirrorlink,15,215,569]
12-24 17:16:45.400 23368 23455 I force_gc: Binder
12-24 17:16:45.920   847  1354 I am_focus_stack: [1,exsiting-zone]
12-24 17:16:45.920   847  1354 I am_create_task: [0,5716]
12-24 17:16:45.920   847  1354 I am_create_activity: [0,193075183,5716,com.tianyancha.skyeye/.SplashPage,android.intent.action.MAIN,NULL,NULL,270532608,com.sec.android.app.launcher,0]
12-24 17:16:45.920   847  1354 I wm_task_created: [5716,1]
12-24 17:16:45.920   847  1354 I wm_task_moved: [5716,1,2]
12-24 17:16:45.920   847  1354 I am_pause_activity: [0,67500558,com.sec.android.app.launcher/com.android.launcher2.Launcher,0]
12-24 17:16:45.930   847  1354 I power_partial_wake_state: [1,*launch*]
12-24 17:16:45.930   847  1354 I wm_task_moved: [5716,1,2]
12-24 17:16:45.930   847  1354 I am_focused_activity: [0,com.tianyancha.skyeye/.SplashPage]
12-24 17:16:45.930  1700  1700 I am_on_paused_called: [0,com.android.launcher2.Launcher]
12-24 17:16:45.950   847  2118 I am_proc_start: [0,24399,10441,com.tianyancha.skyeye,activity,com.tianyancha.skyeye/.SplashPage]
12-24 17:16:46.000   847  1542 I am_proc_bound: [0,24399,com.tianyancha.skyeye]
12-24 17:16:46.000   847  1542 I am_restart_activity: [0,193075183,5716,com.tianyancha.skyeye/.SplashPage,0]
12-24 17:16:46.210   847   865 I am_proc_start: [0,24434,10356,com.tencent.mobileqq:MSF,service,com.tencent.mobileqq/.msf.service.MsfService]
12-24 17:16:46.240   847  2126 I am_proc_bound: [0,24434,com.tencent.mobileqq:MSF]
12-24 17:16:46.440   317   317 I sf_frame_dur: [com.sec.android.app.launcher/com.android.launcher2.Launcher,49,2,1,0,2,0,1]
12-24 17:16:47.330 24399 24399 I am_on_resume_called: [0,com.tianyancha.skyeye.SplashPage]
12-24 17:16:47.420   847  1542 I force_gc: Binder
12-24 17:16:47.550   847  2122 I power_partial_wake_state: [0,*launch*]
12-24 17:16:47.560   847  1090 I am_activity_launch_time: [0,193075183,com.tianyancha.skyeye/.SplashPage,1618,1618,0]
12-24 17:16:47.810   847  1786 I wm_task_moved: [5716,1,2]
12-24 17:16:47.810   847  1786 I wm_task_moved: [5716,1,2]
12-24 17:16:47.810   847  1786 I am_create_activity: [0,175351201,5716,com.tianyancha.skyeye/.MainActivity,NULL,NULL,NULL,268435456,com.tianyancha.skyeye,0]
12-24 17:16:47.820   847  1786 I am_pause_activity: [0,193075183,com.tianyancha.skyeye/.SplashPage,0]
12-24 17:16:47.820   847  1786 I power_partial_wake_state: [1,*launch*]
12-24 17:16:47.820   847  1786 I wm_task_moved: [5716,1,2]
12-24 17:16:47.820   847  1786 I am_focused_activity: [0,com.tianyancha.skyeye/.MainActivity]
12-24 17:16:47.820   847  1365 I am_finish_activity: [0,193075183,5716,com.tianyancha.skyeye/.SplashPage,app-request,0]
12-24 17:16:47.820 24399 24399 I am_on_paused_called: [0,com.tianyancha.skyeye.SplashPage]
12-24 17:16:47.830   847  1705 I am_restart_activity: [0,175351201,5716,com.tianyancha.skyeye/.MainActivity,0]
12-24 17:16:48.270   847  1254 I power_partial_wake_state: [1,NetworkStats]
12-24 17:16:48.280   847  1254 I netstats_mobile_sample: [0,0,0,0,0,0,0,0,0,0,0,0,1514107005977]
12-24 17:16:48.280   847  1254 I netstats_wifi_sample: [557666938,436747,24650828,295098,557597342,436183,20505017,294653,557595926,436170,20505017,294653,1514107005977]
12-24 17:16:48.280   847  1254 I power_partial_wake_state: [0,NetworkStats]
12-24 17:16:48.510 24399 24399 I am_on_resume_called: [0,com.tianyancha.skyeye.MainActivity]
12-24 17:16:49.000   847  1090 I am_activity_launch_time: [0,175351201,com.tianyancha.skyeye/.MainActivity,1173,1173,0]
12-24 17:16:49.180   847  1786 I power_partial_wake_state: [0,*launch*]
12-24 17:16:49.530   847  1003 I am_destroy_activity: [0,193075183,5716,com.tianyancha.skyeye/.SplashPage,finish-imm,0]
12-24 17:16:50.960   317   317 I sf_frame_dur: [com.tianyancha.skyeye/com.tianyancha.skyeye.MainActivity,2,1,2,0,0,0,1]
12-24 17:16:51.990   847  3377 I power_partial_wake_state: [1,RILJ0]
12-24 17:16:52.000   847  1641 I power_partial_wake_state: [0,RILJ0]
12-24 17:16:56.770   847  1641 I am_proc_start: [0,24680,10441,com.tianyancha.skyeye:channel,service,com.tianyancha.skyeye/com.taobao.accs.ChannelService]
12-24 17:16:56.830   847  1542 I am_proc_bound: [0,24680,com.tianyancha.skyeye:channel]
12-24 17:16:56.950   847   983 I am_pss  : [24399,10441,com.tianyancha.skyeye,136699904,130686976]
12-24 17:17:00.000   847  1216 I power_partial_wake_state: [1,*alarm*]
12-24 17:17:00.240   847   847 I power_partial_wake_state: [0,*alarm*]
12-24 17:17:00.250   847  1254 I power_partial_wake_state: [1,NetworkStats]
12-24 17:17:00.260   847  1254 I netstats_mobile_sample: [0,0,0,0,0,0,0,0,0,0,0,0,1514107017955]
12-24 17:17:00.260   847  1254 I netstats_wifi_sample: [557666938,436747,24650828,295098,557597342,436183,20505017,294653,557595926,436170,20505017,294653,1514107017955]
12-24 17:17:00.260   847  1254 I power_partial_wake_state: [0,NetworkStats]
12-24 17:17:05.620   847   983 I am_pss  : [1418,10017,com.android.systemui.recents,16930816,15433728]
12-24 17:17:05.720   847   983 I am_pss  : [23381,10406,com.tencent.android.qqdownloader,18544640,16719872]
12-24 17:17:05.770   847   983 I am_pss  : [23651,10406,com.tencent.android.qqdownloader:connect,2543616,1945600]
12-24 17:17:05.810   847   983 I am_pss  : [24227,10356,com.tencent.mobileqq:TMAssistantDownloadSDKService,15852544,10280960]
12-24 17:17:07.410   847   983 I am_pss  : [24241,10356,com.tencent.mobileqq,40213504,33120256]
12-24 17:17:07.450   847   983 I am_pss  : [24434,10356,com.tencent.mobileqq:MSF,18974720,13774848]
12-24 17:17:09.470 23381 23430 I force_gc: Binder
12-24 17:17:09.890   847   865 I force_gc: Binder
12-24 17:17:12.030   847  1123 I power_partial_wake_state: [1,*dexopt*]
12-24 17:17:15.610   847  3377 I power_partial_wake_state: [1,RILJ0]
12-24 17:17:15.620   847  1713 I power_partial_wake_state: [0,RILJ0]
12-24 17:17:15.680   847   983 I am_pss  : [7423,10178,com.sec.android.yellowpage,722944,569344]
12-24 17:17:15.720   847   983 I am_pss  : [24362,10025,com.wsomacp,4656128,3534848]
12-24 17:17:15.750   847   983 I am_pss  : [24282,10018,com.android.contacts,13449216,10973184]
12-24 17:17:15.780   847   983 I am_pss  : [24349,10070,com.sec.android.provider.badge,3007488,2113536]
12-24 17:17:15.810   847   983 I am_pss  : [24318,10044,com.android.mms,18964480,16363520]
12-24 17:17:15.840   847   983 I am_pss  : [24213,1000,com.android.settings,8908800,7688192]
12-24 17:17:15.870   847   983 I am_pss  : [24197,5004,com.samsung.dcm:DCMService,9810944,8708096]
12-24 17:17:15.890   847   983 I am_pss  : [1592,10018,android.process.acore,5097472,4653056]
12-24 17:17:20.420   847   983 I am_pss  : [1700,10008,com.sec.android.app.launcher,47177728,45957120]
12-24 17:17:20.490   847   983 I am_pss  : [2205,10073,com.sec.android.widgetapp.ap.hero.cmaweather:SurfaceWidget,4961280,4468736]
12-24 17:17:20.530   847   983 I am_pss  : [24680,10441,com.tianyancha.skyeye:channel,16245760,7749632]
12-24 17:17:20.670   847  3377 I power_partial_wake_state: [1,RILJ0]
12-24 17:17:20.670   847  1705 I power_partial_wake_state: [0,RILJ0]
12-24 17:17:23.150   847  1123 I power_partial_wake_state: [0,*dexopt*]
12-24 17:17:23.160   847  1003 I am_kill : [0,24680,com.tianyancha.skyeye:channel,5,stop com.tianyancha.skyeye cause uninstall pkg]
12-24 17:17:23.160   847  1003 I am_schedule_service_restart: [0,com.tianyancha.skyeye/com.taobao.accs.ChannelService,1000]
12-24 17:17:23.160   847  1003 I am_kill : [0,24399,com.tianyancha.skyeye,0,stop com.tianyancha.skyeye cause uninstall pkg]
12-24 17:17:23.160   847  1003 I am_schedule_service_restart: [0,com.tianyancha.skyeye/org.android.agoo.accs.AgooService,10997]
12-24 17:17:23.160   847  1003 I am_finish_activity: [0,175351201,5716,com.tianyancha.skyeye/.MainActivity,proc died without state saved,0]
12-24 17:17:23.160   847  1003 I am_focus_stack: [0,movestack to true]
12-24 17:17:23.160   847  1003 I wm_task_moved: [5630,1,2]
12-24 17:17:23.170   847  1003 I am_focused_activity: [0,com.sec.android.app.launcher/com.android.launcher2.Launcher]
12-24 17:17:23.170   847  1003 I am_focused_activity: [0,com.sec.android.app.launcher/com.android.launcher2.Launcher]
12-24 17:17:23.180   847  1003 I wm_task_removed: [5716,removeAppToken: last token]
12-24 17:17:23.180   847  1003 I wm_task_removed: [5716,removeTask]
12-24 17:17:23.190   317   317 I sf_frame_dur: [com.tianyancha.skyeye/com.tianyancha.skyeye.MainActivity,14,0,1,1,2,1,0]
12-24 17:17:23.200   847  1003 I am_resume_activity: [0,67500558,5630,com.sec.android.app.launcher/com.android.launcher2.Launcher,0]
12-24 17:17:24.030  1700  1700 I am_on_resume_called: [0,com.android.launcher2.Launcher]
12-24 17:17:24.300   847  1123 I unknown_sources_enabled: 1
12-24 17:17:24.410   847  1254 I power_partial_wake_state: [1,NetworkStats]
12-24 17:17:24.420   847  1254 I netstats_mobile_sample: [0,0,0,0,0,0,0,0,0,0,0,0,1514107042118]
12-24 17:17:24.420   847  1254 I netstats_wifi_sample: [557666938,436747,24650828,295098,557597342,436183,20505017,294653,557595926,436170,20505017,294653,1514107042118]
12-24 17:17:24.420   847  1254 I power_partial_wake_state: [0,NetworkStats]
12-24 17:17:24.540   847  1254 I power_partial_wake_state: [1,NetworkStats]
12-24 17:17:24.550   847  1254 I netstats_mobile_sample: [0,0,0,0,0,0,0,0,0,0,0,0,1514107042248]
12-24 17:17:24.550   847  1254 I netstats_wifi_sample: [557666938,436747,24650828,295098,557597342,436183,20505017,294653,557595926,436170,20505017,294653,1514107042248]
12-24 17:17:24.550   847  1254 I power_partial_wake_state: [0,NetworkStats]
12-24 17:17:24.590   847  3377 I power_partial_wake_state: [1,RILJ0]
12-24 17:17:24.600   847   864 I power_partial_wake_state: [0,RILJ0]
12-24 17:17:24.640  1700  1700 I force_gc: bg
12-24 17:17:24.650  1418  1418 I force_gc: bg
12-24 17:17:24.650 21285 21285 I force_gc: bg
12-24 17:17:24.660 23381 23381 I force_gc: bg
12-24 17:17:24.770   847   847 I notification_cancel_all: [1000,847,com.tianyancha.skyeye,0,0,0,5,NULL]
12-24 17:17:24.890   847   864 I am_proc_start: [0,24879,10201,com.samsung.android.app.sreminder,broadcast-3,com.samsung.android.app.sreminder/.phone.setting.ProviderPackageReceiver]
12-24 17:17:24.960   847  2122 I am_proc_bound: [0,24879,com.samsung.android.app.sreminder]
12-24 17:17:25.200   847   847 I notification_cancel_all: [1000,847,com.tianyancha.skyeye,0,0,0,5,NULL]
12-24 17:17:25.230   847  1083 I am_proc_start: [0,24894,1000,com.samsung.android.sm.provider,content provider,com.samsung.android.sm.provider/com.samsung.android.sm.database.SmProvider]
12-24 17:17:25.280   847   865 I am_proc_bound: [0,24894,com.samsung.android.sm.provider]
12-24 17:17:25.400 23368 23473 I force_gc: Binder
12-24 17:17:25.770   847  1542 I am_proc_start: [0,24909,10201,com.samsung.android.app.sreminder:reminderservice,content provider,com.samsung.android.app.sreminder/com.samsung.android.reminder.service.CardChannelContentProvider]
12-24 17:17:25.800   847  1713 I am_proc_bound: [0,24909,com.samsung.android.app.sreminder:reminderservice]
12-24 17:17:26.130   847   865 I am_kill : [0,22786,com.sec.kidsplat.installer,15,DHA:empty #25]
12-24 17:17:26.130   847  1641 I am_kill : [0,22798,com.samsung.android.sdk.samsunglink,15,DHA:empty #25]
12-24 17:17:26.150   847  1786 I am_proc_died: [0,22786,com.sec.kidsplat.installer,15,154,576]
12-24 17:17:26.170   847  1713 I am_proc_died: [0,22798,com.samsung.android.sdk.samsunglink,15,154,576]
12-24 17:17:26.210   847   847 I am_proc_start: [0,24938,10042,com.sec.android.gallery3d,broadcast-3,com.sec.android.gallery3d/.app.PackagesMonitor]
12-24 17:17:26.250   847  4320 I am_proc_bound: [0,24938,com.sec.android.gallery3d]
12-24 17:17:26.610   847  2132 I am_proc_start: [0,24953,10068,com.samsung.android.asksmanager,broadcast-3,com.samsung.android.asksmanager/.PackageReceiver]
12-24 17:17:26.640   847  1354 I am_proc_bound: [0,24953,com.samsung.android.asksmanager]
12-24 17:17:26.680   847   865 I am_kill : [0,22857,com.samsung.android.app.assistantmenu,15,DHA:empty #25]
12-24 17:17:26.710   847  2126 I am_proc_died: [0,22857,com.samsung.android.app.assistantmenu,15,163,553]
12-24 17:17:26.750   847  1644 I am_proc_start: [0,24965,1000,com.samsung.android.sm,broadcast-3,com.samsung.android.sm/.common.SmartManagerReceiver]
12-24 17:17:26.800   847  1542 I am_proc_bound: [0,24965,com.samsung.android.sm]
12-24 17:17:26.850   847  2126 I am_proc_start: [0,24979,10221,com.samsung.festivalwallpaper,broadcast-3,com.samsung.festivalwallpaper/.FestivalWallpaperReceiver]
12-24 17:17:26.860   847  2126 I am_kill : [0,22884,com.samsung.android.sconnect,15,DHA:empty #25]
12-24 17:17:26.870   847  2122 I am_proc_died: [0,22884,com.samsung.android.sconnect,15,165,549]
12-24 17:17:26.880   847   865 I am_proc_bound: [0,24979,com.samsung.festivalwallpaper]
12-24 17:17:26.910   847  2118 I am_kill : [0,22896,com.samsung.knox.rcp.components,15,DHA:empty #25]
12-24 17:17:26.930   847  1705 I am_proc_died: [0,22896,com.samsung.knox.rcp.components,15,164,550]
12-24 17:17:26.950   847   865 I am_proc_start: [0,24992,10160,com.sec.android.app.themechooser,broadcast-3,com.sec.android.app.themechooser/.CustomBroadCastReceiver]
12-24 17:17:26.980   847  1644 I am_proc_bound: [0,24992,com.sec.android.app.themechooser]
12-24 17:17:27.020   847   865 I am_proc_start: [0,25004,10164,com.samsung.android.provider.shootingmodeprovider,broadcast-3,com.samsung.android.provider.shootingmodeprovider/com.samsung.android.app.shootingmodeinstaller.PackageIntentReceiver]
12-24 17:17:27.020   847   865 I am_kill : [0,22912,com.sec.android.app.shealth,15,DHA:empty #25]
12-24 17:17:27.050   847  2126 I am_proc_died: [0,22912,com.sec.android.app.shealth,15,167,545]
12-24 17:17:27.050   847  1354 I am_proc_bound: [0,25004,com.samsung.android.provider.shootingmodeprovider]
12-24 17:17:27.100   847  2122 I am_proc_start: [0,25017,5012,com.samsung.android.sm.devicesecurity,broadcast-3,com.samsung.android.sm.devicesecurity/.PackageReceiver]
12-24 17:17:27.120   847  1365 I am_kill : [0,22980,com.sec.spp.push:RemoteDlcProcess,15,DHA:empty #25]
12-24 17:17:27.130   847  4320 I am_proc_bound: [0,25017,com.samsung.android.sm.devicesecurity]
12-24 17:17:27.140   847  1713 I am_proc_died: [0,22980,com.sec.spp.push:RemoteDlcProcess,15,167,543]
12-24 17:17:27.180   847   864 I am_proc_start: [0,25029,5010,com.samsung.android.intelligenceservice2,broadcast-3,com.samsung.android.intelligenceservice2/com.samsung.android.intelligenceservice.useranalysis.UserAnalysisBroadcastReceiver]
12-24 17:17:27.190   847   864 I am_kill : [0,22452,com.sec.android.app.shealth:remote,15,DHA:empty #25]
12-24 17:17:27.210   847  1641 I am_proc_bound: [0,25029,com.samsung.android.intelligenceservice2]
12-24 17:17:27.230   847  1354 I am_proc_died: [0,22452,com.sec.android.app.shealth:remote,15,166,543]
12-24 17:17:27.380   847  2118 I am_proc_start: [0,25041,10172,com.sec.enterprise.knox.cloudmdm.smdms,broadcast-3,com.sec.enterprise.knox.cloudmdm.smdms/.core.CoreReceiver]
12-24 17:17:27.390   847  2118 I am_kill : [0,22831,com.sec.android.app.samsungapps,15,DHA:empty #25]
12-24 17:17:27.410   847  1641 I am_proc_died: [0,22831,com.sec.android.app.samsungapps,15,166,543]
12-24 17:17:27.420   847  1365 I am_proc_bound: [0,25041,com.sec.enterprise.knox.cloudmdm.smdms]
12-24 17:17:27.640   847   864 I am_proc_start: [0,25057,10096,com.samsung.android.app.watchmanagerstub,broadcast-3,com.samsung.android.app.watchmanagerstub/com.sec.android.applicationmgr.PackageIntentReceiver]
12-24 17:17:27.640   847   864 I am_kill : [0,24197,com.samsung.dcm:DCMService,15,DHA:empty #25]
