12-24 17:22:17.652  1125  1275 D NetdConnector: RCV <- {600 Iface linkstate wlan0 up}
12-24 17:22:17.652  1125  1146 D NetworkManagement: onEvent:614 Address removed fe80::b6ef:faff:fe8e:a3d8/64 wlan0 128 253 1:8
12-24 17:22:17.652  1125  1146 D NetworkManagement: InterfaceAddressChange valid=1
12-24 17:22:17.654  1125  1146 D NetworkManagement: onEvent:600 Iface linkstate wlan0 up:5
12-24 17:22:17.740  1125  1279 V ActivityManager: Broadcast: Intent { act=android.net.wifi.LINK_CONFIGURATION_CHANGED flg=0x4000010 FromType=0xffffffff mCallingUid=1000 (has extras) } ordered=false userid=-1 callerApp=ProcessRecord{10a63b2 1125:system/1000, isShadow:false}
12-24 17:22:17.747  1125  1904 W Watchdog: SWT Watchdog after wait current time:2879209
12-24 17:22:17.747  1125  1904 W Watchdog: **Get SF Time **1
12-24 17:22:17.748  1125  1904 W Watchdog: SWT Watchdog before synchronized:2879210
12-24 17:22:17.748  1125  1904 W Watchdog: SWT Watchdog after synchronized:2879210
12-24 17:22:17.749  1125  1904 W Watchdog: SWT Watchdog before wait timeout:30000
12-24 17:22:17.749  1125  1904 W Watchdog: SWT Watchdog before wait current time:2879211
12-24 17:22:17.749  1125  1904 W Watchdog: SWT Watchdog before wait start:2879211
12-24 17:22:17.749  1125  1904 W Watchdog: SWT Watchdog before wait CHECK_INTERVAL:30000
12-24 17:22:17.750  1125  1282 D ConnectivityService: Update of LinkProperties for NetworkAgentInfo [WIFI () - 1001]; created=true
12-24 17:22:17.750  1125  1282 D ConnectivityService: updateLinkProperties for NetworkAgentInfo [WIFI () - 1001]
12-24 17:22:17.751  1125  1282 D ConnectivityService: LinkProperties:{InterfaceName: wlan0 LinkAddresses: [10.2.5.22/24,]  Routes: [10.2.5.0/24 -> 0.0.0.0 wlan0,0.0.0.0/0 -> 10.2.5.1 wlan0,] DnsAddresses: [202.106.0.20,114.114.114.114,] Domains: null MTU: 0 TcpBufferSizes: 524288,1048576,2097152,262144,524288,1048576 PcscfAddresses: [] }
12-24 17:22:17.751  1125  1267 D PowerManagerService: long touch and userActvity update
12-24 17:22:17.752  1125  1267 D PowerManagerNotifier: onUserActivity: event=2, uid=1000
12-24 17:22:17.752  1125  1267 D DisplayPowerController: requestPowerState: policy=BRIGHT, useProximitySensor=false, screenBrightness=4, screenAutoBrightnessAdjustment=0.0, brightnessSetByUser=true, useAutoBrightness=false, blockScreenOn=false, lowPowerMode=false, boostScreenBrightness=false, dozeScreenBrightness=-1, dozeScreenState=UNKNOWN, waitForNegativeProximity=false
12-24 17:22:17.753  1125  1282 D ConnectivityService: identical MTU - not setting
12-24 17:22:17.754  1125  1282 D ConnectivityService: Removing Route [fe80::/64 -> :: wlan0] from network 1001
12-24 17:22:17.754  1125  1282 D NetdConnector: SND -> {205 network route remove 1001 wlan0 fe80::/64}
12-24 17:22:17.755   415  1085 D FrameworkListener: dispatchCommand data = (205 network route remove 1001 wlan0 fe80::/64)
12-24 17:22:17.755   415  1085 D SocketClient: SocketClient sendData done: 400 205 removeRoute() failed (No such process)
12-24 17:22:17.755  1125  1275 D NetdConnector: RCV <- {400 205 removeRoute() failed (No such process)}
12-24 17:22:17.756  1125  1282 D NetdConnector: RMV <- {400 205 removeRoute() failed (No such process)}
12-24 17:22:17.756  1125  1282 E ConnectivityService: Exception in removeRoute: java.lang.IllegalStateException: command '205 network route remove 1001 wlan0 fe80::/64' failed with '400 205 removeRoute() failed (No such process)'
12-24 17:22:17.756  1125  1282 D NetdConnector: SND -> {206 resolver flushnet 1001}
12-24 17:22:17.756   415  1085 D FrameworkListener: dispatchCommand data = (206 resolver flushnet 1001)
12-24 17:22:17.756   415  1085 D SocketClient: SocketClient sendData done: 200 206 Resolver command succeeded
12-24 17:22:17.756  1125  1275 D NetdConnector: RCV <- {200 206 Resolver command succeeded}
12-24 17:22:17.757  1125  1282 D NetdConnector: RMV <- {200 206 Resolver command succeeded}
12-24 17:22:17.757  1125  1282 V ActivityManager: Broadcast: Intent { act=android.intent.action.CLEAR_DNS_CACHE flg=0x24000010 FromType=0xffffffff mCallingUid=1000 } ordered=false userid=-1 callerApp=ProcessRecord{10a63b2 1125:system/1000, isShadow:false}
12-24 17:22:17.758  1125  1282 I Nat464Xlat: Stopping clatd
12-24 17:22:17.758  1125  1282 D NetdConnector: SND -> {207 clatd stop wlan0}
12-24 17:22:17.759   415  1085 D FrameworkListener: dispatchCommand data = (207 clatd stop wlan0)
12-24 17:22:17.759   415  1085 D SocketClient: SocketClient sendData done: 400 207 Clatd operation failed
12-24 17:22:17.759  1125  1275 D NetdConnector: RCV <- {400 207 Clatd operation failed}
12-24 17:22:17.766  1125  1282 D NetdConnector: RMV <- {400 207 Clatd operation failed}
12-24 17:22:17.768  1125  1282 E Nat464Xlat: Error stopping clatd: java.lang.IllegalStateException: command '207 clatd stop wlan0' failed with '400 207 Clatd operation failed'
12-24 17:22:17.772  1125  1843 W PowerManagerService: LIMIT_APP: in WorkerRunnable call setUid = 1000
12-24 17:22:17.785  1125  1282 W PowerManagerService: LIMIT_APP: getNetworkBytes use time = 17
12-24 17:22:17.785  1125  1282 D DisplayPowerController: requestPowerState: policy=BRIGHT, useProximitySensor=false, screenBrightness=4, screenAutoBrightnessAdjustment=0.0, brightnessSetByUser=true, useAutoBrightness=false, blockScreenOn=false, lowPowerMode=false, boostScreenBrightness=false, dozeScreenBrightness=-1, dozeScreenState=UNKNOWN, waitForNegativeProximity=false
12-24 17:22:17.786  1125  1282 D PowerManagerNotifier: onWakeLockAcquired: flags=1, tag="NetworkStats", packageName=android, ownerUid=1000, ownerPid=1125, workSource=null
12-24 17:22:17.786  1125  1282 V NetworkStats: updateIfacesLocked()
12-24 17:22:17.786  1125  1282 V NetworkStats: performPollLocked(flags=0x1)
12-24 17:22:17.789  1125  1282 D NetdConnector: SND -> {208 bandwidth gettetherstats}
12-24 17:22:17.789   415  1085 D FrameworkListener: dispatchCommand data = (208 bandwidth gettetherstats)
12-24 17:22:17.789   415  1085 D SocketClient: SocketClient sendData done: 200 208 Tethering stats list completed
12-24 17:22:17.789  1125  1275 D NetdConnector: RCV <- {200 208 Tethering stats list completed}
12-24 17:22:17.790  1125  1282 D NetdConnector: RMV <- {200 208 Tethering stats list completed}
12-24 17:22:17.791  1125  1282 I NetworkStatsRecorder: recordSnapshotLocked: ident[[{type=WIFI, subType=COMBINED, networkId=JD-office}]]
12-24 17:22:17.792  1125  1282 W NetworkStatsRecorder: unknown interfaces [lo, p2p0], ignoring those stats
12-24 17:22:17.792  1125  1282 I NetworkStatsRecorder: recordSnapshotLocked: ident[[{type=WIFI, subType=COMBINED, networkId=JD-office}]]
12-24 17:22:17.792  1125  1282 W NetworkStatsRecorder: unknown interfaces [lo, p2p0], ignoring those stats
12-24 17:22:17.792  1125  1282 I NetworkStatsRecorder: recordSnapshotLocked: ident[[{type=WIFI, subType=COMBINED, networkId=JD-office}]]
12-24 17:22:17.792  1125  1282 I NetworkStatsRecorder: recordSnapshotLocked: ident[[{type=WIFI, subType=COMBINED, networkId=JD-office}]]
12-24 17:22:17.792  1125  1282 I NetworkStatsRecorder: recordSnapshotLocked: ident[[{type=WIFI, subType=COMBINED, networkId=JD-office}]]
12-24 17:22:17.792  1125  1282 I NetworkStatsRecorder: recordSnapshotLocked: ident[[{type=WIFI, subType=COMBINED, networkId=JD-office}]]
12-24 17:22:17.792  1125  1282 I NetworkStatsRecorder: recordSnapshotLocked: ident[[{type=WIFI, subType=COMBINED, networkId=JD-office}]]
12-24 17:22:17.792  1125  1282 I NetworkStatsRecorder: recordSnapshotLocked: ident[[{type=WIFI, subType=COMBINED, networkId=JD-office}]]
12-24 17:22:17.792  1125  1282 W NetworkStatsRecorder: unknown interfaces [lo, p2p0], ignoring those stats
12-24 17:22:17.793  1125  1282 I NetworkStatsRecorder: recordSnapshotLocked: ident[[{type=WIFI, subType=COMBINED, networkId=JD-office}]]
12-24 17:22:17.793  1125  1282 I NetworkStatsRecorder: recordSnapshotLocked: ident[[{type=WIFI, subType=COMBINED, networkId=JD-office}]]
12-24 17:22:17.793  1125  1282 W NetworkStatsRecorder: unknown interfaces [lo, p2p0], ignoring those stats
12-24 17:22:17.794  1125  1282 V NetworkStats: performPollLocked() took 8ms
12-24 17:22:17.794  1125  1282 V ActivityManager: Broadcast: Intent { act=com.android.server.action.NETWORK_STATS_UPDATED flg=0x40000010 FromType=0xffffffff mCallingUid=1000 } ordered=false userid=-1 callerApp=ProcessRecord{10a63b2 1125:system/1000, isShadow:false}
12-24 17:22:17.795  1125  1282 I NetworkIdentity: buildNetworkIdentity:
12-24 17:22:17.795  1125  1282 I NetworkIdentity: networkId = JD-office
12-24 17:22:17.795  1125  1282 I NetworkStats: NetworkIdentity: {type=WIFI, subType=COMBINED, networkId=JD-office}
12-24 17:22:17.795  1125  1282 I NetworkStats: iface:wlan0
12-24 17:22:17.795  1125  1282 I NetworkStats: ident:{type=WIFI, subType=COMBINED, networkId=JD-office}
12-24 17:22:17.795  1125  1282 D PowerManagerNotifier: onWakeLockReleased: flags=1, tag="NetworkStats", packageName=android, ownerUid=1000, ownerPid=1125, workSource=null
12-24 17:22:17.795  1125  1282 W AppOps  : Finishing op nesting under-run: uid 1000 pkg android code 40 time=0 duration=0 nesting=0
12-24 17:22:17.795  1125  1282 D DisplayPowerController: requestPowerState: policy=BRIGHT, useProximitySensor=false, screenBrightness=4, screenAutoBrightnessAdjustment=0.0, brightnessSetByUser=true, useAutoBrightness=false, blockScreenOn=false, lowPowerMode=false, boostScreenBrightness=false, dozeScreenBrightness=-1, dozeScreenState=UNKNOWN, waitForNegativeProximity=false
12-24 17:22:17.795  1125  1282 D ConnectivityService: notifyType IP_CHANGED for NetworkAgentInfo [WIFI () - 1001]
12-24 17:22:17.795  1125  1282 D ConnectivityService:  sending notification for NetworkRequest [ id=1, legacyType=-1, [ Capabilities: INTERNET&NOT_RESTRICTED&TRUSTED&NOT_VPN] ]
12-24 17:22:17.796  1125  1282 D ConnectivityService:  sending notification for NetworkRequest [ id=3, legacyType=-1, [ Capabilities: INTERNET&NOT_RESTRICTED&TRUSTED&NOT_VPN] ]
12-24 17:22:17.796  1125  1282 D ConnectivityService: sending notification IP_CHANGED for NetworkRequest [ id=3, legacyType=-1, [ Capabilities: INTERNET&NOT_RESTRICTED&TRUSTED&NOT_VPN] ]
12-24 17:22:17.796  1125  1282 D ConnectivityService:  sending notification for NetworkRequest [ id=4, legacyType=-1, [] ]
12-24 17:22:17.797  1125  1282 D ConnectivityService: sending notification IP_CHANGED for NetworkRequest [ id=4, legacyType=-1, [] ]
12-24 17:22:17.797  1125  1282 D ConnectivityService:  sending notification for NetworkRequest [ id=8, legacyType=-1, [ Capabilities: INTERNET&NOT_RESTRICTED&TRUSTED] ]
12-24 17:22:17.797  1125  1282 D ConnectivityService: sending notification IP_CHANGED for NetworkRequest [ id=8, legacyType=-1, [ Capabilities: INTERNET&NOT_RESTRICTED&TRUSTED] ]
12-24 17:22:17.797  1125  1282 D ConnectivityService:  sending notification for NetworkRequest [ id=9, legacyType=-1, [ Capabilities: INTERNET&NOT_RESTRICTED&TRUSTED&NOT_VPN] ]
12-24 17:22:17.799  1125  1282 D ConnectivityService: sending notification IP_CHANGED for NetworkRequest [ id=9, legacyType=-1, [ Capabilities: INTERNET&NOT_RESTRICTED&TRUSTED&NOT_VPN] ]
12-24 17:22:17.799  1125  1282 D ConnectivityService:  sending notification for NetworkRequest [ id=12, legacyType=-1, [ Capabilities: INTERNET&NOT_RESTRICTED&TRUSTED] ]
12-24 17:22:17.799  1125  1282 D ConnectivityService: sending notification IP_CHANGED for NetworkRequest [ id=12, legacyType=-1, [ Capabilities: INTERNET&NOT_RESTRICTED&TRUSTED] ]
12-24 17:22:17.803  1125  1279 D NetdConnector: SND -> {209 interface clearaddrs wlan0}
12-24 17:22:17.804   415  1085 D FrameworkListener: dispatchCommand data = (209 interface clearaddrs wlan0)
12-24 17:22:17.808   415  1078 D NetlinkEvent: parseIfAddrMessage: if:wlan0; ADDRESS 10.2.5.22;VALID=1;
12-24 17:22:17.816  1125  1275 D NetdConnector: RCV <- {614 Address removed 10.2.5.22/24 wlan0 128 0 1}
12-24 17:22:17.816  1125  1146 D NetworkManagement: onEvent:614 Address removed 10.2.5.22/24 wlan0 128 0 1:8
12-24 17:22:17.817  1125  1146 D NetworkManagement: InterfaceAddressChange valid=1
12-24 17:22:17.817   415  1078 D SocketClient: SocketClient sendData done: 614 Address removed 10.2.5.22/24 wlan0 128 0 1
12-24 17:22:17.817   415  1085 D SocketClient: SocketClient sendData done: 200 209 Interface IP addresses cleared
12-24 17:22:17.817  1125  1275 D NetdConnector: RCV <- {200 209 Interface IP addresses cleared}
12-24 17:22:17.818  1125  1279 D NetdConnector: RMV <- {200 209 Interface IP addresses cleared}
12-24 17:22:17.818  1125  1279 D NetdConnector: SND -> {210 interface ipv6 wlan0 disable}
12-24 17:22:17.818   415  1085 D FrameworkListener: dispatchCommand data = (210 interface ipv6 wlan0 disable)
12-24 17:22:17.818   415  1085 D SocketClient: SocketClient sendData done: 200 210 IPv6 state changed
12-24 17:22:17.819  1125  1275 D NetdConnector: RCV <- {200 210 IPv6 state changed}
12-24 17:22:17.819  1125  1279 D NetdConnector: RMV <- {200 210 IPv6 state changed}
12-24 17:22:17.819  1125  1279 V ActivityManager: Broadcast sticky: Intent { act=android.net.wifi.STATE_CHANGE flg=0x4000010 FromType=0xffffffff mCallingUid=1000 (has extras) } ordered=false userid=-1 callerApp=ProcessRecord{10a63b2 1125:system/1000, isShadow:false}
12-24 17:22:17.820  1125  1125 D WifiNotificationController: Received NETWORK_STATE_CHANGED_ACTION, mNetworkInfo:[type: WIFI[], state: CONNECTED/CONNECTED, reason: (unspecified), extra: <unknown ssid>, roaming: false, failover: false, isAvailable: true]
12-24 17:22:17.822  1125  1125 D WifiService: onReceive, action:android.net.wifi.STATE_CHANGE
12-24 17:22:17.822  1125  1282 D ConnectivityService: NetworkAgentInfo [WIFI () - 1001] EVENT_NETWORK_INFO_CHANGED, going from CONNECTED to DISCONNECTED
12-24 17:22:17.822  1125  1153 I WifiDisplayController: Received NETWORK_STATE_CHANGED,con:true,SSID:<unknown ssid>,Freq:-1,netId:-1, updated:true
12-24 17:22:17.822  1125  1282 D ConnectivityService: NetworkAgentInfo [WIFI () - 1001] got DISCONNECTED, was satisfying 6
12-24 17:22:17.823  1125  1843 W PowerManagerService: LIMIT_APP: in WorkerRunnable call setUid = 1000
12-24 17:22:17.826  1125  1279 V ActivityManager: Broadcast sticky: Intent { act=android.net.wifi.STATE_CHANGE flg=0x4000010 FromType=0xffffffff mCallingUid=1000 (has extras) } ordered=false userid=-1 callerApp=ProcessRecord{10a63b2 1125:system/1000, isShadow:false}
12-24 17:22:17.831  1125  1282 W PowerManagerService: LIMIT_APP: getNetworkBytes use time = 9
12-24 17:22:17.831  1125  1279 V ActivityManager: Broadcast sticky: Intent { act=android.net.wifi.STATE_CHANGE flg=0x4000010 FromType=0xffffffff mCallingUid=1000 (has extras) } ordered=false userid=-1 callerApp=ProcessRecord{10a63b2 1125:system/1000, isShadow:false}
12-24 17:22:17.831  1125  1282 D DisplayPowerController: requestPowerState: policy=BRIGHT, useProximitySensor=false, screenBrightness=4, screenAutoBrightnessAdjustment=0.0, brightnessSetByUser=true, useAutoBrightness=false, blockScreenOn=false, lowPowerMode=false, boostScreenBrightness=false, dozeScreenBrightness=-1, dozeScreenState=UNKNOWN, waitForNegativeProximity=false
12-24 17:22:17.831  1125  1282 D PowerManagerNotifier: onWakeLockAcquired: flags=1, tag="NetworkStats", packageName=android, ownerUid=1000, ownerPid=1125, workSource=null
12-24 17:22:17.832  1125  1282 V NetworkStats: updateIfacesLocked()
12-24 17:22:17.832  1125  1282 V NetworkStats: performPollLocked(flags=0x1)
12-24 17:22:17.833  1125  1282 D NetdConnector: SND -> {211 bandwidth gettetherstats}
12-24 17:22:17.833   415  1085 D FrameworkListener: dispatchCommand data = (211 bandwidth gettetherstats)
12-24 17:22:17.833   415  1085 D SocketClient: SocketClient sendData done: 200 211 Tethering stats list completed
12-24 17:22:17.833  1125  1275 D NetdConnector: RCV <- {200 211 Tethering stats list completed}
12-24 17:22:17.834  1125  1282 D NetdConnector: RMV <- {200 211 Tethering stats list completed}
12-24 17:22:17.834  1125  1125 D WifiNotificationController: Received NETWORK_STATE_CHANGED_ACTION, mNetworkInfo:[type: WIFI[], state: DISCONNECTED/DISCONNECTED, reason: (unspecified), extra: <unknown ssid>, roaming: false, failover: false, isAvailable: true]
12-24 17:22:17.834  1125  1125 D WifiService: onReceive, action:android.net.wifi.STATE_CHANGE
12-24 17:22:17.834  1125  1153 I WifiDisplayController: Received NETWORK_STATE_CHANGED,con:false,SSID:null,Freq:0,netId:-1, updated:true
12-24 17:22:17.836  1125  1282 W NetworkStatsRecorder: unknown interfaces [lo, p2p0], ignoring those stats
12-24 17:22:17.836  1125  1282 W NetworkStatsRecorder: unknown interfaces [lo, p2p0], ignoring those stats
12-24 17:22:17.836  1125  1282 W NetworkStatsRecorder: unknown interfaces [lo, p2p0], ignoring those stats
12-24 17:22:17.837  1125  1282 W NetworkStatsRecorder: unknown interfaces [lo, p2p0], ignoring those stats
12-24 17:22:17.837  1125  1282 V NetworkStats: performPollLocked() took 5ms
12-24 17:22:17.846  1125  1279 D AlarmManager: manual remove option = PendingIntent{887ed35: PendingIntentRecord{82455ca android broadcastIntent key.isShadow:false}}
12-24 17:22:17.848  1125  1125 D WifiNotificationController: Received NETWORK_STATE_CHANGED_ACTION, mNetworkInfo:[type: WIFI[], state: DISCONNECTED/DISCONNECTED, reason: (unspecified), extra: <unknown ssid>, roaming: false, failover: false, isAvailable: true]
12-24 17:22:17.848  1125  1125 D WifiService: onReceive, action:android.net.wifi.STATE_CHANGE
12-24 17:22:17.848  1125  1153 I WifiDisplayController: Received NETWORK_STATE_CHANGED,con:false,SSID:null,Freq:0,netId:-1, updated:false
12-24 17:22:17.850  1125  1282 V ActivityManager: Broadcast: Intent { act=com.android.server.action.NETWORK_STATS_UPDATED flg=0x40000010 FromType=0xffffffff mCallingUid=1000 } ordered=false userid=-1 callerApp=ProcessRecord{10a63b2 1125:system/1000, isShadow:false}
12-24 17:22:17.851  1125  1279 V ActivityManager: Broadcast sticky: Intent { act=wifi_scan_available flg=0x4000010 FromType=0xffffffff mCallingUid=1000 (has extras) } ordered=false userid=-1 callerApp=ProcessRecord{10a63b2 1125:system/1000, isShadow:false}
12-24 17:22:17.851  1125  1282 D PowerManagerNotifier: onWakeLockReleased: flags=1, tag="NetworkStats", packageName=android, ownerUid=1000, ownerPid=1125, workSource=null
12-24 17:22:17.851  1125  1282 W AppOps  : Finishing op nesting under-run: uid 1000 pkg android code 40 time=0 duration=0 nesting=0
12-24 17:22:17.851  1125  1282 D DisplayPowerController: requestPowerState: policy=BRIGHT, useProximitySensor=false, screenBrightness=4, screenAutoBrightnessAdjustment=0.0, brightnessSetByUser=true, useAutoBrightness=false, blockScreenOn=false, lowPowerMode=false, boostScreenBrightness=false, dozeScreenBrightness=-1, dozeScreenState=UNKNOWN, waitForNegativeProximity=false
12-24 17:22:17.851  1125  1282 D ConnectivityService: notifyType LOST for NetworkAgentInfo [WIFI () - 1001]
12-24 17:22:17.851  1125  1282 D ConnectivityService:  sending notification for NetworkRequest [ id=1, legacyType=-1, [ Capabilities: INTERNET&NOT_RESTRICTED&TRUSTED&NOT_VPN] ]
12-24 17:22:17.851  1125  1282 D ConnectivityService:  sending notification for NetworkRequest [ id=3, legacyType=-1, [ Capabilities: INTERNET&NOT_RESTRICTED&TRUSTED&NOT_VPN] ]
12-24 17:22:17.851  1125  1282 D ConnectivityService: sending notification LOST for NetworkRequest [ id=3, legacyType=-1, [ Capabilities: INTERNET&NOT_RESTRICTED&TRUSTED&NOT_VPN] ]
12-24 17:22:17.852  1125  1282 D ConnectivityService:  sending notification for NetworkRequest [ id=4, legacyType=-1, [] ]
12-24 17:22:17.852  1125  1279 V ActivityManager: Broadcast sticky: Intent { act=android.net.wifi.supplicant.STATE_CHANGE flg=0x24000010 FromType=0xffffffff mCallingUid=1000 (has extras) } ordered=false userid=-1 callerApp=ProcessRecord{10a63b2 1125:system/1000, isShadow:false}
12-24 17:22:17.852  1125  1282 D ConnectivityService: sending notification LOST for NetworkRequest [ id=4, legacyType=-1, [] ]
12-24 17:22:17.852  1125  1282 D ConnectivityService:  sending notification for NetworkRequest [ id=8, legacyType=-1, [ Capabilities: INTERNET&NOT_RESTRICTED&TRUSTED] ]
12-24 17:22:17.852  1125  1282 D ConnectivityService: sending notification LOST for NetworkRequest [ id=8, legacyType=-1, [ Capabilities: INTERNET&NOT_RESTRICTED&TRUSTED] ]
12-24 17:22:17.853  1125  1282 D ConnectivityService:  sending notification for NetworkRequest [ id=9, legacyType=-1, [ Capabilities: INTERNET&NOT_RESTRICTED&TRUSTED&NOT_VPN] ]
12-24 17:22:17.853  1125  1282 D ConnectivityService: sending notification LOST for NetworkRequest [ id=9, legacyType=-1, [ Capabilities: INTERNET&NOT_RESTRICTED&TRUSTED&NOT_VPN] ]
12-24 17:22:17.853  1125  1282 D ConnectivityService:  sending notification for NetworkRequest [ id=12, legacyType=-1, [ Capabilities: INTERNET&NOT_RESTRICTED&TRUSTED] ]
12-24 17:22:17.853  1125  1282 D ConnectivityService: sending notification LOST for NetworkRequest [ id=12, legacyType=-1, [ Capabilities: INTERNET&NOT_RESTRICTED&TRUSTED] ]
12-24 17:22:17.853  1125  1282 I Nat464Xlat: Stopping clatd
12-24 17:22:17.854  1125  1282 D NetdConnector: SND -> {212 clatd stop wlan0}
12-24 17:22:17.855   415  1085 D FrameworkListener: dispatchCommand data = (212 clatd stop wlan0)
12-24 17:22:17.855   415  1085 D SocketClient: SocketClient sendData done: 400 212 Clatd operation failed
12-24 17:22:17.855  1125  1275 D NetdConnector: RCV <- {400 212 Clatd operation failed}
12-24 17:22:17.855  1125  1279 V ActivityManager: Broadcast sticky: Intent { act=android.net.wifi.supplicant.STATE_CHANGE flg=0x24000010 FromType=0xffffffff mCallingUid=1000 (has extras) } ordered=false userid=-1 callerApp=ProcessRecord{10a63b2 1125:system/1000, isShadow:false}
12-24 17:22:17.855  1125  1282 D NetdConnector: RMV <- {400 212 Clatd operation failed}
12-24 17:22:17.856  1125  1282 E Nat464Xlat: Error stopping clatd: java.lang.IllegalStateException: command '212 clatd stop wlan0' failed with '400 212 Clatd operation failed'
12-24 17:22:17.856  1125  1282 D ConnectivityService: sending new Min Network Score(0): NetworkRequest [ id=1, legacyType=-1, [ Capabilities: INTERNET&NOT_RESTRICTED&TRUSTED&NOT_VPN] ]
12-24 17:22:17.857  1125  1282 D NetworkManagement: Removing idletimer
12-24 17:22:17.857  1125  1282 D NetdConnector: SND -> {213 idletimer remove wlan0 15 1}
12-24 17:22:17.857   415  1085 D FrameworkListener: dispatchCommand data = (213 idletimer remove wlan0 15 1)
12-24 17:22:17.858  1125  1971 D ConnectivityService: getActiveNetworkInfo networkInfo = null
12-24 17:22:17.861  1125  1139 D ConnectivityService: getActiveNetworkInfo networkInfo = null
12-24 17:22:17.923  1125  1140 D ConnectivityService: getActiveNetworkInfo networkInfo = null
12-24 17:22:17.923  1125  1579 D ConnectivityService: getActiveNetworkInfo networkInfo = null
12-24 17:22:17.924  1125  1608 D ConnectivityService: getActiveNetworkInfo networkInfo = null
12-24 17:22:17.924  1125  1843 W PowerManagerService: LIMIT_APP: in WorkerRunnable call setUid = 1000
12-24 17:22:17.926  1125  1279 W PowerManagerService: LIMIT_APP: getNetworkBytes use time = 2
12-24 17:22:17.927  1125  1279 D DisplayPowerController: requestPowerState: policy=BRIGHT, useProximitySensor=false, screenBrightness=4, screenAutoBrightnessAdjustment=0.0, brightnessSetByUser=true, useAutoBrightness=false, blockScreenOn=false, lowPowerMode=false, boostScreenBrightness=false, dozeScreenBrightness=-1, dozeScreenState=UNKNOWN, waitForNegativeProximity=false
12-24 17:22:17.927  1125  1975 D ConnectivityService: getActiveNetworkInfo networkInfo = null
12-24 17:22:17.928  1125  1279 D PowerManagerNotifier: onWakeLockAcquired: flags=1, tag="WifiStateMachine", packageName=android, ownerUid=1000, ownerPid=1125, workSource=null
12-24 17:22:17.930   415  1078 D NetlinkEvent: clear RA flag done
12-24 17:22:17.930   415  1078 D SocketClient: SocketClient sendData done: 600 Iface linkstate wlan0 down
12-24 17:22:17.930  1125  1275 D NetdConnector: RCV <- {600 Iface linkstate wlan0 down}
12-24 17:22:17.949  1125  1279 D PowerManagerNotifier: onWakeLockReleased: flags=1, tag="WifiStateMachine", packageName=android, ownerUid=1000, ownerPid=1125, workSource=null
12-24 17:22:17.952   415  1085 D SocketClient: SocketClient sendData done: 200 213 Remove success
12-24 17:22:17.952  1125  1275 D NetdConnector: RCV <- {200 213 Remove success}
12-24 17:22:17.953  1125  1282 D NetdConnector: RMV <- {200 213 Remove success}
12-24 17:22:17.953  1125  1279 W AppOps  : Finishing op nesting under-run: uid 1000 pkg android code 40 time=0 duration=0 nesting=0
12-24 17:22:17.953  1125  1279 D DisplayPowerController: requestPowerState: policy=BRIGHT, useProximitySensor=false, screenBrightness=4, screenAutoBrightnessAdjustment=0.0, brightnessSetByUser=true, useAutoBrightness=false, blockScreenOn=false, lowPowerMode=false, boostScreenBrightness=false, dozeScreenBrightness=-1, dozeScreenState=UNKNOWN, waitForNegativeProximity=false
12-24 17:22:17.953  1125  1843 W PowerManagerService: LIMIT_APP: in WorkerRunnable call setUid = 1000
12-24 17:22:17.955  1125  1282 W PowerManagerService: LIMIT_APP: getNetworkBytes use time = 2
12-24 17:22:17.957  1125  1282 D DisplayPowerController: requestPowerState: policy=BRIGHT, useProximitySensor=false, screenBrightness=4, screenAutoBrightnessAdjustment=0.0, brightnessSetByUser=true, useAutoBrightness=false, blockScreenOn=false, lowPowerMode=false, boostScreenBrightness=false, dozeScreenBrightness=-1, dozeScreenState=UNKNOWN, waitForNegativeProximity=false
12-24 17:22:17.957  1125  1282 D PowerManagerNotifier: onWakeLockAcquired: flags=1, tag="ConnectivityService", packageName=android, ownerUid=1000, ownerPid=1125, workSource=null
12-24 17:22:17.958  1125  1282 E CSLegacyTypeTracker: Sending DISCONNECTED broadcast for type 1 NetworkAgentInfo [WIFI () - 1001] isDefaultNetwork=true
12-24 17:22:17.958  1125  1282 D ConnectivityService: sendStickyBroadcast: action=android.net.conn.CONNECTIVITY_CHANGE
12-24 17:22:17.958  1125  1282 V ActivityManager: Broadcast sticky: Intent { act=android.net.conn.CONNECTIVITY_CHANGE flg=0x4000010 FromType=0xffffffff mCallingUid=1000 (has extras) } ordered=false userid=-1 callerApp=ProcessRecord{10a63b2 1125:system/1000, isShadow:false}
12-24 17:22:17.960  1125  1282 W BackAppResourcePolicyManager: LIMIT_APP: mPendingBroadcasts total size = 1
12-24 17:22:17.960  1125  1564 W BackAppResourcePolicyManager: LIMIT_APP: after mObject wait, size = 1, wake up.
12-24 17:22:17.960  1125  1564 D ConnectivityService: getActiveNetworkInfo networkInfo = null
12-24 17:22:17.960  1125  1564 W BackAppResourcePolicyManager: LIMIT_APP: call end contecet http://http://204.scloud.letv.com/generate_204 ret :null, ret = -1
12-24 17:22:17.961  1125  1282 W BackAppResourcePolicyManager: LIMIT_APP: mPendingBroadcasts total size = 1
12-24 17:22:17.961  1125  1282 D NetdConnector: SND -> {214 network destroy 1001}
12-24 17:22:17.961  1125  1564 W BackAppResourcePolicyManager: LIMIT_APP: before mObject wait, size = 1, wait.
12-24 17:22:17.962   415  1085 D FrameworkListener: dispatchCommand data = (214 network destroy 1001)
12-24 17:22:17.964  1125  1125 D ConnectivityService: getActiveNetworkInfo networkInfo = null
12-24 17:22:17.965  1125  1125 D ConnectivityService: getActiveNetworkInfo networkInfo = null
12-24 17:22:17.965  1125  1125 D ConnectivityService: getActiveNetworkInfo networkInfo = null
12-24 17:22:17.965  1125  1125 D ConnectivityService: getActiveNetworkInfo networkInfo = null
12-24 17:22:17.965  1125  1125 D ConnectivityService: getActiveNetworkInfo networkInfo = null
12-24 17:22:17.965  1125  1125 D ConnectivityService: getActiveNetworkInfo networkInfo = null
12-24 17:22:17.965  1125  1125 D ConnectivityService: getActiveNetworkInfo networkInfo = null
12-24 17:22:17.965  1125  1125 D ConnectivityService: getActiveNetworkInfo networkInfo = null
12-24 17:22:17.965  1125  1125 D DataShapingService: received broadcast, action is: android.net.conn.CONNECTIVITY_CHANGE
12-24 17:22:17.967  1125  1884 D ConnectivityService: getActiveNetworkInfo networkInfo = null
12-24 17:22:17.967  1125  1558 D DataShapingService: [handleMessage] msg_connectivity_changed
12-24 17:22:17.967  1125  1558 D ConnectivityService: getActiveNetworkInfo networkInfo = null
12-24 17:22:17.967  1125  1558 D DataShapingUtils: [setLteAsReport] current network isMobile|false mIsMobileConnection|false
12-24 17:22:17.967  1125  1962 D ConnectivityService: getActiveNetworkInfo networkInfo = null
12-24 17:22:17.972  1125  1125 W ContextImpl: Calling a method in the system process without a qualified user: android.app.ContextImpl.sendBroadcast:768 com.android.server.net.NetworkPolicyManagerService$2.onReceive:442 android.app.LoadedApk$ReceiverDispatcher$Args.run:922 android.os.Handler.handleCallback:815 android.os.Handler.dispatchMessage:104 
12-24 17:22:17.973  1125  1975 D ConnectivityService: getActiveNetworkInfo networkInfo = null
12-24 17:22:17.977  1125  1975 D ConnectivityService: getActiveNetworkInfo networkInfo = null
12-24 17:22:17.977  1125  1975 D ConnectivityService: getActiveNetworkInfo networkInfo = null
12-24 17:22:17.977  1125  1975 D ConnectivityService: getActiveNetworkInfo networkInfo = null
12-24 17:22:17.981  1125  1125 V ActivityManager: Broadcast: Intent { act=android.intent.action.UPDATE_REALTIME_SPEED flg=0x10 FromType=0xffffffff mCallingUid=1000 (has extras) } ordered=false userid=0 callerApp=ProcessRecord{10a63b2 1125:system/1000, isShadow:false}
12-24 17:22:17.982  1125  1884 D ConnectivityService: getActiveNetworkInfo networkInfo = null
12-24 17:22:17.982  1125  1884 D ConnectivityService: getActiveNetworkInfo networkInfo = null
12-24 17:22:17.983  1125  1884 D ConnectivityService: getActiveNetworkInfo networkInfo = null
12-24 17:22:17.983  1125  1884 D ConnectivityService: getActiveNetworkInfo networkInfo = null
12-24 17:22:17.984  1125  1975 D ConnectivityService: getActiveNetworkInfo networkInfo = null
12-24 17:22:17.990  1125  1971 D ConnectivityService: getActiveNetworkInfo networkInfo = null
12-24 17:22:17.997  1125  1579 D ConnectivityService: getActiveNetworkInfo networkInfo = null
12-24 17:22:17.997  1125  1579 D ConnectivityService: getActiveNetworkInfo networkInfo = null
12-24 17:22:17.997  1125  1579 D ConnectivityService: getActiveNetworkInfo networkInfo = null
12-24 17:22:17.999  1125  1699 D ConnectivityService: getActiveNetworkInfo networkInfo = null
12-24 17:22:17.999  1125  1699 D ConnectivityService: getActiveNetworkInfo networkInfo = null
12-24 17:22:18.000  1125  1698 D ConnectivityService: getActiveNetworkInfo networkInfo = null
12-24 17:22:18.000  1125  1698 D ConnectivityService: getActiveNetworkInfo networkInfo = null
12-24 17:22:18.000  1125  1698 D ConnectivityService: getActiveNetworkInfo networkInfo = null
12-24 17:22:18.000  1125  1884 D ConnectivityService: getActiveNetworkInfo networkInfo = null
12-24 17:22:18.000  1125  1698 D ConnectivityService: getActiveNetworkInfo networkInfo = null
12-24 17:22:18.001  1125  1698 D ConnectivityService: getActiveNetworkInfo networkInfo = null
12-24 17:22:18.001  1125  1975 D ConnectivityService: getActiveNetworkInfo networkInfo = null
12-24 17:22:18.001  1125  1698 D ConnectivityService: getActiveNetworkInfo networkInfo = null
12-24 17:22:18.002  1125  1139 D ConnectivityService: getActiveNetworkInfo networkInfo = null
12-24 17:22:18.002  1125  1140 D ConnectivityService: getActiveNetworkInfo networkInfo = null
12-24 17:22:18.005  1125  1139 D AlarmManager: manual remove option = PendingIntent{d0c53aa: PendingIntentRecord{f399b9b com.leeco.regservice broadcastIntent key.isShadow:false}}
12-24 17:22:18.008  1125  1277 D ConnectivityService: getNetworkIfCreated
12-24 17:22:18.008  1125  1277 D NetworkPolicy: getNetworkIfCreated: mmsNetwork =null
12-24 17:22:18.012  1125  1843 W PowerManagerService: LIMIT_APP: in WorkerRunnable call setUid = 1000
12-24 17:22:18.013  1125  1143 W PowerManagerService: LIMIT_APP: getNetworkBytes use time = 2
12-24 17:22:18.024  1125  1277 V NetworkStats: advisePersistThreshold() given 9223372036854775, clamped to 2097152
12-24 17:22:18.024  1125  1277 V NetworkStatsRecorder: setPersistThreshold() with 2097152
12-24 17:22:18.024  1125  1277 V NetworkStatsRecorder: setPersistThreshold() with 2097152
12-24 17:22:18.024  1125  1277 V NetworkStatsRecorder: setPersistThreshold() with 2097152
12-24 17:22:18.024  1125  1277 V NetworkStatsRecorder: setPersistThreshold() with 2097152
12-24 17:22:18.024  1125  1277 V NetworkStatsRecorder: setPersistThreshold() with 2097152
12-24 17:22:18.024  1125  1277 D NetworkStatsRecorder: forcePersistLocked() writing for uid
12-24 17:22:18.036  1125  1139 D AlarmManager: manual remove option = PendingIntent{dd2ab38: PendingIntentRecord{82e2711 com.leeco.regservice broadcastIntent key.isShadow:false}}
12-24 17:22:18.038  1125  1140 D ConnectivityService: getActiveNetworkInfo networkInfo = null
12-24 17:22:18.038  1125  1962 D ConnectivityService: getActiveNetworkInfo networkInfo = null
12-24 17:22:18.039  1125  1653 D ConnectivityService: getActiveNetworkInfo networkInfo = null
12-24 17:22:18.039  1125  1971 D ConnectivityService: getActiveNetworkInfo networkInfo = null
12-24 17:22:18.041  1125  1971 D AlarmManager: manual remove option = PendingIntent{3b40076: PendingIntentRecord{d0c5677 com.leeco.regservice broadcastIntent key.isShadow:false}}
12-24 17:22:18.041  1125  1699 D ConnectivityService: getActiveNetworkInfo networkInfo = null
12-24 17:22:18.041  1125  1277 D NetdConnector: SND -> {215 bandwidth setglobalalert 2097152}
12-24 17:22:18.042  1125  1139 D ConnectivityService: getActiveNetworkInfo networkInfo = null
12-24 17:22:18.042  1125  1962 D ConnectivityService: getActiveNetworkInfo networkInfo = null
12-24 17:22:18.042  1125  1653 D ConnectivityService: getActiveNetworkInfo networkInfo = null
12-24 17:22:18.042  1125  1962 V AlarmManager: APP set(PendingIntent{7a342e4: PendingIntentRecord{d0c5677 com.leeco.regservice broadcastIntent key.isShadow:false}}) : type=2 triggerAtTime=59936196 win=0 tElapsed=59936196 maxElapsed=59936196 interval=0 flags=0x9
12-24 17:22:18.043  1125  1140 D ConnectivityService: getActiveNetworkInfo networkInfo = null
12-24 17:22:18.043  1125  1143 D DisplayPowerController: requestPowerState: policy=BRIGHT, useProximitySensor=false, screenBrightness=4, screenAutoBrightnessAdjustment=0.0, brightnessSetByUser=true, useAutoBrightness=false, blockScreenOn=false, lowPowerMode=false, boostScreenBrightness=false, dozeScreenBrightness=-1, dozeScreenState=UNKNOWN, waitForNegativeProximity=false
12-24 17:22:18.043  1125  1143 D PowerManagerNotifier: onWakeLockAcquired: flags=1, tag="GpsLocationProvider", packageName=android, ownerUid=1000, ownerPid=1125, workSource=null
12-24 17:22:18.044  1125  1962 D ConnectivityService: getActiveNetworkInfo networkInfo = null
12-24 17:22:18.044  1125  1884 D ConnectivityService: getActiveNetworkInfo networkInfo = null
12-24 17:22:18.044  1125  1698 D ConnectivityService: getActiveNetworkInfo networkInfo = null
12-24 17:22:18.045  1125  1140 D ConnectivityService: getActiveNetworkInfo networkInfo = null
12-24 17:22:18.045  1125  1139 D ConnectivityService: getActiveNetworkInfo networkInfo = null
12-24 17:22:18.045  2147  2147 D ActivityThread: SVC-Calling onStartCommand: com.yidian.news.HipuService@7bd45a4, flags=0, startId=4
12-24 17:22:18.046  1125  1971 D ConnectivityService: getActiveNetworkInfo networkInfo = null
12-24 17:22:18.046  2147  2147 D ActivityThread: SVC-SERVICE_ARGS handled : 0 / ServiceArgsData{token=android.os.BinderProxy@372aa55 startId=4 args=Intent { FromType=0xffffffff mCallingUid=10010 cmp=com.android.launcher3/com.yidian.news.HipuService (has extras) }}
12-24 17:22:18.047  1125  1140 D ConnectivityService: getActiveNetworkInfo networkInfo = null
12-24 17:22:18.049  1125  1140 D ConnectivityService: getActiveNetworkInfo networkInfo = null
12-24 17:22:18.049  1125  1653 V AlarmManager: APP set(PendingIntent{f3d234d: PendingIntentRecord{857ae02 com.leeco.regservice broadcastIntent key.isShadow:false}}) : type=2 triggerAtTime=149820556 win=0 tElapsed=149820556 maxElapsed=149820556 interval=0 flags=0x9
12-24 17:22:18.051  1125  1699 D ConnectivityService: getActiveNetworkInfo networkInfo = null
12-24 17:22:18.051  1125  1975 V AlarmManager: APP set(PendingIntent{be5e313: PendingIntentRecord{6f2f785 com.android.launcher3 startService key.isShadow:false}}) : type=2 triggerAtTime=20879513 win=-1 tElapsed=20879513 maxElapsed=34379513 interval=18000000 flags=0x0
12-24 17:22:18.051  1125  1975 D AlarmManager: remove(operation) changed bounds; rebatching operation = PendingIntent{be5e313: PendingIntentRecord{6f2f785 com.android.launcher3 startService key.isShadow:false}}
12-24 17:22:18.051  1125  1975 D AlarmManager: rebatchAllAlarmsLocked begin oldBatches count = 65
12-24 17:22:18.051  1125  1975 D AlarmManager: rebatchAllAlarmsLocked  batch.size() = 1
12-24 17:22:18.051  1125  1975 D AlarmManager: rebatchAllAlarmsLocked  batch.size() = 1
12-24 17:22:18.052  1125  1975 D AlarmManager: rebatchAllAlarmsLocked  batch.size() = 1
12-24 17:22:18.052  1125  1975 D AlarmManager: rebatchAllAlarmsLocked  batch.size() = 3
12-24 17:22:18.052  1125  1975 D AlarmManager:  alarm = Alarm{da5962b type 0 when 1514107434734 com.tencent.mm} add to Batch{fc3a950 num=1 leuiTimeAlign=false start=2976204 end=3201204}
12-24 17:22:18.052  1125  1975 D AlarmManager:  alarm = Alarm{d235a47 type 1 when 1514107537046 com.letv.app.appstore} add to Batch{fc3a950 num=2 leuiTimeAlign=false start=2976204 end=3201204}
12-24 17:22:18.052  1125  1975 D AlarmManager: rebatchAllAlarmsLocked  batch.size() = 1
12-24 17:22:18.052  1125  1975 D AlarmManager: rebatchAllAlarmsLocked  batch.size() = 1
12-24 17:22:18.052  1125  1975 D AlarmManager: rebatchAllAlarmsLocked  batch.size() = 2
12-24 17:22:18.052  1125  1975 D AlarmManager:  alarm = Alarm{d603444 type 3 when 3637328 com.stv.stvpush} add to Batch{7c5a749 num=1 leuiTimeAlign=false start=3393552 end=3779081}
12-24 17:22:18.052  1125  1975 D AlarmManager: rebatchAllAlarmsLocked  batch.size() = 1
12-24 17:22:18.052  1125  1975 D AlarmManager: rebatchAllAlarmsLocked  batch.size() = 1
12-24 17:22:18.052  1125  1975 D AlarmManager: rebatchAllAlarmsLocked  batch.size() = 2
12-24 17:22:18.052  1125  1975 D AlarmManager:  alarm = Alarm{fa2d7e3 type 3 when 3675227 com.letv.android.powercontroller} add to Batch{396a84e num=1 leuiTimeAlign=false start=3627658 end=4977658 flgs=0x8}
12-24 17:22:18.052  1125  1975 D AlarmManager: rebatchAllAlarmsLocked  batch.size() = 1
12-24 17:22:18.052  1125  1975 D AlarmManager: rebatchAllAlarmsLocked  batch.size() = 1
12-24 17:22:18.052  1125  1975 D AlarmManager: rebatchAllAlarmsLocked  batch.size() = 3
12-24 17:22:18.052  1125  1975 D AlarmManager:  alarm = Alarm{6366a37 type 1 when 1514118908082 com.android.launcher3} add to Batch{8c19d6f num=1 leuiTimeAlign=false start=15941888 end=16841888}
12-24 17:22:18.052  1125  1975 D AlarmManager:  alarm = Alarm{e0bd0d type 1 when 1514118912921 com.android.dialer} add to Batch{8c19d6f num=2 leuiTimeAlign=false start=15941888 end=16841888}
12-24 17:22:18.052  1125  1975 D AlarmManager: rebatchAllAlarmsLocked  batch.size() = 3
12-24 17:22:18.052  1125  1975 D AlarmManager:  alarm = Alarm{d4fc383 type 1 when 1514131200000 com.android.launcher3} add to Batch{b420a7c num=1 leuiTimeAlign=false start=25570321 end=90370321 flgs=0x8}
12-24 17:22:18.052  1125  1975 D AlarmManager:  alarm = Alarm{7e2b120 type 1 when 1514131200000 com.android.systemui} add to Batch{b420a7c num=2 leuiTimeAlign=false start=26741462 end=44637923 flgs=0x8}
12-24 17:22:18.052  1125  1975 D AlarmManager: rebatchAllAlarmsLocked  batch.size() = 1
12-24 17:22:18.052  1125  1975 D AlarmManager: rebatchAllAlarmsLocked  batch.size() = 1
12-24 17:22:18.052  1125  1975 D AlarmManager: rebatchAllAlarmsLocked  batch.size() = 1
12-24 17:22:18.052  1125  1975 D AlarmManager: rebatchAllAlarmsLocked  batch.size() = 1
12-24 17:22:18.053  1125  1975 D AlarmManager: rebatchAllAlarmsLocked  batch.size() = 1
12-24 17:22:18.053  1125  1975 D AlarmManager: rebatchAllAlarmsLocked  batch.size() = 1
12-24 17:22:18.053  1125  1975 D AlarmManager: rebatchAllAlarmsLocked  batch.size() = 1
12-24 17:22:18.053  1125  1975 D AlarmManager: rebatchAllAlarmsLocked  batch.size() = 1
12-24 17:22:18.053  1125  1975 D AlarmManager: rebatchAllAlarmsLocked  batch.size() = 1
12-24 17:22:18.053  1125  1975 D AlarmManager: rebatchAllAlarmsLocked  batch.size() = 1
12-24 17:22:18.053  1125  1975 D AlarmManager: rebatchAllAlarmsLocked  batch.size() = 1
12-24 17:22:18.053  1125  1975 D AlarmManager: rebatchAllAlarmsLocked  batch.size() = 1
12-24 17:22:18.053  1125  1975 D AlarmManager: rebatchAllAlarmsLocked  batch.size() = 1
12-24 17:22:18.053  1125  1975 D AlarmManager: rebatchAllAlarmsLocked  batch.size() = 1
12-24 17:22:18.053  1125  1975 D AlarmManager: rebatchAllAlarmsLocked  batch.size() = 1
12-24 17:22:18.053  1125  1975 D AlarmManager: rebatchAllAlarmsLocked  batch.size() = 1
12-24 17:22:18.053  1125  1975 D AlarmManager: rebatchAllAlarmsLocked  batch.size() = 1
12-24 17:22:18.053  1125  1971 D AlarmManager: manual remove option = PendingIntent{2386f05: PendingIntentRecord{6b8fb5a com.leeco.regservice broadcastIntent key.isShadow:false}}
12-24 17:22:18.053  1125  1975 D AlarmManager: rebatchAllAlarmsLocked  batch.size() = 2
12-24 17:22:18.054  1125  1975 D AlarmManager:  alarm = Alarm{610a3 type 1 when 1514173161197 com.letv.android.powercontroller} add to Batch{af4a18b num=1 leuiTimeAlign=false start=26843484 end=91643484 flgs=0x8}
12-24 17:22:18.054  1125  1975 D AlarmManager: rebatchAllAlarmsLocked  batch.size() = 1
12-24 17:22:18.054  1125  1975 D AlarmManager: rebatchAllAlarmsLocked  batch.size() = 1
12-24 17:22:18.054  1125  1975 D AlarmManager: rebatchAllAlarmsLocked  batch.size() = 1
12-24 17:22:18.054  1125  1975 D AlarmManager:  alarm = Alarm{7349c13 type 3 when 86400000 se.dirac.acs} add to Batch{af4a18b num=2 leuiTimeAlign=false start=68702659 end=91643484 flgs=0x8}
12-24 17:22:18.054  1125  1975 D AlarmManager: rebatchAllAlarmsLocked  batch.size() = 1
12-24 17:22:18.054  1125  1975 D AlarmManager: rebatchAllAlarmsLocked  batch.size() = 1
12-24 17:22:18.054  1125  1975 D AlarmManager: rebatchAllAlarmsLocked  batch.size() = 1
12-24 17:22:18.054  1125  1975 D AlarmManager: rebatchAllAlarmsLocked  batch.size() = 1
12-24 17:22:18.054  1125  1975 D AlarmManager: rebatchAllAlarmsLocked  batch.size() = 1
12-24 17:22:18.054  1125  1975 D AlarmManager: rebatchAllAlarmsLocked  batch.size() = 1
12-24 17:22:18.054  1125  1975 D AlarmManager: rebatchAllAlarmsLocked  batch.size() = 1
12-24 17:22:18.054  1125  1975 D AlarmManager: rebatchAllAlarmsLocked  batch.size() = 1
12-24 17:22:18.054  1125  1975 D AlarmManager: rebatchAllAlarmsLocked  batch.size() = 1
12-24 17:22:18.054  1125  1975 D AlarmManager: rebatchAllAlarmsLocked  batch.size() = 1
12-24 17:22:18.054  1125  1975 D AlarmManager: rebatchAllAlarmsLocked  batch.size() = 1
12-24 17:22:18.054  1125  1975 D AlarmManager: rebatchAllAlarmsLocked  batch.size() = 1
12-24 17:22:18.054  1125  1975 D AlarmManager: rebatchAllAlarmsLocked  batch.size() = 1
12-24 17:22:18.054  1125  1975 D AlarmManager: rebatchAllAlarmsLocked  batch.size() = 1
12-24 17:22:18.054  1125  1975 D AlarmManager: rebatchAllAlarmsLocked  batch.size() = 1
12-24 17:22:18.054  1125  1975 D AlarmManager: rebatchAllAlarmsLocked  batch.size() = 1
12-24 17:22:18.054  1125  1975 D AlarmManager: rebatchAllAlarmsLocked  batch.size() = 1
12-24 17:22:18.054  1125  1975 D AlarmManager: rebatchAllAlarmsLocked  batch.size() = 1
12-24 17:22:18.054  1125  1975 D AlarmManager: rebatchAllAlarmsLocked  batch.size() = 1
12-24 17:22:18.054  1125  1975 D AlarmManager: rebatchAllAlarmsLocked  batch.size() = 1
12-24 17:22:18.054  1125  1975 D AlarmManager: rebatchAllAlarmsLocked  batch.size() = 1
12-24 17:22:18.054  1125  1975 D AlarmManager: rebatchAllAlarmsLocked  batch.size() = 1
12-24 17:22:18.054  1125  1975 D AlarmManager: rebatchAllAlarmsLocked  batch.size() = 1
12-24 17:22:18.054  1125  1975 D AlarmManager: rebatchAllAlarmsLocked  batch.size() = 1
12-24 17:22:18.054  1125  1975 D AlarmManager: rebatchAllAlarmsLocked  batch.size() = 1
12-24 17:22:18.055  1125  1975 D AlarmManager: rebatchAllAlarmsLocked  batch.size() = 1
12-24 17:22:18.055  1125  1975 D AlarmManager: rebatchAllAlarmsLocked  batch.size() = 1
12-24 17:22:18.055  1125  1975 D AlarmManager: rebatchAllAlarmsLocked  batch.size() = 1
12-24 17:22:18.055  1125  1975 D AlarmManager: rebatchAllAlarmsLocked  batch.size() = 1
12-24 17:22:18.055  1125  1975 D AlarmManager: rebatchAllAlarmsLocked  batch.size() = 1
12-24 17:22:18.055  1125  1975 D AlarmManager:  alarm = Alarm{fe35268 type 2 when 20879513 com.android.launcher3} add to Batch{b420a7c num=3 leuiTimeAlign=false start=26741462 end=44637923 flgs=0x8}
12-24 17:22:18.055  1125  1579 D ConnectivityService: getActiveNetworkInfo networkInfo = null
12-24 17:22:18.058  1125  1962 D ConnectivityService: getActiveNetworkInfo networkInfo = null
12-24 17:22:18.061  1125  1975 D AlarmManager: manual remove option = PendingIntent{b55f681: PendingIntentRecord{d7b7326 com.leeco.regservice broadcastIntent key.isShadow:false}}
12-24 17:22:18.061  1125  1699 D ConnectivityService: getActiveNetworkInfo networkInfo = null
12-24 17:22:18.061  1125  1279 V ActivityManager: Broadcast sticky: Intent { act=android.net.wifi.STATE_CHANGE flg=0x4000010 FromType=0xffffffff mCallingUid=1000 (has extras) } ordered=false userid=-1 callerApp=ProcessRecord{10a63b2 1125:system/1000, isShadow:false}
12-24 17:22:18.062  1125  1579 D ConnectivityService: getActiveNetworkInfo networkInfo = null
12-24 17:22:18.062  1125  1971 V AlarmManager: APP set(PendingIntent{9cb67: PendingIntentRecord{d7b7326 com.leeco.regservice broadcastIntent key.isShadow:false}}) : type=2 triggerAtTime=149820579 win=0 tElapsed=149820579 maxElapsed=149820579 interval=0 flags=0x9
12-24 17:22:18.063  1125  1125 D WifiNotificationController: Received NETWORK_STATE_CHANGED_ACTION, mNetworkInfo:[type: WIFI[], state: DISCONNECTED/DISCONNECTED, reason: (unspecified), extra: 0x, roaming: false, failover: false, isAvailable: true]
12-24 17:22:18.063  1125  1153 I WifiDisplayController: Received NETWORK_STATE_CHANGED,con:false,SSID:null,Freq:0,netId:-1, updated:false
12-24 17:22:18.063  1125  1125 D WifiService: onReceive, action:android.net.wifi.STATE_CHANGE
12-24 17:22:18.067  1125  1139 D ConnectivityService: getActiveNetworkInfo networkInfo = null
12-24 17:22:18.068  1125  1698 D ConnectivityService: getActiveNetworkInfo networkInfo = null
12-24 17:22:18.069  1125  1143 D PowerManagerNotifier: onWakeLockReleased: flags=1, tag="GpsLocationProvider", packageName=android, ownerUid=1000, ownerPid=1125, workSource=null
12-24 17:22:18.069  1125  1143 W AppOps  : Finishing op nesting under-run: uid 1000 pkg android code 40 time=0 duration=0 nesting=0
12-24 17:22:18.069  1125  1143 D DisplayPowerController: requestPowerState: policy=BRIGHT, useProximitySensor=false, screenBrightness=4, screenAutoBrightnessAdjustment=0.0, brightnessSetByUser=true, useAutoBrightness=false, blockScreenOn=false, lowPowerMode=false, boostScreenBrightness=false, dozeScreenBrightness=-1, dozeScreenState=UNKNOWN, waitForNegativeProximity=false
12-24 17:22:18.077  1125  1279 V ActivityManager: Broadcast sticky: Intent { act=wifi_scan_available flg=0x4000010 FromType=0xffffffff mCallingUid=1000 (has extras) } ordered=false userid=-1 callerApp=ProcessRecord{10a63b2 1125:system/1000, isShadow:false}
12-24 17:22:18.077   415  1085 D SocketClient: SocketClient sendData done: 200 214 success
12-24 17:22:18.078   415  1085 D FrameworkListener: dispatchCommand data = (215 bandwidth setglobalalert 2097152)
12-24 17:22:18.078  1125  1275 D NetdConnector: RCV <- {200 214 success}
12-24 17:22:18.078   415  1085 D SocketClient: SocketClient sendData done: 200 215 Bandwidth command succeeeded
12-24 17:22:18.078  1125  1275 D NetdConnector: RCV <- {200 215 Bandwidth command succeeeded}
12-24 17:22:18.078  1125  1277 D NetdConnector: RMV <- {200 215 Bandwidth command succeeeded}
12-24 17:22:18.079  1125  1277 D ConnectivityService: onMeteredIfacesChanged(ifaces=[])
12-24 17:22:18.080  1125  1279 V ActivityManager: Broadcast sticky: Intent { act=android.net.wifi.STATE_CHANGE flg=0x4000010 FromType=0xffffffff mCallingUid=1000 (has extras) } ordered=false userid=-1 callerApp=ProcessRecord{10a63b2 1125:system/1000, isShadow:false}
12-24 17:22:18.080  1125  1282 D NetdConnector: RMV <- {200 214 success}
12-24 17:22:18.080  1125  1282 E ConnectivityService: EVENT_NETWORK_INFO_CHANGED from unknown NetworkAgent
12-24 17:22:18.081  1125  1279 V ActivityManager: Broadcast sticky: Intent { act=android.net.wifi.supplicant.STATE_CHANGE flg=0x24000010 FromType=0xffffffff mCallingUid=1000 (has extras) } ordered=false userid=-1 callerApp=ProcessRecord{10a63b2 1125:system/1000, isShadow:false}
12-24 17:22:18.083  1125  1125 D WifiNotificationController: Received NETWORK_STATE_CHANGED_ACTION, mNetworkInfo:[type: WIFI[], state: DISCONNECTED/SCANNING, reason: (unspecified), extra: 0x, roaming: false, failover: false, isAvailable: true]
12-24 17:22:18.083  1125  1125 D WifiService: onReceive, action:android.net.wifi.STATE_CHANGE
12-24 17:22:18.084  1125  1153 I WifiDisplayController: Received NETWORK_STATE_CHANGED,con:false,SSID:null,Freq:0,netId:-1, updated:false
12-24 17:22:18.088  1125  2028 D AlarmManager: manual remove option = PendingIntent{510f599: PendingIntentRecord{63605e android broadcastIntent key.isShadow:false}}
12-24 17:22:18.088  1125  2028 D AlarmManager: remove(operation) changed bounds; rebatching operation = PendingIntent{510f599: PendingIntentRecord{63605e android broadcastIntent key.isShadow:false}}
12-24 17:22:18.088  1125  2028 D AlarmManager: rebatchAllAlarmsLocked begin oldBatches count = 64
