12-24 17:22:00.283  9473  9485 I ActivityThreadEui: schedulePauseActivity com.tianyancha.skyeye.invite.AccountHistoryActivity finished=true userLeaving=false configChanges=0 dontReport=false
12-24 17:22:00.285  1125  2152 W PowerManagerService: LIMIT_APP: getNetworkBytes use time = 2
12-24 17:22:00.285  1125  1843 W PowerManagerService: LIMIT_APP: in WorkerRunnable call setUid = 1000
12-24 17:22:00.287  1125  2152 W PowerManagerService: LIMIT_APP: getNetworkBytes use time = 2
12-24 17:22:00.287  1125  2152 D DisplayPowerController: requestPowerState: policy=BRIGHT, useProximitySensor=false, screenBrightness=4, screenAutoBrightnessAdjustment=0.0, brightnessSetByUser=true, useAutoBrightness=false, blockScreenOn=false, lowPowerMode=false, boostScreenBrightness=false, dozeScreenBrightness=-1, dozeScreenState=UNKNOWN, waitForNegativeProximity=false
12-24 17:22:00.287  1125  2152 D PowerManagerNotifier: onWakeLockAcquired: flags=1, tag="*launch*", packageName=android, ownerUid=1000, ownerPid=1125, workSource=WorkSource{10140}
12-24 17:22:00.289  1125  2167 W ActivityManager: Duplicate finish request for ActivityRecord{f1fe065 u0 com.tianyancha.skyeye/.invite.AccountHistoryActivity, isShadow:false t15 f}
12-24 17:22:00.290  9473  9473 D ActivityThread: ACT-AM_ON_PAUSE_CALLED ActivityRecord{a5e565b token=android.os.BinderProxy@ddcaef8 {com.tianyancha.skyeye/com.tianyancha.skyeye.invite.AccountHistoryActivity}}
12-24 17:22:00.291  1125  1699 I WindowManager: setAppVisibility(Token{a0f813a ActivityRecord{f1fe065 u0 com.tianyancha.skyeye/.invite.AccountHistoryActivity, isShadow:false t15 f}}, visible=false): mNextAppTransition=TRANSIT_ACTIVITY_CLOSE hidden=false hiddenRequested=true
12-24 17:22:00.291  1125  1699 I WindowManager: setAppVisibility(Token{e007442 ActivityRecord{d101a8d u0 com.tianyancha.skyeye/.invite.InviteAwardActivity, isShadow:false t15}}, visible=true): mNextAppTransition=TRANSIT_ACTIVITY_CLOSE hidden=true hiddenRequested=true
12-24 17:22:00.298  9473  9486 I ActivityThreadEui: scheduleResumeActivity com.tianyancha.skyeye.invite.InviteAwardActivity
12-24 17:22:00.300  1125  1699 D ActivityManager: Delay resumeKeyDispatchingLocked() to avoid deadlock.
12-24 17:22:00.300  9473  9473 D ActivityThread: ACT-PAUSE_ACTIVITY_FINISHING handled : 0 / android.os.BinderProxy@ddcaef8
12-24 17:22:00.301  9473  9473 V ActivityThread: Performing resume of ActivityRecord{955661e token=android.os.BinderProxy@7adceff {com.tianyancha.skyeye/com.tianyancha.skyeye.invite.InviteAwardActivity}}
12-24 17:22:00.301  9473  9473 D ActivityThread: ACT-AM_ON_RESUME_CALLED ActivityRecord{955661e token=android.os.BinderProxy@7adceff {com.tianyancha.skyeye/com.tianyancha.skyeye.invite.InviteAwardActivity}}
12-24 17:22:00.301  9473  9473 V ActivityThread: Resume ActivityRecord{955661e token=android.os.BinderProxy@7adceff {com.tianyancha.skyeye/com.tianyancha.skyeye.invite.InviteAwardActivity}} started activity: false, hideForNow: false, finished: false
12-24 17:22:00.302  9473  9473 V ActivityThread: Resuming ActivityRecord{955661e token=android.os.BinderProxy@7adceff {com.tianyancha.skyeye/com.tianyancha.skyeye.invite.InviteAwardActivity}} with isForward=false
12-24 17:22:00.302  9473  9473 V ActivityThread: Scheduling idle handler for ActivityRecord{955661e token=android.os.BinderProxy@7adceff {com.tianyancha.skyeye/com.tianyancha.skyeye.invite.InviteAwardActivity}}
12-24 17:22:00.302  9473  9473 D ActivityThread: ACT-RESUME_ACTIVITY handled : 0 / android.os.BinderProxy@7adceff
12-24 17:22:00.310  1125  1608 I WindowManager: Relayout Window{6ca9ebc u0 com.tianyancha.skyeye/com.tianyancha.skyeye.invite.InviteAwardActivity}: viewVisibility=0 oldVisibility=8 mRelayoutCalled=true flagChanges=0x0 flags=0x5010100 receiveKey=false
12-24 17:22:00.317  1125  1608 V WindowManager: findFocusedWindow: Found new focus @ 9 = Window{6ca9ebc u0 com.tianyancha.skyeye/com.tianyancha.skyeye.invite.InviteAwardActivity}
12-24 17:22:00.318  1125  1608 V WindowManager: Changing focus from Window{5e47706 u0 com.tianyancha.skyeye/com.tianyancha.skyeye.invite.AccountHistoryActivity} to Window{6ca9ebc u0 com.tianyancha.skyeye/com.tianyancha.skyeye.invite.InviteAwardActivity} Callers=com.android.server.wm.WindowManagerService.relayoutWindow:3836 com.android.server.wm.Session.relayout:204 android.view.IWindowSession$Stub.onTransact:284 com.android.server.wm.Session.onTransact:136 
12-24 17:22:00.318  1125  1608 I WindowManager: Input focus has changed to Window{6ca9ebc u0 com.tianyancha.skyeye/com.tianyancha.skyeye.invite.InviteAwardActivity} oldFocusWindow=Window{5e47706 u0 com.tianyancha.skyeye/com.tianyancha.skyeye.invite.AccountHistoryActivity} updateInputWindow=false
12-24 17:22:00.320  1125  1153 I WindowManager: Focus moving from Window{5e47706 u0 com.tianyancha.skyeye/com.tianyancha.skyeye.invite.AccountHistoryActivity} to Window{6ca9ebc u0 com.tianyancha.skyeye/com.tianyancha.skyeye.invite.InviteAwardActivity}
12-24 17:22:00.320  1125  1153 I WindowManager: Gaining focus: Window{6ca9ebc u0 com.tianyancha.skyeye/com.tianyancha.skyeye.invite.InviteAwardActivity}
12-24 17:22:00.331  1125  2166 V InputMethodManagerService: windowGainedFocus: android.os.BinderProxy@7eb697f controlFlags=#105 softInputMode=#10 windowFlags=#5010100
12-24 17:22:00.353  1125  1153 I WindowStateAnimator: firstWindowDrawn win=Window{6ca9ebc u0 com.tianyancha.skyeye/com.tianyancha.skyeye.invite.InviteAwardActivity} null startingData
12-24 17:22:00.355  1125  1153 V WindowManager: findFocusedWindow: Found new focus @ 9 = Window{6ca9ebc u0 com.tianyancha.skyeye/com.tianyancha.skyeye.invite.InviteAwardActivity}
12-24 17:22:00.355  1125  1153 D WindowManager: notifyActivityDrawnForKeyguard: waiting=false Callers=com.android.server.wm.WindowManagerService.handleAppTransitionReadyLocked:10542 com.android.server.wm.WindowManagerService.performLayoutAndPlaceSurfacesLockedInner:11161 com.android.server.wm.WindowManagerService.performLayoutAndPlaceSurfacesLockedLoop:9891 com.android.server.wm.WindowManagerService.performLayoutAndPlaceSurfacesLocked:9838 com.android.server.wm.WindowManagerService.-wrap7:-1 
12-24 17:22:00.355  1125  1153 V WindowManager: findFocusedWindow: Found new focus @ 9 = Window{6ca9ebc u0 com.tianyancha.skyeye/com.tianyancha.skyeye.invite.InviteAwardActivity}
12-24 17:22:00.357  1125  1153 I WindowManager: Losing delayed focus: Window{5e47706 u0 com.tianyancha.skyeye/com.tianyancha.skyeye.invite.AccountHistoryActivity}
12-24 17:22:00.358  1125  1153 I WindowManager: setAppVisibility(Token{a0f813a ActivityRecord{f1fe065 u0 com.tianyancha.skyeye/.invite.AccountHistoryActivity, isShadow:false t15 f}}, visible=false): mNextAppTransition=TRANSIT_UNSET hidden=true hiddenRequested=true
12-24 17:22:00.379  1125  1267 D PowerManagerNotifier: onUserActivity: event=2, uid=1000
12-24 17:22:00.379  1125  1267 D DisplayPowerController: requestPowerState: policy=BRIGHT, useProximitySensor=false, screenBrightness=4, screenAutoBrightnessAdjustment=0.0, brightnessSetByUser=true, useAutoBrightness=false, blockScreenOn=false, lowPowerMode=false, boostScreenBrightness=false, dozeScreenBrightness=-1, dozeScreenState=UNKNOWN, waitForNegativeProximity=false
12-24 17:22:00.392  1125  1608 I WindowManager: Relayout Window{5e47706 u0 com.tianyancha.skyeye/com.tianyancha.skyeye.invite.AccountHistoryActivity}: viewVisibility=8 oldVisibility=0 mRelayoutCalled=true flagChanges=0x0 flags=0x5010100 receiveKey=false
12-24 17:22:00.393  1125  1608 V WindowManager: findFocusedWindow: Found new focus @ 9 = Window{6ca9ebc u0 com.tianyancha.skyeye/com.tianyancha.skyeye.invite.InviteAwardActivity}
12-24 17:22:00.451  1125  1884 D PowerManagerNotifier: onWakeLockReleased: flags=1, tag="*launch*", packageName=android, ownerUid=1000, ownerPid=1125, workSource=WorkSource{10140}
12-24 17:22:00.451  1125  1884 D DisplayPowerController: requestPowerState: policy=BRIGHT, useProximitySensor=false, screenBrightness=4, screenAutoBrightnessAdjustment=0.0, brightnessSetByUser=true, useAutoBrightness=false, blockScreenOn=false, lowPowerMode=false, boostScreenBrightness=false, dozeScreenBrightness=-1, dozeScreenState=UNKNOWN, waitForNegativeProximity=false
12-24 17:22:00.456  1125  1962 V WindowManager: findFocusedWindow: Found new focus @ 9 = Window{6ca9ebc u0 com.tianyancha.skyeye/com.tianyancha.skyeye.invite.InviteAwardActivity}
12-24 17:22:00.457  9473  9473 D ActivityThread: ACT-DESTROY_ACTIVITY handled : 1 / android.os.BinderProxy@ddcaef8
12-24 17:22:00.459  1125  1579 W ActivityManager: xulei call enter isTransformStartActivity !!! _component:ComponentInfo{com.tianyancha.skyeye/com.tianyancha.skyeye.SharePage},  intent:Intent { FromType=0xffffffff cmp=com.tianyancha.skyeye/.SharePage (has extras) }
12-24 17:22:00.459  1125  1579 I ActivityManager: START u0 {FromType=0xffffffff mCallingUid=10140 cmp=com.tianyancha.skyeye/.SharePage (has extras)} from uid 10140 from pid 9473 on display 0
12-24 17:22:00.459  1125  1579 I ActivityManager: sourceRecord = ActivityRecord{d101a8d u0 com.tianyancha.skyeye/.invite.InviteAwardActivity, isShadow:false t15}
12-24 17:22:00.461  1125  1579 V WindowManager: findFocusedWindow: Found new focus @ 9 = Window{6ca9ebc u0 com.tianyancha.skyeye/com.tianyancha.skyeye.invite.InviteAwardActivity}
12-24 17:22:00.463  1125  1579 V WindowManager: setAppStartingWindow: token=Token{4ca12bf ActivityRecord{d6d60de u0 com.tianyancha.skyeye/.SharePage, isShadow:false t15}} pkg=com.tianyancha.skyeye transferFrom=nullcreateIfNeeded=false
12-24 17:22:00.466  9473  9488 I ActivityThreadEui: schedulePauseActivity com.tianyancha.skyeye.invite.InviteAwardActivity finished=false userLeaving=true configChanges=0 dontReport=false
12-24 17:22:00.466  1125  1843 W PowerManagerService: LIMIT_APP: in WorkerRunnable call setUid = 10140
12-24 17:22:00.468  1125  1579 W PowerManagerService: LIMIT_APP: getNetworkBytes use time = 4
12-24 17:22:00.469  1125  1843 W PowerManagerService: LIMIT_APP: in WorkerRunnable call setUid = 1000
12-24 17:22:00.470  1125  1579 W PowerManagerService: LIMIT_APP: getNetworkBytes use time = 2
12-24 17:22:00.471  1125  1579 D DisplayPowerController: requestPowerState: policy=BRIGHT, useProximitySensor=false, screenBrightness=4, screenAutoBrightnessAdjustment=0.0, brightnessSetByUser=true, useAutoBrightness=false, blockScreenOn=false, lowPowerMode=false, boostScreenBrightness=false, dozeScreenBrightness=-1, dozeScreenState=UNKNOWN, waitForNegativeProximity=false
12-24 17:22:00.471  1125  1579 D PowerManagerNotifier: onWakeLockAcquired: flags=1, tag="*launch*", packageName=android, ownerUid=1000, ownerPid=1125, workSource=WorkSource{10140}
12-24 17:22:00.472  1125  1579 V WindowManager: findFocusedWindow: Found new focus @ 9 = Window{6ca9ebc u0 com.tianyancha.skyeye/com.tianyancha.skyeye.invite.InviteAwardActivity}
12-24 17:22:00.474  1125  1579 V WindowManager: Set focused app to: AppWindowToken{a7a5d8c token=Token{4ca12bf ActivityRecord{d6d60de u0 com.tianyancha.skyeye/.SharePage, isShadow:false t15}}} old focus=AppWindowToken{6a9cc53 token=Token{e007442 ActivityRecord{d101a8d u0 com.tianyancha.skyeye/.invite.InviteAwardActivity, isShadow:false t15}}} moveFocusNow=true
12-24 17:22:00.474  1125  1579 I WindowManager: Set focused app to: AppWindowToken{a7a5d8c token=Token{4ca12bf ActivityRecord{d6d60de u0 com.tianyancha.skyeye/.SharePage, isShadow:false t15}}} old focus=AppWindowToken{6a9cc53 token=Token{e007442 ActivityRecord{d101a8d u0 com.tianyancha.skyeye/.invite.InviteAwardActivity, isShadow:false t15}}} moveFocusNow=true
12-24 17:22:00.476  1125  1579 V WindowManager: findFocusedWindow: Reached focused app=AppWindowToken{a7a5d8c token=Token{4ca12bf ActivityRecord{d6d60de u0 com.tianyancha.skyeye/.SharePage, isShadow:false t15}}}
12-24 17:22:00.477  1125  1579 V WindowManager: Changing focus from Window{6ca9ebc u0 com.tianyancha.skyeye/com.tianyancha.skyeye.invite.InviteAwardActivity} to null Callers=com.android.server.wm.WindowManagerService.setFocusedApp:4708 com.android.server.am.ActivityManagerService.setFocusedActivityLocked:3090 com.android.server.am.ActivityStackSupervisor.startActivityUncheckedLocked:3019 com.android.server.am.ActivityStackSupervisor.startActivityLocked:1982 
12-24 17:22:00.477  1125  1579 I WindowManager: Input focus has changed to null oldFocusWindow=Window{6ca9ebc u0 com.tianyancha.skyeye/com.tianyancha.skyeye.invite.InviteAwardActivity} updateInputWindow=true
12-24 17:22:00.477  1125  1153 I WindowManager: Focus moving from Window{6ca9ebc u0 com.tianyancha.skyeye/com.tianyancha.skyeye.invite.InviteAwardActivity} to null
12-24 17:22:00.477  1125  1153 I WindowManager: Losing focus: Window{6ca9ebc u0 com.tianyancha.skyeye/com.tianyancha.skyeye.invite.InviteAwardActivity}
12-24 17:22:00.480  9473  9473 D ActivityThread: ACT-AM_ON_PAUSE_CALLED ActivityRecord{955661e token=android.os.BinderProxy@7adceff {com.tianyancha.skyeye/com.tianyancha.skyeye.invite.InviteAwardActivity}}
12-24 17:22:00.480  1125  2156 I WindowManager: setAppVisibility(Token{4ca12bf ActivityRecord{d6d60de u0 com.tianyancha.skyeye/.SharePage, isShadow:false t15}}, visible=true): mNextAppTransition=TRANSIT_ACTIVITY_OPEN hidden=true hiddenRequested=true
12-24 17:22:00.483  1125  2156 D ActivityManager: Delay resumeKeyDispatchingLocked() to avoid deadlock.
12-24 17:22:00.484  9473  9473 D ActivityThread: ACT-PAUSE_ACTIVITY handled : 1 / android.os.BinderProxy@7adceff
12-24 17:22:00.494  1125  1140 D ConnectivityService: getActiveNetworkInfo networkInfo = [type: WIFI[], state: CONNECTED/CONNECTED, reason: (unspecified), extra: "JD-office", roaming: false, failover: false, isAvailable: true]
12-24 17:22:00.496  8309  8309 D ActivityThread: SVC-Calling onStartCommand: com.letv.android.usagestats.UsageStatsReportService@30de766, flags=0, startId=54
12-24 17:22:00.497  8309  8309 D ActivityThread: SVC-SERVICE_ARGS handled : 0 / ServiceArgsData{token=android.os.BinderProxy@11493c1 startId=54 args=Intent { act=com.letv.android.usagestats.REPORT FromType=0xffffffff mCallingUid=1000 pkg=com.letv.android.usagestats (has extras) }}
12-24 17:22:00.497   415  1081 D FrameworkListener: dispatchCommand data = (getaddrinfo agnes.www.letv.com ^ 1024 0 1 0 0)
12-24 17:22:00.497  9473  9473 V ActivityThread: Handling launch of ActivityRecord{2223878 token=android.os.BinderProxy@a96cb51 {com.tianyancha.skyeye/com.tianyancha.skyeye.SharePage}} startsNotResumed=false
12-24 17:22:00.497  9473  9473 V ActivityThread: ActivityRecord{2223878 token=android.os.BinderProxy@a96cb51 {com.tianyancha.skyeye/com.tianyancha.skyeye.SharePage}}: app=com.tianyancha.skyeye.App@33e4be4, appName=com.tianyancha.skyeye, pkg=com.tianyancha.skyeye, comp={com.tianyancha.skyeye/com.tianyancha.skyeye.SharePage}, dir=/data/app/com.tianyancha.skyeye-2/base.apk
12-24 17:22:00.499   415 10194 D SocketClient: SocketClient sendData done: 222
12-24 17:22:00.499   415 10194 D SocketClient: SocketClient sendData done: 
12-24 17:22:00.499   415 10194 D SocketClient: SocketClient sendData done: 
12-24 17:22:00.499   415 10194 D SocketClient: SocketClient sendData done: 
12-24 17:22:00.499   415 10194 D SocketClient: SocketClient sendData done: 
12-24 17:22:00.499   415 10194 D SocketClient: SocketClient sendData done: 
12-24 17:22:00.499   415 10194 D SocketClient: SocketClient sendData done: 
12-24 17:22:00.499   415 10194 D SocketClient: SocketClient sendData done: 
12-24 17:22:00.499   415 10194 D SocketClient: SocketClient sendData done: 
12-24 17:22:00.499   415 10194 D SocketClient: SocketClient sendData done: 
12-24 17:22:00.500   415 10194 D SocketClient: SocketClient sendData done: 
12-24 17:22:00.500   415 10194 D SocketClient: SocketClient sendData done: 
12-24 17:22:00.500   415 10194 D SocketClient: SocketClient sendData done: 
12-24 17:22:00.500   415 10194 D SocketClient: SocketClient sendData done: 
12-24 17:22:00.500   415 10194 D SocketClient: SocketClient sendData done: 
12-24 17:22:00.500   415 10194 D SocketClient: SocketClient sendData done: 
12-24 17:22:00.500   415 10194 D SocketClient: SocketClient sendData done: 
12-24 17:22:00.500   415 10194 D SocketClient: SocketClient sendData done: 
12-24 17:22:00.501   415  1084 D SocketClient: SocketClient sendData done: 
12-24 17:22:00.501  8309  8309 D ActivityThread: SVC-Calling onStartCommand: com.letv.android.usagestats.UsageStatsReportService@30de766, flags=0, startId=55
12-24 17:22:00.501  8309  8309 D ActivityThread: SVC-SERVICE_ARGS handled : 0 / ServiceArgsData{token=android.os.BinderProxy@11493c1 startId=55 args=Intent { act=com.letv.android.usagestats.REPORT FromType=0xffffffff mCallingUid=1000 pkg=com.letv.android.usagestats (has extras) }}
12-24 17:22:00.517  9473  9473 V ActivityThread: Performing resume of ActivityRecord{2223878 token=android.os.BinderProxy@a96cb51 {com.tianyancha.skyeye/com.tianyancha.skyeye.SharePage}}
12-24 17:22:00.517  9473  9473 D ActivityThread: ACT-AM_ON_RESUME_CALLED ActivityRecord{2223878 token=android.os.BinderProxy@a96cb51 {com.tianyancha.skyeye/com.tianyancha.skyeye.SharePage}}
12-24 17:22:00.517  9473  9473 V ActivityThread: Resume ActivityRecord{2223878 token=android.os.BinderProxy@a96cb51 {com.tianyancha.skyeye/com.tianyancha.skyeye.SharePage}} started activity: false, hideForNow: false, finished: false
12-24 17:22:00.521  1125  1962 D WindowManager: addWindowToListInOrderLocked: win=Window{9971bdb u0 com.tianyancha.skyeye/com.tianyancha.skyeye.SharePage} Callers=com.android.server.wm.WindowManagerService.addWindow:2957 com.android.server.wm.Session.addToDisplay:174 android.view.IWindowSession$Stub.onTransact:124 com.android.server.wm.Session.onTransact:136 
12-24 17:22:00.522  1125  1962 I WindowManager: addWindow: window=Window{9971bdb u0 com.tianyancha.skyeye/com.tianyancha.skyeye.SharePage}
12-24 17:22:00.522  9473  9473 V ActivityThread: Resuming ActivityRecord{2223878 token=android.os.BinderProxy@a96cb51 {com.tianyancha.skyeye/com.tianyancha.skyeye.SharePage}} with isForward=true
12-24 17:22:00.522  9473  9473 V ActivityThread: Scheduling idle handler for ActivityRecord{2223878 token=android.os.BinderProxy@a96cb51 {com.tianyancha.skyeye/com.tianyancha.skyeye.SharePage}}
12-24 17:22:00.522  9473  9473 D ActivityThread: ACT-LAUNCH_ACTIVITY handled : 0 / ActivityRecord{2223878 token=android.os.BinderProxy@a96cb51 {com.tianyancha.skyeye/com.tianyancha.skyeye.SharePage}}
12-24 17:22:00.525  1125  2156 I WindowManager: Relayout Window{9971bdb u0 com.tianyancha.skyeye/com.tianyancha.skyeye.SharePage}: viewVisibility=0 oldVisibility=4 mRelayoutCalled=false flagChanges=0x0 flags=0x5810100 receiveKey=false
12-24 17:22:00.536  1125  2156 V WindowManager: findFocusedWindow: Found new focus @ 10 = Window{9971bdb u0 com.tianyancha.skyeye/com.tianyancha.skyeye.SharePage}
12-24 17:22:00.537  1125  2156 V WindowManager: Changing focus from null to Window{9971bdb u0 com.tianyancha.skyeye/com.tianyancha.skyeye.SharePage} Callers=com.android.server.wm.WindowManagerService.relayoutWindow:3836 com.android.server.wm.Session.relayout:204 android.view.IWindowSession$Stub.onTransact:284 com.android.server.wm.Session.onTransact:136 
12-24 17:22:00.537  1125  2156 I WindowManager: Input focus has changed to Window{9971bdb u0 com.tianyancha.skyeye/com.tianyancha.skyeye.SharePage} oldFocusWindow=null updateInputWindow=false
12-24 17:22:00.571  1125  1153 I WindowManager: Focus moving from null to Window{9971bdb u0 com.tianyancha.skyeye/com.tianyancha.skyeye.SharePage}
12-24 17:22:00.571  1125  1153 I WindowManager: Gaining focus: Window{9971bdb u0 com.tianyancha.skyeye/com.tianyancha.skyeye.SharePage}
12-24 17:22:00.579  9473  9473 W ViewRootImpl: Dropping event due to no window focus: KeyEvent { action=ACTION_DOWN, keyCode=KEYCODE_DPAD_LEFT, scanCode=0, metaState=0, flags=0x8, repeatCount=0, eventTime=2861956, downTime=2861956, deviceId=-1, source=0x101 }
12-24 17:22:00.596  9473  9473 W ViewRootImpl: Cancelling event due to no window focus: KeyEvent { action=ACTION_UP, keyCode=KEYCODE_DPAD_LEFT, scanCode=0, metaState=0, flags=0x28, repeatCount=0, eventTime=2862032, downTime=2862032, deviceId=-1, source=0x101 }
12-24 17:22:00.596  9473  9473 W ViewRootImpl: Cancelling event due to no window focus: KeyEvent { action=ACTION_UP, keyCode=KEYCODE_DPAD_LEFT, scanCode=0, metaState=0, flags=0x28, repeatCount=0, eventTime=2862032, downTime=2862032, deviceId=-1, source=0x101 }
12-24 17:22:00.596  9473  9473 W ViewRootImpl: Cancelling event due to no window focus: KeyEvent { action=ACTION_UP, keyCode=KEYCODE_DPAD_LEFT, scanCode=0, metaState=0, flags=0x28, repeatCount=0, eventTime=2862032, downTime=2862032, deviceId=-1, source=0x101 }
12-24 17:22:00.596  9473  9473 W ViewRootImpl: Cancelling event due to no window focus: KeyEvent { action=ACTION_UP, keyCode=KEYCODE_DPAD_LEFT, scanCode=0, metaState=0, flags=0x28, repeatCount=0, eventTime=2862032, downTime=2862032, deviceId=-1, source=0x101 }
12-24 17:22:00.596  9473  9473 W ViewRootImpl: Cancelling event due to no window focus: KeyEvent { action=ACTION_UP, keyCode=KEYCODE_DPAD_LEFT, scanCode=0, metaState=0, flags=0x28, repeatCount=0, eventTime=2862032, downTime=2862032, deviceId=-1, source=0x101 }
12-24 17:22:00.596  9473  9473 W ViewRootImpl: Cancelling event due to no window focus: KeyEvent { action=ACTION_UP, keyCode=KEYCODE_DPAD_LEFT, scanCode=0, metaState=0, flags=0x28, repeatCount=0, eventTime=2862032, downTime=2862032, deviceId=-1, source=0x101 }
12-24 17:22:00.596  9473  9473 W ViewRootImpl: Cancelling event due to no window focus: KeyEvent { action=ACTION_UP, keyCode=KEYCODE_DPAD_LEFT, scanCode=0, metaState=0, flags=0x28, repeatCount=0, eventTime=2862032, downTime=2862032, deviceId=-1, source=0x101 }
12-24 17:22:00.596  9473  9473 W ViewRootImpl: Cancelling event due to no window focus: KeyEvent { action=ACTION_UP, keyCode=KEYCODE_DPAD_LEFT, scanCode=0, metaState=0, flags=0x28, repeatCount=0, eventTime=2862032, downTime=2862032, deviceId=-1, source=0x101 }
12-24 17:22:00.596  9473  9473 W ViewRootImpl: Cancelling event due to no window focus: KeyEvent { action=ACTION_UP, keyCode=KEYCODE_DPAD_LEFT, scanCode=0, metaState=0, flags=0x28, repeatCount=0, eventTime=2862032, downTime=2862032, deviceId=-1, source=0x101 }
12-24 17:22:00.613  1125  1153 I WindowStateAnimator: firstWindowDrawn win=Window{9971bdb u0 com.tianyancha.skyeye/com.tianyancha.skyeye.SharePage} null startingData
12-24 17:22:00.613  1125  1153 V WindowManager: findFocusedWindow: Found new focus @ 10 = Window{9971bdb u0 com.tianyancha.skyeye/com.tianyancha.skyeye.SharePage}
12-24 17:22:00.613  1125  1153 D WindowManager: notifyActivityDrawnForKeyguard: waiting=false Callers=com.android.server.wm.WindowManagerService.handleAppTransitionReadyLocked:10542 com.android.server.wm.WindowManagerService.performLayoutAndPlaceSurfacesLockedInner:11161 com.android.server.wm.WindowManagerService.performLayoutAndPlaceSurfacesLockedLoop:9891 com.android.server.wm.WindowManagerService.performLayoutAndPlaceSurfacesLocked:9838 com.android.server.wm.WindowManagerService.-wrap7:-1 
12-24 17:22:00.613  1125  1153 V WindowManager: findFocusedWindow: Found new focus @ 10 = Window{9971bdb u0 com.tianyancha.skyeye/com.tianyancha.skyeye.SharePage}
12-24 17:22:00.622  1125  1139 V InputMethodManagerService: windowGainedFocus: android.os.BinderProxy@7eb697f controlFlags=#104 softInputMode=#120 windowFlags=#5810100
12-24 17:22:00.625  1125  1608 W ActivityManager: xulei call enter isTransformStartActivity !!! _component:ComponentInfo{com.tianyancha.skyeye/com.tianyancha.skyeye.invite.AccountHistoryActivity},  intent:Intent { FromType=0xffffffff cmp=com.tianyancha.skyeye/.invite.AccountHistoryActivity }
12-24 17:22:00.626  1125  1608 I ActivityManager: START u0 {FromType=0xffffffff mCallingUid=10140 cmp=com.tianyancha.skyeye/.invite.AccountHistoryActivity} from uid 10140 from pid 9473 on display 0
12-24 17:22:00.626  1125  1608 I ActivityManager: sourceRecord = ActivityRecord{d101a8d u0 com.tianyancha.skyeye/.invite.InviteAwardActivity, isShadow:false t15}
12-24 17:22:00.627  1125  1608 V WindowManager: findFocusedWindow: Found new focus @ 10 = Window{9971bdb u0 com.tianyancha.skyeye/com.tianyancha.skyeye.SharePage}
12-24 17:22:00.629  1125  1608 V WindowManager: setAppStartingWindow: token=Token{2e4151 ActivityRecord{635c678 u0 com.tianyancha.skyeye/.invite.AccountHistoryActivity, isShadow:false t15}} pkg=com.tianyancha.skyeye transferFrom=nullcreateIfNeeded=false
12-24 17:22:00.630  1125  1608 D DisplayPowerController: requestPowerState: policy=BRIGHT, useProximitySensor=false, screenBrightness=4, screenAutoBrightnessAdjustment=0.0, brightnessSetByUser=true, useAutoBrightness=false, blockScreenOn=false, lowPowerMode=false, boostScreenBrightness=false, dozeScreenBrightness=-1, dozeScreenState=UNKNOWN, waitForNegativeProximity=false
12-24 17:22:00.631  9473 10082 I ActivityThreadEui: schedulePauseActivity com.tianyancha.skyeye.SharePage finished=false userLeaving=true configChanges=0 dontReport=false
12-24 17:22:00.655  1125  1608 V WindowManager: findFocusedWindow: Found new focus @ 10 = Window{9971bdb u0 com.tianyancha.skyeye/com.tianyancha.skyeye.SharePage}
12-24 17:22:00.656  1125  1608 V WindowManager: Set focused app to: AppWindowToken{13eadb6 token=Token{2e4151 ActivityRecord{635c678 u0 com.tianyancha.skyeye/.invite.AccountHistoryActivity, isShadow:false t15}}} old focus=AppWindowToken{a7a5d8c token=Token{4ca12bf ActivityRecord{d6d60de u0 com.tianyancha.skyeye/.SharePage, isShadow:false t15}}} moveFocusNow=true
12-24 17:22:00.656  1125  1608 I WindowManager: Set focused app to: AppWindowToken{13eadb6 token=Token{2e4151 ActivityRecord{635c678 u0 com.tianyancha.skyeye/.invite.AccountHistoryActivity, isShadow:false t15}}} old focus=AppWindowToken{a7a5d8c token=Token{4ca12bf ActivityRecord{d6d60de u0 com.tianyancha.skyeye/.SharePage, isShadow:false t15}}} moveFocusNow=true
12-24 17:22:00.657  1125  1608 V WindowManager: findFocusedWindow: Reached focused app=AppWindowToken{13eadb6 token=Token{2e4151 ActivityRecord{635c678 u0 com.tianyancha.skyeye/.invite.AccountHistoryActivity, isShadow:false t15}}}
12-24 17:22:00.658  1125  1608 V WindowManager: Changing focus from Window{9971bdb u0 com.tianyancha.skyeye/com.tianyancha.skyeye.SharePage} to null Callers=com.android.server.wm.WindowManagerService.setFocusedApp:4708 com.android.server.am.ActivityManagerService.setFocusedActivityLocked:3090 com.android.server.am.ActivityStackSupervisor.startActivityUncheckedLocked:3019 com.android.server.am.ActivityStackSupervisor.startActivityLocked:1982 
12-24 17:22:00.659  1125  1608 I WindowManager: Input focus has changed to null oldFocusWindow=Window{9971bdb u0 com.tianyancha.skyeye/com.tianyancha.skyeye.SharePage} updateInputWindow=true
12-24 17:22:00.659  1125  1153 I WindowManager: Focus moving from Window{9971bdb u0 com.tianyancha.skyeye/com.tianyancha.skyeye.SharePage} to null
12-24 17:22:00.659  1125  1153 I WindowManager: Losing focus: Window{9971bdb u0 com.tianyancha.skyeye/com.tianyancha.skyeye.SharePage}
12-24 17:22:00.661  8309  8309 D ActivityThread: SVC-Calling onStartCommand: com.letv.android.usagestats.UsageStatsReportService@30de766, flags=0, startId=56
12-24 17:22:00.661  8309  8309 D ActivityThread: SVC-SERVICE_ARGS handled : 0 / ServiceArgsData{token=android.os.BinderProxy@11493c1 startId=56 args=Intent { act=com.letv.android.usagestats.REPORT FromType=0xffffffff mCallingUid=1000 pkg=com.letv.android.usagestats (has extras) }}
12-24 17:22:00.679  9473  9473 D ActivityThread: ACT-AM_ON_PAUSE_CALLED ActivityRecord{2223878 token=android.os.BinderProxy@a96cb51 {com.tianyancha.skyeye/com.tianyancha.skyeye.SharePage}}
12-24 17:22:00.680  1125  1884 I WindowManager: setAppVisibility(Token{2e4151 ActivityRecord{635c678 u0 com.tianyancha.skyeye/.invite.AccountHistoryActivity, isShadow:false t15}}, visible=true): mNextAppTransition=TRANSIT_ACTIVITY_OPEN hidden=true hiddenRequested=true
12-24 17:22:00.682  1125  1884 I WindowManager: setAppVisibility(Token{4ca12bf ActivityRecord{d6d60de u0 com.tianyancha.skyeye/.SharePage, isShadow:false t15}}, visible=false): mNextAppTransition=TRANSIT_ACTIVITY_OPEN hidden=false hiddenRequested=false
12-24 17:22:00.682  1125  1884 I WindowManager: setAppVisibility(Token{e007442 ActivityRecord{d101a8d u0 com.tianyancha.skyeye/.invite.InviteAwardActivity, isShadow:false t15}}, visible=false): mNextAppTransition=TRANSIT_ACTIVITY_OPEN hidden=false hiddenRequested=false
12-24 17:22:00.687  1125  1884 D ActivityManager: Delay resumeKeyDispatchingLocked() to avoid deadlock.
12-24 17:22:00.688  9473  9473 D ActivityThread: ACT-PAUSE_ACTIVITY handled : 1 / android.os.BinderProxy@a96cb51
12-24 17:22:00.691  1125  1267 D PowerManagerNotifier: onUserActivity: event=0, uid=1000
12-24 17:22:00.691  1125  1267 D DisplayPowerController: requestPowerState: policy=BRIGHT, useProximitySensor=false, screenBrightness=4, screenAutoBrightnessAdjustment=0.0, brightnessSetByUser=true, useAutoBrightness=false, blockScreenOn=false, lowPowerMode=false, boostScreenBrightness=false, dozeScreenBrightness=-1, dozeScreenState=UNKNOWN, waitForNegativeProximity=false
12-24 17:22:00.692  1125  1144 I WindowManager: setAppVisibility(Token{e007442 ActivityRecord{d101a8d u0 com.tianyancha.skyeye/.invite.InviteAwardActivity, isShadow:false t15}}, visible=false): mNextAppTransition=TRANSIT_ACTIVITY_OPEN hidden=false hiddenRequested=true
12-24 17:22:00.692  9473  9486 I ActivityThreadEui: scheduleStopActivity com.tianyancha.skyeye.invite.InviteAwardActivity show=false configChanges=0
12-24 17:22:00.695  9473  9473 V ActivityThread: Handling launch of ActivityRecord{cbe6425 token=android.os.BinderProxy@93219fa {com.tianyancha.skyeye/com.tianyancha.skyeye.invite.AccountHistoryActivity}} startsNotResumed=false
12-24 17:22:00.695  9473  9473 V ActivityThread: ActivityRecord{cbe6425 token=android.os.BinderProxy@93219fa {com.tianyancha.skyeye/com.tianyancha.skyeye.invite.AccountHistoryActivity}}: app=com.tianyancha.skyeye.App@33e4be4, appName=com.tianyancha.skyeye, pkg=com.tianyancha.skyeye, comp={com.tianyancha.skyeye/com.tianyancha.skyeye.invite.AccountHistoryActivity}, dir=/data/app/com.tianyancha.skyeye-2/base.apk
12-24 17:22:00.741  9473  9473 V ActivityThread: Performing resume of ActivityRecord{cbe6425 token=android.os.BinderProxy@93219fa {com.tianyancha.skyeye/com.tianyancha.skyeye.invite.AccountHistoryActivity}}
12-24 17:22:00.741  9473  9473 D ActivityThread: ACT-AM_ON_RESUME_CALLED ActivityRecord{cbe6425 token=android.os.BinderProxy@93219fa {com.tianyancha.skyeye/com.tianyancha.skyeye.invite.AccountHistoryActivity}}
12-24 17:22:00.741  9473  9473 V ActivityThread: Resume ActivityRecord{cbe6425 token=android.os.BinderProxy@93219fa {com.tianyancha.skyeye/com.tianyancha.skyeye.invite.AccountHistoryActivity}} started activity: false, hideForNow: false, finished: false
12-24 17:22:00.747  1125  1140 D WindowManager: addWindowToListInOrderLocked: win=Window{43cd224 u0 com.tianyancha.skyeye/com.tianyancha.skyeye.invite.AccountHistoryActivity} Callers=com.android.server.wm.WindowManagerService.addWindow:2957 com.android.server.wm.Session.addToDisplay:174 android.view.IWindowSession$Stub.onTransact:124 com.android.server.wm.Session.onTransact:136 
12-24 17:22:00.747  1125  1140 I WindowManager: addWindow: window=Window{43cd224 u0 com.tianyancha.skyeye/com.tianyancha.skyeye.invite.AccountHistoryActivity}
12-24 17:22:00.747  9473  9473 V ActivityThread: Resuming ActivityRecord{cbe6425 token=android.os.BinderProxy@93219fa {com.tianyancha.skyeye/com.tianyancha.skyeye.invite.AccountHistoryActivity}} with isForward=true
12-24 17:22:00.747  9473  9473 V ActivityThread: Scheduling idle handler for ActivityRecord{cbe6425 token=android.os.BinderProxy@93219fa {com.tianyancha.skyeye/com.tianyancha.skyeye.invite.AccountHistoryActivity}}
12-24 17:22:00.748  9473  9473 D ActivityThread: ACT-LAUNCH_ACTIVITY handled : 0 / ActivityRecord{cbe6425 token=android.os.BinderProxy@93219fa {com.tianyancha.skyeye/com.tianyancha.skyeye.invite.AccountHistoryActivity}}
12-24 17:22:00.749  1125  1699 V ActivityManager: Broadcast: Intent { act=com.sina.weibo.sdk.Intent.ACTION_WEIBO_REGISTER flg=0x10 FromType=0xffffffff mCallingUid=10140 (has extras) } ordered=false userid=0 callerApp=ProcessRecord{d9d5e16 9473:com.tianyancha.skyeye/u0a140, isShadow:false}
12-24 17:22:00.750  1125  1144 W BroadcastQueue: don't launch com.sina.weibo/10126 for broadcast Intent { act=com.sina.weibo.sdk.Intent.ACTION_WEIBO_REGISTER flg=0x10 FromType=0xffffffff mCallingUid=10140 (has extras) }
12-24 17:22:00.755  1125  1962 V WindowManager: findFocusedWindow: No focusable windows.
12-24 17:22:00.757  9473  9473 D ActivityThread: ACT-DESTROY_ACTIVITY handled : 1 / android.os.BinderProxy@a96cb51
12-24 17:22:00.757  9473  9473 V ActivityThread: Finishing stop of ActivityRecord{955661e token=android.os.BinderProxy@7adceff {com.tianyancha.skyeye/com.tianyancha.skyeye.invite.InviteAwardActivity}}: show=false win=com.android.internal.policy.PhoneWindow@902ec70
12-24 17:22:00.757  9473  9473 D ActivityThread: ACT-STOP_ACTIVITY_HIDE handled : 0 / android.os.BinderProxy@7adceff
12-24 17:22:00.759  1125  2167 I WindowManager: Relayout Window{43cd224 u0 com.tianyancha.skyeye/com.tianyancha.skyeye.invite.AccountHistoryActivity}: viewVisibility=0 oldVisibility=4 mRelayoutCalled=false flagChanges=0x0 flags=0x5010100 receiveKey=false
12-24 17:22:00.764  1125  2167 V WindowManager: findFocusedWindow: Found new focus @ 11 = Window{43cd224 u0 com.tianyancha.skyeye/com.tianyancha.skyeye.invite.AccountHistoryActivity}
12-24 17:22:00.765  1125  2167 V WindowManager: Changing focus from null to Window{43cd224 u0 com.tianyancha.skyeye/com.tianyancha.skyeye.invite.AccountHistoryActivity} Callers=com.android.server.wm.WindowManagerService.relayoutWindow:3836 com.android.server.wm.Session.relayout:204 android.view.IWindowSession$Stub.onTransact:284 com.android.server.wm.Session.onTransact:136 
12-24 17:22:00.765  1125  2167 I WindowManager: Input focus has changed to Window{43cd224 u0 com.tianyancha.skyeye/com.tianyancha.skyeye.invite.AccountHistoryActivity} oldFocusWindow=null updateInputWindow=false
12-24 17:22:00.767  1125  1153 I WindowManager: Focus moving from null to Window{43cd224 u0 com.tianyancha.skyeye/com.tianyancha.skyeye.invite.AccountHistoryActivity}
12-24 17:22:00.767  1125  1153 I WindowManager: Gaining focus: Window{43cd224 u0 com.tianyancha.skyeye/com.tianyancha.skyeye.invite.AccountHistoryActivity}
12-24 17:22:00.788  1125  2152 I WindowManager: Relayout Window{6ca9ebc u0 com.tianyancha.skyeye/com.tianyancha.skyeye.invite.InviteAwardActivity}: viewVisibility=4 oldVisibility=0 mRelayoutCalled=true flagChanges=0x0 flags=0x5010100 receiveKey=false
12-24 17:22:00.789  1125  2152 V WindowManager: findFocusedWindow: Found new focus @ 11 = Window{43cd224 u0 com.tianyancha.skyeye/com.tianyancha.skyeye.invite.AccountHistoryActivity}
12-24 17:22:00.792  9473  9473 W ViewRootImpl: Dropping event due to no window focus: MotionEvent { action=ACTION_MOVE, actionButton=0, id[0]=0, x[0]=-2.0, y[0]=-3.0, toolType[0]=TOOL_TYPE_UNKNOWN, buttonState=0, metaState=0, flags=0x0, edgeFlags=0x0, pointerCount=1, historySize=13, eventTime=2862238, downTime=-1, deviceId=0, source=0x10004 }
12-24 17:22:00.807  1125  1153 I WindowStateAnimator: firstWindowDrawn win=Window{43cd224 u0 com.tianyancha.skyeye/com.tianyancha.skyeye.invite.AccountHistoryActivity} null startingData
12-24 17:22:00.808  1125  1153 V WindowManager: findFocusedWindow: Found new focus @ 11 = Window{43cd224 u0 com.tianyancha.skyeye/com.tianyancha.skyeye.invite.AccountHistoryActivity}
12-24 17:22:00.808  1125  1153 D WindowManager: notifyActivityDrawnForKeyguard: waiting=false Callers=com.android.server.wm.WindowManagerService.handleAppTransitionReadyLocked:10542 com.android.server.wm.WindowManagerService.performLayoutAndPlaceSurfacesLockedInner:11161 com.android.server.wm.WindowManagerService.performLayoutAndPlaceSurfacesLockedLoop:9891 com.android.server.wm.WindowManagerService.performLayoutAndPlaceSurfacesLocked:9838 com.android.server.wm.WindowManagerService.-wrap7:-1 
12-24 17:22:00.812  1125  2167 V InputMethodManagerService: windowGainedFocus: android.os.BinderProxy@7eb697f controlFlags=#104 softInputMode=#120 windowFlags=#5010100
12-24 17:22:00.900  1125  1267 D PowerManagerNotifier: onUserActivity: event=2, uid=1000
12-24 17:22:00.900  1125  1267 D DisplayPowerController: requestPowerState: policy=BRIGHT, useProximitySensor=false, screenBrightness=4, screenAutoBrightnessAdjustment=0.0, brightnessSetByUser=true, useAutoBrightness=false, blockScreenOn=false, lowPowerMode=false, boostScreenBrightness=false, dozeScreenBrightness=-1, dozeScreenState=UNKNOWN, waitForNegativeProximity=false
12-24 17:22:01.075  1125  2166 I WindowManager: Relayout Window{6ca9ebc u0 com.tianyancha.skyeye/com.tianyancha.skyeye.invite.InviteAwardActivity EXITING}: viewVisibility=8 oldVisibility=4 mRelayoutCalled=true flagChanges=0x0 flags=0x5010100 receiveKey=false
12-24 17:22:01.075  1125  2166 V WindowManager: findFocusedWindow: Found new focus @ 11 = Window{43cd224 u0 com.tianyancha.skyeye/com.tianyancha.skyeye.invite.AccountHistoryActivity}
12-24 17:22:01.093  1125  1699 D PowerManagerNotifier: onWakeLockReleased: flags=1, tag="*launch*", packageName=android, ownerUid=1000, ownerPid=1125, workSource=WorkSource{10140}
12-24 17:22:01.093  1125  1699 D DisplayPowerController: requestPowerState: policy=BRIGHT, useProximitySensor=false, screenBrightness=4, screenAutoBrightnessAdjustment=0.0, brightnessSetByUser=true, useAutoBrightness=false, blockScreenOn=false, lowPowerMode=false, boostScreenBrightness=false, dozeScreenBrightness=-1, dozeScreenState=UNKNOWN, waitForNegativeProximity=false
12-24 17:22:01.172  1125  1279 V ActivityManager: Broadcast sticky: Intent { act=android.net.wifi.RSSI_CHANGED flg=0x4000010 FromType=0xffffffff mCallingUid=1000 (has extras) } ordered=false userid=-1 callerApp=ProcessRecord{10a63b2 1125:system/1000, isShadow:false}
12-24 17:22:01.173  1125  1140 D ConnectivityService: getActiveNetworkInfo networkInfo = [type: WIFI[], state: CONNECTED/CONNECTED, reason: (unspecified), extra: "JD-office", roaming: false, failover: false, isAvailable: true]
12-24 17:22:01.173  1125  2167 D ConnectivityService: getActiveNetworkInfo networkInfo = [type: WIFI[], state: CONNECTED/CONNECTED, reason: (unspecified), extra: "JD-office", roaming: false, failover: false, isAvailable: true]
12-24 17:22:01.195  1125  1153 V WindowManager: findFocusedWindow: Found new focus @ 10 = Window{43cd224 u0 com.tianyancha.skyeye/com.tianyancha.skyeye.invite.AccountHistoryActivity}
12-24 17:22:01.358  1125  1267 D PowerManagerNotifier: onUserActivity: event=0, uid=1000
12-24 17:22:01.359  1125  1267 D DisplayPowerController: requestPowerState: policy=BRIGHT, useProximitySensor=false, screenBrightness=4, screenAutoBrightnessAdjustment=0.0, brightnessSetByUser=true, useAutoBrightness=false, blockScreenOn=false, lowPowerMode=false, boostScreenBrightness=false, dozeScreenBrightness=-1, dozeScreenState=UNKNOWN, waitForNegativeProximity=false
12-24 17:22:01.449  1125  1267 D PowerManagerNotifier: onUserActivity: event=2, uid=1000
12-24 17:22:01.449  1125  1267 D DisplayPowerController: requestPowerState: policy=BRIGHT, useProximitySensor=false, screenBrightness=4, screenAutoBrightnessAdjustment=0.0, brightnessSetByUser=true, useAutoBrightness=false, blockScreenOn=false, lowPowerMode=false, boostScreenBrightness=false, dozeScreenBrightness=-1, dozeScreenState=UNKNOWN, waitForNegativeProximity=false
12-24 17:22:01.466  1125  1884 D WindowManager: addWindowToListInOrderLocked: win=Window{9e97545 u0 SubPanel:com.tianyancha.skyeye/com.tianyancha.skyeye.invite.AccountHistoryActivity} Callers=com.android.server.wm.WindowManagerService.addWindow:2957 com.android.server.wm.Session.addToDisplay:174 android.view.IWindowSession$Stub.onTransact:124 com.android.server.wm.Session.onTransact:136 
12-24 17:22:01.466  1125  1884 V WindowManager: findFocusedWindow: Found new focus @ 11 = Window{9e97545 u0 SubPanel:com.tianyancha.skyeye/com.tianyancha.skyeye.invite.AccountHistoryActivity}
12-24 17:22:01.467  1125  1884 V WindowManager: Changing focus from Window{43cd224 u0 com.tianyancha.skyeye/com.tianyancha.skyeye.invite.AccountHistoryActivity} to Window{9e97545 u0 SubPanel:com.tianyancha.skyeye/com.tianyancha.skyeye.invite.AccountHistoryActivity} Callers=com.android.server.wm.WindowManagerService.addWindow:3000 com.android.server.wm.Session.addToDisplay:174 android.view.IWindowSession$Stub.onTransact:124 com.android.server.wm.Session.onTransact:136 
12-24 17:22:01.467  1125  1884 I WindowManager: Input focus has changed to Window{9e97545 u0 SubPanel:com.tianyancha.skyeye/com.tianyancha.skyeye.invite.AccountHistoryActivity} oldFocusWindow=Window{43cd224 u0 com.tianyancha.skyeye/com.tianyancha.skyeye.invite.AccountHistoryActivity} updateInputWindow=false
12-24 17:22:01.468  1125  1884 I WindowManager: addWindow: window=Window{9e97545 u0 SubPanel:com.tianyancha.skyeye/com.tianyancha.skyeye.invite.AccountHistoryActivity}
12-24 17:22:01.468  1125  1153 I WindowManager: Focus moving from Window{43cd224 u0 com.tianyancha.skyeye/com.tianyancha.skyeye.invite.AccountHistoryActivity} to Window{9e97545 u0 SubPanel:com.tianyancha.skyeye/com.tianyancha.skyeye.invite.AccountHistoryActivity}
12-24 17:22:01.468  1125  1153 I WindowManager: Gaining focus: Window{9e97545 u0 SubPanel:com.tianyancha.skyeye/com.tianyancha.skyeye.invite.AccountHistoryActivity}
12-24 17:22:01.474  1125  1975 I WindowManager: Relayout Window{9e97545 u0 SubPanel:com.tianyancha.skyeye/com.tianyancha.skyeye.invite.AccountHistoryActivity}: viewVisibility=0 oldVisibility=0 mRelayoutCalled=false flagChanges=0x0 flags=0x1820000 receiveKey=true
12-24 17:22:01.476  1125  1975 V WindowManager: findFocusedWindow: Found new focus @ 11 = Window{9e97545 u0 SubPanel:com.tianyancha.skyeye/com.tianyancha.skyeye.invite.AccountHistoryActivity}
12-24 17:22:01.494  1125  1153 I WindowStateAnimator: firstWindowDrawn win=Window{9e97545 u0 SubPanel:com.tianyancha.skyeye/com.tianyancha.skyeye.invite.AccountHistoryActivity} null startingData
12-24 17:22:01.496  1125  1153 I WindowManager: Losing delayed focus: Window{43cd224 u0 com.tianyancha.skyeye/com.tianyancha.skyeye.invite.AccountHistoryActivity}
12-24 17:22:01.519   415  1084 D SocketClient: SocketClient sendData done: 
12-24 17:22:01.616  1125  1962 V WindowManager: Remove Window{9e97545 u0 SubPanel:com.tianyancha.skyeye/com.tianyancha.skyeye.invite.AccountHistoryActivity} client=91641bc, surface=Surface(name=SubPanel:com.tianyancha.skyeye/com.tianyancha.skyeye.invite.AccountHistoryActivity) Callers=com.android.server.wm.WindowManagerService.removeWindow:3092 com.android.server.wm.Session.remove:193 android.view.IWindowSession$Stub.onTransact:242 com.android.server.wm.Session.onTransact:136 
12-24 17:22:01.617  1125  1962 V WindowManager: findFocusedWindow: Found new focus @ 10 = Window{43cd224 u0 com.tianyancha.skyeye/com.tianyancha.skyeye.invite.AccountHistoryActivity}
12-24 17:22:01.617  1125  1962 V WindowManager: Changing focus from Window{9e97545 u0 SubPanel:com.tianyancha.skyeye/com.tianyancha.skyeye.invite.AccountHistoryActivity EXITING} to Window{43cd224 u0 com.tianyancha.skyeye/com.tianyancha.skyeye.invite.AccountHistoryActivity} Callers=com.android.server.wm.WindowManagerService.removeWindowLocked:3165 com.android.server.wm.WindowManagerService.removeWindow:3092 com.android.server.wm.Session.remove:193 android.view.IWindowSession$Stub.onTransact:242 
12-24 17:22:01.618  1125  1962 I WindowManager: Input focus has changed to Window{43cd224 u0 com.tianyancha.skyeye/com.tianyancha.skyeye.invite.AccountHistoryActivity} oldFocusWindow=Window{9e97545 u0 SubPanel:com.tianyancha.skyeye/com.tianyancha.skyeye.invite.AccountHistoryActivity EXITING} updateInputWindow=false
12-24 17:22:01.627  9473  9473 W ViewRootImpl: Dropping event due to no window focus: KeyEvent { action=ACTION_DOWN, keyCode=367, scanCode=0, metaState=0, flags=0x8, repeatCount=0, eventTime=2863086, downTime=2863086, deviceId=-1, source=0x101 }
12-24 17:22:01.629  9473  9473 W ViewRootImpl: Cancelling event due to no window focus: KeyEvent { action=ACTION_UP, keyCode=367, scanCode=0, metaState=0, flags=0x28, repeatCount=0, eventTime=2863090, downTime=2863090, deviceId=-1, source=0x101 }
12-24 17:22:01.629  9473  9473 W ViewRootImpl: Cancelling event due to no window focus: KeyEvent { action=ACTION_UP, keyCode=367, scanCode=0, metaState=0, flags=0x28, repeatCount=0, eventTime=2863090, downTime=2863090, deviceId=-1, source=0x101 }
12-24 17:22:01.629  9473  9473 W ViewRootImpl: Cancelling event due to no window focus: KeyEvent { action=ACTION_UP, keyCode=367, scanCode=0, metaState=0, flags=0x28, repeatCount=0, eventTime=2863090, downTime=2863090, deviceId=-1, source=0x101 }
12-24 17:22:01.630  9473  9473 W ViewRootImpl: Cancelling event due to no window focus: KeyEvent { action=ACTION_UP, keyCode=367, scanCode=0, metaState=0, flags=0x28, repeatCount=0, eventTime=2863090, downTime=2863090, deviceId=-1, source=0x101 }
12-24 17:22:01.630  9473  9473 W ViewRootImpl: Cancelling event due to no window focus: KeyEvent { action=ACTION_UP, keyCode=367, scanCode=0, metaState=0, flags=0x28, repeatCount=0, eventTime=2863090, downTime=2863090, deviceId=-1, source=0x101 }
12-24 17:22:01.630  9473  9473 W ViewRootImpl: Cancelling event due to no window focus: KeyEvent { action=ACTION_UP, keyCode=367, scanCode=0, metaState=0, flags=0x28, repeatCount=0, eventTime=2863090, downTime=2863090, deviceId=-1, source=0x101 }
12-24 17:22:01.630  9473  9473 W ViewRootImpl: Cancelling event due to no window focus: KeyEvent { action=ACTION_UP, keyCode=367, scanCode=0, metaState=0, flags=0x28, repeatCount=0, eventTime=2863090, downTime=2863090, deviceId=-1, source=0x101 }
12-24 17:22:01.630  9473  9473 W ViewRootImpl: Cancelling event due to no window focus: KeyEvent { action=ACTION_UP, keyCode=367, scanCode=0, metaState=0, flags=0x28, repeatCount=0, eventTime=2863090, downTime=2863090, deviceId=-1, source=0x101 }
12-24 17:22:01.631  9473  9473 W ViewRootImpl: Cancelling event due to no window focus: KeyEvent { action=ACTION_UP, keyCode=367, scanCode=0, metaState=0, flags=0x28, repeatCount=0, eventTime=2863090, downTime=2863090, deviceId=-1, source=0x101 }
12-24 17:22:01.650  1125  1153 I WindowManager: Focus moving from Window{9e97545 u0 SubPanel:com.tianyancha.skyeye/com.tianyancha.skyeye.invite.AccountHistoryActivity EXITING} to Window{43cd224 u0 com.tianyancha.skyeye/com.tianyancha.skyeye.invite.AccountHistoryActivity}
12-24 17:22:01.650  1125  1153 I WindowManager: Gaining focus: Window{43cd224 u0 com.tianyancha.skyeye/com.tianyancha.skyeye.invite.AccountHistoryActivity}
12-24 17:22:01.650  1125  1153 I WindowManager: Losing focus: Window{9e97545 u0 SubPanel:com.tianyancha.skyeye/com.tianyancha.skyeye.invite.AccountHistoryActivity EXITING}
12-24 17:22:01.787  1125  2167 V InputMethodManagerService: windowGainedFocus: android.os.BinderProxy@7eb697f controlFlags=#1 softInputMode=#20 windowFlags=#5010100
12-24 17:22:01.787  1125  2167 W InputMethodManagerService: Window already focused, ignoring focus gain of: com.android.internal.view.IInputMethodClient$Stub$Proxy@280249a attribute=null, token = android.os.BinderProxy@1619ab7
12-24 17:22:02.000  1125  1267 D PowerManagerNotifier: onUserActivity: event=2, uid=1000
12-24 17:22:02.001  1125  1267 D DisplayPowerController: requestPowerState: policy=BRIGHT, useProximitySensor=false, screenBrightness=4, screenAutoBrightnessAdjustment=0.0, brightnessSetByUser=true, useAutoBrightness=false, blockScreenOn=false, lowPowerMode=false, boostScreenBrightness=false, dozeScreenBrightness=-1, dozeScreenState=UNKNOWN, waitForNegativeProximity=false
12-24 17:22:02.294  1125  1267 V SettingsProvider: packageValueForCallResult, name = screen_brightness_mode, value : 0
12-24 17:22:02.294  1125  1267 V SettingsProvider: packageValueForCallResult, name = screen_brightness, value : 4
12-24 17:22:02.294  1125  1267 V SettingsProvider: name : screen_brightness callingUid : 1000
12-24 17:22:02.295  1125  1267 V SettingsProvider: packageValueForCallResult, name = user_setup_complete, value : 1
12-24 17:22:02.295  1125  1267 W ActivityManager: xulei call enter isTransformStartActivity !!! _component:null,  intent:Intent { act=android.intent.action.SHOW_BRIGHTNESS_DIALOG FromType=0xffffffff }
12-24 17:22:02.295  1125  1267 I ActivityManager: START u0 {act=android.intent.action.SHOW_BRIGHTNESS_DIALOG FromType=0xffffffff mCallingUid=1000 cmp=com.android.systemui/.settings.BrightnessDialog} from uid 1000 from pid 1125 on display 0
12-24 17:22:02.459  1125  1267 D PowerManagerNotifier: onUserActivity: event=0, uid=1000
12-24 17:22:02.459  1125  1267 D DisplayPowerController: requestPowerState: policy=BRIGHT, useProximitySensor=false, screenBrightness=4, screenAutoBrightnessAdjustment=0.0, brightnessSetByUser=true, useAutoBrightness=false, blockScreenOn=false, lowPowerMode=false, boostScreenBrightness=false, dozeScreenBrightness=-1, dozeScreenState=UNKNOWN, waitForNegativeProximity=false
12-24 17:22:02.538   415  1081 D FrameworkListener: dispatchCommand data = (getaddrinfo agnes.www.letv.com ^ 1024 0 1 0 0)
12-24 17:22:02.540   415 10199 D SocketClient: SocketClient sendData done: 222
12-24 17:22:02.541   415 10199 D SocketClient: SocketClient sendData done: 
12-24 17:22:02.541   415 10199 D SocketClient: SocketClient sendData done: 
12-24 17:22:02.541   415 10199 D SocketClient: SocketClient sendData done: 
12-24 17:22:02.541   415 10199 D SocketClient: SocketClient sendData done: 
12-24 17:22:02.541  1125  1267 D PowerManagerNotifier: onUserActivity: event=2, uid=1000
