12-24 17:22:27.726   419  9222 D MtkOmxVenc: [0xe36c2200] AVC EncTime=6, RGB_2_YUV=0, buf timestamp=2889159 (2889159581) IsKey(0), Size(2228) : in VA=0xE7B7FE40, offset=0x00000000, t=2889159581, len=12, flags=0x00000010 : out VA=0xDED02000, offset=0x00000000
12-24 17:22:27.726   419  9222 D MtkOmxVenc: [0xe36c2200] e36c2200 EBD (0xE9C316E0) (0xE7B7FE40), mNumPendingInput(0)
12-24 17:22:27.726   419  9222 D MtkOmxVenc: [0xe36c2200] e36c2200 FBD (0xE9C87FC0) (0xDED02000) 2889159581 (2228), mNumPendingOutput(7)
12-24 17:22:27.726  9185  9220 D ACodec  : give LatencyToken 32641, 2228
12-24 17:22:27.727  7901  7906 I art     : backtrace->Unwind begin : 7906
12-24 17:22:27.727  9185  9220 D ACodec  : [OMX.MTK.VIDEO.ENCODER.AVC] onOutputBufferDrained ID f
12-24 17:22:27.728   419  9221 D MtkOmxVenc: [0xe36c2200] e36c2200 FTB (0xE9C87FC0) (0xDED02000) (1048576), mNumPendingOutput(8)
12-24 17:22:27.739  7901  7906 I art     : backtrace->Unwind end : 7906
12-24 17:22:27.740  7901  7906 I art     : backtrace->Unwind begin : 7901
12-24 17:22:27.747  7901  7906 I art     : backtrace->Unwind end : 7901
12-24 17:22:27.751  7901  7906 I art     : backtrace->Unwind begin : 7910
12-24 17:22:27.753   419  9221 D MtkOmxVenc: [0xe36c2200] e36c2200 ETB (0xE9C316E0) (0xE7B7FE40) (12), mNumPendingInput(1)
12-24 17:22:27.753   419  9222 D MtkOmxVenc: [0xe36c2200] FrameBuf : handle = 0xe8bee360, VA = 0xdda48000, PA = 0x45900000, format=HAL_PIXEL_FORMAT_YV12(0x32315659), ion=87
12-24 17:22:27.753   419  9222 D MtkOmxVenc: [0xe36c2200] Get BS buffer: va:0xdec02000, pa:0x43800000, sec:0x0. Get Frm buffer: va:0xdda48000, pa:0x45900000, sec:0x0
12-24 17:22:27.754   419  9222 I VDO_LOG : Y:45900000, U:4599BA00, V:4597BC00
12-24 17:22:27.758  1125  1267 I InputDispatcher: pokeMotionUserActivityLocked eventTime= 2889220102479
12-24 17:22:27.758  1125  1267 D PowerManagerService: long touch and userActvity update
12-24 17:22:27.758  1125  1267 D PowerManagerNotifier: onUserActivity: event=2, uid=1000
12-24 17:22:27.758  1125  1267 D DisplayPowerController: requestPowerState: policy=BRIGHT, useProximitySensor=false, screenBrightness=4, screenAutoBrightnessAdjustment=0.0, brightnessSetByUser=true, useAutoBrightness=false, blockScreenOn=false, lowPowerMode=false, boostScreenBrightness=false, dozeScreenBrightness=-1, dozeScreenState=UNKNOWN, waitForNegativeProximity=false
12-24 17:22:27.759   419  9222 I VDO_LOG : [tid: 9222] =benc 196, max 11880, min 159, avg 35994==enc 5349, max 77048, min 4927, avg 742908==aenc 84, max 1055, min 0, avg 12474==init 92, max 2424, min 59, avg 14478==frm 5466, max 17189, min 0, avg 762580==deinit 70, max 1041, min 0, avg 10499==flush 58, max 11735, min 51, avg 12277=
12-24 17:22:27.759   419  9222 D MtkOmxVenc: [0xe36c2200] AVC EncTime=6, RGB_2_YUV=0, buf timestamp=2889192 (2889192581) IsKey(0), Size(2228) : in VA=0xE7B7FE40, offset=0x00000000, t=2889192581, len=12, flags=0x00000010 : out VA=0xDEC02000, offset=0x00000000
12-24 17:22:27.759   419  9222 D MtkOmxVenc: [0xe36c2200] e36c2200 EBD (0xE9C316E0) (0xE7B7FE40), mNumPendingInput(0)
12-24 17:22:27.759   419  9222 D MtkOmxVenc: [0xe36c2200] e36c2200 FBD (0xE9C317A0) (0xDEC02000) 2889192581 (2228), mNumPendingOutput(7)
12-24 17:22:27.760  7901  7906 I art     : backtrace->Unwind end : 7910
12-24 17:22:27.760  9185  9220 D ACodec  : give LatencyToken 32642, 2228
12-24 17:22:27.761  9185  9220 D ACodec  : [OMX.MTK.VIDEO.ENCODER.AVC] onOutputBufferDrained ID 10
12-24 17:22:27.761   419  9221 D MtkOmxVenc: [0xe36c2200] e36c2200 FTB (0xE9C317A0) (0xDEC02000) (1048576), mNumPendingOutput(8)
12-24 17:22:27.762  7901  7906 I art     : backtrace->Unwind begin : 7911
12-24 17:22:27.769  7901  7906 I art     : backtrace->Unwind end : 7911
12-24 17:22:27.771  7901  7906 I art     : backtrace->Unwind begin : 7915
12-24 17:22:27.778  7901  7906 I art     : backtrace->Unwind end : 7915
12-24 17:22:27.779  7901  7906 I art     : backtrace->Unwind begin : 7916
12-24 17:22:27.780  1125  2511 D DhcpUtils: read:ra_info_flag=0
12-24 17:22:27.787   419  9221 D MtkOmxVenc: [0xe36c2200] e36c2200 ETB (0xE9C316E0) (0xE7B7FE40) (12), mNumPendingInput(1)
12-24 17:22:27.787  7901  7906 I art     : backtrace->Unwind end : 7916
12-24 17:22:27.787   419  9222 D MtkOmxVenc: [0xe36c2200] FrameBuf : handle = 0xe8bee360, VA = 0xdda48000, PA = 0x45900000, format=HAL_PIXEL_FORMAT_YV12(0x32315659), ion=87
12-24 17:22:27.787   419  9222 D MtkOmxVenc: [0xe36c2200] Get BS buffer: va:0xdeb02000, pa:0x43900000, sec:0x0. Get Frm buffer: va:0xdda48000, pa:0x45900000, sec:0x0
12-24 17:22:27.787   419  9222 I VDO_LOG : Y:45900000, U:4599BA00, V:4597BC00
12-24 17:22:27.790  7901  7906 I art     : Wrote stack traces to '/data/anr/traces.txt'
12-24 17:22:27.791  7929  7935 I art     : Thread[2,tid=7935,WaitingInMainSignalCatcherLoop,Thread*=0xede0f000,peer=0x32c070a0,"Signal Catcher"]: reacting to signal 3
12-24 17:22:27.792   419  9222 I VDO_LOG : [tid: 9222] =benc 219, max 11880, min 159, avg 35842==enc 5320, max 77048, min 4927, avg 739783==aenc 77, max 1055, min 0, avg 12421==init 100, max 2424, min 59, avg 14418==frm 5452, max 17189, min 0, avg 759385==deinit 63, max 1041, min 0, avg 10455==flush 61, max 11735, min 51, avg 12225=
12-24 17:22:27.793   419  9222 D MtkOmxVenc: [0xe36c2200] AVC EncTime=6, RGB_2_YUV=0, buf timestamp=2889225 (2889225581) IsKey(0), Size(2228) : in VA=0xE7B7FE40, offset=0x00000000, t=2889225581, len=12, flags=0x00000010 : out VA=0xDEB02000, offset=0x00000000
12-24 17:22:27.793  7929  7935 I art     : backtrace->Unwind begin : 7935
12-24 17:22:27.793   419  9222 D MtkOmxVenc: [0xe36c2200] e36c2200 EBD (0xE9C316E0) (0xE7B7FE40), mNumPendingInput(0)
12-24 17:22:27.793   419  9222 D MtkOmxVenc: [0xe36c2200] e36c2200 FBD (0xE9C88020) (0xDEB02000) 2889225581 (2228), mNumPendingOutput(7)
12-24 17:22:27.793  9185  9220 D ACodec  : give LatencyToken 32643, 2228
12-24 17:22:27.794  9185  9220 D ACodec  : [OMX.MTK.VIDEO.ENCODER.AVC] onOutputBufferDrained ID 11
12-24 17:22:27.795   419  9221 D MtkOmxVenc: [0xe36c2200] e36c2200 FTB (0xE9C88020) (0xDEB02000) (1048576), mNumPendingOutput(8)
12-24 17:22:27.808  7929  7935 I art     : backtrace->Unwind end : 7935
12-24 17:22:27.810  7929  7935 I art     : backtrace->Unwind begin : 7929
12-24 17:22:27.819  7929  7935 I art     : backtrace->Unwind end : 7929
12-24 17:22:27.820   419  9221 D MtkOmxVenc: [0xe36c2200] e36c2200 ETB (0xE9C316E0) (0xE7B7FE40) (12), mNumPendingInput(1)
12-24 17:22:27.820   419  9222 D MtkOmxVenc: [0xe36c2200] FrameBuf : handle = 0xe8bee360, VA = 0xdda48000, PA = 0x45900000, format=HAL_PIXEL_FORMAT_YV12(0x32315659), ion=87
12-24 17:22:27.820   419  9222 D MtkOmxVenc: [0xe36c2200] Get BS buffer: va:0xdea02000, pa:0x43a00000, sec:0x0. Get Frm buffer: va:0xdda48000, pa:0x45900000, sec:0x0
12-24 17:22:27.820   419  9222 I VDO_LOG : Y:45900000, U:4599BA00, V:4597BC00
12-24 17:22:27.824  7929  7935 I art     : backtrace->Unwind begin : 7939
12-24 17:22:27.826   419  9222 I VDO_LOG : [tid: 9222] =benc 200, max 11880, min 159, avg 35692==enc 5332, max 77048, min 4927, avg 736684==aenc 73, max 1055, min 0, avg 12369==init 100, max 2424, min 59, avg 14357==frm 5443, max 17189, min 0, avg 756217==deinit 61, max 1041, min 0, avg 10411==flush 54, max 11735, min 51, avg 12174=
12-24 17:22:27.826   419  9222 D MtkOmxVenc: [0xe36c2200] AVC EncTime=6, RGB_2_YUV=0, buf timestamp=2889258 (2889258581) IsKey(0), Size(2228) : in VA=0xE7B7FE40, offset=0x00000000, t=2889258581, len=12, flags=0x00000010 : out VA=0xDEA02000, offset=0x00000000
12-24 17:22:27.826   419  9222 D MtkOmxVenc: [0xe36c2200] e36c2200 EBD (0xE9C316E0) (0xE7B7FE40), mNumPendingInput(0)
12-24 17:22:27.826   419  9222 D MtkOmxVenc: [0xe36c2200] e36c2200 FBD (0xE9C88080) (0xDEA02000) 2889258581 (2228), mNumPendingOutput(7)
12-24 17:22:27.826  9185  9220 D ACodec  : give LatencyToken 32644, 2228
12-24 17:22:27.827  9185  9220 D ACodec  : [OMX.MTK.VIDEO.ENCODER.AVC] onOutputBufferDrained ID 12
12-24 17:22:27.827   419  9221 D MtkOmxVenc: [0xe36c2200] e36c2200 FTB (0xE9C88080) (0xDEA02000) (1048576), mNumPendingOutput(8)
12-24 17:22:27.835  7929  7935 I art     : backtrace->Unwind end : 7939
12-24 17:22:27.837  7929  7935 I art     : backtrace->Unwind begin : 7940
12-24 17:22:27.848  7929  7935 I art     : backtrace->Unwind end : 7940
12-24 17:22:27.849  7929  7935 I art     : backtrace->Unwind begin : 7941
12-24 17:22:27.853   419  9221 D MtkOmxVenc: [0xe36c2200] e36c2200 ETB (0xE9C316E0) (0xE7B7FE40) (12), mNumPendingInput(1)
12-24 17:22:27.853   419  9222 D MtkOmxVenc: [0xe36c2200] FrameBuf : handle = 0xe8bee360, VA = 0xdda48000, PA = 0x45900000, format=HAL_PIXEL_FORMAT_YV12(0x32315659), ion=87
12-24 17:22:27.853   419  9222 D MtkOmxVenc: [0xe36c2200] Get BS buffer: va:0xde902000, pa:0x43b00000, sec:0x0. Get Frm buffer: va:0xdda48000, pa:0x45900000, sec:0x0
12-24 17:22:27.853   419  9222 I VDO_LOG : Y:45900000, U:4599BA00, V:4597BC00
12-24 17:22:27.859   419  9222 I VDO_LOG : [tid: 9222] =benc 194, max 11880, min 159, avg 35543==enc 5332, max 77048, min 4927, avg 733611==aenc 83, max 1055, min 0, avg 12318==init 92, max 2424, min 59, avg 14297==frm 5445, max 17189, min 0, avg 753076==deinit 70, max 1041, min 0, avg 10368==flush 56, max 11735, min 51, avg 12123=
12-24 17:22:27.859   419  9222 D MtkOmxVenc: [0xe36c2200] AVC EncTime=6, RGB_2_YUV=0, buf timestamp=2889291 (2889291581) IsKey(0), Size(2228) : in VA=0xE7B7FE40, offset=0x00000000, t=2889291581, len=12, flags=0x00000010 : out VA=0xDE902000, offset=0x00000000
12-24 17:22:27.859   419  9222 D MtkOmxVenc: [0xe36c2200] e36c2200 EBD (0xE9C316E0) (0xE7B7FE40), mNumPendingInput(0)
12-24 17:22:27.859   419  9222 D MtkOmxVenc: [0xe36c2200] e36c2200 FBD (0xE9C87E40) (0xDE902000) 2889291581 (2228), mNumPendingOutput(7)
12-24 17:22:27.859  9185  9220 D ACodec  : give LatencyToken 32645, 2228
12-24 17:22:27.861  9185  9220 D ACodec  : [OMX.MTK.VIDEO.ENCODER.AVC] onOutputBufferDrained ID 13
12-24 17:22:27.861  7929  7935 I art     : backtrace->Unwind end : 7941
12-24 17:22:27.861   419  9221 D MtkOmxVenc: [0xe36c2200] e36c2200 FTB (0xE9C87E40) (0xDE902000) (1048576), mNumPendingOutput(8)
12-24 17:22:27.869  7929  7935 I art     : Wrote stack traces to '/data/anr/traces.txt'
12-24 17:22:27.869  8309  8314 I art     : Thread[2,tid=8314,WaitingInMainSignalCatcherLoop,Thread*=0x7f89e0e000,peer=0x32c070a0,"Signal Catcher"]: reacting to signal 3
12-24 17:22:27.871  8309  8314 I art     : backtrace->Unwind begin : 8314
12-24 17:22:27.883  8309  8314 I art     : backtrace->Unwind end : 8314
12-24 17:22:27.884  8309  8314 I art     : backtrace->Unwind begin : 8309
12-24 17:22:27.886   419  9221 D MtkOmxVenc: [0xe36c2200] e36c2200 ETB (0xE9C316E0) (0xE7B7FE40) (12), mNumPendingInput(1)
12-24 17:22:27.886   419  9222 D MtkOmxVenc: [0xe36c2200] FrameBuf : handle = 0xe8bee360, VA = 0xdda48000, PA = 0x45900000, format=HAL_PIXEL_FORMAT_YV12(0x32315659), ion=87
12-24 17:22:27.886   419  9222 D MtkOmxVenc: [0xe36c2200] Get BS buffer: va:0xde802000, pa:0x43c00000, sec:0x0. Get Frm buffer: va:0xdda48000, pa:0x45900000, sec:0x0
12-24 17:22:27.887   419  9222 I VDO_LOG : Y:45900000, U:4599BA00, V:4597BC00
12-24 17:22:27.891  8309  8314 I art     : backtrace->Unwind end : 8309
12-24 17:22:27.892   419  9222 I VDO_LOG : [tid: 9222] =benc 199, max 11880, min 159, avg 35395==enc 5327, max 77048, min 4927, avg 730564==aenc 82, max 1055, min 0, avg 12267==init 93, max 2424, min 59, avg 14238==frm 5445, max 17189, min 0, avg 749961==deinit 68, max 1041, min 0, avg 10325==flush 59, max 11735, min 51, avg 12073=
12-24 17:22:27.892   419  9222 D MtkOmxVenc: [0xe36c2200] AVC EncTime=6, RGB_2_YUV=0, buf timestamp=2889324 (2889324581) IsKey(0), Size(2228) : in VA=0xE7B7FE40, offset=0x00000000, t=2889324581, len=12, flags=0x00000010 : out VA=0xDE802000, offset=0x00000000
12-24 17:22:27.892   419  9222 D MtkOmxVenc: [0xe36c2200] e36c2200 EBD (0xE9C316E0) (0xE7B7FE40), mNumPendingInput(0)
12-24 17:22:27.892   419  9222 D MtkOmxVenc: [0xe36c2200] e36c2200 FBD (0xE9C880E0) (0xDE802000) 2889324581 (2228), mNumPendingOutput(7)
12-24 17:22:27.893  9185  9220 D ACodec  : give LatencyToken 32646, 2228
12-24 17:22:27.894  9185  9220 D ACodec  : [OMX.MTK.VIDEO.ENCODER.AVC] onOutputBufferDrained ID 14
12-24 17:22:27.894   419  9221 D MtkOmxVenc: [0xe36c2200] e36c2200 FTB (0xE9C880E0) (0xDE802000) (1048576), mNumPendingOutput(8)
12-24 17:22:27.897  8309  8314 I art     : backtrace->Unwind begin : 8318
12-24 17:22:27.905  8309  8314 I art     : backtrace->Unwind end : 8318
12-24 17:22:27.906  8309  8314 I art     : backtrace->Unwind begin : 8319
12-24 17:22:27.914  8309  8314 I art     : backtrace->Unwind end : 8319
12-24 17:22:27.915  8309  8314 I art     : backtrace->Unwind begin : 8320
12-24 17:22:27.919   385   684 I BufferQueueProducer: [StatusBar](this:0x7f968e2800,id:9,api:1,p:1629,c:385) queueBuffer: fps=3.30 dur=1211.45 max=304.76 min=301.43
12-24 17:22:27.920   419  9221 D MtkOmxVenc: [0xe36c2200] e36c2200 ETB (0xE9C316E0) (0xE7B7FE40) (12), mNumPendingInput(1)
12-24 17:22:27.920   419  9222 D MtkOmxVenc: [0xe36c2200] FrameBuf : handle = 0xe8bee360, VA = 0xdda48000, PA = 0x45900000, format=HAL_PIXEL_FORMAT_YV12(0x32315659), ion=87
12-24 17:22:27.920   419  9222 D MtkOmxVenc: [0xe36c2200] Get BS buffer: va:0xdef02000, pa:0x43200000, sec:0x0. Get Frm buffer: va:0xdda48000, pa:0x45900000, sec:0x0
12-24 17:22:27.920   419  9222 I VDO_LOG : Y:45900000, U:4599BA00, V:4597BC00
12-24 17:22:27.925   419  9222 I VDO_LOG : [tid: 9222] =benc 210, max 11880, min 159, avg 35248==enc 5347, max 77048, min 4927, avg 727542==aenc 81, max 1055, min 0, avg 12216==init 108, max 2424, min 59, avg 14179==frm 5462, max 17189, min 0, avg 746871==deinit 66, max 1041, min 0, avg 10282==flush 52, max 11735, min 51, avg 12022=
12-24 17:22:27.926   419  9222 D MtkOmxVenc: [0xe36c2200] AVC EncTime=5, RGB_2_YUV=0, buf timestamp=2889357 (2889357581) IsKey(0), Size(2228) : in VA=0xE7B7FE40, offset=0x00000000, t=2889357581, len=12, flags=0x00000010 : out VA=0xDEF02000, offset=0x00000000
12-24 17:22:27.926   419  9222 D MtkOmxVenc: [0xe36c2200] e36c2200 EBD (0xE9C316E0) (0xE7B7FE40), mNumPendingInput(0)
12-24 17:22:27.926   419  9222 D MtkOmxVenc: [0xe36c2200] e36c2200 FBD (0xE9C87D80) (0xDEF02000) 2889357581 (2228), mNumPendingOutput(7)
12-24 17:22:27.926  9185  9220 D ACodec  : give LatencyToken 32647, 2228
12-24 17:22:27.926  8309  8314 I art     : backtrace->Unwind end : 8320
12-24 17:22:27.927  9185  9220 D ACodec  : [OMX.MTK.VIDEO.ENCODER.AVC] onOutputBufferDrained ID d
12-24 17:22:27.927   419  9221 D MtkOmxVenc: [0xe36c2200] e36c2200 FTB (0xE9C87D80) (0xDEF02000) (1048576), mNumPendingOutput(8)
12-24 17:22:27.928  8309  8314 I art     : backtrace->Unwind begin : 8327
12-24 17:22:27.933   385   385 W hwcomposer: [JOB] No available overlay resource (input_num=0)
12-24 17:22:27.933   385   385 I SurfaceFlinger: [stdout (type:2)] fps:3.300758,dur:1211.84,max:304.44,min:301.69
12-24 17:22:27.934   385   385 I SurfaceFlinger: [Built-in Screen (type:0)] fps:3.300761,dur:1211.84,max:304.50,min:301.59
12-24 17:22:27.934   385   385 W GraphicBufferExtra_hal: query(0x66) failed -5
12-24 17:22:27.934   385   385 W GraphicBufferExtra_hal: query(0x66) failed -5
12-24 17:22:27.936  8309  8314 I art     : backtrace->Unwind end : 8327
12-24 17:22:27.942  8460  8463 I art     : Thread[2,tid=8463,WaitingInMainSignalCatcherLoop,Thread*=0x7f89e0e000,peer=0x32c070a0,"Signal Catcher"]: reacting to signal 3
12-24 17:22:27.944  8460  8463 I art     : backtrace->Unwind begin : 8463
12-24 17:22:27.944  8309  8314 I art     : Wrote stack traces to '/data/anr/traces.txt'
12-24 17:22:27.948   385  9232 D MDP     : DpAsyncBlitStream: submit stream done ffffffc0ab060540
12-24 17:22:27.955  1125  1279 E WifiStateMachine:  ObtainingIpState (when=-2ms what=131091 arg1=1!what:131091  rt=2889417/2889417{ when=-2ms what=131091 arg1=1 target=com.android.internal.util.StateMachine$SmHandler } 1 0
12-24 17:22:27.955  1125  1279 E WifiStateMachine:  L2ConnectedState (when=-2ms what=131091 arg1=1!what:131091  rt=2889417/2889417{ when=-2ms what=131091 arg1=1 target=com.android.internal.util.StateMachine$SmHandler } 1 0
12-24 17:22:27.956  8460  8463 I art     : backtrace->Unwind end : 8463
12-24 17:22:27.956  1125  1279 E WifiStateMachine:  ConnectModeState (when=-3ms what=131091 arg1=1!what:131091  rt=2889418/2889418{ when=-3ms what=131091 arg1=1 target=com.android.internal.util.StateMachine$SmHandler } 1 0
12-24 17:22:27.956  1125  1279 E WifiStateMachine:  DriverStartedState (when=-3ms what=131091 arg1=1!what:131091  rt=2889418/2889418{ when=-3ms what=131091 arg1=1 target=com.android.internal.util.StateMachine$SmHandler } 1 0
12-24 17:22:27.956   419   419 W OMXNodeInstance: wait fence took 21592 us
12-24 17:22:27.956  1125  1279 E WifiStateMachine:  SupplicantStartedState (when=-3ms what=131091 arg1=1!what:131091  rt=2889418/2889418{ when=-3ms what=131091 arg1=1 target=com.android.internal.util.StateMachine$SmHandler } 1 0
12-24 17:22:27.956   419   419 I BufferQueueProducer: [GraphicBufferSource](this:0xe071bc00,id:7,api:1,p:385,c:419) queueBuffer: fps=3.30 dur=1212.18 max=303.35 min=302.70
12-24 17:22:27.957  1125  1279 E WifiStateMachine:  DefaultState (when=-4ms what=131091 arg1=1!what:131091  rt=2889419/2889419{ when=-4ms what=131091 arg1=1 target=com.android.internal.util.StateMachine$SmHandler } 1 0
12-24 17:22:27.957   419  9221 D MtkOmxVenc: [0xe36c2200] e36c2200 ETB (0xE9C316E0) (0xE7B7FE40) (12), mNumPendingInput(1)
12-24 17:22:27.957   419  9222 D MtkOmxVenc: [0xe36c2200] FrameBuf : handle = 0xe9cabb80, VA = 0xde287000, PA = 0x44200000, format=HAL_PIXEL_FORMAT_YV12(0x32315659), ion=63
12-24 17:22:27.957   419  9222 D MtkOmxVenc: [0xe36c2200] Get BS buffer: va:0xdee02000, pa:0x43300000, sec:0x0. Get Frm buffer: va:0xde287000, pa:0x44200000, sec:0x0
12-24 17:22:27.957   419  9222 I VDO_LOG : Y:44200000, U:4429BA00, V:4427BC00
12-24 17:22:27.959  8460  8463 I art     : backtrace->Unwind begin : 8460
12-24 17:22:27.962   419  9222 I VDO_LOG : [tid: 9222] =benc 202, max 11880, min 159, avg 35103==enc 5352, max 77048, min 4927, avg 724546==aenc 76, max 1055, min 0, avg 12166==init 95, max 2424, min 59, avg 14120==frm 5469, max 17189, min 0, avg 743808==deinit 63, max 1041, min 0, avg 10240==flush 59, max 11735, min 51, avg 11973=
12-24 17:22:27.963   419  9222 D MtkOmxVenc: [0xe36c2200] AVC EncTime=6, RGB_2_YUV=0, buf timestamp=2889396 (2889396573) IsKey(0), Size(2346) : in VA=0xE7B7FE40, offset=0x00000000, t=2889396573, len=12, flags=0x00000010 : out VA=0xDEE02000, offset=0x00000000
12-24 17:22:27.963   419  9222 D MtkOmxVenc: [0xe36c2200] e36c2200 EBD (0xE9C316E0) (0xE7B7FE40), mNumPendingInput(0)
12-24 17:22:27.963   419  9222 D MtkOmxVenc: [0xe36c2200] e36c2200 FBD (0xE9C88620) (0xDEE02000) 2889396573 (2346), mNumPendingOutput(7)
12-24 17:22:27.963  9185  9220 D ACodec  : give LatencyToken 32648, 2346
12-24 17:22:27.964  9185  9220 D ACodec  : [OMX.MTK.VIDEO.ENCODER.AVC] onOutputBufferDrained ID e
12-24 17:22:27.964   419  9221 D MtkOmxVenc: [0xe36c2200] e36c2200 FTB (0xE9C88620) (0xDEE02000) (1048576), mNumPendingOutput(8)
12-24 17:22:27.967  8460  8463 I art     : backtrace->Unwind end : 8460
12-24 17:22:27.971  8460  8463 I art     : backtrace->Unwind begin : 8470
12-24 17:22:27.979  8460  8463 I art     : backtrace->Unwind end : 8470
12-24 17:22:27.980  8460  8463 I art     : backtrace->Unwind begin : 8469
12-24 17:22:27.988  8460  8463 I art     : backtrace->Unwind end : 8469
12-24 17:22:27.990   419  9221 D MtkOmxVenc: [0xe36c2200] e36c2200 ETB (0xE9C316E0) (0xE7B7FE40) (12), mNumPendingInput(1)
12-24 17:22:27.990   419  9222 D MtkOmxVenc: [0xe36c2200] FrameBuf : handle = 0xe9cabb80, VA = 0xde287000, PA = 0x44200000, format=HAL_PIXEL_FORMAT_YV12(0x32315659), ion=63
12-24 17:22:27.990   419  9222 D MtkOmxVenc: [0xe36c2200] Get BS buffer: va:0xded02000, pa:0x43700000, sec:0x0. Get Frm buffer: va:0xde287000, pa:0x44200000, sec:0x0
12-24 17:22:27.990  8460  8463 I art     : backtrace->Unwind begin : 8471
12-24 17:22:27.990   419  9222 I VDO_LOG : Y:44200000, U:4429BA00, V:4427BC00
12-24 17:22:27.996   419  9222 I VDO_LOG : [tid: 9222] =benc 197, max 11880, min 159, avg 34959==enc 5325, max 77048, min 4927, avg 721574==aenc 71, max 1055, min 0, avg 12117==init 94, max 2424, min 59, avg 14062==frm 5437, max 17189, min 0, avg 740769==deinit 62, max 1041, min 0, avg 10198==flush 56, max 11735, min 51, avg 11924=
12-24 17:22:27.996   419  9222 D MtkOmxVenc: [0xe36c2200] AVC EncTime=6, RGB_2_YUV=0, buf timestamp=2889429 (2889429573) IsKey(0), Size(2226) : in VA=0xE7B7FE40, offset=0x00000000, t=2889429573, len=12, flags=0x00000010 : out VA=0xDED02000, offset=0x00000000
12-24 17:22:27.996   419  9222 D MtkOmxVenc: [0xe36c2200] e36c2200 EBD (0xE9C316E0) (0xE7B7FE40), mNumPendingInput(0)
12-24 17:22:27.996   419  9222 D MtkOmxVenc: [0xe36c2200] e36c2200 FBD (0xE9C87FC0) (0xDED02000) 2889429573 (2226), mNumPendingOutput(7)
12-24 17:22:27.996  9185  9220 D ACodec  : give LatencyToken 32649, 2226
12-24 17:22:27.997  9185  9220 D ACodec  : [OMX.MTK.VIDEO.ENCODER.AVC] onOutputBufferDrained ID f
12-24 17:22:27.998   419  9221 D MtkOmxVenc: [0xe36c2200] e36c2200 FTB (0xE9C87FC0) (0xDED02000) (1048576), mNumPendingOutput(8)
12-24 17:22:27.998  8460  8463 I art     : backtrace->Unwind end : 8471
12-24 17:22:28.009  8460  8463 I art     : Wrote stack traces to '/data/anr/traces.txt'
12-24 17:22:28.009  8476  8481 I art     : Thread[2,tid=8481,WaitingInMainSignalCatcherLoop,Thread*=0x7f89e0e000,peer=0x12cf30a0,"Signal Catcher"]: reacting to signal 3
12-24 17:22:28.011  8476  8481 I art     : backtrace->Unwind begin : 8481
12-24 17:22:28.022  8476  8481 I art     : backtrace->Unwind end : 8481
12-24 17:22:28.023   419  9221 D MtkOmxVenc: [0xe36c2200] e36c2200 ETB (0xE9C316E0) (0xE7B7FE40) (12), mNumPendingInput(1)
12-24 17:22:28.023   419  9222 D MtkOmxVenc: [0xe36c2200] FrameBuf : handle = 0xe9cabb80, VA = 0xde287000, PA = 0x44200000, format=HAL_PIXEL_FORMAT_YV12(0x32315659), ion=63
12-24 17:22:28.023   419  9222 D MtkOmxVenc: [0xe36c2200] Get BS buffer: va:0xdec02000, pa:0x43800000, sec:0x0. Get Frm buffer: va:0xde287000, pa:0x44200000, sec:0x0
12-24 17:22:28.023   419  9222 I VDO_LOG : Y:44200000, U:4429BA00, V:4427BC00
12-24 17:22:28.024  8476  8481 I art     : backtrace->Unwind begin : 8476
12-24 17:22:28.029   419  9222 I VDO_LOG : [tid: 9222] =benc 203, max 11880, min 159, avg 34816==enc 5313, max 77048, min 4927, avg 718626==aenc 79, max 1055, min 0, avg 12067==init 97, max 2424, min 59, avg 14005==frm 5431, max 17189, min 0, avg 737756==deinit 65, max 1041, min 0, avg 10157==flush 58, max 11735, min 51, avg 11875=
12-24 17:22:28.029   419  9222 D MtkOmxVenc: [0xe36c2200] AVC EncTime=6, RGB_2_YUV=0, buf timestamp=2889462 (2889462573) IsKey(0), Size(2226) : in VA=0xE7B7FE40, offset=0x00000000, t=2889462573, len=12, flags=0x00000010 : out VA=0xDEC02000, offset=0x00000000
12-24 17:22:28.029   419  9222 D MtkOmxVenc: [0xe36c2200] e36c2200 EBD (0xE9C316E0) (0xE7B7FE40), mNumPendingInput(0)
12-24 17:22:28.029   419  9222 D MtkOmxVenc: [0xe36c2200] e36c2200 FBD (0xE9C317A0) (0xDEC02000) 2889462573 (2226), mNumPendingOutput(7)
12-24 17:22:28.029  9185  9220 D ACodec  : give LatencyToken 32650, 2226
12-24 17:22:28.031  9185  9220 D ACodec  : [OMX.MTK.VIDEO.ENCODER.AVC] onOutputBufferDrained ID 10
12-24 17:22:28.031   419  9221 D MtkOmxVenc: [0xe36c2200] e36c2200 FTB (0xE9C317A0) (0xDEC02000) (1048576), mNumPendingOutput(8)
12-24 17:22:28.033  8476  8481 I art     : backtrace->Unwind end : 8476
12-24 17:22:28.035  8476  8481 I art     : backtrace->Unwind begin : 8485
12-24 17:22:28.044  8476  8481 I art     : backtrace->Unwind end : 8485
12-24 17:22:28.046  8476  8481 I art     : backtrace->Unwind begin : 8486
12-24 17:22:28.054  8476  8481 I art     : backtrace->Unwind end : 8486
12-24 17:22:28.056  8476  8481 I art     : backtrace->Unwind begin : 8487
12-24 17:22:28.056   419  9221 D MtkOmxVenc: [0xe36c2200] e36c2200 ETB (0xE9C316E0) (0xE7B7FE40) (12), mNumPendingInput(1)
12-24 17:22:28.056   419  9222 D MtkOmxVenc: [0xe36c2200] FrameBuf : handle = 0xe9cabb80, VA = 0xde287000, PA = 0x44200000, format=HAL_PIXEL_FORMAT_YV12(0x32315659), ion=63
12-24 17:22:28.056   419  9222 D MtkOmxVenc: [0xe36c2200] Get BS buffer: va:0xdeb02000, pa:0x43900000, sec:0x0. Get Frm buffer: va:0xde287000, pa:0x44200000, sec:0x0
12-24 17:22:28.056   419  9222 I VDO_LOG : Y:44200000, U:4429BA00, V:4427BC00
12-24 17:22:28.062   419  9222 I VDO_LOG : [tid: 9222] =benc 194, max 11880, min 159, avg 34674==enc 5320, max 77048, min 4927, avg 715703==aenc 75, max 1055, min 0, avg 12018==init 92, max 2424, min 59, avg 13948==frm 5433, max 17189, min 0, avg 734766==deinit 63, max 1041, min 0, avg 10115==flush 55, max 11735, min 51, avg 11826=
12-24 17:22:28.062   419  9222 D MtkOmxVenc: [0xe36c2200] AVC EncTime=6, RGB_2_YUV=0, buf timestamp=2889495 (2889495573) IsKey(0), Size(2226) : in VA=0xE7B7FE40, offset=0x00000000, t=2889495573, len=12, flags=0x00000010 : out VA=0xDEB02000, offset=0x00000000
12-24 17:22:28.062   419  9222 D MtkOmxVenc: [0xe36c2200] e36c2200 EBD (0xE9C316E0) (0xE7B7FE40), mNumPendingInput(0)
12-24 17:22:28.062   419  9222 D MtkOmxVenc: [0xe36c2200] e36c2200 FBD (0xE9C88020) (0xDEB02000) 2889495573 (2226), mNumPendingOutput(7)
12-24 17:22:28.063  9185  9220 D ACodec  : give LatencyToken 32651, 2226
12-24 17:22:28.063  8476  8481 I art     : backtrace->Unwind end : 8487
12-24 17:22:28.064  9185  9220 D ACodec  : [OMX.MTK.VIDEO.ENCODER.AVC] onOutputBufferDrained ID 11
12-24 17:22:28.064  8476  8481 I art     : backtrace->Unwind begin : 8955
12-24 17:22:28.065   419  9221 D MtkOmxVenc: [0xe36c2200] e36c2200 FTB (0xE9C88020) (0xDEB02000) (1048576), mNumPendingOutput(8)
12-24 17:22:28.072  8476  8481 I art     : backtrace->Unwind end : 8955
12-24 17:22:28.074  8476  8481 I art     : backtrace->Unwind begin : 8956
12-24 17:22:28.082  8476  8481 I art     : backtrace->Unwind end : 8956
12-24 17:22:28.088  8476  8481 I art     : Wrote stack traces to '/data/anr/traces.txt'
12-24 17:22:28.089  8537  8542 I art     : Thread[2,tid=8542,WaitingInMainSignalCatcherLoop,Thread*=0xede0f000,peer=0x32c070a0,"Signal Catcher"]: reacting to signal 3
12-24 17:22:28.089   419  9221 D MtkOmxVenc: [0xe36c2200] e36c2200 ETB (0xE9C316E0) (0xE7B7FE40) (12), mNumPendingInput(1)
12-24 17:22:28.089   419  9222 D MtkOmxVenc: [0xe36c2200] FrameBuf : handle = 0xe9cabb80, VA = 0xde287000, PA = 0x44200000, format=HAL_PIXEL_FORMAT_YV12(0x32315659), ion=63
12-24 17:22:28.089   419  9222 D MtkOmxVenc: [0xe36c2200] Get BS buffer: va:0xdea02000, pa:0x43a00000, sec:0x0. Get Frm buffer: va:0xde287000, pa:0x44200000, sec:0x0
12-24 17:22:28.090   419  9222 I VDO_LOG : Y:44200000, U:4429BA00, V:4427BC00
12-24 17:22:28.094  8537  8542 I art     : backtrace->Unwind begin : 8542
12-24 17:22:28.095   419  9222 I VDO_LOG : [tid: 9222] =benc 194, max 11880, min 159, avg 34533==enc 5352, max 77048, min 4927, avg 712803==aenc 64, max 1055, min 0, avg 11970==init 93, max 2424, min 59, avg 13891==frm 5459, max 17189, min 0, avg 731802==deinit 56, max 1041, min 0, avg 10074==flush 54, max 11735, min 51, avg 11778=
12-24 17:22:28.095   419  9222 D MtkOmxVenc: [0xe36c2200] AVC EncTime=6, RGB_2_YUV=0, buf timestamp=2889528 (2889528573) IsKey(0), Size(2226) : in VA=0xE7B7FE40, offset=0x00000000, t=2889528573, len=12, flags=0x00000010 : out VA=0xDEA02000, offset=0x00000000
12-24 17:22:28.095   419  9222 D MtkOmxVenc: [0xe36c2200] e36c2200 EBD (0xE9C316E0) (0xE7B7FE40), mNumPendingInput(0)
12-24 17:22:28.095   419  9222 D MtkOmxVenc: [0xe36c2200] e36c2200 FBD (0xE9C88080) (0xDEA02000) 2889528573 (2226), mNumPendingOutput(7)
12-24 17:22:28.096  9185  9220 D ACodec  : give LatencyToken 32652, 2226
12-24 17:22:28.097  9185  9220 D ACodec  : [OMX.MTK.VIDEO.ENCODER.AVC] onOutputBufferDrained ID 12
12-24 17:22:28.097   419  9221 D MtkOmxVenc: [0xe36c2200] e36c2200 FTB (0xE9C88080) (0xDEA02000) (1048576), mNumPendingOutput(8)
12-24 17:22:28.123   419  9221 D MtkOmxVenc: [0xe36c2200] e36c2200 ETB (0xE9C316E0) (0xE7B7FE40) (12), mNumPendingInput(1)
12-24 17:22:28.123   419  9222 D MtkOmxVenc: [0xe36c2200] FrameBuf : handle = 0xe9cabb80, VA = 0xde287000, PA = 0x44200000, format=HAL_PIXEL_FORMAT_YV12(0x32315659), ion=63
12-24 17:22:28.123   419  9222 D MtkOmxVenc: [0xe36c2200] Get BS buffer: va:0xde902000, pa:0x43b00000, sec:0x0. Get Frm buffer: va:0xde287000, pa:0x44200000, sec:0x0
12-24 17:22:28.123   419  9222 I VDO_LOG : Y:44200000, U:4429BA00, V:4427BC00
12-24 17:22:28.128   419  9222 I VDO_LOG : [tid: 9222] =benc 197, max 11880, min 159, avg 34394==enc 5347, max 77048, min 4927, avg 709927==aenc 79, max 1055, min 0, avg 11921==init 91, max 2424, min 59, avg 13835==frm 5463, max 17189, min 0, avg 728861==deinit 67, max 1041, min 0, avg 10034==flush 57, max 11735, min 51, avg 11731=
12-24 17:22:28.129   419  9222 D MtkOmxVenc: [0xe36c2200] AVC EncTime=6, RGB_2_YUV=0, buf timestamp=2889561 (2889561573) IsKey(0), Size(2226) : in VA=0xE7B7FE40, offset=0x00000000, t=2889561573, len=12, flags=0x00000010 : out VA=0xDE902000, offset=0x00000000
12-24 17:22:28.129   419  9222 D MtkOmxVenc: [0xe36c2200] e36c2200 EBD (0xE9C316E0) (0xE7B7FE40), mNumPendingInput(0)
12-24 17:22:28.129   419  9222 D MtkOmxVenc: [0xe36c2200] e36c2200 FBD (0xE9C87E40) (0xDE902000) 2889561573 (2226), mNumPendingOutput(7)
12-24 17:22:28.129  9185  9220 D ACodec  : give LatencyToken 32653, 2226
12-24 17:22:28.130  9185  9220 D ACodec  : [OMX.MTK.VIDEO.ENCODER.AVC] onOutputBufferDrained ID 13
12-24 17:22:28.131   419  9221 D MtkOmxVenc: [0xe36c2200] e36c2200 FTB (0xE9C87E40) (0xDE902000) (1048576), mNumPendingOutput(8)
12-24 17:22:28.131  8537  8542 I art     : backtrace->Unwind end : 8542
12-24 17:22:28.133  8537  8542 I art     : backtrace->Unwind begin : 8537
12-24 17:22:28.156   419  9221 D MtkOmxVenc: [0xe36c2200] e36c2200 ETB (0xE9C316E0) (0xE7B7FE40) (12), mNumPendingInput(1)
12-24 17:22:28.156   419  9222 D MtkOmxVenc: [0xe36c2200] FrameBuf : handle = 0xe9cabb80, VA = 0xde287000, PA = 0x44200000, format=HAL_PIXEL_FORMAT_YV12(0x32315659), ion=63
12-24 17:22:28.156   419  9222 D MtkOmxVenc: [0xe36c2200] Get BS buffer: va:0xde802000, pa:0x43c00000, sec:0x0. Get Frm buffer: va:0xde287000, pa:0x44200000, sec:0x0
12-24 17:22:28.156   419  9222 I VDO_LOG : Y:44200000, U:4429BA00, V:4427BC00
12-24 17:22:28.162   419  9222 I VDO_LOG : [tid: 9222] =benc 226, max 11880, min 159, avg 34255==enc 5321, max 77048, min 4927, avg 707075==aenc 76, max 1055, min 0, avg 11874==init 92, max 2424, min 59, avg 13780==frm 5467, max 17189, min 0, avg 725944==deinit 63, max 1041, min 0, avg 9994==flush 87, max 11735, min 51, avg 11683=
12-24 17:22:28.162   419  9222 D MtkOmxVenc: [0xe36c2200] AVC EncTime=6, RGB_2_YUV=0, buf timestamp=2889594 (2889594573) IsKey(0), Size(2226) : in VA=0xE7B7FE40, offset=0x00000000, t=2889594573, len=12, flags=0x00000010 : out VA=0xDE802000, offset=0x00000000
12-24 17:22:28.162   419  9222 D MtkOmxVenc: [0xe36c2200] e36c2200 EBD (0xE9C316E0) (0xE7B7FE40), mNumPendingInput(0)
12-24 17:22:28.162   419  9222 D MtkOmxVenc: [0xe36c2200] e36c2200 FBD (0xE9C880E0) (0xDE802000) 2889594573 (2226), mNumPendingOutput(7)
12-24 17:22:28.162  9185  9220 D ACodec  : give LatencyToken 32654, 2226
12-24 17:22:28.163  9185  9220 D ACodec  : [OMX.MTK.VIDEO.ENCODER.AVC] onOutputBufferDrained ID 14
12-24 17:22:28.164   419  9221 D MtkOmxVenc: [0xe36c2200] e36c2200 FTB (0xE9C880E0) (0xDE802000) (1048576), mNumPendingOutput(8)
12-24 17:22:28.166  8537  8542 I art     : backtrace->Unwind end : 8537
12-24 17:22:28.169  8537  8542 I art     : backtrace->Unwind begin : 8547
12-24 17:22:28.189   419  9221 D MtkOmxVenc: [0xe36c2200] e36c2200 ETB (0xE9C316E0) (0xE7B7FE40) (12), mNumPendingInput(1)
12-24 17:22:28.189   419  9222 D MtkOmxVenc: [0xe36c2200] FrameBuf : handle = 0xe9cabb80, VA = 0xde287000, PA = 0x44200000, format=HAL_PIXEL_FORMAT_YV12(0x32315659), ion=63
12-24 17:22:28.189   419  9222 D MtkOmxVenc: [0xe36c2200] Get BS buffer: va:0xdef02000, pa:0x43200000, sec:0x0. Get Frm buffer: va:0xde287000, pa:0x44200000, sec:0x0
12-24 17:22:28.189   419  9222 I VDO_LOG : Y:44200000, U:4429BA00, V:4427BC00
12-24 17:22:28.195   419  9222 I VDO_LOG : [tid: 9222] =benc 196, max 11880, min 159, avg 34118==enc 5316, max 77048, min 4927, avg 704245==aenc 68, max 1055, min 0, avg 11826==init 91, max 2424, min 59, avg 13725==frm 5429, max 17189, min 0, avg 723051==deinit 58, max 1041, min 0, avg 9954==flush 56, max 11735, min 51, avg 11637=
12-24 17:22:28.195   419  9222 D MtkOmxVenc: [0xe36c2200] AVC EncTime=6, RGB_2_YUV=0, buf timestamp=2889627 (2889627573) IsKey(0), Size(2226) : in VA=0xE7B7FE40, offset=0x00000000, t=2889627573, len=12, flags=0x00000010 : out VA=0xDEF02000, offset=0x00000000
12-24 17:22:28.195   419  9222 D MtkOmxVenc: [0xe36c2200] e36c2200 EBD (0xE9C316E0) (0xE7B7FE40), mNumPendingInput(0)
12-24 17:22:28.195   419  9222 D MtkOmxVenc: [0xe36c2200] e36c2200 FBD (0xE9C87D80) (0xDEF02000) 2889627573 (2226), mNumPendingOutput(7)
12-24 17:22:28.195  9185  9220 D ACodec  : give LatencyToken 32655, 2226
12-24 17:22:28.196  9185  9220 D ACodec  : [OMX.MTK.VIDEO.ENCODER.AVC] onOutputBufferDrained ID d
12-24 17:22:28.197   419  9221 D MtkOmxVenc: [0xe36c2200] e36c2200 FTB (0xE9C87D80) (0xDEF02000) (1048576), mNumPendingOutput(8)
12-24 17:22:28.202  8537  8542 I art     : backtrace->Unwind end : 8547
12-24 17:22:28.204  8537  8542 I art     : backtrace->Unwind begin : 8546
12-24 17:22:28.208  1125  1579 V ActivityManager: Broadcast: Intent { act=com.tencent.mm.plugin.report.service.KVCommCrossProcessReceiver flg=0x10 FromType=0xffffffff mCallingUid=10134 cmp=com.tencent.mm/.plugin.report.service.KVCommCrossProcessReceiver (has extras) } ordered=false userid=0 callerApp=ProcessRecord{4c756e1 6174:com.tencent.mm:push/u0a134, isShadow:false}
12-24 17:22:28.215  6028  6028 D ActivityThread: BDC-Calling onReceive: intent=Intent { act=com.tencent.mm.plugin.report.service.KVCommCrossProcessReceiver flg=0x10 FromType=0xffffffff mCallingUid=10134 cmp=com.tencent.mm/.plugin.report.service.KVCommCrossProcessReceiver (has extras) }, receiver=com.tencent.mm.plugin.report.service.KVCommCrossProcessReceiver@2930616
12-24 17:22:28.215  6028  6028 D ActivityThread: BDC-RECEIVER handled : 0 / ReceiverData{intent=Intent { act=com.tencent.mm.plugin.report.service.KVCommCrossProcessReceiver flg=0x10 FromType=0xffffffff mCallingUid=10134 cmp=com.tencent.mm/.plugin.report.service.KVCommCrossProcessReceiver (has extras) } packageName=com.tencent.mm resultCode=-1 resultData=null resultExtras=null}
12-24 17:22:28.222   419  9221 D MtkOmxVenc: [0xe36c2200] e36c2200 ETB (0xE9C316E0) (0xE7B7FE40) (12), mNumPendingInput(1)
12-24 17:22:28.223   419  9222 D MtkOmxVenc: [0xe36c2200] FrameBuf : handle = 0xe9cabb80, VA = 0xde287000, PA = 0x44200000, format=HAL_PIXEL_FORMAT_YV12(0x32315659), ion=63
12-24 17:22:28.223   419  9222 D MtkOmxVenc: [0xe36c2200] Get BS buffer: va:0xdee02000, pa:0x43300000, sec:0x0. Get Frm buffer: va:0xde287000, pa:0x44200000, sec:0x0
12-24 17:22:28.223   419  9222 I VDO_LOG : Y:44200000, U:4429BA00, V:4427BC00
12-24 17:22:28.228   419  9222 I VDO_LOG : [tid: 9222] =benc 207, max 11880, min 159, avg 33982==enc 5317, max 77048, min 4927, avg 701438==aenc 72, max 1055, min 0, avg 11779==init 92, max 2424, min 59, avg 13670==frm 5445, max 17189, min 0, avg 720180==deinit 57, max 1041, min 0, avg 9914==flush 57, max 11735, min 51, avg 11590=
12-24 17:22:28.228   419  9222 D MtkOmxVenc: [0xe36c2200] AVC EncTime=5, RGB_2_YUV=0, buf timestamp=2889660 (2889660573) IsKey(0), Size(2226) : in VA=0xE7B7FE40, offset=0x00000000, t=2889660573, len=12, flags=0x00000010 : out VA=0xDEE02000, offset=0x00000000
12-24 17:22:28.228   419  9222 D MtkOmxVenc: [0xe36c2200] e36c2200 EBD (0xE9C316E0) (0xE7B7FE40), mNumPendingInput(0)
12-24 17:22:28.229   419  9222 D MtkOmxVenc: [0xe36c2200] e36c2200 FBD (0xE9C88620) (0xDEE02000) 2889660573 (2226), mNumPendingOutput(7)
12-24 17:22:28.229  9185  9220 D ACodec  : give LatencyToken 32656, 2226
12-24 17:22:28.230  9185  9220 D ACodec  : [OMX.MTK.VIDEO.ENCODER.AVC] onOutputBufferDrained ID e
12-24 17:22:28.230   419  9221 D MtkOmxVenc: [0xe36c2200] e36c2200 FTB (0xE9C88620) (0xDEE02000) (1048576), mNumPendingOutput(8)
12-24 17:22:28.237   385   385 W hwcomposer: [JOB] No available overlay resource (input_num=0)
12-24 17:22:28.237   385   385 W GraphicBufferExtra_hal: query(0x66) failed -5
12-24 17:22:28.237   385   385 W GraphicBufferExtra_hal: query(0x66) failed -5
12-24 17:22:28.244  8537  8542 I art     : backtrace->Unwind end : 8546
12-24 17:22:28.245  8537  8542 I art     : backtrace->Unwind begin : 8548
12-24 17:22:28.251   385  9232 D MDP     : DpAsyncBlitStream: submit stream done ffffffc0ab060000
12-24 17:22:28.257  8537  8542 I art     : backtrace->Unwind end : 8548
12-24 17:22:28.258  8537  8542 I art     : backtrace->Unwind begin : 8554
12-24 17:22:28.259   419  1247 W OMXNodeInstance: wait fence took 20907 us
12-24 17:22:28.259   419  9221 D MtkOmxVenc: [0xe36c2200] e36c2200 ETB (0xE9C316E0) (0xE7B7FE40) (12), mNumPendingInput(1)
12-24 17:22:28.259   419  9222 D MtkOmxVenc: [0xe36c2200] FrameBuf : handle = 0xe9cabc20, VA = 0xddb08000, PA = 0x44e00000, format=HAL_PIXEL_FORMAT_YV12(0x32315659), ion=68
12-24 17:22:28.259   419  9222 D MtkOmxVenc: [0xe36c2200] Get BS buffer: va:0xded02000, pa:0x43700000, sec:0x0. Get Frm buffer: va:0xddb08000, pa:0x44e00000, sec:0x0
12-24 17:22:28.259   419  9222 I VDO_LOG : Y:44E00000, U:44E9BA00, V:44E7BC00
12-24 17:22:28.265   419  9222 I VDO_LOG : [tid: 9222] =benc 241, max 11880, min 159, avg 33847==enc 5317, max 77048, min 4927, avg 698654==aenc 67, max 1055, min 0, avg 11733==init 88, max 2424, min 59, avg 13615==frm 5477, max 17189, min 0, avg 717333==deinit 58, max 1041, min 0, avg 9875==flush 105, max 11735, min 51, avg 11544=
12-24 17:22:28.265   419  9222 D MtkOmxVenc: [0xe36c2200] AVC EncTime=6, RGB_2_YUV=0, buf timestamp=2889699 (2889699857) IsKey(0), Size(2457) : in VA=0xE7B7FE40, offset=0x00000000, t=2889699857, len=12, flags=0x00000010 : out VA=0xDED02000, offset=0x00000000
12-24 17:22:28.265   419  9222 D MtkOmxVenc: [0xe36c2200] e36c2200 EBD (0xE9C316E0) (0xE7B7FE40), mNumPendingInput(0)
12-24 17:22:28.265   419  9222 D MtkOmxVenc: [0xe36c2200] e36c2200 FBD (0xE9C87FC0) (0xDED02000) 2889699857 (2457), mNumPendingOutput(7)
12-24 17:22:28.265  9185  9220 D ACodec  : give LatencyToken 32657, 2457
12-24 17:22:28.266  9185  9220 D ACodec  : [OMX.MTK.VIDEO.ENCODER.AVC] onOutputBufferDrained ID f
12-24 17:22:28.267   419  9221 D MtkOmxVenc: [0xe36c2200] e36c2200 FTB (0xE9C87FC0) (0xDED02000) (1048576), mNumPendingOutput(8)
12-24 17:22:28.269  8537  8542 I art     : backtrace->Unwind end : 8554
12-24 17:22:28.272  8537  8542 I art     : backtrace->Unwind begin : 8555
12-24 17:22:28.285  8537  8542 I art     : backtrace->Unwind end : 8555
12-24 17:22:28.287  8537  8542 I art     : backtrace->Unwind begin : 8564
12-24 17:22:28.292   419  9221 D MtkOmxVenc: [0xe36c2200] e36c2200 ETB (0xE9C316E0) (0xE7B7FE40) (12), mNumPendingInput(1)
12-24 17:22:28.292   419  9222 D MtkOmxVenc: [0xe36c2200] FrameBuf : handle = 0xe9cabc20, VA = 0xddb08000, PA = 0x44e00000, format=HAL_PIXEL_FORMAT_YV12(0x32315659), ion=68
12-24 17:22:28.292   419  9222 D MtkOmxVenc: [0xe36c2200] Get BS buffer: va:0xdec02000, pa:0x43800000, sec:0x0. Get Frm buffer: va:0xddb08000, pa:0x44e00000, sec:0x0
12-24 17:22:28.292   419  9222 I VDO_LOG : Y:44E00000, U:44E9BA00, V:44E7BC00
12-24 17:22:28.298   419  9222 I VDO_LOG : [tid: 9222] =benc 197, max 11880, min 159, avg 33713==enc 5319, max 77048, min 4927, avg 695891==aenc 70, max 1055, min 0, avg 11686==init 69, max 2424, min 59, avg 13561==frm 5452, max 17189, min 0, avg 714508==deinit 61, max 1041, min 0, avg 9836==flush 94, max 11735, min 51, avg 11499=
12-24 17:22:28.298   419  9222 D MtkOmxVenc: [0xe36c2200] AVC EncTime=6, RGB_2_YUV=0, buf timestamp=2889732 (2889732857) IsKey(0), Size(2225) : in VA=0xE7B7FE40, offset=0x00000000, t=2889732857, len=12, flags=0x00000010 : out VA=0xDEC02000, offset=0x00000000
12-24 17:22:28.298   419  9222 D MtkOmxVenc: [0xe36c2200] e36c2200 EBD (0xE9C316E0) (0xE7B7FE40), mNumPendingInput(0)
12-24 17:22:28.298   419  9222 D MtkOmxVenc: [0xe36c2200] e36c2200 FBD (0xE9C317A0) (0xDEC02000) 2889732857 (2225), mNumPendingOutput(7)
12-24 17:22:28.298  9185  9220 D ACodec  : give LatencyToken 32658, 2225
12-24 17:22:28.299  9185  9220 D ACodec  : [OMX.MTK.VIDEO.ENCODER.AVC] onOutputBufferDrained ID 10
12-24 17:22:28.300   419  9221 D MtkOmxVenc: [0xe36c2200] e36c2200 FTB (0xE9C317A0) (0xDEC02000) (1048576), mNumPendingOutput(8)
12-24 17:22:28.301  8537  8542 I art     : backtrace->Unwind end : 8564
12-24 17:22:28.303  8537  8542 I art     : backtrace->Unwind begin : 8569
12-24 17:22:28.313  8537  8542 I art     : backtrace->Unwind end : 8569
12-24 17:22:28.314  8537  8542 I art     : backtrace->Unwind begin : 8584
12-24 17:22:28.324  8537  8542 I art     : backtrace->Unwind end : 8584
12-24 17:22:28.325   419  9221 D MtkOmxVenc: [0xe36c2200] e36c2200 ETB (0xE9C316E0) (0xE7B7FE40) (12), mNumPendingInput(1)
12-24 17:22:28.325   419  9222 D MtkOmxVenc: [0xe36c2200] FrameBuf : handle = 0xe9cabc20, VA = 0xddb08000, PA = 0x44e00000, format=HAL_PIXEL_FORMAT_YV12(0x32315659), ion=68
12-24 17:22:28.325   419  9222 D MtkOmxVenc: [0xe36c2200] Get BS buffer: va:0xdeb02000, pa:0x43900000, sec:0x0. Get Frm buffer: va:0xddb08000, pa:0x44e00000, sec:0x0
12-24 17:22:28.326   419  9222 I VDO_LOG : Y:44E00000, U:44E9BA00, V:44E7BC00
12-24 17:22:28.328  8537  8542 I art     : backtrace->Unwind begin : 8589
12-24 17:22:28.331   419  9222 I VDO_LOG : [tid: 9222] =benc 200, max 11880, min 159, avg 33580==enc 5323, max 77048, min 4927, avg 693151==aenc 76, max 1055, min 0, avg 11640==init 70, max 2424, min 59, avg 13508==frm 5461, max 17189, min 0, avg 711705==deinit 65, max 1041, min 0, avg 9797==flush 96, max 11735, min 51, avg 11453=
12-24 17:22:28.331   419  9222 D MtkOmxVenc: [0xe36c2200] AVC EncTime=6, RGB_2_YUV=0, buf timestamp=2889765 (2889765857) IsKey(0), Size(2225) : in VA=0xE7B7FE40, offset=0x00000000, t=2889765857, len=12, flags=0x00000010 : out VA=0xDEB02000, offset=0x00000000
12-24 17:22:28.331   419  9222 D MtkOmxVenc: [0xe36c2200] e36c2200 EBD (0xE9C316E0) (0xE7B7FE40), mNumPendingInput(0)
12-24 17:22:28.331   419  9222 D MtkOmxVenc: [0xe36c2200] e36c2200 FBD (0xE9C88020) (0xDEB02000) 2889765857 (2225), mNumPendingOutput(7)
12-24 17:22:28.332  9185  9220 D ACodec  : give LatencyToken 32659, 2225
12-24 17:22:28.333  9185  9220 D ACodec  : [OMX.MTK.VIDEO.ENCODER.AVC] onOutputBufferDrained ID 11
12-24 17:22:28.333   419  9221 D MtkOmxVenc: [0xe36c2200] e36c2200 FTB (0xE9C88020) (0xDEB02000) (1048576), mNumPendingOutput(8)
12-24 17:22:28.338  8537  8542 I art     : backtrace->Unwind end : 8589
12-24 17:22:28.340  8537  8542 I art     : backtrace->Unwind begin : 8592
12-24 17:22:28.350  8537  8542 I art     : backtrace->Unwind end : 8592
12-24 17:22:28.351  8537  8542 I art     : backtrace->Unwind begin : 8593
12-24 17:22:28.359   419  9221 D MtkOmxVenc: [0xe36c2200] e36c2200 ETB (0xE9C316E0) (0xE7B7FE40) (12), mNumPendingInput(1)
12-24 17:22:28.359   419  9222 D MtkOmxVenc: [0xe36c2200] FrameBuf : handle = 0xe9cabc20, VA = 0xddb08000, PA = 0x44e00000, format=HAL_PIXEL_FORMAT_YV12(0x32315659), ion=68
12-24 17:22:28.359   419  9222 D MtkOmxVenc: [0xe36c2200] Get BS buffer: va:0xdea02000, pa:0x43a00000, sec:0x0. Get Frm buffer: va:0xddb08000, pa:0x44e00000, sec:0x0
12-24 17:22:28.359   419  9222 I VDO_LOG : Y:44E00000, U:44E9BA00, V:44E7BC00
12-24 17:22:28.362  8537  8542 I art     : backtrace->Unwind end : 8593
12-24 17:22:28.363  8537  8542 I art     : backtrace->Unwind begin : 8595
12-24 17:22:28.365   419  9222 I VDO_LOG : [tid: 9222] =benc 429, max 11880, min 159, avg 33449==enc 5359, max 77048, min 4927, avg 690432==aenc 112, max 1055, min 0, avg 11595==init 122, max 2424, min 59, avg 13455==frm 5677, max 17189, min 0, avg 708926==deinit 96, max 1041, min 0, avg 9759==flush 184, max 11735, min 51, avg 11409=
12-24 17:22:28.365   419  9222 D MtkOmxVenc: [0xe36c2200] AVC EncTime=6, RGB_2_YUV=0, buf timestamp=2889798 (2889798857) IsKey(0), Size(2225) : in VA=0xE7B7FE40, offset=0x00000000, t=2889798857, len=12, flags=0x00000010 : out VA=0xDEA02000, offset=0x00000000
12-24 17:22:28.365   419  9222 D MtkOmxVenc: [0xe36c2200] e36c2200 EBD (0xE9C316E0) (0xE7B7FE40), mNumPendingInput(0)
12-24 17:22:28.366   419  9222 D MtkOmxVenc: [0xe36c2200] e36c2200 FBD (0xE9C88080) (0xDEA02000) 2889798857 (2225), mNumPendingOutput(7)
12-24 17:22:28.366  9185  9220 D ACodec  : give LatencyToken 32660, 2225
12-24 17:22:28.368  9185  9220 D ACodec  : [OMX.MTK.VIDEO.ENCODER.AVC] onOutputBufferDrained ID 12
12-24 17:22:28.369   419  9221 D MtkOmxVenc: [0xe36c2200] e36c2200 FTB (0xE9C88080) (0xDEA02000) (1048576), mNumPendingOutput(8)
12-24 17:22:28.374  8537  8542 I art     : backtrace->Unwind end : 8595
12-24 17:22:28.375  8537  8542 I art     : backtrace->Unwind begin : 8597
12-24 17:22:28.385  8537  8542 I art     : backtrace->Unwind end : 8597
12-24 17:22:28.387  8537  8542 I art     : backtrace->Unwind begin : 8599
12-24 17:22:28.392   419  9221 D MtkOmxVenc: [0xe36c2200] e36c2200 ETB (0xE9C316E0) (0xE7B7FE40) (12), mNumPendingInput(1)
12-24 17:22:28.392   419  9222 D MtkOmxVenc: [0xe36c2200] FrameBuf : handle = 0xe9cabc20, VA = 0xddb08000, PA = 0x44e00000, format=HAL_PIXEL_FORMAT_YV12(0x32315659), ion=68
12-24 17:22:28.392   419  9222 D MtkOmxVenc: [0xe36c2200] Get BS buffer: va:0xde902000, pa:0x43b00000, sec:0x0. Get Frm buffer: va:0xddb08000, pa:0x44e00000, sec:0x0
12-24 17:22:28.392   419  9222 I VDO_LOG : Y:44E00000, U:44E9BA00, V:44E7BC00
12-24 17:22:28.398   419  9222 I VDO_LOG : [tid: 9222] =benc 260, max 11880, min 159, avg 33318==enc 5335, max 77048, min 4927, avg 687735==aenc 107, max 1055, min 0, avg 11550==init 69, max 2424, min 59, avg 13402==frm 5535, max 17189, min 0, avg 706167==deinit 92, max 1041, min 0, avg 9721==flush 159, max 11735, min 51, avg 11364=
12-24 17:22:28.398   419  9222 D MtkOmxVenc: [0xe36c2200] AVC EncTime=6, RGB_2_YUV=0, buf timestamp=2889831 (2889831857) IsKey(0), Size(2225) : in VA=0xE7B7FE40, offset=0x00000000, t=2889831857, len=12, flags=0x00000010 : out VA=0xDE902000, offset=0x00000000
12-24 17:22:28.399   419  9222 D MtkOmxVenc: [0xe36c2200] e36c2200 EBD (0xE9C316E0) (0xE7B7FE40), mNumPendingInput(0)
12-24 17:22:28.399   419  9222 D MtkOmxVenc: [0xe36c2200] e36c2200 FBD (0xE9C87E40) (0xDE902000) 2889831857 (2225), mNumPendingOutput(7)
12-24 17:22:28.399  9185  9220 D ACodec  : give LatencyToken 32661, 2225
12-24 17:22:28.401  9185  9220 D ACodec  : [OMX.MTK.VIDEO.ENCODER.AVC] onOutputBufferDrained ID 13
12-24 17:22:28.401   419  9221 D MtkOmxVenc: [0xe36c2200] e36c2200 FTB (0xE9C87E40) (0xDE902000) (1048576), mNumPendingOutput(8)
12-24 17:22:28.401  8537  8542 I art     : backtrace->Unwind end : 8599
12-24 17:22:28.403  8537  8542 I art     : backtrace->Unwind begin : 8601
12-24 17:22:28.413  8537  8542 I art     : backtrace->Unwind end : 8601
12-24 17:22:28.415  8537  8542 I art     : backtrace->Unwind begin : 8605
12-24 17:22:28.425  8537  8542 I art     : backtrace->Unwind end : 8605
12-24 17:22:28.425   419  9221 D MtkOmxVenc: [0xe36c2200] e36c2200 ETB (0xE9C316E0) (0xE7B7FE40) (12), mNumPendingInput(1)
12-24 17:22:28.425   419  9222 D MtkOmxVenc: [0xe36c2200] FrameBuf : handle = 0xe9cabc20, VA = 0xddb08000, PA = 0x44e00000, format=HAL_PIXEL_FORMAT_YV12(0x32315659), ion=68
12-24 17:22:28.425   419  9222 D MtkOmxVenc: [0xe36c2200] Get BS buffer: va:0xde802000, pa:0x43c00000, sec:0x0. Get Frm buffer: va:0xddb08000, pa:0x44e00000, sec:0x0
12-24 17:22:28.426   419  9222 I VDO_LOG : Y:44E00000, U:44E9BA00, V:44E7BC00
12-24 17:22:28.429  8537  8542 I art     : backtrace->Unwind begin : 8635
12-24 17:22:28.431   419  9222 I VDO_LOG : [tid: 9222] =benc 262, max 11880, min 159, avg 33188==enc 5354, max 77048, min 4927, avg 685059==aenc 115, max 1055, min 0, avg 11505==init 70, max 2424, min 59, avg 13350==frm 5557, max 17189, min 0, avg 703430==deinit 99, max 1041, min 0, avg 9684==flush 160, max 11735, min 51, avg 11320=
12-24 17:22:28.432   419  9222 D MtkOmxVenc: [0xe36c2200] AVC EncTime=6, RGB_2_YUV=0, buf timestamp=2889864 (2889864857) IsKey(0), Size(2225) : in VA=0xE7B7FE40, offset=0x00000000, t=2889864857, len=12, flags=0x00000010 : out VA=0xDE802000, offset=0x00000000
12-24 17:22:28.432   419  9222 D MtkOmxVenc: [0xe36c2200] e36c2200 EBD (0xE9C316E0) (0xE7B7FE40), mNumPendingInput(0)
12-24 17:22:28.432   419  9222 D MtkOmxVenc: [0xe36c2200] e36c2200 FBD (0xE9C880E0) (0xDE802000) 2889864857 (2225), mNumPendingOutput(7)
12-24 17:22:28.432  9185  9220 D ACodec  : give LatencyToken 32662, 2225
12-24 17:22:28.434  9185  9220 D ACodec  : [OMX.MTK.VIDEO.ENCODER.AVC] onOutputBufferDrained ID 14
12-24 17:22:28.434   419  9221 D MtkOmxVenc: [0xe36c2200] e36c2200 FTB (0xE9C880E0) (0xDE802000) (1048576), mNumPendingOutput(8)
12-24 17:22:28.443  8537  8542 I art     : backtrace->Unwind end : 8635
12-24 17:22:28.445  8537  8542 I art     : backtrace->Unwind begin : 8638
12-24 17:22:28.455  8537  8542 I art     : backtrace->Unwind end : 8638
12-24 17:22:28.457  8537  8542 I art     : backtrace->Unwind begin : 8639
12-24 17:22:28.459   419  9221 D MtkOmxVenc: [0xe36c2200] e36c2200 ETB (0xE9C316E0) (0xE7B7FE40) (12), mNumPendingInput(1)
12-24 17:22:28.459   419  9222 D MtkOmxVenc: [0xe36c2200] FrameBuf : handle = 0xe9cabc20, VA = 0xddb08000, PA = 0x44e00000, format=HAL_PIXEL_FORMAT_YV12(0x32315659), ion=68
12-24 17:22:28.459   419  9222 D MtkOmxVenc: [0xe36c2200] Get BS buffer: va:0xdef02000, pa:0x43200000, sec:0x0. Get Frm buffer: va:0xddb08000, pa:0x44e00000, sec:0x0
12-24 17:22:28.459   419  9222 I VDO_LOG : Y:44E00000, U:44E9BA00, V:44E7BC00
