--------- beginning of system
12-24 17:21:52.110   415 10181 D SocketClient: SocketClient sendData done: 
12-24 17:21:52.110   415 10181 D SocketClient: SocketClient sendData done: 
12-24 17:21:52.110   415 10181 D SocketClient: SocketClient sendData done: 
12-24 17:21:52.110   415 10181 D SocketClient: SocketClient sendData done: 
12-24 17:21:52.111   415 10181 D SocketClient: SocketClient sendData done: 
12-24 17:21:52.111   415 10181 D SocketClient: SocketClient sendData done: 
12-24 17:21:52.112   415  1084 D SocketClient: SocketClient sendData done: 
12-24 17:21:52.113   415 10181 D SocketClient: SocketClient sendData done: 
12-24 17:21:52.135  1125  1279 V ActivityManager: Broadcast sticky: Intent { act=android.net.wifi.RSSI_CHANGED flg=0x4000010 FromType=0xffffffff mCallingUid=1000 (has extras) } ordered=false userid=-1 callerApp=ProcessRecord{10a63b2 1125:system/1000, isShadow:false}
12-24 17:21:52.138  1125  1608 D ConnectivityService: getActiveNetworkInfo networkInfo = [type: WIFI[], state: CONNECTED/CONNECTED, reason: (unspecified), extra: "JD-office", roaming: false, failover: false, isAvailable: true]
12-24 17:21:52.138  1125  1975 D ConnectivityService: getActiveNetworkInfo networkInfo = [type: WIFI[], state: CONNECTED/CONNECTED, reason: (unspecified), extra: "JD-office", roaming: false, failover: false, isAvailable: true]
12-24 17:21:52.423  1125  1267 D PowerManagerNotifier: onUserActivity: event=2, uid=1000
12-24 17:21:52.424  1125  1267 D DisplayPowerController: requestPowerState: policy=BRIGHT, useProximitySensor=false, screenBrightness=4, screenAutoBrightnessAdjustment=0.0, brightnessSetByUser=true, useAutoBrightness=false, blockScreenOn=false, lowPowerMode=false, boostScreenBrightness=false, dozeScreenBrightness=-1, dozeScreenState=UNKNOWN, waitForNegativeProximity=false
12-24 17:21:52.479  1125  1267 D PowerManagerNotifier: onUserActivity: event=0, uid=1000
12-24 17:21:52.479  1125  1267 D DisplayPowerController: requestPowerState: policy=BRIGHT, useProximitySensor=false, screenBrightness=4, screenAutoBrightnessAdjustment=0.0, brightnessSetByUser=true, useAutoBrightness=false, blockScreenOn=false, lowPowerMode=false, boostScreenBrightness=false, dozeScreenBrightness=-1, dozeScreenState=UNKNOWN, waitForNegativeProximity=false
12-24 17:21:52.955  1125  1267 D PowerManagerNotifier: onUserActivity: event=2, uid=1000
12-24 17:21:52.955  1125  1267 D DisplayPowerController: requestPowerState: policy=BRIGHT, useProximitySensor=false, screenBrightness=4, screenAutoBrightnessAdjustment=0.0, brightnessSetByUser=true, useAutoBrightness=false, blockScreenOn=false, lowPowerMode=false, boostScreenBrightness=false, dozeScreenBrightness=-1, dozeScreenState=UNKNOWN, waitForNegativeProximity=false
12-24 17:21:53.132   415  1084 D SocketClient: SocketClient sendData done: 
12-24 17:21:53.388  1125  1267 D PowerManagerNotifier: onUserActivity: event=0, uid=1000
12-24 17:21:53.389  1125  1267 D DisplayPowerController: requestPowerState: policy=BRIGHT, useProximitySensor=false, screenBrightness=4, screenAutoBrightnessAdjustment=0.0, brightnessSetByUser=true, useAutoBrightness=false, blockScreenOn=false, lowPowerMode=false, boostScreenBrightness=false, dozeScreenBrightness=-1, dozeScreenState=UNKNOWN, waitForNegativeProximity=false
12-24 17:21:53.486  1125  1267 D PowerManagerNotifier: onUserActivity: event=2, uid=1000
12-24 17:21:53.486  1125  1267 D DisplayPowerController: requestPowerState: policy=BRIGHT, useProximitySensor=false, screenBrightness=4, screenAutoBrightnessAdjustment=0.0, brightnessSetByUser=true, useAutoBrightness=false, blockScreenOn=false, lowPowerMode=false, boostScreenBrightness=false, dozeScreenBrightness=-1, dozeScreenState=UNKNOWN, waitForNegativeProximity=false
12-24 17:21:53.759  1125  2167 W ActivityManager: xulei call enter isTransformStartActivity !!! _component:ComponentInfo{com.tianyancha.skyeye/com.tianyancha.skyeye.invite.AccountHistoryActivity},  intent:Intent { FromType=0xffffffff cmp=com.tianyancha.skyeye/.invite.AccountHistoryActivity }
12-24 17:21:53.759  1125  2167 I ActivityManager: START u0 {FromType=0xffffffff mCallingUid=10140 cmp=com.tianyancha.skyeye/.invite.AccountHistoryActivity} from uid 10140 from pid 9473 on display 0
12-24 17:21:53.759  1125  2167 I ActivityManager: sourceRecord = ActivityRecord{d101a8d u0 com.tianyancha.skyeye/.invite.InviteAwardActivity, isShadow:false t15}
12-24 17:21:53.760  1125  2167 V WindowManager: findFocusedWindow: Found new focus @ 9 = Window{6ca9ebc u0 com.tianyancha.skyeye/com.tianyancha.skyeye.invite.InviteAwardActivity}
12-24 17:21:53.762  1125  2167 V WindowManager: setAppStartingWindow: token=Token{a0f813a ActivityRecord{f1fe065 u0 com.tianyancha.skyeye/.invite.AccountHistoryActivity, isShadow:false t15}} pkg=com.tianyancha.skyeye transferFrom=nullcreateIfNeeded=false
12-24 17:21:53.764  1125  1843 W PowerManagerService: LIMIT_APP: in WorkerRunnable call setUid = 10140
12-24 17:21:53.766  1125  2167 W PowerManagerService: LIMIT_APP: getNetworkBytes use time = 3
12-24 17:21:53.766  1125  1843 W PowerManagerService: LIMIT_APP: in WorkerRunnable call setUid = 1000
12-24 17:21:53.767  9473  9486 I ActivityThreadEui: schedulePauseActivity com.tianyancha.skyeye.invite.InviteAwardActivity finished=false userLeaving=true configChanges=0 dontReport=false
12-24 17:21:53.768  1125  2167 W PowerManagerService: LIMIT_APP: getNetworkBytes use time = 2
12-24 17:21:53.768  1125  2167 D DisplayPowerController: requestPowerState: policy=BRIGHT, useProximitySensor=false, screenBrightness=4, screenAutoBrightnessAdjustment=0.0, brightnessSetByUser=true, useAutoBrightness=false, blockScreenOn=false, lowPowerMode=false, boostScreenBrightness=false, dozeScreenBrightness=-1, dozeScreenState=UNKNOWN, waitForNegativeProximity=false
12-24 17:21:53.769  1125  2167 D PowerManagerNotifier: onWakeLockAcquired: flags=1, tag="*launch*", packageName=android, ownerUid=1000, ownerPid=1125, workSource=WorkSource{10140}
12-24 17:21:53.769  1125  2167 V WindowManager: findFocusedWindow: Found new focus @ 9 = Window{6ca9ebc u0 com.tianyancha.skyeye/com.tianyancha.skyeye.invite.InviteAwardActivity}
12-24 17:21:53.771  1125  2167 V WindowManager: Set focused app to: AppWindowToken{ed5e1eb token=Token{a0f813a ActivityRecord{f1fe065 u0 com.tianyancha.skyeye/.invite.AccountHistoryActivity, isShadow:false t15}}} old focus=AppWindowToken{6a9cc53 token=Token{e007442 ActivityRecord{d101a8d u0 com.tianyancha.skyeye/.invite.InviteAwardActivity, isShadow:false t15}}} moveFocusNow=true
12-24 17:21:53.771  1125  2167 I WindowManager: Set focused app to: AppWindowToken{ed5e1eb token=Token{a0f813a ActivityRecord{f1fe065 u0 com.tianyancha.skyeye/.invite.AccountHistoryActivity, isShadow:false t15}}} old focus=AppWindowToken{6a9cc53 token=Token{e007442 ActivityRecord{d101a8d u0 com.tianyancha.skyeye/.invite.InviteAwardActivity, isShadow:false t15}}} moveFocusNow=true
12-24 17:21:53.771  1125  2167 V WindowManager: findFocusedWindow: Reached focused app=AppWindowToken{ed5e1eb token=Token{a0f813a ActivityRecord{f1fe065 u0 com.tianyancha.skyeye/.invite.AccountHistoryActivity, isShadow:false t15}}}
12-24 17:21:53.772  1125  2167 V WindowManager: Changing focus from Window{6ca9ebc u0 com.tianyancha.skyeye/com.tianyancha.skyeye.invite.InviteAwardActivity} to null Callers=com.android.server.wm.WindowManagerService.setFocusedApp:4708 com.android.server.am.ActivityManagerService.setFocusedActivityLocked:3090 com.android.server.am.ActivityStackSupervisor.startActivityUncheckedLocked:3019 com.android.server.am.ActivityStackSupervisor.startActivityLocked:1982 
12-24 17:21:53.772  1125  2167 I WindowManager: Input focus has changed to null oldFocusWindow=Window{6ca9ebc u0 com.tianyancha.skyeye/com.tianyancha.skyeye.invite.InviteAwardActivity} updateInputWindow=true
12-24 17:21:53.773  1125  1153 I WindowManager: Focus moving from Window{6ca9ebc u0 com.tianyancha.skyeye/com.tianyancha.skyeye.invite.InviteAwardActivity} to null
12-24 17:21:53.773  1125  1153 I WindowManager: Losing focus: Window{6ca9ebc u0 com.tianyancha.skyeye/com.tianyancha.skyeye.invite.InviteAwardActivity}
12-24 17:21:53.774  8309  8309 D ActivityThread: SVC-Calling onStartCommand: com.letv.android.usagestats.UsageStatsReportService@30de766, flags=0, startId=53
12-24 17:21:53.774  8309  8309 D ActivityThread: SVC-SERVICE_ARGS handled : 0 / ServiceArgsData{token=android.os.BinderProxy@11493c1 startId=53 args=Intent { act=com.letv.android.usagestats.REPORT FromType=0xffffffff mCallingUid=1000 pkg=com.letv.android.usagestats (has extras) }}
12-24 17:21:53.774  9473  9473 D ActivityThread: ACT-AM_ON_PAUSE_CALLED ActivityRecord{955661e token=android.os.BinderProxy@7adceff {com.tianyancha.skyeye/com.tianyancha.skyeye.invite.InviteAwardActivity}}
12-24 17:21:53.775  1125  2166 I WindowManager: setAppVisibility(Token{a0f813a ActivityRecord{f1fe065 u0 com.tianyancha.skyeye/.invite.AccountHistoryActivity, isShadow:false t15}}, visible=true): mNextAppTransition=TRANSIT_ACTIVITY_OPEN hidden=true hiddenRequested=true
12-24 17:21:53.776  1125  2166 I WindowManager: setAppVisibility(Token{e007442 ActivityRecord{d101a8d u0 com.tianyancha.skyeye/.invite.InviteAwardActivity, isShadow:false t15}}, visible=false): mNextAppTransition=TRANSIT_ACTIVITY_OPEN hidden=false hiddenRequested=false
12-24 17:21:53.779  1125  2166 D ActivityManager: Delay resumeKeyDispatchingLocked() to avoid deadlock.
12-24 17:21:53.780  9473  9473 D ActivityThread: ACT-PAUSE_ACTIVITY handled : 1 / android.os.BinderProxy@7adceff
12-24 17:21:53.792  1125  1975 D ConnectivityService: getActiveNetworkInfo networkInfo = [type: WIFI[], state: CONNECTED/CONNECTED, reason: (unspecified), extra: "JD-office", roaming: false, failover: false, isAvailable: true]
12-24 17:21:53.794  9473  9473 V ActivityThread: Handling launch of ActivityRecord{a5e565b token=android.os.BinderProxy@ddcaef8 {com.tianyancha.skyeye/com.tianyancha.skyeye.invite.AccountHistoryActivity}} startsNotResumed=false
12-24 17:21:53.794  9473  9473 V ActivityThread: ActivityRecord{a5e565b token=android.os.BinderProxy@ddcaef8 {com.tianyancha.skyeye/com.tianyancha.skyeye.invite.AccountHistoryActivity}}: app=com.tianyancha.skyeye.App@33e4be4, appName=com.tianyancha.skyeye, pkg=com.tianyancha.skyeye, comp={com.tianyancha.skyeye/com.tianyancha.skyeye.invite.AccountHistoryActivity}, dir=/data/app/com.tianyancha.skyeye-2/base.apk
12-24 17:21:53.837  9473  9473 V ActivityThread: Performing resume of ActivityRecord{a5e565b token=android.os.BinderProxy@ddcaef8 {com.tianyancha.skyeye/com.tianyancha.skyeye.invite.AccountHistoryActivity}}
12-24 17:21:53.837  9473  9473 D ActivityThread: ACT-AM_ON_RESUME_CALLED ActivityRecord{a5e565b token=android.os.BinderProxy@ddcaef8 {com.tianyancha.skyeye/com.tianyancha.skyeye.invite.AccountHistoryActivity}}
12-24 17:21:53.837  9473  9473 V ActivityThread: Resume ActivityRecord{a5e565b token=android.os.BinderProxy@ddcaef8 {com.tianyancha.skyeye/com.tianyancha.skyeye.invite.AccountHistoryActivity}} started activity: false, hideForNow: false, finished: false
12-24 17:21:53.841  1125  1608 D WindowManager: addWindowToListInOrderLocked: win=Window{5e47706 u0 com.tianyancha.skyeye/com.tianyancha.skyeye.invite.AccountHistoryActivity} Callers=com.android.server.wm.WindowManagerService.addWindow:2957 com.android.server.wm.Session.addToDisplay:174 android.view.IWindowSession$Stub.onTransact:124 com.android.server.wm.Session.onTransact:136 
12-24 17:21:53.842  1125  1608 I WindowManager: addWindow: window=Window{5e47706 u0 com.tianyancha.skyeye/com.tianyancha.skyeye.invite.AccountHistoryActivity}
12-24 17:21:53.842  9473  9473 V ActivityThread: Resuming ActivityRecord{a5e565b token=android.os.BinderProxy@ddcaef8 {com.tianyancha.skyeye/com.tianyancha.skyeye.invite.AccountHistoryActivity}} with isForward=true
12-24 17:21:53.842  9473  9473 V ActivityThread: Scheduling idle handler for ActivityRecord{a5e565b token=android.os.BinderProxy@ddcaef8 {com.tianyancha.skyeye/com.tianyancha.skyeye.invite.AccountHistoryActivity}}
12-24 17:21:53.842  9473  9473 D ActivityThread: ACT-LAUNCH_ACTIVITY handled : 0 / ActivityRecord{a5e565b token=android.os.BinderProxy@ddcaef8 {com.tianyancha.skyeye/com.tianyancha.skyeye.invite.AccountHistoryActivity}}
12-24 17:21:53.845  1125  1698 I WindowManager: Relayout Window{5e47706 u0 com.tianyancha.skyeye/com.tianyancha.skyeye.invite.AccountHistoryActivity}: viewVisibility=0 oldVisibility=4 mRelayoutCalled=false flagChanges=0x0 flags=0x5010100 receiveKey=false
12-24 17:21:53.846  1125  1698 V WindowManager: findFocusedWindow: Found new focus @ 10 = Window{5e47706 u0 com.tianyancha.skyeye/com.tianyancha.skyeye.invite.AccountHistoryActivity}
12-24 17:21:53.847  1125  1698 V WindowManager: Changing focus from null to Window{5e47706 u0 com.tianyancha.skyeye/com.tianyancha.skyeye.invite.AccountHistoryActivity} Callers=com.android.server.wm.WindowManagerService.relayoutWindow:3836 com.android.server.wm.Session.relayout:204 android.view.IWindowSession$Stub.onTransact:284 com.android.server.wm.Session.onTransact:136 
12-24 17:21:53.847  1125  1698 I WindowManager: Input focus has changed to Window{5e47706 u0 com.tianyancha.skyeye/com.tianyancha.skyeye.invite.AccountHistoryActivity} oldFocusWindow=null updateInputWindow=false
12-24 17:21:53.863  1125  1153 I WindowManager: Focus moving from null to Window{5e47706 u0 com.tianyancha.skyeye/com.tianyancha.skyeye.invite.AccountHistoryActivity}
12-24 17:21:53.863  1125  1153 I WindowManager: Gaining focus: Window{5e47706 u0 com.tianyancha.skyeye/com.tianyancha.skyeye.invite.AccountHistoryActivity}
12-24 17:21:53.873  9473  9473 W ViewRootImpl: Dropping event due to no window focus: KeyEvent { action=ACTION_DOWN, keyCode=KEYCODE_DPAD_RIGHT, scanCode=0, metaState=0, flags=0x8, repeatCount=0, eventTime=2855257, downTime=2855257, deviceId=-1, source=0x101 }
12-24 17:21:53.873  9473  9473 W ViewRootImpl: Cancelling event due to no window focus: KeyEvent { action=ACTION_UP, keyCode=KEYCODE_DPAD_RIGHT, scanCode=0, metaState=0, flags=0x28, repeatCount=0, eventTime=2855323, downTime=2855323, deviceId=-1, source=0x101 }
12-24 17:21:53.873  9473  9473 W ViewRootImpl: Cancelling event due to no window focus: KeyEvent { action=ACTION_UP, keyCode=KEYCODE_DPAD_RIGHT, scanCode=0, metaState=0, flags=0x28, repeatCount=0, eventTime=2855323, downTime=2855323, deviceId=-1, source=0x101 }
12-24 17:21:53.873  9473  9473 W ViewRootImpl: Cancelling event due to no window focus: KeyEvent { action=ACTION_UP, keyCode=KEYCODE_DPAD_RIGHT, scanCode=0, metaState=0, flags=0x28, repeatCount=0, eventTime=2855323, downTime=2855323, deviceId=-1, source=0x101 }
12-24 17:21:53.873  9473  9473 W ViewRootImpl: Cancelling event due to no window focus: KeyEvent { action=ACTION_UP, keyCode=KEYCODE_DPAD_RIGHT, scanCode=0, metaState=0, flags=0x28, repeatCount=0, eventTime=2855323, downTime=2855323, deviceId=-1, source=0x101 }
12-24 17:21:53.874  9473  9473 W ViewRootImpl: Cancelling event due to no window focus: KeyEvent { action=ACTION_UP, keyCode=KEYCODE_DPAD_RIGHT, scanCode=0, metaState=0, flags=0x28, repeatCount=0, eventTime=2855323, downTime=2855323, deviceId=-1, source=0x101 }
12-24 17:21:53.874  9473  9473 W ViewRootImpl: Cancelling event due to no window focus: KeyEvent { action=ACTION_UP, keyCode=KEYCODE_DPAD_RIGHT, scanCode=0, metaState=0, flags=0x28, repeatCount=0, eventTime=2855323, downTime=2855323, deviceId=-1, source=0x101 }
12-24 17:21:53.874  9473  9473 W ViewRootImpl: Cancelling event due to no window focus: KeyEvent { action=ACTION_UP, keyCode=KEYCODE_DPAD_RIGHT, scanCode=0, metaState=0, flags=0x28, repeatCount=0, eventTime=2855323, downTime=2855323, deviceId=-1, source=0x101 }
12-24 17:21:53.874  9473  9473 W ViewRootImpl: Cancelling event due to no window focus: KeyEvent { action=ACTION_UP, keyCode=KEYCODE_DPAD_RIGHT, scanCode=0, metaState=0, flags=0x28, repeatCount=0, eventTime=2855323, downTime=2855323, deviceId=-1, source=0x101 }
12-24 17:21:53.874  9473  9473 W ViewRootImpl: Cancelling event due to no window focus: KeyEvent { action=ACTION_UP, keyCode=KEYCODE_DPAD_RIGHT, scanCode=0, metaState=0, flags=0x28, repeatCount=0, eventTime=2855323, downTime=2855323, deviceId=-1, source=0x101 }
12-24 17:21:53.888  1125  1153 I WindowStateAnimator: firstWindowDrawn win=Window{5e47706 u0 com.tianyancha.skyeye/com.tianyancha.skyeye.invite.AccountHistoryActivity} null startingData
12-24 17:21:53.889  1125  1153 V WindowManager: findFocusedWindow: Found new focus @ 10 = Window{5e47706 u0 com.tianyancha.skyeye/com.tianyancha.skyeye.invite.AccountHistoryActivity}
12-24 17:21:53.889  1125  1153 D WindowManager: notifyActivityDrawnForKeyguard: waiting=false Callers=com.android.server.wm.WindowManagerService.handleAppTransitionReadyLocked:10542 com.android.server.wm.WindowManagerService.performLayoutAndPlaceSurfacesLockedInner:11161 com.android.server.wm.WindowManagerService.performLayoutAndPlaceSurfacesLockedLoop:9891 com.android.server.wm.WindowManagerService.performLayoutAndPlaceSurfacesLocked:9838 com.android.server.wm.WindowManagerService.-wrap7:-1 
12-24 17:21:53.889  1125  1153 V WindowManager: findFocusedWindow: Found new focus @ 10 = Window{5e47706 u0 com.tianyancha.skyeye/com.tianyancha.skyeye.invite.AccountHistoryActivity}
12-24 17:21:53.894  1125  1140 V InputMethodManagerService: windowGainedFocus: android.os.BinderProxy@7eb697f controlFlags=#104 softInputMode=#120 windowFlags=#5010100
12-24 17:21:53.899  1125  1125 D NotificationService: Timeout pkg=com.tianyancha.skyeye callback=android.app.ITransientNotification$Stub$Proxy@8b49630
12-24 17:21:53.987  1125  2157 I WindowManager: Relayout Window{6ca9ebc u0 com.tianyancha.skyeye/com.tianyancha.skyeye.invite.InviteAwardActivity}: viewVisibility=8 oldVisibility=0 mRelayoutCalled=true flagChanges=0x0 flags=0x5010100 receiveKey=false
12-24 17:21:53.988  1125  2157 V WindowManager: findFocusedWindow: Found new focus @ 10 = Window{5e47706 u0 com.tianyancha.skyeye/com.tianyancha.skyeye.invite.AccountHistoryActivity}
12-24 17:21:53.992  1125  2167 V WindowManager: findFocusedWindow: Found new focus @ 10 = Window{5e47706 u0 com.tianyancha.skyeye/com.tianyancha.skyeye.invite.AccountHistoryActivity}
12-24 17:21:53.997  1125  2156 D PowerManagerNotifier: onWakeLockReleased: flags=1, tag="*launch*", packageName=android, ownerUid=1000, ownerPid=1125, workSource=WorkSource{10140}
12-24 17:21:53.998  1125  2156 D DisplayPowerController: requestPowerState: policy=BRIGHT, useProximitySensor=false, screenBrightness=4, screenAutoBrightnessAdjustment=0.0, brightnessSetByUser=true, useAutoBrightness=false, blockScreenOn=false, lowPowerMode=false, boostScreenBrightness=false, dozeScreenBrightness=-1, dozeScreenState=UNKNOWN, waitForNegativeProximity=false
12-24 17:21:54.001  1125  2156 I WindowManager: setAppVisibility(Token{e007442 ActivityRecord{d101a8d u0 com.tianyancha.skyeye/.invite.InviteAwardActivity, isShadow:false t15}}, visible=false): mNextAppTransition=TRANSIT_UNSET hidden=true hiddenRequested=true
12-24 17:21:54.001  9473 10082 I ActivityThreadEui: scheduleStopActivity com.tianyancha.skyeye.invite.InviteAwardActivity show=false configChanges=0
12-24 17:21:54.003  9473  9473 V ActivityThread: Finishing stop of ActivityRecord{955661e token=android.os.BinderProxy@7adceff {com.tianyancha.skyeye/com.tianyancha.skyeye.invite.InviteAwardActivity}}: show=false win=com.android.internal.policy.PhoneWindow@902ec70
12-24 17:21:54.004  9473  9473 D ActivityThread: ACT-STOP_ACTIVITY_HIDE handled : 0 / android.os.BinderProxy@7adceff
12-24 17:21:54.017  1125  1267 D PowerManagerNotifier: onUserActivity: event=2, uid=1000
12-24 17:21:54.017  1125  1267 D DisplayPowerController: requestPowerState: policy=BRIGHT, useProximitySensor=false, screenBrightness=4, screenAutoBrightnessAdjustment=0.0, brightnessSetByUser=true, useAutoBrightness=false, blockScreenOn=false, lowPowerMode=false, boostScreenBrightness=false, dozeScreenBrightness=-1, dozeScreenState=UNKNOWN, waitForNegativeProximity=false
12-24 17:21:54.151   415  1081 D FrameworkListener: dispatchCommand data = (getaddrinfo agnes.www.letv.com ^ 1024 0 1 0 0)
12-24 17:21:54.152   415 10188 D SocketClient: SocketClient sendData done: 222
12-24 17:21:54.152   415 10188 D SocketClient: SocketClient sendData done: 
12-24 17:21:54.152   415 10188 D SocketClient: SocketClient sendData done: 
12-24 17:21:54.153   415 10188 D SocketClient: SocketClient sendData done: 
12-24 17:21:54.153   415 10188 D SocketClient: SocketClient sendData done: 
12-24 17:21:54.153   415 10188 D SocketClient: SocketClient sendData done: 
12-24 17:21:54.153   415 10188 D SocketClient: SocketClient sendData done: 
12-24 17:21:54.153   415 10188 D SocketClient: SocketClient sendData done: 
12-24 17:21:54.153   415 10188 D SocketClient: SocketClient sendData done: 
12-24 17:21:54.153   415 10188 D SocketClient: SocketClient sendData done: 
12-24 17:21:54.153   415 10188 D SocketClient: SocketClient sendData done: 
12-24 17:21:54.153   415 10188 D SocketClient: SocketClient sendData done: 
12-24 17:21:54.153   415 10188 D SocketClient: SocketClient sendData done: 
12-24 17:21:54.153   415 10188 D SocketClient: SocketClient sendData done: 
12-24 17:21:54.153   415 10188 D SocketClient: SocketClient sendData done: 
12-24 17:21:54.153   415 10188 D SocketClient: SocketClient sendData done: 
12-24 17:21:54.153   415 10188 D SocketClient: SocketClient sendData done: 
12-24 17:21:54.153   415 10188 D SocketClient: SocketClient sendData done: 
12-24 17:21:54.155   415  1084 D SocketClient: SocketClient sendData done: 
12-24 17:21:54.452  1125  1267 D PowerManagerNotifier: onUserActivity: event=0, uid=1000
12-24 17:21:54.452  1125  1267 D DisplayPowerController: requestPowerState: policy=BRIGHT, useProximitySensor=false, screenBrightness=4, screenAutoBrightnessAdjustment=0.0, brightnessSetByUser=true, useAutoBrightness=false, blockScreenOn=false, lowPowerMode=false, boostScreenBrightness=false, dozeScreenBrightness=-1, dozeScreenState=UNKNOWN, waitForNegativeProximity=false
12-24 17:21:54.556  1125  1267 D PowerManagerNotifier: onUserActivity: event=2, uid=1000
12-24 17:21:54.556  1125  1267 D DisplayPowerController: requestPowerState: policy=BRIGHT, useProximitySensor=false, screenBrightness=4, screenAutoBrightnessAdjustment=0.0, brightnessSetByUser=true, useAutoBrightness=false, blockScreenOn=false, lowPowerMode=false, boostScreenBrightness=false, dozeScreenBrightness=-1, dozeScreenState=UNKNOWN, waitForNegativeProximity=false
12-24 17:21:54.596  1125  1153 I WindowManager: holding screen wakelock release
12-24 17:21:54.597  1125  1153 D PowerManagerNotifier: onWakeLockReleased: flags=536870922, tag="WindowManager", packageName=android, ownerUid=1000, ownerPid=1125, workSource=WorkSource{10140}
12-24 17:21:54.597  1125  1153 D PowerManagerNotifier: onUserActivity: event=0, uid=1000
12-24 17:21:54.597  1125  1153 D DisplayPowerController: requestPowerState: policy=BRIGHT, useProximitySensor=false, screenBrightness=4, screenAutoBrightnessAdjustment=0.0, brightnessSetByUser=true, useAutoBrightness=false, blockScreenOn=false, lowPowerMode=false, boostScreenBrightness=false, dozeScreenBrightness=-1, dozeScreenState=UNKNOWN, waitForNegativeProximity=false
12-24 17:21:55.080  1125  1267 D PowerManagerNotifier: onUserActivity: event=2, uid=1000
12-24 17:21:55.080  1125  1267 D DisplayPowerController: requestPowerState: policy=BRIGHT, useProximitySensor=false, screenBrightness=4, screenAutoBrightnessAdjustment=0.0, brightnessSetByUser=true, useAutoBrightness=false, blockScreenOn=false, lowPowerMode=false, boostScreenBrightness=false, dozeScreenBrightness=-1, dozeScreenState=UNKNOWN, waitForNegativeProximity=false
12-24 17:21:55.149  1125  1279 V ActivityManager: Broadcast sticky: Intent { act=android.net.wifi.RSSI_CHANGED flg=0x4000010 FromType=0xffffffff mCallingUid=1000 (has extras) } ordered=false userid=-1 callerApp=ProcessRecord{10a63b2 1125:system/1000, isShadow:false}
12-24 17:21:55.153  1125  1608 D ConnectivityService: getActiveNetworkInfo networkInfo = [type: WIFI[], state: CONNECTED/CONNECTED, reason: (unspecified), extra: "JD-office", roaming: false, failover: false, isAvailable: true]
12-24 17:21:55.153  1125  2156 D ConnectivityService: getActiveNetworkInfo networkInfo = [type: WIFI[], state: CONNECTED/CONNECTED, reason: (unspecified), extra: "JD-office", roaming: false, failover: false, isAvailable: true]
12-24 17:21:55.170   415  1084 D SocketClient: SocketClient sendData done: 
12-24 17:21:55.336  1125  1267 D PowerManagerNotifier: onUserActivity: event=0, uid=1000
12-24 17:21:55.336  1125  1267 D DisplayPowerController: requestPowerState: policy=BRIGHT, useProximitySensor=false, screenBrightness=4, screenAutoBrightnessAdjustment=0.0, brightnessSetByUser=true, useAutoBrightness=false, blockScreenOn=false, lowPowerMode=false, boostScreenBrightness=false, dozeScreenBrightness=-1, dozeScreenState=UNKNOWN, waitForNegativeProximity=false
12-24 17:21:55.425  1125  1698 V SettingsProvider: packageValueForCallResult, name = user_setup_complete, value : 1
12-24 17:21:55.425  1125  1698 V SettingsProvider: packageValueForCallResult, name = user_setup_complete, value : 1
12-24 17:21:55.427  1125  1962 V ActivityManager: Broadcast: Intent { act=android.intent.action.MEDIA_BUTTON flg=0x10 FromType=0x1 mCallingUid=10080 cmp=com.android.music/.receiver.MediaButtonIntentReceiver (has extras) } ordered=false userid=0 callerApp=null
12-24 17:21:55.431  1125  1139 V SettingsProvider: packageValueForCallResult, name = user_setup_complete, value : 1
12-24 17:21:55.431  1125  1139 V SettingsProvider: packageValueForCallResult, name = user_setup_complete, value : 1
12-24 17:21:55.433  1125  1140 V ActivityManager: Broadcast: Intent { act=android.intent.action.MEDIA_BUTTON flg=0x10 FromType=0x1 mCallingUid=10080 cmp=com.android.music/.receiver.MediaButtonIntentReceiver (has extras) } ordered=false userid=0 callerApp=null
12-24 17:21:55.453  2648  2648 D ActivityThread: BDC-Calling onReceive: intent=Intent { act=android.intent.action.MEDIA_BUTTON flg=0x10 FromType=0x1 mCallingUid=10080 cmp=com.android.music/.receiver.MediaButtonIntentReceiver (has extras) }, receiver=com.android.music.receiver.MediaButtonIntentReceiver@58be383
12-24 17:21:55.456  2648  2648 D ActivityThread: BDC-RECEIVER handled : 0 / ReceiverData{intent=Intent { act=android.intent.action.MEDIA_BUTTON flg=0x10 FromType=0x1 mCallingUid=10080 cmp=com.android.music/.receiver.MediaButtonIntentReceiver (has extras) } packageName=com.android.music resultCode=0 resultData=null resultExtras=null}
12-24 17:21:55.456  2648  2648 D ActivityThread: SVC-Calling onStartCommand: com.android.music.play.MediaPlaybackService@74b9659, flags=0, startId=20
12-24 17:21:55.456  2648  2648 D ActivityThread: SVC-SERVICE_ARGS handled : 0 / ServiceArgsData{token=android.os.BinderProxy@49eaaa0 startId=20 args=Intent { act=com.letv.music.musicservicecommand FromType=0xffffffff mCallingUid=10080 cmp=com.android.music/.play.MediaPlaybackService (has extras) }}
12-24 17:21:55.460  2648  2648 D ActivityThread: BDC-Calling onReceive: intent=Intent { act=android.intent.action.MEDIA_BUTTON flg=0x10 FromType=0x1 mCallingUid=10080 cmp=com.android.music/.receiver.MediaButtonIntentReceiver (has extras) }, receiver=com.android.music.receiver.MediaButtonIntentReceiver@633f900
12-24 17:21:55.460  2648  2648 D ActivityThread: BDC-RECEIVER handled : 0 / ReceiverData{intent=Intent { act=android.intent.action.MEDIA_BUTTON flg=0x10 FromType=0x1 mCallingUid=10080 cmp=com.android.music/.receiver.MediaButtonIntentReceiver (has extras) } packageName=com.android.music resultCode=0 resultData=null resultExtras=null}
12-24 17:21:55.473  2648  2648 D ActivityThread: SVC-Calling onStartCommand: com.android.music.play.MediaPlaybackService@74b9659, flags=0, startId=21
12-24 17:21:55.473  2648  2648 D ActivityThread: SVC-SERVICE_ARGS handled : 0 / ServiceArgsData{token=android.os.BinderProxy@49eaaa0 startId=21 args=Intent { act=com.letv.music.musicservicecommand FromType=0xffffffff mCallingUid=10080 cmp=com.android.music/.play.MediaPlaybackService (has extras) }}
12-24 17:21:55.583  1125  1267 D PowerManagerNotifier: onUserActivity: event=2, uid=1000
12-24 17:21:55.584  1125  1267 D DisplayPowerController: requestPowerState: policy=BRIGHT, useProximitySensor=false, screenBrightness=4, screenAutoBrightnessAdjustment=0.0, brightnessSetByUser=true, useAutoBrightness=false, blockScreenOn=false, lowPowerMode=false, boostScreenBrightness=false, dozeScreenBrightness=-1, dozeScreenState=UNKNOWN, waitForNegativeProximity=false
12-24 17:21:56.046  1125  1698 W ActivityManager: xulei call enter isTransformStartActivity !!! _component:ComponentInfo{com.tianyancha.skyeye/com.tianyancha.skyeye.SplashPage},  intent:Intent { act=android.intent.action.MAIN cat=[android.intent.category.LAUNCHER] flg=0x10200000 FromType=0xffffffff cmp=com.tianyancha.skyeye/.SplashPage }
12-24 17:21:56.046  1125  1698 I ActivityManager: START u0 {act=android.intent.action.MAIN cat=[android.intent.category.LAUNCHER] flg=0x10200000 FromType=0xffffffff mCallingUid=2000 cmp=com.tianyancha.skyeye/.SplashPage} from uid 2000 from pid 9739 on display 0
12-24 17:21:56.047  1125  1698 V WindowManager: findFocusedWindow: Found new focus @ 10 = Window{5e47706 u0 com.tianyancha.skyeye/com.tianyancha.skyeye.invite.AccountHistoryActivity}
12-24 17:21:56.049  1125  1698 I ActivityManager: start task to front intentActivity=ActivityRecord{f1fe065 u0 com.tianyancha.skyeye/.invite.AccountHistoryActivity, isShadow:false t15} r.intent=Intent { act=android.intent.action.MAIN cat=[android.intent.category.LAUNCHER] flg=0x10200000 FromType=0xffffffff mCallingUid=2000 cmp=com.tianyancha.skyeye/.SplashPage }
12-24 17:21:56.051  1125  1698 D WindowManager: notifyActivityDrawnForKeyguard: waiting=false Callers=com.android.server.am.ActivityStackSupervisor.notifyActivityDrawnForKeyguard:458 com.android.server.am.ActivityStackSupervisor.startActivityUncheckedLocked:2703 com.android.server.am.ActivityStackSupervisor.startActivityLocked:1982 com.android.server.am.ActivityStackSupervisor.startActivityMayWait:1146 com.android.server.am.ActivityManagerService.startActivityAsUser:5184 
12-24 17:21:56.104  1125  1267 D PowerManagerNotifier: onUserActivity: event=2, uid=1000
12-24 17:21:56.104  1125  1267 D DisplayPowerController: requestPowerState: policy=BRIGHT, useProximitySensor=false, screenBrightness=4, screenAutoBrightnessAdjustment=0.0, brightnessSetByUser=true, useAutoBrightness=false, blockScreenOn=false, lowPowerMode=false, boostScreenBrightness=false, dozeScreenBrightness=-1, dozeScreenState=UNKNOWN, waitForNegativeProximity=false
12-24 17:21:56.453  1125  1267 D PowerManagerNotifier: onUserActivity: event=0, uid=1000
12-24 17:21:56.454  1125  1267 D DisplayPowerController: requestPowerState: policy=BRIGHT, useProximitySensor=false, screenBrightness=4, screenAutoBrightnessAdjustment=0.0, brightnessSetByUser=true, useAutoBrightness=false, blockScreenOn=false, lowPowerMode=false, boostScreenBrightness=false, dozeScreenBrightness=-1, dozeScreenState=UNKNOWN, waitForNegativeProximity=false
12-24 17:21:56.603  1125  1267 D PowerManagerNotifier: onUserActivity: event=2, uid=1000
12-24 17:21:56.603  1125  1267 D DisplayPowerController: requestPowerState: policy=BRIGHT, useProximitySensor=false, screenBrightness=4, screenAutoBrightnessAdjustment=0.0, brightnessSetByUser=true, useAutoBrightness=false, blockScreenOn=false, lowPowerMode=false, boostScreenBrightness=false, dozeScreenBrightness=-1, dozeScreenState=UNKNOWN, waitForNegativeProximity=false
12-24 17:21:57.146  1125  1267 D PowerManagerNotifier: onUserActivity: event=2, uid=1000
12-24 17:21:57.146  1125  1267 D DisplayPowerController: requestPowerState: policy=BRIGHT, useProximitySensor=false, screenBrightness=4, screenAutoBrightnessAdjustment=0.0, brightnessSetByUser=true, useAutoBrightness=false, blockScreenOn=false, lowPowerMode=false, boostScreenBrightness=false, dozeScreenBrightness=-1, dozeScreenState=UNKNOWN, waitForNegativeProximity=false
12-24 17:21:57.217  1125  2167 D WindowManager: addWindowToListInOrderLocked: win=Window{fc0fd92 u0 SubPanel:com.tianyancha.skyeye/com.tianyancha.skyeye.invite.AccountHistoryActivity} Callers=com.android.server.wm.WindowManagerService.addWindow:2957 com.android.server.wm.Session.addToDisplay:174 android.view.IWindowSession$Stub.onTransact:124 com.android.server.wm.Session.onTransact:136 
12-24 17:21:57.218  1125  2167 V WindowManager: findFocusedWindow: Found new focus @ 11 = Window{fc0fd92 u0 SubPanel:com.tianyancha.skyeye/com.tianyancha.skyeye.invite.AccountHistoryActivity}
12-24 17:21:57.218  1125  2167 V WindowManager: Changing focus from Window{5e47706 u0 com.tianyancha.skyeye/com.tianyancha.skyeye.invite.AccountHistoryActivity} to Window{fc0fd92 u0 SubPanel:com.tianyancha.skyeye/com.tianyancha.skyeye.invite.AccountHistoryActivity} Callers=com.android.server.wm.WindowManagerService.addWindow:3000 com.android.server.wm.Session.addToDisplay:174 android.view.IWindowSession$Stub.onTransact:124 com.android.server.wm.Session.onTransact:136 
12-24 17:21:57.218  1125  2167 I WindowManager: Input focus has changed to Window{fc0fd92 u0 SubPanel:com.tianyancha.skyeye/com.tianyancha.skyeye.invite.AccountHistoryActivity} oldFocusWindow=Window{5e47706 u0 com.tianyancha.skyeye/com.tianyancha.skyeye.invite.AccountHistoryActivity} updateInputWindow=false
12-24 17:21:57.219  1125  2167 I WindowManager: addWindow: window=Window{fc0fd92 u0 SubPanel:com.tianyancha.skyeye/com.tianyancha.skyeye.invite.AccountHistoryActivity}
12-24 17:21:57.219  1125  1153 I WindowManager: Focus moving from Window{5e47706 u0 com.tianyancha.skyeye/com.tianyancha.skyeye.invite.AccountHistoryActivity} to Window{fc0fd92 u0 SubPanel:com.tianyancha.skyeye/com.tianyancha.skyeye.invite.AccountHistoryActivity}
12-24 17:21:57.219  1125  1153 I WindowManager: Gaining focus: Window{fc0fd92 u0 SubPanel:com.tianyancha.skyeye/com.tianyancha.skyeye.invite.AccountHistoryActivity}
12-24 17:21:57.230  1125  1653 I WindowManager: Relayout Window{fc0fd92 u0 SubPanel:com.tianyancha.skyeye/com.tianyancha.skyeye.invite.AccountHistoryActivity}: viewVisibility=0 oldVisibility=0 mRelayoutCalled=false flagChanges=0x0 flags=0x1820000 receiveKey=true
12-24 17:21:57.233  1125  1653 V WindowManager: findFocusedWindow: Found new focus @ 11 = Window{fc0fd92 u0 SubPanel:com.tianyancha.skyeye/com.tianyancha.skyeye.invite.AccountHistoryActivity}
12-24 17:21:57.251  1125  1153 I WindowStateAnimator: firstWindowDrawn win=Window{fc0fd92 u0 SubPanel:com.tianyancha.skyeye/com.tianyancha.skyeye.invite.AccountHistoryActivity} null startingData
12-24 17:21:57.253  1125  1153 I WindowManager: Losing delayed focus: Window{5e47706 u0 com.tianyancha.skyeye/com.tianyancha.skyeye.invite.AccountHistoryActivity}
12-24 17:21:57.339  1125  2152 V WindowManager: Remove Window{fc0fd92 u0 SubPanel:com.tianyancha.skyeye/com.tianyancha.skyeye.invite.AccountHistoryActivity} client=6e2b71d, surface=Surface(name=SubPanel:com.tianyancha.skyeye/com.tianyancha.skyeye.invite.AccountHistoryActivity) Callers=com.android.server.wm.WindowManagerService.removeWindow:3092 com.android.server.wm.Session.remove:193 android.view.IWindowSession$Stub.onTransact:242 com.android.server.wm.Session.onTransact:136 
12-24 17:21:57.339  1125  2152 V WindowManager: findFocusedWindow: Found new focus @ 10 = Window{5e47706 u0 com.tianyancha.skyeye/com.tianyancha.skyeye.invite.AccountHistoryActivity}
12-24 17:21:57.340  1125  2152 V WindowManager: Changing focus from Window{fc0fd92 u0 SubPanel:com.tianyancha.skyeye/com.tianyancha.skyeye.invite.AccountHistoryActivity EXITING} to Window{5e47706 u0 com.tianyancha.skyeye/com.tianyancha.skyeye.invite.AccountHistoryActivity} Callers=com.android.server.wm.WindowManagerService.removeWindowLocked:3165 com.android.server.wm.WindowManagerService.removeWindow:3092 com.android.server.wm.Session.remove:193 android.view.IWindowSession$Stub.onTransact:242 
12-24 17:21:57.340  1125  2152 I WindowManager: Input focus has changed to Window{5e47706 u0 com.tianyancha.skyeye/com.tianyancha.skyeye.invite.AccountHistoryActivity} oldFocusWindow=Window{fc0fd92 u0 SubPanel:com.tianyancha.skyeye/com.tianyancha.skyeye.invite.AccountHistoryActivity EXITING} updateInputWindow=false
12-24 17:21:57.372  1125  1153 I WindowManager: Focus moving from Window{fc0fd92 u0 SubPanel:com.tianyancha.skyeye/com.tianyancha.skyeye.invite.AccountHistoryActivity EXITING} to Window{5e47706 u0 com.tianyancha.skyeye/com.tianyancha.skyeye.invite.AccountHistoryActivity}
12-24 17:21:57.372  1125  1153 I WindowManager: Gaining focus: Window{5e47706 u0 com.tianyancha.skyeye/com.tianyancha.skyeye.invite.AccountHistoryActivity}
12-24 17:21:57.374  1125  1153 I WindowManager: Losing focus: Window{fc0fd92 u0 SubPanel:com.tianyancha.skyeye/com.tianyancha.skyeye.invite.AccountHistoryActivity EXITING}
12-24 17:21:57.376  1125  2167 V InputMethodManagerService: windowGainedFocus: android.os.BinderProxy@7eb697f controlFlags=#1 softInputMode=#20 windowFlags=#5010100
12-24 17:21:57.506  1125  2167 W InputMethodManagerService: Window already focused, ignoring focus gain of: com.android.internal.view.IInputMethodClient$Stub$Proxy@35aa363 attribute=null, token = android.os.BinderProxy@331de1
12-24 17:21:57.612  1125  1267 D PowerManagerNotifier: onUserActivity: event=0, uid=1000
12-24 17:21:57.612  1125  1267 D DisplayPowerController: requestPowerState: policy=BRIGHT, useProximitySensor=false, screenBrightness=4, screenAutoBrightnessAdjustment=0.0, brightnessSetByUser=true, useAutoBrightness=false, blockScreenOn=false, lowPowerMode=false, boostScreenBrightness=false, dozeScreenBrightness=-1, dozeScreenState=UNKNOWN, waitForNegativeProximity=false
12-24 17:21:57.654  1125  1267 D PowerManagerNotifier: onUserActivity: event=2, uid=1000
12-24 17:21:57.655  1125  1267 D DisplayPowerController: requestPowerState: policy=BRIGHT, useProximitySensor=false, screenBrightness=4, screenAutoBrightnessAdjustment=0.0, brightnessSetByUser=true, useAutoBrightness=false, blockScreenOn=false, lowPowerMode=false, boostScreenBrightness=false, dozeScreenBrightness=-1, dozeScreenState=UNKNOWN, waitForNegativeProximity=false
12-24 17:21:58.158  1125  1267 D PowerManagerNotifier: onUserActivity: event=2, uid=1000
12-24 17:21:58.158  1125  1267 D DisplayPowerController: requestPowerState: policy=BRIGHT, useProximitySensor=false, screenBrightness=4, screenAutoBrightnessAdjustment=0.0, brightnessSetByUser=true, useAutoBrightness=false, blockScreenOn=false, lowPowerMode=false, boostScreenBrightness=false, dozeScreenBrightness=-1, dozeScreenState=UNKNOWN, waitForNegativeProximity=false
12-24 17:21:58.164  1125  1279 V ActivityManager: Broadcast sticky: Intent { act=android.net.wifi.RSSI_CHANGED flg=0x4000010 FromType=0xffffffff mCallingUid=1000 (has extras) } ordered=false userid=-1 callerApp=ProcessRecord{10a63b2 1125:system/1000, isShadow:false}
12-24 17:21:58.167  1125  2156 D ConnectivityService: getActiveNetworkInfo networkInfo = [type: WIFI[], state: CONNECTED/CONNECTED, reason: (unspecified), extra: "JD-office", roaming: false, failover: false, isAvailable: true]
12-24 17:21:58.168  1125  1884 D ConnectivityService: getActiveNetworkInfo networkInfo = [type: WIFI[], state: CONNECTED/CONNECTED, reason: (unspecified), extra: "JD-office", roaming: false, failover: false, isAvailable: true]
12-24 17:21:58.323  1125  1267 D PowerManagerNotifier: onUserActivity: event=0, uid=1000
12-24 17:21:58.324  1125  1267 D DisplayPowerController: requestPowerState: policy=BRIGHT, useProximitySensor=false, screenBrightness=4, screenAutoBrightnessAdjustment=0.0, brightnessSetByUser=true, useAutoBrightness=false, blockScreenOn=false, lowPowerMode=false, boostScreenBrightness=false, dozeScreenBrightness=-1, dozeScreenState=UNKNOWN, waitForNegativeProximity=false
12-24 17:21:58.701  1125  1267 D PowerManagerNotifier: onUserActivity: event=2, uid=1000
12-24 17:21:58.702  1125  1267 D DisplayPowerController: requestPowerState: policy=BRIGHT, useProximitySensor=false, screenBrightness=4, screenAutoBrightnessAdjustment=0.0, brightnessSetByUser=true, useAutoBrightness=false, blockScreenOn=false, lowPowerMode=false, boostScreenBrightness=false, dozeScreenBrightness=-1, dozeScreenState=UNKNOWN, waitForNegativeProximity=false
12-24 17:21:58.831  1125  1267 D PowerManagerNotifier: onUserActivity: event=0, uid=1000
12-24 17:21:58.831  1125  1267 D DisplayPowerController: requestPowerState: policy=BRIGHT, useProximitySensor=false, screenBrightness=4, screenAutoBrightnessAdjustment=0.0, brightnessSetByUser=true, useAutoBrightness=false, blockScreenOn=false, lowPowerMode=false, boostScreenBrightness=false, dozeScreenBrightness=-1, dozeScreenState=UNKNOWN, waitForNegativeProximity=false
12-24 17:21:59.258  1125  1267 D PowerManagerNotifier: onUserActivity: event=2, uid=1000
12-24 17:21:59.258  1125  1267 D DisplayPowerController: requestPowerState: policy=BRIGHT, useProximitySensor=false, screenBrightness=4, screenAutoBrightnessAdjustment=0.0, brightnessSetByUser=true, useAutoBrightness=false, blockScreenOn=false, lowPowerMode=false, boostScreenBrightness=false, dozeScreenBrightness=-1, dozeScreenState=UNKNOWN, waitForNegativeProximity=false
12-24 17:21:59.313  1125  1962 W ActivityManager: xulei call enter isTransformStartActivity !!! _component:ComponentInfo{com.tianyancha.skyeye/com.tianyancha.skyeye.SplashPage},  intent:Intent { act=android.intent.action.MAIN cat=[android.intent.category.LAUNCHER] flg=0x10200000 FromType=0xffffffff cmp=com.tianyancha.skyeye/.SplashPage }
12-24 17:21:59.313  1125  1962 I ActivityManager: START u0 {act=android.intent.action.MAIN cat=[android.intent.category.LAUNCHER] flg=0x10200000 FromType=0xffffffff mCallingUid=2000 cmp=com.tianyancha.skyeye/.SplashPage} from uid 2000 from pid 9739 on display 0
12-24 17:21:59.314  1125  1962 V WindowManager: findFocusedWindow: Found new focus @ 10 = Window{5e47706 u0 com.tianyancha.skyeye/com.tianyancha.skyeye.invite.AccountHistoryActivity}
12-24 17:21:59.316  1125  1962 I ActivityManager: start task to front intentActivity=ActivityRecord{f1fe065 u0 com.tianyancha.skyeye/.invite.AccountHistoryActivity, isShadow:false t15} r.intent=Intent { act=android.intent.action.MAIN cat=[android.intent.category.LAUNCHER] flg=0x10200000 FromType=0xffffffff mCallingUid=2000 cmp=com.tianyancha.skyeye/.SplashPage }
12-24 17:21:59.318  1125  1962 D WindowManager: notifyActivityDrawnForKeyguard: waiting=false Callers=com.android.server.am.ActivityStackSupervisor.notifyActivityDrawnForKeyguard:458 com.android.server.am.ActivityStackSupervisor.startActivityUncheckedLocked:2703 com.android.server.am.ActivityStackSupervisor.startActivityLocked:1982 com.android.server.am.ActivityStackSupervisor.startActivityMayWait:1146 com.android.server.am.ActivityManagerService.startActivityAsUser:5184 
12-24 17:21:59.444  1125  1267 D PowerManagerNotifier: onUserActivity: event=0, uid=1000
12-24 17:21:59.444  1125  1267 D DisplayPowerController: requestPowerState: policy=BRIGHT, useProximitySensor=false, screenBrightness=4, screenAutoBrightnessAdjustment=0.0, brightnessSetByUser=true, useAutoBrightness=false, blockScreenOn=false, lowPowerMode=false, boostScreenBrightness=false, dozeScreenBrightness=-1, dozeScreenState=UNKNOWN, waitForNegativeProximity=false
12-24 17:21:59.825  1125  1267 D PowerManagerNotifier: onUserActivity: event=2, uid=1000
12-24 17:21:59.825  1125  1267 D DisplayPowerController: requestPowerState: policy=BRIGHT, useProximitySensor=false, screenBrightness=4, screenAutoBrightnessAdjustment=0.0, brightnessSetByUser=true, useAutoBrightness=false, blockScreenOn=false, lowPowerMode=false, boostScreenBrightness=false, dozeScreenBrightness=-1, dozeScreenState=UNKNOWN, waitForNegativeProximity=false
12-24 17:21:59.944  1125  1267 D PowerManagerNotifier: onUserActivity: event=0, uid=1000
12-24 17:21:59.945  1125  1267 D DisplayPowerController: requestPowerState: policy=BRIGHT, useProximitySensor=false, screenBrightness=4, screenAutoBrightnessAdjustment=0.0, brightnessSetByUser=true, useAutoBrightness=false, blockScreenOn=false, lowPowerMode=false, boostScreenBrightness=false, dozeScreenBrightness=-1, dozeScreenState=UNKNOWN, waitForNegativeProximity=false
12-24 17:22:00.000  1125  1265 V SettingsProvider: packageValueForCallResult, name = background_power_saving_enable, value : 1
12-24 17:22:00.000  1125  1265 D DataShapingService: Alarm manager openLteDataUpLinkGate: false
12-24 17:22:00.000  1125  1265 V AlarmManager: openLteGateSuccess = false
12-24 17:22:00.000  1125  1265 V ActivityManager: Broadcast: Intent { act=android.intent.action.TIME_TICK flg=0x50000114 FromType=0x1 mCallingUid=1000 (has extras) } ordered=true userid=-1 callerApp=null
12-24 17:22:00.001  1125  1265 V AlarmManager: sending alarm Alarm{cf1eb60 type 3 when 2861462 android} success
12-24 17:22:00.001  1125  1843 W PowerManagerService: LIMIT_APP: in WorkerRunnable call setUid = 1000
12-24 17:22:00.003  1125  1265 W PowerManagerService: LIMIT_APP: getNetworkBytes use time = 2
12-24 17:22:00.003  1125  1125 V AlarmManager: mSupportAlarmGrouping = false  mAmPlus = null
12-24 17:22:00.003  1125  1843 W PowerManagerService: LIMIT_APP: in WorkerRunnable call setUid = 1000
12-24 17:22:00.006  1125  1265 W PowerManagerService: LIMIT_APP: getNetworkBytes use time = 3
12-24 17:22:00.007  1125  1265 D DisplayPowerController: requestPowerState: policy=BRIGHT, useProximitySensor=false, screenBrightness=4, screenAutoBrightnessAdjustment=0.0, brightnessSetByUser=true, useAutoBrightness=false, blockScreenOn=false, lowPowerMode=false, boostScreenBrightness=false, dozeScreenBrightness=-1, dozeScreenState=UNKNOWN, waitForNegativeProximity=false
12-24 17:22:00.007  1125  1265 D PowerManagerNotifier: onWakeLockAcquired: flags=1073741825, tag="*alarm*", packageName=android, ownerUid=1000, ownerPid=1125, workSource=WorkSource{1000}
12-24 17:22:00.007  1125  1125 V AlarmManager: APP set(PendingIntent{da62f6: PendingIntentRecord{76746f7 android broadcastIntent key.isShadow:false}}) : type=3 triggerAtTime=2921462 win=0 tElapsed=2921462 maxElapsed=2921462 interval=0 flags=0x1
12-24 17:22:00.008  1125  1125 D ActivityThread: BDC-Calling finishReceiver: IIntentReceiver=bee841b
12-24 17:22:00.009  1629  1629 D ActivityThread: BDC-Calling finishReceiver: IIntentReceiver=fb2c2a8
12-24 17:22:00.011  1629  1629 D ActivityThread: BDC-Calling finishReceiver: IIntentReceiver=4e667f9
12-24 17:22:00.026  1629  1629 D ActivityThread: BDC-Calling finishReceiver: IIntentReceiver=d5e533e
12-24 17:22:00.043  1629  1629 D ActivityThread: BDC-Calling finishReceiver: IIntentReceiver=e7a859f
12-24 17:22:00.059  1629  1629 D ActivityThread: BDC-Calling finishReceiver: IIntentReceiver=6db86ec
12-24 17:22:00.065  3888  3888 D ActivityThread: BDC-Calling finishReceiver: IIntentReceiver=f56bb84
12-24 17:22:00.068  2147  2147 D ActivityThread: BDC-Calling finishReceiver: IIntentReceiver=295ab3e
12-24 17:22:00.078  2147  2147 D ActivityThread: BDC-Calling finishReceiver: IIntentReceiver=57e9eec
12-24 17:22:00.081  2147  2147 D ActivityThread: BDC-Calling finishReceiver: IIntentReceiver=1ddc2b5
12-24 17:22:00.084  2147  2147 D ActivityThread: BDC-Calling finishReceiver: IIntentReceiver=9bd3d4a
12-24 17:22:00.096  6298  6298 D ActivityThread: BDC-Calling finishReceiver: IIntentReceiver=34ea723
12-24 17:22:00.113  1629  1629 D ActivityThread: BDC-Calling finishReceiver: IIntentReceiver=e596434
12-24 17:22:00.117  8537  8537 D ActivityThread: BDC-Calling finishReceiver: IIntentReceiver=82b9281
12-24 17:22:00.120  1125  1125 D AlarmManager: onSendFinished begin
12-24 17:22:00.120  1125  1125 D PowerManagerNotifier: onWakeLockReleased: flags=1073741825, tag="*alarm*", packageName=android, ownerUid=1000, ownerPid=1125, workSource=WorkSource{1000}
12-24 17:22:00.120  1125  1125 D DisplayPowerController: requestPowerState: policy=BRIGHT, useProximitySensor=false, screenBrightness=4, screenAutoBrightnessAdjustment=0.0, brightnessSetByUser=true, useAutoBrightness=false, blockScreenOn=false, lowPowerMode=false, boostScreenBrightness=false, dozeScreenBrightness=-1, dozeScreenState=UNKNOWN, waitForNegativeProximity=false
12-24 17:22:00.279  1125  2152 V WindowManager: findFocusedWindow: Found new focus @ 10 = Window{5e47706 u0 com.tianyancha.skyeye/com.tianyancha.skyeye.invite.AccountHistoryActivity}
12-24 17:22:00.281  1125  2152 V WindowManager: Set focused app to: AppWindowToken{6a9cc53 token=Token{e007442 ActivityRecord{d101a8d u0 com.tianyancha.skyeye/.invite.InviteAwardActivity, isShadow:false t15}}} old focus=AppWindowToken{ed5e1eb token=Token{a0f813a ActivityRecord{f1fe065 u0 com.tianyancha.skyeye/.invite.AccountHistoryActivity, isShadow:false t15}}} moveFocusNow=true
12-24 17:22:00.281  1125  2152 I WindowManager: Set focused app to: AppWindowToken{6a9cc53 token=Token{e007442 ActivityRecord{d101a8d u0 com.tianyancha.skyeye/.invite.InviteAwardActivity, isShadow:false t15}}} old focus=AppWindowToken{ed5e1eb token=Token{a0f813a ActivityRecord{f1fe065 u0 com.tianyancha.skyeye/.invite.AccountHistoryActivity, isShadow:false t15}}} moveFocusNow=true
12-24 17:22:00.282  1125  2152 V WindowManager: findFocusedWindow: Found new focus @ 10 = Window{5e47706 u0 com.tianyancha.skyeye/com.tianyancha.skyeye.invite.AccountHistoryActivity}
12-24 17:22:00.283  1125  2152 I WindowManager: setAppVisibility(Token{a0f813a ActivityRecord{f1fe065 u0 com.tianyancha.skyeye/.invite.AccountHistoryActivity, isShadow:false t15 f}}, visible=false): mNextAppTransition=TRANSIT_ACTIVITY_CLOSE hidden=false hiddenRequested=false
12-24 17:22:00.283  1125  1843 W PowerManagerService: LIMIT_APP: in WorkerRunnable call setUid = 10140
