12-24 16:55:22.985  1125  2167 I wm_task_moved: [14,1,3]
12-24 16:55:22.987  1125  2167 I am_create_activity: [0,94330393,14,com.tencent.mm/.plugin.wallet.pay.ui.WalletPayUI,NULL,NULL,NULL,0]
12-24 16:55:22.987  1125  2167 I am_pause_activity: [0,55407092,com.tencent.mm/.plugin.wallet_index.ui.OrderHandlerUI]
12-24 16:55:22.990  1125  2167 I am_home_stack_moved: [0,0,2,2,startedActivity setFocusedActivity]
12-24 16:55:22.991  1125  2167 I wm_task_moved: [14,1,3]
12-24 16:55:22.994  1125  2167 I am_focused_activity: [0,com.tencent.mm/.plugin.wallet.pay.ui.WalletPayUI]
12-24 16:55:22.997  6028  6028 I am_on_paused_called: [0,com.tencent.mm.plugin.wallet_index.ui.OrderHandlerUI]
12-24 16:55:22.998  1125  2156 I am_restart_activity: [0,94330393,14,com.tencent.mm/.plugin.wallet.pay.ui.WalletPayUI]
12-24 16:55:23.070  6028  6028 I am_on_resume_called: [0,com.tencent.mm.plugin.wallet.pay.ui.WalletPayUI]
12-24 16:55:23.205  1125  1153 I am_activity_launch_time: [0,94330393,com.tencent.mm/.plugin.wallet.pay.ui.WalletPayUI,207,207]
12-24 16:55:23.741   385   385 I sf_frame_dur: [com.tencent.mm/com.tencent.mm.plugin.wallet.pay.ui.WalletPayUI,0,1,0,0,0,0,0]
12-24 16:55:29.695  1125  1143 I am_pss  : [7122,10140,com.tianyancha.skyeye,160585728,145670144]
12-24 16:55:29.713  1125  1143 I am_pss  : [3468,10115,com.letv.agnes,10080256,8241152]
12-24 16:55:30.896   385   385 I sf_frame_dur: [com.tencent.mm/com.tencent.mm.plugin.wallet.pay.ui.WalletPayUI,2,9,3,2,2,4,0]
12-24 16:55:31.225  1125  2152 I am_home_stack_moved: [0,0,2,2,sourceStackToFront]
12-24 16:55:31.226  1125  2152 I wm_task_moved: [14,1,3]
12-24 16:55:31.227  1125  2152 I am_create_activity: [0,212902299,14,com.tencent.mm/.plugin.wallet_core.ui.WalletOrderInfoUI,NULL,NULL,NULL,0]
12-24 16:55:31.228  1125  2152 I am_pause_activity: [0,94330393,com.tencent.mm/.plugin.wallet.pay.ui.WalletPayUI]
12-24 16:55:31.233  1125  2152 I am_home_stack_moved: [0,0,2,2,startedActivity setFocusedActivity]
12-24 16:55:31.233  1125  2152 I wm_task_moved: [14,1,3]
12-24 16:55:31.237  1125  2152 I am_focused_activity: [0,com.tencent.mm/.plugin.wallet_core.ui.WalletOrderInfoUI]
12-24 16:55:31.243  6028  6028 I am_on_paused_called: [0,com.tencent.mm.plugin.wallet.pay.ui.WalletPayUI]
12-24 16:55:31.245  1125  1140 I am_restart_activity: [0,212902299,14,com.tencent.mm/.plugin.wallet_core.ui.WalletOrderInfoUI]
12-24 16:55:31.274  1125  2157 I am_home_stack_moved: [0,0,2,2,sourceStackToFront]
12-24 16:55:31.274  1125  2157 I wm_task_moved: [14,1,3]
12-24 16:55:31.275  1125  2157 I am_create_activity: [0,256065142,14,com.tencent.mm/.plugin.wallet_core.ui.WalletOrderInfoNewUI,NULL,NULL,NULL,0]
12-24 16:55:31.332  1125  2157 I am_pause_activity: [0,212902299,com.tencent.mm/.plugin.wallet_core.ui.WalletOrderInfoUI]
12-24 16:55:31.332  1125  2157 I am_home_stack_moved: [0,0,2,2,startedActivity setFocusedActivity]
12-24 16:55:31.332  1125  2157 I wm_task_moved: [14,1,3]
12-24 16:55:31.400  1125  2157 I am_focused_activity: [0,com.tencent.mm/.plugin.wallet_core.ui.WalletOrderInfoNewUI]
12-24 16:55:31.501  1125  1579 I am_finish_activity: [0,212902299,14,com.tencent.mm/.plugin.wallet_core.ui.WalletOrderInfoUI,app-request]
12-24 16:55:31.505  1125  2166 I am_restart_activity: [0,256065142,14,com.tencent.mm/.plugin.wallet_core.ui.WalletOrderInfoNewUI]
12-24 16:55:31.517   385   385 I sf_frame_dur: [com.tencent.mm/com.tencent.mm.plugin.wallet.pay.ui.WalletPayUI,0,1,0,0,1,0,0]
12-24 16:55:31.555  6028  6028 I am_on_resume_called: [0,com.tencent.mm.plugin.wallet_core.ui.WalletOrderInfoNewUI]
12-24 16:55:31.621  1125  1153 I am_activity_launch_time: [0,256065142,com.tencent.mm/.plugin.wallet_core.ui.WalletOrderInfoNewUI,117,378]
12-24 16:55:31.626  1125  1608 I am_destroy_activity: [0,212902299,14,com.tencent.mm/.plugin.wallet_core.ui.WalletOrderInfoUI,finish-idle]
12-24 16:55:31.929  1125  1653 I vibrator_source: vibrate from uid=10134 opPkg=com.tencent.mm repeat =-1 pattern =[300, 200, 300, 200]
12-24 16:55:31.967  1125  1125 I notification_enqueue: [10134,6028,com.tencent.mm,4097,NULL,0,Notification(pri=0 contentView=null vibrate=null sound=null tick isShadow = false isOriginalStyle = false defaults=0x0 flags=0x101 color=0x00000000 category=msg vis=PRIVATE),0]
12-24 16:55:31.968  1125  1125 I notification_alert: [0|com.tencent.mm|4097|null|10134,0,0,1]
12-24 16:55:32.010   384   384 I auditd  : avc:  denied  { find } for service=GpuAppSpectatorService scontext=u:r:mediaserver:s0 tcontext=u:object_r:gas_srv_service:s0 tclass=service_manager
12-24 16:55:32.046  1125  1884 I notification_expansion: [0|com.tencent.mm|4097|null|10134,0,1,79,79,0]
12-24 16:55:32.047  1125  1579 I notification_expansion: [0|com.koushikdutta.vysor|101|null|10131,0,0,9145,9145,0]
12-24 16:55:32.702   384   384 I auditd  : avc:  denied  { find } for service=GpuAppSpectatorService scontext=u:r:mediaserver:s0 tcontext=u:object_r:gas_srv_service:s0 tclass=service_manager
12-24 16:55:32.741  1125  2166 I am_home_stack_moved: [0,0,2,2,bringingFoundTaskToFront setFocusedActivity]
12-24 16:55:32.741  1125  2166 I wm_task_moved: [5,1,3]
12-24 16:55:32.745  1125  2166 I am_focused_activity: [0,com.tianyancha.skyeye/.activity.BecomeVIPActivity]
12-24 16:55:32.766  1125  1125 I notification_cancel: [10131,1938,com.koushikdutta.vysor,101,NULL,0,0,64,8,NULL]
12-24 16:55:32.771  1125  2166 I am_pause_activity: [0,256065142,com.tencent.mm/.plugin.wallet_core.ui.WalletOrderInfoNewUI]
12-24 16:55:32.776  1125  2166 I am_task_to_front: [0,5]
12-24 16:55:32.776  1125  2166 I am_home_stack_moved: [0,0,2,2,sourceStackToFront]
12-24 16:55:32.776  1125  2166 I wm_task_moved: [5,1,3]
12-24 16:55:32.777  1125  2166 I am_create_activity: [0,148052756,5,com.tianyancha.skyeye/.wxapi.WXPayEntryActivity,NULL,NULL,NULL,272629760]
12-24 16:55:32.778  1125  2166 I am_home_stack_moved: [0,0,2,2,startedActivity setFocusedActivity]
12-24 16:55:32.778  1125  2166 I wm_task_moved: [5,1,3]
12-24 16:55:32.782  1125  2166 I am_focused_activity: [0,com.tianyancha.skyeye/.wxapi.WXPayEntryActivity]
12-24 16:55:32.787  1125  1125 I notification_canceled: [0|com.koushikdutta.vysor|101|null|10131,8,9886,9886,0]
12-24 16:55:32.795  1125  1125 I notification_enqueue: [10131,1938,com.koushikdutta.vysor,101,NULL,0,Notification(pri=0 contentView=null vibrate=null sound=null isShadow = false isOriginalStyle = false defaults=0x0 flags=0x2 color=0x00000000 vis=PRIVATE),0]
12-24 16:55:32.803  1125  2157 I am_finish_activity: [0,55407092,14,com.tencent.mm/.plugin.wallet_index.ui.OrderHandlerUI,app-request]
12-24 16:55:32.803  1125  2157 I am_destroy_activity: [0,55407092,14,com.tencent.mm/.plugin.wallet_index.ui.OrderHandlerUI,finish-imm]
12-24 16:55:32.806  1125  1884 I am_home_stack_moved: [0,0,2,2,sourceStackToFront]
12-24 16:55:32.806  1125  1884 I wm_task_moved: [5,1,3]
12-24 16:55:32.809  1125  1884 I am_home_stack_moved: [0,0,2,2,sourceTaskToFront setFocusedActivity]
12-24 16:55:32.809  1125  1884 I wm_task_moved: [14,1,3]
12-24 16:55:32.813  1125  1884 I am_focused_activity: [0,com.tencent.mm/.plugin.wallet_core.ui.WalletOrderInfoNewUI]
12-24 16:55:32.813  1125  1884 I am_task_to_front: [0,14]
12-24 16:55:32.813  1125  1884 I am_finish_activity: [0,256065142,14,com.tencent.mm/.plugin.wallet_core.ui.WalletOrderInfoNewUI,clear-task-stack]
12-24 16:55:32.813  1125  1884 I am_home_stack_moved: [0,0,2,2,finishActivity adjustFocus setFocusedActivity]
12-24 16:55:32.813  1125  1884 I wm_task_moved: [14,1,3]
12-24 16:55:32.815  1125  1884 I am_focused_activity: [0,com.tencent.mm/.plugin.wallet.pay.ui.WalletPayUI]
12-24 16:55:32.815  1125  1884 I wm_task_moved: [14,1,3]
12-24 16:55:32.817  1125  1884 I am_new_intent: [0,82640131,14,com.tencent.mm/.plugin.wallet.pay.ui.WalletPayUI,NULL,NULL,NULL,67108864]
12-24 16:55:32.818  1125  1143 I am_pss  : [6028,10134,com.tencent.mm,222724096,206901248]
12-24 16:55:32.825  6028  6028 I am_on_paused_called: [0,com.tencent.mm.plugin.wallet_core.ui.WalletOrderInfoNewUI]
12-24 16:55:32.828  1125  1608 I am_resume_activity: [0,94330393,14,com.tencent.mm/.plugin.wallet.pay.ui.WalletPayUI]
12-24 16:55:32.843  1125  1143 I am_pss  : [6132,10134,com.tencent.mm:exdevice,19595264,12042240]
12-24 16:55:32.860  1125  1143 I am_pss  : [6174,10134,com.tencent.mm:push,23830528,16683008]
12-24 16:55:32.861  1125  1125 I notification_cancel: [10131,1938,com.koushikdutta.vysor,101,NULL,0,0,64,8,NULL]
12-24 16:55:32.861  1125  1125 I notification_canceled: [0|com.koushikdutta.vysor|101|null|10131,8,66,66,0]
12-24 16:55:32.877  1125  2152 I am_finish_activity: [0,94330393,14,com.tencent.mm/.plugin.wallet.pay.ui.WalletPayUI,app-request]
12-24 16:55:32.877  1125  2152 I am_home_stack_moved: [0,0,2,2,finishActivity adjustFocus setFocusedActivity]
12-24 16:55:32.877  1125  2152 I wm_task_moved: [14,1,3]
12-24 16:55:32.879  1125  2152 I am_focused_activity: [0,com.tianyancha.skyeye/.wxapi.WXPayEntryActivity]
12-24 16:55:32.917  1125  2152 I am_pause_activity: [0,94330393,com.tencent.mm/.plugin.wallet.pay.ui.WalletPayUI]
12-24 16:55:32.917  1125  1139 I am_finish_activity: [0,148052756,5,com.tianyancha.skyeye/.wxapi.WXPayEntryActivity,app-request]
12-24 16:55:32.918  1125  1139 I am_home_stack_moved: [0,0,2,2,finishActivity adjustFocus setFocusedActivity]
12-24 16:55:32.918  1125  1139 I wm_task_moved: [14,1,3]
12-24 16:55:32.921  1125  1139 I am_focused_activity: [0,com.tianyancha.skyeye/.activity.BecomeVIPActivity]
12-24 16:55:32.921  1125  1139 I am_destroy_activity: [0,148052756,5,com.tianyancha.skyeye/.wxapi.WXPayEntryActivity,finish-imm]
12-24 16:55:32.922  1125  1125 I notification_enqueue: [10131,1938,com.koushikdutta.vysor,101,NULL,0,Notification(pri=0 contentView=null vibrate=null sound=null isShadow = false isOriginalStyle = false defaults=0x0 flags=0x2 color=0x00000000 vis=PRIVATE),0]
12-24 16:55:32.936  1125  2167 I am_resume_activity: [0,178986034,5,com.tianyancha.skyeye/.activity.BecomeVIPActivity]
12-24 16:55:32.942  1125  1125 I notification_cancel: [10131,1938,com.koushikdutta.vysor,101,NULL,0,0,64,8,NULL]
12-24 16:55:32.988  1125  1125 I notification_canceled: [0|com.koushikdutta.vysor|101|null|10131,8,66,66,0]
12-24 16:55:32.993  7122  7122 I am_on_resume_called: [0,com.tianyancha.skyeye.activity.BecomeVIPActivity]
12-24 16:55:32.994  1125  1125 I notification_enqueue: [10131,1938,com.koushikdutta.vysor,101,NULL,0,Notification(pri=0 contentView=null vibrate=null sound=null isShadow = false isOriginalStyle = false defaults=0x0 flags=0x2 color=0x00000000 vis=PRIVATE),0]
12-24 16:55:33.066  1125  1975 I am_destroy_activity: [0,94330393,14,com.tencent.mm/.plugin.wallet.pay.ui.WalletPayUI,finish-imm]
12-24 16:55:33.066  1125  1975 I am_destroy_activity: [0,256065142,14,com.tencent.mm/.plugin.wallet_core.ui.WalletOrderInfoNewUI,finish-imm]
12-24 16:55:33.199   385   385 I sf_frame_dur: [com.tencent.mm/com.tencent.mm.plugin.wallet_core.ui.WalletOrderInfoNewUI,0,0,0,0,1,0,0]
12-24 16:55:33.266  1125  2167 I wm_task_removed: [14,removeTask]
12-24 16:55:33.275  1125  1975 I am_home_stack_moved: [0,0,2,2,sourceStackToFront]
12-24 16:55:33.300   385   385 I sf_frame_dur: [com.tencent.mm/com.tencent.mm.plugin.wallet.pay.ui.WalletPayUI,4,14,3,0,2,0,3]
12-24 16:55:33.300  1125  1975 I wm_task_moved: [5,1,2]
12-24 16:55:33.302  1125  1975 I am_create_activity: [0,69514136,5,com.tianyancha.skyeye/.activity.order.PaySucActivity,NULL,NULL,NULL,0]
12-24 16:55:33.351  1125  1975 I am_pause_activity: [0,178986034,com.tianyancha.skyeye/.activity.BecomeVIPActivity]
12-24 16:55:33.368  1125  1975 I am_home_stack_moved: [0,0,2,2,startedActivity setFocusedActivity]
12-24 16:55:33.384  1125  1975 I wm_task_moved: [5,1,2]
12-24 16:55:33.403  1125  1975 I am_focused_activity: [0,com.tianyancha.skyeye/.activity.order.PaySucActivity]
12-24 16:55:33.419  1125  1579 I am_finish_activity: [0,178986034,5,com.tianyancha.skyeye/.activity.BecomeVIPActivity,app-request]
12-24 16:55:33.436  7122  7122 I am_on_paused_called: [0,com.tianyancha.skyeye.activity.BecomeVIPActivity]
12-24 16:55:33.503  1125  1608 I am_restart_activity: [0,69514136,5,com.tianyancha.skyeye/.activity.order.PaySucActivity]
12-24 16:55:33.604  1125  1143 I am_pss  : [3961,10020,com.android.mms,25645056,22900736]
12-24 16:55:33.621  1125  1143 I am_pss  : [3804,10090,com.letv.android.themestore,11735040,9846784]
12-24 16:55:33.636  1125  1143 I am_pss  : [3630,10051,com.android.deskclock,10317824,6799360]
12-24 16:55:33.644  7122  7122 I am_on_resume_called: [0,com.tianyancha.skyeye.activity.order.PaySucActivity]
12-24 16:55:33.647  1125  1143 I am_pss  : [4295,1000,com.letv.bsp.crashhandler,4301824,2826240]
12-24 16:55:33.856  1125  1153 I am_activity_launch_time: [0,69514136,com.tianyancha.skyeye/.activity.order.PaySucActivity,370,1029]
12-24 16:55:33.858  1125  1144 I am_destroy_activity: [0,178986034,5,com.tianyancha.skyeye/.activity.BecomeVIPActivity,finish-imm]
12-24 16:55:33.891   385   385 I sf_frame_dur: [com.tianyancha.skyeye/com.tianyancha.skyeye.activity.BecomeVIPActivity,1,9,3,4,1,3,1]
12-24 16:55:40.537  1125  1143 I am_pss  : [4462,1000,com.mediatek.atci.service,4055040,2576384]
12-24 16:56:00.064  1125  1143 I am_pss  : [6174,10134,com.tencent.mm:push,23506944,16359424]
12-24 16:56:00.090  1125  1143 I am_pss  : [2521,10007,android.process.media,10480640,8204288]
12-24 16:56:00.108  1125  1143 I am_pss  : [7901,10119,com.letv.android.mobileactivation,4405248,2920448]
12-24 16:56:00.137  1125  1143 I am_pss  : [5064,1000,com.huaqin.factoryservice,3656704,2215936]
12-24 16:56:00.160  1125  1143 I am_pss  : [4928,10113,com.android.VRAdmin,4203520,2764800]
12-24 16:56:15.290  1125  1125 I notification_cancel: [10038,1629,com.android.systemui,2131755074,low_battery,-1,0,64,8,NULL]
12-24 16:56:16.428  1125  1143 I am_pss  : [6028,10134,com.tencent.mm,155923456,140095488]
12-24 16:56:16.452  1125  1143 I am_pss  : [6132,10134,com.tencent.mm:exdevice,19595264,12042240]
12-24 16:56:33.535  1125  1143 I am_pss  : [3888,10114,com.icoolme.android.weather:widget,7817216,4124672]
12-24 16:56:52.487  1125  1975 I am_home_stack_moved: [0,0,2,2,sourceStackToFront]
12-24 16:56:52.487  1125  1975 I wm_task_moved: [5,1,2]
12-24 16:56:52.489  1125  1975 I am_create_activity: [0,67510483,5,com.tianyancha.skyeye/.activity.order.MyOrderActivity,NULL,NULL,NULL,0]
12-24 16:56:52.490  1125  1975 I am_pause_activity: [0,69514136,com.tianyancha.skyeye/.activity.order.PaySucActivity]
12-24 16:56:52.497  1125  1975 I am_home_stack_moved: [0,0,2,2,startedActivity setFocusedActivity]
12-24 16:56:52.497  1125  1975 I wm_task_moved: [5,1,2]
12-24 16:56:52.501  1125  1975 I am_focused_activity: [0,com.tianyancha.skyeye/.activity.order.MyOrderActivity]
12-24 16:56:52.504  1125  2166 I am_finish_activity: [0,69514136,5,com.tianyancha.skyeye/.activity.order.PaySucActivity,app-request]
12-24 16:56:52.505  7122  7122 I am_on_paused_called: [0,com.tianyancha.skyeye.activity.order.PaySucActivity]
12-24 16:56:52.508  1125  1971 I am_restart_activity: [0,67510483,5,com.tianyancha.skyeye/.activity.order.MyOrderActivity]
12-24 16:56:52.530  1125  1143 I am_pss  : [1938,10131,com.koushikdutta.vysor,17278976,10682368]
12-24 16:56:52.554  7122  7122 I am_on_resume_called: [0,com.tianyancha.skyeye.activity.order.MyOrderActivity]
12-24 16:56:52.672  1125  1153 I am_activity_launch_time: [0,67510483,com.tianyancha.skyeye/.activity.order.MyOrderActivity,164,164]
12-24 16:56:52.707   385   385 I sf_frame_dur: [com.tianyancha.skyeye/com.tianyancha.skyeye.activity.order.PaySucActivity,0,0,0,0,0,0,2]
12-24 16:56:52.715  1125  1276 I netstats_mobile_sample: [0,0,0,0,0,0,0,0,0,0,0,0,-1]
12-24 16:56:52.715  1125  1276 I netstats_wifi_sample: [17860840,25968,1938222,16775,17392560,22631,1702136,16726,17392560,22631,1702136,16726,-1]
12-24 16:56:53.048  1125  1144 I am_destroy_activity: [0,69514136,5,com.tianyancha.skyeye/.activity.order.PaySucActivity,finish-imm]
12-24 16:56:53.066   385   385 I sf_frame_dur: [com.tianyancha.skyeye/com.tianyancha.skyeye.activity.order.MyOrderActivity,2,0,0,0,0,0,0]
12-24 16:56:58.078  1125  1971 I am_home_stack_moved: [0,0,2,2,sourceStackToFront]
12-24 16:56:58.078  1125  1971 I wm_task_moved: [5,1,2]
12-24 16:56:58.080  1125  1971 I am_create_activity: [0,205777010,5,com.tianyancha.skyeye/.activity.InvoiceApplyActivity,NULL,NULL,NULL,0]
12-24 16:56:58.081  1125  1971 I am_pause_activity: [0,67510483,com.tianyancha.skyeye/.activity.order.MyOrderActivity]
12-24 16:56:58.090  1125  1971 I am_home_stack_moved: [0,0,2,2,startedActivity setFocusedActivity]
12-24 16:56:58.090  1125  1971 I wm_task_moved: [5,1,2]
12-24 16:56:58.093  1125  1971 I am_focused_activity: [0,com.tianyancha.skyeye/.activity.InvoiceApplyActivity]
12-24 16:56:58.099  7122  7122 I am_on_paused_called: [0,com.tianyancha.skyeye.activity.order.MyOrderActivity]
12-24 16:56:58.100  1125  1608 I am_restart_activity: [0,205777010,5,com.tianyancha.skyeye/.activity.InvoiceApplyActivity]
12-24 16:56:58.146  7122  7122 I am_on_resume_called: [0,com.tianyancha.skyeye.activity.InvoiceApplyActivity]
12-24 16:56:58.288  1125  1153 I am_activity_launch_time: [0,205777010,com.tianyancha.skyeye/.activity.InvoiceApplyActivity,189,189]
12-24 16:56:58.319   385   385 I sf_frame_dur: [com.tianyancha.skyeye/com.tianyancha.skyeye.activity.order.MyOrderActivity,8,5,3,1,0,0,2]
12-24 16:57:03.508  1125  1971 I am_home_stack_moved: [0,0,2,2,sourceStackToFront]
12-24 16:57:03.508  1125  1971 I wm_task_moved: [5,1,2]
12-24 16:57:03.511  1125  1971 I am_create_activity: [0,251534871,5,com.tianyancha.skyeye/.activity.InvoiceDetailActivity,NULL,NULL,NULL,0]
12-24 16:57:03.512  1125  1971 I am_pause_activity: [0,205777010,com.tianyancha.skyeye/.activity.InvoiceApplyActivity]
12-24 16:57:03.523  1125  1971 I am_home_stack_moved: [0,0,2,2,startedActivity setFocusedActivity]
12-24 16:57:03.523  1125  1971 I wm_task_moved: [5,1,2]
12-24 16:57:03.526  1125  1971 I am_focused_activity: [0,com.tianyancha.skyeye/.activity.InvoiceDetailActivity]
12-24 16:57:03.535  7122  7122 I am_on_paused_called: [0,com.tianyancha.skyeye.activity.InvoiceApplyActivity]
12-24 16:57:03.537  1125  1579 I am_restart_activity: [0,251534871,5,com.tianyancha.skyeye/.activity.InvoiceDetailActivity]
12-24 16:57:03.660  7122  7122 I am_on_resume_called: [0,com.tianyancha.skyeye.activity.InvoiceDetailActivity]
12-24 16:57:03.818  1125  1153 I am_activity_launch_time: [0,251534871,com.tianyancha.skyeye/.activity.InvoiceDetailActivity,283,283]
12-24 16:57:03.833   385   385 I sf_frame_dur: [com.tianyancha.skyeye/com.tianyancha.skyeye.activity.InvoiceApplyActivity,1,1,0,0,1,1,0]
12-24 16:57:03.933   385   385 I sf_frame_dur: [com.tianyancha.skyeye/com.tianyancha.skyeye.activity.InvoiceApplyActivity,0,0,0,0,2,1,1]
12-24 16:57:24.794  1125  1884 I am_finish_activity: [0,251534871,5,com.tianyancha.skyeye/.activity.InvoiceDetailActivity,app-request]
12-24 16:57:24.795  1125  1884 I am_home_stack_moved: [0,0,2,2,finishActivity adjustFocus setFocusedActivity]
12-24 16:57:24.795  1125  1884 I wm_task_moved: [5,1,2]
12-24 16:57:24.798  1125  1884 I am_focused_activity: [0,com.tianyancha.skyeye/.activity.InvoiceApplyActivity]
12-24 16:57:24.799  1125  1884 I am_pause_activity: [0,251534871,com.tianyancha.skyeye/.activity.InvoiceDetailActivity]
12-24 16:57:24.813  7122  7122 I am_on_paused_called: [0,com.tianyancha.skyeye.activity.InvoiceDetailActivity]
12-24 16:57:24.820  1125  2166 I am_resume_activity: [0,205777010,5,com.tianyancha.skyeye/.activity.InvoiceApplyActivity]
12-24 16:57:24.828  7122  7122 I am_on_resume_called: [0,com.tianyancha.skyeye.activity.InvoiceApplyActivity]
12-24 16:57:24.842  1125  1143 I am_pss  : [8309,10091,com.letv.android.usagestats,6021120,4419584]
12-24 16:57:24.879  1125  1143 I am_pss  : [6028,10134,com.tencent.mm,156642304,140615680]
12-24 16:57:24.894  1125  1143 I am_pss  : [6132,10134,com.tencent.mm:exdevice,19594240,12042240]
12-24 16:57:24.905  1125  1143 I am_pss  : [3888,10114,com.icoolme.android.weather:widget,7821312,4128768]
12-24 16:57:24.914  1125  1143 I am_pss  : [5439,10121,com.letv.android.quicksearchbox,19273728,17186816]
12-24 16:57:25.043  1125  1144 I am_destroy_activity: [0,251534871,5,com.tianyancha.skyeye/.activity.InvoiceDetailActivity,finish-imm]
12-24 16:57:25.075   385   385 I sf_frame_dur: [com.tianyancha.skyeye/com.tianyancha.skyeye.activity.InvoiceDetailActivity,3,30,2,2,15,6,0]
12-24 16:57:25.429  1125  1125 I notification_cancel: [10038,1629,com.android.systemui,2131755074,low_battery,-1,0,64,8,NULL]
12-24 16:57:25.860  1125  1140 I am_finish_activity: [0,205777010,5,com.tianyancha.skyeye/.activity.InvoiceApplyActivity,app-request]
12-24 16:57:25.861  1125  1140 I am_home_stack_moved: [0,0,2,2,finishActivity adjustFocus setFocusedActivity]
12-24 16:57:25.861  1125  1140 I wm_task_moved: [5,1,2]
12-24 16:57:25.864  1125  1140 I am_focused_activity: [0,com.tianyancha.skyeye/.activity.order.MyOrderActivity]
12-24 16:57:25.864  1125  1140 I am_pause_activity: [0,205777010,com.tianyancha.skyeye/.activity.InvoiceApplyActivity]
12-24 16:57:25.875  7122  7122 I am_on_paused_called: [0,com.tianyancha.skyeye.activity.InvoiceApplyActivity]
12-24 16:57:25.879  1125  1653 I am_resume_activity: [0,67510483,5,com.tianyancha.skyeye/.activity.order.MyOrderActivity]
12-24 16:57:25.887  7122  7122 I am_on_resume_called: [0,com.tianyancha.skyeye.activity.order.MyOrderActivity]
12-24 16:57:25.975  1125  1962 I am_destroy_activity: [0,205777010,5,com.tianyancha.skyeye/.activity.InvoiceApplyActivity,finish-imm]
12-24 16:57:26.870  1125  1140 I am_finish_activity: [0,67510483,5,com.tianyancha.skyeye/.activity.order.MyOrderActivity,app-request]
12-24 16:57:26.870  1125  1140 I am_home_stack_moved: [0,0,2,2,finishActivity adjustFocus setFocusedActivity]
12-24 16:57:26.870  1125  1140 I wm_task_moved: [5,1,2]
12-24 16:57:26.873  1125  1140 I am_focused_activity: [0,com.tianyancha.skyeye/.MainActivity]
12-24 16:57:26.874  1125  1140 I am_pause_activity: [0,67510483,com.tianyancha.skyeye/.activity.order.MyOrderActivity]
12-24 16:57:26.881  7122  7122 I am_on_paused_called: [0,com.tianyancha.skyeye.activity.order.MyOrderActivity]
12-24 16:57:26.888  1125  1698 I am_resume_activity: [0,191719658,5,com.tianyancha.skyeye/.MainActivity]
12-24 16:57:26.965  7122  7122 I am_on_resume_called: [0,com.tianyancha.skyeye.MainActivity]
12-24 16:57:27.195  1125  1144 I am_destroy_activity: [0,67510483,5,com.tianyancha.skyeye/.activity.order.MyOrderActivity,finish-imm]
12-24 16:57:27.230   385   385 I sf_frame_dur: [com.tianyancha.skyeye/com.tianyancha.skyeye.activity.order.MyOrderActivity,0,1,0,0,0,0,0]
12-24 16:57:57.743  1125  1276 I netstats_mobile_sample: [0,0,0,0,0,0,0,0,0,0,0,0,-1]
12-24 16:57:57.743  1125  1276 I netstats_wifi_sample: [17899860,26412,1951758,16868,17419806,22877,1714342,16818,17419806,22877,1714342,16818,-1]
12-24 16:58:00.252  1125  1143 I am_pss  : [7122,10140,com.tianyancha.skyeye,177839104,162701312]
12-24 16:58:00.276  1125  1143 I am_pss  : [3468,10115,com.letv.agnes,10264576,8425472]
12-24 16:58:26.571  1125  1276 I netstats_mobile_sample: [0,0,0,0,0,0,0,0,0,0,0,0,-1]
12-24 16:58:26.571  1125  1276 I netstats_wifi_sample: [17916533,26642,1953875,16901,17430319,23003,1715941,16849,17430319,23003,1715941,16849,-1]
12-24 16:58:27.030  1125  1143 I am_pss  : [3888,10114,com.icoolme.android.weather:widget,7825408,4132864]
12-24 16:58:35.578  1125  1125 I notification_cancel: [10038,1629,com.android.systemui,2131755074,low_battery,-1,0,64,8,NULL]
12-24 16:58:47.062  1125  1276 I netstats_mobile_sample: [0,0,0,0,0,0,0,0,0,0,0,0,-1]
12-24 16:58:47.062  1125  1276 I netstats_wifi_sample: [17946840,26939,1954798,16915,17455020,23249,1716640,16862,17455020,23249,1716640,16862,-1]
12-24 16:59:00.065  1125  1143 I am_pss  : [8309,10091,com.letv.android.usagestats,6070272,4468736]
12-24 16:59:04.264  9076  9076 I auditd  : type=1400 audit(0.0:2646): avc: denied { getattr } for comm="ps" path="/proc/1" dev="proc" ino=5672 scontext=u:r:platform_app:s0:c512,c768 tcontext=u:r:init:s0 tclass=dir permissive=0
12-24 16:59:04.264  9076  9076 I auditd  : type=1400 audit(0.0:2647): avc: denied { search } for comm="ps" name="1" dev="proc" ino=5672 scontext=u:r:platform_app:s0:c512,c768 tcontext=u:r:init:s0 tclass=dir permissive=0
12-24 16:59:04.264  9076  9076 I auditd  : type=1400 audit(0.0:2648): avc: denied { search } for comm="ps" name="1" dev="proc" ino=5672 scontext=u:r:platform_app:s0:c512,c768 tcontext=u:r:init:s0 tclass=dir permissive=0
12-24 16:59:04.264  9076  9076 I auditd  : type=1400 audit(0.0:2649): avc: denied { getattr } for comm="ps" path="/proc/2" dev="proc" ino=6255 scontext=u:r:platform_app:s0:c512,c768 tcontext=u:r:kernel:s0 tclass=dir permissive=0
12-24 16:59:04.264  9076  9076 I auditd  : type=1400 audit(0.0:2650): avc: denied { search } for comm="ps" name="2" dev="proc" ino=6255 scontext=u:r:platform_app:s0:c512,c768 tcontext=u:r:kernel:s0 tclass=dir permissive=0
12-24 16:59:04.264  9076  9076 I auditd  : type=1400 audit(0.0:2651): avc: denied { search } for comm="ps" name="2" dev="proc" ino=6255 scontext=u:r:platform_app:s0:c512,c768 tcontext=u:r:kernel:s0 tclass=dir permissive=0
12-24 16:59:04.264  9076  9076 I auditd  : type=1400 audit(0.0:2652): avc: denied { getattr } for comm="ps" path="/proc/3" dev="proc" ino=6256 scontext=u:r:platform_app:s0:c512,c768 tcontext=u:r:kernel:s0 tclass=dir permissive=0
12-24 16:59:04.264  9076  9076 I auditd  : type=1400 audit(0.0:2653): avc: denied { search } for comm="ps" name="3" dev="proc" ino=6256 scontext=u:r:platform_app:s0:c512,c768 tcontext=u:r:kernel:s0 tclass=dir permissive=0
12-24 16:59:04.264  9076  9076 I auditd  : type=1400 audit(0.0:2654): avc: denied { search } for comm="ps" name="3" dev="proc" ino=6256 scontext=u:r:platform_app:s0:c512,c768 tcontext=u:r:kernel:s0 tclass=dir permissive=0
12-24 16:59:04.264  9076  9076 I auditd  : type=1400 audit(0.0:2655): avc: denied { getattr } for comm="ps" path="/proc/4" dev="proc" ino=6257 scontext=u:r:platform_app:s0:c512,c768 tcontext=u:r:kernel:s0 tclass=dir permissive=0
12-24 16:59:04.264  9076  9076 I auditd  : type=1400 audit(0.0:2656): avc: denied { search } for comm="ps" name="4" dev="proc" ino=6257 scontext=u:r:platform_app:s0:c512,c768 tcontext=u:r:kernel:s0 tclass=dir permissive=0
12-24 16:59:04.264  9076  9076 I auditd  : type=1400 audit(0.0:2657): avc: denied { search } for comm="ps" name="4" dev="proc" ino=6257 scontext=u:r:platform_app:s0:c512,c768 tcontext=u:r:kernel:s0 tclass=dir permissive=0
12-24 16:59:04.264  9076  9076 I auditd  : type=1400 audit(0.0:2658): avc: denied { getattr } for comm="ps" path="/proc/5" dev="proc" ino=6258 scontext=u:r:platform_app:s0:c512,c768 tcontext=u:r:kernel:s0 tclass=dir permissive=0
12-24 16:59:04.264  9076  9076 I auditd  : type=1400 audit(0.0:2659): avc: denied { search } for comm="ps" name="5" dev="proc" ino=6258 scontext=u:r:platform_app:s0:c512,c768 tcontext=u:r:kernel:s0 tclass=dir permissive=0
12-24 16:59:04.264  9076  9076 I auditd  : type=1400 audit(0.0:2660): avc: denied { search } for comm="ps" name="5" dev="proc" ino=6258 scontext=u:r:platform_app:s0:c512,c768 tcontext=u:r:kernel:s0 tclass=dir permissive=0
12-24 16:59:04.264  9076  9076 I auditd  : type=1400 audit(0.0:2661): avc: denied { getattr } for comm="ps" path="/proc/7" dev="proc" ino=6260 scontext=u:r:platform_app:s0:c512,c768 tcontext=u:r:kernel:s0 tclass=dir permissive=0
12-24 16:59:04.264  9076  9076 I auditd  : type=1400 audit(0.0:2662): avc: denied { search } for comm="ps" name="7" dev="proc" ino=6260 scontext=u:r:platform_app:s0:c512,c768 tcontext=u:r:kernel:s0 tclass=dir permissive=0
12-24 16:59:04.264  9076  9076 I auditd  : type=1400 audit(0.0:2663): avc: denied { search } for comm="ps" name="7" dev="proc" ino=6260 scontext=u:r:platform_app:s0:c512,c768 tcontext=u:r:kernel:s0 tclass=dir permissive=0
12-24 16:59:04.264  9076  9076 I auditd  : type=1400 audit(0.0:2664): avc: denied { getattr } for comm="ps" path="/proc/8" dev="proc" ino=6261 scontext=u:r:platform_app:s0:c512,c768 tcontext=u:r:kernel:s0 tclass=dir permissive=0
12-24 16:59:04.264  9076  9076 I auditd  : type=1400 audit(0.0:2665): avc: denied { search } for comm="ps" name="8" dev="proc" ino=6261 scontext=u:r:platform_app:s0:c512,c768 tcontext=u:r:kernel:s0 tclass=dir permissive=0
12-24 16:59:08.481  1125  1276 I netstats_mobile_sample: [0,0,0,0,0,0,0,0,0,0,0,0,-1]
12-24 16:59:08.481  1125  1276 I netstats_wifi_sample: [18005920,27451,1958051,16934,17505114,23697,1719627,16881,17505114,23697,1719627,16881,-1]
12-24 16:59:28.618  1125  1276 I netstats_mobile_sample: [0,0,0,0,0,0,0,0,0,0,0,0,-1]
12-24 16:59:28.619  1125  1276 I netstats_wifi_sample: [18051356,27875,1958389,16939,17542500,24046,1719867,16885,17542500,24046,1719867,16885,-1]
12-24 16:59:45.716  1125  1125 I notification_cancel: [10038,1629,com.android.systemui,2131755074,low_battery,-1,0,64,8,NULL]
12-24 16:59:50.544  1125  1276 I netstats_mobile_sample: [0,0,0,0,0,0,0,0,0,0,0,0,-1]
12-24 16:59:50.544  1125  1276 I netstats_wifi_sample: [18068728,28042,1958537,16941,17556134,24163,1719987,16887,17556134,24163,1719987,16887,-1]
12-24 17:00:00.215  1125  1143 I am_pss  : [7122,10140,com.tianyancha.skyeye,182737920,167600128]
12-24 17:00:00.235  1125  1143 I am_pss  : [3468,10115,com.letv.agnes,10268672,8429568]
12-24 17:00:00.257  1125  1143 I am_pss  : [3888,10114,com.icoolme.android.weather:widget,7837696,4145152]
12-24 17:00:11.402  1125  1276 I netstats_mobile_sample: [0,0,0,0,0,0,0,0,0,0,0,0,-1]
12-24 17:00:11.402  1125  1276 I netstats_wifi_sample: [18082359,28202,1958682,16943,17565453,24249,1720104,16889,17565453,24249,1720104,16889,-1]
12-24 17:00:29.675  1125  1143 I am_pss  : [3888,10114,com.icoolme.android.weather:widget,7837696,4145152]
12-24 17:00:32.569  1125  1276 I netstats_mobile_sample: [0,0,0,0,0,0,0,0,0,0,0,0,-1]
12-24 17:00:32.570  1125  1276 I netstats_wifi_sample: [18095963,28333,1960453,16956,17575347,24313,1721693,16902,17575347,24313,1721693,16902,-1]
12-24 17:00:53.614  1125  1276 I netstats_mobile_sample: [0,0,0,0,0,0,0,0,0,0,0,0,-1]
12-24 17:00:53.614  1125  1276 I netstats_wifi_sample: [18150729,29444,1960897,16961,17586531,24423,1722011,16905,17586531,24423,1722011,16905,-1]
12-24 17:01:14.596  1125  1276 I netstats_mobile_sample: [0,0,0,0,0,0,0,0,0,0,0,0,-1]
12-24 17:01:14.597  1125  1276 I netstats_wifi_sample: [18159540,29556,1960897,16961,17592374,24485,1722011,16905,17592374,24485,1722011,16905,-1]
12-24 17:01:36.184  1125  1276 I netstats_mobile_sample: [0,0,0,0,0,0,0,0,0,0,0,0,-1]
12-24 17:01:36.185  1125  1276 I netstats_wifi_sample: [18169522,29687,1961045,16963,17598226,24534,1722131,16907,17598226,24534,1722131,16907,-1]
12-24 17:01:56.629  1125  1276 I netstats_mobile_sample: [0,0,0,0,0,0,0,0,0,0,0,0,-1]
12-24 17:01:56.629  1125  1276 I netstats_wifi_sample: [18182122,29850,1961227,16966,17606808,24635,1722215,16908,17606808,24635,1722215,16908,-1]
12-24 17:02:00.076  1125  1143 I am_pss  : [7901,10119,com.letv.android.mobileactivation,4450304,2965504]
12-24 17:02:00.125  1125  1143 I am_pss  : [3888,10114,com.icoolme.android.weather:widget,7854080,4161536]
12-24 17:02:00.168  1125  1143 I am_pss  : [6605,10111,com.sohu.inputmethod.status,6427648,3321856]
12-24 17:02:00.319  1125  1143 I am_pss  : [7122,10140,com.tianyancha.skyeye,181410816,166273024]
12-24 17:02:00.345  1125  1143 I am_pss  : [3468,10115,com.letv.agnes,10263552,8429568]
12-24 17:02:05.994  1125  1125 I notification_cancel: [10038,1629,com.android.systemui,2131755074,low_battery,-1,0,64,8,NULL]
12-24 17:02:18.497  1125  1276 I netstats_mobile_sample: [0,0,0,0,0,0,0,0,0,0,0,0,-1]
12-24 17:02:18.498  1125  1276 I netstats_wifi_sample: [18204517,30040,1961469,16969,17625081,24773,1722415,16911,17625081,24773,1722415,16911,-1]
12-24 17:02:38.599  1125  1276 I netstats_mobile_sample: [0,0,0,0,0,0,0,0,0,0,0,0,-1]
12-24 17:02:38.600  1125  1276 I netstats_wifi_sample: [18214248,30171,1962435,16984,17631256,24843,1723143,16925,17631256,24843,1723143,16925,-1]
12-24 17:03:00.330  1125  2157 I battery_status: [3,2,1,0,Li-poly]
12-24 17:03:00.353  1125  1125 I notification_cancel: [10038,1629,com.android.systemui,2131755074,low_battery,-1,0,64,8,NULL]
12-24 17:03:00.443  1125  2167 I am_broadcast_discard_app: [0,205232832,android.intent.action.ACTION_POWER_DISCONNECTED,1,ResolveInfo{f0793f9 com.letv.android.letvlive/com.letv.push.receiver.LetvPushServiceReceiver m=0x108000}]
12-24 17:03:00.751  1125  1698 I battery_status: [2,2,1,0,Li-poly]
12-24 17:03:00.762  1125  1125 I notification_cancel: [10038,1629,com.android.systemui,2131755074,low_battery,-1,0,64,8,NULL]
12-24 17:03:01.297  1125  1698 I battery_status: [5,2,1,2,Li-poly]
12-24 17:03:01.306  1125  1144 I am_broadcast_discard_app: [0,200460593,android.intent.action.ACTION_POWER_CONNECTED,0,ResolveInfo{c92c816 com.eg.android.AlipayGphone/com.alipay.pushsdk.BroadcastActionReceiver p=2147483647 m=0x108000}]
12-24 17:03:01.319  1125  1156 I vibrator_source: vibrate from uid=1000 opPkg=android time =150
12-24 17:03:01.330  1125  1125 I notification_cancel: [10038,1629,com.android.systemui,2131755074,low_battery,-1,0,64,8,NULL]
12-24 17:03:01.342  1125  1125 I notification_cancel: [1000,1125,android,17040350,NULL,-1,0,0,8,NULL]
12-24 17:03:01.358  1125  1144 I am_proc_start: [0,9121,10099,com.mediatek.mtklogger,broadcast,com.mediatek.mtklogger/.framework.LogReceiver]
12-24 17:03:01.359  1125  1125 I notification_canceled: [-1|android|17040350|null|1000,8,597097,597097,0]
12-24 17:03:01.384  1125  2152 I am_broadcast_discard_app: [0,200460593,android.intent.action.ACTION_POWER_CONNECTED,2,ResolveInfo{2596384 com.letv.android.letvlive/com.letv.push.receiver.LetvPushServiceReceiver m=0x108000}]
12-24 17:03:01.387  1125  2167 I am_proc_bound: [0,9121,com.mediatek.mtklogger]
12-24 17:03:01.484  1125  1579 I am_kill : [0,8066,com.letv.android.ecoProvider,15,empty #17]
12-24 17:03:01.500  1125  1276 I netstats_mobile_sample: [0,0,0,0,0,0,0,0,0,0,0,0,-1]
12-24 17:03:01.500  1125  1276 I netstats_wifi_sample: [18234973,30353,1967941,17020,17647813,24968,1728145,16961,17647813,24968,1728145,16961,-1]
12-24 17:03:01.520  1125  2152 I am_proc_died: [0,8066,com.letv.android.ecoProvider]
12-24 17:03:01.568  1125  1971 I am_kill : [0,7706,com.letv.android.note,15,empty #17]
12-24 17:03:01.590  1125  2167 I am_proc_died: [0,7706,com.letv.android.note]
12-24 17:03:01.723  1125  1125 I notification_enqueue: [1000,1125,android,17040350,NULL,-1,Notification(pri=0 contentView=null vibrate=null sound=null tick isShadow = false isOriginalStyle = false defaults=0x0 flags=0x2 color=0xff607d8b vis=PUBLIC),0]
12-24 17:03:03.834  9169  9169 I auditd  : type=1400 audit(0.0:5196): avc: denied { module_request } for comm="app_process32" kmod="personality-8" scontext=u:r:shell:s0 tcontext=u:r:kernel:s0 tclass=system permissive=0
12-24 17:03:04.584  9185  9185 I auditd  : type=1400 audit(0.0:5197): avc: denied { module_request } for comm="app_process32" kmod="personality-8" scontext=u:r:shell:s0 tcontext=u:r:kernel:s0 tclass=system permissive=0
12-24 17:03:06.112  1125  1125 I notification_cancel: [10038,1629,com.android.systemui,2131755074,low_battery,-1,0,64,8,NULL]
12-24 17:03:11.512  1125  2157 I am_proc_died: [0,9121,com.mediatek.mtklogger]
12-24 17:04:00.070  1125  1143 I am_pss  : [2521,10007,android.process.media,10834944,8478720]
12-24 17:04:00.099  1125  1143 I am_pss  : [3888,10114,com.icoolme.android.weather:widget,8882176,5111808]
12-24 17:04:00.123  1125  1143 I am_pss  : [7883,10114,com.icoolme.android.weather,12307456,7892992]
12-24 17:04:00.252  1125  1143 I am_pss  : [7122,10140,com.tianyancha.skyeye,179868672,164868096]
12-24 17:04:00.271  1125  1143 I am_pss  : [3468,10115,com.letv.agnes,10348544,8437760]
12-24 17:04:16.259  1125  1125 I notification_cancel: [10038,1629,com.android.systemui,2131755074,low_battery,-1,0,64,8,NULL]
12-24 17:04:33.819  1125  1143 I am_pss  : [3888,10114,com.icoolme.android.weather:widget,8882176,5111808]
12-24 17:04:52.906  1125  1276 I netstats_mobile_sample: [0,0,0,0,0,0,0,0,0,0,0,0,-1]
12-24 17:04:52.906  1125  1276 I netstats_wifi_sample: [18293024,31036,1969872,17053,17688508,25376,1729558,16992,17688508,25376,1729558,16992,-1]
12-24 17:04:55.466  1125  1143 I am_pss  : [3888,10114,com.icoolme.android.weather:widget,8890368,5120000]
12-24 17:05:26.398  1125  1125 I notification_cancel: [10038,1629,com.android.systemui,2131755074,low_battery,-1,0,64,8,NULL]
12-24 17:05:33.732  1125  1276 I netstats_mobile_sample: [0,0,0,0,0,0,0,0,0,0,0,0,-1]
12-24 17:05:33.732  1125  1276 I netstats_wifi_sample: [18311861,31274,1970319,17059,17701237,25516,1729893,16997,17701237,25516,1729893,16997,-1]
12-24 17:05:33.789  1125  1143 I am_pss  : [2648,10080,com.android.music,9147392,6438912]
12-24 17:05:33.811  1125  1143 I am_pss  : [4316,1000,com.letv.android.hawk,12652544,10395648]
12-24 17:05:33.834  1125  1143 I am_pss  : [3888,10114,com.icoolme.android.weather:widget,8947712,5128192]
12-24 17:05:33.853  1125  1143 I am_pss  : [4123,10055,se.dirac.examples.effectservice,4762624,3080192]
12-24 17:05:33.875  1125  1143 I am_pss  : [1982,10102,com.tencent.android.location,13549568,10440704]
12-24 17:05:33.897  1125  1143 I am_pss  : [1928,10038,com.android.systemui:imagewallpaper,19364864,16203776]
12-24 17:06:00.173  1125  1143 I am_pss  : [6028,10134,com.tencent.mm,149750784,133971968]
12-24 17:06:00.294  1125  1143 I am_pss  : [7122,10140,com.tianyancha.skyeye,179434496,164433920]
12-24 17:06:00.319  1125  1143 I am_pss  : [3468,10115,com.letv.agnes,10569728,8658944]
12-24 17:06:36.541  1125  1125 I notification_cancel: [10038,1629,com.android.systemui,2131755074,low_battery,-1,0,64,8,NULL]
12-24 17:07:00.184  1125  1143 I am_pss  : [1125,1000,system,104783872,96020480]
12-24 17:07:00.220  1125  1143 I am_pss  : [1629,10038,com.android.systemui,69289984,60830720]
12-24 17:07:00.240  1125  1143 I am_pss  : [7901,10119,com.letv.android.mobileactivation,4561920,3006464]
12-24 17:07:00.262  1125  1143 I am_pss  : [3888,10114,com.icoolme.android.weather:widget,8964096,5144576]
12-24 17:07:00.284  1125  1143 I am_pss  : [5191,10026,com.letv.android.supermanager,24386560,22548480]
12-24 17:07:00.305  1125  1143 I am_pss  : [2128,1000,com.dolby,9265152,7450624]
12-24 17:07:00.323  1125  1143 I am_pss  : [2123,10023,com.letv.roaming,4447232,2908160]
12-24 17:07:00.352  1125  1143 I am_pss  : [2111,10022,com.letv.android.phonecontrol,16761856,13402112]
12-24 17:07:00.377  1125  1143 I am_pss  : [2099,1000,com.mediatek.nlpservice,4165632,2568192]
12-24 17:07:00.398  1125  1143 I am_pss  : [2093,10052,se.dirac.acs,5573632,3878912]
12-24 17:07:00.421  1125  1143 I am_pss  : [2081,10012,com.letv.android.freeflow,5078016,3481600]
12-24 17:07:00.447  1125  1143 I am_pss  : [2069,1000,com.goodix.fingerprint,3643392,2150400]
12-24 17:07:00.473  1125  1143 I am_pss  : [2056,1001,com.mediatek.ims,4847616,3194880]
12-24 17:07:00.495  1125  1143 I am_pss  : [2044,1001,com.mediatek.gba,3728384,2215936]
12-24 17:07:00.528  1125  1143 I am_pss  : [1713,1001,com.android.phone,41142272,37523456]
12-24 17:07:26.495  1125  1143 I am_pss  : [3888,10114,com.icoolme.android.weather:widget,8964096,5144576]
12-24 17:07:33.356  1125  1276 I netstats_mobile_sample: [0,0,0,0,0,0,0,0,0,0,0,0,-1]
12-24 17:07:33.356  1125  1276 I netstats_wifi_sample: [18368894,31954,1970896,17067,17741890,25951,1730358,17005,17741890,25951,1730358,17005,-1]
12-24 17:07:46.679  1125  1125 I notification_cancel: [10038,1629,com.android.systemui,2131755074,low_battery,-1,0,64,8,NULL]
12-24 17:08:00.255  1125  1143 I am_pss  : [7122,10140,com.tianyancha.skyeye,180540416,165539840]
12-24 17:08:00.280  1125  1143 I am_pss  : [3468,10115,com.letv.agnes,10569728,8658944]
12-24 17:08:56.812  1125  1125 I notification_cancel: [10038,1629,com.android.systemui,2131755074,low_battery,-1,0,64,8,NULL]
12-24 17:09:00.098  1125  1143 I am_pss  : [3888,10114,com.icoolme.android.weather:widget,8964096,5144576]
12-24 17:09:00.155  1125  1143 I am_pss  : [8476,10061,com.android.inputmethod.latin,5889024,4284416]
12-24 17:09:33.057  1125  1276 I netstats_mobile_sample: [0,0,0,0,0,0,0,0,0,0,0,0,-1]
12-24 17:09:33.058  1125  1276 I netstats_wifi_sample: [18420773,32563,1971579,17076,17778965,26336,1730915,17014,17778965,26336,1730915,17014,-1]
12-24 17:10:00.176  1125  1143 I am_pss  : [6298,10134,com.tencent.mm:support,41578496,22798336]
12-24 17:10:00.201  1125  1143 I am_pss  : [3888,10114,com.icoolme.android.weather:widget,8964096,5144576]
12-24 17:10:00.227  1125  1143 I am_pss  : [7247,10140,com.tianyancha.skyeye:channel,18782208,9842688]
12-24 17:10:00.337  1125  1143 I am_pss  : [7122,10140,com.tianyancha.skyeye,178594816,163594240]
12-24 17:10:00.357  1125  1143 I am_pss  : [3468,10115,com.letv.agnes,10569728,8658944]
12-24 17:10:06.954  1125  1125 I notification_cancel: [10038,1629,com.android.systemui,2131755074,low_battery,-1,0,64,8,NULL]
12-24 17:10:37.242  1125  1143 I am_pss  : [6028,10134,com.tencent.mm,150825984,135045120]
12-24 17:10:37.277  1125  1143 I am_pss  : [6132,10134,com.tencent.mm:exdevice,19572736,12042240]
12-24 17:10:37.304  1125  1143 I am_pss  : [3888,10114,com.icoolme.android.weather:widget,8964096,5144576]
12-24 17:10:37.330  1125  1143 I am_pss  : [4751,10081,com.letv.android.ota,6772736,4870144]
12-24 17:10:44.838  1125  1143 I am_pss  : [2187,10046,com.android.browser,10473472,7081984]
12-24 17:11:00.094  1125  1143 I am_pss  : [6174,10134,com.tencent.mm:push,24780800,17657856]
12-24 17:11:17.098  1125  1125 I notification_cancel: [10038,1629,com.android.systemui,2131755074,low_battery,-1,0,64,8,NULL]
12-24 17:11:33.160  1125  1276 I netstats_mobile_sample: [0,0,0,0,0,0,0,0,0,0,0,0,-1]
12-24 17:11:33.160  1125  1276 I netstats_wifi_sample: [18497670,33762,1974377,17102,17815706,26701,1733153,17033,17815706,26701,1733153,17033,-1]
12-24 17:12:00.101  1125  1143 I am_pss  : [1938,10131,com.koushikdutta.vysor,16418816,9887744]
12-24 17:12:00.149  1125  1143 I am_pss  : [7901,10119,com.letv.android.mobileactivation,4631552,3076096]
12-24 17:12:00.176  1125  1143 I am_pss  : [3888,10114,com.icoolme.android.weather:widget,8972288,5152768]
12-24 17:12:00.339  1125  1143 I am_pss  : [7122,10140,com.tianyancha.skyeye,178361344,163360768]
12-24 17:12:00.363  1125  1143 I am_pss  : [3468,10115,com.letv.agnes,10577920,8667136]
12-24 17:12:27.237  1125  1125 I notification_cancel: [10038,1629,com.android.systemui,2131755074,low_battery,-1,0,64,8,NULL]
12-24 17:13:00.091  1125  1143 I am_pss  : [3888,10114,com.icoolme.android.weather:widget,8972288,5152768]
12-24 17:13:33.245  1125  1276 I netstats_mobile_sample: [0,0,0,0,0,0,0,0,0,0,0,0,-1]
12-24 17:13:33.246  1125  1276 I netstats_wifi_sample: [18561005,34662,1974915,17109,17853051,27123,1733593,17040,17853051,27123,1733593,17040,-1]
12-24 17:13:37.382  1125  1125 I notification_cancel: [10038,1629,com.android.systemui,2131755074,low_battery,-1,0,64,8,NULL]
12-24 17:14:00.077  1125  1143 I am_pss  : [3888,10114,com.icoolme.android.weather:widget,8976384,5156864]
12-24 17:14:00.211  1125  1143 I am_pss  : [7122,10140,com.tianyancha.skyeye,179508224,164507648]
12-24 17:14:00.238  1125  1143 I am_pss  : [3468,10115,com.letv.agnes,10577920,8667136]
12-24 17:14:47.517  1125  1125 I notification_cancel: [10038,1629,com.android.systemui,2131755074,low_battery,-1,0,64,8,NULL]
12-24 17:14:53.538  1125  1143 I am_pss  : [2147,10010,com.android.launcher3,157731840,147017728]
12-24 17:14:53.569  1125  1143 I am_pss  : [2369,10088,com.letv.app.appstore,17007616,14331904]
12-24 17:14:53.598  1125  1143 I am_pss  : [3888,10114,com.icoolme.android.weather:widget,8980480,5160960]
12-24 17:14:57.425  1125  1161 I am_proc_start: [0,9277,10005,com.android.defcontainer,service,com.android.defcontainer/.DefaultContainerService]
12-24 17:14:57.439  1125  1653 I am_proc_bound: [0,9277,com.android.defcontainer]
12-24 17:14:59.784  9293  9293 I auditd  : type=1400 audit(0.0:5198): avc: denied { module_request } for comm="dex2oat" kmod="personality-8" scontext=u:r:dex2oat:s0 tcontext=u:r:kernel:s0 tclass=system permissive=0
12-24 17:15:10.972  1125  1144 I am_kill : [0,7247,com.tianyancha.skyeye:channel,8,stop com.tianyancha.skyeye]
12-24 17:15:10.999  1125  1144 I am_schedule_service_restart: [0,com.tianyancha.skyeye/com.taobao.accs.ChannelService,1000]
12-24 17:15:11.002  1125  1144 I am_kill : [0,7122,com.tianyancha.skyeye,0,stop com.tianyancha.skyeye]
12-24 17:15:11.113   385   385 I sf_frame_dur: [com.tianyancha.skyeye/com.tianyancha.skyeye.MainActivity,674,31221,1,0,0,0,0]
12-24 17:15:11.137  1125  1144 I am_schedule_service_restart: [0,com.tianyancha.skyeye/org.android.agoo.accs.AgooService,10862]
12-24 17:15:11.137  1125  1144 I am_schedule_service_restart: [0,com.tianyancha.skyeye/com.taobao.accs.data.MsgDistributeService,10862]
12-24 17:15:11.138  1125  1144 I am_finish_activity: [0,191719658,5,com.tianyancha.skyeye/.MainActivity,proc died without state saved]
12-24 17:15:11.138  1125  1144 I am_focused_activity: [-1,NULL]
12-24 17:15:11.138  1125  1144 I wm_task_removed: [5,removeAppToken: last token]
12-24 17:15:11.138  1125  1144 I am_home_stack_moved: [0,1,0,0,appDied setFocusedActivity]
12-24 17:15:11.138  1125  1144 I wm_task_moved: [1,1,1]
12-24 17:15:11.155  1125  1144 I am_focused_activity: [0,com.android.launcher3/.Launcher]
12-24 17:15:11.155  1125  1144 I wm_task_removed: [5,removeTask]
12-24 17:15:11.160  1125  1144 I am_resume_activity: [0,171912681,1,com.android.launcher3/.Launcher]
12-24 17:15:11.348  1125  1161 I unknown_sources_enabled: 0
12-24 17:15:11.384  2147  2147 I am_on_resume_called: [0,com.android.launcher3.Launcher]
12-24 17:15:11.424  1125  1125 I notification_cancel: [10131,1938,com.koushikdutta.vysor,101,NULL,0,0,64,8,NULL]
12-24 17:15:11.424  1125  1125 I notification_canceled: [0|com.koushikdutta.vysor|101|null|10131,8,1178430,1178430,0]
12-24 17:15:11.452  1125  1125 I notification_enqueue: [10131,1938,com.koushikdutta.vysor,101,NULL,0,Notification(pri=0 contentView=null vibrate=null sound=null isShadow = false isOriginalStyle = false defaults=0x0 flags=0x2 color=0x00000000 vis=PRIVATE),0]
12-24 17:15:11.540  6028  6028 I force_gc: bg
12-24 17:15:11.544  1629  1629 I force_gc: bg
12-24 17:15:11.545  2111  2111 I force_gc: bg
12-24 17:15:11.551  1125  1125 I notification_cancel_all: [1000,1125,com.tianyancha.skyeye,0,0,0,5,NULL]
12-24 17:15:11.636  1125  1653 I am_proc_start: [0,9317,1001,com.softsim.control,broadcast,com.softsim.control/.SoftSIMControlLaunch]
12-24 17:15:11.650  1125  1139 I am_proc_bound: [0,9317,com.softsim.control]
12-24 17:15:11.702  1125  1125 I notification_cancel_all: [1000,1125,com.tianyancha.skyeye,0,0,0,5,NULL]
12-24 17:15:11.805  1125  2166 I am_kill : [0,9317,com.softsim.control,0,stop com.softsim.control]
12-24 17:15:11.816  1125  2166 I am_broadcast_discard_app: [0,200518577,android.intent.action.PACKAGE_REMOVED,1,ResolveInfo{f63896 com.softsim.control/.SoftSIMControlLaunch p=100 m=0x208000}]
12-24 17:15:11.856  1125  1125 I notification_cancel_all: [1000,1125,com.softsim.control,0,0,0,5,NULL]
12-24 17:15:11.867  1125  1144 I am_proc_start: [0,9337,10003,android.process.acore,broadcast,com.android.providers.contacts/.PackageIntentReceiver]
12-24 17:15:11.884  1125  2156 I am_proc_bound: [0,9337,android.process.acore]
12-24 17:15:12.281  1125  1971 I am_broadcast_discard_app: [0,200518577,android.intent.action.PACKAGE_REMOVED,5,ResolveInfo{e8c905d com.letv.android.client/.leading.share.listener.AppAddOrRemoveReceiver m=0x208000}]
12-24 17:15:12.356  1125  2157 I am_proc_start: [0,9367,1000,com.android.keychain,broadcast,com.android.keychain/.KeyChainBroadcastReceiver]
12-24 17:15:12.371  1125  1579 I am_proc_bound: [0,9367,com.android.keychain]
12-24 17:15:12.436  1125  2157 I am_broadcast_discard_app: [0,200518577,android.intent.action.PACKAGE_REMOVED,9,ResolveInfo{6c5752a com.letv.lesophoneclient/com.letv.letvframework.letvInstalledApp.LetvAppReceiver m=0x208000}]
12-24 17:15:12.511  1125  1698 I am_broadcast_discard_app: [0,200518577,android.intent.action.PACKAGE_REMOVED,11,ResolveInfo{be868b8 com.letv.letvshop/com.umeng.message.SystemReceiver m=0x208000}]
12-24 17:15:12.516  1125  1144 I am_broadcast_discard_app: [0,200518577,android.intent.action.PACKAGE_REMOVED,12,ResolveInfo{82cd691 com.letv.games/.receiver.SelfPackageChangedReceiver m=0x208000}]
12-24 17:15:12.579  1125  2166 I am_broadcast_discard_app: [0,200518577,android.intent.action.PACKAGE_REMOVED,16,ResolveInfo{99db9f6 com.ss.android.article.news/com.umeng.message.SystemReceiver m=0x208000}]
12-24 17:15:12.622  1125  1144 I am_broadcast_discard_app: [0,200518577,android.intent.action.PACKAGE_REMOVED,17,ResolveInfo{11551f7 com.ss.android.article.news/com.huawei.android.pushagent.PushEventReceiver m=0x208000}]
12-24 17:15:12.622  1125  1144 I am_broadcast_discard_app: [0,200518577,android.intent.action.PACKAGE_REMOVED,18,ResolveInfo{1175864 com.sina.weibo/.bundlemanager.WBBroadcastDeliver m=0x208000}]
12-24 17:15:12.623  1125  1144 I am_broadcast_discard_app: [0,200518577,android.intent.action.PACKAGE_REMOVED,19,ResolveInfo{5374acd com.tianyancha.skyeye/com.taobao.accs.EventReceiver m=0x208000}]
12-24 17:15:12.623  1125  1144 I am_broadcast_discard_app: [0,200518577,android.intent.action.PACKAGE_REMOVED,20,ResolveInfo{8e37f82 com.tianyancha.skyeye/com.taobao.agoo.AgooCommondReceiver m=0x208000}]
12-24 17:15:12.652  1125  1699 I am_broadcast_discard_app: [0,172168851,android.intent.action.PACKAGE_ADDED,1,ResolveInfo{82396d0 com.eg.android.AlipayGphone/com.alipay.mobile.security.thirdparty.AppSafetyChecker p=1000 m=0x208000}]
12-24 17:15:12.716  1125  1608 I am_broadcast_discard_app: [0,172168851,android.intent.action.PACKAGE_ADDED,5,ResolveInfo{3fac6c9 com.letv.android.client/.leading.share.listener.AppAddOrRemoveReceiver m=0x208000}]
