12-24 17:20:07.681  1125  2167 I am_home_stack_moved: [0,0,2,2,intentActivityFound]
12-24 17:20:07.681  1125  2167 I wm_task_moved: [15,1,2]
12-24 17:20:08.129  1125  2157 I am_home_stack_moved: [0,0,2,2,sourceStackToFront]
12-24 17:20:08.129  1125  2157 I wm_task_moved: [15,1,2]
12-24 17:20:08.131  1125  2157 I am_create_activity: [0,219418429,15,com.tianyancha.skyeye/.detail.company.FirmDetailActivity,NULL,NULL,NULL,0]
12-24 17:20:08.131  1125  2157 I am_pause_activity: [0,86037291,com.tianyancha.skyeye/.detail.datadimension.lawsuit.LawsuitDetailActivity]
12-24 17:20:08.143  1125  2157 I am_home_stack_moved: [0,0,2,2,startedActivity setFocusedActivity]
12-24 17:20:08.143  1125  2157 I wm_task_moved: [15,1,2]
12-24 17:20:08.148  1125  2157 I am_focused_activity: [0,com.tianyancha.skyeye/.detail.company.FirmDetailActivity]
12-24 17:20:08.151  9473  9473 I am_on_paused_called: [0,com.tianyancha.skyeye.detail.datadimension.lawsuit.LawsuitDetailActivity]
12-24 17:20:08.153  1125  1579 I am_restart_activity: [0,219418429,15,com.tianyancha.skyeye/.detail.company.FirmDetailActivity]
12-24 17:20:08.175  1125  1143 I am_pss  : [9756,10140,com.tianyancha.skyeye:remote,15360000,8593408]
12-24 17:20:08.355  9473  9473 I am_on_resume_called: [0,com.tianyancha.skyeye.detail.company.FirmDetailActivity]
12-24 17:20:08.445  1125  1276 I netstats_mobile_sample: [0,0,0,0,0,0,0,0,0,0,0,0,-1]
12-24 17:20:08.445  1125  1276 I netstats_wifi_sample: [25745866,42630,2391097,21370,24895802,34044,2090037,21298,24895802,34044,2090037,21298,-1]
12-24 17:20:08.806  1125  1153 I am_activity_launch_time: [0,219418429,com.tianyancha.skyeye/.detail.company.FirmDetailActivity,654,654]
12-24 17:20:09.962  1125  1699 I am_home_stack_moved: [0,0,2,2,sourceStackToFront]
12-24 17:20:09.962  1125  1699 I wm_task_moved: [15,1,2]
12-24 17:20:09.965  1125  1699 I am_create_activity: [0,188459487,15,com.tianyancha.skyeye/.detail.datadimension.outinvest.OutInvestActivity,NULL,NULL,NULL,0]
12-24 17:20:09.965  1125  1699 I am_pause_activity: [0,219418429,com.tianyancha.skyeye/.detail.company.FirmDetailActivity]
12-24 17:20:09.973  1125  1699 I am_home_stack_moved: [0,0,2,2,startedActivity setFocusedActivity]
12-24 17:20:09.973  1125  1699 I wm_task_moved: [15,1,2]
12-24 17:20:09.977  1125  1699 I am_focused_activity: [0,com.tianyancha.skyeye/.detail.datadimension.outinvest.OutInvestActivity]
12-24 17:20:09.981  9473  9473 I am_on_paused_called: [0,com.tianyancha.skyeye.detail.company.FirmDetailActivity]
12-24 17:20:09.983  1125  2167 I am_restart_activity: [0,188459487,15,com.tianyancha.skyeye/.detail.datadimension.outinvest.OutInvestActivity]
12-24 17:20:10.051  9473  9473 I am_on_resume_called: [0,com.tianyancha.skyeye.detail.datadimension.outinvest.OutInvestActivity]
12-24 17:20:10.139  1125  1153 I am_activity_launch_time: [0,188459487,com.tianyancha.skyeye/.detail.datadimension.outinvest.OutInvestActivity,158,158]
12-24 17:20:10.387   385   385 I sf_frame_dur: [com.tianyancha.skyeye/com.tianyancha.skyeye.detail.company.FirmDetailActivity,4,12,1,2,1,0,0]
12-24 17:20:10.723  1125  1608 I am_home_stack_moved: [0,0,2,2,sourceStackToFront]
12-24 17:20:10.723  1125  1608 I wm_task_moved: [15,1,2]
12-24 17:20:10.726  1125  1608 I am_create_activity: [0,253100374,15,com.tianyancha.skyeye/.detail.company.FirmDetailActivity,NULL,NULL,NULL,0]
12-24 17:20:10.727  1125  1608 I am_pause_activity: [0,188459487,com.tianyancha.skyeye/.detail.datadimension.outinvest.OutInvestActivity]
12-24 17:20:10.738  1125  1608 I am_home_stack_moved: [0,0,2,2,startedActivity setFocusedActivity]
12-24 17:20:10.738  1125  1608 I wm_task_moved: [15,1,2]
12-24 17:20:10.742  1125  1608 I am_focused_activity: [0,com.tianyancha.skyeye/.detail.company.FirmDetailActivity]
12-24 17:20:10.743  9473  9473 I am_on_paused_called: [0,com.tianyancha.skyeye.detail.datadimension.outinvest.OutInvestActivity]
12-24 17:20:10.745  1125  1139 I am_restart_activity: [0,253100374,15,com.tianyancha.skyeye/.detail.company.FirmDetailActivity]
12-24 17:20:10.901  9473  9473 I am_on_resume_called: [0,com.tianyancha.skyeye.detail.company.FirmDetailActivity]
12-24 17:20:11.262  1125  1153 I am_activity_launch_time: [0,253100374,com.tianyancha.skyeye/.detail.company.FirmDetailActivity,518,518]
12-24 17:20:11.728  1125  1971 I am_home_stack_moved: [0,0,2,2,sourceStackToFront]
12-24 17:20:11.728  1125  1971 I wm_task_moved: [15,1,2]
12-24 17:20:11.730  1125  1971 I am_create_activity: [0,257890419,15,com.tianyancha.skyeye/.detail.company.FirmDetailActivity,NULL,NULL,NULL,0]
12-24 17:20:11.731  1125  1971 I am_pause_activity: [0,253100374,com.tianyancha.skyeye/.detail.company.FirmDetailActivity]
12-24 17:20:11.740  1125  1971 I am_home_stack_moved: [0,0,2,2,startedActivity setFocusedActivity]
12-24 17:20:11.740  1125  1971 I wm_task_moved: [15,1,2]
12-24 17:20:11.743  1125  1971 I am_focused_activity: [0,com.tianyancha.skyeye/.detail.company.FirmDetailActivity]
12-24 17:20:11.745  9473  9473 I am_on_paused_called: [0,com.tianyancha.skyeye.detail.company.FirmDetailActivity]
12-24 17:20:11.746  1125  1140 I am_restart_activity: [0,257890419,15,com.tianyancha.skyeye/.detail.company.FirmDetailActivity]
12-24 17:20:11.931  9473  9473 I am_on_resume_called: [0,com.tianyancha.skyeye.detail.company.FirmDetailActivity]
12-24 17:20:12.222  1125  1153 I am_activity_launch_time: [0,257890419,com.tianyancha.skyeye/.detail.company.FirmDetailActivity,477,477]
12-24 17:20:12.653   385   385 I sf_frame_dur: [com.tianyancha.skyeye/com.tianyancha.skyeye.detail.company.FirmDetailActivity,0,6,3,2,1,0,0]
12-24 17:20:12.871  1125  2167 I am_home_stack_moved: [0,0,2,2,sourceStackToFront]
12-24 17:20:12.871  1125  2167 I wm_task_moved: [15,1,2]
12-24 17:20:12.873  1125  2167 I am_create_activity: [0,46201189,15,com.tianyancha.skyeye/.detail.datadimension.risk.company.CompanyRiskEvaluatingActivity,NULL,NULL,NULL,0]
12-24 17:20:12.874  1125  2167 I am_pause_activity: [0,257890419,com.tianyancha.skyeye/.detail.company.FirmDetailActivity]
12-24 17:20:12.879  1125  2167 I am_home_stack_moved: [0,0,2,2,startedActivity setFocusedActivity]
12-24 17:20:12.879  1125  2167 I wm_task_moved: [15,1,2]
12-24 17:20:12.884  1125  2167 I am_focused_activity: [0,com.tianyancha.skyeye/.detail.datadimension.risk.company.CompanyRiskEvaluatingActivity]
12-24 17:20:12.888  9473  9473 I am_on_paused_called: [0,com.tianyancha.skyeye.detail.company.FirmDetailActivity]
12-24 17:20:12.889  1125  1884 I am_restart_activity: [0,46201189,15,com.tianyancha.skyeye/.detail.datadimension.risk.company.CompanyRiskEvaluatingActivity]
12-24 17:20:12.947  9473  9473 I am_on_resume_called: [0,com.tianyancha.skyeye.detail.datadimension.risk.company.CompanyRiskEvaluatingActivity]
12-24 17:20:13.181  1125  1153 I am_activity_launch_time: [0,46201189,com.tianyancha.skyeye/.detail.datadimension.risk.company.CompanyRiskEvaluatingActivity,293,293]
12-24 17:20:13.335   385   385 I sf_frame_dur: [com.tianyancha.skyeye/com.tianyancha.skyeye.detail.company.FirmDetailActivity,4,6,3,2,1,0,0]
12-24 17:20:13.443  1125  1698 I am_home_stack_moved: [0,0,2,2,sourceStackToFront]
12-24 17:20:13.444  1125  1698 I wm_task_moved: [15,1,2]
12-24 17:20:13.448  1125  1698 I am_create_activity: [0,189754374,15,com.tianyancha.skyeye/.detail.datadimension.risk.risk_lawsuit.RiskLawsuitListActivity,NULL,NULL,NULL,0]
12-24 17:20:13.449  1125  1698 I am_pause_activity: [0,46201189,com.tianyancha.skyeye/.detail.datadimension.risk.company.CompanyRiskEvaluatingActivity]
12-24 17:20:13.459  1125  1698 I am_home_stack_moved: [0,0,2,2,startedActivity setFocusedActivity]
12-24 17:20:13.460  1125  1698 I wm_task_moved: [15,1,2]
12-24 17:20:13.463  1125  1698 I am_focused_activity: [0,com.tianyancha.skyeye/.detail.datadimension.risk.risk_lawsuit.RiskLawsuitListActivity]
12-24 17:20:13.477  9473  9473 I am_on_paused_called: [0,com.tianyancha.skyeye.detail.datadimension.risk.company.CompanyRiskEvaluatingActivity]
12-24 17:20:13.479  1125  1975 I am_restart_activity: [0,189754374,15,com.tianyancha.skyeye/.detail.datadimension.risk.risk_lawsuit.RiskLawsuitListActivity]
12-24 17:20:13.562  9473  9473 I am_on_resume_called: [0,com.tianyancha.skyeye.detail.datadimension.risk.risk_lawsuit.RiskLawsuitListActivity]
12-24 17:20:13.658  1125  1139 I am_new_intent: [0,189754374,15,com.tianyancha.skyeye/.detail.datadimension.risk.risk_lawsuit.RiskLawsuitListActivity,NULL,NULL,NULL,0]
12-24 17:20:13.775  1125  1153 I am_activity_launch_time: [0,189754374,com.tianyancha.skyeye/.detail.datadimension.risk.risk_lawsuit.RiskLawsuitListActivity,298,298]
12-24 17:20:14.195  1125  1698 I am_home_stack_moved: [0,0,2,2,sourceStackToFront]
12-24 17:20:14.195  1125  1698 I wm_task_moved: [15,1,2]
12-24 17:20:14.197  1125  1698 I am_create_activity: [0,108949785,15,com.tianyancha.skyeye/.detail.datadimension.lawsuit.LawsuitDetailActivity,NULL,NULL,NULL,0]
12-24 17:20:14.198  1125  1698 I am_pause_activity: [0,189754374,com.tianyancha.skyeye/.detail.datadimension.risk.risk_lawsuit.RiskLawsuitListActivity]
12-24 17:20:14.205  1125  1698 I am_home_stack_moved: [0,0,2,2,startedActivity setFocusedActivity]
12-24 17:20:14.205  1125  1698 I wm_task_moved: [15,1,2]
12-24 17:20:14.208  1125  1698 I am_focused_activity: [0,com.tianyancha.skyeye/.detail.datadimension.lawsuit.LawsuitDetailActivity]
12-24 17:20:14.210  9473  9473 I am_on_paused_called: [0,com.tianyancha.skyeye.detail.datadimension.risk.risk_lawsuit.RiskLawsuitListActivity]
12-24 17:20:14.211  1125  1653 I am_restart_activity: [0,108949785,15,com.tianyancha.skyeye/.detail.datadimension.lawsuit.LawsuitDetailActivity]
12-24 17:20:14.273  9473  9473 I am_on_resume_called: [0,com.tianyancha.skyeye.detail.datadimension.lawsuit.LawsuitDetailActivity]
12-24 17:20:14.346  1125  1153 I am_activity_launch_time: [0,108949785,com.tianyancha.skyeye/.detail.datadimension.lawsuit.LawsuitDetailActivity,136,136]
12-24 17:20:14.439  1125  1143 I am_pss  : [9473,10140,com.tianyancha.skyeye,363547648,350453760]
12-24 17:20:14.449  1125  2157 I am_home_stack_moved: [0,0,2,2,intentActivityFound]
12-24 17:20:14.478  1125  2157 I wm_task_moved: [15,1,2]
12-24 17:20:14.479  1125  2157 I am_finish_activity: [0,95096750,15,com.tianyancha.skyeye/.activity.NearCompanyActivity,clear-task-stack]
12-24 17:20:14.513  1125  2157 I am_destroy_activity: [0,95096750,15,com.tianyancha.skyeye/.activity.NearCompanyActivity,finish-imm]
12-24 17:20:14.513  1125  2157 I am_finish_activity: [0,210105399,15,com.tianyancha.skyeye/.detail.company.FirmDetailActivity,clear-task-stack]
12-24 17:20:14.648  1125  2157 I am_destroy_activity: [0,210105399,15,com.tianyancha.skyeye/.detail.company.FirmDetailActivity,finish-imm]
12-24 17:20:14.648  1125  2157 I am_finish_activity: [0,131857678,15,com.tianyancha.skyeye/.detail.human.PersonDetailActivity,clear-task-stack]
12-24 17:20:14.648  1125  2157 I am_destroy_activity: [0,131857678,15,com.tianyancha.skyeye/.detail.human.PersonDetailActivity,finish-imm]
12-24 17:20:14.648  1125  2157 I am_finish_activity: [0,96980288,15,com.tianyancha.skyeye/.detail.company.FirmDetailActivity,clear-task-stack]
12-24 17:20:14.649  1125  2157 I am_destroy_activity: [0,96980288,15,com.tianyancha.skyeye/.detail.company.FirmDetailActivity,finish-imm]
12-24 17:20:14.649  1125  2157 I am_finish_activity: [0,23078203,15,com.tianyancha.skyeye/.detail.datadimension.risk.company.CompanyRiskEvaluatingActivity,clear-task-stack]
12-24 17:20:14.649  1125  2157 I am_destroy_activity: [0,23078203,15,com.tianyancha.skyeye/.detail.datadimension.risk.company.CompanyRiskEvaluatingActivity,finish-imm]
12-24 17:20:14.649  1125  2157 I am_finish_activity: [0,254217732,15,com.tianyancha.skyeye/.detail.datadimension.risk.risk_lawsuit.RiskLawsuitListActivity,clear-task-stack]
12-24 17:20:14.649  1125  2157 I am_destroy_activity: [0,254217732,15,com.tianyancha.skyeye/.detail.datadimension.risk.risk_lawsuit.RiskLawsuitListActivity,finish-imm]
12-24 17:20:14.650  1125  2157 I am_finish_activity: [0,86037291,15,com.tianyancha.skyeye/.detail.datadimension.lawsuit.LawsuitDetailActivity,clear-task-stack]
12-24 17:20:14.650  1125  2157 I am_destroy_activity: [0,86037291,15,com.tianyancha.skyeye/.detail.datadimension.lawsuit.LawsuitDetailActivity,finish-imm]
12-24 17:20:14.650  1125  2157 I am_finish_activity: [0,219418429,15,com.tianyancha.skyeye/.detail.company.FirmDetailActivity,clear-task-stack]
12-24 17:20:14.650  1125  2157 I am_destroy_activity: [0,219418429,15,com.tianyancha.skyeye/.detail.company.FirmDetailActivity,finish-imm]
12-24 17:20:14.650  1125  2157 I am_finish_activity: [0,188459487,15,com.tianyancha.skyeye/.detail.datadimension.outinvest.OutInvestActivity,clear-task-stack]
12-24 17:20:14.651  1125  2157 I am_destroy_activity: [0,188459487,15,com.tianyancha.skyeye/.detail.datadimension.outinvest.OutInvestActivity,finish-imm]
12-24 17:20:14.651  1125  2157 I am_finish_activity: [0,253100374,15,com.tianyancha.skyeye/.detail.company.FirmDetailActivity,clear-task-stack]
12-24 17:20:14.652  1125  2157 I am_destroy_activity: [0,253100374,15,com.tianyancha.skyeye/.detail.company.FirmDetailActivity,finish-imm]
12-24 17:20:14.652  1125  2157 I am_finish_activity: [0,257890419,15,com.tianyancha.skyeye/.detail.company.FirmDetailActivity,clear-task-stack]
12-24 17:20:14.653  1125  2157 I am_destroy_activity: [0,257890419,15,com.tianyancha.skyeye/.detail.company.FirmDetailActivity,finish-imm]
12-24 17:20:14.653  1125  2157 I am_finish_activity: [0,46201189,15,com.tianyancha.skyeye/.detail.datadimension.risk.company.CompanyRiskEvaluatingActivity,clear-task-stack]
12-24 17:20:14.653  1125  2157 I am_destroy_activity: [0,46201189,15,com.tianyancha.skyeye/.detail.datadimension.risk.company.CompanyRiskEvaluatingActivity,finish-imm]
12-24 17:20:14.653  1125  2157 I am_finish_activity: [0,189754374,15,com.tianyancha.skyeye/.detail.datadimension.risk.risk_lawsuit.RiskLawsuitListActivity,clear-task-stack]
12-24 17:20:14.654  1125  2157 I am_destroy_activity: [0,189754374,15,com.tianyancha.skyeye/.detail.datadimension.risk.risk_lawsuit.RiskLawsuitListActivity,finish-imm]
12-24 17:20:14.655  1125  2157 I am_finish_activity: [0,108949785,15,com.tianyancha.skyeye/.detail.datadimension.lawsuit.LawsuitDetailActivity,clear-task-stack]
12-24 17:20:14.655  1125  2157 I am_home_stack_moved: [0,0,2,2,finishActivity adjustFocus setFocusedActivity]
12-24 17:20:14.655  1125  2157 I wm_task_moved: [15,1,2]
12-24 17:20:14.658  1125  2157 I am_focused_activity: [0,com.tianyancha.skyeye/.MainActivity]
12-24 17:20:14.659  1125  2157 I am_pause_activity: [0,108949785,com.tianyancha.skyeye/.detail.datadimension.lawsuit.LawsuitDetailActivity]
12-24 17:20:14.662  1125  2157 I am_new_intent: [0,184398712,15,com.tianyancha.skyeye/.MainActivity,NULL,NULL,NULL,268435456]
12-24 17:20:14.891  9473  9473 I am_on_paused_called: [0,com.tianyancha.skyeye.detail.datadimension.lawsuit.LawsuitDetailActivity]
12-24 17:20:14.902  1125  2152 I am_resume_activity: [0,117377399,15,com.tianyancha.skyeye/.MainActivity]
12-24 17:20:14.904  9902  9902 I auditd  : type=1400 audit(0.0:7736): avc: denied { read } for comm="mnld" name="primary" dev="tmpfs" ino=21518 scontext=u:r:mnld:s0 tcontext=u:object_r:mnt_user_file:s0 tclass=lnk_file permissive=0
12-24 17:20:14.979  9473  9473 I am_on_resume_called: [0,com.tianyancha.skyeye.MainActivity]
12-24 17:20:15.652  1125  2152 I am_destroy_activity: [0,108949785,15,com.tianyancha.skyeye/.detail.datadimension.lawsuit.LawsuitDetailActivity,finish-imm]
12-24 17:20:15.654  1125  2152 I am_kill : [0,7865,com.sohu.inputmethod.sogou.leshi,15,empty for 1800s]
12-24 17:20:15.703  1125  1579 I am_proc_died: [0,7865,com.sohu.inputmethod.sogou.leshi]
12-24 17:20:15.736  1125  1143 I am_pss  : [3468,10115,com.letv.agnes,10967040,9240576]
12-24 17:20:15.830  1125  1608 I am_home_stack_moved: [0,0,2,2,intentActivityFound]
12-24 17:20:15.830  1125  1608 I wm_task_moved: [15,1,2]
12-24 17:20:15.831  1125  1608 I am_home_stack_moved: [0,0,2,2,sourceStackToFront]
12-24 17:20:15.831  1125  1608 I wm_task_moved: [15,1,2]
12-24 17:20:15.833  1125  1608 I am_create_activity: [0,219159181,15,com.tianyancha.skyeye/.invite.InviteAwardActivity,NULL,NULL,NULL,268435456]
12-24 17:20:15.834  1125  1608 I am_pause_activity: [0,117377399,com.tianyancha.skyeye/.MainActivity]
12-24 17:20:15.840  1125  1608 I am_home_stack_moved: [0,0,2,2,startedActivity setFocusedActivity]
12-24 17:20:15.840  1125  1608 I wm_task_moved: [15,1,2]
12-24 17:20:15.845  1125  1608 I am_focused_activity: [0,com.tianyancha.skyeye/.invite.InviteAwardActivity]
12-24 17:20:15.869  9473  9473 I am_on_paused_called: [0,com.tianyancha.skyeye.MainActivity]
12-24 17:20:15.943  1125  1975 I am_kill : [0,8102,com.letv.domain,15,empty for 1800s]
12-24 17:20:15.954  1125  1975 I am_restart_activity: [0,219159181,15,com.tianyancha.skyeye/.invite.InviteAwardActivity]
12-24 17:20:15.979  1125  1608 I am_proc_died: [0,8102,com.letv.domain]
12-24 17:20:16.121  9473  9473 I am_on_resume_called: [0,com.tianyancha.skyeye.invite.InviteAwardActivity]
12-24 17:20:16.313  1125  1153 I am_activity_launch_time: [0,219159181,com.tianyancha.skyeye/.invite.InviteAwardActivity,388,388]
12-24 17:20:16.364   385   385 I sf_frame_dur: [com.tianyancha.skyeye/com.tianyancha.skyeye.MainActivity,0,0,1,0,0,0,0]
12-24 17:20:16.668   385   385 I sf_frame_dur: [com.tianyancha.skyeye/com.tianyancha.skyeye.MainActivity,0,4,3,4,2,0,0]
12-24 17:20:16.703   385   385 I sf_frame_dur: [com.tianyancha.skyeye/com.tianyancha.skyeye.MainActivity,0,0,0,1,0,0,0]
12-24 17:20:17.102  1125  1276 I netstats_mobile_sample: [0,0,0,0,0,0,0,0,0,0,0,0,-1]
12-24 17:20:17.103  1125  1276 I netstats_wifi_sample: [26867245,43587,2518879,22353,26001883,34993,2204057,22281,25998883,34991,2203913,22279,-1]
12-24 17:20:17.445  1629  1629 I sysui_panelholder_touch: [0,862,16]
12-24 17:20:17.451  1629  1629 I sysui_histogram: [note_load,3]
12-24 17:20:17.451  1125  1139 I notification_panel_revealed: 3
12-24 17:20:17.458  1125  2166 I notification_visibility: [0|com.tencent.mm|4097|null|10134,1,1485491,1485491,0,0]
12-24 17:20:17.458  1125  2166 I notification_visibility: [-1|android|17040350|null|1000,1,1035735,1035735,0,2]
12-24 17:20:17.458  1125  2166 I notification_visibility: [0|com.koushikdutta.vysor|101|null|10131,1,263194,263194,0,1]
12-24 17:20:17.582  1125  1579 I notification_visibility: [0|com.tencent.mm|4097|null|10134,0,1485615,1485615,0,0]
12-24 17:20:17.582  1125  1579 I notification_visibility: [-1|android|17040350|null|1000,0,1035859,1035859,0,2]
12-24 17:20:17.583  1125  1579 I notification_visibility: [0|com.koushikdutta.vysor|101|null|10131,0,263319,263319,0,1]
12-24 17:20:17.586  1125  1140 I notification_panel_hidden: []
12-24 17:20:19.392  1125  1884 I am_home_stack_moved: [0,0,2,2,intentActivityFound]
12-24 17:20:19.392  1125  1884 I wm_task_moved: [15,1,2]
12-24 17:20:20.133  1125  1143 I am_pss  : [3888,10114,com.icoolme.android.weather:widget,8865792,5226496]
12-24 17:20:20.906  1125  1699 I am_home_stack_moved: [0,0,2,2,intentActivityFound]
12-24 17:20:20.906  1125  1699 I wm_task_moved: [15,1,2]
12-24 17:20:21.097  1125  1579 I am_home_stack_moved: [0,0,2,2,sourceStackToFront]
12-24 17:20:21.097  1125  1579 I wm_task_moved: [15,1,2]
12-24 17:20:21.099  1125  1579 I am_create_activity: [0,157618869,15,com.tianyancha.skyeye/.invite.AccountHistoryActivity,NULL,NULL,NULL,0]
12-24 17:20:21.100  1125  1579 I am_pause_activity: [0,219159181,com.tianyancha.skyeye/.invite.InviteAwardActivity]
12-24 17:20:21.108  1125  1579 I am_home_stack_moved: [0,0,2,2,startedActivity setFocusedActivity]
12-24 17:20:21.108  1125  1579 I wm_task_moved: [15,1,2]
12-24 17:20:21.113  1125  1579 I am_focused_activity: [0,com.tianyancha.skyeye/.invite.AccountHistoryActivity]
12-24 17:20:21.117  9473  9473 I am_on_paused_called: [0,com.tianyancha.skyeye.invite.InviteAwardActivity]
12-24 17:20:21.120  1125  1698 I am_restart_activity: [0,157618869,15,com.tianyancha.skyeye/.invite.AccountHistoryActivity]
12-24 17:20:21.260  9473  9473 I am_on_resume_called: [0,com.tianyancha.skyeye.invite.AccountHistoryActivity]
12-24 17:20:21.405  1125  1153 I am_activity_launch_time: [0,157618869,com.tianyancha.skyeye/.invite.AccountHistoryActivity,286,286]
12-24 17:20:21.492   385   385 I sf_frame_dur: [com.tianyancha.skyeye/com.tianyancha.skyeye.invite.InviteAwardActivity,7,74,16,4,2,0,0]
12-24 17:20:22.712  1125  1653 I am_home_stack_moved: [0,0,2,2,intentActivityFound]
12-24 17:20:22.727  1125  1653 I wm_task_moved: [15,1,2]
12-24 17:20:24.010  1125  1653 I am_home_stack_moved: [0,0,2,2,intentActivityFound]
12-24 17:20:24.010  1125  1653 I wm_task_moved: [15,1,2]
12-24 17:20:24.399  1125  1143 I am_pss  : [2187,10046,com.android.browser,9845760,6934528]
12-24 17:20:28.797  1125  1975 I am_home_stack_moved: [0,0,2,2,intentActivityFound]
12-24 17:20:28.797  1125  1975 I wm_task_moved: [15,1,2]
12-24 17:20:29.740  1629  1629 I sysui_panelholder_touch: [0,983,36]
12-24 17:20:29.744  1629  1629 I sysui_histogram: [note_load,3]
12-24 17:20:29.745  1125  1884 I notification_panel_revealed: 3
12-24 17:20:29.751  1125  1653 I notification_visibility: [0|com.tencent.mm|4097|null|10134,1,1497784,1497784,0,0]
12-24 17:20:29.751  1125  1653 I notification_visibility: [-1|android|17040350|null|1000,1,1048028,1048028,0,2]
12-24 17:20:29.751  1125  1653 I notification_visibility: [0|com.koushikdutta.vysor|101|null|10131,1,275487,275487,0,1]
12-24 17:20:29.787  1125  2156 I notification_visibility: [0|com.tencent.mm|4097|null|10134,0,1497820,1497820,0,0]
12-24 17:20:29.787  1125  2156 I notification_visibility: [-1|android|17040350|null|1000,0,1048064,1048064,0,2]
12-24 17:20:29.787  1125  2156 I notification_visibility: [0|com.koushikdutta.vysor|101|null|10131,0,275523,275523,0,1]
12-24 17:20:29.788  1125  1140 I notification_panel_hidden: []
12-24 17:20:31.777  1125  2156 I am_home_stack_moved: [0,0,2,2,intentActivityFound]
12-24 17:20:31.777  1125  2156 I wm_task_moved: [15,1,2]
12-24 17:20:34.217  1125  2157 I am_finish_activity: [0,157618869,15,com.tianyancha.skyeye/.invite.AccountHistoryActivity,app-request]
12-24 17:20:34.218  1125  2157 I am_home_stack_moved: [0,0,2,2,finishActivity adjustFocus setFocusedActivity]
12-24 17:20:34.218  1125  2157 I wm_task_moved: [15,1,2]
12-24 17:20:34.221  1125  2157 I am_focused_activity: [0,com.tianyancha.skyeye/.invite.InviteAwardActivity]
12-24 17:20:34.221  1125  2157 I am_pause_activity: [0,157618869,com.tianyancha.skyeye/.invite.AccountHistoryActivity]
12-24 17:20:34.235  9473  9473 I am_on_paused_called: [0,com.tianyancha.skyeye.invite.AccountHistoryActivity]
12-24 17:20:34.238  1125  1699 I am_resume_activity: [0,219159181,15,com.tianyancha.skyeye/.invite.InviteAwardActivity]
12-24 17:20:34.246  9473  9473 I am_on_resume_called: [0,com.tianyancha.skyeye.invite.InviteAwardActivity]
12-24 17:20:34.256  1125  1143 I am_pss  : [4316,1000,com.letv.android.hawk,12440576,10395648]
12-24 17:20:34.266  1125  1143 I am_pss  : [4123,10055,se.dirac.examples.effectservice,4167680,2646016]
12-24 17:20:34.277  1125  1143 I am_pss  : [1982,10102,com.tencent.android.location,13726720,10915840]
12-24 17:20:34.288  1125  1143 I am_pss  : [1928,10038,com.android.systemui:imagewallpaper,19198976,16203776]
12-24 17:20:34.370   385   385 I sf_frame_dur: [com.tianyancha.skyeye/com.tianyancha.skyeye.invite.AccountHistoryActivity,1,21,34,24,9,3,0]
12-24 17:20:34.386  1125  2152 I am_destroy_activity: [0,157618869,15,com.tianyancha.skyeye/.invite.AccountHistoryActivity,finish-imm]
12-24 17:20:34.454  1125  2157 I am_home_stack_moved: [0,0,2,2,intentActivityFound]
12-24 17:20:34.454  1125  2157 I wm_task_moved: [15,1,2]
12-24 17:20:34.857  1125  2152 I am_home_stack_moved: [0,0,2,2,sourceStackToFront]
12-24 17:20:34.857  1125  2152 I wm_task_moved: [15,1,2]
12-24 17:20:34.861  1125  2152 I am_create_activity: [0,194398569,15,com.tianyancha.skyeye/.SharePage,NULL,NULL,NULL,0]
12-24 17:20:34.862  1125  2152 I am_pause_activity: [0,219159181,com.tianyancha.skyeye/.invite.InviteAwardActivity]
12-24 17:20:34.870  1125  2152 I am_home_stack_moved: [0,0,2,2,startedActivity setFocusedActivity]
12-24 17:20:34.870  1125  2152 I wm_task_moved: [15,1,2]
12-24 17:20:34.873  1125  2152 I am_focused_activity: [0,com.tianyancha.skyeye/.SharePage]
12-24 17:20:34.874  9473  9473 I am_on_paused_called: [0,com.tianyancha.skyeye.invite.InviteAwardActivity]
12-24 17:20:34.876  1125  2156 I am_restart_activity: [0,194398569,15,com.tianyancha.skyeye/.SharePage]
12-24 17:20:34.929  9473  9473 I am_on_resume_called: [0,com.tianyancha.skyeye.SharePage]
12-24 17:20:34.978  1125  1153 I am_activity_launch_time: [0,194398569,com.tianyancha.skyeye/.SharePage,103,103]
12-24 17:20:35.154  1125  1971 I am_finish_activity: [0,194398569,15,com.tianyancha.skyeye/.SharePage,app-request]
12-24 17:20:35.154  1125  1971 I am_home_stack_moved: [0,0,2,2,finishActivity adjustFocus setFocusedActivity]
12-24 17:20:35.154  1125  1971 I wm_task_moved: [15,1,2]
12-24 17:20:35.157  1125  1971 I am_focused_activity: [0,com.tianyancha.skyeye/.invite.InviteAwardActivity]
12-24 17:20:35.158  1125  1971 I am_pause_activity: [0,194398569,com.tianyancha.skyeye/.SharePage]
12-24 17:20:35.160  9473  9473 I am_on_paused_called: [0,com.tianyancha.skyeye.SharePage]
12-24 17:20:35.166  1125  1139 I am_resume_activity: [0,219159181,15,com.tianyancha.skyeye/.invite.InviteAwardActivity]
12-24 17:20:35.175  9473  9473 I am_on_resume_called: [0,com.tianyancha.skyeye.invite.InviteAwardActivity]
12-24 17:20:35.198  1125  2167 I am_destroy_activity: [0,194398569,15,com.tianyancha.skyeye/.SharePage,finish-imm]
12-24 17:20:35.201  1125  1144 I am_broadcast_discard_app: [0,136764680,com.sina.weibo.sdk.Intent.ACTION_WEIBO_REGISTER,0,ResolveInfo{c14bca1 com.sina.weibo/.sdk.internal.SdkRegisterReceiver m=0x108000}]
12-24 17:20:35.207  1125  1140 I am_home_stack_moved: [0,0,2,2,sourceStackToFront]
12-24 17:20:35.208  1125  1140 I wm_task_moved: [15,1,2]
12-24 17:20:35.209  1125  1140 I am_create_activity: [0,198414022,15,com.tianyancha.skyeye/.SharePage,NULL,NULL,NULL,0]
12-24 17:20:35.209  1125  1140 I am_pause_activity: [0,219159181,com.tianyancha.skyeye/.invite.InviteAwardActivity]
12-24 17:20:35.210   385   385 I sf_frame_dur: [com.tianyancha.skyeye/com.tianyancha.skyeye.SharePage,1,1,1,0,0,0,0]
12-24 17:20:35.213  1125  1140 I am_home_stack_moved: [0,0,2,2,startedActivity setFocusedActivity]
12-24 17:20:35.213  1125  1140 I wm_task_moved: [15,1,2]
12-24 17:20:35.215  1125  1140 I am_focused_activity: [0,com.tianyancha.skyeye/.SharePage]
12-24 17:20:35.217  9473  9473 I am_on_paused_called: [0,com.tianyancha.skyeye.invite.InviteAwardActivity]
12-24 17:20:35.218  1125  1884 I am_restart_activity: [0,198414022,15,com.tianyancha.skyeye/.SharePage]
12-24 17:20:35.248  9473  9473 I am_on_resume_called: [0,com.tianyancha.skyeye.SharePage]
12-24 17:20:35.320  1125  1153 I am_activity_launch_time: [0,198414022,com.tianyancha.skyeye/.SharePage,103,103]
12-24 17:20:35.486  1125  2152 I am_finish_activity: [0,198414022,15,com.tianyancha.skyeye/.SharePage,app-request]
12-24 17:20:35.487  1125  2152 I am_home_stack_moved: [0,0,2,2,finishActivity adjustFocus setFocusedActivity]
12-24 17:20:35.487  1125  2152 I wm_task_moved: [15,1,2]
12-24 17:20:35.491  1125  2152 I am_focused_activity: [0,com.tianyancha.skyeye/.invite.InviteAwardActivity]
12-24 17:20:35.491  1125  2152 I am_pause_activity: [0,198414022,com.tianyancha.skyeye/.SharePage]
12-24 17:20:35.506  9473  9473 I am_on_paused_called: [0,com.tianyancha.skyeye.SharePage]
12-24 17:20:35.509  1125  1608 I am_resume_activity: [0,219159181,15,com.tianyancha.skyeye/.invite.InviteAwardActivity]
12-24 17:20:35.519  9473  9473 I am_on_resume_called: [0,com.tianyancha.skyeye.invite.InviteAwardActivity]
12-24 17:20:35.555  1125  1971 I am_destroy_activity: [0,198414022,15,com.tianyancha.skyeye/.SharePage,finish-imm]
12-24 17:20:35.563  1125  1144 I am_broadcast_discard_app: [0,210912544,com.sina.weibo.sdk.Intent.ACTION_WEIBO_REGISTER,0,ResolveInfo{2175ed9 com.sina.weibo/.sdk.internal.SdkRegisterReceiver m=0x108000}]
12-24 17:20:35.564   385   385 I sf_frame_dur: [com.tianyancha.skyeye/com.tianyancha.skyeye.SharePage,0,0,2,0,0,0,0]
12-24 17:20:35.616  1125  1608 I am_home_stack_moved: [0,0,2,2,sourceStackToFront]
12-24 17:20:35.616  1125  1608 I wm_task_moved: [15,1,2]
12-24 17:20:35.618  1125  1608 I am_create_activity: [0,128954526,15,com.tianyancha.skyeye/.SharePage,NULL,NULL,NULL,0]
12-24 17:20:35.619  1125  1608 I am_pause_activity: [0,219159181,com.tianyancha.skyeye/.invite.InviteAwardActivity]
12-24 17:20:35.625  1125  1608 I am_home_stack_moved: [0,0,2,2,startedActivity setFocusedActivity]
12-24 17:20:35.625  1125  1608 I wm_task_moved: [15,1,2]
12-24 17:20:35.629  1125  1608 I am_focused_activity: [0,com.tianyancha.skyeye/.SharePage]
12-24 17:20:35.630  9473  9473 I am_on_paused_called: [0,com.tianyancha.skyeye.invite.InviteAwardActivity]
12-24 17:20:35.633  1125  1139 I am_restart_activity: [0,128954526,15,com.tianyancha.skyeye/.SharePage]
12-24 17:20:35.659  1125  1971 I am_home_stack_moved: [0,0,2,2,intentActivityFound]
12-24 17:20:35.659  1125  1971 I wm_task_moved: [15,1,2]
12-24 17:20:35.664  9473  9473 I am_on_resume_called: [0,com.tianyancha.skyeye.SharePage]
12-24 17:20:35.816  1125  1153 I am_activity_launch_time: [0,128954526,com.tianyancha.skyeye/.SharePage,184,184]
12-24 17:20:35.925  1125  1140 I am_finish_activity: [0,128954526,15,com.tianyancha.skyeye/.SharePage,app-request]
12-24 17:20:35.925  1125  1140 I am_home_stack_moved: [0,0,2,2,finishActivity adjustFocus setFocusedActivity]
12-24 17:20:35.926  1125  1140 I wm_task_moved: [15,1,2]
12-24 17:20:35.933  1125  1140 I am_focused_activity: [0,com.tianyancha.skyeye/.invite.InviteAwardActivity]
12-24 17:20:35.933  1125  1140 I am_pause_activity: [0,128954526,com.tianyancha.skyeye/.SharePage]
12-24 17:20:35.956  9473  9473 I am_on_paused_called: [0,com.tianyancha.skyeye.SharePage]
12-24 17:20:35.958  1125  1653 I am_resume_activity: [0,219159181,15,com.tianyancha.skyeye/.invite.InviteAwardActivity]
12-24 17:20:35.967  9473  9473 I am_on_resume_called: [0,com.tianyancha.skyeye.invite.InviteAwardActivity]
12-24 17:20:36.001  1125  1975 I am_destroy_activity: [0,128954526,15,com.tianyancha.skyeye/.SharePage,finish-imm]
12-24 17:20:36.009  1125  1144 I am_broadcast_discard_app: [0,47159352,com.sina.weibo.sdk.Intent.ACTION_WEIBO_REGISTER,0,ResolveInfo{6151011 com.sina.weibo/.sdk.internal.SdkRegisterReceiver m=0x108000}]
12-24 17:20:36.019   385   385 I sf_frame_dur: [com.tianyancha.skyeye/com.tianyancha.skyeye.SharePage,0,0,2,0,0,0,0]
12-24 17:20:36.819  1629  1629 I sysui_panelholder_touch: [0,480,56]
12-24 17:20:36.820  1629  1629 I sysui_histogram: [note_load,3]
12-24 17:20:36.820  1125  1579 I notification_panel_revealed: 3
12-24 17:20:36.821  1125  1653 I notification_visibility: [0|com.tencent.mm|4097|null|10134,1,1504854,1504854,0,0]
12-24 17:20:36.821  1125  1653 I notification_visibility: [-1|android|17040350|null|1000,1,1055098,1055098,0,2]
12-24 17:20:36.821  1125  1653 I notification_visibility: [0|com.koushikdutta.vysor|101|null|10131,1,282557,282557,0,1]
12-24 17:20:36.847  1125  2167 I notification_visibility: [0|com.tencent.mm|4097|null|10134,0,1504880,1504880,0,0]
12-24 17:20:36.847  1125  2167 I notification_visibility: [-1|android|17040350|null|1000,0,1055124,1055124,0,2]
12-24 17:20:36.847  1125  2167 I notification_visibility: [0|com.koushikdutta.vysor|101|null|10131,0,282583,282583,0,1]
12-24 17:20:36.848  1125  1579 I notification_panel_hidden: []
12-24 17:20:37.102  1125  1139 I am_home_stack_moved: [0,0,2,2,intentActivityFound]
12-24 17:20:37.102  1125  1139 I wm_task_moved: [15,1,2]
12-24 17:20:37.790  1629  1629 I sysui_panelholder_touch: [0,172,15]
12-24 17:20:37.792  1629  1629 I sysui_histogram: [note_load,3]
12-24 17:20:37.793  1125  1579 I notification_panel_revealed: 3
12-24 17:20:37.797  1125  1653 I notification_visibility: [0|com.tencent.mm|4097|null|10134,1,1505830,1505830,0,0]
12-24 17:20:37.797  1125  1653 I notification_visibility: [-1|android|17040350|null|1000,1,1056074,1056074,0,2]
12-24 17:20:37.797  1125  1653 I notification_visibility: [0|com.koushikdutta.vysor|101|null|10131,1,283533,283533,0,1]
12-24 17:20:37.833  1125  2157 I notification_visibility: [0|com.tencent.mm|4097|null|10134,0,1505866,1505866,0,0]
12-24 17:20:37.833  1125  2157 I notification_visibility: [-1|android|17040350|null|1000,0,1056110,1056110,0,2]
12-24 17:20:37.833  1125  2157 I notification_visibility: [0|com.koushikdutta.vysor|101|null|10131,0,283569,283569,0,1]
12-24 17:20:37.834  1125  1139 I notification_panel_hidden: []
12-24 17:20:38.215  1125  1125 I notification_cancel: [10038,1629,com.android.systemui,2131755074,low_battery,-1,0,64,8,NULL]
12-24 17:20:38.402  1125  2156 I am_home_stack_moved: [0,0,2,2,sourceStackToFront]
12-24 17:20:38.402  1125  2156 I wm_task_moved: [15,1,2]
12-24 17:20:38.404  1125  2156 I am_create_activity: [0,48575234,15,com.tianyancha.skyeye/.invite.AccountHistoryActivity,NULL,NULL,NULL,0]
12-24 17:20:38.405  1125  2156 I am_pause_activity: [0,219159181,com.tianyancha.skyeye/.invite.InviteAwardActivity]
12-24 17:20:38.414  1125  2156 I am_home_stack_moved: [0,0,2,2,startedActivity setFocusedActivity]
12-24 17:20:38.414  1125  2156 I wm_task_moved: [15,1,2]
12-24 17:20:38.417  1125  2156 I am_focused_activity: [0,com.tianyancha.skyeye/.invite.AccountHistoryActivity]
12-24 17:20:38.418  9473  9473 I am_on_paused_called: [0,com.tianyancha.skyeye.invite.InviteAwardActivity]
12-24 17:20:38.420  1125  2166 I am_restart_activity: [0,48575234,15,com.tianyancha.skyeye/.invite.AccountHistoryActivity]
12-24 17:20:38.476  9473  9473 I am_on_resume_called: [0,com.tianyancha.skyeye.invite.AccountHistoryActivity]
12-24 17:20:38.544  1125  1153 I am_activity_launch_time: [0,48575234,com.tianyancha.skyeye/.invite.AccountHistoryActivity,125,125]
12-24 17:20:38.635  1125  1276 I netstats_mobile_sample: [0,0,0,0,0,0,0,0,0,0,0,0,-1]
12-24 17:20:38.635   385   385 I sf_frame_dur: [com.tianyancha.skyeye/com.tianyancha.skyeye.invite.InviteAwardActivity,12,62,11,5,0,0,0]
12-24 17:20:38.636  1125  1276 I netstats_wifi_sample: [27261596,44046,2560717,22703,26389446,35388,2240995,22631,26389446,35388,2240995,22631,-1]
12-24 17:20:38.963  1125  1579 I am_home_stack_moved: [0,0,2,2,intentActivityFound]
12-24 17:20:38.963  1125  1579 I wm_task_moved: [15,1,2]
12-24 17:20:40.314  1125  1579 I am_home_stack_moved: [0,0,2,2,intentActivityFound]
12-24 17:20:40.314  1125  1579 I wm_task_moved: [15,1,2]
12-24 17:20:41.691  1125  1579 I am_home_stack_moved: [0,0,2,2,intentActivityFound]
12-24 17:20:41.691  1125  1579 I wm_task_moved: [15,1,2]
12-24 17:20:42.211  1125  1139 I am_home_stack_moved: [0,0,2,2,intentActivityFound]
12-24 17:20:42.211  1125  1139 I wm_task_moved: [15,1,2]
12-24 17:20:43.259  1125  1125 I free_storage_changed: 23378796544
12-24 17:20:44.947  1125  1143 I am_pss  : [7929,10072,com.android.calendar,7646208,4698112]
12-24 17:20:46.089  1125  1884 I am_home_stack_moved: [0,0,2,2,intentActivityFound]
12-24 17:20:46.089  1125  1884 I wm_task_moved: [15,1,2]
12-24 17:20:46.212  1125  1143 I am_pss  : [6954,1000,com.android.settings,57663488,49092608]
12-24 17:20:46.237  1125  1143 I am_pss  : [9756,10140,com.tianyancha.skyeye:remote,14628864,7778304]
12-24 17:20:46.394  1125  2152 I am_finish_activity: [0,48575234,15,com.tianyancha.skyeye/.invite.AccountHistoryActivity,app-request]
12-24 17:20:46.395  1125  2152 I am_home_stack_moved: [0,0,2,2,finishActivity adjustFocus setFocusedActivity]
12-24 17:20:46.395  1125  2152 I wm_task_moved: [15,1,2]
12-24 17:20:46.397  1125  2152 I am_focused_activity: [0,com.tianyancha.skyeye/.invite.InviteAwardActivity]
12-24 17:20:46.397  1125  2152 I am_pause_activity: [0,48575234,com.tianyancha.skyeye/.invite.AccountHistoryActivity]
12-24 17:20:46.408  9473  9473 I am_on_paused_called: [0,com.tianyancha.skyeye.invite.AccountHistoryActivity]
12-24 17:20:46.413  1125  1608 I am_resume_activity: [0,219159181,15,com.tianyancha.skyeye/.invite.InviteAwardActivity]
12-24 17:20:46.416  9473  9473 I am_on_resume_called: [0,com.tianyancha.skyeye.invite.InviteAwardActivity]
12-24 17:20:46.532   385   385 I sf_frame_dur: [com.tianyancha.skyeye/com.tianyancha.skyeye.invite.AccountHistoryActivity,0,20,19,13,4,2,0]
12-24 17:20:46.540  1125  2166 I am_destroy_activity: [0,48575234,15,com.tianyancha.skyeye/.invite.AccountHistoryActivity,finish-imm]
12-24 17:20:46.583  1125  1699 I am_home_stack_moved: [0,0,2,2,sourceStackToFront]
12-24 17:20:46.583  1125  1699 I wm_task_moved: [15,1,2]
12-24 17:20:46.585  1125  1699 I am_create_activity: [0,155787137,15,com.tianyancha.skyeye/.SharePage,NULL,NULL,NULL,0]
12-24 17:20:46.585  1125  1699 I am_pause_activity: [0,219159181,com.tianyancha.skyeye/.invite.InviteAwardActivity]
12-24 17:20:46.593  1125  1699 I am_home_stack_moved: [0,0,2,2,startedActivity setFocusedActivity]
12-24 17:20:46.593  1125  1699 I wm_task_moved: [15,1,2]
12-24 17:20:46.599  1125  1699 I am_focused_activity: [0,com.tianyancha.skyeye/.SharePage]
12-24 17:20:46.603  9473  9473 I am_on_paused_called: [0,com.tianyancha.skyeye.invite.InviteAwardActivity]
12-24 17:20:46.606  1125  1579 I am_restart_activity: [0,155787137,15,com.tianyancha.skyeye/.SharePage]
12-24 17:20:46.644  9473  9473 I am_on_resume_called: [0,com.tianyancha.skyeye.SharePage]
12-24 17:20:46.706  1125  1153 I am_activity_launch_time: [0,155787137,com.tianyancha.skyeye/.SharePage,102,102]
12-24 17:20:47.112  1125  1975 I am_finish_activity: [0,155787137,15,com.tianyancha.skyeye/.SharePage,app-request]
12-24 17:20:47.112  1125  1975 I am_home_stack_moved: [0,0,2,2,finishActivity adjustFocus setFocusedActivity]
12-24 17:20:47.112  1125  1975 I wm_task_moved: [15,1,2]
12-24 17:20:47.118  1125  1975 I am_focused_activity: [0,com.tianyancha.skyeye/.invite.InviteAwardActivity]
12-24 17:20:47.118  1125  1975 I am_pause_activity: [0,155787137,com.tianyancha.skyeye/.SharePage]
12-24 17:20:47.123  9473  9473 I am_on_paused_called: [0,com.tianyancha.skyeye.SharePage]
12-24 17:20:47.131  1125  2156 I am_resume_activity: [0,219159181,15,com.tianyancha.skyeye/.invite.InviteAwardActivity]
12-24 17:20:47.138  9473  9473 I am_on_resume_called: [0,com.tianyancha.skyeye.invite.InviteAwardActivity]
12-24 17:20:47.156  1125  1579 I am_destroy_activity: [0,155787137,15,com.tianyancha.skyeye/.SharePage,finish-imm]
12-24 17:20:47.161  1125  1144 I am_broadcast_discard_app: [0,164599811,com.sina.weibo.sdk.Intent.ACTION_WEIBO_REGISTER,0,ResolveInfo{306d380 com.sina.weibo/.sdk.internal.SdkRegisterReceiver m=0x108000}]
12-24 17:20:47.161   385   385 I sf_frame_dur: [com.tianyancha.skyeye/com.tianyancha.skyeye.SharePage,0,2,2,1,0,0,0]
12-24 17:20:47.511  1125  1140 I am_home_stack_moved: [0,0,2,2,sourceStackToFront]
12-24 17:20:47.511  1125  1140 I wm_task_moved: [15,1,2]
12-24 17:20:47.512  1125  1140 I am_create_activity: [0,56180153,15,com.tianyancha.skyeye/.invite.AccountHistoryActivity,NULL,NULL,NULL,0]
12-24 17:20:47.513  1125  1140 I am_pause_activity: [0,219159181,com.tianyancha.skyeye/.invite.InviteAwardActivity]
12-24 17:20:47.516  1125  1140 I am_home_stack_moved: [0,0,2,2,startedActivity setFocusedActivity]
12-24 17:20:47.516  1125  1140 I wm_task_moved: [15,1,2]
12-24 17:20:47.518  1125  1140 I am_focused_activity: [0,com.tianyancha.skyeye/.invite.AccountHistoryActivity]
12-24 17:20:47.520  9473  9473 I am_on_paused_called: [0,com.tianyancha.skyeye.invite.InviteAwardActivity]
12-24 17:20:47.521  1125  1884 I am_restart_activity: [0,56180153,15,com.tianyancha.skyeye/.invite.AccountHistoryActivity]
12-24 17:20:47.573  9473  9473 I am_on_resume_called: [0,com.tianyancha.skyeye.invite.AccountHistoryActivity]
12-24 17:20:47.708  1125  1153 I am_activity_launch_time: [0,56180153,com.tianyancha.skyeye/.invite.AccountHistoryActivity,188,188]
12-24 17:20:47.811   385   385 I sf_frame_dur: [com.tianyancha.skyeye/com.tianyancha.skyeye.invite.InviteAwardActivity,5,19,3,0,1,0,0]
12-24 17:20:49.734  1125  1884 I am_home_stack_moved: [0,0,2,2,intentActivityFound]
12-24 17:20:49.734  1125  1884 I wm_task_moved: [15,1,2]
12-24 17:20:50.053  1125  1884 I am_home_stack_moved: [0,0,2,2,intentActivityFound]
12-24 17:20:50.053  1125  1884 I wm_task_moved: [15,1,2]
12-24 17:20:54.963  1125  1884 I am_home_stack_moved: [0,0,2,2,intentActivityFound]
12-24 17:20:54.963  1125  1884 I wm_task_moved: [15,1,2]
12-24 17:20:59.462  1125  1971 I am_home_stack_moved: [0,0,2,2,intentActivityFound]
12-24 17:20:59.462  1125  1971 I wm_task_moved: [15,1,2]
12-24 17:21:04.209  1125  1139 I am_home_stack_moved: [0,0,2,2,intentActivityFound]
12-24 17:21:04.209  1125  1139 I wm_task_moved: [15,1,2]
12-24 17:21:04.940  1125  1139 I am_finish_activity: [0,56180153,15,com.tianyancha.skyeye/.invite.AccountHistoryActivity,app-request]
12-24 17:21:04.940  1125  1139 I am_home_stack_moved: [0,0,2,2,finishActivity adjustFocus setFocusedActivity]
12-24 17:21:04.941  1125  1139 I wm_task_moved: [15,1,2]
12-24 17:21:04.946  1125  1139 I am_focused_activity: [0,com.tianyancha.skyeye/.invite.InviteAwardActivity]
12-24 17:21:04.947  1125  1139 I am_pause_activity: [0,56180153,com.tianyancha.skyeye/.invite.AccountHistoryActivity]
12-24 17:21:04.963  9473  9473 I am_on_paused_called: [0,com.tianyancha.skyeye.invite.AccountHistoryActivity]
12-24 17:21:04.966  1125  1975 I am_resume_activity: [0,219159181,15,com.tianyancha.skyeye/.invite.InviteAwardActivity]
12-24 17:21:04.974  9473  9473 I am_on_resume_called: [0,com.tianyancha.skyeye.invite.InviteAwardActivity]
12-24 17:21:05.112  1629  1629 I sysui_panelholder_touch: [0,875,19]
12-24 17:21:05.116  1125  1962 I am_destroy_activity: [0,56180153,15,com.tianyancha.skyeye/.invite.AccountHistoryActivity,finish-imm]
12-24 17:21:05.117  1629  1629 I sysui_histogram: [note_load,3]
12-24 17:21:05.119  1125  1140 I notification_panel_revealed: 3
12-24 17:21:05.127  1125  1975 I notification_visibility: [0|com.tencent.mm|4097|null|10134,1,1533160,1533160,0,0]
12-24 17:21:05.127  1125  1975 I notification_visibility: [-1|android|17040350|null|1000,1,1083404,1083404,0,2]
12-24 17:21:05.127  1125  1975 I notification_visibility: [0|com.koushikdutta.vysor|101|null|10131,1,310863,310863,0,1]
12-24 17:21:05.130   385   385 I sf_frame_dur: [com.tianyancha.skyeye/com.tianyancha.skyeye.invite.AccountHistoryActivity,8,72,56,34,8,1,0]
12-24 17:21:05.176  1629  1629 I sysui_panelholder_touch: [0,601,432]
12-24 17:21:05.178  1125  1975 I notification_visibility: [0|com.tencent.mm|4097|null|10134,0,1533211,1533211,0,0]
12-24 17:21:05.178  1125  1975 I notification_visibility: [-1|android|17040350|null|1000,0,1083455,1083455,0,2]
12-24 17:21:05.178  1125  1975 I notification_visibility: [0|com.koushikdutta.vysor|101|null|10131,0,310914,310914,0,1]
12-24 17:21:05.178  1125  1884 I notification_panel_hidden: []
12-24 17:21:06.597   385   385 I sf_frame_dur: [com.tianyancha.skyeye/com.tianyancha.skyeye.invite.InviteAwardActivity,0,1,0,0,0,0,0]
12-24 17:21:06.666  1125  1698 I am_home_stack_moved: [0,0,2,2,sourceStackToFront]
12-24 17:21:06.666  1125  1698 I wm_task_moved: [15,1,2]
12-24 17:21:06.668  1125  1698 I am_create_activity: [0,42163291,15,com.tianyancha.skyeye/.SharePage,NULL,NULL,NULL,0]
12-24 17:21:06.669  1125  1698 I am_pause_activity: [0,219159181,com.tianyancha.skyeye/.invite.InviteAwardActivity]
12-24 17:21:06.674  1125  1698 I am_home_stack_moved: [0,0,2,2,startedActivity setFocusedActivity]
12-24 17:21:06.674  1125  1698 I wm_task_moved: [15,1,2]
12-24 17:21:06.679  1125  1698 I am_focused_activity: [0,com.tianyancha.skyeye/.SharePage]
12-24 17:21:06.681  9473  9473 I am_on_paused_called: [0,com.tianyancha.skyeye.invite.InviteAwardActivity]
12-24 17:21:06.683  1125  1971 I am_restart_activity: [0,42163291,15,com.tianyancha.skyeye/.SharePage]
12-24 17:21:06.700  1125  1143 I am_pss  : [2648,10080,com.android.music,9268224,6291456]
12-24 17:21:06.719  9473  9473 I am_on_resume_called: [0,com.tianyancha.skyeye.SharePage]
12-24 17:21:06.805  1125  1153 I am_activity_launch_time: [0,42163291,com.tianyancha.skyeye/.SharePage,123,123]
12-24 17:21:07.098  1125  1140 I am_finish_activity: [0,42163291,15,com.tianyancha.skyeye/.SharePage,app-request]
12-24 17:21:07.099  1125  1140 I am_home_stack_moved: [0,0,2,2,finishActivity adjustFocus setFocusedActivity]
12-24 17:21:07.099  1125  1140 I wm_task_moved: [15,1,2]
12-24 17:21:07.105  1125  1140 I am_focused_activity: [0,com.tianyancha.skyeye/.invite.InviteAwardActivity]
12-24 17:21:07.106  1125  1140 I am_pause_activity: [0,42163291,com.tianyancha.skyeye/.SharePage]
12-24 17:21:07.115  9473  9473 I am_on_paused_called: [0,com.tianyancha.skyeye.SharePage]
12-24 17:21:07.120  1125  1139 I am_resume_activity: [0,219159181,15,com.tianyancha.skyeye/.invite.InviteAwardActivity]
12-24 17:21:07.127  9473  9473 I am_on_resume_called: [0,com.tianyancha.skyeye.invite.InviteAwardActivity]
12-24 17:21:07.163  1125  2167 I am_destroy_activity: [0,42163291,15,com.tianyancha.skyeye/.SharePage,finish-imm]
12-24 17:21:07.167  1125  1144 I am_broadcast_discard_app: [0,125492749,com.sina.weibo.sdk.Intent.ACTION_WEIBO_REGISTER,0,ResolveInfo{d0efbd3 com.sina.weibo/.sdk.internal.SdkRegisterReceiver m=0x108000}]
12-24 17:21:07.169   385   385 I sf_frame_dur: [com.tianyancha.skyeye/com.tianyancha.skyeye.SharePage,0,2,2,0,0,0,0]
12-24 17:21:07.170  1125  1143 I am_pss  : [6028,10134,com.tencent.mm,147174400,131588096]
12-24 17:21:07.183  1125  1143 I am_pss  : [6132,10134,com.tencent.mm:exdevice,19309568,12042240]
12-24 17:21:09.820  1125  1698 I am_home_stack_moved: [0,0,2,2,sourceStackToFront]
12-24 17:21:09.820  1125  1698 I wm_task_moved: [15,1,2]
12-24 17:21:09.822  1125  1698 I am_create_activity: [0,71533103,15,com.tianyancha.skyeye/.invite.TakeMoneyActivity,NULL,NULL,NULL,0]
12-24 17:21:09.822  1125  1698 I am_pause_activity: [0,219159181,com.tianyancha.skyeye/.invite.InviteAwardActivity]
12-24 17:21:09.827  1125  1698 I am_home_stack_moved: [0,0,2,2,startedActivity setFocusedActivity]
12-24 17:21:09.827  1125  1698 I wm_task_moved: [15,1,2]
12-24 17:21:09.832  1125  1698 I am_focused_activity: [0,com.tianyancha.skyeye/.invite.TakeMoneyActivity]
12-24 17:21:09.834  9473  9473 I am_on_paused_called: [0,com.tianyancha.skyeye.invite.InviteAwardActivity]
12-24 17:21:09.836  1125  1608 I am_restart_activity: [0,71533103,15,com.tianyancha.skyeye/.invite.TakeMoneyActivity]
12-24 17:21:09.886  9473  9473 I am_on_resume_called: [0,com.tianyancha.skyeye.invite.TakeMoneyActivity]
12-24 17:21:09.956  1125  1153 I am_activity_launch_time: [0,71533103,com.tianyancha.skyeye/.invite.TakeMoneyActivity,121,121]
12-24 17:21:10.055   385   385 I sf_frame_dur: [com.tianyancha.skyeye/com.tianyancha.skyeye.invite.InviteAwardActivity,27,82,8,3,1,0,0]
12-24 17:21:11.747  1125  1579 I am_home_stack_moved: [0,0,2,2,sourceStackToFront]
12-24 17:21:11.747  1125  1579 I wm_task_moved: [15,1,2]
12-24 17:21:11.750  1125  1579 I am_create_activity: [0,267332326,15,com.tianyancha.skyeye/.invite.TakeMoneyDetailActivity,NULL,NULL,NULL,0]
12-24 17:21:11.751  1125  1579 I am_pause_activity: [0,71533103,com.tianyancha.skyeye/.invite.TakeMoneyActivity]
12-24 17:21:11.758  1125  1579 I am_home_stack_moved: [0,0,2,2,startedActivity setFocusedActivity]
12-24 17:21:11.758  1125  1579 I wm_task_moved: [15,1,2]
12-24 17:21:11.761  1125  1579 I am_focused_activity: [0,com.tianyancha.skyeye/.invite.TakeMoneyDetailActivity]
12-24 17:21:11.763  1125  1971 I am_finish_activity: [0,71533103,15,com.tianyancha.skyeye/.invite.TakeMoneyActivity,app-request]
12-24 17:21:11.764  9473  9473 I am_on_paused_called: [0,com.tianyancha.skyeye.invite.TakeMoneyActivity]
12-24 17:21:11.766  1125  2152 I am_restart_activity: [0,267332326,15,com.tianyancha.skyeye/.invite.TakeMoneyDetailActivity]
12-24 17:21:11.801  9473  9473 I am_on_resume_called: [0,com.tianyancha.skyeye.invite.TakeMoneyDetailActivity]
12-24 17:21:11.881  1125  1153 I am_activity_launch_time: [0,267332326,com.tianyancha.skyeye/.invite.TakeMoneyDetailActivity,116,116]
12-24 17:21:11.881  1125  1144 I am_destroy_activity: [0,71533103,15,com.tianyancha.skyeye/.invite.TakeMoneyActivity,finish-imm]
12-24 17:21:11.910   385   385 I sf_frame_dur: [com.tianyancha.skyeye/com.tianyancha.skyeye.invite.TakeMoneyActivity,0,51,2,0,0,0,0]
12-24 17:21:12.185  1125  1140 I am_home_stack_moved: [0,0,2,2,intentActivityFound]
12-24 17:21:12.185  1125  1140 I wm_task_moved: [15,1,2]
12-24 17:21:12.187  1125  1140 I am_finish_activity: [0,267332326,15,com.tianyancha.skyeye/.invite.TakeMoneyDetailActivity,clear-task-stack]
12-24 17:21:12.188  1125  1140 I am_home_stack_moved: [0,0,2,2,finishActivity adjustFocus setFocusedActivity]
12-24 17:21:12.188  1125  1140 I wm_task_moved: [15,1,2]
12-24 17:21:12.191  1125  1140 I am_focused_activity: [0,com.tianyancha.skyeye/.invite.InviteAwardActivity]
12-24 17:21:12.191  1125  1140 I am_pause_activity: [0,267332326,com.tianyancha.skyeye/.invite.TakeMoneyDetailActivity]
12-24 17:21:12.195  1125  1140 I am_new_intent: [0,160483607,15,com.tianyancha.skyeye/.invite.InviteAwardActivity,NULL,NULL,NULL,268435456]
12-24 17:21:12.201  9473  9473 I am_on_paused_called: [0,com.tianyancha.skyeye.invite.TakeMoneyDetailActivity]
12-24 17:21:12.203  1125  1579 I am_resume_activity: [0,219159181,15,com.tianyancha.skyeye/.invite.InviteAwardActivity]
12-24 17:21:12.213  9473  9473 I am_on_resume_called: [0,com.tianyancha.skyeye.invite.InviteAwardActivity]
12-24 17:21:12.236  1125  1698 I am_home_stack_moved: [0,0,2,2,intentActivityFound]
12-24 17:21:12.236  1125  1698 I wm_task_moved: [15,1,2]
12-24 17:21:12.242  1125  2156 I vibrator_source: vibrate from uid=10134 opPkg=com.tencent.mm repeat =-1 pattern =[300, 200, 300, 200]
