12-24 17:21:12.267  1125  1125 I notification_enqueue: [10134,6028,com.tencent.mm,4097,NULL,0,Notification(pri=1 contentView=null vibrate=[] sound=null tick isShadow = false isOriginalStyle = false defaults=0x0 flags=0x101 color=0x00000000 category=msg vis=PRIVATE),1]
12-24 17:21:12.267  1125  1125 I notification_alert: [0|com.tencent.mm|4097|null|10134,0,0,1]
12-24 17:21:12.278  1125  2167 I notification_expansion: [0|com.koushikdutta.vysor|101|null|10131,0,1,318014,318014,7151]
12-24 17:21:12.304   384   384 I auditd  : avc:  denied  { find } for service=GpuAppSpectatorService scontext=u:r:mediaserver:s0 tcontext=u:object_r:gas_srv_service:s0 tclass=service_manager
12-24 17:21:12.321  1125  1579 I notification_expansion: [0|com.tencent.mm|4097|null|10134,0,1,1540354,54,7194]
12-24 17:21:12.403  1125  2152 I am_destroy_activity: [0,267332326,15,com.tianyancha.skyeye/.invite.TakeMoneyDetailActivity,finish-imm]
12-24 17:21:12.975   384   384 I auditd  : avc:  denied  { find } for service=GpuAppSpectatorService scontext=u:r:mediaserver:s0 tcontext=u:object_r:gas_srv_service:s0 tclass=service_manager
12-24 17:21:13.041  1125  1699 I am_home_stack_moved: [0,0,2,2,intentActivityFound]
12-24 17:21:13.041  1125  1699 I wm_task_moved: [15,1,2]
12-24 17:21:13.097  1125  2156 I am_home_stack_moved: [0,0,2,2,intentActivityFound]
12-24 17:21:13.097  1125  2156 I wm_task_moved: [15,1,2]
12-24 17:21:14.360  1125  1140 I am_home_stack_moved: [0,0,2,2,intentActivityFound]
12-24 17:21:14.364  1125  1140 I wm_task_moved: [15,1,2]
12-24 17:21:14.924  1125  1975 I am_home_stack_moved: [0,0,2,2,intentActivityFound]
12-24 17:21:14.924  1125  1975 I wm_task_moved: [15,1,2]
12-24 17:21:15.239  1125  1975 I am_home_stack_moved: [0,0,2,2,intentActivityFound]
12-24 17:21:15.239  1125  1975 I wm_task_moved: [15,1,2]
12-24 17:21:16.191  1125  1276 I netstats_mobile_sample: [0,0,0,0,0,0,0,0,0,0,0,0,-1]
12-24 17:21:16.191  1125  1276 I netstats_wifi_sample: [27305296,44456,2625914,22975,26424986,35717,2302384,22903,26424986,35717,2302384,22903,-1]
12-24 17:21:16.491  1125  2157 I am_home_stack_moved: [0,0,2,2,intentActivityFound]
12-24 17:21:16.491  1125  2157 I wm_task_moved: [15,1,2]
12-24 17:21:17.135  1125  1125 I notification_cancel: [10038,1629,com.tencent.mm,4097,NULL,0,0,66,2,NULL]
12-24 17:21:17.136  1125  1125 I sysui_histogram: [note_dismiss_longevity,0]
12-24 17:21:17.136  1125  1125 I notification_canceled: [0|com.tencent.mm|4097|null|10134,2,1545169,4869,12009]
12-24 17:21:17.542   385   385 I sf_frame_dur: [Heads Up,0,2,1,0,0,0,1]
12-24 17:21:18.150   385   385 I sf_frame_dur: [com.tianyancha.skyeye/com.tianyancha.skyeye.invite.InviteAwardActivity,0,0,0,1,0,0,0]
12-24 17:21:18.256  1125  1884 I am_home_stack_moved: [0,0,2,2,sourceStackToFront]
12-24 17:21:18.257  1125  1884 I wm_task_moved: [15,1,2]
12-24 17:21:18.260  1125  1884 I am_create_activity: [0,128831231,15,com.tianyancha.skyeye/.SharePage,NULL,NULL,NULL,0]
12-24 17:21:18.263  1125  1884 I am_pause_activity: [0,219159181,com.tianyancha.skyeye/.invite.InviteAwardActivity]
12-24 17:21:18.269  1125  1884 I am_home_stack_moved: [0,0,2,2,startedActivity setFocusedActivity]
12-24 17:21:18.269  1125  1884 I wm_task_moved: [15,1,2]
12-24 17:21:18.274  1125  1884 I am_focused_activity: [0,com.tianyancha.skyeye/.SharePage]
12-24 17:21:18.280  9473  9473 I am_on_paused_called: [0,com.tianyancha.skyeye.invite.InviteAwardActivity]
12-24 17:21:18.281  1125  1608 I am_restart_activity: [0,128831231,15,com.tianyancha.skyeye/.SharePage]
12-24 17:21:18.321  9473  9473 I am_on_resume_called: [0,com.tianyancha.skyeye.SharePage]
12-24 17:21:18.380  1125  1153 I am_activity_launch_time: [0,128831231,com.tianyancha.skyeye/.SharePage,99,99]
12-24 17:21:18.578  1125  2167 I am_finish_activity: [0,128831231,15,com.tianyancha.skyeye/.SharePage,app-request]
12-24 17:21:18.579  1125  2167 I am_home_stack_moved: [0,0,2,2,finishActivity adjustFocus setFocusedActivity]
12-24 17:21:18.579  1125  2167 I wm_task_moved: [15,1,2]
12-24 17:21:18.582  1125  2167 I am_focused_activity: [0,com.tianyancha.skyeye/.invite.InviteAwardActivity]
12-24 17:21:18.582  1125  2167 I am_pause_activity: [0,128831231,com.tianyancha.skyeye/.SharePage]
12-24 17:21:18.607  9473  9473 I am_on_paused_called: [0,com.tianyancha.skyeye.SharePage]
12-24 17:21:18.611  1125  2166 I am_resume_activity: [0,219159181,15,com.tianyancha.skyeye/.invite.InviteAwardActivity]
12-24 17:21:18.628  9473  9473 I am_on_resume_called: [0,com.tianyancha.skyeye.invite.InviteAwardActivity]
12-24 17:21:18.655   385   385 I sf_frame_dur: [com.tianyancha.skyeye/com.tianyancha.skyeye.SharePage,0,2,0,1,0,0,0]
12-24 17:21:18.751  1125  1139 I am_destroy_activity: [0,128831231,15,com.tianyancha.skyeye/.SharePage,finish-imm]
12-24 17:21:18.754  1125  1144 I am_broadcast_discard_app: [0,83402487,com.sina.weibo.sdk.Intent.ACTION_WEIBO_REGISTER,0,ResolveInfo{8552164 com.sina.weibo/.sdk.internal.SdkRegisterReceiver m=0x108000}]
12-24 17:21:18.856  1125  2166 I am_home_stack_moved: [0,0,2,2,sourceStackToFront]
12-24 17:21:18.857  1125  2166 I wm_task_moved: [15,1,2]
12-24 17:21:18.858  1125  2166 I am_create_activity: [0,63168461,15,com.tianyancha.skyeye/.invite.AccountHistoryActivity,NULL,NULL,NULL,0]
12-24 17:21:18.859  1125  2166 I am_pause_activity: [0,219159181,com.tianyancha.skyeye/.invite.InviteAwardActivity]
12-24 17:21:18.862  1125  2166 I am_home_stack_moved: [0,0,2,2,startedActivity setFocusedActivity]
12-24 17:21:18.862  1125  2166 I wm_task_moved: [15,1,2]
12-24 17:21:18.865  1125  2166 I am_focused_activity: [0,com.tianyancha.skyeye/.invite.AccountHistoryActivity]
12-24 17:21:18.867  9473  9473 I am_on_paused_called: [0,com.tianyancha.skyeye.invite.InviteAwardActivity]
12-24 17:21:18.876  1125  1579 I am_restart_activity: [0,63168461,15,com.tianyancha.skyeye/.invite.AccountHistoryActivity]
12-24 17:21:19.030  9473  9473 I am_on_resume_called: [0,com.tianyancha.skyeye.invite.AccountHistoryActivity]
12-24 17:21:19.182  1125  1153 I am_activity_launch_time: [0,63168461,com.tianyancha.skyeye/.invite.AccountHistoryActivity,308,308]
12-24 17:21:19.332   385   385 I sf_frame_dur: [com.tianyancha.skyeye/com.tianyancha.skyeye.invite.InviteAwardActivity,13,109,9,8,1,0,0]
12-24 17:21:19.332   385   385 I sf_frame_dur: [Toast,0,0,0,0,0,0,2]
12-24 17:21:22.147  1125  1143 I am_pss  : [7901,10119,com.letv.android.mobileactivation,4571136,3178496]
12-24 17:21:22.169  1125  1143 I am_pss  : [3888,10114,com.icoolme.android.weather:widget,8863744,5226496]
12-24 17:21:24.828  1629  1629 I sysui_panelholder_touch: [0,691,3]
12-24 17:21:24.832  1629  1629 I sysui_histogram: [note_load,2]
12-24 17:21:24.833  1125  1884 I notification_panel_revealed: 2
12-24 17:21:24.841  1125  1971 I notification_visibility: [-1|android|17040350|null|1000,1,1103118,1103118,0,1]
12-24 17:21:24.841  1125  1971 I notification_visibility: [0|com.koushikdutta.vysor|101|null|10131,1,330577,330577,0,0]
12-24 17:21:24.937  1125  1975 I notification_visibility: [-1|android|17040350|null|1000,0,1103214,1103214,0,1]
12-24 17:21:24.937  1125  1975 I notification_visibility: [0|com.koushikdutta.vysor|101|null|10131,0,330673,330673,0,0]
12-24 17:21:24.937  1125  1699 I notification_panel_hidden: []
12-24 17:21:26.020  1125  1962 I am_home_stack_moved: [0,0,2,2,intentActivityFound]
12-24 17:21:26.020  1125  1962 I wm_task_moved: [15,1,2]
12-24 17:21:26.507  1125  1653 I am_home_stack_moved: [0,0,2,2,intentActivityFound]
12-24 17:21:26.507  1125  1653 I wm_task_moved: [15,1,2]
12-24 17:21:28.985  1125  2157 I am_home_stack_moved: [0,0,2,2,intentActivityFound]
12-24 17:21:28.985  1125  2157 I wm_task_moved: [15,1,2]
12-24 17:21:32.425  1629  1629 I sysui_panelholder_touch: [0,975,1]
12-24 17:21:32.431  1629  1629 I sysui_histogram: [note_load,2]
12-24 17:21:32.432  1125  1884 I notification_panel_revealed: 2
12-24 17:21:32.436  1125  1579 I notification_visibility: [-1|android|17040350|null|1000,1,1110713,1110713,0,1]
12-24 17:21:32.436  1125  1579 I notification_visibility: [0|com.koushikdutta.vysor|101|null|10131,1,338172,338172,0,0]
12-24 17:21:32.475  1125  2156 I notification_visibility: [-1|android|17040350|null|1000,0,1110752,1110752,0,1]
12-24 17:21:32.475  1125  2156 I notification_visibility: [0|com.koushikdutta.vysor|101|null|10131,0,338211,338211,0,0]
12-24 17:21:32.476  1125  1140 I notification_panel_hidden: []
12-24 17:21:32.559  1629  1629 I sysui_panelholder_touch: [0,134,30]
12-24 17:21:32.562  1629  1629 I sysui_histogram: [note_load,2]
12-24 17:21:32.564  1125  1962 I notification_panel_revealed: 2
12-24 17:21:32.665  1125  1140 I notification_panel_hidden: []
12-24 17:21:32.841  1629  1629 I sysui_panelholder_touch: [0,353,20]
12-24 17:21:32.845  1629  1629 I sysui_histogram: [note_load,2]
12-24 17:21:32.846  1125  1884 I notification_panel_revealed: 2
12-24 17:21:32.910  1125  1579 I notification_panel_hidden: []
12-24 17:21:33.356  1125  1653 I am_home_stack_moved: [0,0,2,2,intentActivityFound]
12-24 17:21:33.356  1125  1653 I wm_task_moved: [15,1,2]
12-24 17:21:34.533  1629  1629 I sysui_panelholder_touch: [0,763,45]
12-24 17:21:34.536  1629  1629 I sysui_histogram: [note_load,2]
12-24 17:21:34.537  1125  1698 I notification_panel_revealed: 2
12-24 17:21:34.542  1125  1971 I notification_visibility: [-1|android|17040350|null|1000,1,1112818,1112818,0,1]
12-24 17:21:34.542  1125  1971 I notification_visibility: [0|com.koushikdutta.vysor|101|null|10131,1,340278,340278,0,0]
12-24 17:21:34.579  1125  2157 I notification_visibility: [-1|android|17040350|null|1000,0,1112856,1112856,0,1]
12-24 17:21:34.579  1125  2157 I notification_visibility: [0|com.koushikdutta.vysor|101|null|10131,0,340315,340315,0,0]
12-24 17:21:34.579  1125  1608 I notification_panel_hidden: []
12-24 17:21:37.478  1125  1143 I am_pss  : [2521,10007,android.process.media,10067968,8019968]
12-24 17:21:37.679  1629  1629 I sysui_panelholder_touch: [0,92,14]
12-24 17:21:37.683  1629  1629 I sysui_histogram: [note_load,2]
12-24 17:21:37.683  1125  1962 I notification_panel_revealed: 2
12-24 17:21:37.689  1125  2167 I notification_visibility: [-1|android|17040350|null|1000,1,1115966,1115966,0,1]
12-24 17:21:37.689  1125  2167 I notification_visibility: [0|com.koushikdutta.vysor|101|null|10131,1,343425,343425,0,0]
12-24 17:21:37.725  1125  2156 I notification_visibility: [-1|android|17040350|null|1000,0,1116002,1116002,0,1]
12-24 17:21:37.725  1125  2156 I notification_visibility: [0|com.koushikdutta.vysor|101|null|10131,0,343461,343461,0,0]
12-24 17:21:37.726  1125  2157 I notification_panel_hidden: []
12-24 17:21:37.900  1125  1962 I am_home_stack_moved: [0,0,2,2,intentActivityFound]
12-24 17:21:37.900  1125  1962 I wm_task_moved: [15,1,2]
12-24 17:21:39.715  1125  1975 I am_home_stack_moved: [0,0,2,2,intentActivityFound]
12-24 17:21:39.715  1125  1975 I wm_task_moved: [15,1,2]
12-24 17:21:41.364  1125  1962 I am_home_stack_moved: [0,0,2,2,intentActivityFound]
12-24 17:21:41.364  1125  1962 I wm_task_moved: [15,1,2]
12-24 17:21:41.537  1125  1579 I am_home_stack_moved: [0,0,2,2,intentActivityFound]
12-24 17:21:41.538  1125  1579 I wm_task_moved: [15,1,2]
12-24 17:21:41.762  1125  1579 I am_home_stack_moved: [0,0,2,2,intentActivityFound]
12-24 17:21:41.762  1125  1579 I wm_task_moved: [15,1,2]
12-24 17:21:43.601  1125  1698 I am_home_stack_moved: [0,0,2,2,intentActivityFound]
12-24 17:21:43.602  1125  1698 I wm_task_moved: [15,1,2]
12-24 17:21:43.660  1629  1629 I sysui_panelholder_touch: [0,22,55]
12-24 17:21:43.663  1629  1629 I sysui_histogram: [note_load,2]
12-24 17:21:43.663  1125  2167 I notification_panel_revealed: 2
12-24 17:21:43.669  1125  1962 I notification_visibility: [-1|android|17040350|null|1000,1,1121946,1121946,0,1]
12-24 17:21:43.669  1125  1962 I notification_visibility: [0|com.koushikdutta.vysor|101|null|10131,1,349405,349405,0,0]
12-24 17:21:43.704  1125  1579 I notification_visibility: [-1|android|17040350|null|1000,0,1121981,1121981,0,1]
12-24 17:21:43.704  1125  1579 I notification_visibility: [0|com.koushikdutta.vysor|101|null|10131,0,349440,349440,0,0]
12-24 17:21:43.704  1125  2166 I notification_panel_hidden: []
12-24 17:21:46.037  1125  1699 I am_home_stack_moved: [0,0,2,2,intentActivityFound]
12-24 17:21:46.037  1125  1699 I wm_task_moved: [15,1,2]
12-24 17:21:46.098  1125  2156 I am_home_stack_moved: [0,0,2,2,intentActivityFound]
12-24 17:21:46.098  1125  2156 I wm_task_moved: [15,1,2]
12-24 17:21:46.435  1125  1143 I am_pss  : [6028,10134,com.tencent.mm,146176000,130666496]
12-24 17:21:46.462  1125  1143 I am_pss  : [6132,10134,com.tencent.mm:exdevice,19305472,12038144]
12-24 17:21:48.005  1125  2156 I am_finish_activity: [0,63168461,15,com.tianyancha.skyeye/.invite.AccountHistoryActivity,app-request]
12-24 17:21:48.006  1125  2156 I am_home_stack_moved: [0,0,2,2,finishActivity adjustFocus setFocusedActivity]
12-24 17:21:48.006  1125  2156 I wm_task_moved: [15,1,2]
12-24 17:21:48.009  1125  2156 I am_focused_activity: [0,com.tianyancha.skyeye/.invite.InviteAwardActivity]
12-24 17:21:48.009  1125  2156 I am_pause_activity: [0,63168461,com.tianyancha.skyeye/.invite.AccountHistoryActivity]
12-24 17:21:48.022  9473  9473 I am_on_paused_called: [0,com.tianyancha.skyeye.invite.AccountHistoryActivity]
12-24 17:21:48.026  1125  1698 I am_resume_activity: [0,219159181,15,com.tianyancha.skyeye/.invite.InviteAwardActivity]
12-24 17:21:48.036  9473  9473 I am_on_resume_called: [0,com.tianyancha.skyeye.invite.InviteAwardActivity]
12-24 17:21:48.087  1125  1144 I am_destroy_activity: [0,63168461,15,com.tianyancha.skyeye/.invite.AccountHistoryActivity,finish-imm]
12-24 17:21:48.153   385   385 I sf_frame_dur: [com.tianyancha.skyeye/com.tianyancha.skyeye.invite.AccountHistoryActivity,0,110,101,48,14,3,0]
12-24 17:21:48.351  1125  1125 I notification_cancel: [10038,1629,com.android.systemui,2131755074,low_battery,-1,0,64,8,NULL]
12-24 17:21:48.858  1125  1962 I am_home_stack_moved: [0,0,2,2,sourceStackToFront]
12-24 17:21:48.858  1125  1962 I wm_task_moved: [15,1,2]
12-24 17:21:48.861  1125  1962 I am_create_activity: [0,133900163,15,com.tianyancha.skyeye/.SharePage,NULL,NULL,NULL,0]
12-24 17:21:48.862  1125  1962 I am_pause_activity: [0,219159181,com.tianyancha.skyeye/.invite.InviteAwardActivity]
12-24 17:21:48.870  1125  1962 I am_home_stack_moved: [0,0,2,2,startedActivity setFocusedActivity]
12-24 17:21:48.870  1125  1962 I wm_task_moved: [15,1,2]
12-24 17:21:48.875  1125  1962 I am_focused_activity: [0,com.tianyancha.skyeye/.SharePage]
12-24 17:21:48.880  9473  9473 I am_on_paused_called: [0,com.tianyancha.skyeye.invite.InviteAwardActivity]
12-24 17:21:48.882  1125  1975 I am_restart_activity: [0,133900163,15,com.tianyancha.skyeye/.SharePage]
12-24 17:21:48.924  9473  9473 I am_on_resume_called: [0,com.tianyancha.skyeye.SharePage]
12-24 17:21:49.010  1125  1153 I am_activity_launch_time: [0,133900163,com.tianyancha.skyeye/.SharePage,129,129]
12-24 17:21:49.086  1125  1884 I am_finish_activity: [0,133900163,15,com.tianyancha.skyeye/.SharePage,app-request]
12-24 17:21:49.086  1125  1884 I am_home_stack_moved: [0,0,2,2,finishActivity adjustFocus setFocusedActivity]
12-24 17:21:49.087  1125  1884 I wm_task_moved: [15,1,2]
12-24 17:21:49.090  1125  1884 I am_focused_activity: [0,com.tianyancha.skyeye/.invite.InviteAwardActivity]
12-24 17:21:49.090  1125  1884 I am_pause_activity: [0,133900163,com.tianyancha.skyeye/.SharePage]
12-24 17:21:49.107  9473  9473 I am_on_paused_called: [0,com.tianyancha.skyeye.SharePage]
12-24 17:21:49.112  1125  2152 I am_resume_activity: [0,219159181,15,com.tianyancha.skyeye/.invite.InviteAwardActivity]
12-24 17:21:49.145  9473  9473 I am_on_resume_called: [0,com.tianyancha.skyeye.invite.InviteAwardActivity]
12-24 17:21:49.178  1125  2157 I am_destroy_activity: [0,133900163,15,com.tianyancha.skyeye/.SharePage,finish-imm]
12-24 17:21:49.183  1125  1144 I am_broadcast_discard_app: [0,225054709,com.sina.weibo.sdk.Intent.ACTION_WEIBO_REGISTER,0,ResolveInfo{383a18a com.sina.weibo/.sdk.internal.SdkRegisterReceiver m=0x108000}]
12-24 17:21:49.186  1629  1629 I sysui_panelholder_touch: [0,227,62]
12-24 17:21:49.189  1629  1629 I sysui_histogram: [note_load,2]
12-24 17:21:49.189  1125  1698 I notification_panel_revealed: 2
12-24 17:21:49.194  1125  1699 I notification_visibility: [-1|android|17040350|null|1000,1,1127471,1127471,0,1]
12-24 17:21:49.194  1125  1699 I notification_visibility: [0|com.koushikdutta.vysor|101|null|10131,1,354930,354930,0,0]
12-24 17:21:49.198   385   385 I sf_frame_dur: [com.tianyancha.skyeye/com.tianyancha.skyeye.SharePage,0,0,2,0,0,0,0]
12-24 17:21:49.248  1125  1699 I notification_visibility: [-1|android|17040350|null|1000,0,1127525,1127525,0,1]
12-24 17:21:49.248  1125  1699 I notification_visibility: [0|com.koushikdutta.vysor|101|null|10131,0,354984,354984,0,0]
12-24 17:21:49.249  1125  2166 I notification_panel_hidden: []
12-24 17:21:50.465  1125  1140 I am_home_stack_moved: [0,0,2,2,intentActivityFound]
12-24 17:21:50.494  1125  1140 I wm_task_moved: [15,1,2]
12-24 17:21:50.666  1125  2166 I am_home_stack_moved: [0,0,2,2,intentActivityFound]
12-24 17:21:50.746  1125  2166 I wm_task_moved: [15,1,2]
12-24 17:21:53.760  1125  2167 I am_home_stack_moved: [0,0,2,2,sourceStackToFront]
12-24 17:21:53.760  1125  2167 I wm_task_moved: [15,1,2]
12-24 17:21:53.762  1125  2167 I am_create_activity: [0,253747301,15,com.tianyancha.skyeye/.invite.AccountHistoryActivity,NULL,NULL,NULL,0]
12-24 17:21:53.763  1125  2167 I am_pause_activity: [0,219159181,com.tianyancha.skyeye/.invite.InviteAwardActivity]
12-24 17:21:53.769  1125  2167 I am_home_stack_moved: [0,0,2,2,startedActivity setFocusedActivity]
12-24 17:21:53.769  1125  2167 I wm_task_moved: [15,1,2]
12-24 17:21:53.773  1125  2167 I am_focused_activity: [0,com.tianyancha.skyeye/.invite.AccountHistoryActivity]
12-24 17:21:53.774  9473  9473 I am_on_paused_called: [0,com.tianyancha.skyeye.invite.InviteAwardActivity]
12-24 17:21:53.777  1125  2166 I am_restart_activity: [0,253747301,15,com.tianyancha.skyeye/.invite.AccountHistoryActivity]
12-24 17:21:53.837  9473  9473 I am_on_resume_called: [0,com.tianyancha.skyeye.invite.AccountHistoryActivity]
12-24 17:21:53.892  1125  1153 I am_activity_launch_time: [0,253747301,com.tianyancha.skyeye/.invite.AccountHistoryActivity,117,117]
12-24 17:21:53.996   385   385 I sf_frame_dur: [com.tianyancha.skyeye/com.tianyancha.skyeye.invite.InviteAwardActivity,12,78,15,5,3,0,0]
12-24 17:21:56.047  1125  1698 I am_home_stack_moved: [0,0,2,2,intentActivityFound]
12-24 17:21:56.047  1125  1698 I wm_task_moved: [15,1,2]
12-24 17:21:59.314  1125  1962 I am_home_stack_moved: [0,0,2,2,intentActivityFound]
12-24 17:21:59.314  1125  1962 I wm_task_moved: [15,1,2]
12-24 17:22:00.171  1125  1143 I am_pss  : [1125,1000,system,109217792,101263360]
12-24 17:22:00.207  1125  1143 I am_pss  : [1629,10038,com.android.systemui,68873216,60929024]
12-24 17:22:00.229  1125  1143 I am_pss  : [5191,10026,com.letv.android.supermanager,24072192,22007808]
12-24 17:22:00.251  1125  1143 I am_pss  : [6605,10111,com.sohu.inputmethod.status,7032832,4960256]
12-24 17:22:00.275  1125  1143 I am_pss  : [2128,1000,com.dolby,8880128,7258112]
12-24 17:22:00.279  1125  2152 I am_finish_activity: [0,253747301,15,com.tianyancha.skyeye/.invite.AccountHistoryActivity,app-request]
12-24 17:22:00.279  1125  2152 I am_home_stack_moved: [0,0,2,2,finishActivity adjustFocus setFocusedActivity]
12-24 17:22:00.279  1125  2152 I wm_task_moved: [15,1,2]
12-24 17:22:00.282  1125  2152 I am_focused_activity: [0,com.tianyancha.skyeye/.invite.InviteAwardActivity]
12-24 17:22:00.283  1125  2152 I am_pause_activity: [0,253747301,com.tianyancha.skyeye/.invite.AccountHistoryActivity]
12-24 17:22:00.290  9473  9473 I am_on_paused_called: [0,com.tianyancha.skyeye.invite.AccountHistoryActivity]
12-24 17:22:00.292  1125  1699 I am_resume_activity: [0,219159181,15,com.tianyancha.skyeye/.invite.InviteAwardActivity]
12-24 17:22:00.301  9473  9473 I am_on_resume_called: [0,com.tianyancha.skyeye.invite.InviteAwardActivity]
12-24 17:22:00.301  1125  1143 I am_pss  : [2123,10023,com.letv.roaming,4284416,2908160]
12-24 17:22:00.310  1125  1143 I am_pss  : [2111,10022,com.letv.android.phonecontrol,12120064,9924608]
12-24 17:22:00.319  1125  1143 I am_pss  : [2099,1000,com.mediatek.nlpservice,4185088,2752512]
12-24 17:22:00.330  1125  1143 I am_pss  : [2093,10052,se.dirac.acs,5165056,3645440]
12-24 17:22:00.340  1125  1143 I am_pss  : [2081,10012,com.letv.android.freeflow,4957184,3530752]
12-24 17:22:00.360  1125  1143 I am_pss  : [2069,1000,com.goodix.fingerprint,3481600,2150400]
12-24 17:22:00.386  1125  1143 I am_pss  : [2056,1001,com.mediatek.ims,4665344,3194880]
12-24 17:22:00.414   385   385 I sf_frame_dur: [com.tianyancha.skyeye/com.tianyancha.skyeye.invite.AccountHistoryActivity,0,20,21,16,2,0,0]
12-24 17:22:00.423  1125  1143 I am_pss  : [2044,1001,com.mediatek.gba,3555328,2211840]
12-24 17:22:00.451  1125  1884 I am_destroy_activity: [0,253747301,15,com.tianyancha.skyeye/.invite.AccountHistoryActivity,finish-imm]
12-24 17:22:00.461  1125  1579 I am_home_stack_moved: [0,0,2,2,sourceStackToFront]
12-24 17:22:00.461  1125  1579 I wm_task_moved: [15,1,2]
12-24 17:22:00.463  1125  1579 I am_create_activity: [0,225272030,15,com.tianyancha.skyeye/.SharePage,NULL,NULL,NULL,0]
12-24 17:22:00.464  1125  1579 I am_pause_activity: [0,219159181,com.tianyancha.skyeye/.invite.InviteAwardActivity]
12-24 17:22:00.471  1125  1579 I am_home_stack_moved: [0,0,2,2,startedActivity setFocusedActivity]
12-24 17:22:00.472  1125  1579 I wm_task_moved: [15,1,2]
12-24 17:22:00.477  1125  1579 I am_focused_activity: [0,com.tianyancha.skyeye/.SharePage]
12-24 17:22:00.480  9473  9473 I am_on_paused_called: [0,com.tianyancha.skyeye.invite.InviteAwardActivity]
12-24 17:22:00.481  1125  2156 I am_restart_activity: [0,225272030,15,com.tianyancha.skyeye/.SharePage]
12-24 17:22:00.494  1125  1143 I am_pss  : [1713,1001,com.android.phone,40354816,37335040]
12-24 17:22:00.517  9473  9473 I am_on_resume_called: [0,com.tianyancha.skyeye.SharePage]
12-24 17:22:00.620  1125  1153 I am_activity_launch_time: [0,225272030,com.tianyancha.skyeye/.SharePage,140,140]
12-24 17:22:00.627  1125  1608 I am_home_stack_moved: [0,0,2,2,sourceStackToFront]
12-24 17:22:00.627  1125  1608 I wm_task_moved: [15,1,2]
12-24 17:22:00.629  1125  1608 I am_create_activity: [0,104187512,15,com.tianyancha.skyeye/.invite.AccountHistoryActivity,NULL,NULL,NULL,0]
12-24 17:22:00.630  1125  1608 I am_pause_activity: [0,225272030,com.tianyancha.skyeye/.SharePage]
12-24 17:22:00.654  1125  1608 I am_home_stack_moved: [0,0,2,2,startedActivity setFocusedActivity]
12-24 17:22:00.654  1125  1608 I wm_task_moved: [15,1,2]
12-24 17:22:00.659  1125  1608 I am_focused_activity: [0,com.tianyancha.skyeye/.invite.AccountHistoryActivity]
12-24 17:22:00.679  9473  9473 I am_on_paused_called: [0,com.tianyancha.skyeye.SharePage]
12-24 17:22:00.683  1125  1884 I am_restart_activity: [0,104187512,15,com.tianyancha.skyeye/.invite.AccountHistoryActivity]
12-24 17:22:00.691  1125  1139 I am_finish_activity: [0,225272030,15,com.tianyancha.skyeye/.SharePage,app-request]
12-24 17:22:00.691  1125  1139 I am_destroy_activity: [0,225272030,15,com.tianyancha.skyeye/.SharePage,finish-imm]
12-24 17:22:00.741  9473  9473 I am_on_resume_called: [0,com.tianyancha.skyeye.invite.AccountHistoryActivity]
12-24 17:22:00.750  1125  1144 I am_broadcast_discard_app: [0,29663629,com.sina.weibo.sdk.Intent.ACTION_WEIBO_REGISTER,0,ResolveInfo{9ffef42 com.sina.weibo/.sdk.internal.SdkRegisterReceiver m=0x108000}]
12-24 17:22:00.810  1125  1153 I am_activity_launch_time: [0,104187512,com.tianyancha.skyeye/.invite.AccountHistoryActivity,130,130]
12-24 17:22:01.092   385   385 I sf_frame_dur: [com.tianyancha.skyeye/com.tianyancha.skyeye.SharePage,0,0,1,0,0,0,0]
12-24 17:22:01.125   385   385 I sf_frame_dur: [com.tianyancha.skyeye/com.tianyancha.skyeye.invite.InviteAwardActivity,1,8,1,0,0,0,0]
12-24 17:22:02.730  1125  2157 I am_home_stack_moved: [0,0,2,2,intentActivityFound]
12-24 17:22:02.730  1125  2157 I wm_task_moved: [15,1,2]
12-24 17:22:03.673  1125  1276 I netstats_mobile_sample: [0,0,0,0,0,0,0,0,0,0,0,0,-1]
12-24 17:22:03.673  1125  1276 I netstats_wifi_sample: [27342135,44923,2654223,23136,26451019,36035,2328439,23064,26451019,36035,2328439,23064,-1]
12-24 17:22:04.236  1125  1698 I am_home_stack_moved: [0,0,2,2,intentActivityFound]
12-24 17:22:04.236  1125  1698 I wm_task_moved: [15,1,2]
12-24 17:22:08.583  1125  1579 I am_kill : [0,9756,com.tianyancha.skyeye:remote,9,stop com.tianyancha.skyeye]
12-24 17:22:08.596  1125  1579 I am_kill : [0,9628,com.tianyancha.skyeye:channel,8,stop com.tianyancha.skyeye]
12-24 17:22:08.639  1125  1579 I am_schedule_service_restart: [0,com.tianyancha.skyeye/com.taobao.accs.ChannelService,1000]
12-24 17:22:08.642  1125  1579 I am_kill : [0,9473,com.tianyancha.skyeye,0,stop com.tianyancha.skyeye]
12-24 17:22:08.814   385   385 I sf_frame_dur: [com.tianyancha.skyeye/com.tianyancha.skyeye.invite.AccountHistoryActivity,1,29,26,10,1,0,0]
12-24 17:22:08.857  1125  1579 I am_schedule_service_restart: [0,com.tianyancha.skyeye/org.android.agoo.accs.AgooService,10782]
12-24 17:22:08.857  1125  1579 I am_schedule_service_restart: [0,com.tianyancha.skyeye/com.taobao.accs.data.MsgDistributeService,10782]
12-24 17:22:08.859  1125  1579 I am_finish_activity: [0,104187512,15,com.tianyancha.skyeye/.invite.AccountHistoryActivity,proc died without state saved]
12-24 17:22:08.859  1125  1579 I am_focused_activity: [-1,NULL]
12-24 17:22:08.890  1125  1579 I am_proc_start: [0,10211,10140,com.tianyancha.skyeye,activity,com.tianyancha.skyeye/.invite.InviteAwardActivity]
12-24 17:22:08.892  1125  1579 I am_finish_activity: [0,117377399,15,com.tianyancha.skyeye/.MainActivity,force-stop]
12-24 17:22:08.893  1125  1579 I am_finish_activity: [0,219159181,15,com.tianyancha.skyeye/.invite.InviteAwardActivity,force-stop]
12-24 17:22:08.897  1125  1579 I am_resume_activity: [0,158382539,12,com.tencent.mm/.ui.LauncherUI]
12-24 17:22:08.904  1125  1144 I am_destroy_activity: [0,117377399,15,com.tianyancha.skyeye/.MainActivity,finish-idle]
12-24 17:22:08.904  1125  1144 I am_destroy_activity: [0,219159181,15,com.tianyancha.skyeye/.invite.InviteAwardActivity,finish-idle]
12-24 17:22:08.904  1125  1144 I wm_task_removed: [15,removeAppToken: last token]
12-24 17:22:08.904  1125  1144 I am_home_stack_moved: [0,1,0,0,finish-idle hadNoApp setFocusedActivity]
12-24 17:22:08.904  1125  1144 I wm_task_moved: [1,1,1]
12-24 17:22:08.906  1125  1144 I am_focused_activity: [0,com.android.launcher3/.Launcher]
12-24 17:22:08.906  1125  1144 I wm_task_removed: [15,removeTask]
12-24 17:22:08.908  1125  1144 I am_pause_activity: [0,158382539,com.tencent.mm/.ui.LauncherUI]
12-24 17:22:08.914  1125  1884 I am_proc_bound: [0,10211,com.tianyancha.skyeye]
12-24 17:22:08.936  1125  1125 I notification_cancel_all: [1000,1125,com.tianyancha.skyeye,0,0,0,5,NULL]
12-24 17:22:08.963  1125  1125 I notification_cancel: [10131,1938,com.koushikdutta.vysor,101,NULL,0,0,64,8,NULL]
12-24 17:22:08.963  1125  1125 I notification_canceled: [0|com.koushikdutta.vysor|101|null|10131,8,374699,374699,19769]
12-24 17:22:08.967  1125  2157 I notification_expansion: [-1|android|17040350|null|1000,0,1,1147244,1147244,19773]
12-24 17:22:08.973  1125  1125 I notification_enqueue: [10131,1938,com.koushikdutta.vysor,101,NULL,0,Notification(pri=0 contentView=null vibrate=null sound=null isShadow = false isOriginalStyle = false defaults=0x0 flags=0x2 color=0x00000000 vis=PRIVATE),0]
12-24 17:22:08.984  6028  6028 I am_on_resume_called: [0,com.tencent.mm.ui.LauncherUI]
12-24 17:22:09.014  1125  1698 I notification_expansion: [0|com.koushikdutta.vysor|101|null|10131,0,1,41,41,0]
12-24 17:22:09.014  1125  2167 I notification_expansion: [-1|android|17040350|null|1000,0,0,1147291,1147291,19820]
12-24 17:22:09.033  6028  6028 I am_on_paused_called: [0,com.tencent.mm.ui.LauncherUI]
12-24 17:22:09.036  1125  2167 I am_resume_activity: [0,171912681,1,com.android.launcher3/.Launcher]
12-24 17:22:09.063  2147  2147 I am_on_resume_called: [0,com.android.launcher3.Launcher]
12-24 17:22:17.794  1125  1282 I netstats_mobile_sample: [0,0,0,0,0,0,0,0,0,0,0,0,-1]
12-24 17:22:17.794  1125  1282 I netstats_wifi_sample: [27358581,45026,2670104,23258,26465819,36136,2342612,23186,26465819,36136,2342612,23186,-1]
12-24 17:22:17.838  1125  1282 I netstats_mobile_sample: [0,0,0,0,0,0,0,0,0,0,0,0,-1]
12-24 17:22:17.838  1125  1282 I netstats_wifi_sample: [27358581,45026,2670104,23258,26465819,36136,2342612,23186,26465819,36136,2342612,23186,-1]
12-24 17:22:18.857  1125  1143 I am_pss  : [2648,10080,com.android.music,9850880,6586368]
12-24 17:22:19.466  1125  1884 I am_proc_start: [0,10314,10140,com.tianyancha.skyeye:channel,service,com.tianyancha.skyeye/com.taobao.accs.ChannelService]
12-24 17:22:19.481  1125  1962 I am_proc_bound: [0,10314,com.tianyancha.skyeye:channel]
12-24 17:22:19.632  1125  1143 I am_pss  : [2147,10010,com.android.launcher3,191606784,176766976]
12-24 17:22:19.641  1125  1143 I am_pss  : [3468,10115,com.letv.agnes,12021760,10260480]
12-24 17:22:20.097  1125  1143 I am_pss  : [3888,10114,com.icoolme.android.weather:widget,8899584,5226496]
12-24 17:22:29.449  1125  1143 I am_pss  : [6174,10134,com.tencent.mm:push,24819712,17752064]
12-24 17:22:29.471  1125  1143 I am_pss  : [2369,10088,com.letv.app.appstore,17840128,15245312]
[logcat: 0.085s elapsed]

