12-24 16:48:24.630  1125  1277 I am_wtf  : [0,1125,system_server,-1,NetworkPolicy,command '80 firewall set_uid_fw_rule 10139 wifi deny' failed with '400 80 Firewall command failed']
12-24 16:48:24.631  1125  1125 I notification_cancel_all: [1000,1125,com.tianyancha.skyeye,0,0,0,5,NULL]
12-24 16:48:24.638  1125  1140 I am_proc_bound: [0,6932,com.softsim.control]
12-24 16:48:24.682  1125  1276 I netstats_mobile_sample: [0,0,0,0,0,0,0,0,0,0,0,0,-1]
12-24 16:48:24.682  1125  1276 I netstats_wifi_sample: [10589359,15671,1066333,9601,10290973,13135,931019,9564,10290921,13134,930967,9563,-1]
12-24 16:48:24.757  1125  1608 I am_kill : [0,6932,com.softsim.control,0,stop com.softsim.control]
12-24 16:48:24.774  1125  1608 I am_broadcast_discard_app: [0,65416058,android.intent.action.PACKAGE_REMOVED,1,ResolveInfo{49bdf2b com.softsim.control/.SoftSIMControlLaunch p=100 m=0x208000}]
12-24 16:48:24.801  1125  1125 I notification_cancel_all: [1000,1125,com.softsim.control,0,0,0,5,NULL]
12-24 16:48:24.922  1125  1579 I am_broadcast_discard_app: [0,65416058,android.intent.action.PACKAGE_REMOVED,5,ResolveInfo{b407d21 com.letv.android.client/.leading.share.listener.AppAddOrRemoveReceiver m=0x208000}]
12-24 16:48:24.938  1125  1144 I am_proc_start: [0,6954,1000,com.android.settings,broadcast,com.android.settings/com.letv.leui.settings.LeUIDoubleAppsSettingsReceiver]
12-24 16:48:24.955  1125  1140 I am_proc_bound: [0,6954,com.android.settings]
12-24 16:48:25.073  1125  1971 I am_proc_start: [0,6970,1000,com.android.keychain,broadcast,com.android.keychain/.KeyChainBroadcastReceiver]
12-24 16:48:25.090  1125  1975 I am_proc_bound: [0,6970,com.android.keychain]
12-24 16:48:25.151  1125  1579 I am_broadcast_discard_app: [0,65416058,android.intent.action.PACKAGE_REMOVED,9,ResolveInfo{1f1f091 com.letv.lesophoneclient/com.letv.letvframework.letvInstalledApp.LetvAppReceiver m=0x208000}]
12-24 16:48:25.191  1125  1139 I am_broadcast_discard_app: [0,65416058,android.intent.action.PACKAGE_REMOVED,11,ResolveInfo{890fbf7 com.letv.letvshop/com.umeng.message.SystemReceiver m=0x208000}]
12-24 16:48:25.192  1125  1144 I am_broadcast_discard_app: [0,65416058,android.intent.action.PACKAGE_REMOVED,12,ResolveInfo{a8aba64 com.letv.games/.receiver.SelfPackageChangedReceiver m=0x208000}]
12-24 16:48:25.236  1125  1653 I am_broadcast_discard_app: [0,65416058,android.intent.action.PACKAGE_REMOVED,16,ResolveInfo{f3404cd com.ss.android.article.news/com.umeng.message.SystemReceiver m=0x208000}]
12-24 16:48:25.251  1125  1144 I am_broadcast_discard_app: [0,65416058,android.intent.action.PACKAGE_REMOVED,17,ResolveInfo{62ab182 com.ss.android.article.news/com.huawei.android.pushagent.PushEventReceiver m=0x208000}]
12-24 16:48:25.252  1125  1144 I am_broadcast_discard_app: [0,65416058,android.intent.action.PACKAGE_REMOVED,18,ResolveInfo{ecf6093 com.sina.weibo/.bundlemanager.WBBroadcastDeliver m=0x208000}]
12-24 16:48:25.276  1125  1125 I am_proc_start: [0,6997,10053,com.android.documentsui,broadcast,com.android.documentsui/.PackageReceiver]
12-24 16:48:25.294  1125  2157 I am_proc_bound: [0,6997,com.android.documentsui]
12-24 16:48:25.373  1125  1962 I am_kill : [0,5503,com.android.shell,15,empty #17]
12-24 16:48:25.391  1125  2167 I am_proc_died: [0,5503,com.android.shell]
12-24 16:48:25.413  1125  1975 I am_proc_start: [0,7013,2000,com.android.shell,content provider,com.android.shell/.BugreportStorageProvider]
12-24 16:48:25.430  1125  1699 I am_proc_bound: [0,7013,com.android.shell]
12-24 16:48:25.434  1125  1699 I am_kill : [0,5608,com.letv.walletbiz,15,empty #17]
12-24 16:48:25.452  1125  1884 I am_proc_died: [0,5608,com.letv.walletbiz]
12-24 16:48:28.188  1125  2152 I am_kill : [0,5633,com.svox.pico,15,empty #17]
12-24 16:48:28.205  1125  2157 I am_proc_died: [0,5633,com.svox.pico]
12-24 16:48:39.432  1125  1143 I am_pss  : [2147,10010,com.android.launcher3,193783808,183033856]
12-24 16:48:39.451  1125  1143 I am_pss  : [2369,10088,com.letv.app.appstore,19462144,16662528]
12-24 16:48:40.934  7049  7049 I auditd  : type=1400 audit(0.0:2608): avc: denied { module_request } for comm="dex2oat" kmod="personality-8" scontext=u:r:dex2oat:s0 tcontext=u:r:kernel:s0 tclass=system permissive=0
12-24 16:48:43.194  1125  1125 I free_storage_changed: 23423262720
12-24 16:48:50.183  1125  1161 I unknown_sources_enabled: 0
12-24 16:48:50.373  1125  2166 I am_broadcast_discard_app: [0,2816264,android.intent.action.PACKAGE_ADDED,1,ResolveInfo{e5ca8a1 com.eg.android.AlipayGphone/com.alipay.mobile.security.thirdparty.AppSafetyChecker p=1000 m=0x208000}]
12-24 16:48:50.416  1125  2156 I am_broadcast_discard_app: [0,2816264,android.intent.action.PACKAGE_ADDED,5,ResolveInfo{ab86e8b com.letv.android.client/.leading.share.listener.AppAddOrRemoveReceiver m=0x208000}]
12-24 16:48:50.418  1125  1125 I notification_cancel_all: [1000,1125,com.tianyancha.skyeye,0,0,0,5,NULL]
12-24 16:48:50.532  1125  1144 I am_proc_start: [0,7071,10013,com.letv.walletbiz,broadcast,com.letv.walletbiz/.update.receiver.UpgradeApkInstallReceiver]
12-24 16:48:50.548  1125  1698 I am_proc_bound: [0,7071,com.letv.walletbiz]
12-24 16:48:50.668  1125  1140 I am_broadcast_discard_app: [0,2816264,android.intent.action.PACKAGE_ADDED,8,ResolveInfo{9b80e6b com.letv.lesophoneclient/com.letv.letvframework.letvInstalledApp.LetvAppReceiver m=0x208000}]
12-24 16:48:50.738  1125  2156 I am_proc_start: [0,7096,10107,com.svox.pico,broadcast,com.svox.pico/.VoiceDataInstallerReceiver]
12-24 16:48:50.759  1125  1698 I am_proc_bound: [0,7096,com.svox.pico]
12-24 16:48:50.805  1125  2166 I am_broadcast_discard_app: [0,2816264,android.intent.action.PACKAGE_ADDED,13,ResolveInfo{1195c12 com.letv.games/.receiver.SelfPackageChangedReceiver m=0x208000}]
12-24 16:48:50.876  1125  2156 I am_broadcast_discard_app: [0,2816264,android.intent.action.PACKAGE_ADDED,18,ResolveInfo{9c5dfe3 com.ss.android.article.news/com.huawei.android.pushagent.PushEventReceiver m=0x208000}]
12-24 16:48:50.882  1125  1144 I am_broadcast_discard_app: [0,2816264,android.intent.action.PACKAGE_ADDED,19,ResolveInfo{9ade0 com.ss.android.article.news/com.ss.android.download.DownloadReceiver m=0x208000}]
12-24 16:48:50.882  1125  1144 I am_broadcast_discard_app: [0,2816264,android.intent.action.PACKAGE_ADDED,20,ResolveInfo{2597899 com.sina.weibo/.silence.SilencePackageAddReceiver m=0x208000}]
12-24 16:48:50.883  1125  1144 I am_broadcast_discard_app: [0,2816264,android.intent.action.PACKAGE_ADDED,21,ResolveInfo{22d275e com.sina.weibo/.bundlemanager.WBBroadcastDeliver m=0x208000}]
12-24 16:48:53.714  1125  1579 I am_kill : [0,4279,com.letv.domain,15,empty #17]
12-24 16:48:53.731  1125  2166 I am_proc_died: [0,4279,com.letv.domain]
12-24 16:49:00.041  1125  1143 I am_pss  : [5050,10003,android.process.acore,35829760,27009024]
12-24 16:49:00.061  1125  1143 I am_pss  : [7013,2000,com.android.shell,3688448,2248704]
12-24 16:49:00.094  1125  1143 I am_pss  : [6997,10053,com.android.documentsui,5368832,3833856]
12-24 16:49:00.143  1125  1143 I am_pss  : [6970,1000,com.android.keychain,4271104,2760704]
12-24 16:49:00.164  1125  1143 I am_pss  : [6954,1000,com.android.settings,6081536,4313088]
12-24 16:49:00.800  1125  1653 I am_kill : [0,6642,com.mediatek.engineermode,15,empty #17]
12-24 16:49:00.817  1125  1975 I am_proc_died: [0,6642,com.mediatek.engineermode]
12-24 16:49:04.083  1125  2157 I wm_stack_created: [2,0,0,0,0]
12-24 16:49:04.093  1125  2157 I am_home_stack_moved: [0,0,2,2,startingNewTask]
12-24 16:49:04.093  1125  2157 I am_create_task: [0,5]
12-24 16:49:04.093  1125  2157 I am_create_activity: [0,27093083,5,com.tianyancha.skyeye/.SplashPage,android.intent.action.MAIN,NULL,NULL,270532608]
12-24 16:49:04.093  1125  2157 I wm_task_created: [5,2]
12-24 16:49:04.093  1125  2157 I wm_task_moved: [5,1,0]
12-24 16:49:04.112  1125  2157 I am_pause_activity: [0,171912681,com.android.launcher3/.Launcher]
12-24 16:49:04.128  1125  2157 I am_home_stack_moved: [0,0,2,2,startedActivity setFocusedActivity]
12-24 16:49:04.128  1125  2157 I wm_task_moved: [5,1,0]
12-24 16:49:04.134  1125  2157 I am_focused_activity: [0,com.tianyancha.skyeye/.SplashPage]
12-24 16:49:04.152  2147  2147 I am_on_paused_called: [0,com.android.launcher3.Launcher]
12-24 16:49:04.181  1125  2157 I am_proc_start: [0,7122,10140,com.tianyancha.skyeye,activity,com.tianyancha.skyeye/.SplashPage]
12-24 16:49:04.208  1125  1971 I am_proc_bound: [0,7122,com.tianyancha.skyeye]
12-24 16:49:04.213  1125  1971 I am_restart_activity: [0,27093083,5,com.tianyancha.skyeye/.SplashPage]
12-24 16:49:04.633   385   385 I sf_frame_dur: [com.android.launcher3/com.android.launcher3.Launcher,8,81,3,2,3,0,4]
12-24 16:49:04.952  1125  1653 I am_home_stack_moved: [0,0,2,2,sourceStackToFront]
12-24 16:49:04.952  1125  1653 I wm_task_moved: [5,1,0]
12-24 16:49:04.953  1125  1653 I am_create_activity: [0,145348298,5,com.tianyancha.skyeye/.activity.LaunchActivity,NULL,NULL,NULL,0]
12-24 16:49:04.957  1125  1653 I am_pause_activity: [0,27093083,com.tianyancha.skyeye/.SplashPage]
12-24 16:49:04.957  1125  1653 I am_home_stack_moved: [0,0,2,2,startedActivity setFocusedActivity]
12-24 16:49:04.957  1125  1653 I wm_task_moved: [5,1,0]
12-24 16:49:04.958  1125  1653 I am_focused_activity: [0,com.tianyancha.skyeye/.activity.LaunchActivity]
12-24 16:49:04.959  1125  1975 I am_finish_activity: [0,27093083,5,com.tianyancha.skyeye/.SplashPage,app-request]
12-24 16:49:04.962  1125  2152 I am_restart_activity: [0,145348298,5,com.tianyancha.skyeye/.activity.LaunchActivity]
12-24 16:49:05.257  7122  7122 I am_on_resume_called: [0,com.tianyancha.skyeye.activity.LaunchActivity]
12-24 16:49:05.297  1125  1125 I notification_cancel: [10131,1938,com.koushikdutta.vysor,101,NULL,0,0,64,8,NULL]
12-24 16:49:05.297  1125  1125 I notification_canceled: [0|com.koushikdutta.vysor|101|null|10131,8,46191,46191,0]
12-24 16:49:05.301  1125  2152 I notification_expansion: [-1|android|17040350|null|1000,0,1,470656,470656,0]
12-24 16:49:05.306  1125  1125 I notification_enqueue: [10131,1938,com.koushikdutta.vysor,101,NULL,0,Notification(pri=0 contentView=null vibrate=null sound=null isShadow = false isOriginalStyle = false defaults=0x0 flags=0x2 color=0x00000000 vis=PRIVATE),0]
12-24 16:49:05.334  1125  2167 I am_destroy_activity: [0,27093083,5,com.tianyancha.skyeye/.SplashPage,finish-idle]
12-24 16:49:05.337  1125  1153 I am_activity_launch_time: [0,145348298,com.tianyancha.skyeye/.activity.LaunchActivity,376,1185]
12-24 16:49:05.367  1125  1653 I notification_expansion: [0|com.koushikdutta.vysor|101|null|10131,0,1,61,61,0]
12-24 16:49:05.367  1125  1884 I notification_expansion: [-1|android|17040350|null|1000,0,0,470722,470722,0]
12-24 16:49:05.460  1125  1884 I am_home_stack_moved: [0,0,2,2,intentActivityFound]
12-24 16:49:05.501  1125  1884 I wm_task_moved: [5,1,0]
12-24 16:49:05.503  1125  1884 I am_new_intent: [0,145348298,5,com.tianyancha.skyeye/.activity.LaunchActivity,NULL,NULL,NULL,0]
12-24 16:49:14.580  1125  1962 I am_proc_start: [0,7247,10140,com.tianyancha.skyeye:channel,service,com.tianyancha.skyeye/com.taobao.accs.ChannelService]
12-24 16:49:14.594  1125  2157 I am_proc_bound: [0,7247,com.tianyancha.skyeye:channel]
12-24 16:49:14.687  1125  1143 I am_pss  : [7122,10140,com.tianyancha.skyeye,115747840,106414080]
12-24 16:49:19.461  1125  1276 I netstats_mobile_sample: [0,0,0,0,0,0,0,0,0,0,0,0,-1]
12-24 16:49:19.461  1125  1276 I netstats_wifi_sample: [10843983,16455,1144821,10177,10531900,13846,1001443,10140,10531900,13846,1001443,10140,-1]
12-24 16:49:24.472  1125  1125 I notification_cancel: [10038,1629,com.android.systemui,2131755074,low_battery,-1,0,64,8,NULL]
12-24 16:49:25.014  1125  1143 I am_pss  : [3888,10114,com.icoolme.android.weather:widget,8786944,5758976]
12-24 16:49:25.032  1125  1143 I am_pss  : [7096,10107,com.svox.pico,3563520,2117632]
12-24 16:49:25.050  1125  1143 I am_pss  : [5414,10076,com.letv.android.filemanager,10290176,8232960]
12-24 16:49:25.070  1125  1143 I am_pss  : [7071,10013,com.letv.walletbiz,6979584,3862528]
12-24 16:49:27.244  1125  1579 I am_home_stack_moved: [0,0,2,2,intentActivityFound]
12-24 16:49:27.245  1125  1579 I wm_task_moved: [5,1,0]
12-24 16:49:27.246  1125  1579 I am_home_stack_moved: [0,0,2,2,sourceStackToFront]
12-24 16:49:27.246  1125  1579 I wm_task_moved: [5,1,0]
12-24 16:49:27.248  1125  1579 I am_create_activity: [0,191719658,5,com.tianyancha.skyeye/.MainActivity,NULL,NULL,NULL,268435456]
12-24 16:49:27.249  1125  1579 I am_pause_activity: [0,145348298,com.tianyancha.skyeye/.activity.LaunchActivity]
12-24 16:49:27.255  1125  1579 I am_home_stack_moved: [0,0,2,2,startedActivity setFocusedActivity]
12-24 16:49:27.255  1125  1579 I wm_task_moved: [5,1,0]
12-24 16:49:27.258  1125  1579 I am_focused_activity: [0,com.tianyancha.skyeye/.MainActivity]
12-24 16:49:27.260  1125  1653 I am_finish_activity: [0,145348298,5,com.tianyancha.skyeye/.activity.LaunchActivity,app-request]
12-24 16:49:27.261  7122  7122 I am_on_paused_called: [0,com.tianyancha.skyeye.activity.LaunchActivity]
12-24 16:49:27.263  1125  2152 I am_restart_activity: [0,191719658,5,com.tianyancha.skyeye/.MainActivity]
12-24 16:49:27.298  1125  1143 I am_pss  : [2147,10010,com.android.launcher3,147254272,137625600]
12-24 16:49:27.307  1125  1143 I am_pss  : [3468,10115,com.letv.agnes,10375168,8470528]
12-24 16:49:27.316  1125  1143 I am_pss  : [2369,10088,com.letv.app.appstore,20057088,17199104]
12-24 16:49:27.843  7122  7122 I am_on_resume_called: [0,com.tianyancha.skyeye.MainActivity]
12-24 16:49:27.989  1125  1153 I am_activity_launch_time: [0,191719658,com.tianyancha.skyeye/.MainActivity,727,727]
12-24 16:49:28.253  1125  2166 I am_destroy_activity: [0,145348298,5,com.tianyancha.skyeye/.activity.LaunchActivity,finish-imm]
12-24 16:49:28.280   385   385 I sf_frame_dur: [com.tianyancha.skyeye/com.tianyancha.skyeye.activity.LaunchActivity,36,56,2,1,2,3,7]
12-24 16:49:31.702  1125  1267 I am_home_stack_moved: [0,1,0,0,bringingFoundTaskToFront setFocusedActivity]
12-24 16:49:31.702  1125  1267 I wm_task_moved: [1,1,0]
12-24 16:49:31.706  1125  1267 I am_focused_activity: [0,com.android.launcher3/.Launcher]
12-24 16:49:31.737  1125  1267 I am_pause_activity: [0,191719658,com.tianyancha.skyeye/.MainActivity]
12-24 16:49:31.738  7122  7122 I am_on_paused_called: [0,com.tianyancha.skyeye.MainActivity]
12-24 16:49:31.741  1125  1267 I am_task_to_front: [0,1]
12-24 16:49:31.741  1125  1267 I am_new_intent: [0,176523408,1,com.android.launcher3/.Launcher,android.intent.action.MAIN,NULL,NULL,274726912]
12-24 16:49:31.748  1125  1962 I am_resume_activity: [0,171912681,1,com.android.launcher3/.Launcher]
12-24 16:49:31.763  1125  1143 I am_pss  : [3818,10005,com.android.defcontainer,4213760,2621440]
12-24 16:49:31.783  2147  2147 I am_on_resume_called: [0,com.android.launcher3.Launcher]
12-24 16:49:31.804  1125  1125 I notification_cancel: [10131,1938,com.koushikdutta.vysor,101,NULL,0,0,64,8,NULL]
12-24 16:49:31.804  1125  1125 I notification_canceled: [0|com.koushikdutta.vysor|101|null|10131,8,26498,26498,0]
12-24 16:49:31.807  1125  1125 I notification_enqueue: [10131,1938,com.koushikdutta.vysor,101,NULL,0,Notification(pri=0 contentView=null vibrate=null sound=null isShadow = false isOriginalStyle = false defaults=0x0 flags=0x2 color=0x00000000 vis=PRIVATE),0]
12-24 16:49:31.808  1125  1139 I notification_expansion: [-1|android|17040350|null|1000,0,1,497163,497163,0]
12-24 16:49:31.851  1125  1608 I notification_expansion: [0|com.koushikdutta.vysor|101|null|10131,0,1,44,44,0]
12-24 16:49:31.852  1125  1975 I notification_expansion: [-1|android|17040350|null|1000,0,0,497207,497207,0]
12-24 16:49:32.255   385   385 I sf_frame_dur: [com.tianyancha.skyeye/com.tianyancha.skyeye.MainActivity,0,2,0,0,2,0,0]
12-24 16:49:32.871  1125  2167 I am_home_stack_moved: [0,1,0,0,startingNewTask]
12-24 16:49:32.871  1125  2167 I am_create_task: [0,6]
12-24 16:49:32.871  1125  2167 I am_create_activity: [0,212495271,6,com.android.systemui/.recents.leui.LeuiRecentActivity,com.android.systemui.recents.leui.LeuiRecentActivity.TOGGLE_RECENTS,NULL,NULL,276840448]
12-24 16:49:32.872  1125  2167 I wm_task_created: [6,0]
12-24 16:49:32.872  1125  2167 I wm_task_moved: [6,1,1]
12-24 16:49:32.872  1125  2167 I am_pause_activity: [0,171912681,com.android.launcher3/.Launcher]
12-24 16:49:32.879  2147  2147 I am_on_paused_called: [0,com.android.launcher3.Launcher]
12-24 16:49:32.922  1125  2167 I configuration_changed: 1152
12-24 16:49:32.966  1125  2167 I am_restart_activity: [0,212495271,6,com.android.systemui/.recents.leui.LeuiRecentActivity]
12-24 16:49:32.967  1125  2167 I am_home_stack_moved: [0,1,0,0,startedActivity setFocusedActivity]
12-24 16:49:32.968  1125  2167 I wm_task_moved: [6,1,1]
12-24 16:49:32.980  1125  2167 I am_focused_activity: [0,com.android.systemui/.recents.leui.LeuiRecentActivity]
12-24 16:49:33.048   385   385 I sf_frame_dur: [com.android.launcher3/com.android.launcher3.Launcher,0,0,0,0,1,0,0]
12-24 16:49:33.091  1629  1629 I sysui_recents_visible_change: [1,0]
12-24 16:49:33.110  1629  1629 I am_on_resume_called: [0,com.android.systemui.recents.leui.LeuiRecentActivity]
12-24 16:49:33.187  1125  1125 I notification_cancel: [10131,1938,com.koushikdutta.vysor,101,NULL,0,0,64,8,NULL]
12-24 16:49:33.188  1125  1125 I notification_canceled: [0|com.koushikdutta.vysor|101|null|10131,8,1381,1381,0]
12-24 16:49:33.191  1125  1125 I notification_enqueue: [10131,1938,com.koushikdutta.vysor,101,NULL,0,Notification(pri=0 contentView=null vibrate=null sound=null isShadow = false isOriginalStyle = false defaults=0x0 flags=0x2 color=0x00000000 vis=PRIVATE),0]
12-24 16:49:33.241  1125  2166 I notification_expansion: [-1|android|17040350|null|1000,0,1,498596,498596,0]
12-24 16:49:33.244  1125  1153 I am_activity_launch_time: [0,212495271,com.android.systemui/.recents.leui.LeuiRecentActivity,346,346]
12-24 16:49:33.275  1125  1975 I notification_expansion: [0|com.koushikdutta.vysor|101|null|10131,0,1,84,84,0]
12-24 16:49:33.275  1125  1698 I notification_expansion: [-1|android|17040350|null|1000,0,0,498630,498630,0]
12-24 16:49:37.149  1629  1629 I sysui_goto_task: [Task (1):  isActive:true key:Task.Key: 1, s: 1, u: 0, lat: 1514105371744, com.android.launcher3 ComponentInfo{com.android.launcher3/com.android.launcher3.Launcher} [com.android.systemui.recents.model.Task@8374e7a],1]
12-24 16:49:37.150  1629  1629 I sysui_recents_visible_change: [0,1]
12-24 16:49:37.154  1125  2167 I am_home_stack_moved: [0,1,0,0,moveTaskToFront setFocusedActivity]
12-24 16:49:37.154  1125  2167 I wm_task_moved: [1,1,1]
12-24 16:49:37.162  1125  2167 I am_focused_activity: [0,com.android.launcher3/.Launcher]
12-24 16:49:37.170  1125  2167 I am_pause_activity: [0,212495271,com.android.systemui/.recents.leui.LeuiRecentActivity]
12-24 16:49:37.175  1125  2167 I am_task_to_front: [0,1]
12-24 16:49:37.177  1629  1629 I am_on_paused_called: [0,com.android.systemui.recents.leui.LeuiRecentActivity]
12-24 16:49:37.243  1125  1975 I configuration_changed: 1152
12-24 16:49:37.282  1125  1975 I am_resume_activity: [0,171912681,1,com.android.launcher3/.Launcher]
12-24 16:49:37.312  2147  2147 I am_on_resume_called: [0,com.android.launcher3.Launcher]
12-24 16:49:37.317  1125  1143 I am_pss  : [7247,10140,com.tianyancha.skyeye:channel,17516544,8085504]
12-24 16:49:37.337   385   385 I sf_frame_dur: [com.android.systemui/com.android.systemui.recents.leui.LeuiRecentActivity,0,1,1,0,1,0,1]
12-24 16:49:37.350  1125  1125 I notification_cancel: [10131,1938,com.koushikdutta.vysor,101,NULL,0,0,64,8,NULL]
12-24 16:49:37.350  1125  1125 I notification_canceled: [0|com.koushikdutta.vysor|101|null|10131,8,4159,4159,0]
12-24 16:49:37.354  1125  1125 I notification_enqueue: [10131,1938,com.koushikdutta.vysor,101,NULL,0,Notification(pri=0 contentView=null vibrate=null sound=null isShadow = false isOriginalStyle = false defaults=0x0 flags=0x2 color=0x00000000 vis=PRIVATE),0]
12-24 16:49:37.366  1125  2156 I notification_expansion: [-1|android|17040350|null|1000,0,1,502720,502720,0]
12-24 16:49:37.403  1125  1698 I notification_expansion: [0|com.koushikdutta.vysor|101|null|10131,0,1,49,49,0]
12-24 16:49:37.404  1125  1139 I notification_expansion: [-1|android|17040350|null|1000,0,0,502759,502759,0]
12-24 16:49:40.930  1125  1276 I netstats_mobile_sample: [0,0,0,0,0,0,0,0,0,0,0,0,-1]
12-24 16:49:40.931  1125  1276 I netstats_wifi_sample: [10875248,16722,1177573,10364,10558047,14068,1031577,10327,10558047,14068,1031577,10327,-1]
12-24 16:49:46.893  1125  1143 I am_pss  : [6132,10134,com.tencent.mm:exdevice,21408768,12230656]
12-24 16:49:46.978  1125  1143 I am_pss  : [6028,10134,com.tencent.mm,97409024,81817600]
12-24 16:49:48.020  1125  1276 I netstats_mobile_sample: [0,0,0,0,0,0,0,0,0,0,0,0,-1]
12-24 16:49:48.020  1125  1276 I netstats_wifi_sample: [10930101,16875,1198489,10483,10610250,14205,1050687,10441,10610134,14204,1050687,10441,-1]
12-24 16:49:54.443  1125  2156 I am_home_stack_moved: [0,0,2,2,startingNewTask]
12-24 16:49:54.443  1125  2156 I am_create_task: [0,7]
12-24 16:49:54.443  1125  2156 I am_create_activity: [0,142731631,7,com.android.settings/.Settings,android.intent.action.MAIN,NULL,NULL,270532608]
12-24 16:49:54.443  1125  2156 I wm_task_created: [7,2]
12-24 16:49:54.443  1125  2156 I wm_task_moved: [7,1,1]
12-24 16:49:54.445  1125  2156 I am_pause_activity: [0,171912681,com.android.launcher3/.Launcher]
12-24 16:49:54.471  1125  2156 I am_home_stack_moved: [0,0,2,2,startedActivity setFocusedActivity]
12-24 16:49:54.472  1125  2156 I wm_task_moved: [7,1,1]
12-24 16:49:54.477  1125  2156 I am_focused_activity: [0,com.android.settings/.Settings]
12-24 16:49:54.482  2147  2147 I am_on_paused_called: [0,com.android.launcher3.Launcher]
12-24 16:49:54.515  1125  1653 I am_restart_activity: [0,142731631,7,com.android.settings/.Settings]
12-24 16:49:54.601  1125  1143 I am_pss  : [2147,10010,com.android.launcher3,231456768,219701248]
12-24 16:49:54.627  1125  1143 I am_pss  : [7122,10140,com.tianyancha.skyeye,68484096,56082432]
12-24 16:49:54.639  1125  1143 I am_pss  : [3468,10115,com.letv.agnes,10401792,8499200]
12-24 16:49:54.699  1125  1975 I am_proc_start: [0,7476,10016,com.android.cellbroadcastreceiver,content provider,com.android.cellbroadcastreceiver/.CellBroadcastSearchIndexableProvider]
12-24 16:49:54.711  1125  2167 I am_proc_bound: [0,7476,com.android.cellbroadcastreceiver]
12-24 16:49:54.774  3492  3492 I auditd  : type=1400 audit(0.0:2609): avc: denied { search } for comm="ged_srv" name="6954" dev="proc" ino=50414 scontext=u:r:ged_srv:s0 tcontext=u:r:system_app:s0 tclass=dir permissive=0
12-24 16:49:54.804  6954  6954 I sysui_view_visibility: [1,100]
12-24 16:49:54.852  6954  6954 I am_on_resume_called: [0,com.android.settings.Settings]
12-24 16:49:54.890  1125  1975 I am_proc_start: [0,7491,10085,com.letv.android.letvsafe,content provider,com.letv.android.letvsafe/.provider.LetvSafeSearchIndexablesProvider]
12-24 16:49:54.899  1125  1653 I am_proc_bound: [0,7491,com.letv.android.letvsafe]
12-24 16:49:54.932   385   385 I sf_frame_dur: [com.android.launcher3/com.android.launcher3.Launcher,61,211,4,1,0,5,4]
12-24 16:49:55.000  1125  2167 I am_proc_start: [0,7507,10086,com.letv.leui.schpwronoff,content provider,com.letv.leui.schpwronoff/.LeUISchedulePowerOnOffIndexableProvider]
12-24 16:49:55.011  1125  1971 I am_proc_bound: [0,7507,com.letv.leui.schpwronoff]
12-24 16:49:55.097  1125  2166 I am_proc_start: [0,7524,10089,com.letv.android.themesettings,content provider,com.letv.android.themesettings/.PersonalizationSearchIndexablesProvider]
12-24 16:49:55.107  1125  2152 I am_proc_bound: [0,7524,com.letv.android.themesettings]
12-24 16:49:55.194  3487  3487 I auditd  : type=1400 audit(0.0:2610): avc: denied { search } for comm="GpuAppSpectator" name="6954" dev="proc" ino=50414 scontext=u:r:gas_srv:s0 tcontext=u:r:system_app:s0 tclass=dir permissive=0
12-24 16:49:55.290  1125  1579 I am_kill : [0,6588,com.sohu.inputmethod.sogou.leshi,15,empty #17]
12-24 16:49:55.311  1125  1975 I am_proc_died: [0,6588,com.sohu.inputmethod.sogou.leshi]
12-24 16:49:55.312  1125  1153 I am_activity_launch_time: [0,142731631,com.android.settings/.Settings,829,829]
12-24 16:49:55.336  1125  1139 I am_kill : [0,6804,com.letv.android.backup,15,empty #17]
12-24 16:49:55.354  1125  1971 I am_proc_died: [0,6804,com.letv.android.backup]
12-24 16:49:55.361  1125  1125 I notification_cancel: [10131,1938,com.koushikdutta.vysor,101,NULL,0,0,64,8,NULL]
12-24 16:49:55.361  1125  1125 I notification_canceled: [0|com.koushikdutta.vysor|101|null|10131,8,18007,18007,0]
12-24 16:49:55.364  1125  1653 I am_kill : [0,6549,com.letv.android.mobileactivation,15,empty #17]
12-24 16:49:55.365  1125  1962 I notification_expansion: [-1|android|17040350|null|1000,0,1,520720,520720,0]
12-24 16:49:55.393  1125  1975 I am_proc_died: [0,6549,com.letv.android.mobileactivation]
12-24 16:49:55.402  1125  1125 I notification_enqueue: [10131,1938,com.koushikdutta.vysor,101,NULL,0,Notification(pri=0 contentView=null vibrate=null sound=null isShadow = false isOriginalStyle = false defaults=0x0 flags=0x2 color=0x00000000 vis=PRIVATE),0]
12-24 16:49:55.462  1125  1653 I notification_expansion: [0|com.koushikdutta.vysor|101|null|10131,0,1,60,60,0]
12-24 16:49:55.463  1125  1962 I notification_expansion: [-1|android|17040350|null|1000,0,0,520818,520818,0]
12-24 16:49:56.194  3487  3487 I auditd  : type=1400 audit(0.0:2611): avc: denied { search } for comm="GpuAppSpectator" name="6954" dev="proc" ino=50414 scontext=u:r:gas_srv:s0 tcontext=u:r:system_app:s0 tclass=dir permissive=0
12-24 16:49:56.774  3492  3492 I auditd  : type=1400 audit(0.0:2612): avc: denied { search } for comm="ged_srv" name="6954" dev="proc" ino=50414 scontext=u:r:ged_srv:s0 tcontext=u:r:system_app:s0 tclass=dir permissive=0
12-24 16:49:57.194  3487  3487 I auditd  : type=1400 audit(0.0:2613): avc: denied { search } for comm="GpuAppSpectator" name="6954" dev="proc" ino=50414 scontext=u:r:gas_srv:s0 tcontext=u:r:system_app:s0 tclass=dir permissive=0
12-24 16:49:58.194  3487  3487 I auditd  : type=1400 audit(0.0:2614): avc: denied { search } for comm="GpuAppSpectator" name="6954" dev="proc" ino=50414 scontext=u:r:gas_srv:s0 tcontext=u:r:system_app:s0 tclass=dir permissive=0
12-24 16:49:58.774  3492  3492 I auditd  : type=1400 audit(0.0:2615): avc: denied { search } for comm="ged_srv" name="6954" dev="proc" ino=50414 scontext=u:r:ged_srv:s0 tcontext=u:r:system_app:s0 tclass=dir permissive=0
12-24 16:49:59.204  3487  3487 I auditd  : type=1400 audit(0.0:2616): avc: denied { search } for comm="GpuAppSpectator" name="6954" dev="proc" ino=50414 scontext=u:r:gas_srv:s0 tcontext=u:r:system_app:s0 tclass=dir permissive=0
12-24 16:50:00.204  3487  3487 I auditd  : type=1400 audit(0.0:2617): avc: denied { search } for comm="GpuAppSpectator" name="6954" dev="proc" ino=50414 scontext=u:r:gas_srv:s0 tcontext=u:r:system_app:s0 tclass=dir permissive=0
12-24 16:50:00.784  3492  3492 I auditd  : type=1400 audit(0.0:2618): avc: denied { search } for comm="ged_srv" name="6954" dev="proc" ino=50414 scontext=u:r:ged_srv:s0 tcontext=u:r:system_app:s0 tclass=dir permissive=0
12-24 16:50:01.204  3487  3487 I auditd  : type=1400 audit(0.0:2619): avc: denied { search } for comm="GpuAppSpectator" name="6954" dev="proc" ino=50414 scontext=u:r:gas_srv:s0 tcontext=u:r:system_app:s0 tclass=dir permissive=0
12-24 16:50:02.204  3487  3487 I auditd  : type=1400 audit(0.0:2620): avc: denied { search } for comm="GpuAppSpectator" name="6954" dev="proc" ino=50414 scontext=u:r:gas_srv:s0 tcontext=u:r:system_app:s0 tclass=dir permissive=0
12-24 16:50:02.784  3492  3492 I auditd  : type=1400 audit(0.0:2621): avc: denied { search } for comm="ged_srv" name="6954" dev="proc" ino=50414 scontext=u:r:ged_srv:s0 tcontext=u:r:system_app:s0 tclass=dir permissive=0
12-24 16:50:03.204  3487  3487 I auditd  : type=1400 audit(0.0:2622): avc: denied { search } for comm="GpuAppSpectator" name="6954" dev="proc" ino=50414 scontext=u:r:gas_srv:s0 tcontext=u:r:system_app:s0 tclass=dir permissive=0
12-24 16:50:04.204  3487  3487 I auditd  : type=1400 audit(0.0:2623): avc: denied { search } for comm="GpuAppSpectator" name="6954" dev="proc" ino=50414 scontext=u:r:gas_srv:s0 tcontext=u:r:system_app:s0 tclass=dir permissive=0
12-24 16:50:04.784  3492  3492 I auditd  : type=1400 audit(0.0:2624): avc: denied { search } for comm="ged_srv" name="6954" dev="proc" ino=50414 scontext=u:r:ged_srv:s0 tcontext=u:r:system_app:s0 tclass=dir permissive=0
12-24 16:50:05.204  3487  3487 I auditd  : type=1400 audit(0.0:2625): avc: denied { search } for comm="GpuAppSpectator" name="6954" dev="proc" ino=50414 scontext=u:r:gas_srv:s0 tcontext=u:r:system_app:s0 tclass=dir permissive=0
12-24 16:50:06.204  3487  3487 I auditd  : type=1400 audit(0.0:2626): avc: denied { search } for comm="GpuAppSpectator" name="6954" dev="proc" ino=50414 scontext=u:r:gas_srv:s0 tcontext=u:r:system_app:s0 tclass=dir permissive=0
12-24 16:50:06.784  3492  3492 I auditd  : type=1400 audit(0.0:2627): avc: denied { search } for comm="ged_srv" name="6954" dev="proc" ino=50414 scontext=u:r:ged_srv:s0 tcontext=u:r:system_app:s0 tclass=dir permissive=0
12-24 16:50:07.152  1125  1699 I am_home_stack_moved: [0,0,2,2,sourceStackToFront]
12-24 16:50:07.152  1125  1699 I wm_task_moved: [7,1,1]
12-24 16:50:07.154  1125  1699 I am_create_activity: [0,105939991,7,com.android.settings/.SubSettings,android.intent.action.MAIN,NULL,NULL,0]
12-24 16:50:07.156  1125  1699 I am_pause_activity: [0,142731631,com.android.settings/.Settings]
12-24 16:50:07.162  1125  1699 I am_home_stack_moved: [0,0,2,2,startedActivity setFocusedActivity]
12-24 16:50:07.162  1125  1699 I wm_task_moved: [7,1,1]
12-24 16:50:07.166  1125  1699 I am_focused_activity: [0,com.android.settings/.SubSettings]
12-24 16:50:07.173  6954  6954 I sysui_view_visibility: [1,0]
12-24 16:50:07.174  6954  6954 I am_on_paused_called: [0,com.android.settings.Settings]
12-24 16:50:07.175  1125  1139 I am_restart_activity: [0,105939991,7,com.android.settings/.SubSettings]
12-24 16:50:07.193  1125  1143 I am_pss  : [6954,1000,com.android.settings,73300992,67520512]
12-24 16:50:07.210  1125  1143 I am_pss  : [2187,10046,com.android.browser,14292992,10305536]
12-24 16:50:07.204  3487  3487 I auditd  : type=1400 audit(0.0:2628): avc: denied { search } for comm="GpuAppSpectator" name="6954" dev="proc" ino=50414 scontext=u:r:gas_srv:s0 tcontext=u:r:system_app:s0 tclass=dir permissive=0
12-24 16:50:07.276  6954  6954 I sysui_view_visibility: [103,100]
12-24 16:50:07.280  6954  6954 I am_on_resume_called: [0,com.android.settings.SubSettings]
12-24 16:50:07.550  1125  1153 I am_activity_launch_time: [0,105939991,com.android.settings/.SubSettings,375,375]
12-24 16:50:07.680  1125  1143 I am_pss  : [1982,10102,com.tencent.android.location,11896832,9383936]
12-24 16:50:07.694  1125  1143 I am_pss  : [1928,10038,com.android.systemui:imagewallpaper,18830336,15765504]
12-24 16:50:07.904   385   385 I sf_frame_dur: [com.android.settings/com.android.settings.Settings,20,13,0,2,1,1,2]
12-24 16:50:08.204  3487  3487 I auditd  : type=1400 audit(0.0:2629): avc: denied { search } for comm="GpuAppSpectator" name="6954" dev="proc" ino=50414 scontext=u:r:gas_srv:s0 tcontext=u:r:system_app:s0 tclass=dir permissive=0
12-24 16:50:08.784  3492  3492 I auditd  : type=1400 audit(0.0:2630): avc: denied { search } for comm="ged_srv" name="6954" dev="proc" ino=50414 scontext=u:r:ged_srv:s0 tcontext=u:r:system_app:s0 tclass=dir permissive=0
12-24 16:50:09.214  3487  3487 I auditd  : type=1400 audit(0.0:2631): avc: denied { search } for comm="GpuAppSpectator" name="6954" dev="proc" ino=50414 scontext=u:r:gas_srv:s0 tcontext=u:r:system_app:s0 tclass=dir permissive=0
12-24 16:50:09.761  1125  1579 I am_home_stack_moved: [0,0,2,2,sourceStackToFront]
12-24 16:50:09.761  1125  1579 I wm_task_moved: [7,1,1]
12-24 16:50:09.764  1125  1579 I am_create_activity: [0,134654463,7,com.android.settings/.SubSettings,android.intent.action.MAIN,NULL,NULL,0]
12-24 16:50:09.765  1125  1579 I am_pause_activity: [0,105939991,com.android.settings/.SubSettings]
12-24 16:50:09.774  1125  1579 I am_home_stack_moved: [0,0,2,2,startedActivity setFocusedActivity]
12-24 16:50:09.774  1125  1579 I wm_task_moved: [7,1,1]
12-24 16:50:09.776  1125  1579 I am_focused_activity: [0,com.android.settings/.SubSettings]
12-24 16:50:09.778  6954  6954 I sysui_view_visibility: [103,0]
12-24 16:50:09.780  6954  6954 I am_on_paused_called: [0,com.android.settings.SubSettings]
12-24 16:50:09.781  1125  1699 I am_restart_activity: [0,134654463,7,com.android.settings/.SubSettings]
12-24 16:50:09.847  6954  6954 I sysui_view_visibility: [109,100]
12-24 16:50:09.848  6954  6954 I am_on_resume_called: [0,com.android.settings.SubSettings]
12-24 16:50:10.028  1125  1153 I am_activity_launch_time: [0,134654463,com.android.settings/.SubSettings,248,248]
12-24 16:50:10.214  3487  3487 I auditd  : type=1400 audit(0.0:2632): avc: denied { search } for comm="GpuAppSpectator" name="6954" dev="proc" ino=50414 scontext=u:r:gas_srv:s0 tcontext=u:r:system_app:s0 tclass=dir permissive=0
12-24 16:50:10.394   385   385 I sf_frame_dur: [com.android.settings/com.android.settings.SubSettings,11,14,1,2,1,0,1]
12-24 16:50:10.784  3492  3492 I auditd  : type=1400 audit(0.0:2633): avc: denied { search } for comm="ged_srv" name="6954" dev="proc" ino=50414 scontext=u:r:ged_srv:s0 tcontext=u:r:system_app:s0 tclass=dir permissive=0
12-24 16:50:10.933  1125  1962 I am_finish_activity: [0,134654463,7,com.android.settings/.SubSettings,app-request]
12-24 16:50:10.933  1125  1962 I am_home_stack_moved: [0,0,2,2,finishActivity adjustFocus setFocusedActivity]
12-24 16:50:10.933  1125  1962 I wm_task_moved: [7,1,1]
12-24 16:50:10.936  1125  1962 I am_focused_activity: [0,com.android.settings/.SubSettings]
12-24 16:50:10.936  1125  1962 I am_pause_activity: [0,134654463,com.android.settings/.SubSettings]
12-24 16:50:10.945  6954  6954 I sysui_view_visibility: [109,0]
12-24 16:50:10.951  6954  6954 I am_on_paused_called: [0,com.android.settings.SubSettings]
12-24 16:50:10.956  1125  2166 I am_resume_activity: [0,105939991,7,com.android.settings/.SubSettings]
12-24 16:50:10.971  6954  6954 I sysui_view_visibility: [103,100]
12-24 16:50:10.975  6954  6954 I am_on_resume_called: [0,com.android.settings.SubSettings]
12-24 16:50:11.089  1125  1282 I netstats_mobile_sample: [0,0,0,0,0,0,0,0,0,0,0,0,-1]
12-24 16:50:11.089  1125  1282 I netstats_wifi_sample: [11272948,18022,1259569,10937,10935103,15295,1105411,10895,10935103,15295,1105411,10895,-1]
12-24 16:50:11.186  1125  1144 I am_broadcast_discard_app: [0,18657999,android.net.conn.CONNECTIVITY_CHANGE,0,ResolveInfo{2cd645c com.lesports.glivesports/com.f1llib.receiver.ConnectionChangeReceiver p=2147483647 m=0x108000}]
12-24 16:50:11.186  1125  1144 I am_broadcast_discard_app: [0,18657999,android.net.conn.CONNECTIVITY_CHANGE,1,ResolveInfo{12ff365 com.eg.android.AlipayGphone/com.alipay.pushsdk.BroadcastActionReceiver p=2147483647 m=0x108000}]
12-24 16:50:11.187  1125  1144 I am_broadcast_discard_app: [0,18657999,android.net.conn.CONNECTIVITY_CHANGE,2,ResolveInfo{2b1983a com.ss.android.article.news/com.xiaomi.push.service.receivers.NetworkStatusReceiver m=0x108000}]
12-24 16:50:11.187  1125  1144 I am_broadcast_discard_app: [0,18657999,android.net.conn.CONNECTIVITY_CHANGE,3,ResolveInfo{8dbaceb com.eg.android.AlipayGphone/com.xiaomi.push.service.receivers.NetworkStatusReceiver m=0x108000}]
12-24 16:50:11.205  1125  1144 I am_proc_start: [0,7624,2000,com.letv.bugpostbox,broadcast,com.letv.bugpostbox/.core.receiver.NetworkChangeReceiver]
12-24 16:50:11.214  3487  3487 I auditd  : type=1400 audit(0.0:2634): avc: denied { search } for comm="GpuAppSpectator" name="6954" dev="proc" ino=50414 scontext=u:r:gas_srv:s0 tcontext=u:r:system_app:s0 tclass=dir permissive=0
12-24 16:50:11.232  1125  1608 I am_proc_bound: [0,7624,com.letv.bugpostbox]
12-24 16:50:11.396  1125  2152 I am_proc_start: [0,7647,10013,com.letv.wallet,broadcast,com.letv.wallet/.common.receiver.ConnectivityStateChangedReceiver]
12-24 16:50:11.407  1125  2166 I am_proc_bound: [0,7647,com.letv.wallet]
12-24 16:50:11.472   385   385 I sf_frame_dur: [com.android.settings/com.android.settings.SubSettings,0,7,1,1,2,0,0]
12-24 16:50:11.600  1125  1884 I am_destroy_activity: [0,134654463,7,com.android.settings/.SubSettings,finish-imm]
12-24 16:50:11.606  1125  1975 I am_kill : [0,6576,com.android.inputmethod.latin,15,empty #17]
12-24 16:50:11.624  1125  1971 I am_proc_died: [0,6576,com.android.inputmethod.latin]
12-24 16:50:11.654  1125  1579 I am_proc_start: [0,7672,10018,com.letv.android.ecoProvider,broadcast,com.letv.android.ecoProvider/.syncData.AccountChangeReceiver]
12-24 16:50:11.666  1125  2156 I am_proc_bound: [0,7672,com.letv.android.ecoProvider]
12-24 16:50:11.812  1125  1971 I am_proc_start: [0,7691,10011,com.letv.domain,content provider,com.letv.domain/.provider.DomainProvider]
12-24 16:50:11.833  1125  2156 I am_proc_bound: [0,7691,com.letv.domain]
12-24 16:50:11.870  1125  2157 I am_proc_start: [0,7706,10021,com.letv.android.note,broadcast,com.letv.android.note/.stationery.StationeryNetChangeReceiver]
12-24 16:50:11.873  1125  2157 I am_kill : [0,6970,com.android.keychain,15,empty #17]
12-24 16:50:11.906  1125  1125 I notification_enqueue: [1000,1125,android,17303659,NULL,0,Notification(pri=0 contentView=null vibrate=null sound=null tick isShadow = false isOriginalStyle = false defaults=0x0 flags=0x10 color=0xff607d8b vis=PRIVATE),0]
12-24 16:50:11.906  1125  1698 I am_proc_died: [0,6970,com.android.keychain]
12-24 16:50:11.909  1125  2152 I am_proc_bound: [0,7706,com.letv.android.note]
12-24 16:50:12.027  1125  1140 I notification_expansion: [0|android|17303659|null|1000,0,1,121,121,0]
12-24 16:50:12.028  1125  2156 I notification_expansion: [0|com.koushikdutta.vysor|101|null|10131,0,0,16626,16626,0]
12-24 16:50:12.034  1125  1962 I am_kill : [0,5487,com.android.externalstorage,15,empty #17]
12-24 16:50:12.051  1125  1962 I am_kill : [0,6997,com.android.documentsui,15,empty #18]
12-24 16:50:12.073  1125  1884 I am_proc_died: [0,5487,com.android.externalstorage]
12-24 16:50:12.075  1125  1579 I am_proc_died: [0,6997,com.android.documentsui]
12-24 16:50:12.142  1125  1140 I am_broadcast_discard_app: [0,18657999,android.net.conn.CONNECTIVITY_CHANGE,10,ResolveInfo{8a012b2 com.letv.android.client/.receiver.NetStateReceiver m=0x108000}]
12-24 16:50:12.144  1125  1140 I am_kill : [0,7013,com.android.shell,15,empty #17]
12-24 16:50:12.163  1125  2156 I am_proc_died: [0,7013,com.android.shell]
12-24 16:50:12.214  3487  3487 I auditd  : type=1400 audit(0.0:2635): avc: denied { search } for comm="GpuAppSpectator" name="6954" dev="proc" ino=50414 scontext=u:r:gas_srv:s0 tcontext=u:r:system_app:s0 tclass=dir permissive=0
12-24 16:50:12.217  1125  1698 I am_proc_start: [0,7730,10054,com.mediatek.providers.drm,broadcast,com.mediatek.providers.drm/.ConnectionChangeReceiver]
12-24 16:50:12.232  1125  1139 I am_proc_bound: [0,7730,com.mediatek.providers.drm]
12-24 16:50:12.331  1125  1140 I am_proc_start: [0,7746,10056,com.android.email,broadcast,com.android.email/com.android.mail.browse.NetWorkReceiver]
12-24 16:50:12.333  1125  1140 I am_kill : [0,5414,com.letv.android.filemanager,15,empty #17]
12-24 16:50:12.355  1125  2152 I am_proc_bound: [0,7746,com.android.email]
12-24 16:50:12.371  1125  2167 I am_proc_died: [0,5414,com.letv.android.filemanager]
12-24 16:50:12.611  1125  1971 I am_proc_start: [0,7776,1001,com.mediatek.esntrack,broadcast,com.mediatek.esntrack/.EsnTrackTriggerReceiver]
12-24 16:50:12.613  1125  1971 I am_kill : [0,7096,com.svox.pico,15,empty #17]
12-24 16:50:12.648  1125  2156 I am_proc_bound: [0,7776,com.mediatek.esntrack]
12-24 16:50:12.689  1125  2152 I am_proc_died: [0,7096,com.svox.pico]
12-24 16:50:12.711  1125  1884 I am_proc_start: [0,7792,10057,com.android.exchange,service,com.android.exchange/.service.EasService]
12-24 16:50:12.738  1125  2152 I am_proc_start: [0,7803,10070,com.letv.android.cloudservice,broadcast,com.letv.android.cloudservice/.account.UpgradeConnectReceiver]
12-24 16:50:12.741  1125  2152 I am_kill : [0,4982,com.android.calendar,15,empty #17]
12-24 16:50:12.771  1125  1699 I am_proc_bound: [0,7803,com.letv.android.cloudservice]
12-24 16:50:12.783  1125  1140 I am_proc_died: [0,4982,com.android.calendar]
12-24 16:50:12.786  1125  1975 I am_proc_bound: [0,7792,com.android.exchange]
12-24 16:50:12.784  3492  3492 I auditd  : type=1400 audit(0.0:2636): avc: denied { search } for comm="ged_srv" name="6954" dev="proc" ino=50414 scontext=u:r:ged_srv:s0 tcontext=u:r:system_app:s0 tclass=dir permissive=0
12-24 16:50:13.001  1125  1139 I am_proc_start: [0,7825,10076,com.letv.android.filemanager,broadcast,com.letv.android.filemanager/.receivers.NetworkChangeReceiver]
12-24 16:50:13.010  1125  1139 I am_kill : [0,3818,com.android.defcontainer,15,empty #17]
12-24 16:50:13.041  1125  2152 I am_proc_died: [0,3818,com.android.defcontainer]
12-24 16:50:13.043  1125  1579 I am_proc_bound: [0,7825,com.letv.android.filemanager]
12-24 16:50:13.224  3487  3487 I auditd  : type=1400 audit(0.0:2637): avc: denied { search } for comm="GpuAppSpectator" name="6954" dev="proc" ino=50414 scontext=u:r:gas_srv:s0 tcontext=u:r:system_app:s0 tclass=dir permissive=0
12-24 16:50:13.247  1125  1975 I am_kill : [0,5050,android.process.acore,15,empty #17]
12-24 16:50:13.281  1125  1962 I am_proc_died: [0,5050,android.process.acore]
12-24 16:50:13.293  1125  1698 I am_broadcast_discard_app: [0,18657999,android.net.conn.CONNECTIVITY_CHANGE,18,ResolveInfo{a784f41 com.letv.letvshop/com.umeng.message.SystemReceiver m=0x108000}]
12-24 16:50:13.295  1125  1698 I am_kill : [0,7476,com.android.cellbroadcastreceiver,15,empty #17]
12-24 16:50:13.318  1125  1144 I am_broadcast_discard_app: [0,18657999,android.net.conn.CONNECTIVITY_CHANGE,19,ResolveInfo{803b227 com.letv.letvshop/com.easy.android.framework.util.netstate.EANetworkStateReceiver m=0x108000}]
12-24 16:50:13.321  1125  1884 I am_proc_died: [0,7476,com.android.cellbroadcastreceiver]
12-24 16:50:13.429  1125  1139 I am_proc_start: [0,7865,10111,com.sohu.inputmethod.sogou.leshi,broadcast,com.sohu.inputmethod.sogou.leshi/com.sohu.inputmethod.settings.status.TrafficMonitorReceiver]
12-24 16:50:13.447  1125  1608 I am_proc_bound: [0,7865,com.sohu.inputmethod.sogou.leshi]
12-24 16:50:13.626  1125  1699 I am_proc_start: [0,7883,10114,com.icoolme.android.weather,broadcast,com.icoolme.android.weather/.receiver.AutoUpdateReceiver]
12-24 16:50:13.629  1125  1699 I am_kill : [0,7491,com.letv.android.letvsafe,15,empty #17]
12-24 16:50:13.651  1125  1579 I am_proc_bound: [0,7883,com.icoolme.android.weather]
12-24 16:50:13.671  1125  1884 I am_proc_died: [0,7491,com.letv.android.letvsafe]
12-24 16:50:13.777  1125  1884 I am_kill : [0,7507,com.letv.leui.schpwronoff,15,empty #17]
12-24 16:50:13.870  1125  1653 I am_proc_died: [0,7507,com.letv.leui.schpwronoff]
12-24 16:50:13.873  1125  1579 I am_broadcast_discard_app: [0,18657999,android.net.conn.CONNECTIVITY_CHANGE,26,ResolveInfo{9aa8221 com.letv.games/com.letv.app.downloadprovider.download.DownloadReceiver m=0x108000}]
12-24 16:50:13.875  1125  1144 I am_broadcast_discard_app: [0,18657999,android.net.conn.CONNECTIVITY_CHANGE,27,ResolveInfo{7c5a646 com.letv.games/.receiver.GameCenterReceiver m=0x108000}]
12-24 16:50:13.888  1125  1144 I am_proc_start: [0,7901,10119,com.letv.android.mobileactivation,broadcast,com.letv.android.mobileactivation/.receiver.NetworkBroadcastReceiver]
12-24 16:50:13.909  1125  1653 I am_proc_bound: [0,7901,com.letv.android.mobileactivation]
12-24 16:50:13.973  1125  1125 I notification_cancel: [1000,1125,android,17303659,NULL,-1,0,0,8,NULL]
12-24 16:50:13.987  1125  1125 I notification_canceled: [0|android|17303659|null|1000,8,2081,2081,0]
12-24 16:50:13.999  1125  1884 I notification_expansion: [0|com.koushikdutta.vysor|101|null|10131,0,1,18597,18597,0]
12-24 16:50:14.050  1125  2156 I am_broadcast_discard_app: [0,18657999,android.net.conn.CONNECTIVITY_CHANGE,29,ResolveInfo{22fa501 com.letv.android.letvlive/com.letv.push.receiver.LetvPushServiceReceiver m=0x108000}]
12-24 16:50:14.051  1125  2156 I am_kill : [0,7524,com.letv.android.themesettings,15,empty #17]
12-24 16:50:14.076  1125  1971 I am_proc_died: [0,7524,com.letv.android.themesettings]
12-24 16:50:14.107  1125  1608 I am_proc_start: [0,7929,10072,com.android.calendar,broadcast,com.android.calendar/com.letv.calendar.AccountChangeReceiver]
12-24 16:50:14.127  1125  1962 I am_proc_bound: [0,7929,com.android.calendar]
12-24 16:50:14.169  1125  1282 I netstats_mobile_sample: [0,0,0,0,0,0,0,0,0,0,0,0,-1]
12-24 16:50:14.169  1125  1282 I netstats_wifi_sample: [11272948,18022,1259569,10937,10935103,15295,1105411,10895,10935103,15295,1105411,10895,-1]
12-24 16:50:14.181  1125  1282 I netstats_mobile_sample: [0,0,0,0,0,0,0,0,0,0,0,0,-1]
12-24 16:50:14.181  1125  1282 I netstats_wifi_sample: [11272948,18022,1259569,10937,10935103,15295,1105411,10895,10935103,15295,1105411,10895,-1]
12-24 16:50:14.224  3487  3487 I auditd  : type=1400 audit(0.0:2638): avc: denied { search } for comm="GpuAppSpectator" name="6954" dev="proc" ino=50414 scontext=u:r:gas_srv:s0 tcontext=u:r:system_app:s0 tclass=dir permissive=0
12-24 16:50:14.317  1125  1699 I am_proc_start: [0,7956,10002,com.android.providers.calendar,content provider,com.android.providers.calendar/.CalendarProvider2]
12-24 16:50:14.340  1125  1140 I am_proc_bound: [0,7956,com.android.providers.calendar]
12-24 16:50:14.434  1125  1282 I netstats_mobile_sample: [0,0,0,0,0,0,0,0,0,0,0,0,-1]
12-24 16:50:14.434  1125  1282 I netstats_wifi_sample: [11274551,18033,1260606,10949,10936510,15305,1106252,10906,10936510,15305,1106176,10905,-1]
12-24 16:50:14.463  1125  1125 I notification_cancel: [1000,1125,android,1001,CaptivePortal.Notification,0,0,0,8,NULL]
12-24 16:50:14.521  1125  2157 I am_kill : [0,7647,com.letv.wallet,15,empty #17]
12-24 16:50:14.569  1125  2157 I am_kill : [0,7624,com.letv.bugpostbox,15,empty #18]
12-24 16:50:14.623  1125  1579 I am_proc_died: [0,7647,com.letv.wallet]
12-24 16:50:14.626  1125  2152 I am_broadcast_discard_app: [0,18657999,android.net.conn.CONNECTIVITY_CHANGE,33,ResolveInfo{3835b8d com.ss.android.article.news/com.bytedance.common.wschannel.server.WsChannelReceiver m=0x108000}]
12-24 16:50:14.628  1125  1144 I am_broadcast_discard_app: [0,18657999,android.net.conn.CONNECTIVITY_CHANGE,34,ResolveInfo{7d72389 com.ss.android.article.news/com.ss.android.message.MessageReceiver m=0x108000}]
12-24 16:50:14.629  1125  1144 I am_broadcast_discard_app: [0,18657999,android.net.conn.CONNECTIVITY_CHANGE,35,ResolveInfo{8640f8e com.ss.android.article.news/com.umeng.message.SystemReceiver m=0x108000}]
12-24 16:50:14.629  1125  1144 I am_broadcast_discard_app: [0,18657999,android.net.conn.CONNECTIVITY_CHANGE,36,ResolveInfo{52c13af com.ss.android.article.news/com.huawei.android.pushagent.PushBootReceiver m=0x108000}]
12-24 16:50:14.629  1125  1139 I am_proc_died: [0,7624,com.letv.bugpostbox]
12-24 16:50:14.632  1125  1144 I am_broadcast_discard_app: [0,18657999,android.net.conn.CONNECTIVITY_CHANGE,37,ResolveInfo{4303bcb com.ss.android.article.news/com.ss.android.download.DownloadReceiver m=0x108000}]
12-24 16:50:14.633  1125  1144 I am_broadcast_discard_app: [0,18657999,android.net.conn.CONNECTIVITY_CHANGE,38,ResolveInfo{4c37fa8 com.sina.weibo/.bundlemanager.WBBroadcastDeliver m=0x108000}]
12-24 16:50:14.633  1125  1144 I am_broadcast_discard_app: [0,18657999,android.net.conn.CONNECTIVITY_CHANGE,39,ResolveInfo{1a4ee54 com.sina.weibo/.localpush.BootRemoteReceiver m=0x108000}]
12-24 16:50:14.634  1125  1144 I am_broadcast_discard_app: [0,18657999,android.net.conn.CONNECTIVITY_CHANGE,40,ResolveInfo{38f469f com.sina.weibo/.ConnectivityReceiver m=0x108000}]
12-24 16:50:14.755  1125  1140 I am_broadcast_discard_app: [0,200874601,android.net.conn.CONNECTIVITY_CHANGE,0,ResolveInfo{5526cee com.lesports.glivesports/com.f1llib.receiver.ConnectionChangeReceiver p=2147483647 m=0x108000}]
12-24 16:50:14.756  1125  1144 I am_broadcast_discard_app: [0,200874601,android.net.conn.CONNECTIVITY_CHANGE,1,ResolveInfo{f5d158f com.eg.android.AlipayGphone/com.alipay.pushsdk.BroadcastActionReceiver p=2147483647 m=0x108000}]
12-24 16:50:14.757  1125  1144 I am_broadcast_discard_app: [0,200874601,android.net.conn.CONNECTIVITY_CHANGE,2,ResolveInfo{2cdf01c com.ss.android.article.news/com.xiaomi.push.service.receivers.NetworkStatusReceiver m=0x108000}]
12-24 16:50:14.757  1125  1144 I am_broadcast_discard_app: [0,200874601,android.net.conn.CONNECTIVITY_CHANGE,3,ResolveInfo{c9f7bab com.eg.android.AlipayGphone/com.xiaomi.push.service.receivers.NetworkStatusReceiver m=0x108000}]
12-24 16:50:14.773  1125  1144 I am_proc_start: [0,8016,2000,com.letv.bugpostbox,broadcast,com.letv.bugpostbox/.core.receiver.NetworkChangeReceiver]
12-24 16:50:14.791  1125  1971 I am_proc_bound: [0,8016,com.letv.bugpostbox]
12-24 16:50:14.794  3492  3492 I auditd  : type=1400 audit(0.0:2639): avc: denied { search } for comm="ged_srv" name="6954" dev="proc" ino=50414 scontext=u:r:ged_srv:s0 tcontext=u:r:system_app:s0 tclass=dir permissive=0
12-24 16:50:14.975  1125  1962 I am_proc_start: [0,8046,10013,com.letv.wallet,broadcast,com.letv.wallet/.common.receiver.ConnectivityStateChangedReceiver]
12-24 16:50:14.977  1125  1143 I am_pss  : [4751,10081,com.letv.android.ota,6645760,4833280]
12-24 16:50:14.990  1125  1608 I am_proc_bound: [0,8046,com.letv.wallet]
12-24 16:50:15.089  1125  1975 I am_kill : [0,7672,com.letv.android.ecoProvider,15,empty #17]
12-24 16:50:15.112  1125  1139 I am_proc_died: [0,7672,com.letv.android.ecoProvider]
12-24 16:50:15.134  1125  2166 I am_proc_start: [0,8066,10018,com.letv.android.ecoProvider,broadcast,com.letv.android.ecoProvider/.syncData.AccountChangeReceiver]
