12-24 17:22:19.711  1713  1817 D SubscriptionController: [getSubId]- sSlotIdxToSubId.size == 0, return DummySubIds slotIdx=0
12-24 17:22:19.711  1713  1817 D SubscriptionController: getDummySubIds: slotIdx=0 return 2 DummySubIds with each subId=-2
12-24 17:22:19.712  1713  1976 D SubscriptionManager: [getPhoneId]- return dummy value, subId = -2
12-24 17:22:19.714  1713  2355 D SubscriptionController: [getSubId]- sSlotIdxToSubId.size == 0, return DummySubIds slotIdx=0
12-24 17:22:19.714  1713  2355 D SubscriptionController: getDummySubIds: slotIdx=0 return 2 DummySubIds with each subId=-2
12-24 17:22:19.715  1713  1724 D SubscriptionManager: [getPhoneId]- return dummy value, subId = -2
12-24 17:22:19.718  1713  1725 D SubscriptionController: [getSubId]- sSlotIdxToSubId.size == 0, return DummySubIds slotIdx=0
12-24 17:22:19.718  1713  1725 D SubscriptionController: getDummySubIds: slotIdx=0 return 2 DummySubIds with each subId=-2
12-24 17:22:19.719  1713  1817 D SubscriptionManager: [getPhoneId]- return dummy value, subId = -2
12-24 17:22:19.761  1713  1976 D SubscriptionController: [getSubId]- sSlotIdxToSubId.size == 0, return DummySubIds slotIdx=0
12-24 17:22:19.761  1713  1976 D SubscriptionController: getDummySubIds: slotIdx=0 return 2 DummySubIds with each subId=-2
12-24 17:22:19.762  1713  2355 D SubscriptionManager: [getPhoneId]- return dummy value, subId = -2
12-24 17:22:19.770  1713  1724 D SubscriptionController: [getSubId]- sSlotIdxToSubId.size == 0, return DummySubIds slotIdx=0
12-24 17:22:19.770  1713  1724 D SubscriptionController: getDummySubIds: slotIdx=0 return 2 DummySubIds with each subId=-2
12-24 17:22:19.771  1713  1725 D SubscriptionManager: [getPhoneId]- return dummy value, subId = -2
12-24 17:22:19.785  1713  1817 D SubscriptionController: [getSubId]- sSlotIdxToSubId.size == 0, return DummySubIds slotIdx=0
12-24 17:22:19.785  1713  1817 D SubscriptionController: getDummySubIds: slotIdx=0 return 2 DummySubIds with each subId=-2
12-24 17:22:19.786  1713  1976 D SubscriptionManager: [getPhoneId]- return dummy value, subId = -2
12-24 17:22:19.859  1713  2355 D SubscriptionController: [getSubId]- sSlotIdxToSubId.size == 0, return DummySubIds slotIdx=0
12-24 17:22:19.859  1713  2355 D SubscriptionController: getDummySubIds: slotIdx=0 return 2 DummySubIds with each subId=-2
12-24 17:22:19.859  1713  1724 D SubscriptionManager: [getPhoneId]- return dummy value, subId = -2
12-24 17:22:19.890  1713  1817 D SubscriptionManager: [getPhoneId]- return dummy value, subId = -1
12-24 17:22:20.005   435  1124 I RPC     : RPC-client RX thread after select! - (0)
12-24 17:22:20.005   435  1124 I RPC     : RPC-client RX thread Before select!
12-24 17:22:20.301  1108  1120 I C2K_RIL : AT read end: 18:Bad file descriptor
12-24 17:22:20.301  1108  1120 D C2K_RIL : <fd 5> AT < +CSQ:20,99,-22
12-24 17:22:20.302  1108  1120 D C2K_RIL : AT_CHANNEL Enter processLine
12-24 17:22:20.302  1108  1120 D C2K_RIL : processLine enter line=+CSQ:20,99,-22
12-24 17:22:20.302  1108  1120 D C2K_RIL : processLine, p_response is null
12-24 17:22:20.302  1108  1120 D C2K_RIL : onUnsolicited enter s=+CSQ:20,99,-22
12-24 17:22:20.302  1108  1120 D C2K_RIL : commas_count is 2
12-24 17:22:20.302  1108  1120 D C2K_RIL : onUnsolicited s_unsol_msg_cache.signal_strength.CDMA_SignalStrength.dbm = 73
12-24 17:22:20.302  1108  1120 D C2K_RIL : onUnsolicited s_unsol_msg_cache.signal_strength.CDMA_SignalStrength.ecio = 110
12-24 17:22:20.302  1108  1120 I C2K_RILC: RIL_SOCKET_1 UNSOLICITED: UNSOL_SIGNAL_STRENGTH length:56
12-24 17:22:20.302  1108  1120 E C2K_RILC: Send Response to RIL_SOCKET_1
12-24 17:22:20.302  1108  1120 D C2K_RILC: writeOffset = 0 written = 4
12-24 17:22:20.302  1108  1120 D C2K_RILC: writeOffset = 0 written = 56
12-24 17:22:20.302  1108  1120 D C2K_RIL : onUnsolicited exit normal
12-24 17:22:20.302  1108  1120 I C2K_RIL : readline enter p_channel->myName=AT_CHANNEL
12-24 17:22:20.302  1108  1120 I C2K_RIL : AT read start
12-24 17:22:20.302  1214  1222 D RfxMainThread: enqueueMessage(), mainHandler = 0x7f78c1dec0, msg = [type=URC, source=C2K, dest=GSM, pId=UNSOL_SIGNAL_STRENGTH(1009), pToken=0, id=UNSOL_SIGNAL_STRENGTH(1009), token=0, slotId=0,             error = 0, pTimeStamp =           0, isWrongC2KResponse = 0]
12-24 17:22:20.302  1214  1218 D RfxMainThread: handle msg begin, mainHandler = 0x7f78c1dec0
12-24 17:22:20.302  1214  1218 D RfxRootController: processMessage() msg = [type=URC, source=C2K, dest=GSM, pId=UNSOL_SIGNAL_STRENGTH(1009), pToken=0, id=UNSOL_SIGNAL_STRENGTH(1009), token=0, slotId=0,             error = 0, pTimeStamp =           0, isWrongC2KResponse = 0]
12-24 17:22:20.302  1214  1218 D RfxRootController: processMessage() handler = 0x7f78c62000, RpNwStateController
12-24 17:22:20.302  1214  1218 D RpNwSC[0]:  Sig: gsm[99 -1] c2k[73 110 120 -64 8] lte[-99 2147483647 2147483647 2147483647 2147483647] umts[0 0 0]
12-24 17:22:20.302  1214  1218 D RfxRilAdapter: client: unsol response to client
12-24 17:22:20.302  1214  1218 D RpRilClientController: client 1001 handle unsolictied
12-24 17:22:20.302  1214  1218 D RilClient: capabilitySim = 0
12-24 17:22:20.302  1214  1218 D RilClient: command Fd not ready here
12-24 17:22:20.302  1214  1218 D RILC    : RIL_onUnsolicitedResponse: default
12-24 17:22:20.303  1214  1218 D RfxRilAdapter: responseToRilj send Urc done (slotId=0, PId=1009, dataSize=68)
12-24 17:22:20.303  1713  1713 D CdmaSST : [CdmaLteSST] handleMessage: 12
12-24 17:22:20.303  1713  1713 D CdmaSST : [CdmaLteSST] onSignalStrengthResult():  LastSignalStrength=SignalStrength: 99 -1 -71 -105 -120 -1 8 99 2147483647 2147483647 2147483647 2147483647 cdma 0 0 0
12-24 17:22:20.303  1713  1713 D CdmaSST : [CdmaLteSST] onSignalStrengthResult():new mSignalStrength=SignalStrength: 99 -1 -73 -110 -120 -1 8 99 2147483647 2147483647 2147483647 2147483647 cdma 0 0 0
12-24 17:22:20.303  1713  1713 D CdmaSST : [CdmaLteSST] notifySignalStrength: mSignalStrength.getLevel=4
12-24 17:22:20.303  1713  1713 D SubscriptionController: [getSubId]- sSlotIdxToSubId.size == 0, return DummySubIds slotIdx=0
12-24 17:22:20.303  1713  1713 D SubscriptionController: getDummySubIds: slotIdx=0 return 2 DummySubIds with each subId=-2
12-24 17:22:20.303  1713  1713 D DefaultPhoneNotifier: notifySignalStrength: mRegistry=com.android.internal.telephony.ITelephonyRegistry$Stub$Proxy@5b8666a ss=SignalStrength: 99 -1 -73 -110 -120 -1 8 99 2147483647 2147483647 2147483647 2147483647 cdma 0 0 0 sender=Handler (com.android.internal.telephony.cdma.CDMALTEPhone) {b1a5f3c}
12-24 17:22:20.304  1125  2157 D TelephonyRegistry: notifySignalStrengthForSubscriber: subId=-2 signalStrength=SignalStrength: 99 -1 -73 -110 -120 -1 8 99 2147483647 2147483647 2147483647 2147483647 cdma 0 0 0
12-24 17:22:20.304  1125  2157 D TelephonyRegistry: notifySignalStrengthForSubscriber: logSSC.length=5 next=0
12-24 17:22:20.304  1125  2157 D TelephonyRegistry: notifyServiceStateForSubscriber Time 20171224T163454Asia/Shanghai(0,357,28800,0,1514104494) mSubId -3 mPhoneId 1  mState 3 3 voice home data home null null null null null null  Unknown Unknown CSS not supported -1 -1 RoamInd=-1 DefRoamInd=-1 EmergOnly=false Ril Voice Regist state: 0 Ril Data Regist state: 0 mProprietaryDataRadioTechnology: 0 VoiceRejectCause: -1 DataRejectCause: -1 IsDataRoamingFromRegistration=false
12-24 17:22:20.304  1125  2157 D TelephonyRegistry: notifyServiceStateForSubscriber Time 20171224T163454Asia/Shanghai(0,357,28800,0,1514104494) mSubId -3 mPhoneId 1  mState 3 3 voice home data home null null null null null null  Unknown Unknown CSS not supported -1 -1 RoamInd=-1 DefRoamInd=-1 EmergOnly=false Ril Voice Regist state: 0 Ril Data Regist state: 0 mProprietaryDataRadioTechnology: 0 VoiceRejectCause: -1 DataRejectCause: -1 IsDataRoamingFromRegistration=false
12-24 17:22:20.304  1125  2157 D TelephonyRegistry: notifyServiceStateForSubscriber Time 20171224T163455Asia/Shanghai(0,357,28800,0,1514104495) mSubId -2 mPhoneId 0  mState 1 1 voice home data home null null null null null null  Unknown Unknown CSS not supported 1 13824 RoamInd=1 DefRoamInd=1 EmergOnly=true Ril Voice Regist state: 0 Ril Data Regist state: 0 mProprietaryDataRadioTechnology: 0 VoiceRejectCause: -1 DataRejectCause: -1 IsDataRoamingFromRegistration=false
12-24 17:22:20.304  1125  2157 D TelephonyRegistry: notifyServiceStateForSubscriber Time 20171224T163455Asia/Shanghai(0,357,28800,0,1514104495) mSubId -3 mPhoneId 1  mState 3 3 voice home data home null null null null null null  Unknown Unknown CSS not supported -1 -1 RoamInd=-1 DefRoamInd=-1 EmergOnly=false Ril Voice Regist state: 0 Ril Data Regist state: 0 mProprietaryDataRadioTechnology: 0 VoiceRejectCause: -1 DataRejectCause: -1 IsDataRoamingFromRegistration=false
12-24 17:22:20.304  1125  2157 D TelephonyRegistry: notifyServiceStateForSubscriber Time 20171224T163455Asia/Shanghai(0,357,28800,0,1514104495) mSubId -3 mPhoneId 1  mState 3 3 voice home data home null null null null null null  Unknown Unknown CSS not supported -1 -1 RoamInd=-1 DefRoamInd=-1 EmergOnly=false Ril Voice Regist state: 0 Ril Data Regist state: 0 mProprietaryDataRadioTechnology: 0 VoiceRejectCause: -1 DataRejectCause: -1 IsDataRoamingFromRegistration=false
12-24 17:22:20.304  1125  2157 D TelephonyRegistry: notifySignalStrengthForSubscriber: ----------------
12-24 17:22:20.305  1125  2157 D SubscriptionManager: [getPhoneId]- return dummy value, subId = -2
12-24 17:22:20.305  1125  2157 D TelephonyRegistry: validatePhoneId: true
12-24 17:22:20.305  1125  2157 D TelephonyRegistry: notifySignalStrengthForSubscriber: valid phoneId=0
12-24 17:22:20.306  1713  1713 D SubscriptionController: [getPhoneId] asked for default subId=-1
12-24 17:22:20.306  1713  1713 D SubscriptionController: [getPhoneId]- invalid subId = -1 return = -1
12-24 17:22:20.306  1125  2157 D SubscriptionManager: [getPhoneId]- return dummy value, subId = -2
12-24 17:22:20.306  1125  2157 D TelephonyRegistry: idMatch: rlt=false
12-24 17:22:20.307  1713  1713 D SubscriptionController: [getPhoneId] asked for default subId=-1
12-24 17:22:20.307  1713  1713 D SubscriptionController: [getPhoneId]- invalid subId = -1 return = -1
12-24 17:22:20.308  1125  2157 D SubscriptionManager: [getPhoneId]- return dummy value, subId = -2
12-24 17:22:20.308  1125  2157 D TelephonyRegistry: idMatch: rlt=false
12-24 17:22:20.309  1713  1713 D SubscriptionController: [getPhoneId] asked for default subId=-1
12-24 17:22:20.309  1713  1713 D SubscriptionController: [getPhoneId]- invalid subId = -1 return = -1
12-24 17:22:20.310  1125  2157 D SubscriptionManager: [getPhoneId]- return dummy value, subId = -2
12-24 17:22:20.310  1125  2157 D TelephonyRegistry: idMatch: rlt=false
12-24 17:22:20.310  1713  1713 D SubscriptionController: [getPhoneId] asked for default subId=-1
12-24 17:22:20.311  1713  1713 D SubscriptionController: [getPhoneId]- invalid subId = -1 return = -1
12-24 17:22:20.311  1125  2157 D SubscriptionManager: [getPhoneId]- return dummy value, subId = -2
12-24 17:22:20.311  1125  2157 D TelephonyRegistry: idMatch: rlt=false
12-24 17:22:20.312  1713  1713 D SubscriptionController: [getPhoneId] asked for default subId=-1
12-24 17:22:20.312  1713  1713 D SubscriptionController: [getPhoneId]- invalid subId = -1 return = -1
12-24 17:22:20.312  1125  2157 D SubscriptionManager: [getPhoneId]- return dummy value, subId = -2
12-24 17:22:20.312  1125  2157 D TelephonyRegistry: idMatch: rlt=false
12-24 17:22:20.313  1713  1713 D SubscriptionController: [getPhoneId] asked for default subId=-1
12-24 17:22:20.313  1713  1713 D SubscriptionController: [getPhoneId]- invalid subId = -1 return = -1
12-24 17:22:20.314  1125  2157 D SubscriptionManager: [getPhoneId]- return dummy value, subId = -2
12-24 17:22:20.314  1125  2157 D TelephonyRegistry: idMatch: rlt=false
12-24 17:22:20.314  1713  1713 D SubscriptionController: [getPhoneId] asked for default subId=-1
12-24 17:22:20.315  1713  1713 D SubscriptionController: [getPhoneId]- invalid subId = -1 return = -1
12-24 17:22:20.315  1125  2157 D SubscriptionManager: [getPhoneId]- return dummy value, subId = -2
12-24 17:22:20.315  1125  2157 D TelephonyRegistry: idMatch: rlt=false
12-24 17:22:20.316  1713  1713 D SubscriptionController: [getPhoneId] asked for default subId=-1
12-24 17:22:20.316  1713  1713 D SubscriptionController: [getPhoneId]- invalid subId = -1 return = -1
12-24 17:22:20.316  1125  2157 D SubscriptionManager: [getPhoneId]- return dummy value, subId = -2
12-24 17:22:20.316  1125  2157 D TelephonyRegistry: idMatch: rlt=false
12-24 17:22:20.316  1125  2157 D TelephonyRegistry: handleRemoveListLocked: mRemoveList.size()=0
12-24 17:22:20.316  1125  2157 D SubscriptionManager: [getPhoneId]- return dummy value, subId = -2
12-24 17:22:20.317  1713  1713 D SubscriptionController: [getSubId]- sSlotIdxToSubId.size == 0, return DummySubIds slotIdx=0
12-24 17:22:20.317  1713  1713 D SubscriptionController: getDummySubIds: slotIdx=0 return 2 DummySubIds with each subId=-2
12-24 17:22:20.319  1713  1713 D SubscriptionController: [getSubId]- sSlotIdxToSubId.size == 0, return DummySubIds slotIdx=0
12-24 17:22:20.319  1713  1713 D SubscriptionController: getDummySubIds: slotIdx=0 return 2 DummySubIds with each subId=-2
12-24 17:22:20.319  1125  1962 D TelephonyRegistry: notifyCellInfoForSubscriber: subId=-2 cellInfo=[CellInfoLte:{mRegistered=NO mTimeStampType=unknown mTimeStamp=9223372036854775807ns CellIdentityLte:{ mMcc=2147483647 mMnc=2147483647 mCi=2147483647 mPci=2147483647 mTac=2147483647} CellSignalStrengthLte: ss=2147483647 rsrp=2147483647 rsrq=2147483647 rssnr=2147483647 cqi=2147483647 ta=2147483647}]
12-24 17:22:20.319  1125  1962 D SubscriptionManager: [getPhoneId]- return dummy value, subId = -2
12-24 17:22:20.319  1125  1962 D TelephonyRegistry: validatePhoneId: true
12-24 17:22:20.320  1125  1962 D TelephonyRegistry: validateEventsAndUserLocked: valid=false r.callerUserId=0 foregroundUser=0 r.events=32 events=1024
12-24 17:22:20.320  1125  1962 D TelephonyRegistry: validateEventsAndUserLocked: valid=false r.callerUserId=0 foregroundUser=0 r.events=32 events=1024
12-24 17:22:20.320  1125  1962 D TelephonyRegistry: validateEventsAndUserLocked: valid=false r.callerUserId=0 foregroundUser=0 r.events=8192 events=1024
12-24 17:22:20.320  1125  1962 D TelephonyRegistry: validateEventsAndUserLocked: valid=false r.callerUserId=0 foregroundUser=0 r.events=449 events=1024
12-24 17:22:20.320  1125  1962 D TelephonyRegistry: validateEventsAndUserLocked: valid=false r.callerUserId=0 foregroundUser=0 r.events=32 events=1024
12-24 17:22:20.320  1125  1962 D TelephonyRegistry: validateEventsAndUserLocked: valid=false r.callerUserId=0 foregroundUser=0 r.events=32 events=1024
12-24 17:22:20.320  1125  1962 D TelephonyRegistry: validateEventsAndUserLocked: valid=false r.callerUserId=0 foregroundUser=0 r.events=0 events=1024
12-24 17:22:20.320  1125  1962 D TelephonyRegistry: validateEventsAndUserLocked: valid=false r.callerUserId=0 foregroundUser=0 r.events=1 events=1024
12-24 17:22:20.320  1125  1962 D TelephonyRegistry: validateEventsAndUserLocked: valid=false r.callerUserId=0 foregroundUser=0 r.events=33 events=1024
12-24 17:22:20.320  1125  1962 D TelephonyRegistry: validateEventsAndUserLocked: valid=false r.callerUserId=0 foregroundUser=0 r.events=32 events=1024
12-24 17:22:20.320  1125  1962 D TelephonyRegistry: validateEventsAndUserLocked: valid=false r.callerUserId=0 foregroundUser=0 r.events=0 events=1024
12-24 17:22:20.320  1125  1962 D TelephonyRegistry: validateEventsAndUserLocked: valid=false r.callerUserId=0 foregroundUser=0 r.events=0 events=1024
12-24 17:22:20.320  1125  1962 D TelephonyRegistry: validateEventsAndUserLocked: valid=false r.callerUserId=0 foregroundUser=0 r.events=0 events=1024
12-24 17:22:20.320  1125  1962 D TelephonyRegistry: validateEventsAndUserLocked: valid=false r.callerUserId=0 foregroundUser=0 r.events=0 events=1024
12-24 17:22:20.320  1125  1962 D TelephonyRegistry: validateEventsAndUserLocked: valid=false r.callerUserId=0 foregroundUser=0 r.events=65536 events=1024
12-24 17:22:20.320  1125  1962 D TelephonyRegistry: validateEventsAndUserLocked: valid=false r.callerUserId=0 foregroundUser=0 r.events=0 events=1024
12-24 17:22:20.320  1125  1962 D TelephonyRegistry: validateEventsAndUserLocked: valid=false r.callerUserId=0 foregroundUser=0 r.events=0 events=1024
12-24 17:22:20.320  1125  1962 D TelephonyRegistry: validateEventsAndUserLocked: valid=false r.callerUserId=0 foregroundUser=0 r.events=32 events=1024
12-24 17:22:20.320  1125  1962 D TelephonyRegistry: validateEventsAndUserLocked: valid=false r.callerUserId=0 foregroundUser=0 r.events=0 events=1024
12-24 17:22:20.320  1125  1962 D TelephonyRegistry: validateEventsAndUserLocked: valid=false r.callerUserId=0 foregroundUser=0 r.events=0 events=1024
12-24 17:22:20.320  1125  1962 D TelephonyRegistry: validateEventsAndUserLocked: valid=false r.callerUserId=0 foregroundUser=0 r.events=0 events=1024
12-24 17:22:20.320  1125  1962 D TelephonyRegistry: validateEventsAndUserLocked: valid=false r.callerUserId=0 foregroundUser=0 r.events=65536 events=1024
12-24 17:22:20.320  1125  1962 D TelephonyRegistry: validateEventsAndUserLocked: valid=false r.callerUserId=0 foregroundUser=0 r.events=0 events=1024
12-24 17:22:20.320  1125  1962 D TelephonyRegistry: validateEventsAndUserLocked: valid=false r.callerUserId=0 foregroundUser=0 r.events=1 events=1024
12-24 17:22:20.320  1125  1962 D TelephonyRegistry: validateEventsAndUserLocked: valid=false r.callerUserId=0 foregroundUser=0 r.events=512 events=1024
12-24 17:22:20.320  1125  1962 D TelephonyRegistry: validateEventsAndUserLocked: valid=false r.callerUserId=0 foregroundUser=0 r.events=32 events=1024
12-24 17:22:20.320  1125  1962 D TelephonyRegistry: validateEventsAndUserLocked: valid=false r.callerUserId=0 foregroundUser=0 r.events=32 events=1024
12-24 17:22:20.320  1125  1962 D TelephonyRegistry: validateEventsAndUserLocked: valid=false r.callerUserId=0 foregroundUser=0 r.events=256 events=1024
12-24 17:22:20.320  1125  1962 D TelephonyRegistry: validateEventsAndUserLocked: valid=false r.callerUserId=0 foregroundUser=0 r.events=256 events=1024
12-24 17:22:20.320  1125  1962 D TelephonyRegistry: validateEventsAndUserLocked: valid=false r.callerUserId=0 foregroundUser=0 r.events=256 events=1024
12-24 17:22:20.320  1125  1962 D TelephonyRegistry: validateEventsAndUserLocked: valid=false r.callerUserId=0 foregroundUser=0 r.events=256 events=1024
12-24 17:22:20.320  1125  1962 D TelephonyRegistry: validateEventsAndUserLocked: valid=false r.callerUserId=0 foregroundUser=0 r.events=256 events=1024
12-24 17:22:20.320  1125  1962 D TelephonyRegistry: validateEventsAndUserLocked: valid=false r.callerUserId=0 foregroundUser=0 r.events=256 events=1024
12-24 17:22:20.320  1125  1962 D TelephonyRegistry: validateEventsAndUserLocked: valid=false r.callerUserId=0 foregroundUser=0 r.events=32 events=1024
12-24 17:22:20.321  1125  1962 D TelephonyRegistry: validateEventsAndUserLocked: valid=false r.callerUserId=0 foregroundUser=0 r.events=32 events=1024
12-24 17:22:20.321  1125  1962 D TelephonyRegistry: validateEventsAndUserLocked: valid=false r.callerUserId=0 foregroundUser=0 r.events=32 events=1024
12-24 17:22:20.321  1125  1962 D TelephonyRegistry: validateEventsAndUserLocked: valid=false r.callerUserId=0 foregroundUser=0 r.events=256 events=1024
12-24 17:22:20.321  1125  1962 D TelephonyRegistry: validateEventsAndUserLocked: valid=false r.callerUserId=0 foregroundUser=0 r.events=32 events=1024
12-24 17:22:20.321  1125  1962 D TelephonyRegistry: handleRemoveListLocked: mRemoveList.size()=0
12-24 17:22:20.505   435  1124 I RPC     : RPC-client RX thread after select! - (0)
12-24 17:22:20.505   435  1124 I RPC     : RPC-client RX thread Before select!
12-24 17:22:20.634  1713  1713 D DCT     : [1]onReceive: action=android.net.wifi.STATE_CHANGE
12-24 17:22:20.634  1713  1713 D DCT     : [1]NETWORK_STATE_CHANGED_ACTION: mIsWifiConnected=false
12-24 17:22:20.634  1713  1713 D DCT     : [0]onReceive: action=android.net.wifi.STATE_CHANGE
12-24 17:22:20.634  1713  1713 D DCT     : [0]NETWORK_STATE_CHANGED_ACTION: mIsWifiConnected=false
12-24 17:22:21.006   435  1124 I RPC     : RPC-client RX thread after select! - (0)
12-24 17:22:21.006   435  1124 I RPC     : RPC-client RX thread Before select!
12-24 17:22:21.507   435  1124 I RPC     : RPC-client RX thread after select! - (0)
12-24 17:22:21.507   435  1124 I RPC     : RPC-client RX thread Before select!
12-24 17:22:22.008   435  1124 I RPC     : RPC-client RX thread after select! - (0)
12-24 17:22:22.008   435  1124 I RPC     : RPC-client RX thread Before select!
12-24 17:22:22.318  1136  1136 D RILMUXD : [gsm0710muxd] 3913:main(): Frames received/dropped: 385/0
12-24 17:22:22.509   435  1124 I RPC     : RPC-client RX thread after select! - (0)
12-24 17:22:22.509   435  1124 I RPC     : RPC-client RX thread Before select!
12-24 17:22:22.550  1713  1713 D DCT     : [1]onReceive: action=android.net.wifi.STATE_CHANGE
12-24 17:22:22.551  1713  1713 D DCT     : [1]NETWORK_STATE_CHANGED_ACTION: mIsWifiConnected=false
12-24 17:22:22.551  1713  1713 D DCT     : [0]onReceive: action=android.net.wifi.STATE_CHANGE
12-24 17:22:22.551  1713  1713 D DCT     : [0]NETWORK_STATE_CHANGED_ACTION: mIsWifiConnected=false
12-24 17:22:22.552  1713  1713 D DCT     : [1]onReceive: action=android.net.wifi.STATE_CHANGE
12-24 17:22:22.552  1713  1713 D DCT     : [1]NETWORK_STATE_CHANGED_ACTION: mIsWifiConnected=false
12-24 17:22:22.552  1713  1713 D DCT     : [0]onReceive: action=android.net.wifi.STATE_CHANGE
12-24 17:22:22.552  1713  1713 D DCT     : [0]NETWORK_STATE_CHANGED_ACTION: mIsWifiConnected=false
12-24 17:22:23.009   435  1124 I RPC     : RPC-client RX thread after select! - (0)
12-24 17:22:23.009   435  1124 I RPC     : RPC-client RX thread Before select!
12-24 17:22:23.510   435  1124 I RPC     : RPC-client RX thread after select! - (0)
12-24 17:22:23.510   435  1124 I RPC     : RPC-client RX thread Before select!
12-24 17:22:23.697  1713  1713 D DCT     : [1]onReceive: action=android.net.wifi.STATE_CHANGE
12-24 17:22:23.697  1713  1713 D DCT     : [1]NETWORK_STATE_CHANGED_ACTION: mIsWifiConnected=false
12-24 17:22:23.697  1713  1713 D DCT     : [0]onReceive: action=android.net.wifi.STATE_CHANGE
12-24 17:22:23.697  1713  1713 D DCT     : [0]NETWORK_STATE_CHANGED_ACTION: mIsWifiConnected=false
12-24 17:22:23.709  1713  1713 D DCT     : [1]onReceive: action=android.net.wifi.STATE_CHANGE
12-24 17:22:23.709  1713  1713 D DCT     : [1]NETWORK_STATE_CHANGED_ACTION: mIsWifiConnected=false
12-24 17:22:23.709  1713  1713 D DCT     : [0]onReceive: action=android.net.wifi.STATE_CHANGE
12-24 17:22:23.709  1713  1713 D DCT     : [0]NETWORK_STATE_CHANGED_ACTION: mIsWifiConnected=false
12-24 17:22:23.730  1713  1713 D DCT     : [1]onReceive: action=android.net.wifi.STATE_CHANGE
12-24 17:22:23.730  1713  1713 D DCT     : [1]NETWORK_STATE_CHANGED_ACTION: mIsWifiConnected=false
12-24 17:22:23.730  1713  1713 D DCT     : [0]onReceive: action=android.net.wifi.STATE_CHANGE
12-24 17:22:23.730  1713  1713 D DCT     : [0]NETWORK_STATE_CHANGED_ACTION: mIsWifiConnected=false
12-24 17:22:24.011   435  1124 I RPC     : RPC-client RX thread after select! - (0)
12-24 17:22:24.011   435  1124 I RPC     : RPC-client RX thread Before select!
12-24 17:22:24.511   435  1124 I RPC     : RPC-client RX thread after select! - (0)
12-24 17:22:24.511   435  1124 I RPC     : RPC-client RX thread Before select!
12-24 17:22:25.012   435  1124 I RPC     : RPC-client RX thread after select! - (0)
12-24 17:22:25.012   435  1124 I RPC     : RPC-client RX thread Before select!
12-24 17:22:25.081  6298  6395 D SubscriptionManager: [getPhoneId]- return dummy value, subId = -1
12-24 17:22:25.081  6298  6395 D TelephonyManager: getTelephonyProperty prop value= 46000
12-24 17:22:25.083  6298  6395 D SubscriptionManager: [getPhoneId]- return dummy value, subId = -1
12-24 17:22:25.083  6298  6395 D TelephonyManager: getTelephonyProperty prop value= 46000
12-24 17:22:25.106  8537  8646 D SubscriptionManager: [getPhoneId]- return dummy value, subId = -1
12-24 17:22:25.106  8537  8646 D TelephonyManager: getTelephonyProperty prop value= 46000
12-24 17:22:25.107  8537  8646 D SubscriptionManager: [getPhoneId]- return dummy value, subId = -1
12-24 17:22:25.107  8537  8646 D TelephonyManager: getTelephonyProperty prop value= 46000
12-24 17:22:25.135  8537  8646 D SubscriptionManager: [getPhoneId]- return dummy value, subId = -1
12-24 17:22:25.135  8537  8646 D TelephonyManager: getTelephonyProperty prop value= 46000
12-24 17:22:25.136  8537  8646 D SubscriptionManager: [getPhoneId]- return dummy value, subId = -1
12-24 17:22:25.136  8537  8646 D TelephonyManager: getTelephonyProperty prop value= 46000
12-24 17:22:25.143  8537 10380 D SubscriptionManager: [getPhoneId]- return dummy value, subId = -1
12-24 17:22:25.143  8537 10380 D TelephonyManager: getTelephonyProperty prop value= 46000
12-24 17:22:25.144  8537 10380 D SubscriptionManager: [getPhoneId]- return dummy value, subId = -1
12-24 17:22:25.144  8537 10380 D TelephonyManager: getTelephonyProperty prop value= 46000
12-24 17:22:25.150  8537 10380 D SubscriptionManager: [getPhoneId]- return dummy value, subId = -1
12-24 17:22:25.150  8537 10380 D TelephonyManager: getTelephonyProperty prop value= 46000
12-24 17:22:25.152  8537 10380 D SubscriptionManager: [getPhoneId]- return dummy value, subId = -1
12-24 17:22:25.152  8537 10380 D TelephonyManager: getTelephonyProperty prop value= 46000
12-24 17:22:25.157  8537 10380 D SubscriptionManager: [getPhoneId]- return dummy value, subId = -1
12-24 17:22:25.157  8537 10380 D TelephonyManager: getTelephonyProperty prop value= 46000
12-24 17:22:25.159  8537 10380 D SubscriptionManager: [getPhoneId]- return dummy value, subId = -1
12-24 17:22:25.159  8537 10380 D TelephonyManager: getTelephonyProperty prop value= 46000
12-24 17:22:25.420  1108  1120 I C2K_RIL : AT read end: 18:Bad file descriptor
12-24 17:22:25.420  1108  1120 D C2K_RIL : <fd 5> AT < +CSQ:20,99,-18
12-24 17:22:25.420  1108  1120 D C2K_RIL : AT_CHANNEL Enter processLine
12-24 17:22:25.420  1108  1120 D C2K_RIL : processLine enter line=+CSQ:20,99,-18
12-24 17:22:25.420  1108  1120 D C2K_RIL : processLine, p_response is null
12-24 17:22:25.420  1108  1120 D C2K_RIL : onUnsolicited enter s=+CSQ:20,99,-18
12-24 17:22:25.420  1108  1120 D C2K_RIL : commas_count is 2
12-24 17:22:25.420  1108  1120 D C2K_RIL : onUnsolicited s_unsol_msg_cache.signal_strength.CDMA_SignalStrength.dbm = 73
12-24 17:22:25.420  1108  1120 D C2K_RIL : onUnsolicited s_unsol_msg_cache.signal_strength.CDMA_SignalStrength.ecio = 90
12-24 17:22:25.420  1108  1120 I C2K_RILC: RIL_SOCKET_1 UNSOLICITED: UNSOL_SIGNAL_STRENGTH length:56
12-24 17:22:25.420  1108  1120 E C2K_RILC: Send Response to RIL_SOCKET_1
12-24 17:22:25.420  1108  1120 D C2K_RILC: writeOffset = 0 written = 4
12-24 17:22:25.420  1108  1120 D C2K_RILC: writeOffset = 0 written = 56
12-24 17:22:25.420  1108  1120 D C2K_RIL : onUnsolicited exit normal
12-24 17:22:25.420  1108  1120 I C2K_RIL : readline enter p_channel->myName=AT_CHANNEL
12-24 17:22:25.420  1108  1120 I C2K_RIL : AT read start
12-24 17:22:25.421  1214  1222 D RfxMainThread: enqueueMessage(), mainHandler = 0x7f78c954c0, msg = [type=URC, source=C2K, dest=GSM, pId=UNSOL_SIGNAL_STRENGTH(1009), pToken=0, id=UNSOL_SIGNAL_STRENGTH(1009), token=0, slotId=0,             error = 0, pTimeStamp =           0, isWrongC2KResponse = 0]
12-24 17:22:25.421  1214  1218 D RfxMainThread: handle msg begin, mainHandler = 0x7f78c954c0
12-24 17:22:25.421  1214  1218 D RfxRootController: processMessage() msg = [type=URC, source=C2K, dest=GSM, pId=UNSOL_SIGNAL_STRENGTH(1009), pToken=0, id=UNSOL_SIGNAL_STRENGTH(1009), token=0, slotId=0,             error = 0, pTimeStamp =           0, isWrongC2KResponse = 0]
12-24 17:22:25.421  1214  1218 D RfxRootController: processMessage() handler = 0x7f78c62000, RpNwStateController
12-24 17:22:25.421  1214  1218 D RpNwSC[0]:  Sig: gsm[99 -1] c2k[73 90 120 -64 8] lte[-99 2147483647 2147483647 2147483647 2147483647] umts[0 0 0]
12-24 17:22:25.421  1214  1218 D RfxRilAdapter: client: unsol response to client
12-24 17:22:25.421  1214  1218 D RpRilClientController: client 1001 handle unsolictied
12-24 17:22:25.421  1214  1218 D RilClient: capabilitySim = 0
12-24 17:22:25.421  1214  1218 D RilClient: command Fd not ready here
12-24 17:22:25.421  1214  1218 D RILC    : RIL_onUnsolicitedResponse: default
12-24 17:22:25.421  1214  1218 D RfxRilAdapter: responseToRilj send Urc done (slotId=0, PId=1009, dataSize=68)
12-24 17:22:25.422  1713  1713 D CdmaSST : [CdmaLteSST] handleMessage: 12
12-24 17:22:25.422  1713  1713 D CdmaSST : [CdmaLteSST] onSignalStrengthResult():  LastSignalStrength=SignalStrength: 99 -1 -73 -110 -120 -1 8 99 2147483647 2147483647 2147483647 2147483647 cdma 0 0 0
12-24 17:22:25.422  1713  1713 D CdmaSST : [CdmaLteSST] onSignalStrengthResult():new mSignalStrength=SignalStrength: 99 -1 -73 -90 -120 -1 8 99 2147483647 2147483647 2147483647 2147483647 cdma 0 0 0
12-24 17:22:25.422  1713  1713 D CdmaSST : [CdmaLteSST] notifySignalStrength: mSignalStrength.getLevel=4
12-24 17:22:25.422  1713  1713 D SubscriptionController: [getSubId]- sSlotIdxToSubId.size == 0, return DummySubIds slotIdx=0
12-24 17:22:25.422  1713  1713 D SubscriptionController: getDummySubIds: slotIdx=0 return 2 DummySubIds with each subId=-2
12-24 17:22:25.422  1713  1713 D DefaultPhoneNotifier: notifySignalStrength: mRegistry=com.android.internal.telephony.ITelephonyRegistry$Stub$Proxy@5b8666a ss=SignalStrength: 99 -1 -73 -90 -120 -1 8 99 2147483647 2147483647 2147483647 2147483647 cdma 0 0 0 sender=Handler (com.android.internal.telephony.cdma.CDMALTEPhone) {b1a5f3c}
12-24 17:22:25.423  1125  1699 D TelephonyRegistry: notifySignalStrengthForSubscriber: subId=-2 signalStrength=SignalStrength: 99 -1 -73 -90 -120 -1 8 99 2147483647 2147483647 2147483647 2147483647 cdma 0 0 0
12-24 17:22:25.423  1125  1699 D TelephonyRegistry: notifySignalStrengthForSubscriber: logSSC.length=5 next=0
12-24 17:22:25.423  1125  1699 D TelephonyRegistry: notifyServiceStateForSubscriber Time 20171224T163454Asia/Shanghai(0,357,28800,0,1514104494) mSubId -3 mPhoneId 1  mState 3 3 voice home data home null null null null null null  Unknown Unknown CSS not supported -1 -1 RoamInd=-1 DefRoamInd=-1 EmergOnly=false Ril Voice Regist state: 0 Ril Data Regist state: 0 mProprietaryDataRadioTechnology: 0 VoiceRejectCause: -1 DataRejectCause: -1 IsDataRoamingFromRegistration=false
12-24 17:22:25.423  1125  1699 D TelephonyRegistry: notifyServiceStateForSubscriber Time 20171224T163454Asia/Shanghai(0,357,28800,0,1514104494) mSubId -3 mPhoneId 1  mState 3 3 voice home data home null null null null null null  Unknown Unknown CSS not supported -1 -1 RoamInd=-1 DefRoamInd=-1 EmergOnly=false Ril Voice Regist state: 0 Ril Data Regist state: 0 mProprietaryDataRadioTechnology: 0 VoiceRejectCause: -1 DataRejectCause: -1 IsDataRoamingFromRegistration=false
12-24 17:22:25.423  1125  1699 D TelephonyRegistry: notifyServiceStateForSubscriber Time 20171224T163455Asia/Shanghai(0,357,28800,0,1514104495) mSubId -2 mPhoneId 0  mState 1 1 voice home data home null null null null null null  Unknown Unknown CSS not supported 1 13824 RoamInd=1 DefRoamInd=1 EmergOnly=true Ril Voice Regist state: 0 Ril Data Regist state: 0 mProprietaryDataRadioTechnology: 0 VoiceRejectCause: -1 DataRejectCause: -1 IsDataRoamingFromRegistration=false
12-24 17:22:25.424  1125  1699 D TelephonyRegistry: notifyServiceStateForSubscriber Time 20171224T163455Asia/Shanghai(0,357,28800,0,1514104495) mSubId -3 mPhoneId 1  mState 3 3 voice home data home null null null null null null  Unknown Unknown CSS not supported -1 -1 RoamInd=-1 DefRoamInd=-1 EmergOnly=false Ril Voice Regist state: 0 Ril Data Regist state: 0 mProprietaryDataRadioTechnology: 0 VoiceRejectCause: -1 DataRejectCause: -1 IsDataRoamingFromRegistration=false
12-24 17:22:25.424  1125  1699 D TelephonyRegistry: notifyServiceStateForSubscriber Time 20171224T163455Asia/Shanghai(0,357,28800,0,1514104495) mSubId -3 mPhoneId 1  mState 3 3 voice home data home null null null null null null  Unknown Unknown CSS not supported -1 -1 RoamInd=-1 DefRoamInd=-1 EmergOnly=false Ril Voice Regist state: 0 Ril Data Regist state: 0 mProprietaryDataRadioTechnology: 0 VoiceRejectCause: -1 DataRejectCause: -1 IsDataRoamingFromRegistration=false
12-24 17:22:25.424  1125  1699 D TelephonyRegistry: notifySignalStrengthForSubscriber: ----------------
12-24 17:22:25.424  1125  1699 D SubscriptionManager: [getPhoneId]- return dummy value, subId = -2
12-24 17:22:25.424  1125  1699 D TelephonyRegistry: validatePhoneId: true
12-24 17:22:25.424  1125  1699 D TelephonyRegistry: notifySignalStrengthForSubscriber: valid phoneId=0
12-24 17:22:25.425  1713  1713 D SubscriptionController: [getPhoneId] asked for default subId=-1
12-24 17:22:25.425  1713  1713 D SubscriptionController: [getPhoneId]- invalid subId = -1 return = -1
12-24 17:22:25.426  1125  1699 D SubscriptionManager: [getPhoneId]- return dummy value, subId = -2
12-24 17:22:25.426  1125  1699 D TelephonyRegistry: idMatch: rlt=false
12-24 17:22:25.426  1713  1713 D SubscriptionController: [getPhoneId] asked for default subId=-1
12-24 17:22:25.427  1713  1713 D SubscriptionController: [getPhoneId]- invalid subId = -1 return = -1
12-24 17:22:25.427  1125  1699 D SubscriptionManager: [getPhoneId]- return dummy value, subId = -2
12-24 17:22:25.427  1125  1699 D TelephonyRegistry: idMatch: rlt=false
12-24 17:22:25.428  1713  1713 D SubscriptionController: [getPhoneId] asked for default subId=-1
12-24 17:22:25.428  1713  1713 D SubscriptionController: [getPhoneId]- invalid subId = -1 return = -1
12-24 17:22:25.429  1125  1699 D SubscriptionManager: [getPhoneId]- return dummy value, subId = -2
12-24 17:22:25.429  1125  1699 D TelephonyRegistry: idMatch: rlt=false
12-24 17:22:25.430  1713  1713 D SubscriptionController: [getPhoneId] asked for default subId=-1
12-24 17:22:25.430  1713  1713 D SubscriptionController: [getPhoneId]- invalid subId = -1 return = -1
12-24 17:22:25.431  1125  1699 D SubscriptionManager: [getPhoneId]- return dummy value, subId = -2
12-24 17:22:25.431  1125  1699 D TelephonyRegistry: idMatch: rlt=false
12-24 17:22:25.432  1713  1713 D SubscriptionController: [getPhoneId] asked for default subId=-1
12-24 17:22:25.432  1713  1713 D SubscriptionController: [getPhoneId]- invalid subId = -1 return = -1
12-24 17:22:25.432  1125  1699 D SubscriptionManager: [getPhoneId]- return dummy value, subId = -2
12-24 17:22:25.432  1125  1699 D TelephonyRegistry: idMatch: rlt=false
12-24 17:22:25.433  1713  1713 D SubscriptionController: [getPhoneId] asked for default subId=-1
12-24 17:22:25.433  1713  1713 D SubscriptionController: [getPhoneId]- invalid subId = -1 return = -1
12-24 17:22:25.433  1125  1699 D SubscriptionManager: [getPhoneId]- return dummy value, subId = -2
12-24 17:22:25.434  1125  1699 D TelephonyRegistry: idMatch: rlt=false
12-24 17:22:25.434  1713  1713 D SubscriptionController: [getPhoneId] asked for default subId=-1
12-24 17:22:25.435  1713  1713 D SubscriptionController: [getPhoneId]- invalid subId = -1 return = -1
12-24 17:22:25.435  1125  1699 D SubscriptionManager: [getPhoneId]- return dummy value, subId = -2
12-24 17:22:25.435  1125  1699 D TelephonyRegistry: idMatch: rlt=false
12-24 17:22:25.437  1713  1713 D SubscriptionController: [getPhoneId] asked for default subId=-1
12-24 17:22:25.437  1713  1713 D SubscriptionController: [getPhoneId]- invalid subId = -1 return = -1
12-24 17:22:25.439  1125  1699 D SubscriptionManager: [getPhoneId]- return dummy value, subId = -2
12-24 17:22:25.439  1125  1699 D TelephonyRegistry: idMatch: rlt=false
12-24 17:22:25.439  1125  1699 D TelephonyRegistry: handleRemoveListLocked: mRemoveList.size()=0
12-24 17:22:25.439  1125  1699 D SubscriptionManager: [getPhoneId]- return dummy value, subId = -2
12-24 17:22:25.440  1713  1713 D SubscriptionController: [getSubId]- sSlotIdxToSubId.size == 0, return DummySubIds slotIdx=0
12-24 17:22:25.440  1713  1713 D SubscriptionController: getDummySubIds: slotIdx=0 return 2 DummySubIds with each subId=-2
12-24 17:22:25.441  1713  1713 D SubscriptionController: [getSubId]- sSlotIdxToSubId.size == 0, return DummySubIds slotIdx=0
12-24 17:22:25.441  1713  1713 D SubscriptionController: getDummySubIds: slotIdx=0 return 2 DummySubIds with each subId=-2
12-24 17:22:25.441  1125  1139 D TelephonyRegistry: notifyCellInfoForSubscriber: subId=-2 cellInfo=[CellInfoLte:{mRegistered=NO mTimeStampType=unknown mTimeStamp=9223372036854775807ns CellIdentityLte:{ mMcc=2147483647 mMnc=2147483647 mCi=2147483647 mPci=2147483647 mTac=2147483647} CellSignalStrengthLte: ss=2147483647 rsrp=2147483647 rsrq=2147483647 rssnr=2147483647 cqi=2147483647 ta=2147483647}]
12-24 17:22:25.441  1125  1139 D SubscriptionManager: [getPhoneId]- return dummy value, subId = -2
12-24 17:22:25.441  1125  1139 D TelephonyRegistry: validatePhoneId: true
12-24 17:22:25.441  1125  1139 D TelephonyRegistry: validateEventsAndUserLocked: valid=false r.callerUserId=0 foregroundUser=0 r.events=32 events=1024
12-24 17:22:25.441  1125  1139 D TelephonyRegistry: validateEventsAndUserLocked: valid=false r.callerUserId=0 foregroundUser=0 r.events=32 events=1024
12-24 17:22:25.441  1125  1139 D TelephonyRegistry: validateEventsAndUserLocked: valid=false r.callerUserId=0 foregroundUser=0 r.events=8192 events=1024
12-24 17:22:25.441  1125  1139 D TelephonyRegistry: validateEventsAndUserLocked: valid=false r.callerUserId=0 foregroundUser=0 r.events=449 events=1024
12-24 17:22:25.441  1125  1139 D TelephonyRegistry: validateEventsAndUserLocked: valid=false r.callerUserId=0 foregroundUser=0 r.events=32 events=1024
12-24 17:22:25.441  1125  1139 D TelephonyRegistry: validateEventsAndUserLocked: valid=false r.callerUserId=0 foregroundUser=0 r.events=32 events=1024
12-24 17:22:25.441  1125  1139 D TelephonyRegistry: validateEventsAndUserLocked: valid=false r.callerUserId=0 foregroundUser=0 r.events=0 events=1024
12-24 17:22:25.441  1125  1139 D TelephonyRegistry: validateEventsAndUserLocked: valid=false r.callerUserId=0 foregroundUser=0 r.events=1 events=1024
12-24 17:22:25.441  1125  1139 D TelephonyRegistry: validateEventsAndUserLocked: valid=false r.callerUserId=0 foregroundUser=0 r.events=33 events=1024
12-24 17:22:25.441  1125  1139 D TelephonyRegistry: validateEventsAndUserLocked: valid=false r.callerUserId=0 foregroundUser=0 r.events=32 events=1024
12-24 17:22:25.441  1125  1139 D TelephonyRegistry: validateEventsAndUserLocked: valid=false r.callerUserId=0 foregroundUser=0 r.events=0 events=1024
12-24 17:22:25.441  1125  1139 D TelephonyRegistry: validateEventsAndUserLocked: valid=false r.callerUserId=0 foregroundUser=0 r.events=0 events=1024
12-24 17:22:25.441  1125  1139 D TelephonyRegistry: validateEventsAndUserLocked: valid=false r.callerUserId=0 foregroundUser=0 r.events=0 events=1024
12-24 17:22:25.441  1125  1139 D TelephonyRegistry: validateEventsAndUserLocked: valid=false r.callerUserId=0 foregroundUser=0 r.events=0 events=1024
12-24 17:22:25.441  1125  1139 D TelephonyRegistry: validateEventsAndUserLocked: valid=false r.callerUserId=0 foregroundUser=0 r.events=65536 events=1024
12-24 17:22:25.442  1125  1139 D TelephonyRegistry: validateEventsAndUserLocked: valid=false r.callerUserId=0 foregroundUser=0 r.events=0 events=1024
12-24 17:22:25.442  1125  1139 D TelephonyRegistry: validateEventsAndUserLocked: valid=false r.callerUserId=0 foregroundUser=0 r.events=0 events=1024
12-24 17:22:25.442  1125  1139 D TelephonyRegistry: validateEventsAndUserLocked: valid=false r.callerUserId=0 foregroundUser=0 r.events=32 events=1024
12-24 17:22:25.442  1125  1139 D TelephonyRegistry: validateEventsAndUserLocked: valid=false r.callerUserId=0 foregroundUser=0 r.events=0 events=1024
12-24 17:22:25.442  1125  1139 D TelephonyRegistry: validateEventsAndUserLocked: valid=false r.callerUserId=0 foregroundUser=0 r.events=0 events=1024
12-24 17:22:25.442  1125  1139 D TelephonyRegistry: validateEventsAndUserLocked: valid=false r.callerUserId=0 foregroundUser=0 r.events=0 events=1024
12-24 17:22:25.442  1125  1139 D TelephonyRegistry: validateEventsAndUserLocked: valid=false r.callerUserId=0 foregroundUser=0 r.events=65536 events=1024
12-24 17:22:25.442  1125  1139 D TelephonyRegistry: validateEventsAndUserLocked: valid=false r.callerUserId=0 foregroundUser=0 r.events=0 events=1024
12-24 17:22:25.442  1125  1139 D TelephonyRegistry: validateEventsAndUserLocked: valid=false r.callerUserId=0 foregroundUser=0 r.events=1 events=1024
12-24 17:22:25.442  1125  1139 D TelephonyRegistry: validateEventsAndUserLocked: valid=false r.callerUserId=0 foregroundUser=0 r.events=512 events=1024
12-24 17:22:25.442  1125  1139 D TelephonyRegistry: validateEventsAndUserLocked: valid=false r.callerUserId=0 foregroundUser=0 r.events=32 events=1024
12-24 17:22:25.442  1125  1139 D TelephonyRegistry: validateEventsAndUserLocked: valid=false r.callerUserId=0 foregroundUser=0 r.events=32 events=1024
12-24 17:22:25.442  1125  1139 D TelephonyRegistry: validateEventsAndUserLocked: valid=false r.callerUserId=0 foregroundUser=0 r.events=256 events=1024
12-24 17:22:25.442  1125  1139 D TelephonyRegistry: validateEventsAndUserLocked: valid=false r.callerUserId=0 foregroundUser=0 r.events=256 events=1024
12-24 17:22:25.442  1125  1139 D TelephonyRegistry: validateEventsAndUserLocked: valid=false r.callerUserId=0 foregroundUser=0 r.events=256 events=1024
12-24 17:22:25.442  1125  1139 D TelephonyRegistry: validateEventsAndUserLocked: valid=false r.callerUserId=0 foregroundUser=0 r.events=256 events=1024
12-24 17:22:25.442  1125  1139 D TelephonyRegistry: validateEventsAndUserLocked: valid=false r.callerUserId=0 foregroundUser=0 r.events=256 events=1024
12-24 17:22:25.442  1125  1139 D TelephonyRegistry: validateEventsAndUserLocked: valid=false r.callerUserId=0 foregroundUser=0 r.events=256 events=1024
12-24 17:22:25.442  1125  1139 D TelephonyRegistry: validateEventsAndUserLocked: valid=false r.callerUserId=0 foregroundUser=0 r.events=32 events=1024
12-24 17:22:25.442  1125  1139 D TelephonyRegistry: validateEventsAndUserLocked: valid=false r.callerUserId=0 foregroundUser=0 r.events=32 events=1024
12-24 17:22:25.442  1125  1139 D TelephonyRegistry: validateEventsAndUserLocked: valid=false r.callerUserId=0 foregroundUser=0 r.events=32 events=1024
12-24 17:22:25.442  1125  1139 D TelephonyRegistry: validateEventsAndUserLocked: valid=false r.callerUserId=0 foregroundUser=0 r.events=256 events=1024
12-24 17:22:25.442  1125  1139 D TelephonyRegistry: validateEventsAndUserLocked: valid=false r.callerUserId=0 foregroundUser=0 r.events=32 events=1024
12-24 17:22:25.442  1125  1139 D TelephonyRegistry: handleRemoveListLocked: mRemoveList.size()=0
12-24 17:22:25.513   435  1124 I RPC     : RPC-client RX thread after select! - (0)
12-24 17:22:25.513   435  1124 I RPC     : RPC-client RX thread Before select!
12-24 17:22:26.013   435  1124 I RPC     : RPC-client RX thread after select! - (0)
12-24 17:22:26.013   435  1124 I RPC     : RPC-client RX thread Before select!
12-24 17:22:26.514   435  1124 I RPC     : RPC-client RX thread after select! - (0)
12-24 17:22:26.514   435  1124 I RPC     : RPC-client RX thread Before select!
12-24 17:22:26.585  1713  1817 D SubscriptionController: [getPhoneId]- invalid subId = -1 return = -1
12-24 17:22:26.587  6174  6277 D SubscriptionManager: [getPhoneId]- return dummy value, subId = -1
12-24 17:22:26.587  6174  6277 D TelephonyManager: getTelephonyProperty prop value= ,
12-24 17:22:27.015   435  1124 I RPC     : RPC-client RX thread after select! - (0)
12-24 17:22:27.015   435  1124 I RPC     : RPC-client RX thread Before select!
12-24 17:22:27.216  1176  1191 I RILC    : NUMBER:1
12-24 17:22:27.216  1176  1191 I RILC    : arg len:14
12-24 17:22:27.216  1176  1191 I RILC    : ARGS[0]:THERMAL,0,-1
12-24 17:22:27.216  1176  1191 D RILC    : C[locl]> QUERY_MODEM_THERMAL
12-24 17:22:27.216  1176  1191 D RILC-MTK: QUERY_MODEM_THERMAL pRI=0x7f8c217870 p=0x7f8c222880 dispatched to RIL_CMD_PROXY_1
12-24 17:22:27.217  1176  1179 I RILC-MTK: RIL_URC_PROXY wakeup
12-24 17:22:27.217  1176  1179 I RILC-MTK: RIL_URC_PROXY sleep
12-24 17:22:27.217  1176  1182 I RILC-MTK: RIL_CMD_PROXY_1 wakeup
12-24 17:22:27.217  1176  1182 D RILC-MTK: proxy id:3, proxyName: RIL_CMD_PROXY_1
12-24 17:22:27.217  1176  1182 D RILC-MTK: QUERY_MODEM_THERMAL pRI=0x7f8c217870 p=0x7f8c222880 execute on RIL_CMD_PROXY_1 using channel 3
12-24 17:22:27.217  1176  1182 D RILC    : callOnRequest for new vendor ril
12-24 17:22:27.217  1176  1182 D RIL     : onRequest: QUERY_MODEM_THERMAL, datalen = 8
12-24 17:22:27.217  1176  1182 D RIL     : radioState:0
12-24 17:22:27.217  1176  1182 D         : IMS: IMS_isRilRequestFromIms, socket_id = 0 
12-24 17:22:27.217  1176  1182 D RILC    : RequestComplete, RIL_SOCKET_1
12-24 17:22:27.217  1176  1182 D RILC    : [THERMAL] local request for THERMAL returned 
12-24 17:22:27.217  1176  1182 D RILC    : [THERMAL] s_THERMAL_fd is valid strResult is ERROR
12-24 17:22:27.217  1176  1182 D RILC-MTK: proxyLoop free  pRI=0x7f8c217870 p=0x7f8c222880 
12-24 17:22:27.217  1176  1182 D RILC-MTK: proxyLoop free  pRequest=0x7f8c35c040
12-24 17:22:27.217  1176  1182 I RILC-MTK: RIL_CMD_PROXY_1 sleep
12-24 17:22:27.217  1176  1189 I RILC-MTK: RIL_CMD2_PROXY_4 wakeup
12-24 17:22:27.217  1176  1189 I RILC-MTK: RIL_CMD2_PROXY_4 sleep
12-24 17:22:27.217  1176  1190 I RILC-MTK: RIL_ATCI2_PROXY wakeup
12-24 17:22:27.217  1176  1190 I RILC-MTK: RIL_ATCI2_PROXY sleep
12-24 17:22:27.217  1176  1181 I RILC-MTK: RIL_CMD_PROXY_2 wakeup
12-24 17:22:27.217  1176  1181 I RILC-MTK: RIL_CMD_PROXY_2 sleep
12-24 17:22:27.217  1176  1184 I RILC-MTK: RIL_ATCI_PROXY wakeup
12-24 17:22:27.217  1176  1184 I RILC-MTK: RIL_ATCI_PROXY sleep
12-24 17:22:27.217  1176  1183 I RILC-MTK: RIL_CMD_PROXY_4 wakeup
12-24 17:22:27.217  1176  1183 I RILC-MTK: RIL_CMD_PROXY_4 sleep
12-24 17:22:27.217  1176  1180 I RILC-MTK: RIL_CMD_PROXY_3 wakeup
12-24 17:22:27.217  1176  1180 I RILC-MTK: RIL_CMD_PROXY_3 sleep
12-24 17:22:27.217  1176  1188 I RILC-MTK: RIL_CMD2_PROXY_1 wakeup
12-24 17:22:27.217  1176  1188 I RILC-MTK: RIL_CMD2_PROXY_1 sleep
12-24 17:22:27.217  1176  1185 I RILC-MTK: RIL_URC2_PROXY wakeup
12-24 17:22:27.217  1176  1186 I RILC-MTK: RIL_CMD2_PROXY_3 wakeup
12-24 17:22:27.217  1176  1185 I RILC-MTK: RIL_URC2_PROXY sleep
12-24 17:22:27.217  1176  1186 I RILC-MTK: RIL_CMD2_PROXY_3 sleep
12-24 17:22:27.217  1176  1187 I RILC-MTK: RIL_CMD2_PROXY_2 wakeup
12-24 17:22:27.217  1176  1187 I RILC-MTK: RIL_CMD2_PROXY_2 sleep
12-24 17:22:27.318  1136  1136 D RILMUXD : [gsm0710muxd] 3913:main(): Frames received/dropped: 385/0
12-24 17:22:27.516   435  1124 I RPC     : RPC-client RX thread after select! - (0)
12-24 17:22:27.516   435  1124 I RPC     : RPC-client RX thread Before select!
12-24 17:22:28.016   435  1124 I RPC     : RPC-client RX thread after select! - (0)
12-24 17:22:28.017   435  1124 I RPC     : RPC-client RX thread Before select!
12-24 17:22:28.517   435  1124 I RPC     : RPC-client RX thread after select! - (0)
12-24 17:22:28.517   435  1124 I RPC     : RPC-client RX thread Before select!
12-24 17:22:29.018   435  1124 I RPC     : RPC-client RX thread after select! - (0)
12-24 17:22:29.018   435  1124 I RPC     : RPC-client RX thread Before select!
12-24 17:22:29.519   435  1124 I RPC     : RPC-client RX thread after select! - (0)
12-24 17:22:29.519   435  1124 I RPC     : RPC-client RX thread Before select!
12-24 17:22:30.020   435  1124 I RPC     : RPC-client RX thread after select! - (0)
12-24 17:22:30.020   435  1124 I RPC     : RPC-client RX thread Before select!
12-24 17:22:30.521   435  1124 I RPC     : RPC-client RX thread after select! - (0)
12-24 17:22:30.521   435  1124 I RPC     : RPC-client RX thread Before select!
12-24 17:22:30.540  1108  1120 I C2K_RIL : AT read end: 18:Bad file descriptor
12-24 17:22:30.541  1108  1120 D C2K_RIL : <fd 5> AT < +CSQ:20,99,-15
12-24 17:22:30.541  1108  1120 D C2K_RIL : AT_CHANNEL Enter processLine
12-24 17:22:30.541  1108  1120 D C2K_RIL : processLine enter line=+CSQ:20,99,-15
12-24 17:22:30.541  1108  1120 D C2K_RIL : processLine, p_response is null
12-24 17:22:30.541  1108  1120 D C2K_RIL : onUnsolicited enter s=+CSQ:20,99,-15
12-24 17:22:30.541  1108  1120 D C2K_RIL : commas_count is 2
12-24 17:22:30.541  1108  1120 D C2K_RIL : onUnsolicited s_unsol_msg_cache.signal_strength.CDMA_SignalStrength.dbm = 73
12-24 17:22:30.541  1108  1120 D C2K_RIL : onUnsolicited s_unsol_msg_cache.signal_strength.CDMA_SignalStrength.ecio = 75
12-24 17:22:30.541  1108  1120 I C2K_RILC: RIL_SOCKET_1 UNSOLICITED: UNSOL_SIGNAL_STRENGTH length:56
12-24 17:22:30.541  1108  1120 E C2K_RILC: Send Response to RIL_SOCKET_1
12-24 17:22:30.541  1108  1120 D C2K_RILC: writeOffset = 0 written = 4
12-24 17:22:30.541  1108  1120 D C2K_RILC: writeOffset = 0 written = 56
12-24 17:22:30.541  1108  1120 D C2K_RIL : onUnsolicited exit normal
12-24 17:22:30.541  1108  1120 I C2K_RIL : readline enter p_channel->myName=AT_CHANNEL
12-24 17:22:30.541  1108  1120 I C2K_RIL : AT read start
12-24 17:22:30.541  1214  1222 D RfxMainThread: enqueueMessage(), mainHandler = 0x7f78c95760, msg = [type=URC, source=C2K, dest=GSM, pId=UNSOL_SIGNAL_STRENGTH(1009), pToken=0, id=UNSOL_SIGNAL_STRENGTH(1009), token=0, slotId=0,             error = 0, pTimeStamp =           0, isWrongC2KResponse = 0]
12-24 17:22:30.542  1214  1218 D RfxMainThread: handle msg begin, mainHandler = 0x7f78c95760
