12-24 17:21:32.430   435  1124 I RPC     : RPC-client RX thread after select! - (0)
12-24 17:21:32.430   435  1124 I RPC     : RPC-client RX thread Before select!
12-24 17:21:32.930   435  1124 I RPC     : RPC-client RX thread after select! - (0)
12-24 17:21:32.930   435  1124 I RPC     : RPC-client RX thread Before select!
12-24 17:21:33.431   435  1124 I RPC     : RPC-client RX thread after select! - (0)
12-24 17:21:33.431   435  1124 I RPC     : RPC-client RX thread Before select!
12-24 17:21:33.931   435  1124 I RPC     : RPC-client RX thread after select! - (0)
12-24 17:21:33.931   435  1124 I RPC     : RPC-client RX thread Before select!
12-24 17:21:34.220  1108  1120 I C2K_RIL : AT read end: 18:Bad file descriptor
12-24 17:21:34.220  1108  1120 D C2K_RIL : <fd 5> AT < +CSQ:21,99,-19
12-24 17:21:34.220  1108  1120 D C2K_RIL : AT_CHANNEL Enter processLine
12-24 17:21:34.221  1108  1120 D C2K_RIL : processLine enter line=+CSQ:21,99,-19
12-24 17:21:34.221  1108  1120 D C2K_RIL : processLine, p_response is null
12-24 17:21:34.221  1108  1120 D C2K_RIL : onUnsolicited enter s=+CSQ:21,99,-19
12-24 17:21:34.221  1108  1120 D C2K_RIL : commas_count is 2
12-24 17:21:34.221  1108  1120 D C2K_RIL : onUnsolicited s_unsol_msg_cache.signal_strength.CDMA_SignalStrength.dbm = 71
12-24 17:21:34.221  1108  1120 D C2K_RIL : onUnsolicited s_unsol_msg_cache.signal_strength.CDMA_SignalStrength.ecio = 95
12-24 17:21:34.221  1108  1120 I C2K_RILC: RIL_SOCKET_1 UNSOLICITED: UNSOL_SIGNAL_STRENGTH length:56
12-24 17:21:34.221  1108  1120 E C2K_RILC: Send Response to RIL_SOCKET_1
12-24 17:21:34.221  1108  1120 D C2K_RILC: writeOffset = 0 written = 4
12-24 17:21:34.221  1108  1120 D C2K_RILC: writeOffset = 0 written = 56
12-24 17:21:34.221  1108  1120 D C2K_RIL : onUnsolicited exit normal
12-24 17:21:34.221  1108  1120 I C2K_RIL : readline enter p_channel->myName=AT_CHANNEL
12-24 17:21:34.221  1108  1120 I C2K_RIL : AT read start
12-24 17:21:34.221  1214  1222 D RfxMainThread: enqueueMessage(), mainHandler = 0x7f78c95760, msg = [type=URC, source=C2K, dest=GSM, pId=UNSOL_SIGNAL_STRENGTH(1009), pToken=0, id=UNSOL_SIGNAL_STRENGTH(1009), token=0, slotId=0,             error = 0, pTimeStamp =           0, isWrongC2KResponse = 0]
12-24 17:21:34.221  1214  1218 D RfxMainThread: handle msg begin, mainHandler = 0x7f78c95760
12-24 17:21:34.221  1214  1218 D RfxRootController: processMessage() msg = [type=URC, source=C2K, dest=GSM, pId=UNSOL_SIGNAL_STRENGTH(1009), pToken=0, id=UNSOL_SIGNAL_STRENGTH(1009), token=0, slotId=0,             error = 0, pTimeStamp =           0, isWrongC2KResponse = 0]
12-24 17:21:34.222  1214  1218 D RfxRootController: processMessage() handler = 0x7f78c62000, RpNwStateController
12-24 17:21:34.222  1214  1218 D RpNwSC[0]:  Sig: gsm[99 -1] c2k[71 95 120 -64 8] lte[-99 2147483647 2147483647 2147483647 2147483647] umts[0 0 0]
12-24 17:21:34.222  1214  1218 D RfxRilAdapter: client: unsol response to client
12-24 17:21:34.222  1214  1218 D RpRilClientController: client 1001 handle unsolictied
12-24 17:21:34.222  1214  1218 D RilClient: capabilitySim = 0
12-24 17:21:34.222  1214  1218 D RilClient: command Fd not ready here
12-24 17:21:34.222  1214  1218 D RILC    : RIL_onUnsolicitedResponse: default
12-24 17:21:34.222  1214  1218 D RfxRilAdapter: responseToRilj send Urc done (slotId=0, PId=1009, dataSize=68)
12-24 17:21:34.222  1713  1713 D CdmaSST : [CdmaLteSST] handleMessage: 12
12-24 17:21:34.222  1713  1713 D CdmaSST : [CdmaLteSST] onSignalStrengthResult():  LastSignalStrength=SignalStrength: 99 -1 -73 -100 -120 -1 8 99 2147483647 2147483647 2147483647 2147483647 cdma 0 0 0
12-24 17:21:34.222  1713  1713 D CdmaSST : [CdmaLteSST] onSignalStrengthResult():new mSignalStrength=SignalStrength: 99 -1 -71 -95 -120 -1 8 99 2147483647 2147483647 2147483647 2147483647 cdma 0 0 0
12-24 17:21:34.223  1713  1713 D CdmaSST : [CdmaLteSST] notifySignalStrength: mSignalStrength.getLevel=4
12-24 17:21:34.223  1713  1713 D SubscriptionController: [getSubId]- sSlotIdxToSubId.size == 0, return DummySubIds slotIdx=0
12-24 17:21:34.223  1713  1713 D SubscriptionController: getDummySubIds: slotIdx=0 return 2 DummySubIds with each subId=-2
12-24 17:21:34.223  1713  1713 D DefaultPhoneNotifier: notifySignalStrength: mRegistry=com.android.internal.telephony.ITelephonyRegistry$Stub$Proxy@5b8666a ss=SignalStrength: 99 -1 -71 -95 -120 -1 8 99 2147483647 2147483647 2147483647 2147483647 cdma 0 0 0 sender=Handler (com.android.internal.telephony.cdma.CDMALTEPhone) {b1a5f3c}
12-24 17:21:34.223  1125  1653 D TelephonyRegistry: notifySignalStrengthForSubscriber: subId=-2 signalStrength=SignalStrength: 99 -1 -71 -95 -120 -1 8 99 2147483647 2147483647 2147483647 2147483647 cdma 0 0 0
12-24 17:21:34.223  1125  1653 D TelephonyRegistry: notifySignalStrengthForSubscriber: logSSC.length=5 next=0
12-24 17:21:34.224  1125  1653 D TelephonyRegistry: notifyServiceStateForSubscriber Time 20171224T163454Asia/Shanghai(0,357,28800,0,1514104494) mSubId -3 mPhoneId 1  mState 3 3 voice home data home null null null null null null  Unknown Unknown CSS not supported -1 -1 RoamInd=-1 DefRoamInd=-1 EmergOnly=false Ril Voice Regist state: 0 Ril Data Regist state: 0 mProprietaryDataRadioTechnology: 0 VoiceRejectCause: -1 DataRejectCause: -1 IsDataRoamingFromRegistration=false
12-24 17:21:34.224  1125  1653 D TelephonyRegistry: notifyServiceStateForSubscriber Time 20171224T163454Asia/Shanghai(0,357,28800,0,1514104494) mSubId -3 mPhoneId 1  mState 3 3 voice home data home null null null null null null  Unknown Unknown CSS not supported -1 -1 RoamInd=-1 DefRoamInd=-1 EmergOnly=false Ril Voice Regist state: 0 Ril Data Regist state: 0 mProprietaryDataRadioTechnology: 0 VoiceRejectCause: -1 DataRejectCause: -1 IsDataRoamingFromRegistration=false
12-24 17:21:34.224  1125  1653 D TelephonyRegistry: notifyServiceStateForSubscriber Time 20171224T163455Asia/Shanghai(0,357,28800,0,1514104495) mSubId -2 mPhoneId 0  mState 1 1 voice home data home null null null null null null  Unknown Unknown CSS not supported 1 13824 RoamInd=1 DefRoamInd=1 EmergOnly=true Ril Voice Regist state: 0 Ril Data Regist state: 0 mProprietaryDataRadioTechnology: 0 VoiceRejectCause: -1 DataRejectCause: -1 IsDataRoamingFromRegistration=false
12-24 17:21:34.225  1125  1653 D TelephonyRegistry: notifyServiceStateForSubscriber Time 20171224T163455Asia/Shanghai(0,357,28800,0,1514104495) mSubId -3 mPhoneId 1  mState 3 3 voice home data home null null null null null null  Unknown Unknown CSS not supported -1 -1 RoamInd=-1 DefRoamInd=-1 EmergOnly=false Ril Voice Regist state: 0 Ril Data Regist state: 0 mProprietaryDataRadioTechnology: 0 VoiceRejectCause: -1 DataRejectCause: -1 IsDataRoamingFromRegistration=false
12-24 17:21:34.225  1125  1653 D TelephonyRegistry: notifyServiceStateForSubscriber Time 20171224T163455Asia/Shanghai(0,357,28800,0,1514104495) mSubId -3 mPhoneId 1  mState 3 3 voice home data home null null null null null null  Unknown Unknown CSS not supported -1 -1 RoamInd=-1 DefRoamInd=-1 EmergOnly=false Ril Voice Regist state: 0 Ril Data Regist state: 0 mProprietaryDataRadioTechnology: 0 VoiceRejectCause: -1 DataRejectCause: -1 IsDataRoamingFromRegistration=false
12-24 17:21:34.225  1125  1653 D TelephonyRegistry: notifySignalStrengthForSubscriber: ----------------
12-24 17:21:34.225  1125  1653 D SubscriptionManager: [getPhoneId]- return dummy value, subId = -2
12-24 17:21:34.225  1125  1653 D TelephonyRegistry: validatePhoneId: true
12-24 17:21:34.225  1125  1653 D TelephonyRegistry: notifySignalStrengthForSubscriber: valid phoneId=0
12-24 17:21:34.228  1713  1713 D SubscriptionController: [getPhoneId] asked for default subId=-1
12-24 17:21:34.228  1713  1713 D SubscriptionController: [getPhoneId]- invalid subId = -1 return = -1
12-24 17:21:34.229  1125  1653 D SubscriptionManager: [getPhoneId]- return dummy value, subId = -2
12-24 17:21:34.229  1125  1653 D TelephonyRegistry: idMatch: rlt=false
12-24 17:21:34.230  1713  1713 D SubscriptionController: [getPhoneId] asked for default subId=-1
12-24 17:21:34.231  1713  1713 D SubscriptionController: [getPhoneId]- invalid subId = -1 return = -1
12-24 17:21:34.231  1125  1653 D SubscriptionManager: [getPhoneId]- return dummy value, subId = -2
12-24 17:21:34.232  1125  1653 D TelephonyRegistry: idMatch: rlt=false
12-24 17:21:34.233  1713  1713 D SubscriptionController: [getPhoneId] asked for default subId=-1
12-24 17:21:34.233  1713  1713 D SubscriptionController: [getPhoneId]- invalid subId = -1 return = -1
12-24 17:21:34.234  1125  1653 D SubscriptionManager: [getPhoneId]- return dummy value, subId = -2
12-24 17:21:34.234  1125  1653 D TelephonyRegistry: idMatch: rlt=false
12-24 17:21:34.236  1713  1713 D SubscriptionController: [getPhoneId] asked for default subId=-1
12-24 17:21:34.236  1713  1713 D SubscriptionController: [getPhoneId]- invalid subId = -1 return = -1
12-24 17:21:34.237  1125  1653 D SubscriptionManager: [getPhoneId]- return dummy value, subId = -2
12-24 17:21:34.237  1125  1653 D TelephonyRegistry: idMatch: rlt=false
12-24 17:21:34.239  1713  1713 D SubscriptionController: [getPhoneId] asked for default subId=-1
12-24 17:21:34.239  1713  1713 D SubscriptionController: [getPhoneId]- invalid subId = -1 return = -1
12-24 17:21:34.239  1125  1653 D SubscriptionManager: [getPhoneId]- return dummy value, subId = -2
12-24 17:21:34.239  1125  1653 D TelephonyRegistry: idMatch: rlt=false
12-24 17:21:34.240  1713  1713 D SubscriptionController: [getPhoneId] asked for default subId=-1
12-24 17:21:34.241  1713  1713 D SubscriptionController: [getPhoneId]- invalid subId = -1 return = -1
12-24 17:21:34.241  1125  1653 D SubscriptionManager: [getPhoneId]- return dummy value, subId = -2
12-24 17:21:34.241  1125  1653 D TelephonyRegistry: idMatch: rlt=false
12-24 17:21:34.242  1713  1713 D SubscriptionController: [getPhoneId] asked for default subId=-1
12-24 17:21:34.242  1713  1713 D SubscriptionController: [getPhoneId]- invalid subId = -1 return = -1
12-24 17:21:34.242  1125  1653 D SubscriptionManager: [getPhoneId]- return dummy value, subId = -2
12-24 17:21:34.242  1125  1653 D TelephonyRegistry: idMatch: rlt=false
12-24 17:21:34.243  1713  1713 D SubscriptionController: [getPhoneId] asked for default subId=-1
12-24 17:21:34.243  1713  1713 D SubscriptionController: [getPhoneId]- invalid subId = -1 return = -1
12-24 17:21:34.243  1125  1653 D SubscriptionManager: [getPhoneId]- return dummy value, subId = -2
12-24 17:21:34.243  1125  1653 D TelephonyRegistry: idMatch: rlt=false
12-24 17:21:34.244  1125  1653 D TelephonyRegistry: handleRemoveListLocked: mRemoveList.size()=0
12-24 17:21:34.244  1125  1653 D SubscriptionManager: [getPhoneId]- return dummy value, subId = -2
12-24 17:21:34.244  1713  1713 D SubscriptionController: [getSubId]- sSlotIdxToSubId.size == 0, return DummySubIds slotIdx=0
12-24 17:21:34.244  1713  1713 D SubscriptionController: getDummySubIds: slotIdx=0 return 2 DummySubIds with each subId=-2
12-24 17:21:34.246  1713  1713 D SubscriptionController: [getSubId]- sSlotIdxToSubId.size == 0, return DummySubIds slotIdx=0
12-24 17:21:34.246  1713  1713 D SubscriptionController: getDummySubIds: slotIdx=0 return 2 DummySubIds with each subId=-2
12-24 17:21:34.246  1125  1884 D TelephonyRegistry: notifyCellInfoForSubscriber: subId=-2 cellInfo=[CellInfoLte:{mRegistered=NO mTimeStampType=unknown mTimeStamp=9223372036854775807ns CellIdentityLte:{ mMcc=2147483647 mMnc=2147483647 mCi=2147483647 mPci=2147483647 mTac=2147483647} CellSignalStrengthLte: ss=2147483647 rsrp=2147483647 rsrq=2147483647 rssnr=2147483647 cqi=2147483647 ta=2147483647}]
12-24 17:21:34.246  1125  1884 D SubscriptionManager: [getPhoneId]- return dummy value, subId = -2
12-24 17:21:34.246  1125  1884 D TelephonyRegistry: validatePhoneId: true
12-24 17:21:34.247  1125  1884 D TelephonyRegistry: validateEventsAndUserLocked: valid=false r.callerUserId=0 foregroundUser=0 r.events=32 events=1024
12-24 17:21:34.247  1125  1884 D TelephonyRegistry: validateEventsAndUserLocked: valid=false r.callerUserId=0 foregroundUser=0 r.events=32 events=1024
12-24 17:21:34.247  1125  1884 D TelephonyRegistry: validateEventsAndUserLocked: valid=false r.callerUserId=0 foregroundUser=0 r.events=8192 events=1024
12-24 17:21:34.247  1125  1884 D TelephonyRegistry: validateEventsAndUserLocked: valid=false r.callerUserId=0 foregroundUser=0 r.events=449 events=1024
12-24 17:21:34.247  1125  1884 D TelephonyRegistry: validateEventsAndUserLocked: valid=false r.callerUserId=0 foregroundUser=0 r.events=32 events=1024
12-24 17:21:34.247  1125  1884 D TelephonyRegistry: validateEventsAndUserLocked: valid=false r.callerUserId=0 foregroundUser=0 r.events=32 events=1024
12-24 17:21:34.247  1125  1884 D TelephonyRegistry: validateEventsAndUserLocked: valid=false r.callerUserId=0 foregroundUser=0 r.events=0 events=1024
12-24 17:21:34.247  1125  1884 D TelephonyRegistry: validateEventsAndUserLocked: valid=false r.callerUserId=0 foregroundUser=0 r.events=1 events=1024
12-24 17:21:34.247  1125  1884 D TelephonyRegistry: validateEventsAndUserLocked: valid=false r.callerUserId=0 foregroundUser=0 r.events=33 events=1024
12-24 17:21:34.247  1125  1884 D TelephonyRegistry: validateEventsAndUserLocked: valid=false r.callerUserId=0 foregroundUser=0 r.events=32 events=1024
12-24 17:21:34.247  1125  1884 D TelephonyRegistry: validateEventsAndUserLocked: valid=false r.callerUserId=0 foregroundUser=0 r.events=0 events=1024
12-24 17:21:34.247  1125  1884 D TelephonyRegistry: validateEventsAndUserLocked: valid=false r.callerUserId=0 foregroundUser=0 r.events=0 events=1024
12-24 17:21:34.247  1125  1884 D TelephonyRegistry: validateEventsAndUserLocked: valid=false r.callerUserId=0 foregroundUser=0 r.events=0 events=1024
12-24 17:21:34.248  1125  1884 D TelephonyRegistry: validateEventsAndUserLocked: valid=false r.callerUserId=0 foregroundUser=0 r.events=0 events=1024
12-24 17:21:34.248  1125  1884 D TelephonyRegistry: validateEventsAndUserLocked: valid=false r.callerUserId=0 foregroundUser=0 r.events=65536 events=1024
12-24 17:21:34.248  1125  1884 D TelephonyRegistry: validateEventsAndUserLocked: valid=false r.callerUserId=0 foregroundUser=0 r.events=0 events=1024
12-24 17:21:34.248  1125  1884 D TelephonyRegistry: validateEventsAndUserLocked: valid=false r.callerUserId=0 foregroundUser=0 r.events=0 events=1024
12-24 17:21:34.248  1125  1884 D TelephonyRegistry: validateEventsAndUserLocked: valid=false r.callerUserId=0 foregroundUser=0 r.events=32 events=1024
12-24 17:21:34.248  1125  1884 D TelephonyRegistry: validateEventsAndUserLocked: valid=false r.callerUserId=0 foregroundUser=0 r.events=0 events=1024
12-24 17:21:34.248  1125  1884 D TelephonyRegistry: validateEventsAndUserLocked: valid=false r.callerUserId=0 foregroundUser=0 r.events=0 events=1024
12-24 17:21:34.248  1125  1884 D TelephonyRegistry: validateEventsAndUserLocked: valid=false r.callerUserId=0 foregroundUser=0 r.events=0 events=1024
12-24 17:21:34.248  1125  1884 D TelephonyRegistry: validateEventsAndUserLocked: valid=false r.callerUserId=0 foregroundUser=0 r.events=65536 events=1024
12-24 17:21:34.248  1125  1884 D TelephonyRegistry: validateEventsAndUserLocked: valid=false r.callerUserId=0 foregroundUser=0 r.events=0 events=1024
12-24 17:21:34.248  1125  1884 D TelephonyRegistry: validateEventsAndUserLocked: valid=false r.callerUserId=0 foregroundUser=0 r.events=1 events=1024
12-24 17:21:34.248  1125  1884 D TelephonyRegistry: validateEventsAndUserLocked: valid=false r.callerUserId=0 foregroundUser=0 r.events=512 events=1024
12-24 17:21:34.248  1125  1884 D TelephonyRegistry: validateEventsAndUserLocked: valid=false r.callerUserId=0 foregroundUser=0 r.events=32 events=1024
12-24 17:21:34.248  1125  1884 D TelephonyRegistry: validateEventsAndUserLocked: valid=false r.callerUserId=0 foregroundUser=0 r.events=32 events=1024
12-24 17:21:34.248  1125  1884 D TelephonyRegistry: validateEventsAndUserLocked: valid=false r.callerUserId=0 foregroundUser=0 r.events=256 events=1024
12-24 17:21:34.248  1125  1884 D TelephonyRegistry: validateEventsAndUserLocked: valid=false r.callerUserId=0 foregroundUser=0 r.events=256 events=1024
12-24 17:21:34.249  1125  1884 D TelephonyRegistry: validateEventsAndUserLocked: valid=false r.callerUserId=0 foregroundUser=0 r.events=256 events=1024
12-24 17:21:34.249  1125  1884 D TelephonyRegistry: validateEventsAndUserLocked: valid=false r.callerUserId=0 foregroundUser=0 r.events=256 events=1024
12-24 17:21:34.249  1125  1884 D TelephonyRegistry: validateEventsAndUserLocked: valid=false r.callerUserId=0 foregroundUser=0 r.events=256 events=1024
12-24 17:21:34.249  1125  1884 D TelephonyRegistry: validateEventsAndUserLocked: valid=false r.callerUserId=0 foregroundUser=0 r.events=256 events=1024
12-24 17:21:34.249  1125  1884 D TelephonyRegistry: validateEventsAndUserLocked: valid=false r.callerUserId=0 foregroundUser=0 r.events=32 events=1024
12-24 17:21:34.249  1125  1884 D TelephonyRegistry: validateEventsAndUserLocked: valid=false r.callerUserId=0 foregroundUser=0 r.events=32 events=1024
12-24 17:21:34.249  1125  1884 D TelephonyRegistry: validateEventsAndUserLocked: valid=false r.callerUserId=0 foregroundUser=0 r.events=32 events=1024
12-24 17:21:34.249  1125  1884 D TelephonyRegistry: validateEventsAndUserLocked: valid=false r.callerUserId=0 foregroundUser=0 r.events=256 events=1024
12-24 17:21:34.249  1125  1884 D TelephonyRegistry: validateEventsAndUserLocked: valid=false r.callerUserId=0 foregroundUser=0 r.events=32 events=1024
12-24 17:21:34.249  1125  1884 D TelephonyRegistry: handleRemoveListLocked: mRemoveList.size()=0
12-24 17:21:34.438   435  1124 I RPC     : RPC-client RX thread after select! - (0)
12-24 17:21:34.438   435  1124 I RPC     : RPC-client RX thread Before select!
12-24 17:21:34.939   435  1124 I RPC     : RPC-client RX thread after select! - (0)
12-24 17:21:34.939   435  1124 I RPC     : RPC-client RX thread Before select!
12-24 17:21:35.439   435  1124 I RPC     : RPC-client RX thread after select! - (0)
12-24 17:21:35.439   435  1124 I RPC     : RPC-client RX thread Before select!
12-24 17:21:35.940   435  1124 I RPC     : RPC-client RX thread after select! - (0)
12-24 17:21:35.940   435  1124 I RPC     : RPC-client RX thread Before select!
12-24 17:21:36.440   435  1124 I RPC     : RPC-client RX thread after select! - (0)
12-24 17:21:36.440   435  1124 I RPC     : RPC-client RX thread Before select!
12-24 17:21:36.941   435  1124 I RPC     : RPC-client RX thread after select! - (0)
12-24 17:21:36.941   435  1124 I RPC     : RPC-client RX thread Before select!
12-24 17:21:37.176  1176  1191 I RILC    : NUMBER:1
12-24 17:21:37.177  1176  1191 I RILC    : arg len:14
12-24 17:21:37.177  1176  1191 I RILC    : ARGS[0]:THERMAL,0,-1
12-24 17:21:37.177  1176  1191 D RILC    : C[locl]> QUERY_MODEM_THERMAL
12-24 17:21:37.177  1176  1191 D RILC-MTK: QUERY_MODEM_THERMAL pRI=0x7f8c217b40 p=0x7f8c221380 dispatched to RIL_CMD_PROXY_1
12-24 17:21:37.177  1176  1182 I RILC-MTK: RIL_CMD_PROXY_1 wakeup
12-24 17:21:37.177  1176  1182 D RILC-MTK: proxy id:3, proxyName: RIL_CMD_PROXY_1
12-24 17:21:37.177  1176  1182 D RILC-MTK: QUERY_MODEM_THERMAL pRI=0x7f8c217b40 p=0x7f8c221380 execute on RIL_CMD_PROXY_1 using channel 3
12-24 17:21:37.177  1176  1182 D RILC    : callOnRequest for new vendor ril
12-24 17:21:37.177  1176  1182 D RIL     : onRequest: QUERY_MODEM_THERMAL, datalen = 8
12-24 17:21:37.177  1176  1182 D RIL     : radioState:0
12-24 17:21:37.177  1176  1182 D         : IMS: IMS_isRilRequestFromIms, socket_id = 0 
12-24 17:21:37.177  1176  1182 D RILC    : RequestComplete, RIL_SOCKET_1
12-24 17:21:37.177  1176  1182 D RILC    : [THERMAL] local request for THERMAL returned 
12-24 17:21:37.177  1176  1182 D RILC    : [THERMAL] s_THERMAL_fd is valid strResult is ERROR
12-24 17:21:37.177  1176  1182 D RILC-MTK: proxyLoop free  pRI=0x7f8c217b40 p=0x7f8c221380 
12-24 17:21:37.177  1176  1182 D RILC-MTK: proxyLoop free  pRequest=0x7f8c27bea0
12-24 17:21:37.177  1176  1182 I RILC-MTK: RIL_CMD_PROXY_1 sleep
12-24 17:21:37.177  1176  1184 I RILC-MTK: RIL_ATCI_PROXY wakeup
12-24 17:21:37.177  1176  1184 I RILC-MTK: RIL_ATCI_PROXY sleep
12-24 17:21:37.177  1176  1183 I RILC-MTK: RIL_CMD_PROXY_4 wakeup
12-24 17:21:37.177  1176  1183 I RILC-MTK: RIL_CMD_PROXY_4 sleep
12-24 17:21:37.178  1176  1180 I RILC-MTK: RIL_CMD_PROXY_3 wakeup
12-24 17:21:37.178  1176  1180 I RILC-MTK: RIL_CMD_PROXY_3 sleep
12-24 17:21:37.178  1176  1188 I RILC-MTK: RIL_CMD2_PROXY_1 wakeup
12-24 17:21:37.178  1176  1181 I RILC-MTK: RIL_CMD_PROXY_2 wakeup
12-24 17:21:37.178  1176  1188 I RILC-MTK: RIL_CMD2_PROXY_1 sleep
12-24 17:21:37.178  1176  1185 I RILC-MTK: RIL_URC2_PROXY wakeup
12-24 17:21:37.178  1176  1185 I RILC-MTK: RIL_URC2_PROXY sleep
12-24 17:21:37.178  1176  1186 I RILC-MTK: RIL_CMD2_PROXY_3 wakeup
12-24 17:21:37.178  1176  1189 I RILC-MTK: RIL_CMD2_PROXY_4 wakeup
12-24 17:21:37.178  1176  1186 I RILC-MTK: RIL_CMD2_PROXY_3 sleep
12-24 17:21:37.178  1176  1187 I RILC-MTK: RIL_CMD2_PROXY_2 wakeup
12-24 17:21:37.178  1176  1187 I RILC-MTK: RIL_CMD2_PROXY_2 sleep
12-24 17:21:37.178  1176  1179 I RILC-MTK: RIL_URC_PROXY wakeup
12-24 17:21:37.178  1176  1179 I RILC-MTK: RIL_URC_PROXY sleep
12-24 17:21:37.178  1176  1190 I RILC-MTK: RIL_ATCI2_PROXY wakeup
12-24 17:21:37.178  1176  1190 I RILC-MTK: RIL_ATCI2_PROXY sleep
12-24 17:21:37.178  1176  1189 I RILC-MTK: RIL_CMD2_PROXY_4 sleep
12-24 17:21:37.178  1176  1181 I RILC-MTK: RIL_CMD_PROXY_2 sleep
12-24 17:21:37.316  1136  1136 D RILMUXD : [gsm0710muxd] 3913:main(): Frames received/dropped: 385/0
12-24 17:21:37.441   435  1124 I RPC     : RPC-client RX thread after select! - (0)
12-24 17:21:37.442   435  1124 I RPC     : RPC-client RX thread Before select!
12-24 17:21:37.943   435  1124 I RPC     : RPC-client RX thread after select! - (0)
12-24 17:21:37.943   435  1124 I RPC     : RPC-client RX thread Before select!
12-24 17:21:38.443   435  1124 I RPC     : RPC-client RX thread after select! - (0)
12-24 17:21:38.443   435  1124 I RPC     : RPC-client RX thread Before select!
12-24 17:21:38.944   435  1124 I RPC     : RPC-client RX thread after select! - (0)
12-24 17:21:38.944   435  1124 I RPC     : RPC-client RX thread Before select!
12-24 17:21:39.445   435  1124 I RPC     : RPC-client RX thread after select! - (0)
12-24 17:21:39.445   435  1124 I RPC     : RPC-client RX thread Before select!
12-24 17:21:39.945   435  1124 I RPC     : RPC-client RX thread after select! - (0)
12-24 17:21:39.945   435  1124 I RPC     : RPC-client RX thread Before select!
12-24 17:21:40.446   435  1124 I RPC     : RPC-client RX thread after select! - (0)
12-24 17:21:40.446   435  1124 I RPC     : RPC-client RX thread Before select!
12-24 17:21:40.947   435  1124 I RPC     : RPC-client RX thread after select! - (0)
12-24 17:21:40.947   435  1124 I RPC     : RPC-client RX thread Before select!
12-24 17:21:41.447   435  1124 I RPC     : RPC-client RX thread after select! - (0)
12-24 17:21:41.447   435  1124 I RPC     : RPC-client RX thread Before select!
12-24 17:21:41.948   435  1124 I RPC     : RPC-client RX thread after select! - (0)
12-24 17:21:41.948   435  1124 I RPC     : RPC-client RX thread Before select!
12-24 17:21:42.316  1136  1136 D RILMUXD : [gsm0710muxd] 3913:main(): Frames received/dropped: 385/0
12-24 17:21:42.448   435  1124 I RPC     : RPC-client RX thread after select! - (0)
12-24 17:21:42.448   435  1124 I RPC     : RPC-client RX thread Before select!
12-24 17:21:42.949   435  1124 I RPC     : RPC-client RX thread after select! - (0)
12-24 17:21:42.949   435  1124 I RPC     : RPC-client RX thread Before select!
12-24 17:21:43.450   435  1124 I RPC     : RPC-client RX thread after select! - (0)
12-24 17:21:43.450   435  1124 I RPC     : RPC-client RX thread Before select!
12-24 17:21:43.951   435  1124 I RPC     : RPC-client RX thread after select! - (0)
12-24 17:21:43.951   435  1124 I RPC     : RPC-client RX thread Before select!
12-24 17:21:44.452   435  1124 I RPC     : RPC-client RX thread after select! - (0)
12-24 17:21:44.452   435  1124 I RPC     : RPC-client RX thread Before select!
12-24 17:21:44.952   435  1124 I RPC     : RPC-client RX thread after select! - (0)
12-24 17:21:44.952   435  1124 I RPC     : RPC-client RX thread Before select!
12-24 17:21:45.454   435  1124 I RPC     : RPC-client RX thread after select! - (0)
12-24 17:21:45.454   435  1124 I RPC     : RPC-client RX thread Before select!
12-24 17:21:45.954   435  1124 I RPC     : RPC-client RX thread after select! - (0)
12-24 17:21:45.955   435  1124 I RPC     : RPC-client RX thread Before select!
12-24 17:21:46.455   435  1124 I RPC     : RPC-client RX thread after select! - (0)
12-24 17:21:46.455   435  1124 I RPC     : RPC-client RX thread Before select!
12-24 17:21:46.956   435  1124 I RPC     : RPC-client RX thread after select! - (0)
12-24 17:21:46.956   435  1124 I RPC     : RPC-client RX thread Before select!
12-24 17:21:47.184  1176  1191 I RILC    : NUMBER:1
12-24 17:21:47.184  1176  1191 I RILC    : arg len:14
12-24 17:21:47.184  1176  1191 I RILC    : ARGS[0]:THERMAL,0,-1
12-24 17:21:47.184  1176  1191 D RILC    : C[locl]> QUERY_MODEM_THERMAL
12-24 17:21:47.184  1176  1191 D RILC-MTK: QUERY_MODEM_THERMAL pRI=0x7f8c217270 p=0x7f8c222500 dispatched to RIL_CMD_PROXY_1
12-24 17:21:47.184  1176  1182 I RILC-MTK: RIL_CMD_PROXY_1 wakeup
12-24 17:21:47.184  1176  1182 D RILC-MTK: proxy id:3, proxyName: RIL_CMD_PROXY_1
12-24 17:21:47.184  1176  1182 D RILC-MTK: QUERY_MODEM_THERMAL pRI=0x7f8c217270 p=0x7f8c222500 execute on RIL_CMD_PROXY_1 using channel 3
12-24 17:21:47.184  1176  1182 D RILC    : callOnRequest for new vendor ril
12-24 17:21:47.184  1176  1182 D RIL     : onRequest: QUERY_MODEM_THERMAL, datalen = 8
12-24 17:21:47.184  1176  1182 D RIL     : radioState:0
12-24 17:21:47.184  1176  1182 D         : IMS: IMS_isRilRequestFromIms, socket_id = 0 
12-24 17:21:47.184  1176  1182 D RILC    : RequestComplete, RIL_SOCKET_1
12-24 17:21:47.185  1176  1182 D RILC    : [THERMAL] local request for THERMAL returned 
12-24 17:21:47.185  1176  1182 D RILC    : [THERMAL] s_THERMAL_fd is valid strResult is ERROR
12-24 17:21:47.185  1176  1182 D RILC-MTK: proxyLoop free  pRI=0x7f8c217270 p=0x7f8c222500 
12-24 17:21:47.185  1176  1182 D RILC-MTK: proxyLoop free  pRequest=0x7f8c35c080
12-24 17:21:47.185  1176  1182 I RILC-MTK: RIL_CMD_PROXY_1 sleep
12-24 17:21:47.185  1176  1184 I RILC-MTK: RIL_ATCI_PROXY wakeup
12-24 17:21:47.185  1176  1184 I RILC-MTK: RIL_ATCI_PROXY sleep
12-24 17:21:47.185  1176  1183 I RILC-MTK: RIL_CMD_PROXY_4 wakeup
12-24 17:21:47.185  1176  1183 I RILC-MTK: RIL_CMD_PROXY_4 sleep
12-24 17:21:47.185  1176  1180 I RILC-MTK: RIL_CMD_PROXY_3 wakeup
12-24 17:21:47.185  1176  1180 I RILC-MTK: RIL_CMD_PROXY_3 sleep
12-24 17:21:47.185  1176  1188 I RILC-MTK: RIL_CMD2_PROXY_1 wakeup
12-24 17:21:47.185  1176  1188 I RILC-MTK: RIL_CMD2_PROXY_1 sleep
12-24 17:21:47.185  1176  1185 I RILC-MTK: RIL_URC2_PROXY wakeup
12-24 17:21:47.185  1176  1185 I RILC-MTK: RIL_URC2_PROXY sleep
12-24 17:21:47.185  1176  1186 I RILC-MTK: RIL_CMD2_PROXY_3 wakeup
12-24 17:21:47.185  1176  1186 I RILC-MTK: RIL_CMD2_PROXY_3 sleep
12-24 17:21:47.185  1176  1187 I RILC-MTK: RIL_CMD2_PROXY_2 wakeup
12-24 17:21:47.185  1176  1187 I RILC-MTK: RIL_CMD2_PROXY_2 sleep
12-24 17:21:47.185  1176  1179 I RILC-MTK: RIL_URC_PROXY wakeup
12-24 17:21:47.185  1176  1179 I RILC-MTK: RIL_URC_PROXY sleep
12-24 17:21:47.185  1176  1190 I RILC-MTK: RIL_ATCI2_PROXY wakeup
12-24 17:21:47.185  1176  1190 I RILC-MTK: RIL_ATCI2_PROXY sleep
12-24 17:21:47.185  1176  1189 I RILC-MTK: RIL_CMD2_PROXY_4 wakeup
12-24 17:21:47.185  1176  1189 I RILC-MTK: RIL_CMD2_PROXY_4 sleep
12-24 17:21:47.185  1176  1181 I RILC-MTK: RIL_CMD_PROXY_2 wakeup
12-24 17:21:47.185  1176  1181 I RILC-MTK: RIL_CMD_PROXY_2 sleep
12-24 17:21:47.316  1136  1136 D RILMUXD : [gsm0710muxd] 3913:main(): Frames received/dropped: 385/0
12-24 17:21:47.457   435  1124 I RPC     : RPC-client RX thread after select! - (0)
12-24 17:21:47.457   435  1124 I RPC     : RPC-client RX thread Before select!
12-24 17:21:47.958   435  1124 I RPC     : RPC-client RX thread after select! - (0)
12-24 17:21:47.958   435  1124 I RPC     : RPC-client RX thread Before select!
12-24 17:21:48.350  1713  1713 D FdManager: [GDCT][phoneId0]onReceive: action=android.intent.action.BATTERY_CHANGED
12-24 17:21:48.350  1713  1713 D FdManager: [GDCT][phoneId1]onReceive: action=android.intent.action.BATTERY_CHANGED
12-24 17:21:48.458   435  1124 I RPC     : RPC-client RX thread after select! - (0)
12-24 17:21:48.458   435  1124 I RPC     : RPC-client RX thread Before select!
12-24 17:21:48.959   435  1124 I RPC     : RPC-client RX thread after select! - (0)
12-24 17:21:48.959   435  1124 I RPC     : RPC-client RX thread Before select!
12-24 17:21:49.459   435  1124 I RPC     : RPC-client RX thread after select! - (0)
12-24 17:21:49.459   435  1124 I RPC     : RPC-client RX thread Before select!
12-24 17:21:49.960   435  1124 I RPC     : RPC-client RX thread after select! - (0)
12-24 17:21:49.960   435  1124 I RPC     : RPC-client RX thread Before select!
12-24 17:21:50.460   435  1124 I RPC     : RPC-client RX thread after select! - (0)
12-24 17:21:50.460   435  1124 I RPC     : RPC-client RX thread Before select!
12-24 17:21:50.961   435  1124 I RPC     : RPC-client RX thread after select! - (0)
12-24 17:21:50.961   435  1124 I RPC     : RPC-client RX thread Before select!
12-24 17:21:51.462   435  1124 I RPC     : RPC-client RX thread after select! - (0)
12-24 17:21:51.462   435  1124 I RPC     : RPC-client RX thread Before select!
12-24 17:21:51.962   435  1124 I RPC     : RPC-client RX thread after select! - (0)
12-24 17:21:51.962   435  1124 I RPC     : RPC-client RX thread Before select!
12-24 17:21:52.316  1136  1136 D RILMUXD : [gsm0710muxd] 3913:main(): Frames received/dropped: 385/0
12-24 17:21:52.463   435  1124 I RPC     : RPC-client RX thread after select! - (0)
12-24 17:21:52.463   435  1124 I RPC     : RPC-client RX thread Before select!
12-24 17:21:52.964   435  1124 I RPC     : RPC-client RX thread after select! - (0)
12-24 17:21:52.964   435  1124 I RPC     : RPC-client RX thread Before select!
12-24 17:21:53.464   435  1124 I RPC     : RPC-client RX thread after select! - (0)
12-24 17:21:53.464   435  1124 I RPC     : RPC-client RX thread Before select!
12-24 17:21:53.830  1713  1725 D SubscriptionController: [getSubId]- sSlotIdxToSubId.size == 0, return DummySubIds slotIdx=0
12-24 17:21:53.830  1713  1725 D SubscriptionController: getDummySubIds: slotIdx=0 return 2 DummySubIds with each subId=-2
12-24 17:21:53.830  1713  1976 D SubscriptionManager: [getPhoneId]- return dummy value, subId = -2
12-24 17:21:53.832  1713  2355 D SubscriptionController: [getSubId]- sSlotIdxToSubId.size == 0, return DummySubIds slotIdx=0
12-24 17:21:53.832  1713  2355 D SubscriptionController: getDummySubIds: slotIdx=0 return 2 DummySubIds with each subId=-2
12-24 17:21:53.832  1713  1724 D SubscriptionManager: [getPhoneId]- return dummy value, subId = -2
12-24 17:21:53.833  1713  1817 D SubscriptionController: [getSubId]- sSlotIdxToSubId.size == 0, return DummySubIds slotIdx=0
12-24 17:21:53.833  1713  1817 D SubscriptionController: getDummySubIds: slotIdx=0 return 2 DummySubIds with each subId=-2
12-24 17:21:53.834  1713  1725 D SubscriptionManager: [getPhoneId]- return dummy value, subId = -2
12-24 17:21:53.835  1713  1976 D SubscriptionController: [getSubId]- sSlotIdxToSubId.size == 0, return DummySubIds slotIdx=0
12-24 17:21:53.835  1713  1976 D SubscriptionController: getDummySubIds: slotIdx=0 return 2 DummySubIds with each subId=-2
12-24 17:21:53.835  1713  2355 D SubscriptionManager: [getPhoneId]- return dummy value, subId = -2
12-24 17:21:53.837  1713  1724 D SubscriptionController: [getSubId]- sSlotIdxToSubId.size == 0, return DummySubIds slotIdx=0
12-24 17:21:53.837  1713  1724 D SubscriptionController: getDummySubIds: slotIdx=0 return 2 DummySubIds with each subId=-2
12-24 17:21:53.838  1713  1817 D SubscriptionManager: [getPhoneId]- return dummy value, subId = -2
12-24 17:21:53.841  1713  1725 D SubscriptionController: [getSubId]- sSlotIdxToSubId.size == 0, return DummySubIds slotIdx=0
12-24 17:21:53.841  1713  1725 D SubscriptionController: getDummySubIds: slotIdx=0 return 2 DummySubIds with each subId=-2
12-24 17:21:53.841  1713  1976 D SubscriptionManager: [getPhoneId]- return dummy value, subId = -2
12-24 17:21:53.965   435  1124 I RPC     : RPC-client RX thread after select! - (0)
12-24 17:21:53.965   435  1124 I RPC     : RPC-client RX thread Before select!
12-24 17:21:54.466   435  1124 I RPC     : RPC-client RX thread after select! - (0)
12-24 17:21:54.466   435  1124 I RPC     : RPC-client RX thread Before select!
12-24 17:21:54.967   435  1124 I RPC     : RPC-client RX thread after select! - (0)
12-24 17:21:54.967   435  1124 I RPC     : RPC-client RX thread Before select!
12-24 17:21:55.467   435  1124 I RPC     : RPC-client RX thread after select! - (0)
12-24 17:21:55.467   435  1124 I RPC     : RPC-client RX thread Before select!
12-24 17:21:55.968   435  1124 I RPC     : RPC-client RX thread after select! - (0)
12-24 17:21:55.968   435  1124 I RPC     : RPC-client RX thread Before select!
12-24 17:21:56.469   435  1124 I RPC     : RPC-client RX thread after select! - (0)
12-24 17:21:56.469   435  1124 I RPC     : RPC-client RX thread Before select!
12-24 17:21:56.970   435  1124 I RPC     : RPC-client RX thread after select! - (0)
12-24 17:21:56.970   435  1124 I RPC     : RPC-client RX thread Before select!
12-24 17:21:57.190  1176  1191 I RILC    : NUMBER:1
12-24 17:21:57.190  1176  1191 I RILC    : arg len:14
12-24 17:21:57.190  1176  1191 I RILC    : ARGS[0]:THERMAL,0,-1
12-24 17:21:57.190  1176  1191 D RILC    : C[locl]> QUERY_MODEM_THERMAL
12-24 17:21:57.190  1176  1191 D RILC-MTK: QUERY_MODEM_THERMAL pRI=0x7f8c2174e0 p=0x7f8c222570 dispatched to RIL_CMD_PROXY_1
12-24 17:21:57.191  1176  1190 I RILC-MTK: RIL_ATCI2_PROXY wakeup
12-24 17:21:57.191  1176  1190 I RILC-MTK: RIL_ATCI2_PROXY sleep
12-24 17:21:57.191  1176  1189 I RILC-MTK: RIL_CMD2_PROXY_4 wakeup
12-24 17:21:57.191  1176  1189 I RILC-MTK: RIL_CMD2_PROXY_4 sleep
12-24 17:21:57.191  1176  1181 I RILC-MTK: RIL_CMD_PROXY_2 wakeup
12-24 17:21:57.191  1176  1181 I RILC-MTK: RIL_CMD_PROXY_2 sleep
12-24 17:21:57.191  1176  1184 I RILC-MTK: RIL_ATCI_PROXY wakeup
12-24 17:21:57.191  1176  1184 I RILC-MTK: RIL_ATCI_PROXY sleep
12-24 17:21:57.191  1176  1183 I RILC-MTK: RIL_CMD_PROXY_4 wakeup
12-24 17:21:57.191  1176  1183 I RILC-MTK: RIL_CMD_PROXY_4 sleep
12-24 17:21:57.191  1176  1180 I RILC-MTK: RIL_CMD_PROXY_3 wakeup
12-24 17:21:57.191  1176  1180 I RILC-MTK: RIL_CMD_PROXY_3 sleep
12-24 17:21:57.191  1176  1188 I RILC-MTK: RIL_CMD2_PROXY_1 wakeup
12-24 17:21:57.191  1176  1188 I RILC-MTK: RIL_CMD2_PROXY_1 sleep
12-24 17:21:57.191  1176  1185 I RILC-MTK: RIL_URC2_PROXY wakeup
12-24 17:21:57.191  1176  1185 I RILC-MTK: RIL_URC2_PROXY sleep
12-24 17:21:57.191  1176  1186 I RILC-MTK: RIL_CMD2_PROXY_3 wakeup
12-24 17:21:57.191  1176  1186 I RILC-MTK: RIL_CMD2_PROXY_3 sleep
12-24 17:21:57.191  1176  1187 I RILC-MTK: RIL_CMD2_PROXY_2 wakeup
12-24 17:21:57.191  1176  1187 I RILC-MTK: RIL_CMD2_PROXY_2 sleep
12-24 17:21:57.191  1176  1179 I RILC-MTK: RIL_URC_PROXY wakeup
12-24 17:21:57.191  1176  1179 I RILC-MTK: RIL_URC_PROXY sleep
12-24 17:21:57.191  1176  1182 I RILC-MTK: RIL_CMD_PROXY_1 wakeup
12-24 17:21:57.191  1176  1182 D RILC-MTK: proxy id:3, proxyName: RIL_CMD_PROXY_1
12-24 17:21:57.191  1176  1182 D RILC-MTK: QUERY_MODEM_THERMAL pRI=0x7f8c2174e0 p=0x7f8c222570 execute on RIL_CMD_PROXY_1 using channel 3
12-24 17:21:57.191  1176  1182 D RILC    : callOnRequest for new vendor ril
12-24 17:21:57.191  1176  1182 D RIL     : onRequest: QUERY_MODEM_THERMAL, datalen = 8
12-24 17:21:57.191  1176  1182 D RIL     : radioState:0
12-24 17:21:57.192  1176  1182 D         : IMS: IMS_isRilRequestFromIms, socket_id = 0 
12-24 17:21:57.192  1176  1182 D RILC    : RequestComplete, RIL_SOCKET_1
12-24 17:21:57.192  1176  1182 D RILC    : [THERMAL] local request for THERMAL returned 
12-24 17:21:57.192  1176  1182 D RILC    : [THERMAL] s_THERMAL_fd is valid strResult is ERROR
12-24 17:21:57.192  1176  1182 D RILC-MTK: proxyLoop free  pRI=0x7f8c2174e0 p=0x7f8c222570 
12-24 17:21:57.192  1176  1182 D RILC-MTK: proxyLoop free  pRequest=0x7f8c27bd60
12-24 17:21:57.192  1176  1182 I RILC-MTK: RIL_CMD_PROXY_1 sleep
12-24 17:21:57.317  1136  1136 D RILMUXD : [gsm0710muxd] 3913:main(): Frames received/dropped: 385/0
12-24 17:21:57.470   435  1124 I RPC     : RPC-client RX thread after select! - (0)
12-24 17:21:57.470   435  1124 I RPC     : RPC-client RX thread Before select!
12-24 17:21:57.971   435  1124 I RPC     : RPC-client RX thread after select! - (0)
12-24 17:21:57.971   435  1124 I RPC     : RPC-client RX thread Before select!
12-24 17:21:58.472   435  1124 I RPC     : RPC-client RX thread after select! - (0)
12-24 17:21:58.472   435  1124 I RPC     : RPC-client RX thread Before select!
12-24 17:21:58.972   435  1124 I RPC     : RPC-client RX thread after select! - (0)
12-24 17:21:58.972   435  1124 I RPC     : RPC-client RX thread Before select!
12-24 17:21:59.475   435  1124 I RPC     : RPC-client RX thread after select! - (0)
12-24 17:21:59.475   435  1124 I RPC     : RPC-client RX thread Before select!
12-24 17:21:59.975   435  1124 I RPC     : RPC-client RX thread after select! - (0)
12-24 17:21:59.976   435  1124 I RPC     : RPC-client RX thread Before select!
12-24 17:22:00.477   435  1124 I RPC     : RPC-client RX thread after select! - (0)
12-24 17:22:00.477   435  1124 I RPC     : RPC-client RX thread Before select!
12-24 17:22:00.735  1713  1724 D SubscriptionController: [getSubId]- sSlotIdxToSubId.size == 0, return DummySubIds slotIdx=0
12-24 17:22:00.735  1713  1724 D SubscriptionController: getDummySubIds: slotIdx=0 return 2 DummySubIds with each subId=-2
12-24 17:22:00.735  1713  1817 D SubscriptionManager: [getPhoneId]- return dummy value, subId = -2
12-24 17:22:00.736  1713  1725 D SubscriptionController: [getSubId]- sSlotIdxToSubId.size == 0, return DummySubIds slotIdx=0
12-24 17:22:00.736  1713  1725 D SubscriptionController: getDummySubIds: slotIdx=0 return 2 DummySubIds with each subId=-2
12-24 17:22:00.737  1713  1976 D SubscriptionManager: [getPhoneId]- return dummy value, subId = -2
12-24 17:22:00.738  1713  2355 D SubscriptionController: [getSubId]- sSlotIdxToSubId.size == 0, return DummySubIds slotIdx=0
12-24 17:22:00.738  1713  2355 D SubscriptionController: getDummySubIds: slotIdx=0 return 2 DummySubIds with each subId=-2
12-24 17:22:00.738  1713  1724 D SubscriptionManager: [getPhoneId]- return dummy value, subId = -2
12-24 17:22:00.739  1713  1817 D SubscriptionController: [getSubId]- sSlotIdxToSubId.size == 0, return DummySubIds slotIdx=0
12-24 17:22:00.739  1713  1817 D SubscriptionController: getDummySubIds: slotIdx=0 return 2 DummySubIds with each subId=-2
12-24 17:22:00.740  1713  1725 D SubscriptionManager: [getPhoneId]- return dummy value, subId = -2
12-24 17:22:00.742  1713  1976 D SubscriptionController: [getSubId]- sSlotIdxToSubId.size == 0, return DummySubIds slotIdx=0
12-24 17:22:00.742  1713  1976 D SubscriptionController: getDummySubIds: slotIdx=0 return 2 DummySubIds with each subId=-2
12-24 17:22:00.743  1713  2355 D SubscriptionManager: [getPhoneId]- return dummy value, subId = -2
12-24 17:22:00.745  1713  1724 D SubscriptionController: [getSubId]- sSlotIdxToSubId.size == 0, return DummySubIds slotIdx=0
12-24 17:22:00.745  1713  1724 D SubscriptionController: getDummySubIds: slotIdx=0 return 2 DummySubIds with each subId=-2
12-24 17:22:00.745  1713  1817 D SubscriptionManager: [getPhoneId]- return dummy value, subId = -2
12-24 17:22:00.978   435  1124 I RPC     : RPC-client RX thread after select! - (0)
12-24 17:22:00.978   435  1124 I RPC     : RPC-client RX thread Before select!
12-24 17:22:01.478   435  1124 I RPC     : RPC-client RX thread after select! - (0)
12-24 17:22:01.478   435  1124 I RPC     : RPC-client RX thread Before select!
12-24 17:22:01.979   435  1124 I RPC     : RPC-client RX thread after select! - (0)
12-24 17:22:01.979   435  1124 I RPC     : RPC-client RX thread Before select!
12-24 17:22:02.317  1136  1136 D RILMUXD : [gsm0710muxd] 3913:main(): Frames received/dropped: 385/0
12-24 17:22:02.480   435  1124 I RPC     : RPC-client RX thread after select! - (0)
12-24 17:22:02.480   435  1124 I RPC     : RPC-client RX thread Before select!
12-24 17:22:02.980   435  1124 I RPC     : RPC-client RX thread after select! - (0)
12-24 17:22:02.980   435  1124 I RPC     : RPC-client RX thread Before select!
12-24 17:22:03.481   435  1124 I RPC     : RPC-client RX thread after select! - (0)
12-24 17:22:03.481   435  1124 I RPC     : RPC-client RX thread Before select!
12-24 17:22:03.982   435  1124 I RPC     : RPC-client RX thread after select! - (0)
12-24 17:22:03.982   435  1124 I RPC     : RPC-client RX thread Before select!
12-24 17:22:04.482   435  1124 I RPC     : RPC-client RX thread after select! - (0)
12-24 17:22:04.482   435  1124 I RPC     : RPC-client RX thread Before select!
12-24 17:22:04.983   435  1124 I RPC     : RPC-client RX thread after select! - (0)
12-24 17:22:04.983   435  1124 I RPC     : RPC-client RX thread Before select!
12-24 17:22:05.484   435  1124 I RPC     : RPC-client RX thread after select! - (0)
12-24 17:22:05.484   435  1124 I RPC     : RPC-client RX thread Before select!
12-24 17:22:05.984   435  1124 I RPC     : RPC-client RX thread after select! - (0)
12-24 17:22:05.984   435  1124 I RPC     : RPC-client RX thread Before select!
12-24 17:22:06.485   435  1124 I RPC     : RPC-client RX thread after select! - (0)
12-24 17:22:06.485   435  1124 I RPC     : RPC-client RX thread Before select!
12-24 17:22:06.986   435  1124 I RPC     : RPC-client RX thread after select! - (0)
12-24 17:22:06.986   435  1124 I RPC     : RPC-client RX thread Before select!
12-24 17:22:07.199  1176  1191 I RILC    : NUMBER:1
12-24 17:22:07.199  1176  1191 I RILC    : arg len:14
12-24 17:22:07.199  1176  1191 I RILC    : ARGS[0]:THERMAL,0,-1
12-24 17:22:07.199  1176  1191 D RILC    : C[locl]> QUERY_MODEM_THERMAL
12-24 17:22:07.199  1176  1191 D RILC-MTK: QUERY_MODEM_THERMAL pRI=0x7f8c217720 p=0x7f8c222810 dispatched to RIL_CMD_PROXY_1
12-24 17:22:07.200  1176  1190 I RILC-MTK: RIL_ATCI2_PROXY wakeup
12-24 17:22:07.200  1176  1190 I RILC-MTK: RIL_ATCI2_PROXY sleep
12-24 17:22:07.200  1176  1189 I RILC-MTK: RIL_CMD2_PROXY_4 wakeup
12-24 17:22:07.200  1176  1189 I RILC-MTK: RIL_CMD2_PROXY_4 sleep
12-24 17:22:07.200  1176  1181 I RILC-MTK: RIL_CMD_PROXY_2 wakeup
12-24 17:22:07.200  1176  1181 I RILC-MTK: RIL_CMD_PROXY_2 sleep
12-24 17:22:07.200  1176  1184 I RILC-MTK: RIL_ATCI_PROXY wakeup
12-24 17:22:07.200  1176  1184 I RILC-MTK: RIL_ATCI_PROXY sleep
12-24 17:22:07.200  1176  1183 I RILC-MTK: RIL_CMD_PROXY_4 wakeup
12-24 17:22:07.200  1176  1183 I RILC-MTK: RIL_CMD_PROXY_4 sleep
12-24 17:22:07.200  1176  1180 I RILC-MTK: RIL_CMD_PROXY_3 wakeup
12-24 17:22:07.200  1176  1180 I RILC-MTK: RIL_CMD_PROXY_3 sleep
12-24 17:22:07.200  1176  1188 I RILC-MTK: RIL_CMD2_PROXY_1 wakeup
12-24 17:22:07.200  1176  1188 I RILC-MTK: RIL_CMD2_PROXY_1 sleep
12-24 17:22:07.200  1176  1185 I RILC-MTK: RIL_URC2_PROXY wakeup
12-24 17:22:07.200  1176  1185 I RILC-MTK: RIL_URC2_PROXY sleep
12-24 17:22:07.200  1176  1186 I RILC-MTK: RIL_CMD2_PROXY_3 wakeup
12-24 17:22:07.200  1176  1186 I RILC-MTK: RIL_CMD2_PROXY_3 sleep
12-24 17:22:07.200  1176  1187 I RILC-MTK: RIL_CMD2_PROXY_2 wakeup
12-24 17:22:07.200  1176  1187 I RILC-MTK: RIL_CMD2_PROXY_2 sleep
12-24 17:22:07.200  1176  1179 I RILC-MTK: RIL_URC_PROXY wakeup
12-24 17:22:07.201  1176  1179 I RILC-MTK: RIL_URC_PROXY sleep
12-24 17:22:07.201  1176  1182 I RILC-MTK: RIL_CMD_PROXY_1 wakeup
12-24 17:22:07.201  1176  1182 D RILC-MTK: proxy id:3, proxyName: RIL_CMD_PROXY_1
12-24 17:22:07.201  1176  1182 D RILC-MTK: QUERY_MODEM_THERMAL pRI=0x7f8c217720 p=0x7f8c222810 execute on RIL_CMD_PROXY_1 using channel 3
12-24 17:22:07.201  1176  1182 D RILC    : callOnRequest for new vendor ril
12-24 17:22:07.201  1176  1182 D RIL     : onRequest: QUERY_MODEM_THERMAL, datalen = 8
12-24 17:22:07.201  1176  1182 D RIL     : radioState:0
12-24 17:22:07.201  1176  1182 D         : IMS: IMS_isRilRequestFromIms, socket_id = 0 
12-24 17:22:07.201  1176  1182 D RILC    : RequestComplete, RIL_SOCKET_1
12-24 17:22:07.201  1176  1182 D RILC    : [THERMAL] local request for THERMAL returned 
12-24 17:22:07.201  1176  1182 D RILC    : [THERMAL] s_THERMAL_fd is valid strResult is ERROR
12-24 17:22:07.201  1176  1182 D RILC-MTK: proxyLoop free  pRI=0x7f8c217720 p=0x7f8c222810 
12-24 17:22:07.201  1176  1182 D RILC-MTK: proxyLoop free  pRequest=0x7f8c35c000
12-24 17:22:07.201  1176  1182 I RILC-MTK: RIL_CMD_PROXY_1 sleep
12-24 17:22:07.317  1136  1136 D RILMUXD : [gsm0710muxd] 3913:main(): Frames received/dropped: 385/0
12-24 17:22:07.487   435  1124 I RPC     : RPC-client RX thread after select! - (0)
12-24 17:22:07.487   435  1124 I RPC     : RPC-client RX thread Before select!
12-24 17:22:07.987   435  1124 I RPC     : RPC-client RX thread after select! - (0)
12-24 17:22:07.988   435  1124 I RPC     : RPC-client RX thread Before select!
12-24 17:22:08.488   435  1124 I RPC     : RPC-client RX thread after select! - (0)
12-24 17:22:08.488   435  1124 I RPC     : RPC-client RX thread Before select!
12-24 17:22:08.989   435  1124 I RPC     : RPC-client RX thread after select! - (0)
12-24 17:22:08.989   435  1124 I RPC     : RPC-client RX thread Before select!
12-24 17:22:09.005  1713  1724 D SubscriptionController: [getSubId]- sSlotIdxToSubId.size == 0, return DummySubIds slotIdx=0
12-24 17:22:09.005  1713  1724 D SubscriptionController: getDummySubIds: slotIdx=0 return 2 DummySubIds with each subId=-2
12-24 17:22:09.008  1713  1817 D SubscriptionManager: [getPhoneId]- return dummy value, subId = -2
12-24 17:22:09.019  1713  1725 D SubscriptionController: [getSubId]- sSlotIdxToSubId.size == 0, return DummySubIds slotIdx=0
12-24 17:22:09.019  1713  1725 D SubscriptionController: getDummySubIds: slotIdx=0 return 2 DummySubIds with each subId=-2
12-24 17:22:09.020  1713  1976 D SubscriptionManager: [getPhoneId]- return dummy value, subId = -2
12-24 17:22:09.023  1713  2355 D SubscriptionController: [getSubId]- sSlotIdxToSubId.size == 0, return DummySubIds slotIdx=0
12-24 17:22:09.023  1713  2355 D SubscriptionController: getDummySubIds: slotIdx=0 return 2 DummySubIds with each subId=-2
12-24 17:22:09.025  1713  1724 D SubscriptionManager: [getPhoneId]- return dummy value, subId = -2
12-24 17:22:09.028  1713  1817 D SubscriptionController: [getSubId]- sSlotIdxToSubId.size == 0, return DummySubIds slotIdx=0
12-24 17:22:09.028  1713  1817 D SubscriptionController: getDummySubIds: slotIdx=0 return 2 DummySubIds with each subId=-2
12-24 17:22:09.029  1713  1725 D SubscriptionManager: [getPhoneId]- return dummy value, subId = -2
12-24 17:22:09.034  1713  1976 D SubscriptionController: [getSubId]- sSlotIdxToSubId.size == 0, return DummySubIds slotIdx=0
12-24 17:22:09.034  1713  1976 D SubscriptionController: getDummySubIds: slotIdx=0 return 2 DummySubIds with each subId=-2
12-24 17:22:09.035  1713  2355 D SubscriptionManager: [getPhoneId]- return dummy value, subId = -2
12-24 17:22:09.042  1713  1724 D SubscriptionController: [getSubId]- sSlotIdxToSubId.size == 0, return DummySubIds slotIdx=0
12-24 17:22:09.042  1713  1724 D SubscriptionController: getDummySubIds: slotIdx=0 return 2 DummySubIds with each subId=-2
12-24 17:22:09.043  1713  1817 D SubscriptionManager: [getPhoneId]- return dummy value, subId = -2
12-24 17:22:09.078  1713  1725 D SubscriptionController: [getSubId]- sSlotIdxToSubId.size == 0, return DummySubIds slotIdx=0
12-24 17:22:09.078  1713  1725 D SubscriptionController: getDummySubIds: slotIdx=0 return 2 DummySubIds with each subId=-2
12-24 17:22:09.079  1713  1976 D SubscriptionManager: [getPhoneId]- return dummy value, subId = -2
12-24 17:22:09.134  1713  2355 D SubscriptionController: [getSubId]- sSlotIdxToSubId.size == 0, return DummySubIds slotIdx=0
12-24 17:22:09.134  1713  2355 D SubscriptionController: getDummySubIds: slotIdx=0 return 2 DummySubIds with each subId=-2
12-24 17:22:09.135  1713  1724 D SubscriptionManager: [getPhoneId]- return dummy value, subId = -2
12-24 17:22:09.138  1713  1817 D SubscriptionController: [getSubId]- sSlotIdxToSubId.size == 0, return DummySubIds slotIdx=0
12-24 17:22:09.138  1713  1817 D SubscriptionController: getDummySubIds: slotIdx=0 return 2 DummySubIds with each subId=-2
12-24 17:22:09.140  1713  1725 D SubscriptionManager: [getPhoneId]- return dummy value, subId = -2
12-24 17:22:09.144  1713  1976 D SubscriptionController: [getSubId]- sSlotIdxToSubId.size == 0, return DummySubIds slotIdx=0
12-24 17:22:09.144  1713  1976 D SubscriptionController: getDummySubIds: slotIdx=0 return 2 DummySubIds with each subId=-2
12-24 17:22:09.145  1713  2355 D SubscriptionManager: [getPhoneId]- return dummy value, subId = -2
12-24 17:22:09.148  1713  1724 D SubscriptionController: [getSubId]- sSlotIdxToSubId.size == 0, return DummySubIds slotIdx=0
12-24 17:22:09.148  1713  1724 D SubscriptionController: getDummySubIds: slotIdx=0 return 2 DummySubIds with each subId=-2
12-24 17:22:09.149  1713  1817 D SubscriptionManager: [getPhoneId]- return dummy value, subId = -2
12-24 17:22:09.151  1713  1725 D SubscriptionController: [getSubId]- sSlotIdxToSubId.size == 0, return DummySubIds slotIdx=0
12-24 17:22:09.151  1713  1725 D SubscriptionController: getDummySubIds: slotIdx=0 return 2 DummySubIds with each subId=-2
12-24 17:22:09.151  1713  1976 D SubscriptionManager: [getPhoneId]- return dummy value, subId = -2
