12-24 17:22:30.542  1214  1218 D RfxRootController: processMessage() msg = [type=URC, source=C2K, dest=GSM, pId=UNSOL_SIGNAL_STRENGTH(1009), pToken=0, id=UNSOL_SIGNAL_STRENGTH(1009), token=0, slotId=0,             error = 0, pTimeStamp =           0, isWrongC2KResponse = 0]
12-24 17:22:30.542  1214  1218 D RfxRootController: processMessage() handler = 0x7f78c62000, RpNwStateController
12-24 17:22:30.542  1214  1218 D RpNwSC[0]:  Sig: gsm[99 -1] c2k[73 75 120 -64 8] lte[-99 2147483647 2147483647 2147483647 2147483647] umts[0 0 0]
12-24 17:22:30.542  1214  1218 D RfxRilAdapter: client: unsol response to client
12-24 17:22:30.542  1214  1218 D RpRilClientController: client 1001 handle unsolictied
12-24 17:22:30.542  1214  1218 D RilClient: capabilitySim = 0
12-24 17:22:30.542  1214  1218 D RilClient: command Fd not ready here
12-24 17:22:30.542  1214  1218 D RILC    : RIL_onUnsolicitedResponse: default
12-24 17:22:30.542  1214  1218 D RfxRilAdapter: responseToRilj send Urc done (slotId=0, PId=1009, dataSize=68)
12-24 17:22:30.542  1713  1713 D CdmaSST : [CdmaLteSST] handleMessage: 12
12-24 17:22:30.543  1713  1713 D CdmaSST : [CdmaLteSST] onSignalStrengthResult():  LastSignalStrength=SignalStrength: 99 -1 -73 -90 -120 -1 8 99 2147483647 2147483647 2147483647 2147483647 cdma 0 0 0
12-24 17:22:30.543  1713  1713 D CdmaSST : [CdmaLteSST] onSignalStrengthResult():new mSignalStrength=SignalStrength: 99 -1 -73 -75 -120 -1 8 99 2147483647 2147483647 2147483647 2147483647 cdma 0 0 0
12-24 17:22:30.543  1713  1713 D CdmaSST : [CdmaLteSST] notifySignalStrength: mSignalStrength.getLevel=4
12-24 17:22:30.543  1713  1713 D SubscriptionController: [getSubId]- sSlotIdxToSubId.size == 0, return DummySubIds slotIdx=0
12-24 17:22:30.543  1713  1713 D SubscriptionController: getDummySubIds: slotIdx=0 return 2 DummySubIds with each subId=-2
12-24 17:22:30.543  1713  1713 D DefaultPhoneNotifier: notifySignalStrength: mRegistry=com.android.internal.telephony.ITelephonyRegistry$Stub$Proxy@5b8666a ss=SignalStrength: 99 -1 -73 -75 -120 -1 8 99 2147483647 2147483647 2147483647 2147483647 cdma 0 0 0 sender=Handler (com.android.internal.telephony.cdma.CDMALTEPhone) {b1a5f3c}
12-24 17:22:30.544  1125  1975 D TelephonyRegistry: notifySignalStrengthForSubscriber: subId=-2 signalStrength=SignalStrength: 99 -1 -73 -75 -120 -1 8 99 2147483647 2147483647 2147483647 2147483647 cdma 0 0 0
12-24 17:22:30.544  1125  1975 D TelephonyRegistry: notifySignalStrengthForSubscriber: logSSC.length=5 next=0
12-24 17:22:30.544  1125  1975 D TelephonyRegistry: notifyServiceStateForSubscriber Time 20171224T163454Asia/Shanghai(0,357,28800,0,1514104494) mSubId -3 mPhoneId 1  mState 3 3 voice home data home null null null null null null  Unknown Unknown CSS not supported -1 -1 RoamInd=-1 DefRoamInd=-1 EmergOnly=false Ril Voice Regist state: 0 Ril Data Regist state: 0 mProprietaryDataRadioTechnology: 0 VoiceRejectCause: -1 DataRejectCause: -1 IsDataRoamingFromRegistration=false
12-24 17:22:30.545  1125  1975 D TelephonyRegistry: notifyServiceStateForSubscriber Time 20171224T163454Asia/Shanghai(0,357,28800,0,1514104494) mSubId -3 mPhoneId 1  mState 3 3 voice home data home null null null null null null  Unknown Unknown CSS not supported -1 -1 RoamInd=-1 DefRoamInd=-1 EmergOnly=false Ril Voice Regist state: 0 Ril Data Regist state: 0 mProprietaryDataRadioTechnology: 0 VoiceRejectCause: -1 DataRejectCause: -1 IsDataRoamingFromRegistration=false
12-24 17:22:30.545  1125  1975 D TelephonyRegistry: notifyServiceStateForSubscriber Time 20171224T163455Asia/Shanghai(0,357,28800,0,1514104495) mSubId -2 mPhoneId 0  mState 1 1 voice home data home null null null null null null  Unknown Unknown CSS not supported 1 13824 RoamInd=1 DefRoamInd=1 EmergOnly=true Ril Voice Regist state: 0 Ril Data Regist state: 0 mProprietaryDataRadioTechnology: 0 VoiceRejectCause: -1 DataRejectCause: -1 IsDataRoamingFromRegistration=false
12-24 17:22:30.545  1125  1975 D TelephonyRegistry: notifyServiceStateForSubscriber Time 20171224T163455Asia/Shanghai(0,357,28800,0,1514104495) mSubId -3 mPhoneId 1  mState 3 3 voice home data home null null null null null null  Unknown Unknown CSS not supported -1 -1 RoamInd=-1 DefRoamInd=-1 EmergOnly=false Ril Voice Regist state: 0 Ril Data Regist state: 0 mProprietaryDataRadioTechnology: 0 VoiceRejectCause: -1 DataRejectCause: -1 IsDataRoamingFromRegistration=false
12-24 17:22:30.545  1125  1975 D TelephonyRegistry: notifyServiceStateForSubscriber Time 20171224T163455Asia/Shanghai(0,357,28800,0,1514104495) mSubId -3 mPhoneId 1  mState 3 3 voice home data home null null null null null null  Unknown Unknown CSS not supported -1 -1 RoamInd=-1 DefRoamInd=-1 EmergOnly=false Ril Voice Regist state: 0 Ril Data Regist state: 0 mProprietaryDataRadioTechnology: 0 VoiceRejectCause: -1 DataRejectCause: -1 IsDataRoamingFromRegistration=false
12-24 17:22:30.545  1125  1975 D TelephonyRegistry: notifySignalStrengthForSubscriber: ----------------
12-24 17:22:30.545  1125  1975 D SubscriptionManager: [getPhoneId]- return dummy value, subId = -2
12-24 17:22:30.545  1125  1975 D TelephonyRegistry: validatePhoneId: true
12-24 17:22:30.545  1125  1975 D TelephonyRegistry: notifySignalStrengthForSubscriber: valid phoneId=0
12-24 17:22:30.547  1713  1713 D SubscriptionController: [getPhoneId] asked for default subId=-1
12-24 17:22:30.547  1713  1713 D SubscriptionController: [getPhoneId]- invalid subId = -1 return = -1
12-24 17:22:30.548  1125  1975 D SubscriptionManager: [getPhoneId]- return dummy value, subId = -2
12-24 17:22:30.548  1125  1975 D TelephonyRegistry: idMatch: rlt=false
12-24 17:22:30.548  1713  1713 D SubscriptionController: [getPhoneId] asked for default subId=-1
12-24 17:22:30.549  1713  1713 D SubscriptionController: [getPhoneId]- invalid subId = -1 return = -1
12-24 17:22:30.549  1125  1975 D SubscriptionManager: [getPhoneId]- return dummy value, subId = -2
12-24 17:22:30.549  1125  1975 D TelephonyRegistry: idMatch: rlt=false
12-24 17:22:30.550  1713  1713 D SubscriptionController: [getPhoneId] asked for default subId=-1
12-24 17:22:30.550  1713  1713 D SubscriptionController: [getPhoneId]- invalid subId = -1 return = -1
12-24 17:22:30.550  1125  1975 D SubscriptionManager: [getPhoneId]- return dummy value, subId = -2
12-24 17:22:30.550  1125  1975 D TelephonyRegistry: idMatch: rlt=false
12-24 17:22:30.551  1713  1713 D SubscriptionController: [getPhoneId] asked for default subId=-1
12-24 17:22:30.551  1713  1713 D SubscriptionController: [getPhoneId]- invalid subId = -1 return = -1
12-24 17:22:30.552  1125  1975 D SubscriptionManager: [getPhoneId]- return dummy value, subId = -2
12-24 17:22:30.552  1125  1975 D TelephonyRegistry: idMatch: rlt=false
12-24 17:22:30.553  1713  1713 D SubscriptionController: [getPhoneId] asked for default subId=-1
12-24 17:22:30.554  1713  1713 D SubscriptionController: [getPhoneId]- invalid subId = -1 return = -1
12-24 17:22:30.555  1125  1975 D SubscriptionManager: [getPhoneId]- return dummy value, subId = -2
12-24 17:22:30.555  1125  1975 D TelephonyRegistry: idMatch: rlt=false
12-24 17:22:30.556  1713  1713 D SubscriptionController: [getPhoneId] asked for default subId=-1
12-24 17:22:30.556  1713  1713 D SubscriptionController: [getPhoneId]- invalid subId = -1 return = -1
12-24 17:22:30.556  1125  1975 D SubscriptionManager: [getPhoneId]- return dummy value, subId = -2
12-24 17:22:30.556  1125  1975 D TelephonyRegistry: idMatch: rlt=false
12-24 17:22:30.557  1713  1713 D SubscriptionController: [getPhoneId] asked for default subId=-1
12-24 17:22:30.557  1713  1713 D SubscriptionController: [getPhoneId]- invalid subId = -1 return = -1
12-24 17:22:30.558  1125  1975 D SubscriptionManager: [getPhoneId]- return dummy value, subId = -2
12-24 17:22:30.558  1125  1975 D TelephonyRegistry: idMatch: rlt=false
12-24 17:22:30.558  1713  1713 D SubscriptionController: [getPhoneId] asked for default subId=-1
12-24 17:22:30.559  1713  1713 D SubscriptionController: [getPhoneId]- invalid subId = -1 return = -1
12-24 17:22:30.559  1125  1975 D SubscriptionManager: [getPhoneId]- return dummy value, subId = -2
12-24 17:22:30.559  1125  1975 D TelephonyRegistry: idMatch: rlt=false
12-24 17:22:30.559  1125  1975 D TelephonyRegistry: handleRemoveListLocked: mRemoveList.size()=0
12-24 17:22:30.559  1125  1975 D SubscriptionManager: [getPhoneId]- return dummy value, subId = -2
12-24 17:22:30.560  1713  1713 D SubscriptionController: [getSubId]- sSlotIdxToSubId.size == 0, return DummySubIds slotIdx=0
12-24 17:22:30.560  1713  1713 D SubscriptionController: getDummySubIds: slotIdx=0 return 2 DummySubIds with each subId=-2
12-24 17:22:30.561  1713  1713 D SubscriptionController: [getSubId]- sSlotIdxToSubId.size == 0, return DummySubIds slotIdx=0
12-24 17:22:30.561  1713  1713 D SubscriptionController: getDummySubIds: slotIdx=0 return 2 DummySubIds with each subId=-2
12-24 17:22:30.562  1125  2156 D TelephonyRegistry: notifyCellInfoForSubscriber: subId=-2 cellInfo=[CellInfoLte:{mRegistered=NO mTimeStampType=unknown mTimeStamp=9223372036854775807ns CellIdentityLte:{ mMcc=2147483647 mMnc=2147483647 mCi=2147483647 mPci=2147483647 mTac=2147483647} CellSignalStrengthLte: ss=2147483647 rsrp=2147483647 rsrq=2147483647 rssnr=2147483647 cqi=2147483647 ta=2147483647}]
12-24 17:22:30.562  1125  2156 D SubscriptionManager: [getPhoneId]- return dummy value, subId = -2
12-24 17:22:30.562  1125  2156 D TelephonyRegistry: validatePhoneId: true
12-24 17:22:30.562  1125  2156 D TelephonyRegistry: validateEventsAndUserLocked: valid=false r.callerUserId=0 foregroundUser=0 r.events=32 events=1024
12-24 17:22:30.562  1125  2156 D TelephonyRegistry: validateEventsAndUserLocked: valid=false r.callerUserId=0 foregroundUser=0 r.events=32 events=1024
12-24 17:22:30.562  1125  2156 D TelephonyRegistry: validateEventsAndUserLocked: valid=false r.callerUserId=0 foregroundUser=0 r.events=8192 events=1024
12-24 17:22:30.562  1125  2156 D TelephonyRegistry: validateEventsAndUserLocked: valid=false r.callerUserId=0 foregroundUser=0 r.events=449 events=1024
12-24 17:22:30.562  1125  2156 D TelephonyRegistry: validateEventsAndUserLocked: valid=false r.callerUserId=0 foregroundUser=0 r.events=32 events=1024
12-24 17:22:30.562  1125  2156 D TelephonyRegistry: validateEventsAndUserLocked: valid=false r.callerUserId=0 foregroundUser=0 r.events=32 events=1024
12-24 17:22:30.562  1125  2156 D TelephonyRegistry: validateEventsAndUserLocked: valid=false r.callerUserId=0 foregroundUser=0 r.events=0 events=1024
12-24 17:22:30.562  1125  2156 D TelephonyRegistry: validateEventsAndUserLocked: valid=false r.callerUserId=0 foregroundUser=0 r.events=1 events=1024
12-24 17:22:30.562  1125  2156 D TelephonyRegistry: validateEventsAndUserLocked: valid=false r.callerUserId=0 foregroundUser=0 r.events=33 events=1024
12-24 17:22:30.562  1125  2156 D TelephonyRegistry: validateEventsAndUserLocked: valid=false r.callerUserId=0 foregroundUser=0 r.events=32 events=1024
12-24 17:22:30.563  1125  2156 D TelephonyRegistry: validateEventsAndUserLocked: valid=false r.callerUserId=0 foregroundUser=0 r.events=0 events=1024
12-24 17:22:30.563  1125  2156 D TelephonyRegistry: validateEventsAndUserLocked: valid=false r.callerUserId=0 foregroundUser=0 r.events=0 events=1024
12-24 17:22:30.563  1125  2156 D TelephonyRegistry: validateEventsAndUserLocked: valid=false r.callerUserId=0 foregroundUser=0 r.events=0 events=1024
12-24 17:22:30.563  1125  2156 D TelephonyRegistry: validateEventsAndUserLocked: valid=false r.callerUserId=0 foregroundUser=0 r.events=0 events=1024
12-24 17:22:30.563  1125  2156 D TelephonyRegistry: validateEventsAndUserLocked: valid=false r.callerUserId=0 foregroundUser=0 r.events=65536 events=1024
12-24 17:22:30.563  1125  2156 D TelephonyRegistry: validateEventsAndUserLocked: valid=false r.callerUserId=0 foregroundUser=0 r.events=0 events=1024
12-24 17:22:30.563  1125  2156 D TelephonyRegistry: validateEventsAndUserLocked: valid=false r.callerUserId=0 foregroundUser=0 r.events=0 events=1024
12-24 17:22:30.563  1125  2156 D TelephonyRegistry: validateEventsAndUserLocked: valid=false r.callerUserId=0 foregroundUser=0 r.events=32 events=1024
12-24 17:22:30.563  1125  2156 D TelephonyRegistry: validateEventsAndUserLocked: valid=false r.callerUserId=0 foregroundUser=0 r.events=0 events=1024
12-24 17:22:30.563  1125  2156 D TelephonyRegistry: validateEventsAndUserLocked: valid=false r.callerUserId=0 foregroundUser=0 r.events=0 events=1024
12-24 17:22:30.563  1125  2156 D TelephonyRegistry: validateEventsAndUserLocked: valid=false r.callerUserId=0 foregroundUser=0 r.events=0 events=1024
12-24 17:22:30.563  1125  2156 D TelephonyRegistry: validateEventsAndUserLocked: valid=false r.callerUserId=0 foregroundUser=0 r.events=65536 events=1024
12-24 17:22:30.563  1125  2156 D TelephonyRegistry: validateEventsAndUserLocked: valid=false r.callerUserId=0 foregroundUser=0 r.events=0 events=1024
12-24 17:22:30.563  1125  2156 D TelephonyRegistry: validateEventsAndUserLocked: valid=false r.callerUserId=0 foregroundUser=0 r.events=1 events=1024
12-24 17:22:30.563  1125  2156 D TelephonyRegistry: validateEventsAndUserLocked: valid=false r.callerUserId=0 foregroundUser=0 r.events=512 events=1024
12-24 17:22:30.563  1125  2156 D TelephonyRegistry: validateEventsAndUserLocked: valid=false r.callerUserId=0 foregroundUser=0 r.events=32 events=1024
12-24 17:22:30.563  1125  2156 D TelephonyRegistry: validateEventsAndUserLocked: valid=false r.callerUserId=0 foregroundUser=0 r.events=32 events=1024
12-24 17:22:30.564  1125  2156 D TelephonyRegistry: validateEventsAndUserLocked: valid=false r.callerUserId=0 foregroundUser=0 r.events=256 events=1024
12-24 17:22:30.564  1125  2156 D TelephonyRegistry: validateEventsAndUserLocked: valid=false r.callerUserId=0 foregroundUser=0 r.events=256 events=1024
12-24 17:22:30.564  1125  2156 D TelephonyRegistry: validateEventsAndUserLocked: valid=false r.callerUserId=0 foregroundUser=0 r.events=256 events=1024
12-24 17:22:30.564  1125  2156 D TelephonyRegistry: validateEventsAndUserLocked: valid=false r.callerUserId=0 foregroundUser=0 r.events=256 events=1024
12-24 17:22:30.564  1125  2156 D TelephonyRegistry: validateEventsAndUserLocked: valid=false r.callerUserId=0 foregroundUser=0 r.events=256 events=1024
12-24 17:22:30.564  1125  2156 D TelephonyRegistry: validateEventsAndUserLocked: valid=false r.callerUserId=0 foregroundUser=0 r.events=256 events=1024
12-24 17:22:30.564  1125  2156 D TelephonyRegistry: validateEventsAndUserLocked: valid=false r.callerUserId=0 foregroundUser=0 r.events=32 events=1024
12-24 17:22:30.564  1125  2156 D TelephonyRegistry: validateEventsAndUserLocked: valid=false r.callerUserId=0 foregroundUser=0 r.events=32 events=1024
12-24 17:22:30.564  1125  2156 D TelephonyRegistry: validateEventsAndUserLocked: valid=false r.callerUserId=0 foregroundUser=0 r.events=32 events=1024
12-24 17:22:30.564  1125  2156 D TelephonyRegistry: validateEventsAndUserLocked: valid=false r.callerUserId=0 foregroundUser=0 r.events=256 events=1024
12-24 17:22:30.564  1125  2156 D TelephonyRegistry: validateEventsAndUserLocked: valid=false r.callerUserId=0 foregroundUser=0 r.events=32 events=1024
12-24 17:22:30.564  1125  2156 D TelephonyRegistry: handleRemoveListLocked: mRemoveList.size()=0
12-24 17:22:31.021   435  1124 I RPC     : RPC-client RX thread after select! - (0)
12-24 17:22:31.021   435  1124 I RPC     : RPC-client RX thread Before select!
12-24 17:22:31.522   435  1124 I RPC     : RPC-client RX thread after select! - (0)
12-24 17:22:31.522   435  1124 I RPC     : RPC-client RX thread Before select!
12-24 17:22:32.023   435  1124 I RPC     : RPC-client RX thread after select! - (0)
12-24 17:22:32.023   435  1124 I RPC     : RPC-client RX thread Before select!
[logcat: 0.069s elapsed]

