12-24 17:22:09.155  1713  2355 D SubscriptionController: [getSubId]- sSlotIdxToSubId.size == 0, return DummySubIds slotIdx=0
12-24 17:22:09.155  1713  2355 D SubscriptionController: getDummySubIds: slotIdx=0 return 2 DummySubIds with each subId=-2
12-24 17:22:09.156  1713  1724 D SubscriptionManager: [getPhoneId]- return dummy value, subId = -2
12-24 17:22:09.159  1713  1817 D SubscriptionController: [getSubId]- sSlotIdxToSubId.size == 0, return DummySubIds slotIdx=0
12-24 17:22:09.159  1713  1817 D SubscriptionController: getDummySubIds: slotIdx=0 return 2 DummySubIds with each subId=-2
12-24 17:22:09.160  1713  1725 D SubscriptionManager: [getPhoneId]- return dummy value, subId = -2
12-24 17:22:09.165  1713  1976 D SubscriptionController: [getSubId]- sSlotIdxToSubId.size == 0, return DummySubIds slotIdx=0
12-24 17:22:09.165  1713  1976 D SubscriptionController: getDummySubIds: slotIdx=0 return 2 DummySubIds with each subId=-2
12-24 17:22:09.166  1713  2355 D SubscriptionManager: [getPhoneId]- return dummy value, subId = -2
12-24 17:22:09.195  1713  1724 D SubscriptionController: [getSubId]- sSlotIdxToSubId.size == 0, return DummySubIds slotIdx=0
12-24 17:22:09.195  1713  1724 D SubscriptionController: getDummySubIds: slotIdx=0 return 2 DummySubIds with each subId=-2
12-24 17:22:09.196  1713  1817 D SubscriptionManager: [getPhoneId]- return dummy value, subId = -2
12-24 17:22:09.204  1713  1725 D SubscriptionController: [getSubId]- sSlotIdxToSubId.size == 0, return DummySubIds slotIdx=0
12-24 17:22:09.204  1713  1725 D SubscriptionController: getDummySubIds: slotIdx=0 return 2 DummySubIds with each subId=-2
12-24 17:22:09.205  1713  1976 D SubscriptionManager: [getPhoneId]- return dummy value, subId = -2
12-24 17:22:09.206  1713  2355 D SubscriptionController: [getSubId]- sSlotIdxToSubId.size == 0, return DummySubIds slotIdx=0
12-24 17:22:09.206  1713  2355 D SubscriptionController: getDummySubIds: slotIdx=0 return 2 DummySubIds with each subId=-2
12-24 17:22:09.207  1713  1724 D SubscriptionManager: [getPhoneId]- return dummy value, subId = -2
12-24 17:22:09.212  1713  1817 D SubscriptionController: [getSubId]- sSlotIdxToSubId.size == 0, return DummySubIds slotIdx=0
12-24 17:22:09.212  1713  1817 D SubscriptionController: getDummySubIds: slotIdx=0 return 2 DummySubIds with each subId=-2
12-24 17:22:09.213  1713  1725 D SubscriptionManager: [getPhoneId]- return dummy value, subId = -2
12-24 17:22:09.219  1713  1976 D SubscriptionManager: [getPhoneId]- return dummy value, subId = -1
12-24 17:22:09.224  2147  3050 D SubscriptionManager: [getPhoneId]- return dummy value, subId = -1
12-24 17:22:09.224  2147  3050 D TelephonyManager: getNetworkOperatorName phoneId= -1
12-24 17:22:09.241  1713  1817 D SubscriptionController: [getSubId]- sSlotIdxToSubId.size == 0, return DummySubIds slotIdx=0
12-24 17:22:09.241  1713  1817 D SubscriptionController: getDummySubIds: slotIdx=0 return 2 DummySubIds with each subId=-2
12-24 17:22:09.241  1713  1725 D SubscriptionController: [getSubId]- sSlotIdxToSubId.size == 0, return DummySubIds slotIdx=0
12-24 17:22:09.241  1713  1725 D SubscriptionController: getDummySubIds: slotIdx=0 return 2 DummySubIds with each subId=-2
12-24 17:22:09.242  1713  2355 D SubscriptionManager: [getPhoneId]- return dummy value, subId = -2
12-24 17:22:09.245  1713  1976 D SubscriptionManager: [getPhoneId]- return dummy value, subId = -2
12-24 17:22:09.294  1713  1724 D SubscriptionController: [getSubId]- sSlotIdxToSubId.size == 0, return DummySubIds slotIdx=0
12-24 17:22:09.294  1713  1724 D SubscriptionController: getDummySubIds: slotIdx=0 return 2 DummySubIds with each subId=-2
12-24 17:22:09.295  1713  1817 D SubscriptionManager: [getPhoneId]- return dummy value, subId = -2
12-24 17:22:09.325  1713  2355 D SubscriptionManager: [getPhoneId]- return dummy value, subId = -1
12-24 17:22:09.333  1713  1976 D SubscriptionController: [getSubId]- sSlotIdxToSubId.size == 0, return DummySubIds slotIdx=0
12-24 17:22:09.333  1713  1976 D SubscriptionController: getDummySubIds: slotIdx=0 return 2 DummySubIds with each subId=-2
12-24 17:22:09.334  1713  1724 D SubscriptionManager: [getPhoneId]- return dummy value, subId = -2
12-24 17:22:09.337  1713  1725 D SubscriptionManager: [getPhoneId]- return dummy value, subId = -1
12-24 17:22:09.483  1713  1976 D SubscriptionController: [getSubId]- sSlotIdxToSubId.size == 0, return DummySubIds slotIdx=0
12-24 17:22:09.483  1713  1976 D SubscriptionController: getDummySubIds: slotIdx=0 return 2 DummySubIds with each subId=-2
12-24 17:22:09.484  1713  1724 D SubscriptionManager: [getPhoneId]- return dummy value, subId = -2
12-24 17:22:09.486  1713  1725 D SubscriptionManager: [getPhoneId]- return dummy value, subId = -1
12-24 17:22:09.490   435  1124 I RPC     : RPC-client RX thread after select! - (0)
12-24 17:22:09.490   435  1124 I RPC     : RPC-client RX thread Before select!
12-24 17:22:09.491 10211 10211 D SubscriptionManager: [getPhoneId]- return dummy value, subId = -1
12-24 17:22:09.491 10211 10211 D TelephonyManager: getNetworkOperatorName phoneId= -1
12-24 17:22:09.532 10211 10211 D TelephonyManager: getTelephonyProperty prop value= 2,1
12-24 17:22:09.533 10211 10211 D SubscriptionManager: [getPhoneId]- return dummy value, subId = -1
12-24 17:22:09.533 10211 10211 D TelephonyManager: getTelephonyProperty prop value= 46000
12-24 17:22:09.569  1713  1817 D SubscriptionController: [getSubId]- sSlotIdxToSubId.size == 0, return DummySubIds slotIdx=0
12-24 17:22:09.569  1713  1817 D SubscriptionController: getDummySubIds: slotIdx=0 return 2 DummySubIds with each subId=-2
12-24 17:22:09.570  1713  1725 D SubscriptionManager: [getPhoneId]- return dummy value, subId = -2
12-24 17:22:09.724  1713  2355 D SubscriptionController: [getSubId]- sSlotIdxToSubId.size == 0, return DummySubIds slotIdx=0
12-24 17:22:09.724  1713  2355 D SubscriptionController: getDummySubIds: slotIdx=0 return 2 DummySubIds with each subId=-2
12-24 17:22:09.725  1713  1976 D SubscriptionManager: [getPhoneId]- return dummy value, subId = -2
12-24 17:22:09.727  1713  1724 D SubscriptionController: [getSubId]- sSlotIdxToSubId.size == 0, return DummySubIds slotIdx=0
12-24 17:22:09.728  1713  1724 D SubscriptionController: getDummySubIds: slotIdx=0 return 2 DummySubIds with each subId=-2
12-24 17:22:09.728  1713  1817 D SubscriptionManager: [getPhoneId]- return dummy value, subId = -2
12-24 17:22:09.731  1713  1725 D SubscriptionController: [getSubId]- sSlotIdxToSubId.size == 0, return DummySubIds slotIdx=0
12-24 17:22:09.731  1713  1725 D SubscriptionController: getDummySubIds: slotIdx=0 return 2 DummySubIds with each subId=-2
12-24 17:22:09.732  1713  2355 D SubscriptionManager: [getPhoneId]- return dummy value, subId = -2
12-24 17:22:09.736  1713  1976 D SubscriptionController: [getSubId]- sSlotIdxToSubId.size == 0, return DummySubIds slotIdx=0
12-24 17:22:09.736  1713  1976 D SubscriptionController: getDummySubIds: slotIdx=0 return 2 DummySubIds with each subId=-2
12-24 17:22:09.737  1713  1724 D SubscriptionManager: [getPhoneId]- return dummy value, subId = -2
12-24 17:22:09.739  1713  1817 D SubscriptionController: [getSubId]- sSlotIdxToSubId.size == 0, return DummySubIds slotIdx=0
12-24 17:22:09.739  1713  1817 D SubscriptionController: getDummySubIds: slotIdx=0 return 2 DummySubIds with each subId=-2
12-24 17:22:09.739  1713  1725 D SubscriptionManager: [getPhoneId]- return dummy value, subId = -2
12-24 17:22:09.742  1713  2355 D SubscriptionController: [getSubId]- sSlotIdxToSubId.size == 0, return DummySubIds slotIdx=0
12-24 17:22:09.743  1713  2355 D SubscriptionController: getDummySubIds: slotIdx=0 return 2 DummySubIds with each subId=-2
12-24 17:22:09.743  1713  1976 D SubscriptionManager: [getPhoneId]- return dummy value, subId = -2
12-24 17:22:09.749  1713  1724 D SubscriptionController: [getSubId]- sSlotIdxToSubId.size == 0, return DummySubIds slotIdx=0
12-24 17:22:09.749  1713  1724 D SubscriptionController: getDummySubIds: slotIdx=0 return 2 DummySubIds with each subId=-2
12-24 17:22:09.750  1713  1817 D SubscriptionManager: [getPhoneId]- return dummy value, subId = -2
12-24 17:22:09.754  1713  1725 D SubscriptionController: [getSubId]- sSlotIdxToSubId.size == 0, return DummySubIds slotIdx=0
12-24 17:22:09.754  1713  1725 D SubscriptionController: getDummySubIds: slotIdx=0 return 2 DummySubIds with each subId=-2
12-24 17:22:09.756  1713  2355 D SubscriptionManager: [getPhoneId]- return dummy value, subId = -2
12-24 17:22:09.990   435  1124 I RPC     : RPC-client RX thread after select! - (0)
12-24 17:22:09.990   435  1124 I RPC     : RPC-client RX thread Before select!
12-24 17:22:10.327  1713  1976 D SubscriptionController: [getSubId]- sSlotIdxToSubId.size == 0, return DummySubIds slotIdx=0
12-24 17:22:10.327  1713  1976 D SubscriptionController: getDummySubIds: slotIdx=0 return 2 DummySubIds with each subId=-2
12-24 17:22:10.328  1713  1724 D SubscriptionManager: [getPhoneId]- return dummy value, subId = -2
12-24 17:22:10.331  1713  1817 D SubscriptionController: [getSubId]- sSlotIdxToSubId.size == 0, return DummySubIds slotIdx=0
12-24 17:22:10.331  1713  1817 D SubscriptionController: getDummySubIds: slotIdx=0 return 2 DummySubIds with each subId=-2
12-24 17:22:10.332  1713  1725 D SubscriptionManager: [getPhoneId]- return dummy value, subId = -2
12-24 17:22:10.343  1713  2355 D SubscriptionController: [getSubId]- sSlotIdxToSubId.size == 0, return DummySubIds slotIdx=0
12-24 17:22:10.343  1713  2355 D SubscriptionController: getDummySubIds: slotIdx=0 return 2 DummySubIds with each subId=-2
12-24 17:22:10.344  1713  1976 D SubscriptionManager: [getPhoneId]- return dummy value, subId = -2
12-24 17:22:10.351 10211 10211 D SubscriptionManager: [getPhoneId]- return dummy value, subId = -1
12-24 17:22:10.351 10211 10211 D TelephonyManager: getNetworkOperatorName phoneId= -1
12-24 17:22:10.354  1713  1817 D SubscriptionController: [getSubId]- sSlotIdxToSubId.size == 0, return DummySubIds slotIdx=0
12-24 17:22:10.354  1713  1817 D SubscriptionController: getDummySubIds: slotIdx=0 return 2 DummySubIds with each subId=-2
12-24 17:22:10.354  1713  1725 D SubscriptionManager: [getPhoneId]- return dummy value, subId = -2
12-24 17:22:10.357  1713  2355 D SubscriptionController: [getSubId]- sSlotIdxToSubId.size == 0, return DummySubIds slotIdx=0
12-24 17:22:10.357  1713  2355 D SubscriptionController: getDummySubIds: slotIdx=0 return 2 DummySubIds with each subId=-2
12-24 17:22:10.358  1713  1976 D SubscriptionManager: [getPhoneId]- return dummy value, subId = -2
12-24 17:22:10.368  1713  1724 D SubscriptionController: [getSubId]- sSlotIdxToSubId.size == 0, return DummySubIds slotIdx=0
12-24 17:22:10.368  1713  1724 D SubscriptionController: getDummySubIds: slotIdx=0 return 2 DummySubIds with each subId=-2
12-24 17:22:10.369  1713  1817 D SubscriptionManager: [getPhoneId]- return dummy value, subId = -2
12-24 17:22:10.374  1713  1725 D SubscriptionController: [getSubId]- sSlotIdxToSubId.size == 0, return DummySubIds slotIdx=0
12-24 17:22:10.374  1713  1725 D SubscriptionController: getDummySubIds: slotIdx=0 return 2 DummySubIds with each subId=-2
12-24 17:22:10.375  1713  2355 D SubscriptionManager: [getPhoneId]- return dummy value, subId = -2
12-24 17:22:10.377  1713  1976 D SubscriptionController: [getSubId]- sSlotIdxToSubId.size == 0, return DummySubIds slotIdx=0
12-24 17:22:10.377  1713  1976 D SubscriptionController: getDummySubIds: slotIdx=0 return 2 DummySubIds with each subId=-2
12-24 17:22:10.378  1713  1724 D SubscriptionManager: [getPhoneId]- return dummy value, subId = -2
12-24 17:22:10.389  1713  1817 D SubscriptionController: [getSubId]- sSlotIdxToSubId.size == 0, return DummySubIds slotIdx=0
12-24 17:22:10.389  1713  1817 D SubscriptionController: getDummySubIds: slotIdx=0 return 2 DummySubIds with each subId=-2
12-24 17:22:10.389  1713  1725 D SubscriptionManager: [getPhoneId]- return dummy value, subId = -2
12-24 17:22:10.395 10211 10211 D SubscriptionManager: [getPhoneId]- return dummy value, subId = -1
12-24 17:22:10.395 10211 10211 D TelephonyManager: getNetworkOperatorName phoneId= -1
12-24 17:22:10.397  1713  1976 D SubscriptionController: [getSubId]- sSlotIdxToSubId.size == 0, return DummySubIds slotIdx=0
12-24 17:22:10.397  1713  1976 D SubscriptionController: getDummySubIds: slotIdx=0 return 2 DummySubIds with each subId=-2
12-24 17:22:10.398  1713  1724 D SubscriptionManager: [getPhoneId]- return dummy value, subId = -2
12-24 17:22:10.400  1713  1817 D SubscriptionController: [getSubId]- sSlotIdxToSubId.size == 0, return DummySubIds slotIdx=0
12-24 17:22:10.400  1713  1817 D SubscriptionController: getDummySubIds: slotIdx=0 return 2 DummySubIds with each subId=-2
12-24 17:22:10.401  1713  1725 D SubscriptionManager: [getPhoneId]- return dummy value, subId = -2
12-24 17:22:10.411  1713  2355 D SubscriptionController: [getSubId]- sSlotIdxToSubId.size == 0, return DummySubIds slotIdx=0
12-24 17:22:10.412  1713  2355 D SubscriptionController: getDummySubIds: slotIdx=0 return 2 DummySubIds with each subId=-2
12-24 17:22:10.412  1713  1976 D SubscriptionManager: [getPhoneId]- return dummy value, subId = -2
12-24 17:22:10.491   435  1124 I RPC     : RPC-client RX thread after select! - (0)
12-24 17:22:10.491   435  1124 I RPC     : RPC-client RX thread Before select!
12-24 17:22:10.992   435  1124 I RPC     : RPC-client RX thread after select! - (0)
12-24 17:22:10.992   435  1124 I RPC     : RPC-client RX thread Before select!
12-24 17:22:11.492   435  1124 I RPC     : RPC-client RX thread after select! - (0)
12-24 17:22:11.492   435  1124 I RPC     : RPC-client RX thread Before select!
12-24 17:22:11.993   435  1124 I RPC     : RPC-client RX thread after select! - (0)
12-24 17:22:11.993   435  1124 I RPC     : RPC-client RX thread Before select!
12-24 17:22:12.317  1136  1136 D RILMUXD : [gsm0710muxd] 3913:main(): Frames received/dropped: 385/0
12-24 17:22:12.494   435  1124 I RPC     : RPC-client RX thread after select! - (0)
12-24 17:22:12.494   435  1124 I RPC     : RPC-client RX thread Before select!
12-24 17:22:12.994   435  1124 I RPC     : RPC-client RX thread after select! - (0)
12-24 17:22:12.995   435  1124 I RPC     : RPC-client RX thread Before select!
12-24 17:22:13.495   435  1124 I RPC     : RPC-client RX thread after select! - (0)
12-24 17:22:13.495   435  1124 I RPC     : RPC-client RX thread Before select!
12-24 17:22:13.996   435  1124 I RPC     : RPC-client RX thread after select! - (0)
12-24 17:22:13.996   435  1124 I RPC     : RPC-client RX thread Before select!
12-24 17:22:14.496   435  1124 I RPC     : RPC-client RX thread after select! - (0)
12-24 17:22:14.497   435  1124 I RPC     : RPC-client RX thread Before select!
12-24 17:22:14.997   435  1124 I RPC     : RPC-client RX thread after select! - (0)
12-24 17:22:14.997   435  1124 I RPC     : RPC-client RX thread Before select!
12-24 17:22:15.180  1108  1120 I C2K_RIL : AT read end: 18:Bad file descriptor
12-24 17:22:15.181  1108  1120 D C2K_RIL : <fd 5> AT < +CSQ:21,99,-21
12-24 17:22:15.181  1108  1120 D C2K_RIL : AT_CHANNEL Enter processLine
12-24 17:22:15.181  1108  1120 D C2K_RIL : processLine enter line=+CSQ:21,99,-21
12-24 17:22:15.181  1108  1120 D C2K_RIL : processLine, p_response is null
12-24 17:22:15.181  1108  1120 D C2K_RIL : onUnsolicited enter s=+CSQ:21,99,-21
12-24 17:22:15.181  1108  1120 D C2K_RIL : commas_count is 2
12-24 17:22:15.181  1108  1120 D C2K_RIL : onUnsolicited s_unsol_msg_cache.signal_strength.CDMA_SignalStrength.dbm = 71
12-24 17:22:15.181  1108  1120 D C2K_RIL : onUnsolicited s_unsol_msg_cache.signal_strength.CDMA_SignalStrength.ecio = 105
12-24 17:22:15.181  1108  1120 I C2K_RILC: RIL_SOCKET_1 UNSOLICITED: UNSOL_SIGNAL_STRENGTH length:56
12-24 17:22:15.181  1108  1120 E C2K_RILC: Send Response to RIL_SOCKET_1
12-24 17:22:15.181  1108  1120 D C2K_RILC: writeOffset = 0 written = 4
12-24 17:22:15.181  1108  1120 D C2K_RILC: writeOffset = 0 written = 56
12-24 17:22:15.181  1108  1120 D C2K_RIL : onUnsolicited exit normal
12-24 17:22:15.181  1108  1120 I C2K_RIL : readline enter p_channel->myName=AT_CHANNEL
12-24 17:22:15.181  1108  1120 I C2K_RIL : AT read start
12-24 17:22:15.181  1214  1222 D RfxMainThread: enqueueMessage(), mainHandler = 0x7f78c957c0, msg = [type=URC, source=C2K, dest=GSM, pId=UNSOL_SIGNAL_STRENGTH(1009), pToken=0, id=UNSOL_SIGNAL_STRENGTH(1009), token=0, slotId=0,             error = 0, pTimeStamp =           0, isWrongC2KResponse = 0]
12-24 17:22:15.181  1214  1218 D RfxMainThread: handle msg begin, mainHandler = 0x7f78c957c0
12-24 17:22:15.181  1214  1218 D RfxRootController: processMessage() msg = [type=URC, source=C2K, dest=GSM, pId=UNSOL_SIGNAL_STRENGTH(1009), pToken=0, id=UNSOL_SIGNAL_STRENGTH(1009), token=0, slotId=0,             error = 0, pTimeStamp =           0, isWrongC2KResponse = 0]
12-24 17:22:15.182  1214  1218 D RfxRootController: processMessage() handler = 0x7f78c62000, RpNwStateController
12-24 17:22:15.182  1214  1218 D RpNwSC[0]:  Sig: gsm[99 -1] c2k[71 105 120 -64 8] lte[-99 2147483647 2147483647 2147483647 2147483647] umts[0 0 0]
12-24 17:22:15.182  1214  1218 D RfxRilAdapter: client: unsol response to client
12-24 17:22:15.182  1214  1218 D RpRilClientController: client 1001 handle unsolictied
12-24 17:22:15.182  1214  1218 D RilClient: capabilitySim = 0
12-24 17:22:15.182  1214  1218 D RilClient: command Fd not ready here
12-24 17:22:15.182  1214  1218 D RILC    : RIL_onUnsolicitedResponse: default
12-24 17:22:15.182  1214  1218 D RfxRilAdapter: responseToRilj send Urc done (slotId=0, PId=1009, dataSize=68)
12-24 17:22:15.182  1713  1713 D CdmaSST : [CdmaLteSST] handleMessage: 12
12-24 17:22:15.182  1713  1713 D CdmaSST : [CdmaLteSST] onSignalStrengthResult():  LastSignalStrength=SignalStrength: 99 -1 -71 -95 -120 -1 8 99 2147483647 2147483647 2147483647 2147483647 cdma 0 0 0
12-24 17:22:15.182  1713  1713 D CdmaSST : [CdmaLteSST] onSignalStrengthResult():new mSignalStrength=SignalStrength: 99 -1 -71 -105 -120 -1 8 99 2147483647 2147483647 2147483647 2147483647 cdma 0 0 0
12-24 17:22:15.183  1713  1713 D CdmaSST : [CdmaLteSST] notifySignalStrength: mSignalStrength.getLevel=4
12-24 17:22:15.183  1713  1713 D SubscriptionController: [getSubId]- sSlotIdxToSubId.size == 0, return DummySubIds slotIdx=0
12-24 17:22:15.183  1713  1713 D SubscriptionController: getDummySubIds: slotIdx=0 return 2 DummySubIds with each subId=-2
12-24 17:22:15.183  1713  1713 D DefaultPhoneNotifier: notifySignalStrength: mRegistry=com.android.internal.telephony.ITelephonyRegistry$Stub$Proxy@5b8666a ss=SignalStrength: 99 -1 -71 -105 -120 -1 8 99 2147483647 2147483647 2147483647 2147483647 cdma 0 0 0 sender=Handler (com.android.internal.telephony.cdma.CDMALTEPhone) {b1a5f3c}
12-24 17:22:15.183  1125  1140 D TelephonyRegistry: notifySignalStrengthForSubscriber: subId=-2 signalStrength=SignalStrength: 99 -1 -71 -105 -120 -1 8 99 2147483647 2147483647 2147483647 2147483647 cdma 0 0 0
12-24 17:22:15.183  1125  1140 D TelephonyRegistry: notifySignalStrengthForSubscriber: logSSC.length=5 next=0
12-24 17:22:15.184  1125  1140 D TelephonyRegistry: notifyServiceStateForSubscriber Time 20171224T163454Asia/Shanghai(0,357,28800,0,1514104494) mSubId -3 mPhoneId 1  mState 3 3 voice home data home null null null null null null  Unknown Unknown CSS not supported -1 -1 RoamInd=-1 DefRoamInd=-1 EmergOnly=false Ril Voice Regist state: 0 Ril Data Regist state: 0 mProprietaryDataRadioTechnology: 0 VoiceRejectCause: -1 DataRejectCause: -1 IsDataRoamingFromRegistration=false
12-24 17:22:15.184  1125  1140 D TelephonyRegistry: notifyServiceStateForSubscriber Time 20171224T163454Asia/Shanghai(0,357,28800,0,1514104494) mSubId -3 mPhoneId 1  mState 3 3 voice home data home null null null null null null  Unknown Unknown CSS not supported -1 -1 RoamInd=-1 DefRoamInd=-1 EmergOnly=false Ril Voice Regist state: 0 Ril Data Regist state: 0 mProprietaryDataRadioTechnology: 0 VoiceRejectCause: -1 DataRejectCause: -1 IsDataRoamingFromRegistration=false
12-24 17:22:15.184  1125  1140 D TelephonyRegistry: notifyServiceStateForSubscriber Time 20171224T163455Asia/Shanghai(0,357,28800,0,1514104495) mSubId -2 mPhoneId 0  mState 1 1 voice home data home null null null null null null  Unknown Unknown CSS not supported 1 13824 RoamInd=1 DefRoamInd=1 EmergOnly=true Ril Voice Regist state: 0 Ril Data Regist state: 0 mProprietaryDataRadioTechnology: 0 VoiceRejectCause: -1 DataRejectCause: -1 IsDataRoamingFromRegistration=false
12-24 17:22:15.184  1125  1140 D TelephonyRegistry: notifyServiceStateForSubscriber Time 20171224T163455Asia/Shanghai(0,357,28800,0,1514104495) mSubId -3 mPhoneId 1  mState 3 3 voice home data home null null null null null null  Unknown Unknown CSS not supported -1 -1 RoamInd=-1 DefRoamInd=-1 EmergOnly=false Ril Voice Regist state: 0 Ril Data Regist state: 0 mProprietaryDataRadioTechnology: 0 VoiceRejectCause: -1 DataRejectCause: -1 IsDataRoamingFromRegistration=false
12-24 17:22:15.185  1125  1140 D TelephonyRegistry: notifyServiceStateForSubscriber Time 20171224T163455Asia/Shanghai(0,357,28800,0,1514104495) mSubId -3 mPhoneId 1  mState 3 3 voice home data home null null null null null null  Unknown Unknown CSS not supported -1 -1 RoamInd=-1 DefRoamInd=-1 EmergOnly=false Ril Voice Regist state: 0 Ril Data Regist state: 0 mProprietaryDataRadioTechnology: 0 VoiceRejectCause: -1 DataRejectCause: -1 IsDataRoamingFromRegistration=false
12-24 17:22:15.185  1125  1140 D TelephonyRegistry: notifySignalStrengthForSubscriber: ----------------
12-24 17:22:15.185  1125  1140 D SubscriptionManager: [getPhoneId]- return dummy value, subId = -2
12-24 17:22:15.185  1125  1140 D TelephonyRegistry: validatePhoneId: true
12-24 17:22:15.185  1125  1140 D TelephonyRegistry: notifySignalStrengthForSubscriber: valid phoneId=0
12-24 17:22:15.186  1713  1713 D SubscriptionController: [getPhoneId] asked for default subId=-1
12-24 17:22:15.187  1713  1713 D SubscriptionController: [getPhoneId]- invalid subId = -1 return = -1
12-24 17:22:15.187  1125  1140 D SubscriptionManager: [getPhoneId]- return dummy value, subId = -2
12-24 17:22:15.187  1125  1140 D TelephonyRegistry: idMatch: rlt=false
12-24 17:22:15.188  1713  1713 D SubscriptionController: [getPhoneId] asked for default subId=-1
12-24 17:22:15.188  1713  1713 D SubscriptionController: [getPhoneId]- invalid subId = -1 return = -1
12-24 17:22:15.189  1125  1140 D SubscriptionManager: [getPhoneId]- return dummy value, subId = -2
12-24 17:22:15.189  1125  1140 D TelephonyRegistry: idMatch: rlt=false
12-24 17:22:15.189  1713  1713 D SubscriptionController: [getPhoneId] asked for default subId=-1
12-24 17:22:15.190  1713  1713 D SubscriptionController: [getPhoneId]- invalid subId = -1 return = -1
12-24 17:22:15.190  1125  1140 D SubscriptionManager: [getPhoneId]- return dummy value, subId = -2
12-24 17:22:15.190  1125  1140 D TelephonyRegistry: idMatch: rlt=false
12-24 17:22:15.191  1713  1713 D SubscriptionController: [getPhoneId] asked for default subId=-1
12-24 17:22:15.191  1713  1713 D SubscriptionController: [getPhoneId]- invalid subId = -1 return = -1
12-24 17:22:15.191  1125  1140 D SubscriptionManager: [getPhoneId]- return dummy value, subId = -2
12-24 17:22:15.191  1125  1140 D TelephonyRegistry: idMatch: rlt=false
12-24 17:22:15.192  1713  1713 D SubscriptionController: [getPhoneId] asked for default subId=-1
12-24 17:22:15.192  1713  1713 D SubscriptionController: [getPhoneId]- invalid subId = -1 return = -1
12-24 17:22:15.192  1125  1140 D SubscriptionManager: [getPhoneId]- return dummy value, subId = -2
12-24 17:22:15.192  1125  1140 D TelephonyRegistry: idMatch: rlt=false
12-24 17:22:15.193  1713  1713 D SubscriptionController: [getPhoneId] asked for default subId=-1
12-24 17:22:15.193  1713  1713 D SubscriptionController: [getPhoneId]- invalid subId = -1 return = -1
12-24 17:22:15.194  1125  1140 D SubscriptionManager: [getPhoneId]- return dummy value, subId = -2
12-24 17:22:15.194  1125  1140 D TelephonyRegistry: idMatch: rlt=false
12-24 17:22:15.194  1713  1713 D SubscriptionController: [getPhoneId] asked for default subId=-1
12-24 17:22:15.194  1713  1713 D SubscriptionController: [getPhoneId]- invalid subId = -1 return = -1
12-24 17:22:15.195  1125  1140 D SubscriptionManager: [getPhoneId]- return dummy value, subId = -2
12-24 17:22:15.195  1125  1140 D TelephonyRegistry: idMatch: rlt=false
12-24 17:22:15.195  1713  1713 D SubscriptionController: [getPhoneId] asked for default subId=-1
12-24 17:22:15.196  1713  1713 D SubscriptionController: [getPhoneId]- invalid subId = -1 return = -1
12-24 17:22:15.196  1125  1140 D SubscriptionManager: [getPhoneId]- return dummy value, subId = -2
12-24 17:22:15.196  1125  1140 D TelephonyRegistry: idMatch: rlt=false
12-24 17:22:15.196  1125  1140 D TelephonyRegistry: handleRemoveListLocked: mRemoveList.size()=0
12-24 17:22:15.196  1125  1140 D SubscriptionManager: [getPhoneId]- return dummy value, subId = -2
12-24 17:22:15.197  1713  1713 D SubscriptionController: [getSubId]- sSlotIdxToSubId.size == 0, return DummySubIds slotIdx=0
12-24 17:22:15.197  1713  1713 D SubscriptionController: getDummySubIds: slotIdx=0 return 2 DummySubIds with each subId=-2
12-24 17:22:15.198  1713  1713 D SubscriptionController: [getSubId]- sSlotIdxToSubId.size == 0, return DummySubIds slotIdx=0
12-24 17:22:15.198  1713  1713 D SubscriptionController: getDummySubIds: slotIdx=0 return 2 DummySubIds with each subId=-2
12-24 17:22:15.199  1125  1608 D TelephonyRegistry: notifyCellInfoForSubscriber: subId=-2 cellInfo=[CellInfoLte:{mRegistered=NO mTimeStampType=unknown mTimeStamp=9223372036854775807ns CellIdentityLte:{ mMcc=2147483647 mMnc=2147483647 mCi=2147483647 mPci=2147483647 mTac=2147483647} CellSignalStrengthLte: ss=2147483647 rsrp=2147483647 rsrq=2147483647 rssnr=2147483647 cqi=2147483647 ta=2147483647}]
12-24 17:22:15.199  1125  1608 D SubscriptionManager: [getPhoneId]- return dummy value, subId = -2
12-24 17:22:15.199  1125  1608 D TelephonyRegistry: validatePhoneId: true
12-24 17:22:15.199  1125  1608 D TelephonyRegistry: validateEventsAndUserLocked: valid=false r.callerUserId=0 foregroundUser=0 r.events=32 events=1024
12-24 17:22:15.199  1125  1608 D TelephonyRegistry: validateEventsAndUserLocked: valid=false r.callerUserId=0 foregroundUser=0 r.events=32 events=1024
12-24 17:22:15.199  1125  1608 D TelephonyRegistry: validateEventsAndUserLocked: valid=false r.callerUserId=0 foregroundUser=0 r.events=8192 events=1024
12-24 17:22:15.199  1125  1608 D TelephonyRegistry: validateEventsAndUserLocked: valid=false r.callerUserId=0 foregroundUser=0 r.events=449 events=1024
12-24 17:22:15.199  1125  1608 D TelephonyRegistry: validateEventsAndUserLocked: valid=false r.callerUserId=0 foregroundUser=0 r.events=32 events=1024
12-24 17:22:15.199  1125  1608 D TelephonyRegistry: validateEventsAndUserLocked: valid=false r.callerUserId=0 foregroundUser=0 r.events=32 events=1024
12-24 17:22:15.199  1125  1608 D TelephonyRegistry: validateEventsAndUserLocked: valid=false r.callerUserId=0 foregroundUser=0 r.events=0 events=1024
12-24 17:22:15.199  1125  1608 D TelephonyRegistry: validateEventsAndUserLocked: valid=false r.callerUserId=0 foregroundUser=0 r.events=1 events=1024
12-24 17:22:15.200  1125  1608 D TelephonyRegistry: validateEventsAndUserLocked: valid=false r.callerUserId=0 foregroundUser=0 r.events=33 events=1024
12-24 17:22:15.200  1125  1608 D TelephonyRegistry: validateEventsAndUserLocked: valid=false r.callerUserId=0 foregroundUser=0 r.events=32 events=1024
12-24 17:22:15.200  1125  1608 D TelephonyRegistry: validateEventsAndUserLocked: valid=false r.callerUserId=0 foregroundUser=0 r.events=0 events=1024
12-24 17:22:15.200  1125  1608 D TelephonyRegistry: validateEventsAndUserLocked: valid=false r.callerUserId=0 foregroundUser=0 r.events=0 events=1024
12-24 17:22:15.200  1125  1608 D TelephonyRegistry: validateEventsAndUserLocked: valid=false r.callerUserId=0 foregroundUser=0 r.events=0 events=1024
12-24 17:22:15.200  1125  1608 D TelephonyRegistry: validateEventsAndUserLocked: valid=false r.callerUserId=0 foregroundUser=0 r.events=0 events=1024
12-24 17:22:15.200  1125  1608 D TelephonyRegistry: validateEventsAndUserLocked: valid=false r.callerUserId=0 foregroundUser=0 r.events=65536 events=1024
12-24 17:22:15.200  1125  1608 D TelephonyRegistry: validateEventsAndUserLocked: valid=false r.callerUserId=0 foregroundUser=0 r.events=0 events=1024
12-24 17:22:15.200  1125  1608 D TelephonyRegistry: validateEventsAndUserLocked: valid=false r.callerUserId=0 foregroundUser=0 r.events=0 events=1024
12-24 17:22:15.200  1125  1608 D TelephonyRegistry: validateEventsAndUserLocked: valid=false r.callerUserId=0 foregroundUser=0 r.events=32 events=1024
12-24 17:22:15.200  1125  1608 D TelephonyRegistry: validateEventsAndUserLocked: valid=false r.callerUserId=0 foregroundUser=0 r.events=0 events=1024
12-24 17:22:15.200  1125  1608 D TelephonyRegistry: validateEventsAndUserLocked: valid=false r.callerUserId=0 foregroundUser=0 r.events=0 events=1024
12-24 17:22:15.200  1125  1608 D TelephonyRegistry: validateEventsAndUserLocked: valid=false r.callerUserId=0 foregroundUser=0 r.events=0 events=1024
12-24 17:22:15.200  1125  1608 D TelephonyRegistry: validateEventsAndUserLocked: valid=false r.callerUserId=0 foregroundUser=0 r.events=65536 events=1024
12-24 17:22:15.200  1125  1608 D TelephonyRegistry: validateEventsAndUserLocked: valid=false r.callerUserId=0 foregroundUser=0 r.events=0 events=1024
12-24 17:22:15.200  1125  1608 D TelephonyRegistry: validateEventsAndUserLocked: valid=false r.callerUserId=0 foregroundUser=0 r.events=1 events=1024
12-24 17:22:15.200  1125  1608 D TelephonyRegistry: validateEventsAndUserLocked: valid=false r.callerUserId=0 foregroundUser=0 r.events=512 events=1024
12-24 17:22:15.201  1125  1608 D TelephonyRegistry: validateEventsAndUserLocked: valid=false r.callerUserId=0 foregroundUser=0 r.events=32 events=1024
12-24 17:22:15.201  1125  1608 D TelephonyRegistry: validateEventsAndUserLocked: valid=false r.callerUserId=0 foregroundUser=0 r.events=32 events=1024
12-24 17:22:15.201  1125  1608 D TelephonyRegistry: validateEventsAndUserLocked: valid=false r.callerUserId=0 foregroundUser=0 r.events=256 events=1024
12-24 17:22:15.201  1125  1608 D TelephonyRegistry: validateEventsAndUserLocked: valid=false r.callerUserId=0 foregroundUser=0 r.events=256 events=1024
12-24 17:22:15.201  1125  1608 D TelephonyRegistry: validateEventsAndUserLocked: valid=false r.callerUserId=0 foregroundUser=0 r.events=256 events=1024
12-24 17:22:15.201  1125  1608 D TelephonyRegistry: validateEventsAndUserLocked: valid=false r.callerUserId=0 foregroundUser=0 r.events=256 events=1024
12-24 17:22:15.201  1125  1608 D TelephonyRegistry: validateEventsAndUserLocked: valid=false r.callerUserId=0 foregroundUser=0 r.events=256 events=1024
12-24 17:22:15.201  1125  1608 D TelephonyRegistry: validateEventsAndUserLocked: valid=false r.callerUserId=0 foregroundUser=0 r.events=256 events=1024
12-24 17:22:15.201  1125  1608 D TelephonyRegistry: validateEventsAndUserLocked: valid=false r.callerUserId=0 foregroundUser=0 r.events=32 events=1024
12-24 17:22:15.201  1125  1608 D TelephonyRegistry: validateEventsAndUserLocked: valid=false r.callerUserId=0 foregroundUser=0 r.events=32 events=1024
12-24 17:22:15.201  1125  1608 D TelephonyRegistry: validateEventsAndUserLocked: valid=false r.callerUserId=0 foregroundUser=0 r.events=32 events=1024
12-24 17:22:15.201  1125  1608 D TelephonyRegistry: validateEventsAndUserLocked: valid=false r.callerUserId=0 foregroundUser=0 r.events=256 events=1024
12-24 17:22:15.201  1125  1608 D TelephonyRegistry: validateEventsAndUserLocked: valid=false r.callerUserId=0 foregroundUser=0 r.events=32 events=1024
12-24 17:22:15.201  1125  1608 D TelephonyRegistry: handleRemoveListLocked: mRemoveList.size()=0
12-24 17:22:15.498   435  1124 I RPC     : RPC-client RX thread after select! - (0)
12-24 17:22:15.498   435  1124 I RPC     : RPC-client RX thread Before select!
12-24 17:22:15.998   435  1124 I RPC     : RPC-client RX thread after select! - (0)
12-24 17:22:15.998   435  1124 I RPC     : RPC-client RX thread Before select!
12-24 17:22:16.499   435  1124 I RPC     : RPC-client RX thread after select! - (0)
12-24 17:22:16.499   435  1124 I RPC     : RPC-client RX thread Before select!
12-24 17:22:17.000   435  1124 I RPC     : RPC-client RX thread after select! - (0)
12-24 17:22:17.000   435  1124 I RPC     : RPC-client RX thread Before select!
12-24 17:22:17.204  1176  1191 I RILC    : NUMBER:1
12-24 17:22:17.204  1176  1191 I RILC    : arg len:14
12-24 17:22:17.204  1176  1191 I RILC    : ARGS[0]:THERMAL,0,-1
12-24 17:22:17.205  1176  1191 D RILC    : C[locl]> QUERY_MODEM_THERMAL
12-24 17:22:17.205  1176  1191 D RILC-MTK: QUERY_MODEM_THERMAL pRI=0x7f8c2178d0 p=0x7f8c2223b0 dispatched to RIL_CMD_PROXY_1
12-24 17:22:17.206  1176  1181 I RILC-MTK: RIL_CMD_PROXY_2 wakeup
12-24 17:22:17.206  1176  1181 I RILC-MTK: RIL_CMD_PROXY_2 sleep
12-24 17:22:17.206  1176  1184 I RILC-MTK: RIL_ATCI_PROXY wakeup
12-24 17:22:17.206  1176  1184 I RILC-MTK: RIL_ATCI_PROXY sleep
12-24 17:22:17.206  1176  1183 I RILC-MTK: RIL_CMD_PROXY_4 wakeup
12-24 17:22:17.206  1176  1183 I RILC-MTK: RIL_CMD_PROXY_4 sleep
12-24 17:22:17.206  1176  1180 I RILC-MTK: RIL_CMD_PROXY_3 wakeup
12-24 17:22:17.206  1176  1180 I RILC-MTK: RIL_CMD_PROXY_3 sleep
12-24 17:22:17.207  1176  1188 I RILC-MTK: RIL_CMD2_PROXY_1 wakeup
12-24 17:22:17.207  1176  1188 I RILC-MTK: RIL_CMD2_PROXY_1 sleep
12-24 17:22:17.207  1176  1185 I RILC-MTK: RIL_URC2_PROXY wakeup
12-24 17:22:17.207  1176  1185 I RILC-MTK: RIL_URC2_PROXY sleep
12-24 17:22:17.207  1176  1186 I RILC-MTK: RIL_CMD2_PROXY_3 wakeup
12-24 17:22:17.207  1176  1186 I RILC-MTK: RIL_CMD2_PROXY_3 sleep
12-24 17:22:17.207  1176  1187 I RILC-MTK: RIL_CMD2_PROXY_2 wakeup
12-24 17:22:17.207  1176  1187 I RILC-MTK: RIL_CMD2_PROXY_2 sleep
12-24 17:22:17.208  1176  1179 I RILC-MTK: RIL_URC_PROXY wakeup
12-24 17:22:17.208  1176  1179 I RILC-MTK: RIL_URC_PROXY sleep
12-24 17:22:17.208  1176  1182 I RILC-MTK: RIL_CMD_PROXY_1 wakeup
12-24 17:22:17.208  1176  1182 D RILC-MTK: proxy id:3, proxyName: RIL_CMD_PROXY_1
12-24 17:22:17.208  1176  1182 D RILC-MTK: QUERY_MODEM_THERMAL pRI=0x7f8c2178d0 p=0x7f8c2223b0 execute on RIL_CMD_PROXY_1 using channel 3
12-24 17:22:17.208  1176  1182 D RILC    : callOnRequest for new vendor ril
12-24 17:22:17.208  1176  1182 D RIL     : onRequest: QUERY_MODEM_THERMAL, datalen = 8
12-24 17:22:17.209  1176  1182 D RIL     : radioState:0
12-24 17:22:17.209  1176  1182 D         : IMS: IMS_isRilRequestFromIms, socket_id = 0 
12-24 17:22:17.209  1176  1182 D RILC    : RequestComplete, RIL_SOCKET_1
12-24 17:22:17.209  1176  1182 D RILC    : [THERMAL] local request for THERMAL returned 
12-24 17:22:17.209  1176  1182 D RILC    : [THERMAL] s_THERMAL_fd is valid strResult is ERROR
12-24 17:22:17.209  1176  1182 D RILC-MTK: proxyLoop free  pRI=0x7f8c2178d0 p=0x7f8c2223b0 
12-24 17:22:17.209  1176  1182 D RILC-MTK: proxyLoop free  pRequest=0x7f8c27bfc0
12-24 17:22:17.210  1176  1182 I RILC-MTK: RIL_CMD_PROXY_1 sleep
12-24 17:22:17.210  1176  1189 I RILC-MTK: RIL_CMD2_PROXY_4 wakeup
12-24 17:22:17.210  1176  1189 I RILC-MTK: RIL_CMD2_PROXY_4 sleep
12-24 17:22:17.210  1176  1190 I RILC-MTK: RIL_ATCI2_PROXY wakeup
12-24 17:22:17.210  1176  1190 I RILC-MTK: RIL_ATCI2_PROXY sleep
12-24 17:22:17.318  1136  1136 D RILMUXD : [gsm0710muxd] 3913:main(): Frames received/dropped: 385/0
12-24 17:22:17.501   435  1124 I RPC     : RPC-client RX thread after select! - (0)
12-24 17:22:17.501   435  1124 I RPC     : RPC-client RX thread Before select!
12-24 17:22:17.883  1713  1713 D DCT     : [1]onReceive: action=android.net.wifi.STATE_CHANGE
12-24 17:22:17.883  1713  1713 D DCT     : [1]NETWORK_STATE_CHANGED_ACTION: mIsWifiConnected=true
12-24 17:22:17.884  1713  1713 D DCT     : [0]onReceive: action=android.net.wifi.STATE_CHANGE
12-24 17:22:17.884  1713  1713 D DCT     : [0]NETWORK_STATE_CHANGED_ACTION: mIsWifiConnected=true
12-24 17:22:17.884  1713  1713 D DCT     : [1]onReceive: action=android.net.wifi.STATE_CHANGE
12-24 17:22:17.884  1713  1713 D DCT     : [1]NETWORK_STATE_CHANGED_ACTION: mIsWifiConnected=false
12-24 17:22:17.884  1713  1713 D DCT     : [0]onReceive: action=android.net.wifi.STATE_CHANGE
12-24 17:22:17.884  1713  1713 D DCT     : [0]NETWORK_STATE_CHANGED_ACTION: mIsWifiConnected=false
12-24 17:22:17.884  1713  1713 D DCT     : [1]onReceive: action=android.net.wifi.STATE_CHANGE
12-24 17:22:17.884  1713  1713 D DCT     : [1]NETWORK_STATE_CHANGED_ACTION: mIsWifiConnected=false
12-24 17:22:17.884  1713  1713 D DCT     : [0]onReceive: action=android.net.wifi.STATE_CHANGE
12-24 17:22:17.885  1713  1713 D DCT     : [0]NETWORK_STATE_CHANGED_ACTION: mIsWifiConnected=false
12-24 17:22:17.885  1713  1713 D SubscriptionController: [getSubId]- sSlotIdxToSubId.size == 0, return DummySubIds slotIdx=1
12-24 17:22:17.885  1713  1713 D SubscriptionController: getDummySubIds: slotIdx=1 return 2 DummySubIds with each subId=-3
12-24 17:22:17.885  1713  1713 D DctController: [TNF -3]new score 0 for exisiting request NetworkRequest [ id=1, legacyType=-1, [ Capabilities: INTERNET&NOT_RESTRICTED&TRUSTED&NOT_VPN] ]
12-24 17:22:17.885  1713  1713 D SubscriptionController: [getSubId]- sSlotIdxToSubId.size == 0, return DummySubIds slotIdx=1
12-24 17:22:17.885  1713  1713 D SubscriptionController: getDummySubIds: slotIdx=1 return 2 DummySubIds with each subId=-3
12-24 17:22:17.885  1713  1713 D DctController: [TNF -3]  my score=50, my filter=[ Transports: CELLULAR Capabilities: MMS&SUPL&DUN&FOTA&IMS&CBS&IA&RCS&XCAP&EIMS&INTERNET&NOT_RESTRICTED&TRUSTED&NOT_VPN&DM&WAP&NET&CMMAIL&TETHERING&RCSE&VSIM Specifier: <-3>]
12-24 17:22:17.885  1713  1713 D SubscriptionController: [getSubId]- sSlotIdxToSubId.size == 0, return DummySubIds slotIdx=1
12-24 17:22:17.885  1713  1713 D SubscriptionController: getDummySubIds: slotIdx=1 return 2 DummySubIds with each subId=-3
12-24 17:22:17.885  1713  1713 D DctController: [TNF -3]evalRequest request = NetworkRequest [ id=1, legacyType=-1, [ Capabilities: INTERNET&NOT_RESTRICTED&TRUSTED&NOT_VPN] ] with requested = false
12-24 17:22:17.885  1713  1713 D SubscriptionController: [getSubId]- sSlotIdxToSubId.size == 0, return DummySubIds slotIdx=1
12-24 17:22:17.885  1713  1713 D SubscriptionController: getDummySubIds: slotIdx=1 return 2 DummySubIds with each subId=-3
12-24 17:22:17.885  1713  1713 D DctController: [TNF -3]  needNetworkFor
12-24 17:22:17.885  1713  1713 D SubscriptionController: [getSubId]- sSlotIdxToSubId.size == 0, return DummySubIds slotIdx=1
12-24 17:22:17.885  1713  1713 D SubscriptionController: getDummySubIds: slotIdx=1 return 2 DummySubIds with each subId=-3
12-24 17:22:17.885  1713  1713 D DctController: [TNF -3]Cellular needs Network for NetworkRequest [ id=1, legacyType=-1, [ Capabilities: INTERNET&NOT_RESTRICTED&TRUSTED&NOT_VPN] ]
12-24 17:22:17.886  1713  1713 D SubscriptionController: [getSubId]- sSlotIdxToSubId.size == 0, return DummySubIds slotIdx=1
12-24 17:22:17.886  1713  1713 D SubscriptionController: getDummySubIds: slotIdx=1 return 2 DummySubIds with each subId=-3
12-24 17:22:17.886  1713  1713 D DctController: [TNF -3]Request not useable, pending request, simInserted = false
12-24 17:22:17.886  1713  1713 D SubscriptionController: [getSubId]- sSlotIdxToSubId.size == 0, return DummySubIds slotIdx=0
12-24 17:22:17.886  1713  1713 D SubscriptionController: getDummySubIds: slotIdx=0 return 2 DummySubIds with each subId=-2
12-24 17:22:17.886  1713  1713 D DctController: [TNF -2]new score 0 for exisiting request NetworkRequest [ id=1, legacyType=-1, [ Capabilities: INTERNET&NOT_RESTRICTED&TRUSTED&NOT_VPN] ]
12-24 17:22:17.886  1713  1713 D SubscriptionController: [getSubId]- sSlotIdxToSubId.size == 0, return DummySubIds slotIdx=0
12-24 17:22:17.886  1713  1713 D SubscriptionController: getDummySubIds: slotIdx=0 return 2 DummySubIds with each subId=-2
12-24 17:22:17.886  1713  1713 D DctController: [TNF -2]  my score=50, my filter=[ Transports: CELLULAR Capabilities: MMS&SUPL&DUN&FOTA&IMS&CBS&IA&RCS&XCAP&EIMS&INTERNET&NOT_RESTRICTED&TRUSTED&NOT_VPN&DM&WAP&NET&CMMAIL&TETHERING&RCSE&VSIM Specifier: <-2>]
12-24 17:22:17.886  1713  1713 D SubscriptionController: [getSubId]- sSlotIdxToSubId.size == 0, return DummySubIds slotIdx=0
12-24 17:22:17.886  1713  1713 D SubscriptionController: getDummySubIds: slotIdx=0 return 2 DummySubIds with each subId=-2
12-24 17:22:17.886  1713  1713 D DctController: [TNF -2]evalRequest request = NetworkRequest [ id=1, legacyType=-1, [ Capabilities: INTERNET&NOT_RESTRICTED&TRUSTED&NOT_VPN] ] with requested = false
12-24 17:22:17.886  1713  1713 D SubscriptionController: [getSubId]- sSlotIdxToSubId.size == 0, return DummySubIds slotIdx=0
12-24 17:22:17.886  1713  1713 D SubscriptionController: getDummySubIds: slotIdx=0 return 2 DummySubIds with each subId=-2
12-24 17:22:17.886  1713  1713 D DctController: [TNF -2]  needNetworkFor
12-24 17:22:17.886  1713  1713 D SubscriptionController: [getSubId]- sSlotIdxToSubId.size == 0, return DummySubIds slotIdx=0
12-24 17:22:17.886  1713  1713 D SubscriptionController: getDummySubIds: slotIdx=0 return 2 DummySubIds with each subId=-2
12-24 17:22:17.886  1713  1713 D DctController: [TNF -2]Cellular needs Network for NetworkRequest [ id=1, legacyType=-1, [ Capabilities: INTERNET&NOT_RESTRICTED&TRUSTED&NOT_VPN] ]
12-24 17:22:17.886  1713  1713 D SubscriptionController: [getSubId]- sSlotIdxToSubId.size == 0, return DummySubIds slotIdx=0
12-24 17:22:17.886  1713  1713 D SubscriptionController: getDummySubIds: slotIdx=0 return 2 DummySubIds with each subId=-2
12-24 17:22:17.886  1713  1713 D DctController: [TNF -2]Request not useable, pending request, simInserted = false
12-24 17:22:17.980  1713  1725 D SubscriptionController: [getActiveSubIdList] simInfoSet=[]
12-24 17:22:17.981  1713  1725 D SubscriptionController: [getActiveSubIdList] X subIdArr.length=0
12-24 17:22:18.001   435  1124 I RPC     : RPC-client RX thread after select! - (0)
12-24 17:22:18.001   435  1124 I RPC     : RPC-client RX thread Before select!
12-24 17:22:18.006  1713  2355 D SubscriptionController: [getActiveSubIdList] simInfoSet=[]
12-24 17:22:18.006  1713  2355 D SubscriptionController: [getActiveSubIdList] X subIdArr.length=0
12-24 17:22:18.034  1713  1817 D SubscriptionController: [getSubId]- sSlotIdxToSubId.size == 0, return DummySubIds slotIdx=0
12-24 17:22:18.034  1713  1817 D SubscriptionController: getDummySubIds: slotIdx=0 return 2 DummySubIds with each subId=-2
12-24 17:22:18.037  1713  1725 D SubscriptionManager: [getPhoneId]- return dummy value, subId = -2
12-24 17:22:18.054  1713  2355 D SubscriptionController: [getSubId]- sSlotIdxToSubId.size == 0, return DummySubIds slotIdx=0
12-24 17:22:18.054  1713  2355 D SubscriptionController: getDummySubIds: slotIdx=0 return 2 DummySubIds with each subId=-2
12-24 17:22:18.064  1713  1713 D DCT     : [1]onReceive: action=android.net.wifi.STATE_CHANGE
12-24 17:22:18.064  1713  1713 D DCT     : [1]NETWORK_STATE_CHANGED_ACTION: mIsWifiConnected=false
12-24 17:22:18.066  1713  1713 D DCT     : [0]onReceive: action=android.net.wifi.STATE_CHANGE
12-24 17:22:18.066  1713  1713 D DCT     : [0]NETWORK_STATE_CHANGED_ACTION: mIsWifiConnected=false
12-24 17:22:18.067  1713  1725 D SubscriptionController: [getPhoneId]- invalid subId = -1 return = -1
12-24 17:22:18.068  1713  1976 D SubscriptionManager: [getPhoneId]- return dummy value, subId = -2
12-24 17:22:18.071  1713  1817 D SubscriptionController: [getSubId]- sSlotIdxToSubId.size == 0, return DummySubIds slotIdx=0
12-24 17:22:18.071  1713  1817 D SubscriptionController: getDummySubIds: slotIdx=0 return 2 DummySubIds with each subId=-2
12-24 17:22:18.072  1713  1724 D SubscriptionManager: [getPhoneId]- return dummy value, subId = -2
12-24 17:22:18.080  1713  2355 D SubscriptionController: [getSubId]- sSlotIdxToSubId.size == 0, return DummySubIds slotIdx=0
12-24 17:22:18.080  1713  2355 D SubscriptionController: getDummySubIds: slotIdx=0 return 2 DummySubIds with each subId=-2
12-24 17:22:18.083  1713  1725 D SubscriptionManager: [getPhoneId]- return dummy value, subId = -2
12-24 17:22:18.085  1713  1713 D DCT     : [1]onReceive: action=android.net.wifi.STATE_CHANGE
12-24 17:22:18.086  1713  1713 D DCT     : [1]NETWORK_STATE_CHANGED_ACTION: mIsWifiConnected=false
12-24 17:22:18.086  1713  1713 D DCT     : [0]onReceive: action=android.net.wifi.STATE_CHANGE
12-24 17:22:18.086  1713  1713 D DCT     : [0]NETWORK_STATE_CHANGED_ACTION: mIsWifiConnected=false
12-24 17:22:18.099  1713  2355 D SubscriptionController: [getSubId]- sSlotIdxToSubId.size == 0, return DummySubIds slotIdx=0
12-24 17:22:18.099  1713  2355 D SubscriptionController: getDummySubIds: slotIdx=0 return 2 DummySubIds with each subId=-2
12-24 17:22:18.100  1713  1976 D SubscriptionManager: [getPhoneId]- return dummy value, subId = -2
12-24 17:22:18.103  1713  1817 D SubscriptionController: [getSubId]- sSlotIdxToSubId.size == 0, return DummySubIds slotIdx=0
12-24 17:22:18.103  1713  1817 D SubscriptionController: getDummySubIds: slotIdx=0 return 2 DummySubIds with each subId=-2
12-24 17:22:18.104  1713  1724 D SubscriptionManager: [getPhoneId]- return dummy value, subId = -2
12-24 17:22:18.187  1713  1725 D SubscriptionController: [getPhoneId]- invalid subId = -1 return = -1
12-24 17:22:18.192  6174  6277 D SubscriptionManager: [getPhoneId]- return dummy value, subId = -1
12-24 17:22:18.192  6174  6277 D TelephonyManager: getTelephonyProperty prop value= ,
12-24 17:22:18.502   435  1124 I RPC     : RPC-client RX thread after select! - (0)
12-24 17:22:18.503   435  1124 I RPC     : RPC-client RX thread Before select!
12-24 17:22:19.003   435  1124 I RPC     : RPC-client RX thread after select! - (0)
12-24 17:22:19.003   435  1124 I RPC     : RPC-client RX thread Before select!
12-24 17:22:19.504   435  1124 I RPC     : RPC-client RX thread after select! - (0)
12-24 17:22:19.504   435  1124 I RPC     : RPC-client RX thread Before select!
12-24 17:22:19.616  1713  1724 D SubscriptionController: [getSubId]- sSlotIdxToSubId.size == 0, return DummySubIds slotIdx=0
12-24 17:22:19.617  1713  1724 D SubscriptionController: getDummySubIds: slotIdx=0 return 2 DummySubIds with each subId=-2
12-24 17:22:19.618  1713  1725 D SubscriptionManager: [getPhoneId]- return dummy value, subId = -2
12-24 17:22:19.641  1713  1817 D SubscriptionController: [getSubId]- sSlotIdxToSubId.size == 0, return DummySubIds slotIdx=0
12-24 17:22:19.641  1713  1817 D SubscriptionController: getDummySubIds: slotIdx=0 return 2 DummySubIds with each subId=-2
12-24 17:22:19.642  1713  1976 D SubscriptionManager: [getPhoneId]- return dummy value, subId = -2
12-24 17:22:19.644  1713  2355 D SubscriptionController: [getSubId]- sSlotIdxToSubId.size == 0, return DummySubIds slotIdx=0
12-24 17:22:19.644  1713  2355 D SubscriptionController: getDummySubIds: slotIdx=0 return 2 DummySubIds with each subId=-2
12-24 17:22:19.645  1713  1724 D SubscriptionManager: [getPhoneId]- return dummy value, subId = -2
12-24 17:22:19.648  1713  1725 D SubscriptionController: [getSubId]- sSlotIdxToSubId.size == 0, return DummySubIds slotIdx=0
12-24 17:22:19.649  1713  1725 D SubscriptionController: getDummySubIds: slotIdx=0 return 2 DummySubIds with each subId=-2
12-24 17:22:19.649  1713  1817 D SubscriptionManager: [getPhoneId]- return dummy value, subId = -2
12-24 17:22:19.656  1713  1976 D SubscriptionController: [getSubId]- sSlotIdxToSubId.size == 0, return DummySubIds slotIdx=0
12-24 17:22:19.656  1713  1976 D SubscriptionController: getDummySubIds: slotIdx=0 return 2 DummySubIds with each subId=-2
12-24 17:22:19.657  1713  2355 D SubscriptionManager: [getPhoneId]- return dummy value, subId = -2
12-24 17:22:19.663  1713  1724 D SubscriptionController: [getSubId]- sSlotIdxToSubId.size == 0, return DummySubIds slotIdx=0
12-24 17:22:19.663  1713  1724 D SubscriptionController: getDummySubIds: slotIdx=0 return 2 DummySubIds with each subId=-2
12-24 17:22:19.664  1713  1725 D SubscriptionManager: [getPhoneId]- return dummy value, subId = -2
12-24 17:22:19.682  1713  1817 D SubscriptionController: [getSubId]- sSlotIdxToSubId.size == 0, return DummySubIds slotIdx=0
12-24 17:22:19.682  1713  1817 D SubscriptionController: getDummySubIds: slotIdx=0 return 2 DummySubIds with each subId=-2
12-24 17:22:19.683  1713  1976 D SubscriptionManager: [getPhoneId]- return dummy value, subId = -2
12-24 17:22:19.685  1713  2355 D SubscriptionController: [getSubId]- sSlotIdxToSubId.size == 0, return DummySubIds slotIdx=0
12-24 17:22:19.685  1713  2355 D SubscriptionController: getDummySubIds: slotIdx=0 return 2 DummySubIds with each subId=-2
12-24 17:22:19.686  1713  1724 D SubscriptionManager: [getPhoneId]- return dummy value, subId = -2
12-24 17:22:19.692  1713  1725 D SubscriptionController: [getSubId]- sSlotIdxToSubId.size == 0, return DummySubIds slotIdx=0
12-24 17:22:19.692  1713  1725 D SubscriptionController: getDummySubIds: slotIdx=0 return 2 DummySubIds with each subId=-2
12-24 17:22:19.693  1713  1817 D SubscriptionManager: [getPhoneId]- return dummy value, subId = -2
12-24 17:22:19.697  1713  1976 D SubscriptionController: [getSubId]- sSlotIdxToSubId.size == 0, return DummySubIds slotIdx=0
12-24 17:22:19.697  1713  1976 D SubscriptionController: getDummySubIds: slotIdx=0 return 2 DummySubIds with each subId=-2
12-24 17:22:19.699  1713  2355 D SubscriptionManager: [getPhoneId]- return dummy value, subId = -2
12-24 17:22:19.701  1713  1724 D SubscriptionController: [getSubId]- sSlotIdxToSubId.size == 0, return DummySubIds slotIdx=0
12-24 17:22:19.702  1713  1724 D SubscriptionController: getDummySubIds: slotIdx=0 return 2 DummySubIds with each subId=-2
12-24 17:22:19.704  1713  1725 D SubscriptionManager: [getPhoneId]- return dummy value, subId = -2
